INIT LOG
㉛㈰ⴶ㌰㈭‹㄰㈺㨶㜱㠮ㄶ㈶崱嬠䑉携敢晦㘴ⵦ㝣捦㐭晢ⴸ攸㙣㤭㥤戸㝣㜳㠷崹吠歯湥瀠敲敳瑮戠瑵攠瑸慲瑣潩⁮慦汩摥‮牅潲㩲匠杩慮畴敲栠獡攠灸物摥਍㉛㈰ⴶ㌰㈭‹㄰㈺㨶㜱㠮㐷㐱崲嬠䑉昺㠷㤹〰ⴵ挴敡㐭㔱ⴲ㠹〳㐭㥥散㑤㉣㙤崴吠歯湥瀠敲敳瑮戠瑵攠瑸慲瑣潩⁮慦汩摥‮牅潲㩲匠杩慮畴敲栠獡攠灸物摥਍㉛㈰ⴶ㌰㈭‹㄰㈺㨶㜱㠮㘷㐱崱嬠䑉㜺㙤㑥㐷ⵥ㜷㈲㐭搶ⴷ㈸㌹昭つ㜴㔶㠳㐳崹吠歯湥瀠敲敳瑮戠瑵攠瑸慲瑣潩⁮慦汩摥‮牅潲㩲匠杩慮畴敲栠獡攠灸物摥਍㉛㈰ⴶ㌰㈭‹㄰㈺㨶㜱㤮ㄷ㔷崰嬠䑉ㄺ㥤攲昴ⵣ㑦㉡㐭慣ⴷ㥢㐳昭㤲㤹愶戵扢崱吠歯湥瀠敲敳瑮戠瑵攠瑸慲瑣潩⁮慦汩摥‮牅潲㩲匠杩慮畴敲栠獡攠灸物摥਍㉛㈰ⴶ㌰㈭‹㄰㈺㨸〳ㄮ㤴㜸崸嬠䑉㐺〳ㄳ〸ⵣ摦敢㐭愲ⴵ㡡㑣㐭ㄹ愷㐱搱换嵥吠歯湥瀠敲敳瑮戠瑵攠瑸慲瑣潩⁮慦汩摥‮牅潲㩲匠杩慮畴敲栠獡攠灸物摥਍㉛㈰ⴶ㌰㈭‹㄰㈺㨸〳ㄮ㐹ㄹ崰嬠䑉携㘳ㅢ慣ⴴ搸㜰㐭慦ⵡ㙡ㅡ㘭㕤づ愷攴㘵嵡吠歯湥瀠敲敳瑮戠瑵攠瑸慲瑣潩⁮慦汩摥‮牅潲㩲匠杩慮畴敲栠獡攠灸物摥਍㉛㈰ⴶ㌰㈭‹㄰㈺㨸㤳㜮㔶㌸崹嬠䑉㤺㘶摥㑡ⴸ㌲㑤㐭㌴ⵦ戸㘴戭㠳㠶㥥㌰捡崱吠歯湥瀠敲敳瑮戠瑵攠瑸慲瑣潩⁮慦汩摥‮牅潲㩲匠杩慮畴敲栠獡攠灸物摥਍㉛㈰ⴶ㌰㈭‹㄰㈺㨸㤳㜮㌷㔳崸嬠䑉挺㡥慥㡥ⵡ㙣晥㐭㌶ⴶ㍢㕣搭㐵愵㈷挳攱崶吠歯湥瀠敲敳瑮戠瑵攠瑸慲瑣潩⁮慦汩摥‮牅潲㩲匠杩慮畴敲栠獡攠灸物摥਍㉛㈰ⴶ㌰㈭‹㄰㈺㨸㤳㠮㔰㠳崰嬠䑉㐺慤っっⵢ㡥〴㐭㥤ⴳ㉢㈲ㄭㄱ㙡㘲㜵扢嵡吠歯湥瀠敲敳瑮戠瑵攠瑸慲瑣潩⁮慦汩摥‮牅潲㩲匠杩慮畴敲栠獡攠灸物摥਍㉛㈰ⴶ㌰㈭‹㄰㈺㨸㤳㠮㐹㐹崹嬠䑉携㔳ㄱㄴⴸ㝦㐳㐭慢ⴵ扢㈴戭㉢㔱戵㘶改崳吠歯湥瀠敲敳瑮戠瑵攠瑸慲瑣潩⁮慦汩摥‮牅潲㩲匠杩慮畴敲栠獡攠灸物摥਍㉛㈰ⴶ㌰㈭‹㄰㈺㨸ㄵ㔮㜳〸崱嬠䑉愺扡㉥㈸ⴴ搱搶㐭㍢ⵡ㙢ㄴ㌭㠶〵㉡㕦摤崷吠歯湥瀠敲敳瑮戠瑵攠瑸慲瑣潩⁮慦汩摥‮牅潲㩲匠杩慮畴敲栠獡攠灸物摥਍㉛㈰ⴶ㌰㈭‹㄰㈺㨹〰〮ㄵㄱ崱嬠䑉ㄺ挸㡥㤳ⴶ㈷㌶㐭㝥ⴸ㜸搷挭㘲㘴敤㜷挴嵢吠歯湥瀠敲敳瑮戠瑵攠瑸慲瑣潩⁮慦汩摥‮牅潲㩲匠杩慮畴敲栠獡攠灸物摥਍㉛㈰ⴶ㌰㈭‹㄰㈺㨹㤰㘮㤴㜰崱嬠䑉㤺㘰㔱㍡ⵡっ㈸㐭攷ⴹ㌸ㅤ昭挳㠸㑡㌷っ崷吠歯湥瀠敲敳瑮戠瑵攠瑸慲瑣潩⁮慦汩摥‮牅潲㩲匠杩慮畴敲栠獡攠灸物摥਍㉛㈰ⴶ㌰㈭‹㄰㈺㨹㤰㘮㤵㜰崷嬠䑉ㄺ搲㡤㐷ⴶ慥愱㐭㥢ⵢ㝡搸攭搰挹〱㝤㌰嵥吠歯湥瀠敲敳瑮戠瑵攠瑸慲瑣潩⁮慦汩摥‮牅潲㩲匠杩慮畴敲栠獡攠灸物摥਍㉛㈰ⴶ㌰㈭‹㄰㈺㨹㤰㘮〶㜰崷嬠䑉㘺〷摡昴ⵤ挱慦㐭㤳ⵡ捡愳㘭昸ㄵ戲㐸㌴崹吠歯湥瀠敲敳瑮戠瑵攠瑸慲瑣潩⁮慦汩摥‮牅潲㩲匠杩慮畴敲栠獡攠灸物摥਍㉛㈰ⴶ㌰㈭‹㄰㈺㨹㤰㘮㔶㠰崶嬠䑉㐺〹扣㐰ⴶ慤扡㐭㉣ⴳ愸改戭扣ㄸ㡦㥥㥦崱吠歯湥瀠敲敳瑮戠瑵攠瑸慲瑣潩⁮慦汩摥‮牅潲㩲匠杩慮畴敲栠獡攠灸物摥਍㉛㈰ⴶ㌰㈭‹㄰㈺㨹㤰㘮㤶㠰崳嬠䑉㠺㐹㝥㑣ⵥ㤹戴㐭搱ⴳ戹ㄱ愭㡢戶㘸㐶㐲崵吠歯湥瀠敲敳瑮戠瑵攠瑸慲瑣潩⁮慦汩摥‮牅潲㩲匠杩慮畴敲栠獡攠灸物摥਍㉛㈰ⴶ㌰㈭‹㄰㈺㨹㤰㜮㠴㘶崰嬠䑉攺攰㐴㥣ⴶ晥㥦㐭㘸ⴸ扡㌵ㄭ搵㤰㔶攸㈵崸吠歯湥瀠敲敳瑮戠瑵攠瑸慲瑣潩⁮慦汩摥‮牅潲㩲匠杩慮畴敲栠獡攠灸物摥਍㉛㈰ⴶ㌰㈭‹㄰㈺㨹㤰㜮ㄸ㘶崰嬠䑉携〹㐱愳ⴳ㤸㐶㐭㈳ⴱぢ㕥愭〸搸㤶搳挲嵡吠歯湥瀠敲敳瑮戠瑵攠瑸慲瑣潩⁮慦汩摥‮牅潲㩲匠杩慮畴敲栠獡攠灸物摥਍㉛㈰ⴶ㌰㈭‹㄰㈺㨹㤰㜮㌸㜶崲嬠䑉〺㉤㍡挹ⴴ昵㈴㐭ㄶⴵ㥡㔵㠭㔹㈵㜷㈴扢崰吠歯湥瀠敲敳瑮戠瑵攠瑸慲瑣潩⁮慦汩摥‮牅潲㩲匠杩慮畴敲栠獡攠灸物摥਍㉛㈰ⴶ㌰㈭‹㄰㈺㨹㘱㔮㔲㌷崳嬠䑉戺〹捥户ⴱㄱ㔴㐭昲ⴳ㡡㕢㤭㉦㠵㍡戲㐱崶吠歯湥瀠敲敳瑮戠瑵攠瑸慲瑣潩⁮慦汩摥‮牅潲㩲匠杩慮畴敲栠獡攠灸物摥਍㉛㈰ⴶ㌰㈭‹㄰㈺㨹〴㠮㠹㐳崵嬠䑉㌺ㅤ换㈰ⴱ愵搸㐭㉥ⴵ愹愱㔭㠳愱搷㍢捤崶吠歯湥瀠敲敳瑮戠瑵攠瑸慲瑣潩⁮慦汩摥‮牅潲㩲匠杩慮畴敲栠獡攠灸物摥਍㉛㈰ⴶ㌰㈭‹㄰㈺㨹〴㤮㄰㔳崲嬠䑉攺ㅤ㝥摣ⴲ㝣㡤㐭攱ⴵ攸㡣㔭晤〸づ收愳嵡吠歯湥瀠敲敳瑮戠瑵攠瑸慲瑣潩⁮慦汩摥‮牅潲㩲匠杩慮畴敲栠獡攠灸物摥਍㉛㈰ⴶ㌰㈭‹㄰㈺㨹〴㤮㌰㐳崸嬠䑉㤺收愱㐵ⴶ搰〸㐭㈱ⴶㄹ晢㤭晥㕦㘳昵㡣崳吠歯湥瀠敲敳瑮戠瑵攠瑸慲瑣潩⁮慦汩摥‮牅潲㩲匠杩慮畴敲栠獡攠灸物摥਍㉛㈰ⴶ㌰㈭‹㄰㈺㨹ㄴ㈮㐸㠵崳嬠䑉携捥㌸扣ⴷ㙦换㐭㔷ⵦ㉡戶㐭㠶戲㌳昶敢崴吠歯湥瀠敲敳瑮戠瑵攠瑸慲瑣潩⁮慦汩摥‮牅潲㩲匠杩慮畴敲栠獡攠灸物摥਍㉛㈰ⴶ㌰㈭‹㄰㈺㨹㜴㐮㠸㐶崱嬠䑉ㄺㄲ愱挲ⴵ㥣㙥㐭敢ⴹ〸㤲㜭搵㕥扥攱㔸崱吠歯湥瀠敲敳瑮戠瑵攠瑸慲瑣潩⁮慦汩摥‮牅潲㩲匠杩慮畴敲栠獡攠灸物摥਍㉛㈰ⴶ㌰㈭‹㄰㌺㨱㈳㌮㤷㈵崸嬠䑉昺㉡戱㤷ⵥ攷㐰㐭扦ⵢ摢㐲㐭㥣慣摣ㄸ㕤崳吠歯湥瀠敲敳瑮戠瑵攠瑸慲瑣潩⁮慦汩摥‮牅潲㩲匠杩慮畴敲栠獡攠灸物摥਍㉛㈰ⴶ㌰㈭‹㄰㌺㨱㈳㤮㈴〷崵嬠䑉愺㐹㜹㠱ⴵ㠵㝡㐭〷ⴸ㝡愳㤭捤㝦捦㥡搶嵥吠歯湥瀠敲敳瑮戠瑵攠瑸慲瑣潩⁮慦汩摥‮牅潲㩲匠杩慮畴敲栠獡攠灸物摥਍㉛㈰ⴶ㌰㈭‹㄰㌺㨱㈳㤮ㄶ㌲崹嬠䑉愺摤搹㍦ⴴ㉣㑢㐭㠳ⴷ晡〶㤭搲摡㐰㈱㑤嵥吠歯湥瀠敲敳瑮戠瑵攠瑸慲瑣潩⁮慦汩摥‮牅潲㩲匠杩慮畴敲栠獡攠灸物摥਍㉛㈰ⴶ㌰㈭‹㄰㌺㨱㈳㤮㈶㌲崸嬠䑉㈺㤹㡣戲ⴴ㠶扤㐭昹ⵣ晡ㄲ㤭㐴愰㐲㌴㙣崶吠歯湥瀠敲敳瑮戠瑵攠瑸慲瑣潩⁮慦汩摥‮牅潲㩲匠杩慮畴敲栠獡攠灸物摥਍㉛㈰ⴶ㌰㈭‹㄰㌺㨱㌳㐮㐵㄰崷嬠䑉㘺㘴㜱㈷ⴳ换㤹㐭㐰ⴸ扢ㅥ㜭㙣㡣㙢㉤㤲嵥吠歯湥瀠敲敳瑮戠瑵攠瑸慲瑣潩⁮慦汩摥‮牅潲㩲匠杩慮畴敲栠獡攠灸物摥਍㉛㈰ⴶ㌰㈭‹㄰㌺㨱㌳㐮㜵㈰崴嬠䑉昺㠷㝤㠲ⴱ捦㌵㐭㠴ⴵ愹㙣㠭〷㜶戵㕥昱崳吠歯湥瀠敲敳瑮戠瑵攠瑸慲瑣潩⁮慦汩摥‮牅潲㩲匠杩慮畴敲栠獡攠灸物摥਍㉛㈰ⴶ㌰㈭‹㄰㌺㨱㌳㐮㠵㈰崳嬠䑉㈺㙤㡡〷ⴰ㤳㐰㐭㔰ⴹ挹㐰搭㤹㐱㕣㤹慤嵡吠歯湥瀠敲敳瑮戠瑵攠瑸慲瑣潩⁮慦汩摥‮牅潲㩲匠杩慮畴敲栠獡攠灸物摥਍㉛㈰ⴶ㌰㈭‹㄰㌺㨱㜳㔮㔱㐴崹嬠䑉㤺㠱户搳ⴷ㠳攵㐭㜹ⴱ〸挱㐭ぢ㈹づ㕣㤰崴吠歯湥瀠敲敳瑮戠瑵攠瑸慲瑣潩⁮慦汩摥‮牅潲㩲匠杩慮畴敲栠獡攠灸物摥਍㉛㈰ⴶ㌰㈭‹㄰㌺㨱㠳〮〲㐵崹嬠䑉ㄺ挶挴㈲ⴶ㘲㥥㐭㑦ⴸ㔸㜶攭㝡捣搸㌶㑣崴吠歯湥瀠敲敳瑮戠瑵攠瑸慲瑣潩⁮慦汩摥‮牅潲㩲匠杩慮畴敲栠獡攠灸物摥਍㉛㈰ⴶ㌰㈭‹㄰㌺㨱㠳〮㐲㔵崲嬠䑉㘺㉥㝦㘳ⴹ愳㐳㐭㔰ⴱ㡡戹搭㐵㉢〲昸㘸崴吠歯湥瀠敲敳瑮戠瑵攠瑸慲瑣潩⁮慦汩摥‮牅潲㩲匠杩慮畴敲栠獡攠灸物摥਍㉛㈰ⴶ㌰㈭‹㄰㌺㨱㠳〮㤲㐵崸嬠䑉㜺㐹㘸㝢ⴹ愰〰㐭ㄲⴵ搸攰㔭ㄲㄳㄳ慤㉥嵦吠歯湥瀠敲敳瑮戠瑵攠瑸慲瑣潩⁮慦汩摥‮牅潲㩲匠杩慮畴敲栠獡攠灸物摥਍㉛㈰ⴶ㌰㈭‹㄰㌺㨱㠳ㄮ㘵㈱崲嬠䑉㤺㜰㥤〲ⵥ搴愵㐭ㅢⵤぢ㙢㐭挸昸㌴㉡㐰崴吠歯湥瀠敲敳瑮戠瑵攠瑸慲瑣潩⁮慦汩摥‮牅潲㩲匠杩慮畴敲栠獡攠灸物摥਍㉛㈰ⴶ㌰㈭‹㄰㌺㨱㠳ㄮ〶㈱崰嬠䑉㌺㙥㤶晦ⴲ㘹㠳㐭㝤ⴶ㡢て㠭捥㈷ぢ㤸㔶崶吠歯湥瀠敲敳瑮戠瑵攠瑸慲瑣潩⁮慦汩摥‮牅潲㩲匠杩慮畴敲栠獡攠灸物摥਍㉛㈰ⴶ㌰㈭‹㄰㌺㨱㠳ㄮ㈶㈱崱嬠䑉ㄺ㈷摥〷ⴶ㌴昵㐭㐰ⴸ愹㈵㔭㠵搷㈶〴㌹崷吠歯湥瀠敲敳瑮戠瑵攠瑸慲瑣潩⁮慦汩摥‮牅潲㩲匠杩慮畴敲栠獡攠灸物摥਍㉛㈰ⴶ㌰㈭‹㄰㌺㨱ㄴ㘮㘵㤵崳嬠䑉㘺敡㝣㥢ⵦ㜵ㄶ㐭〸ⵡ㥡挴ㄭ戶㜰昵㤸ㄱ嵣吠歯湥瀠敲敳瑮戠瑵攠瑸慲瑣潩⁮慦汩摥‮牅潲㩲匠杩慮畴敲栠獡攠灸物摥਍㉛㈰ⴶ㌰㈭‹㄰㌺㨱ㄴ㘮〶㤵崷嬠䑉戺攳捣户ⵡㄲ㕡㐭㐳ⴲ㔸㍣㠭㔹挹㠱㔶ㄲ崶吠歯湥瀠敲敳瑮戠瑵攠瑸慲瑣潩⁮慦汩摥‮牅潲㩲匠杩慮畴敲栠獡攠灸物摥਍㉛㈰ⴶ㌰㈭‹㄰㌺㨱ㄴ㘮㐶㠵崴嬠䑉㌺づ㈳㡥ⴸ扡ㄹ㐭㈵ⴰ晡晦戭㕥㈶㔰㕢㝥嵦吠歯湥瀠敲敳瑮戠瑵攠瑸慲瑣潩⁮慦汩摥‮牅潲㩲匠杩慮畴敲栠獡攠灸物摥਍㉛㈰ⴶ㌰㈭‹㄰㌺㨱㐴〮㄰〰崹嬠䑉㘺㙣㌲昵ⴳ㐱昷㐭㤳ⴴ㑡㌲戭戰㜳㉢㕥扦崶吠歯湥瀠敲敳瑮戠瑵攠瑸慲瑣潩⁮慦汩摥‮牅潲㩲匠杩慮畴敲栠獡攠灸物摥਍㉛㈰ⴶ㌰㈭‹㄰㌺㨱㐴㘮㜶㠴崴嬠䑉愺昹昷づⵡ敥捡㐭昶ⵡ昸ㅥ戭〱捣〴捥昱崲吠歯湥瀠敲敳瑮戠瑵攠瑸慲瑣潩⁮慦汩摥‮牅潲㩲匠杩慮畴敲栠獡攠灸物摥਍㉛㈰ⴶ㌰㈭‹㄰㌺㨲㌲㐮㐹〹崰嬠䑉挺㌶ㄵ㡤ⵡち㐳㐭晦ⴰㄸ晢挭㜵搹㜰㕦㕡崴吠歯湥瀠敲敳瑮戠瑵攠瑸慲瑣潩⁮慦汩摥‮牅潲㩲匠杩慮畴敲栠獡攠灸物摥਍㉛㈰ⴶ㌰㈭‹㄰㌺㨲㌲㐮㘹〹崲嬠䑉㐺挱㕥㜹ⴹ捤㑢㐭㘱ⵢ㡡戳攭㡣ㅢ攳㘷㌰崲吠歯湥瀠敲敳瑮戠瑵攠瑸慲瑣潩⁮慦汩摥‮牅潲㩲匠杩慮畴敲栠獡攠灸物摥਍㉛㈰ⴶ㌰㈭‹㄰㌺㨲㌲㐮㠹〹崰嬠䑉㤺㥡㠴㐳ⵢ㜵戹㐭㠶ⴴぢ㘹挭㌴㤱㑥㉥㔰崳吠歯湥瀠敲敳瑮戠瑵攠瑸慲瑣潩⁮慦汩摥‮牅潲㩲匠杩慮畴敲栠獡攠灸物摥਍㉛㈰ⴶ㌰㈭‹㄰㌺㨲㌲㐮㤹㤸崸嬠䑉㘺㌹㈳户ⴰ㑦扢㐭摥ⴸ㕡戰㐭㍡〰㑦扤㔶崵吠歯湥瀠敲敳瑮戠瑵攠瑸慲瑣潩⁮慦汩摥‮牅潲㩲匠杩慮畴敲栠獡攠灸物摥਍㉛㈰ⴶ㌰㈭‹㄰㌺㨲㌲㔮㄰〹崱嬠䑉㠺㡡敡㉤ⵡ攰㔹㐭ㅥⴶ㍢昰㤭㘲〳昷挹㤲崹吠歯湥瀠敲敳瑮戠瑵攠瑸慲瑣潩⁮慦汩摥‮牅潲㩲匠杩慮畴敲栠獡攠灸物摥਍㉛㈰ⴶ㌰㈭‹㄰㌺㨲㌲㔮㐰㤸崷嬠䑉携ち攵㜱ⴱ晤愷㐭昹ⵥ㕡㈷ㄭ㔷ㄷ攸㤴㘲崵吠歯湥瀠敲敳瑮戠瑵攠瑸慲瑣潩⁮慦汩摥‮牅潲㩲匠杩慮畴敲栠獡攠灸物摥਍㉛㈰ⴶ㌰㈭‹㄰㌺㨲㌲㔮㔰㤸崸嬠䑉ㄺ摣㤰敡ⴹ㐰㌴㐭㤸ⴱ改㝤搭つ㜸ㅤ㈰慥崲吠歯湥瀠敲敳瑮戠瑵攠瑸慲瑣潩⁮慦汩摥‮牅潲㩲匠杩慮畴敲栠獡攠灸物摥਍㉛㈰ⴶ㌰㈭‹㄰㌺㨳㘱㠮㜶㔷崴嬠䑉昺㥣愳っⴳ昱㕡㐭搹ⵤ晡㍢挭㘲散㜸挵戸嵦吠歯湥瀠敲敳瑮戠瑵攠瑸慲瑣潩⁮慦汩摥‮牅潲㩲匠杩慮畴敲栠獡攠灸物摥਍㉛㈰ⴶ㌰㈭‹㄰㌺㨳㜱㐮㠰㘹崹嬠䑉昺㠷挱扡ⴵ慡㐶㐭挵ⵡ㍡㌵㜭改㔵愶愲昳崶吠歯湥瀠敲敳瑮戠瑵攠瑸慲瑣潩⁮慦汩摥‮牅潲㩲匠杩慮畴敲栠獡攠灸物摥਍㉛㈰ⴶ㌰㈭‹㄰㌺㨳㜱㔮〱㠵崰嬠䑉戺愹㉥㈰ⴴ㐲敡㐭㙥ⵡ慡㍤戭晢㈵摡㔵攴崶吠歯湥瀠敲敳瑮戠瑵攠瑸慲瑣潩⁮慦汩摥‮牅潲㩲匠杩慮畴敲栠獡攠灸物摥਍㉛㈰ⴶ㌰㈭‹㄰㌺㨳㌲㜮㔱㜵崵嬠䑉㘺户散㌶ⴴ㈵㘵㐭挷ⵣ昹㤵〭扤摣㕥㙥愴崷吠歯湥瀠敲敳瑮戠瑵攠瑸慲瑣潩⁮慦汩摥‮牅潲㩲匠杩慮畴敲栠獡攠灸物摥਍㉛㈰ⴶ㌰㈭‹㄰㌺㨳㈵㈮㐰㜴崷嬠䑉㔺㥥散〵ⴸ敥敡㐭挵ⵥち昷愭㝡㜰攲㙣㐵嵣吠歯湥瀠敲敳瑮戠瑵攠瑸慲瑣潩⁮慦汩摥‮牅潲㩲匠杩慮畴敲栠獡攠灸物摥਍㉛㈰ⴶ㌰㈭‹㄰㌺㨳㈵㈮㔰㠴崶嬠䑉〺㕢㑡㐳ⴴ㐶愶㐭搱ⵤ㈹摤㈭㌰愶㔹捤攰崲吠歯湥瀠敲敳瑮戠瑵攠瑸慲瑣潩⁮慦汩摥‮牅潲㩲匠杩慮畴敲栠獡攠灸物摥਍㉛㈰ⴶ㌰㈭‹㄰㌺㨳㈵㈮㠰㠴崶嬠䑉㤺㤸㐸ㅥⵡ㐳㌳㐭㡦ⴸ挸扢㤭〴㘷ㄳ㜵㝤崳吠歯湥瀠敲敳瑮戠瑵攠瑸慲瑣潩⁮慦汩摥‮牅潲㩲匠杩慮畴敲栠獡攠灸物摥਍㉛㈰ⴶ㌰㈭‹㄰㌺㨳㈵㠮㌱㔶崸嬠䑉㐺愷戸㐸ⵡㄳ㉦㐭㙢ⴵ㘸㝣戭慢㕤ㄸ攸㈸嵦吠歯湥瀠敲敳瑮戠瑵攠瑸慲瑣潩⁮慦汩摥‮牅潲㩲匠杩慮畴敲栠獡攠灸物摥਍㉛㈰ⴶ㌰㈭‹㄰㌺㨶㜰㘮㐶㌲崰嬠䑉愺扥㠸㠹ⴰ㜴㉡㐭㐵ⵤ㡢㤹㜭扣摦㥡㘹㜳崴䔠剒›㈴㨹吠潯洠湡⁹敲畱獥獴‮慍楸畭⁭〶爠煥敵瑳⁳数⁲業畮整愠汬睯摥മ ⬠䔠捸灥楴湯䜠潲灵吠慲散慢正⠠潭瑳爠捥湥⁴慣汬氠獡⥴ഺ 簠†䘠汩⁥䌢尺獕牥屳整档屡灁䑰瑡屡潌慣屬牐杯慲獭停瑹潨屮祐桴湯ㄳ尲楌屢楳整瀭捡慫敧屳瑳牡敬瑴履畟楴獬瀮≹‬楬敮㠠ⰷ椠⁮潣汬灡敳敟捸牧畯獰਍†⁼††楹汥൤ 簠†䘠汩⁥䌢尺獕牥屳整档屡灁䑰瑡屡潌慣屬牐杯慲獭停瑹潨屮祐桴湯ㄳ尲楌屢楳整瀭捡慫敧屳瑳牡敬瑴履業摤敬慷敲扜獡⹥祰Ⱒ氠湩⁥㤱ⰰ椠⁮彟慣汬彟਍†⁼††獡湹⁣楷桴愠祮潩挮敲瑡彥慴歳束潲灵⤨愠⁳慴歳束潲灵ഺ 簠†䘠汩⁥䌢尺獕牥屳整档屡灁䑰瑡屡潌慣屬牐杯慲獭停瑹潨屮祐桴湯ㄳ尲楌屢楳整瀭捡慫敧屳湡楹屯扟捡敫摮屳慟祳据潩瀮≹‬楬敮㘠㠷‬湩张慟硥瑩彟਍†⁼††慲獩⁥慂敳硅散瑰潩䝮潲灵ന 簠䔠捸灥楴湯片畯㩰甠桮湡汤摥攠牲牯⁳湩愠吠獡䝫潲灵⠠‱畳ⵢ硥散瑰潩⥮਍†⴫⴫ⴭⴭⴭⴭⴭⴭⴭ‭‱ⴭⴭⴭⴭⴭⴭⴭⴭ਍††⁼牔捡扥捡⁫洨獯⁴敲散瑮挠污⁬慬瑳㨩਍††⁼†楆敬∠㩃啜敳獲瑜捥慨䅜灰慄慴䱜捯污停潲牧浡屳祐桴湯停瑹潨㍮㈱䱜扩獜瑩ⵥ慰正条獥獜慴汲瑥整浜摩汤睥牡履牥潲獲瀮≹‬楬敮ㄠ㐶‬湩张损污彬ൟ †簠††愠慷瑩猠汥⹦灡⡰捳灯ⱥ爠捥楥敶‬獟湥⥤਍††⁼†楆敬∠㩃啜敳獲瑜捥慨䅜灰慄慴䱜捯污停潲牧浡屳祐桴湯停瑹潨㍮㈱䱜扩獜瑩ⵥ慰正条獥獜慴汲瑥整浜摩汤睥牡履慢敳瀮≹‬楬敮ㄠ㤸‬湩张损污彬ൟ †簠††眠瑩⁨潣汬灡敳敟捸牧畯獰⤨ഺ †簠†䘠汩⁥䌢尺獕牥屳整档屡灁䑰瑡屡潌慣屬牐杯慲獭停瑹潨屮祐桴湯ㄳ尲楌屢潣瑮硥汴扩瀮≹‬楬敮ㄠ㠵‬湩张敟楸彴ൟ †簠††猠汥⹦敧⹮桴潲⡷慶畬⥥਍††⁼†楆敬∠㩃啜敳獲瑜捥慨䅜灰慄慴䱜捯污停潲牧浡屳祐桴湯停瑹潨㍮㈱䱜扩獜瑩ⵥ慰正条獥獜慴汲瑥整彜瑵汩⹳祰Ⱒ氠湩⁥㌹‬湩挠汯慬獰彥硥杣潲灵൳ †簠††爠楡敳攠捸਍††⁼†楆敬∠㩃啜敳獲瑜捥慨䅜灰慄慴䱜捯污停潲牧浡屳祐桴湯停瑹潨㍮㈱䱜扩獜瑩ⵥ慰正条獥獜慴汲瑥整浜摩汤睥牡履慢敳瀮≹‬楬敮ㄠㄹ‬湩张损污彬ൟ †簠††爠獥潰獮⁥‽睡楡⁴敳晬搮獩慰捴彨畦据爨煥敵瑳‬慣汬湟硥⥴਍††⁼†††††††帠幞幞幞幞幞幞幞幞幞幞幞幞幞幞幞幞幞幞幞幞幞൞ †簠†䘠汩⁥䌢尺獕牥屳整档屡湏䑥楲敶䑜獥瑫灯獜污獥愠⁩汰瑡牦浯扜捡敫摮慜灰浜摩汤睥牡履敲畱獥彴潣瑮硥⹴祰Ⱒ氠湩⁥㘵‬湩搠獩慰捴൨ †簠††爠楡敳攠਍††⁼†楆敬∠㩃啜敳獲瑜捥慨作敮牄癩履敄歳潴屰慳敬⁳楡瀠慬晴潲屭慢正湥層灡屰業摤敬慷敲牜煥敵瑳损湯整瑸瀮≹‬楬敮㔠ⰰ椠⁮楤灳瑡档਍††⁼††敲灳湯敳㴠愠慷瑩挠污彬敮瑸爨煥敵瑳ഩ †簠††††††††幞幞幞幞幞幞幞幞幞幞幞幞਍††⁼†楆敬∠㩃啜敳獲瑜捥慨䅜灰慄慴䱜捯污停潲牧浡屳祐桴湯停瑹潨㍮㈱䱜扩獜瑩ⵥ慰正条獥獜慴汲瑥整浜摩汤睥牡履慢敳瀮≹‬楬敮ㄠ㔶‬湩挠污彬敮瑸਍††⁼††慲獩⁥灡彰硥ൣ †簠†䘠汩⁥䌢尺獕牥屳整档屡灁䑰瑡屡潌慣屬牐杯慲獭停瑹潨屮祐桴湯ㄳ尲楌屢楳整瀭捡慫敧屳瑳牡敬瑴履業摤敬慷敲扜獡⹥祰Ⱒ氠湩⁥㔱ⰱ椠⁮潣潲਍††⁼††睡楡⁴敳晬愮灰猨潣数‬敲散癩彥牯摟獩潣湮捥ⱴ猠湥彤潮敟牲牯ഩ †簠†䘠汩⁥䌢尺獕牥屳整档屡灁䑰瑡屡潌慣屬牐杯慲獭停瑹潨屮祐桴湯ㄳ尲楌屢楳整瀭捡慫敧屳瑳牡敬瑴履業摤敬慷敲扜獡⹥祰Ⱒ氠湩⁥㠱ⰹ椠⁮彟慣汬彟਍††⁼††楷桴挠汯慬獰彥硥杣潲灵⡳㨩਍††⁼†楆敬∠㩃啜敳獲瑜捥慨䅜灰慄慴䱜捯污停潲牧浡屳祐桴湯停瑹潨㍮㈱䱜扩捜湯整瑸楬⹢祰Ⱒ氠湩⁥㔱ⰸ椠⁮彟硥瑩彟਍††⁼††敳晬朮湥琮牨睯瘨污敵ഩ †簠†䘠汩⁥䌢尺獕牥屳整档屡灁䑰瑡屡潌慣屬牐杯慲獭停瑹潨屮祐桴湯ㄳ尲楌屢楳整瀭捡慫敧屳瑳牡敬瑴履畟楴獬瀮≹‬楬敮㤠ⰳ椠⁮潣汬灡敳敟捸牧畯獰਍††⁼††慲獩⁥硥ൣ †簠†䘠汩⁥䌢尺獕牥屳整档屡灁䑰瑡屡潌慣屬牐杯慲獭停瑹潨屮祐桴湯ㄳ尲楌屢楳整瀭捡慫敧屳瑳牡敬瑴履業摤敬慷敲扜獡⹥祰Ⱒ氠湩⁥㤱ⰱ椠⁮彟慣汬彟਍††⁼††敲灳湯敳㴠愠慷瑩猠汥⹦楤灳瑡档晟湵⡣敲畱獥ⱴ挠污彬敮瑸ഩ †簠††††††††幞幞幞幞幞幞幞幞幞幞幞幞幞幞幞幞幞幞幞幞幞幞਍††⁼†楆敬∠㩃啜敳獲瑜捥慨作敮牄癩履敄歳潴屰慳敬⁳楡瀠慬晴潲屭慢正湥層灡屰業摤敬慷敲獜捥牵瑩⹹祰Ⱒ氠湩⁥㌲ⰱ椠⁮楤灳瑡档਍††⁼††敲灳湯敳㴠愠慷瑩挠污彬敮瑸爨煥敵瑳ഩ †簠††††††††幞幞幞幞幞幞幞幞幞幞幞幞਍††⁼†楆敬∠㩃啜敳獲瑜捥慨䅜灰慄慴䱜捯污停潲牧浡屳祐桴湯停瑹潨㍮㈱䱜扩獜瑩ⵥ慰正条獥獜慴汲瑥整浜摩汤睥牡履慢敳瀮≹‬楬敮ㄠ㔶‬湩挠污彬敮瑸਍††⁼††慲獩⁥灡彰硥ൣ †簠†䘠汩⁥䌢尺獕牥屳整档屡灁䑰瑡屡潌慣屬牐杯慲獭停瑹潨屮祐桴湯ㄳ尲楌屢楳整瀭捡慫敧屳瑳牡敬瑴履業摤敬慷敲扜獡⹥祰Ⱒ氠湩⁥㔱ⰱ椠⁮潣潲਍††⁼††睡楡⁴敳晬愮灰猨潣数‬敲散癩彥牯摟獩潣湮捥ⱴ猠湥彤潮敟牲牯ഩ †簠†䘠汩⁥䌢尺獕牥屳整档屡灁䑰瑡屡潌慣屬牐杯慲獭停瑹潨屮祐桴湯ㄳ尲楌屢楳整瀭捡慫敧屳瑳牡敬瑴履業摤敬慷敲扜獡⹥祰Ⱒ氠湩⁥㠱ⰹ椠⁮彟慣汬彟਍††⁼††楷桴挠汯慬獰彥硥杣潲灵⡳㨩਍††⁼†楆敬∠㩃啜敳獲瑜捥慨䅜灰慄慴䱜捯污停潲牧浡屳祐桴湯停瑹潨㍮㈱䱜扩捜湯整瑸楬⹢祰Ⱒ氠湩⁥㔱ⰸ椠⁮彟硥瑩彟਍††⁼††敳晬朮湥琮牨睯瘨污敵ഩ †簠†䘠汩⁥䌢尺獕牥屳整档屡灁䑰瑡屡潌慣屬牐杯慲獭停瑹潨屮祐桴湯ㄳ尲楌屢楳整瀭捡慫敧屳瑳牡敬瑴履畟楴獬瀮≹‬楬敮㤠ⰳ椠⁮潣汬灡敳敟捸牧畯獰਍††⁼††慲獩⁥硥ൣ †簠†䘠汩⁥䌢尺獕牥屳整档屡灁䑰瑡屡潌慣屬牐杯慲獭停瑹潨屮祐桴湯ㄳ尲楌屢楳整瀭捡慫敧屳瑳牡敬瑴履業摤敬慷敲扜獡⹥祰Ⱒ氠湩⁥㤱ⰱ椠⁮彟慣汬彟਍††⁼††敲灳湯敳㴠愠慷瑩猠汥⹦楤灳瑡档晟湵⡣敲畱獥ⱴ挠污彬敮瑸ഩ †簠††††††††幞幞幞幞幞幞幞幞幞幞幞幞幞幞幞幞幞幞幞幞幞幞਍††⁼†楆敬∠㩃啜敳獲瑜捥慨作敮牄癩履敄歳潴屰慳敬⁳楡瀠慬晴潲屭慢正湥層灡屰業摤敬慷敲獜捥牵瑩⹹祰Ⱒ氠湩⁥ㄲⰱ椠⁮楤灳瑡档਍††⁼††慲獩⁥呈偔硅散瑰潩⡮਍††⁼慦瑳灡⹩硥散瑰潩獮䠮呔䕐捸灥楴湯›㈴㨹吠潯洠湡⁹敲畱獥獴‮慍楸畭⁭〶爠煥敵瑳⁳数⁲業畮整愠汬睯摥മ †⬠ⴭⴭⴭⴭⴭⴭⴭⴭⴭⴭⴭⴭⴭⴭⴭⴭⴭⴭ਍਍畄楲杮栠湡汤湩⁧景琠敨愠潢敶攠捸灥楴湯‬湡瑯敨⁲硥散瑰潩⁮捯畣牲摥ഺഊ吊慲散慢正⠠潭瑳爠捥湥⁴慣汬氠獡⥴ഺ 䘠汩⁥䌢尺獕牥屳整档屡灁䑰瑡屡潌慣屬牐杯慲獭停瑹潨屮祐桴湯ㄳ尲楌屢楳整瀭捡慫敧屳瑳牡敬瑴履業摤敬慷敲敜牲牯⹳祰Ⱒ氠湩⁥㘱ⰴ椠⁮彟慣汬彟਍††睡楡⁴敳晬愮灰猨潣数‬敲散癩ⱥ张敳摮ഩ 䘠汩⁥䌢尺獕牥屳整档屡灁䑰瑡屡潌慣屬牐杯慲獭停瑹潨屮祐桴湯ㄳ尲楌屢楳整瀭捡慫敧屳瑳牡敬瑴履業摤敬慷敲扜獡⹥祰Ⱒ氠湩⁥㠱ⰹ椠⁮彟慣汬彟਍††楷桴挠汯慬獰彥硥杣潲灵⡳㨩਍†楆敬∠㩃啜敳獲瑜捥慨䅜灰慄慴䱜捯污停潲牧浡屳祐桴湯停瑹潨㍮㈱䱜扩捜湯整瑸楬⹢祰Ⱒ氠湩⁥㔱ⰸ椠⁮彟硥瑩彟਍††敳晬朮湥琮牨睯瘨污敵ഩ 䘠汩⁥䌢尺獕牥屳整档屡灁䑰瑡屡潌慣屬牐杯慲獭停瑹潨屮祐桴湯ㄳ尲楌屢楳整瀭捡慫敧屳瑳牡敬瑴履畟楴獬瀮≹‬楬敮㤠ⰳ椠⁮潣汬灡敳敟捸牧畯獰਍††慲獩⁥硥ൣ 䘠汩⁥䌢尺獕牥屳整档屡灁䑰瑡屡潌慣屬牐杯慲獭停瑹潨屮祐桴湯ㄳ尲楌屢楳整瀭捡慫敧屳瑳牡敬瑴履業摤敬慷敲扜獡⹥祰Ⱒ氠湩⁥㤱ⰱ椠⁮彟慣汬彟਍††敲灳湯敳㴠愠慷瑩猠汥⹦楤灳瑡档晟湵⡣敲畱獥ⱴ挠污彬敮瑸ഩ †††††††幞幞幞幞幞幞幞幞幞幞幞幞幞幞幞幞幞幞幞幞幞幞਍†楆敬∠㩃啜敳獲瑜捥慨作敮牄癩履敄歳潴屰慳敬⁳楡瀠慬晴潲屭慢正湥層灡屰業摤敬慷敲牜煥敵瑳损湯整瑸瀮≹‬楬敮㔠ⰶ椠⁮楤灳瑡档਍††慲獩⁥൥ 䘠汩⁥䌢尺獕牥屳整档屡湏䑥楲敶䑜獥瑫灯獜污獥愠⁩汰瑡牦浯扜捡敫摮慜灰浜摩汤睥牡履敲畱獥彴潣瑮硥⹴祰Ⱒ氠湩⁥〵‬湩搠獩慰捴൨ †爠獥潰獮⁥‽睡楡⁴慣汬湟硥⡴敲畱獥⥴਍†††††††帠幞幞幞幞幞幞幞幞幞幞幞൞ 䘠汩⁥䌢尺獕牥屳整档屡灁䑰瑡屡潌慣屬牐杯慲獭停瑹潨屮祐桴湯ㄳ尲楌屢楳整瀭捡慫敧屳瑳牡敬瑴履業摤敬慷敲扜獡⹥祰Ⱒ氠湩⁥㘱ⰵ椠⁮慣汬湟硥൴ †爠楡敳愠灰敟捸਍†楆敬∠㩃啜敳獲瑜捥慨䅜灰慄慴䱜捯污停潲牧浡屳祐桴湯停瑹潨㍮㈱䱜扩獜瑩ⵥ慰正条獥獜慴汲瑥整浜摩汤睥牡履慢敳瀮≹‬楬敮ㄠㄵ‬湩挠牯൯ †愠慷瑩猠汥⹦灡⡰捳灯ⱥ爠捥楥敶潟彲楤捳湯敮瑣‬敳摮湟彯牥潲⥲਍†楆敬∠㩃啜敳獲瑜捥慨䅜灰慄慴䱜捯污停潲牧浡屳祐桴湯停瑹潨㍮㈱䱜扩獜瑩ⵥ慰正条獥獜慴汲瑥整浜摩汤睥牡履慢敳瀮≹‬楬敮ㄠ㤸‬湩张损污彬ൟ †眠瑩⁨潣汬灡敳敟捸牧畯獰⤨ഺ 䘠汩⁥䌢尺獕牥屳整档屡灁䑰瑡屡潌慣屬牐杯慲獭停瑹潨屮祐桴湯ㄳ尲楌屢潣瑮硥汴扩瀮≹‬楬敮ㄠ㠵‬湩张敟楸彴ൟ †猠汥⹦敧⹮桴潲⡷慶畬⥥਍†楆敬∠㩃啜敳獲瑜捥慨䅜灰慄慴䱜捯污停潲牧浡屳祐桴湯停瑹潨㍮㈱䱜扩獜瑩ⵥ慰正条獥獜慴汲瑥整彜瑵汩⹳祰Ⱒ氠湩⁥㌹‬湩挠汯慬獰彥硥杣潲灵൳ †爠楡敳攠捸਍†楆敬∠㩃啜敳獲瑜捥慨䅜灰慄慴䱜捯污停潲牧浡屳祐桴湯停瑹潨㍮㈱䱜扩獜瑩ⵥ慰正条獥獜慴汲瑥整浜摩汤睥牡履慢敳瀮≹‬楬敮ㄠㄹ‬湩张损污彬ൟ †爠獥潰獮⁥‽睡楡⁴敳晬搮獩慰捴彨畦据爨煥敵瑳‬慣汬湟硥⥴਍†††††††帠幞幞幞幞幞幞幞幞幞幞幞幞幞幞幞幞幞幞幞幞幞൞ 䘠汩⁥䌢尺獕牥屳整档屡湏䑥楲敶䑜獥瑫灯獜污獥愠⁩汰瑡牦浯扜捡敫摮慜灰浜摩汤睥牡履敳畣楲祴瀮≹‬楬敮㈠ㄳ‬湩搠獩慰捴൨ †爠獥潰獮⁥‽睡楡⁴慣汬湟硥⡴敲畱獥⥴਍†††††††帠幞幞幞幞幞幞幞幞幞幞幞൞ 䘠汩⁥䌢尺獕牥屳整档屡灁䑰瑡屡潌慣屬牐杯慲獭停瑹潨屮祐桴湯ㄳ尲楌屢楳整瀭捡慫敧屳瑳牡敬瑴履業摤敬慷敲扜獡⹥祰Ⱒ氠湩⁥㘱ⰵ椠⁮慣汬湟硥൴ †爠楡敳愠灰敟捸਍†楆敬∠㩃啜敳獲瑜捥慨䅜灰慄慴䱜捯污停潲牧浡屳祐桴湯停瑹潨㍮㈱䱜扩獜瑩ⵥ慰正条獥獜慴汲瑥整浜摩汤睥牡履慢敳瀮≹‬楬敮ㄠㄵ‬湩挠牯൯ †愠慷瑩猠汥⹦灡⡰捳灯ⱥ爠捥楥敶潟彲楤捳湯敮瑣‬敳摮湟彯牥潲⥲਍†楆敬∠㩃啜敳獲瑜捥慨䅜灰慄慴䱜捯污停潲牧浡屳祐桴湯停瑹潨㍮㈱䱜扩獜瑩ⵥ慰正条獥獜慴汲瑥整浜摩汤睥牡履慢敳瀮≹‬楬敮ㄠ㤸‬湩张损污彬ൟ †眠瑩⁨潣汬灡敳敟捸牧畯獰⤨ഺ 䘠汩⁥䌢尺獕牥屳整档屡灁䑰瑡屡潌慣屬牐杯慲獭停瑹潨屮祐桴湯ㄳ尲楌屢潣瑮硥汴扩瀮≹‬楬敮ㄠ㠵‬湩张敟楸彴ൟ †猠汥⹦敧⹮桴潲⡷慶畬⥥਍†楆敬∠㩃啜敳獲瑜捥慨䅜灰慄慴䱜捯污停潲牧浡屳祐桴湯停瑹潨㍮㈱䱜扩獜瑩ⵥ慰正条獥獜慴汲瑥整彜瑵汩⹳祰Ⱒ氠湩⁥㌹‬湩挠汯慬獰彥硥杣潲灵൳ †爠楡敳攠捸਍†楆敬∠㩃啜敳獲瑜捥慨䅜灰慄慴䱜捯污停潲牧浡屳祐桴湯停瑹潨㍮㈱䱜扩獜瑩ⵥ慰正条獥獜慴汲瑥整浜摩汤睥牡履慢敳瀮≹‬楬敮ㄠㄹ‬湩张损污彬ൟ †爠獥潰獮⁥‽睡楡⁴敳晬搮獩慰捴彨畦据爨煥敵瑳‬慣汬湟硥⥴਍†††††††帠幞幞幞幞幞幞幞幞幞幞幞幞幞幞幞幞幞幞幞幞幞൞ 䘠汩⁥䌢尺獕牥屳整档屡湏䑥楲敶䑜獥瑫灯獜污獥愠⁩汰瑡牦浯扜捡敫摮慜灰浜摩汤睥牡履敳畣楲祴瀮≹‬楬敮㈠ㄱ‬湩搠獩慰捴൨ †爠楡敳䠠呔䕐捸灥楴湯ന昊獡慴楰攮捸灥楴湯⹳呈偔硅散瑰潩㩮㐠㤲›潔⁯慭祮爠煥敵瑳⹳䴠硡浩浵㘠‰敲畱獥獴瀠牥洠湩瑵⁥污潬敷⹤਍਍㉛㈰ⴶ㌰㈭‹㄰㌺㨶㤰㔮㐷㐴崴嬠䑉㐺㈳戳昴ⴳ搷㘷㐭搱ⵥ㡡摥㔭ち昱攱つ搱嵥䔠剒›㈴㨹吠潯洠湡⁹敲畱獥獴‮慍楸畭⁭〶爠煥敵瑳⁳数⁲業畮整愠汬睯摥മ ⬠䔠捸灥楴湯䜠潲灵吠慲散慢正⠠潭瑳爠捥湥⁴慣汬氠獡⥴ഺ 簠†䘠汩⁥䌢尺獕牥屳整档屡灁䑰瑡屡潌慣屬牐杯慲獭停瑹潨屮祐桴湯ㄳ尲楌屢楳整瀭捡慫敧屳瑳牡敬瑴履畟楴獬瀮≹‬楬敮㠠ⰷ椠⁮潣汬灡敳敟捸牧畯獰਍†⁼††楹汥൤ 簠†䘠汩⁥䌢尺獕牥屳整档屡灁䑰瑡屡潌慣屬牐杯慲獭停瑹潨屮祐桴湯ㄳ尲楌屢楳整瀭捡慫敧屳瑳牡敬瑴履業摤敬慷敲扜獡⹥祰Ⱒ氠湩⁥㤱ⰰ椠⁮彟慣汬彟਍†⁼††獡湹⁣楷桴愠祮潩挮敲瑡彥慴歳束潲灵⤨愠⁳慴歳束潲灵ഺ 簠†䘠汩⁥䌢尺獕牥屳整档屡灁䑰瑡屡潌慣屬牐杯慲獭停瑹潨屮祐桴湯ㄳ尲楌屢楳整瀭捡慫敧屳湡楹屯扟捡敫摮屳慟祳据潩瀮≹‬楬敮㘠㠷‬湩张慟硥瑩彟਍†⁼††慲獩⁥慂敳硅散瑰潩䝮潲灵ന 簠䔠捸灥楴湯片畯㩰甠桮湡汤摥攠牲牯⁳湩愠吠獡䝫潲灵⠠‱畳ⵢ硥散瑰潩⥮਍†⴫⴫ⴭⴭⴭⴭⴭⴭⴭ‭‱ⴭⴭⴭⴭⴭⴭⴭⴭ਍††⁼牔捡扥捡⁫洨獯⁴敲散瑮挠污⁬慬瑳㨩਍††⁼†楆敬∠㩃啜敳獲瑜捥慨䅜灰慄慴䱜捯污停潲牧浡屳祐桴湯停瑹潨㍮㈱䱜扩獜瑩ⵥ慰正条獥獜慴汲瑥整浜摩汤睥牡履牥潲獲瀮≹‬楬敮ㄠ㐶‬湩张损污彬ൟ †簠††愠慷瑩猠汥⹦灡⡰捳灯ⱥ爠捥楥敶‬獟湥⥤਍††⁼†楆敬∠㩃啜敳獲瑜捥慨䅜灰慄慴䱜捯污停潲牧浡屳祐桴湯停瑹潨㍮㈱䱜扩獜瑩ⵥ慰正条獥獜慴汲瑥整浜摩汤睥牡履慢敳瀮≹‬楬敮ㄠ㤸‬湩张损污彬ൟ †簠††眠瑩⁨潣汬灡敳敟捸牧畯獰⤨ഺ †簠†䘠汩⁥䌢尺獕牥屳整档屡灁䑰瑡屡潌慣屬牐杯慲獭停瑹潨屮祐桴湯ㄳ尲楌屢潣瑮硥汴扩瀮≹‬楬敮ㄠ㠵‬湩张敟楸彴ൟ †簠††猠汥⹦敧⹮桴潲⡷慶畬⥥਍††⁼†楆敬∠㩃啜敳獲瑜捥慨䅜灰慄慴䱜捯污停潲牧浡屳祐桴湯停瑹潨㍮㈱䱜扩獜瑩ⵥ慰正条獥獜慴汲瑥整彜瑵汩⹳祰Ⱒ氠湩⁥㌹‬湩挠汯慬獰彥硥杣潲灵൳ †簠††爠楡敳攠捸਍††⁼†楆敬∠㩃啜敳獲瑜捥慨䅜灰慄慴䱜捯污停潲牧浡屳祐桴湯停瑹潨㍮㈱䱜扩獜瑩ⵥ慰正条獥獜慴汲瑥整浜摩汤睥牡履慢敳瀮≹‬楬敮ㄠㄹ‬湩张损污彬ൟ †簠††爠獥潰獮⁥‽睡楡⁴敳晬搮獩慰捴彨畦据爨煥敵瑳‬慣汬湟硥⥴਍††⁼†††††††帠幞幞幞幞幞幞幞幞幞幞幞幞幞幞幞幞幞幞幞幞幞൞ †簠†䘠汩⁥䌢尺獕牥屳整档屡湏䑥楲敶䑜獥瑫灯獜污獥愠⁩汰瑡牦浯扜捡敫摮慜灰浜摩汤睥牡履敲畱獥彴潣瑮硥⹴祰Ⱒ氠湩⁥㘵‬湩搠獩慰捴൨ †簠††爠楡敳攠਍††⁼†楆敬∠㩃啜敳獲瑜捥慨作敮牄癩履敄歳潴屰慳敬⁳楡瀠慬晴潲屭慢正湥層灡屰業摤敬慷敲牜煥敵瑳损湯整瑸瀮≹‬楬敮㔠ⰰ椠⁮楤灳瑡档਍††⁼††敲灳湯敳㴠愠慷瑩挠污彬敮瑸爨煥敵瑳ഩ †簠††††††††幞幞幞幞幞幞幞幞幞幞幞幞਍††⁼†楆敬∠㩃啜敳獲瑜捥慨䅜灰慄慴䱜捯污停潲牧浡屳祐桴湯停瑹潨㍮㈱䱜扩獜瑩ⵥ慰正条獥獜慴汲瑥整浜摩汤睥牡履慢敳瀮≹‬楬敮ㄠ㔶‬湩挠污彬敮瑸਍††⁼††慲獩⁥灡彰硥ൣ †簠†䘠汩⁥䌢尺獕牥屳整档屡灁䑰瑡屡潌慣屬牐杯慲獭停瑹潨屮祐桴湯ㄳ尲楌屢楳整瀭捡慫敧屳瑳牡敬瑴履業摤敬慷敲扜獡⹥祰Ⱒ氠湩⁥㔱ⰱ椠⁮潣潲਍††⁼††睡楡⁴敳晬愮灰猨潣数‬敲散癩彥牯摟獩潣湮捥ⱴ猠湥彤潮敟牲牯ഩ †簠†䘠汩⁥䌢尺獕牥屳整档屡灁䑰瑡屡潌慣屬牐杯慲獭停瑹潨屮祐桴湯ㄳ尲楌屢楳整瀭捡慫敧屳瑳牡敬瑴履業摤敬慷敲扜獡⹥祰Ⱒ氠湩⁥㠱ⰹ椠⁮彟慣汬彟਍††⁼††楷桴挠汯慬獰彥硥杣潲灵⡳㨩਍††⁼†楆敬∠㩃啜敳獲瑜捥慨䅜灰慄慴䱜捯污停潲牧浡屳祐桴湯停瑹潨㍮㈱䱜扩捜湯整瑸楬⹢祰Ⱒ氠湩⁥㔱ⰸ椠⁮彟硥瑩彟਍††⁼††敳晬朮湥琮牨睯瘨污敵ഩ †簠†䘠汩⁥䌢尺獕牥屳整档屡灁䑰瑡屡潌慣屬牐杯慲獭停瑹潨屮祐桴湯ㄳ尲楌屢楳整瀭捡慫敧屳瑳牡敬瑴履畟楴獬瀮≹‬楬敮㤠ⰳ椠⁮潣汬灡敳敟捸牧畯獰਍††⁼††慲獩⁥硥ൣ †簠†䘠汩⁥䌢尺獕牥屳整档屡灁䑰瑡屡潌慣屬牐杯慲獭停瑹潨屮祐桴湯ㄳ尲楌屢楳整瀭捡慫敧屳瑳牡敬瑴履業摤敬慷敲扜獡⹥祰Ⱒ氠湩⁥㤱ⰱ椠⁮彟慣汬彟਍††⁼††敲灳湯敳㴠愠慷瑩猠汥⹦楤灳瑡档晟湵⡣敲畱獥ⱴ挠污彬敮瑸ഩ †簠††††††††幞幞幞幞幞幞幞幞幞幞幞幞幞幞幞幞幞幞幞幞幞幞਍††⁼†楆敬∠㩃啜敳獲瑜捥慨作敮牄癩履敄歳潴屰慳敬⁳楡瀠慬晴潲屭慢正湥層灡屰業摤敬慷敲獜捥牵瑩⹹祰Ⱒ氠湩⁥㌲ⰱ椠⁮楤灳瑡档਍††⁼††敲灳湯敳㴠愠慷瑩挠污彬敮瑸爨煥敵瑳ഩ †簠††††††††幞幞幞幞幞幞幞幞幞幞幞幞਍††⁼†楆敬∠㩃啜敳獲瑜捥慨䅜灰慄慴䱜捯污停潲牧浡屳祐桴湯停瑹潨㍮㈱䱜扩獜瑩ⵥ慰正条獥獜慴汲瑥整浜摩汤睥牡履慢敳瀮≹‬楬敮ㄠ㔶‬湩挠污彬敮瑸਍††⁼††慲獩⁥灡彰硥ൣ †簠†䘠汩⁥䌢尺獕牥屳整档屡灁䑰瑡屡潌慣屬牐杯慲獭停瑹潨屮祐桴湯ㄳ尲楌屢楳整瀭捡慫敧屳瑳牡敬瑴履業摤敬慷敲扜獡⹥祰Ⱒ氠湩⁥㔱ⰱ椠⁮潣潲਍††⁼††睡楡⁴敳晬愮灰猨潣数‬敲散癩彥牯摟獩潣湮捥ⱴ猠湥彤潮敟牲牯ഩ †簠†䘠汩⁥䌢尺獕牥屳整档屡灁䑰瑡屡潌慣屬牐杯慲獭停瑹潨屮祐桴湯ㄳ尲楌屢楳整瀭捡慫敧屳瑳牡敬瑴履業摤敬慷敲扜獡⹥祰Ⱒ氠湩⁥㠱ⰹ椠⁮彟慣汬彟਍††⁼††楷桴挠汯慬獰彥硥杣潲灵⡳㨩਍††⁼†楆敬∠㩃啜敳獲瑜捥慨䅜灰慄慴䱜捯污停潲牧浡屳祐桴湯停瑹潨㍮㈱䱜扩捜湯整瑸楬⹢祰Ⱒ氠湩⁥㔱ⰸ椠⁮彟硥瑩彟਍††⁼††敳晬朮湥琮牨睯瘨污敵ഩ †簠†䘠汩⁥䌢尺獕牥屳整档屡灁䑰瑡屡潌慣屬牐杯慲獭停瑹潨屮祐桴湯ㄳ尲楌屢楳整瀭捡慫敧屳瑳牡敬瑴履畟楴獬瀮≹‬楬敮㤠ⰳ椠⁮潣汬灡敳敟捸牧畯獰਍††⁼††慲獩⁥硥ൣ †簠†䘠汩⁥䌢尺獕牥屳整档屡灁䑰瑡屡潌慣屬牐杯慲獭停瑹潨屮祐桴湯ㄳ尲楌屢楳整瀭捡慫敧屳瑳牡敬瑴履業摤敬慷敲扜獡⹥祰Ⱒ氠湩⁥㤱ⰱ椠⁮彟慣汬彟਍††⁼††敲灳湯敳㴠愠慷瑩猠汥⹦楤灳瑡档晟湵⡣敲畱獥ⱴ挠污彬敮瑸ഩ †簠††††††††幞幞幞幞幞幞幞幞幞幞幞幞幞幞幞幞幞幞幞幞幞幞਍††⁼†楆敬∠㩃啜敳獲瑜捥慨作敮牄癩履敄歳潴屰慳敬⁳楡瀠慬晴潲屭慢正湥層灡屰業摤敬慷敲獜捥牵瑩⹹祰Ⱒ氠湩⁥ㄲⰱ椠⁮楤灳瑡档਍††⁼††慲獩⁥呈偔硅散瑰潩⡮਍††⁼慦瑳灡⹩硥散瑰潩獮䠮呔䕐捸灥楴湯›㈴㨹吠潯洠湡⁹敲畱獥獴‮慍楸畭⁭〶爠煥敵瑳⁳数⁲業畮整愠汬睯摥മ †⬠ⴭⴭⴭⴭⴭⴭⴭⴭⴭⴭⴭⴭⴭⴭⴭⴭⴭⴭ਍਍畄楲杮栠湡汤湩⁧景琠敨愠潢敶攠捸灥楴湯‬湡瑯敨⁲硥散瑰潩⁮捯畣牲摥ഺഊ吊慲散慢正⠠潭瑳爠捥湥⁴慣汬氠獡⥴ഺ 䘠汩⁥䌢尺獕牥屳整档屡灁䑰瑡屡潌慣屬牐杯慲獭停瑹潨屮祐桴湯ㄳ尲楌屢楳整瀭捡慫敧屳瑳牡敬瑴履業摤敬慷敲敜牲牯⹳祰Ⱒ氠湩⁥㘱ⰴ椠⁮彟慣汬彟਍††睡楡⁴敳晬愮灰猨潣数‬敲散癩ⱥ张敳摮ഩ 䘠汩⁥䌢尺獕牥屳整档屡灁䑰瑡屡潌慣屬牐杯慲獭停瑹潨屮祐桴湯ㄳ尲楌屢楳整瀭捡慫敧屳瑳牡敬瑴履業摤敬慷敲扜獡⹥祰Ⱒ氠湩⁥㠱ⰹ椠⁮彟慣汬彟਍††楷桴挠汯慬獰彥硥杣潲灵⡳㨩਍†楆敬∠㩃啜敳獲瑜捥慨䅜灰慄慴䱜捯污停潲牧浡屳祐桴湯停瑹潨㍮㈱䱜扩捜湯整瑸楬⹢祰Ⱒ氠湩⁥㔱ⰸ椠⁮彟硥瑩彟਍††敳晬朮湥琮牨睯瘨污敵ഩ 䘠汩⁥䌢尺獕牥屳整档屡灁䑰瑡屡潌慣屬牐杯慲獭停瑹潨屮祐桴湯ㄳ尲楌屢楳整瀭捡慫敧屳瑳牡敬瑴履畟楴獬瀮≹‬楬敮㤠ⰳ椠⁮潣汬灡敳敟捸牧畯獰਍††慲獩⁥硥ൣ 䘠汩⁥䌢尺獕牥屳整档屡灁䑰瑡屡潌慣屬牐杯慲獭停瑹潨屮祐桴湯ㄳ尲楌屢楳整瀭捡慫敧屳瑳牡敬瑴履業摤敬慷敲扜獡⹥祰Ⱒ氠湩⁥㤱ⰱ椠⁮彟慣汬彟਍††敲灳湯敳㴠愠慷瑩猠汥⹦楤灳瑡档晟湵⡣敲畱獥ⱴ挠污彬敮瑸ഩ †††††††幞幞幞幞幞幞幞幞幞幞幞幞幞幞幞幞幞幞幞幞幞幞਍†楆敬∠㩃啜敳獲瑜捥慨作敮牄癩履敄歳潴屰慳敬⁳楡瀠慬晴潲屭慢正湥層灡屰業摤敬慷敲牜煥敵瑳损湯整瑸瀮≹‬楬敮㔠ⰶ椠⁮楤灳瑡档਍††慲獩⁥൥ 䘠汩⁥䌢尺獕牥屳整档屡湏䑥楲敶䑜獥瑫灯獜污獥愠⁩汰瑡牦浯扜捡敫摮慜灰浜摩汤睥牡履敲畱獥彴潣瑮硥⹴祰Ⱒ氠湩⁥〵‬湩搠獩慰捴൨ †爠獥潰獮⁥‽睡楡⁴慣汬湟硥⡴敲畱獥⥴਍†††††††帠幞幞幞幞幞幞幞幞幞幞幞൞ 䘠汩⁥䌢尺獕牥屳整档屡灁䑰瑡屡潌慣屬牐杯慲獭停瑹潨屮祐桴湯ㄳ尲楌屢楳整瀭捡慫敧屳瑳牡敬瑴履業摤敬慷敲扜獡⹥祰Ⱒ氠湩⁥㘱ⰵ椠⁮慣汬湟硥൴ †爠楡敳愠灰敟捸਍†楆敬∠㩃啜敳獲瑜捥慨䅜灰慄慴䱜捯污停潲牧浡屳祐桴湯停瑹潨㍮㈱䱜扩獜瑩ⵥ慰正条獥獜慴汲瑥整浜摩汤睥牡履慢敳瀮≹‬楬敮ㄠㄵ‬湩挠牯൯ †愠慷瑩猠汥⹦灡⡰捳灯ⱥ爠捥楥敶潟彲楤捳湯敮瑣‬敳摮湟彯牥潲⥲਍†楆敬∠㩃啜敳獲瑜捥慨䅜灰慄慴䱜捯污停潲牧浡屳祐桴湯停瑹潨㍮㈱䱜扩獜瑩ⵥ慰正条獥獜慴汲瑥整浜摩汤睥牡履慢敳瀮≹‬楬敮ㄠ㤸‬湩张损污彬ൟ †眠瑩⁨潣汬灡敳敟捸牧畯獰⤨ഺ 䘠汩⁥䌢尺獕牥屳整档屡灁䑰瑡屡潌慣屬牐杯慲獭停瑹潨屮祐桴湯ㄳ尲楌屢潣瑮硥汴扩瀮≹‬楬敮ㄠ㠵‬湩张敟楸彴ൟ †猠汥⹦敧⹮桴潲⡷慶畬⥥਍†楆敬∠㩃啜敳獲瑜捥慨䅜灰慄慴䱜捯污停潲牧浡屳祐桴湯停瑹潨㍮㈱䱜扩獜瑩ⵥ慰正条獥獜慴汲瑥整彜瑵汩⹳祰Ⱒ氠湩⁥㌹‬湩挠汯慬獰彥硥杣潲灵൳ †爠楡敳攠捸਍†楆敬∠㩃啜敳獲瑜捥慨䅜灰慄慴䱜捯污停潲牧浡屳祐桴湯停瑹潨㍮㈱䱜扩獜瑩ⵥ慰正条獥獜慴汲瑥整浜摩汤睥牡履慢敳瀮≹‬楬敮ㄠㄹ‬湩张损污彬ൟ †爠獥潰獮⁥‽睡楡⁴敳晬搮獩慰捴彨畦据爨煥敵瑳‬慣汬湟硥⥴਍†††††††帠幞幞幞幞幞幞幞幞幞幞幞幞幞幞幞幞幞幞幞幞幞൞ 䘠汩⁥䌢尺獕牥屳整档屡湏䑥楲敶䑜獥瑫灯獜污獥愠⁩汰瑡牦浯扜捡敫摮慜灰浜摩汤睥牡履敳畣楲祴瀮≹‬楬敮㈠ㄳ‬湩搠獩慰捴൨ †爠獥潰獮⁥‽睡楡⁴慣汬湟硥⡴敲畱獥⥴਍†††††††帠幞幞幞幞幞幞幞幞幞幞幞൞ 䘠汩⁥䌢尺獕牥屳整档屡灁䑰瑡屡潌慣屬牐杯慲獭停瑹潨屮祐桴湯ㄳ尲楌屢楳整瀭捡慫敧屳瑳牡敬瑴履業摤敬慷敲扜獡⹥祰Ⱒ氠湩⁥㘱ⰵ椠⁮慣汬湟硥൴ †爠楡敳愠灰敟捸਍†楆敬∠㩃啜敳獲瑜捥慨䅜灰慄慴䱜捯污停潲牧浡屳祐桴湯停瑹潨㍮㈱䱜扩獜瑩ⵥ慰正条獥獜慴汲瑥整浜摩汤睥牡履慢敳瀮≹‬楬敮ㄠㄵ‬湩挠牯൯ †愠慷瑩猠汥⹦灡⡰捳灯ⱥ爠捥楥敶潟彲楤捳湯敮瑣‬敳摮湟彯牥潲⥲਍†楆敬∠㩃啜敳獲瑜捥慨䅜灰慄慴䱜捯污停潲牧浡屳祐桴湯停瑹潨㍮㈱䱜扩獜瑩ⵥ慰正条獥獜慴汲瑥整浜摩汤睥牡履慢敳瀮≹‬楬敮ㄠ㤸‬湩张损污彬ൟ †眠瑩⁨潣汬灡敳敟捸牧畯獰⤨ഺ 䘠汩⁥䌢尺獕牥屳整档屡灁䑰瑡屡潌慣屬牐杯慲獭停瑹潨屮祐桴湯ㄳ尲楌屢潣瑮硥汴扩瀮≹‬楬敮ㄠ㠵‬湩张敟楸彴ൟ †猠汥⹦敧⹮桴潲⡷慶畬⥥਍†楆敬∠㩃啜敳獲瑜捥慨䅜灰慄慴䱜捯污停潲牧浡屳祐桴湯停瑹潨㍮㈱䱜扩獜瑩ⵥ慰正条獥獜慴汲瑥整彜瑵汩⹳祰Ⱒ氠湩⁥㌹‬湩挠汯慬獰彥硥杣潲灵൳ †爠楡敳攠捸਍†楆敬∠㩃啜敳獲瑜捥慨䅜灰慄慴䱜捯污停潲牧浡屳祐桴湯停瑹潨㍮㈱䱜扩獜瑩ⵥ慰正条獥獜慴汲瑥整浜摩汤睥牡履慢敳瀮≹‬楬敮ㄠㄹ‬湩张损污彬ൟ †爠獥潰獮⁥‽睡楡⁴敳晬搮獩慰捴彨畦据爨煥敵瑳‬慣汬湟硥⥴਍†††††††帠幞幞幞幞幞幞幞幞幞幞幞幞幞幞幞幞幞幞幞幞幞൞ 䘠汩⁥䌢尺獕牥屳整档屡湏䑥楲敶䑜獥瑫灯獜污獥愠⁩汰瑡牦浯扜捡敫摮慜灰浜摩汤睥牡履敳畣楲祴瀮≹‬楬敮㈠ㄱ‬湩搠獩慰捴൨ †爠楡敳䠠呔䕐捸灥楴湯ന昊獡慴楰攮捸灥楴湯⹳呈偔硅散瑰潩㩮㐠㤲›潔⁯慭祮爠煥敵瑳⹳䴠硡浩浵㘠‰敲畱獥獴瀠牥洠湩瑵⁥污潬敷⹤਍਍㉛㈰ⴶ㌰㈭‹㄰㌺㨶〱〮㜷㠲崰嬠䑉㘺㜸挸捡ⴰ挳㠹㐭㠶ⴰ㙢㝡愭攴㐸㉥〰昲崵䔠剒›㈴㨹吠潯洠湡⁹敲畱獥獴‮慍楸畭⁭〶爠煥敵瑳⁳数⁲業畮整愠汬睯摥മ ⬠䔠捸灥楴湯䜠潲灵吠慲散慢正⠠潭瑳爠捥湥⁴慣汬氠獡⥴ഺ 簠†䘠汩⁥䌢尺獕牥屳整档屡灁䑰瑡屡潌慣屬牐杯慲獭停瑹潨屮祐桴湯ㄳ尲楌屢楳整瀭捡慫敧屳瑳牡敬瑴履畟楴獬瀮≹‬楬敮㠠ⰷ椠⁮潣汬灡敳敟捸牧畯獰਍†⁼††楹汥൤ 簠†䘠汩⁥䌢尺獕牥屳整档屡灁䑰瑡屡潌慣屬牐杯慲獭停瑹潨屮祐桴湯ㄳ尲楌屢楳整瀭捡慫敧屳瑳牡敬瑴履業摤敬慷敲扜獡⹥祰Ⱒ氠湩⁥㤱ⰰ椠⁮彟慣汬彟਍†⁼††獡湹⁣楷桴愠祮潩挮敲瑡彥慴歳束潲灵⤨愠⁳慴歳束潲灵ഺ 簠†䘠汩⁥䌢尺獕牥屳整档屡灁䑰瑡屡潌慣屬牐杯慲獭停瑹潨屮祐桴湯ㄳ尲楌屢楳整瀭捡慫敧屳湡楹屯扟捡敫摮屳慟祳据潩瀮≹‬楬敮㘠㠷‬湩张慟硥瑩彟਍†⁼††慲獩⁥慂敳硅散瑰潩䝮潲灵ന 簠䔠捸灥楴湯片畯㩰甠桮湡汤摥攠牲牯⁳湩愠吠獡䝫潲灵⠠‱畳ⵢ硥散瑰潩⥮਍†⴫⴫ⴭⴭⴭⴭⴭⴭⴭ‭‱ⴭⴭⴭⴭⴭⴭⴭⴭ਍††⁼牔捡扥捡⁫洨獯⁴敲散瑮挠污⁬慬瑳㨩਍††⁼†楆敬∠㩃啜敳獲瑜捥慨䅜灰慄慴䱜捯污停潲牧浡屳祐桴湯停瑹潨㍮㈱䱜扩獜瑩ⵥ慰正条獥獜慴汲瑥整浜摩汤睥牡履牥潲獲瀮≹‬楬敮ㄠ㐶‬湩张损污彬ൟ †簠††愠慷瑩猠汥⹦灡⡰捳灯ⱥ爠捥楥敶‬獟湥⥤਍††⁼†楆敬∠㩃啜敳獲瑜捥慨䅜灰慄慴䱜捯污停潲牧浡屳祐桴湯停瑹潨㍮㈱䱜扩獜瑩ⵥ慰正条獥獜慴汲瑥整浜摩汤睥牡履慢敳瀮≹‬楬敮ㄠ㤸‬湩张损污彬ൟ †簠††眠瑩⁨潣汬灡敳敟捸牧畯獰⤨ഺ †簠†䘠汩⁥䌢尺獕牥屳整档屡灁䑰瑡屡潌慣屬牐杯慲獭停瑹潨屮祐桴湯ㄳ尲楌屢潣瑮硥汴扩瀮≹‬楬敮ㄠ㠵‬湩张敟楸彴ൟ †簠††猠汥⹦敧⹮桴潲⡷慶畬⥥਍††⁼†楆敬∠㩃啜敳獲瑜捥慨䅜灰慄慴䱜捯污停潲牧浡屳祐桴湯停瑹潨㍮㈱䱜扩獜瑩ⵥ慰正条獥獜慴汲瑥整彜瑵汩⹳祰Ⱒ氠湩⁥㌹‬湩挠汯慬獰彥硥杣潲灵൳ †簠††爠楡敳攠捸਍††⁼†楆敬∠㩃啜敳獲瑜捥慨䅜灰慄慴䱜捯污停潲牧浡屳祐桴湯停瑹潨㍮㈱䱜扩獜瑩ⵥ慰正条獥獜慴汲瑥整浜摩汤睥牡履慢敳瀮≹‬楬敮ㄠㄹ‬湩张损污彬ൟ †簠††爠獥潰獮⁥‽睡楡⁴敳晬搮獩慰捴彨畦据爨煥敵瑳‬慣汬湟硥⥴਍††⁼†††††††帠幞幞幞幞幞幞幞幞幞幞幞幞幞幞幞幞幞幞幞幞幞൞ †簠†䘠汩⁥䌢尺獕牥屳整档屡湏䑥楲敶䑜獥瑫灯獜污獥愠⁩汰瑡牦浯扜捡敫摮慜灰浜摩汤睥牡履敲畱獥彴潣瑮硥⹴祰Ⱒ氠湩⁥㘵‬湩搠獩慰捴൨ †簠††爠楡敳攠਍††⁼†楆敬∠㩃啜敳獲瑜捥慨作敮牄癩履敄歳潴屰慳敬⁳楡瀠慬晴潲屭慢正湥層灡屰業摤敬慷敲牜煥敵瑳损湯整瑸瀮≹‬楬敮㔠ⰰ椠⁮楤灳瑡档਍††⁼††敲灳湯敳㴠愠慷瑩挠污彬敮瑸爨煥敵瑳ഩ †簠††††††††幞幞幞幞幞幞幞幞幞幞幞幞਍††⁼†楆敬∠㩃啜敳獲瑜捥慨䅜灰慄慴䱜捯污停潲牧浡屳祐桴湯停瑹潨㍮㈱䱜扩獜瑩ⵥ慰正条獥獜慴汲瑥整浜摩汤睥牡履慢敳瀮≹‬楬敮ㄠ㔶‬湩挠污彬敮瑸਍††⁼††慲獩⁥灡彰硥ൣ †簠†䘠汩⁥䌢尺獕牥屳整档屡灁䑰瑡屡潌慣屬牐杯慲獭停瑹潨屮祐桴湯ㄳ尲楌屢楳整瀭捡慫敧屳瑳牡敬瑴履業摤敬慷敲扜獡⹥祰Ⱒ氠湩⁥㔱ⰱ椠⁮潣潲਍††⁼††睡楡⁴敳晬愮灰猨潣数‬敲散癩彥牯摟獩潣湮捥ⱴ猠湥彤潮敟牲牯ഩ †簠†䘠汩⁥䌢尺獕牥屳整档屡灁䑰瑡屡潌慣屬牐杯慲獭停瑹潨屮祐桴湯ㄳ尲楌屢楳整瀭捡慫敧屳瑳牡敬瑴履業摤敬慷敲扜獡⹥祰Ⱒ氠湩⁥㠱ⰹ椠⁮彟慣汬彟਍††⁼††楷桴挠汯慬獰彥硥杣潲灵⡳㨩਍††⁼†楆敬∠㩃啜敳獲瑜捥慨䅜灰慄慴䱜捯污停潲牧浡屳祐桴湯停瑹潨㍮㈱䱜扩捜湯整瑸楬⹢祰Ⱒ氠湩⁥㔱ⰸ椠⁮彟硥瑩彟਍††⁼††敳晬朮湥琮牨睯瘨污敵ഩ †簠†䘠汩⁥䌢尺獕牥屳整档屡灁䑰瑡屡潌慣屬牐杯慲獭停瑹潨屮祐桴湯ㄳ尲楌屢楳整瀭捡慫敧屳瑳牡敬瑴履畟楴獬瀮≹‬楬敮㤠ⰳ椠⁮潣汬灡敳敟捸牧畯獰਍††⁼††慲獩⁥硥ൣ †簠†䘠汩⁥䌢尺獕牥屳整档屡灁䑰瑡屡潌慣屬牐杯慲獭停瑹潨屮祐桴湯ㄳ尲楌屢楳整瀭捡慫敧屳瑳牡敬瑴履業摤敬慷敲扜獡⹥祰Ⱒ氠湩⁥㤱ⰱ椠⁮彟慣汬彟਍††⁼††敲灳湯敳㴠愠慷瑩猠汥⹦楤灳瑡档晟湵⡣敲畱獥ⱴ挠污彬敮瑸ഩ †簠††††††††幞幞幞幞幞幞幞幞幞幞幞幞幞幞幞幞幞幞幞幞幞幞਍††⁼†楆敬∠㩃啜敳獲瑜捥慨作敮牄癩履敄歳潴屰慳敬⁳楡瀠慬晴潲屭慢正湥層灡屰業摤敬慷敲獜捥牵瑩⹹祰Ⱒ氠湩⁥㌲ⰱ椠⁮楤灳瑡档਍††⁼††敲灳湯敳㴠愠慷瑩挠污彬敮瑸爨煥敵瑳ഩ †簠††††††††幞幞幞幞幞幞幞幞幞幞幞幞਍††⁼†楆敬∠㩃啜敳獲瑜捥慨䅜灰慄慴䱜捯污停潲牧浡屳祐桴湯停瑹潨㍮㈱䱜扩獜瑩ⵥ慰正条獥獜慴汲瑥整浜摩汤睥牡履慢敳瀮≹‬楬敮ㄠ㔶‬湩挠污彬敮瑸਍††⁼††慲獩⁥灡彰硥ൣ †簠†䘠汩⁥䌢尺獕牥屳整档屡灁䑰瑡屡潌慣屬牐杯慲獭停瑹潨屮祐桴湯ㄳ尲楌屢楳整瀭捡慫敧屳瑳牡敬瑴履業摤敬慷敲扜獡⹥祰Ⱒ氠湩⁥㔱ⰱ椠⁮潣潲਍††⁼††睡楡⁴敳晬愮灰猨潣数‬敲散癩彥牯摟獩潣湮捥ⱴ猠湥彤潮敟牲牯ഩ †簠†䘠汩⁥䌢尺獕牥屳整档屡灁䑰瑡屡潌慣屬牐杯慲獭停瑹潨屮祐桴湯ㄳ尲楌屢楳整瀭捡慫敧屳瑳牡敬瑴履業摤敬慷敲扜獡⹥祰Ⱒ氠湩⁥㠱ⰹ椠⁮彟慣汬彟਍††⁼††楷桴挠汯慬獰彥硥杣潲灵⡳㨩਍††⁼†楆敬∠㩃啜敳獲瑜捥慨䅜灰慄慴䱜捯污停潲牧浡屳祐桴湯停瑹潨㍮㈱䱜扩捜湯整瑸楬⹢祰Ⱒ氠湩⁥㔱ⰸ椠⁮彟硥瑩彟਍††⁼††敳晬朮湥琮牨睯瘨污敵ഩ †簠†䘠汩⁥䌢尺獕牥屳整档屡灁䑰瑡屡潌慣屬牐杯慲獭停瑹潨屮祐桴湯ㄳ尲楌屢楳整瀭捡慫敧屳瑳牡敬瑴履畟楴獬瀮≹‬楬敮㤠ⰳ椠⁮潣汬灡敳敟捸牧畯獰਍††⁼††慲獩⁥硥ൣ †簠†䘠汩⁥䌢尺獕牥屳整档屡灁䑰瑡屡潌慣屬牐杯慲獭停瑹潨屮祐桴湯ㄳ尲楌屢楳整瀭捡慫敧屳瑳牡敬瑴履業摤敬慷敲扜獡⹥祰Ⱒ氠湩⁥㤱ⰱ椠⁮彟慣汬彟਍††⁼††敲灳湯敳㴠愠慷瑩猠汥⹦楤灳瑡档晟湵⡣敲畱獥ⱴ挠污彬敮瑸ഩ †簠††††††††幞幞幞幞幞幞幞幞幞幞幞幞幞幞幞幞幞幞幞幞幞幞਍††⁼†楆敬∠㩃啜敳獲瑜捥慨作敮牄癩履敄歳潴屰慳敬⁳楡瀠慬晴潲屭慢正湥層灡屰業摤敬慷敲獜捥牵瑩⹹祰Ⱒ氠湩⁥ㄲⰱ椠⁮楤灳瑡档਍††⁼††慲獩⁥呈偔硅散瑰潩⡮਍††⁼慦瑳灡⹩硥散瑰潩獮䠮呔䕐捸灥楴湯›㈴㨹吠潯洠湡⁹敲畱獥獴‮慍楸畭⁭〶爠煥敵瑳⁳数⁲業畮整愠汬睯摥മ †⬠ⴭⴭⴭⴭⴭⴭⴭⴭⴭⴭⴭⴭⴭⴭⴭⴭⴭⴭ਍਍畄楲杮栠湡汤湩⁧景琠敨愠潢敶攠捸灥楴湯‬湡瑯敨⁲硥散瑰潩⁮捯畣牲摥ഺഊ吊慲散慢正⠠潭瑳爠捥湥⁴慣汬氠獡⥴ഺ 䘠汩⁥䌢尺獕牥屳整档屡灁䑰瑡屡潌慣屬牐杯慲獭停瑹潨屮祐桴湯ㄳ尲楌屢楳整瀭捡慫敧屳瑳牡敬瑴履業摤敬慷敲敜牲牯⹳祰Ⱒ氠湩⁥㘱ⰴ椠⁮彟慣汬彟਍††睡楡⁴敳晬愮灰猨潣数‬敲散癩ⱥ张敳摮ഩ 䘠汩⁥䌢尺獕牥屳整档屡灁䑰瑡屡潌慣屬牐杯慲獭停瑹潨屮祐桴湯ㄳ尲楌屢楳整瀭捡慫敧屳瑳牡敬瑴履業摤敬慷敲扜獡⹥祰Ⱒ氠湩⁥㠱ⰹ椠⁮彟慣汬彟਍††楷桴挠汯慬獰彥硥杣潲灵⡳㨩਍†楆敬∠㩃啜敳獲瑜捥慨䅜灰慄慴䱜捯污停潲牧浡屳祐桴湯停瑹潨㍮㈱䱜扩捜湯整瑸楬⹢祰Ⱒ氠湩⁥㔱ⰸ椠⁮彟硥瑩彟਍††敳晬朮湥琮牨睯瘨污敵ഩ 䘠汩⁥䌢尺獕牥屳整档屡灁䑰瑡屡潌慣屬牐杯慲獭停瑹潨屮祐桴湯ㄳ尲楌屢楳整瀭捡慫敧屳瑳牡敬瑴履畟楴獬瀮≹‬楬敮㤠ⰳ椠⁮潣汬灡敳敟捸牧畯獰਍††慲獩⁥硥ൣ 䘠汩⁥䌢尺獕牥屳整档屡灁䑰瑡屡潌慣屬牐杯慲獭停瑹潨屮祐桴湯ㄳ尲楌屢楳整瀭捡慫敧屳瑳牡敬瑴履業摤敬慷敲扜獡⹥祰Ⱒ氠湩⁥㤱ⰱ椠⁮彟慣汬彟਍††敲灳湯敳㴠愠慷瑩猠汥⹦楤灳瑡档晟湵⡣敲畱獥ⱴ挠污彬敮瑸ഩ †††††††幞幞幞幞幞幞幞幞幞幞幞幞幞幞幞幞幞幞幞幞幞幞਍†楆敬∠㩃啜敳獲瑜捥慨作敮牄癩履敄歳潴屰慳敬⁳楡瀠慬晴潲屭慢正湥層灡屰業摤敬慷敲牜煥敵瑳损湯整瑸瀮≹‬楬敮㔠ⰶ椠⁮楤灳瑡档਍††慲獩⁥൥ 䘠汩⁥䌢尺獕牥屳整档屡湏䑥楲敶䑜獥瑫灯獜污獥愠⁩汰瑡牦浯扜捡敫摮慜灰浜摩汤睥牡履敲畱獥彴潣瑮硥⹴祰Ⱒ氠湩⁥〵‬湩搠獩慰捴൨ †爠獥潰獮⁥‽睡楡⁴慣汬湟硥⡴敲畱獥⥴਍†††††††帠幞幞幞幞幞幞幞幞幞幞幞൞ 䘠汩⁥䌢尺獕牥屳整档屡灁䑰瑡屡潌慣屬牐杯慲獭停瑹潨屮祐桴湯ㄳ尲楌屢楳整瀭捡慫敧屳瑳牡敬瑴履業摤敬慷敲扜獡⹥祰Ⱒ氠湩⁥㘱ⰵ椠⁮慣汬湟硥൴ †爠楡敳愠灰敟捸਍†楆敬∠㩃啜敳獲瑜捥慨䅜灰慄慴䱜捯污停潲牧浡屳祐桴湯停瑹潨㍮㈱䱜扩獜瑩ⵥ慰正条獥獜慴汲瑥整浜摩汤睥牡履慢敳瀮≹‬楬敮ㄠㄵ‬湩挠牯൯ †愠慷瑩猠汥⹦灡⡰捳灯ⱥ爠捥楥敶潟彲楤捳湯敮瑣‬敳摮湟彯牥潲⥲਍†楆敬∠㩃啜敳獲瑜捥慨䅜灰慄慴䱜捯污停潲牧浡屳祐桴湯停瑹潨㍮㈱䱜扩獜瑩ⵥ慰正条獥獜慴汲瑥整浜摩汤睥牡履慢敳瀮≹‬楬敮ㄠ㤸‬湩张损污彬ൟ †眠瑩⁨潣汬灡敳敟捸牧畯獰⤨ഺ 䘠汩⁥䌢尺獕牥屳整档屡灁䑰瑡屡潌慣屬牐杯慲獭停瑹潨屮祐桴湯ㄳ尲楌屢潣瑮硥汴扩瀮≹‬楬敮ㄠ㠵‬湩张敟楸彴ൟ †猠汥⹦敧⹮桴潲⡷慶畬⥥਍†楆敬∠㩃啜敳獲瑜捥慨䅜灰慄慴䱜捯污停潲牧浡屳祐桴湯停瑹潨㍮㈱䱜扩獜瑩ⵥ慰正条獥獜慴汲瑥整彜瑵汩⹳祰Ⱒ氠湩⁥㌹‬湩挠汯慬獰彥硥杣潲灵൳ †爠楡敳攠捸਍†楆敬∠㩃啜敳獲瑜捥慨䅜灰慄慴䱜捯污停潲牧浡屳祐桴湯停瑹潨㍮㈱䱜扩獜瑩ⵥ慰正条獥獜慴汲瑥整浜摩汤睥牡履慢敳瀮≹‬楬敮ㄠㄹ‬湩张损污彬ൟ †爠獥潰獮⁥‽睡楡⁴敳晬搮獩慰捴彨畦据爨煥敵瑳‬慣汬湟硥⥴਍†††††††帠幞幞幞幞幞幞幞幞幞幞幞幞幞幞幞幞幞幞幞幞幞൞ 䘠汩⁥䌢尺獕牥屳整档屡湏䑥楲敶䑜獥瑫灯獜污獥愠⁩汰瑡牦浯扜捡敫摮慜灰浜摩汤睥牡履敳畣楲祴瀮≹‬楬敮㈠ㄳ‬湩搠獩慰捴൨ †爠獥潰獮⁥‽睡楡⁴慣汬湟硥⡴敲畱獥⥴਍†††††††帠幞幞幞幞幞幞幞幞幞幞幞൞ 䘠汩⁥䌢尺獕牥屳整档屡灁䑰瑡屡潌慣屬牐杯慲獭停瑹潨屮祐桴湯ㄳ尲楌屢楳整瀭捡慫敧屳瑳牡敬瑴履業摤敬慷敲扜獡⹥祰Ⱒ氠湩⁥㘱ⰵ椠⁮慣汬湟硥൴ †爠楡敳愠灰敟捸਍†楆敬∠㩃啜敳獲瑜捥慨䅜灰慄慴䱜捯污停潲牧浡屳祐桴湯停瑹潨㍮㈱䱜扩獜瑩ⵥ慰正条獥獜慴汲瑥整浜摩汤睥牡履慢敳瀮≹‬楬敮ㄠㄵ‬湩挠牯൯ †愠慷瑩猠汥⹦灡⡰捳灯ⱥ爠捥楥敶潟彲楤捳湯敮瑣‬敳摮湟彯牥潲⥲਍†楆敬∠㩃啜敳獲瑜捥慨䅜灰慄慴䱜捯污停潲牧浡屳祐桴湯停瑹潨㍮㈱䱜扩獜瑩ⵥ慰正条獥獜慴汲瑥整浜摩汤睥牡履慢敳瀮≹‬楬敮ㄠ㤸‬湩张损污彬ൟ †眠瑩⁨潣汬灡敳敟捸牧畯獰⤨ഺ 䘠汩⁥䌢尺獕牥屳整档屡灁䑰瑡屡潌慣屬牐杯慲獭停瑹潨屮祐桴湯ㄳ尲楌屢潣瑮硥汴扩瀮≹‬楬敮ㄠ㠵‬湩张敟楸彴ൟ †猠汥⹦敧⹮桴潲⡷慶畬⥥਍†楆敬∠㩃啜敳獲瑜捥慨䅜灰慄慴䱜捯污停潲牧浡屳祐桴湯停瑹潨㍮㈱䱜扩獜瑩ⵥ慰正条獥獜慴汲瑥整彜瑵汩⹳祰Ⱒ氠湩⁥㌹‬湩挠汯慬獰彥硥杣潲灵൳ †爠楡敳攠捸਍†楆敬∠㩃啜敳獲瑜捥慨䅜灰慄慴䱜捯污停潲牧浡屳祐桴湯停瑹潨㍮㈱䱜扩獜瑩ⵥ慰正条獥獜慴汲瑥整浜摩汤睥牡履慢敳瀮≹‬楬敮ㄠㄹ‬湩张损污彬ൟ †爠獥潰獮⁥‽睡楡⁴敳晬搮獩慰捴彨畦据爨煥敵瑳‬慣汬湟硥⥴਍†††††††帠幞幞幞幞幞幞幞幞幞幞幞幞幞幞幞幞幞幞幞幞幞൞ 䘠汩⁥䌢尺獕牥屳整档屡湏䑥楲敶䑜獥瑫灯獜污獥愠⁩汰瑡牦浯扜捡敫摮慜灰浜摩汤睥牡履敳畣楲祴瀮≹‬楬敮㈠ㄱ‬湩搠獩慰捴൨ †爠楡敳䠠呔䕐捸灥楴湯ന昊獡慴楰攮捸灥楴湯⹳呈偔硅散瑰潩㩮㐠㤲›潔⁯慭祮爠煥敵瑳⹳䴠硡浩浵㘠‰敲畱獥獴瀠牥洠湩瑵⁥污潬敷⹤਍਍㉛㈰ⴶ㌰㈭‹㄰㌺㨶〱〮㌹㠲崱嬠䑉㠺㥤晢㕥ⴵ㌵摦㐭㉤ⵥ㘹㜰㜭㡢捤㐰㈴捤崴䔠剒›㈴㨹吠潯洠湡⁹敲畱獥獴‮慍楸畭⁭〶爠煥敵瑳⁳数⁲業畮整愠汬睯摥മ ⬠䔠捸灥楴湯䜠潲灵吠慲散慢正⠠潭瑳爠捥湥⁴慣汬氠獡⥴ഺ 簠†䘠汩⁥䌢尺獕牥屳整档屡灁䑰瑡屡潌慣屬牐杯慲獭停瑹潨屮祐桴湯ㄳ尲楌屢楳整瀭捡慫敧屳瑳牡敬瑴履畟楴獬瀮≹‬楬敮㠠ⰷ椠⁮潣汬灡敳敟捸牧畯獰਍†⁼††楹汥൤ 簠†䘠汩⁥䌢尺獕牥屳整档屡灁䑰瑡屡潌慣屬牐杯慲獭停瑹潨屮祐桴湯ㄳ尲楌屢楳整瀭捡慫敧屳瑳牡敬瑴履業摤敬慷敲扜獡⹥祰Ⱒ氠湩⁥㤱ⰰ椠⁮彟慣汬彟਍†⁼††獡湹⁣楷桴愠祮潩挮敲瑡彥慴歳束潲灵⤨愠⁳慴歳束潲灵ഺ 簠†䘠汩⁥䌢尺獕牥屳整档屡灁䑰瑡屡潌慣屬牐杯慲獭停瑹潨屮祐桴湯ㄳ尲楌屢楳整瀭捡慫敧屳湡楹屯扟捡敫摮屳慟祳据潩瀮≹‬楬敮㘠㠷‬湩张慟硥瑩彟਍†⁼††慲獩⁥慂敳硅散瑰潩䝮潲灵ന 簠䔠捸灥楴湯片畯㩰甠桮湡汤摥攠牲牯⁳湩愠吠獡䝫潲灵⠠‱畳ⵢ硥散瑰潩⥮਍†⴫⴫ⴭⴭⴭⴭⴭⴭⴭ‭‱ⴭⴭⴭⴭⴭⴭⴭⴭ਍††⁼牔捡扥捡⁫洨獯⁴敲散瑮挠污⁬慬瑳㨩਍††⁼†楆敬∠㩃啜敳獲瑜捥慨䅜灰慄慴䱜捯污停潲牧浡屳祐桴湯停瑹潨㍮㈱䱜扩獜瑩ⵥ慰正条獥獜慴汲瑥整浜摩汤睥牡履牥潲獲瀮≹‬楬敮ㄠ㐶‬湩张损污彬ൟ †簠††愠慷瑩猠汥⹦灡⡰捳灯ⱥ爠捥楥敶‬獟湥⥤਍††⁼†楆敬∠㩃啜敳獲瑜捥慨䅜灰慄慴䱜捯污停潲牧浡屳祐桴湯停瑹潨㍮㈱䱜扩獜瑩ⵥ慰正条獥獜慴汲瑥整浜摩汤睥牡履慢敳瀮≹‬楬敮ㄠ㤸‬湩张损污彬ൟ †簠††眠瑩⁨潣汬灡敳敟捸牧畯獰⤨ഺ †簠†䘠汩⁥䌢尺獕牥屳整档屡灁䑰瑡屡潌慣屬牐杯慲獭停瑹潨屮祐桴湯ㄳ尲楌屢潣瑮硥汴扩瀮≹‬楬敮ㄠ㠵‬湩张敟楸彴ൟ †簠††猠汥⹦敧⹮桴潲⡷慶畬⥥਍††⁼†楆敬∠㩃啜敳獲瑜捥慨䅜灰慄慴䱜捯污停潲牧浡屳祐桴湯停瑹潨㍮㈱䱜扩獜瑩ⵥ慰正条獥獜慴汲瑥整彜瑵汩⹳祰Ⱒ氠湩⁥㌹‬湩挠汯慬獰彥硥杣潲灵൳ †簠††爠楡敳攠捸਍††⁼†楆敬∠㩃啜敳獲瑜捥慨䅜灰慄慴䱜捯污停潲牧浡屳祐桴湯停瑹潨㍮㈱䱜扩獜瑩ⵥ慰正条獥獜慴汲瑥整浜摩汤睥牡履慢敳瀮≹‬楬敮ㄠㄹ‬湩张损污彬ൟ †簠††爠獥潰獮⁥‽睡楡⁴敳晬搮獩慰捴彨畦据爨煥敵瑳‬慣汬湟硥⥴਍††⁼†††††††帠幞幞幞幞幞幞幞幞幞幞幞幞幞幞幞幞幞幞幞幞幞൞ †簠†䘠汩⁥䌢尺獕牥屳整档屡湏䑥楲敶䑜獥瑫灯獜污獥愠⁩汰瑡牦浯扜捡敫摮慜灰浜摩汤睥牡履敲畱獥彴潣瑮硥⹴祰Ⱒ氠湩⁥㘵‬湩搠獩慰捴൨ †簠††爠楡敳攠਍††⁼†楆敬∠㩃啜敳獲瑜捥慨作敮牄癩履敄歳潴屰慳敬⁳楡瀠慬晴潲屭慢正湥層灡屰業摤敬慷敲牜煥敵瑳损湯整瑸瀮≹‬楬敮㔠ⰰ椠⁮楤灳瑡档਍††⁼††敲灳湯敳㴠愠慷瑩挠污彬敮瑸爨煥敵瑳ഩ †簠††††††††幞幞幞幞幞幞幞幞幞幞幞幞਍††⁼†楆敬∠㩃啜敳獲瑜捥慨䅜灰慄慴䱜捯污停潲牧浡屳祐桴湯停瑹潨㍮㈱䱜扩獜瑩ⵥ慰正条獥獜慴汲瑥整浜摩汤睥牡履慢敳瀮≹‬楬敮ㄠ㔶‬湩挠污彬敮瑸਍††⁼††慲獩⁥灡彰硥ൣ †簠†䘠汩⁥䌢尺獕牥屳整档屡灁䑰瑡屡潌慣屬牐杯慲獭停瑹潨屮祐桴湯ㄳ尲楌屢楳整瀭捡慫敧屳瑳牡敬瑴履業摤敬慷敲扜獡⹥祰Ⱒ氠湩⁥㔱ⰱ椠⁮潣潲਍††⁼††睡楡⁴敳晬愮灰猨潣数‬敲散癩彥牯摟獩潣湮捥ⱴ猠湥彤潮敟牲牯ഩ †簠†䘠汩⁥䌢尺獕牥屳整档屡灁䑰瑡屡潌慣屬牐杯慲獭停瑹潨屮祐桴湯ㄳ尲楌屢楳整瀭捡慫敧屳瑳牡敬瑴履業摤敬慷敲扜獡⹥祰Ⱒ氠湩⁥㠱ⰹ椠⁮彟慣汬彟਍††⁼††楷桴挠汯慬獰彥硥杣潲灵⡳㨩਍††⁼†楆敬∠㩃啜敳獲瑜捥慨䅜灰慄慴䱜捯污停潲牧浡屳祐桴湯停瑹潨㍮㈱䱜扩捜湯整瑸楬⹢祰Ⱒ氠湩⁥㔱ⰸ椠⁮彟硥瑩彟਍††⁼††敳晬朮湥琮牨睯瘨污敵ഩ †簠†䘠汩⁥䌢尺獕牥屳整档屡灁䑰瑡屡潌慣屬牐杯慲獭停瑹潨屮祐桴湯ㄳ尲楌屢楳整瀭捡慫敧屳瑳牡敬瑴履畟楴獬瀮≹‬楬敮㤠ⰳ椠⁮潣汬灡敳敟捸牧畯獰਍††⁼††慲獩⁥硥ൣ †簠†䘠汩⁥䌢尺獕牥屳整档屡灁䑰瑡屡潌慣屬牐杯慲獭停瑹潨屮祐桴湯ㄳ尲楌屢楳整瀭捡慫敧屳瑳牡敬瑴履業摤敬慷敲扜獡⹥祰Ⱒ氠湩⁥㤱ⰱ椠⁮彟慣汬彟਍††⁼††敲灳湯敳㴠愠慷瑩猠汥⹦楤灳瑡档晟湵⡣敲畱獥ⱴ挠污彬敮瑸ഩ †簠††††††††幞幞幞幞幞幞幞幞幞幞幞幞幞幞幞幞幞幞幞幞幞幞਍††⁼†楆敬∠㩃啜敳獲瑜捥慨作敮牄癩履敄歳潴屰慳敬⁳楡瀠慬晴潲屭慢正湥層灡屰業摤敬慷敲獜捥牵瑩⹹祰Ⱒ氠湩⁥㌲ⰱ椠⁮楤灳瑡档਍††⁼††敲灳湯敳㴠愠慷瑩挠污彬敮瑸爨煥敵瑳ഩ †簠††††††††幞幞幞幞幞幞幞幞幞幞幞幞਍††⁼†楆敬∠㩃啜敳獲瑜捥慨䅜灰慄慴䱜捯污停潲牧浡屳祐桴湯停瑹潨㍮㈱䱜扩獜瑩ⵥ慰正条獥獜慴汲瑥整浜摩汤睥牡履慢敳瀮≹‬楬敮ㄠ㔶‬湩挠污彬敮瑸਍††⁼††慲獩⁥灡彰硥ൣ †簠†䘠汩⁥䌢尺獕牥屳整档屡灁䑰瑡屡潌慣屬牐杯慲獭停瑹潨屮祐桴湯ㄳ尲楌屢楳整瀭捡慫敧屳瑳牡敬瑴履業摤敬慷敲扜獡⹥祰Ⱒ氠湩⁥㔱ⰱ椠⁮潣潲਍††⁼††睡楡⁴敳晬愮灰猨潣数‬敲散癩彥牯摟獩潣湮捥ⱴ猠湥彤潮敟牲牯ഩ †簠†䘠汩⁥䌢尺獕牥屳整档屡灁䑰瑡屡潌慣屬牐杯慲獭停瑹潨屮祐桴湯ㄳ尲楌屢楳整瀭捡慫敧屳瑳牡敬瑴履業摤敬慷敲扜獡⹥祰Ⱒ氠湩⁥㠱ⰹ椠⁮彟慣汬彟਍††⁼††楷桴挠汯慬獰彥硥杣潲灵⡳㨩਍††⁼†楆敬∠㩃啜敳獲瑜捥慨䅜灰慄慴䱜捯污停潲牧浡屳祐桴湯停瑹潨㍮㈱䱜扩捜湯整瑸楬⹢祰Ⱒ氠湩⁥㔱ⰸ椠⁮彟硥瑩彟਍††⁼††敳晬朮湥琮牨睯瘨污敵ഩ †簠†䘠汩⁥䌢尺獕牥屳整档屡灁䑰瑡屡潌慣屬牐杯慲獭停瑹潨屮祐桴湯ㄳ尲楌屢楳整瀭捡慫敧屳瑳牡敬瑴履畟楴獬瀮≹‬楬敮㤠ⰳ椠⁮潣汬灡敳敟捸牧畯獰਍††⁼††慲獩⁥硥ൣ †簠†䘠汩⁥䌢尺獕牥屳整档屡灁䑰瑡屡潌慣屬牐杯慲獭停瑹潨屮祐桴湯ㄳ尲楌屢楳整瀭捡慫敧屳瑳牡敬瑴履業摤敬慷敲扜獡⹥祰Ⱒ氠湩⁥㤱ⰱ椠⁮彟慣汬彟਍††⁼††敲灳湯敳㴠愠慷瑩猠汥⹦楤灳瑡档晟湵⡣敲畱獥ⱴ挠污彬敮瑸ഩ †簠††††††††幞幞幞幞幞幞幞幞幞幞幞幞幞幞幞幞幞幞幞幞幞幞਍††⁼†楆敬∠㩃啜敳獲瑜捥慨作敮牄癩履敄歳潴屰慳敬⁳楡瀠慬晴潲屭慢正湥層灡屰業摤敬慷敲獜捥牵瑩⹹祰Ⱒ氠湩⁥ㄲⰱ椠⁮楤灳瑡档਍††⁼††慲獩⁥呈偔硅散瑰潩⡮਍††⁼慦瑳灡⹩硥散瑰潩獮䠮呔䕐捸灥楴湯›㈴㨹吠潯洠湡⁹敲畱獥獴‮慍楸畭⁭〶爠煥敵瑳⁳数⁲業畮整愠汬睯摥മ †⬠ⴭⴭⴭⴭⴭⴭⴭⴭⴭⴭⴭⴭⴭⴭⴭⴭⴭⴭ਍਍畄楲杮栠湡汤湩⁧景琠敨愠潢敶攠捸灥楴湯‬湡瑯敨⁲硥散瑰潩⁮捯畣牲摥ഺഊ吊慲散慢正⠠潭瑳爠捥湥⁴慣汬氠獡⥴ഺ 䘠汩⁥䌢尺獕牥屳整档屡灁䑰瑡屡潌慣屬牐杯慲獭停瑹潨屮祐桴湯ㄳ尲楌屢楳整瀭捡慫敧屳瑳牡敬瑴履業摤敬慷敲敜牲牯⹳祰Ⱒ氠湩⁥㘱ⰴ椠⁮彟慣汬彟਍††睡楡⁴敳晬愮灰猨潣数‬敲散癩ⱥ张敳摮ഩ 䘠汩⁥䌢尺獕牥屳整档屡灁䑰瑡屡潌慣屬牐杯慲獭停瑹潨屮祐桴湯ㄳ尲楌屢楳整瀭捡慫敧屳瑳牡敬瑴履業摤敬慷敲扜獡⹥祰Ⱒ氠湩⁥㠱ⰹ椠⁮彟慣汬彟਍††楷桴挠汯慬獰彥硥杣潲灵⡳㨩਍†楆敬∠㩃啜敳獲瑜捥慨䅜灰慄慴䱜捯污停潲牧浡屳祐桴湯停瑹潨㍮㈱䱜扩捜湯整瑸楬⹢祰Ⱒ氠湩⁥㔱ⰸ椠⁮彟硥瑩彟਍††敳晬朮湥琮牨睯瘨污敵ഩ 䘠汩⁥䌢尺獕牥屳整档屡灁䑰瑡屡潌慣屬牐杯慲獭停瑹潨屮祐桴湯ㄳ尲楌屢楳整瀭捡慫敧屳瑳牡敬瑴履畟楴獬瀮≹‬楬敮㤠ⰳ椠⁮潣汬灡敳敟捸牧畯獰਍††慲獩⁥硥ൣ 䘠汩⁥䌢尺獕牥屳整档屡灁䑰瑡屡潌慣屬牐杯慲獭停瑹潨屮祐桴湯ㄳ尲楌屢楳整瀭捡慫敧屳瑳牡敬瑴履業摤敬慷敲扜獡⹥祰Ⱒ氠湩⁥㤱ⰱ椠⁮彟慣汬彟਍††敲灳湯敳㴠愠慷瑩猠汥⹦楤灳瑡档晟湵⡣敲畱獥ⱴ挠污彬敮瑸ഩ †††††††幞幞幞幞幞幞幞幞幞幞幞幞幞幞幞幞幞幞幞幞幞幞਍†楆敬∠㩃啜敳獲瑜捥慨作敮牄癩履敄歳潴屰慳敬⁳楡瀠慬晴潲屭慢正湥層灡屰業摤敬慷敲牜煥敵瑳损湯整瑸瀮≹‬楬敮㔠ⰶ椠⁮楤灳瑡档਍††慲獩⁥൥ 䘠汩⁥䌢尺獕牥屳整档屡湏䑥楲敶䑜獥瑫灯獜污獥愠⁩汰瑡牦浯扜捡敫摮慜灰浜摩汤睥牡履敲畱獥彴潣瑮硥⹴祰Ⱒ氠湩⁥〵‬湩搠獩慰捴൨ †爠獥潰獮⁥‽睡楡⁴慣汬湟硥⡴敲畱獥⥴਍†††††††帠幞幞幞幞幞幞幞幞幞幞幞൞ 䘠汩⁥䌢尺獕牥屳整档屡灁䑰瑡屡潌慣屬牐杯慲獭停瑹潨屮祐桴湯ㄳ尲楌屢楳整瀭捡慫敧屳瑳牡敬瑴履業摤敬慷敲扜獡⹥祰Ⱒ氠湩⁥㘱ⰵ椠⁮慣汬湟硥൴ †爠楡敳愠灰敟捸਍†楆敬∠㩃啜敳獲瑜捥慨䅜灰慄慴䱜捯污停潲牧浡屳祐桴湯停瑹潨㍮㈱䱜扩獜瑩ⵥ慰正条獥獜慴汲瑥整浜摩汤睥牡履慢敳瀮≹‬楬敮ㄠㄵ‬湩挠牯൯ †愠慷瑩猠汥⹦灡⡰捳灯ⱥ爠捥楥敶潟彲楤捳湯敮瑣‬敳摮湟彯牥潲⥲਍†楆敬∠㩃啜敳獲瑜捥慨䅜灰慄慴䱜捯污停潲牧浡屳祐桴湯停瑹潨㍮㈱䱜扩獜瑩ⵥ慰正条獥獜慴汲瑥整浜摩汤睥牡履慢敳瀮≹‬楬敮ㄠ㤸‬湩张损污彬ൟ †眠瑩⁨潣汬灡敳敟捸牧畯獰⤨ഺ 䘠汩⁥䌢尺獕牥屳整档屡灁䑰瑡屡潌慣屬牐杯慲獭停瑹潨屮祐桴湯ㄳ尲楌屢潣瑮硥汴扩瀮≹‬楬敮ㄠ㠵‬湩张敟楸彴ൟ †猠汥⹦敧⹮桴潲⡷慶畬⥥਍†楆敬∠㩃啜敳獲瑜捥慨䅜灰慄慴䱜捯污停潲牧浡屳祐桴湯停瑹潨㍮㈱䱜扩獜瑩ⵥ慰正条獥獜慴汲瑥整彜瑵汩⹳祰Ⱒ氠湩⁥㌹‬湩挠汯慬獰彥硥杣潲灵൳ †爠楡敳攠捸਍†楆敬∠㩃啜敳獲瑜捥慨䅜灰慄慴䱜捯污停潲牧浡屳祐桴湯停瑹潨㍮㈱䱜扩獜瑩ⵥ慰正条獥獜慴汲瑥整浜摩汤睥牡履慢敳瀮≹‬楬敮ㄠㄹ‬湩张损污彬ൟ †爠獥潰獮⁥‽睡楡⁴敳晬搮獩慰捴彨畦据爨煥敵瑳‬慣汬湟硥⥴਍†††††††帠幞幞幞幞幞幞幞幞幞幞幞幞幞幞幞幞幞幞幞幞幞൞ 䘠汩⁥䌢尺獕牥屳整档屡湏䑥楲敶䑜獥瑫灯獜污獥愠⁩汰瑡牦浯扜捡敫摮慜灰浜摩汤睥牡履敳畣楲祴瀮≹‬楬敮㈠ㄳ‬湩搠獩慰捴൨ †爠獥潰獮⁥‽睡楡⁴慣汬湟硥⡴敲畱獥⥴਍†††††††帠幞幞幞幞幞幞幞幞幞幞幞൞ 䘠汩⁥䌢尺獕牥屳整档屡灁䑰瑡屡潌慣屬牐杯慲獭停瑹潨屮祐桴湯ㄳ尲楌屢楳整瀭捡慫敧屳瑳牡敬瑴履業摤敬慷敲扜獡⹥祰Ⱒ氠湩⁥㘱ⰵ椠⁮慣汬湟硥൴ †爠楡敳愠灰敟捸਍†楆敬∠㩃啜敳獲瑜捥慨䅜灰慄慴䱜捯污停潲牧浡屳祐桴湯停瑹潨㍮㈱䱜扩獜瑩ⵥ慰正条獥獜慴汲瑥整浜摩汤睥牡履慢敳瀮≹‬楬敮ㄠㄵ‬湩挠牯൯ †愠慷瑩猠汥⹦灡⡰捳灯ⱥ爠捥楥敶潟彲楤捳湯敮瑣‬敳摮湟彯牥潲⥲਍†楆敬∠㩃啜敳獲瑜捥慨䅜灰慄慴䱜捯污停潲牧浡屳祐桴湯停瑹潨㍮㈱䱜扩獜瑩ⵥ慰正条獥獜慴汲瑥整浜摩汤睥牡履慢敳瀮≹‬楬敮ㄠ㤸‬湩张损污彬ൟ †眠瑩⁨潣汬灡敳敟捸牧畯獰⤨ഺ 䘠汩⁥䌢尺獕牥屳整档屡灁䑰瑡屡潌慣屬牐杯慲獭停瑹潨屮祐桴湯ㄳ尲楌屢潣瑮硥汴扩瀮≹‬楬敮ㄠ㠵‬湩张敟楸彴ൟ †猠汥⹦敧⹮桴潲⡷慶畬⥥਍†楆敬∠㩃啜敳獲瑜捥慨䅜灰慄慴䱜捯污停潲牧浡屳祐桴湯停瑹潨㍮㈱䱜扩獜瑩ⵥ慰正条獥獜慴汲瑥整彜瑵汩⹳祰Ⱒ氠湩⁥㌹‬湩挠汯慬獰彥硥杣潲灵൳ †爠楡敳攠捸਍†楆敬∠㩃啜敳獲瑜捥慨䅜灰慄慴䱜捯污停潲牧浡屳祐桴湯停瑹潨㍮㈱䱜扩獜瑩ⵥ慰正条獥獜慴汲瑥整浜摩汤睥牡履慢敳瀮≹‬楬敮ㄠㄹ‬湩张损污彬ൟ †爠獥潰獮⁥‽睡楡⁴敳晬搮獩慰捴彨畦据爨煥敵瑳‬慣汬湟硥⥴਍†††††††帠幞幞幞幞幞幞幞幞幞幞幞幞幞幞幞幞幞幞幞幞幞൞ 䘠汩⁥䌢尺獕牥屳整档屡湏䑥楲敶䑜獥瑫灯獜污獥愠⁩汰瑡牦浯扜捡敫摮慜灰浜摩汤睥牡履敳畣楲祴瀮≹‬楬敮㈠ㄱ‬湩搠獩慰捴൨ †爠楡敳䠠呔䕐捸灥楴湯ന昊獡慴楰攮捸灥楴湯⹳呈偔硅散瑰潩㩮㐠㤲›潔⁯慭祮爠煥敵瑳⹳䴠硡浩浵㘠‰敲畱獥獴瀠牥洠湩瑵⁥污潬敷⹤਍਍㉛㈰ⴶ㌰㈭‹㄰㌺㨶〱㈮㔴㤳崲嬠䑉㔺㍡愶攷ⴵ晢㙦㐭戴ⴳ摡捦〭昹っ戴㥡㙡崰䔠剒›㈴㨹吠潯洠湡⁹敲畱獥獴‮慍楸畭⁭〶爠煥敵瑳⁳数⁲業畮整愠汬睯摥മ ⬠䔠捸灥楴湯䜠潲灵吠慲散慢正⠠潭瑳爠捥湥⁴慣汬氠獡⥴ഺ 簠†䘠汩⁥䌢尺獕牥屳整档屡灁䑰瑡屡潌慣屬牐杯慲獭停瑹潨屮祐桴湯ㄳ尲楌屢楳整瀭捡慫敧屳瑳牡敬瑴履畟楴獬瀮≹‬楬敮㠠ⰷ椠⁮潣汬灡敳敟捸牧畯獰਍†⁼††楹汥൤ 簠†䘠汩⁥䌢尺獕牥屳整档屡灁䑰瑡屡潌慣屬牐杯慲獭停瑹潨屮祐桴湯ㄳ尲楌屢楳整瀭捡慫敧屳瑳牡敬瑴履業摤敬慷敲扜獡⹥祰Ⱒ氠湩⁥㤱ⰰ椠⁮彟慣汬彟਍†⁼††獡湹⁣楷桴愠祮潩挮敲瑡彥慴歳束潲灵⤨愠⁳慴歳束潲灵ഺ 簠†䘠汩⁥䌢尺獕牥屳整档屡灁䑰瑡屡潌慣屬牐杯慲獭停瑹潨屮祐桴湯ㄳ尲楌屢楳整瀭捡慫敧屳湡楹屯扟捡敫摮屳慟祳据潩瀮≹‬楬敮㘠㠷‬湩张慟硥瑩彟਍†⁼††慲獩⁥慂敳硅散瑰潩䝮潲灵ന 簠䔠捸灥楴湯片畯㩰甠桮湡汤摥攠牲牯⁳湩愠吠獡䝫潲灵⠠‱畳ⵢ硥散瑰潩⥮਍†⴫⴫ⴭⴭⴭⴭⴭⴭⴭ‭‱ⴭⴭⴭⴭⴭⴭⴭⴭ਍††⁼牔捡扥捡⁫洨獯⁴敲散瑮挠污⁬慬瑳㨩਍††⁼†楆敬∠㩃啜敳獲瑜捥慨䅜灰慄慴䱜捯污停潲牧浡屳祐桴湯停瑹潨㍮㈱䱜扩獜瑩ⵥ慰正条獥獜慴汲瑥整浜摩汤睥牡履牥潲獲瀮≹‬楬敮ㄠ㐶‬湩张损污彬ൟ †簠††愠慷瑩猠汥⹦灡⡰捳灯ⱥ爠捥楥敶‬獟湥⥤਍††⁼†楆敬∠㩃啜敳獲瑜捥慨䅜灰慄慴䱜捯污停潲牧浡屳祐桴湯停瑹潨㍮㈱䱜扩獜瑩ⵥ慰正条獥獜慴汲瑥整浜摩汤睥牡履慢敳瀮≹‬楬敮ㄠ㤸‬湩张损污彬ൟ †簠††眠瑩⁨潣汬灡敳敟捸牧畯獰⤨ഺ †簠†䘠汩⁥䌢尺獕牥屳整档屡灁䑰瑡屡潌慣屬牐杯慲獭停瑹潨屮祐桴湯ㄳ尲楌屢潣瑮硥汴扩瀮≹‬楬敮ㄠ㠵‬湩张敟楸彴ൟ †簠††猠汥⹦敧⹮桴潲⡷慶畬⥥਍††⁼†楆敬∠㩃啜敳獲瑜捥慨䅜灰慄慴䱜捯污停潲牧浡屳祐桴湯停瑹潨㍮㈱䱜扩獜瑩ⵥ慰正条獥獜慴汲瑥整彜瑵汩⹳祰Ⱒ氠湩⁥㌹‬湩挠汯慬獰彥硥杣潲灵൳ †簠††爠楡敳攠捸਍††⁼†楆敬∠㩃啜敳獲瑜捥慨䅜灰慄慴䱜捯污停潲牧浡屳祐桴湯停瑹潨㍮㈱䱜扩獜瑩ⵥ慰正条獥獜慴汲瑥整浜摩汤睥牡履慢敳瀮≹‬楬敮ㄠㄹ‬湩张损污彬ൟ †簠††爠獥潰獮⁥‽睡楡⁴敳晬搮獩慰捴彨畦据爨煥敵瑳‬慣汬湟硥⥴਍††⁼†††††††帠幞幞幞幞幞幞幞幞幞幞幞幞幞幞幞幞幞幞幞幞幞൞ †簠†䘠汩⁥䌢尺獕牥屳整档屡湏䑥楲敶䑜獥瑫灯獜污獥愠⁩汰瑡牦浯扜捡敫摮慜灰浜摩汤睥牡履敲畱獥彴潣瑮硥⹴祰Ⱒ氠湩⁥㘵‬湩搠獩慰捴൨ †簠††爠楡敳攠਍††⁼†楆敬∠㩃啜敳獲瑜捥慨作敮牄癩履敄歳潴屰慳敬⁳楡瀠慬晴潲屭慢正湥層灡屰業摤敬慷敲牜煥敵瑳损湯整瑸瀮≹‬楬敮㔠ⰰ椠⁮楤灳瑡档਍††⁼††敲灳湯敳㴠愠慷瑩挠污彬敮瑸爨煥敵瑳ഩ †簠††††††††幞幞幞幞幞幞幞幞幞幞幞幞਍††⁼†楆敬∠㩃啜敳獲瑜捥慨䅜灰慄慴䱜捯污停潲牧浡屳祐桴湯停瑹潨㍮㈱䱜扩獜瑩ⵥ慰正条獥獜慴汲瑥整浜摩汤睥牡履慢敳瀮≹‬楬敮ㄠ㔶‬湩挠污彬敮瑸਍††⁼††慲獩⁥灡彰硥ൣ †簠†䘠汩⁥䌢尺獕牥屳整档屡灁䑰瑡屡潌慣屬牐杯慲獭停瑹潨屮祐桴湯ㄳ尲楌屢楳整瀭捡慫敧屳瑳牡敬瑴履業摤敬慷敲扜獡⹥祰Ⱒ氠湩⁥㔱ⰱ椠⁮潣潲਍††⁼††睡楡⁴敳晬愮灰猨潣数‬敲散癩彥牯摟獩潣湮捥ⱴ猠湥彤潮敟牲牯ഩ †簠†䘠汩⁥䌢尺獕牥屳整档屡灁䑰瑡屡潌慣屬牐杯慲獭停瑹潨屮祐桴湯ㄳ尲楌屢楳整瀭捡慫敧屳瑳牡敬瑴履業摤敬慷敲扜獡⹥祰Ⱒ氠湩⁥㠱ⰹ椠⁮彟慣汬彟਍††⁼††楷桴挠汯慬獰彥硥杣潲灵⡳㨩਍††⁼†楆敬∠㩃啜敳獲瑜捥慨䅜灰慄慴䱜捯污停潲牧浡屳祐桴湯停瑹潨㍮㈱䱜扩捜湯整瑸楬⹢祰Ⱒ氠湩⁥㔱ⰸ椠⁮彟硥瑩彟਍††⁼††敳晬朮湥琮牨睯瘨污敵ഩ †簠†䘠汩⁥䌢尺獕牥屳整档屡灁䑰瑡屡潌慣屬牐杯慲獭停瑹潨屮祐桴湯ㄳ尲楌屢楳整瀭捡慫敧屳瑳牡敬瑴履畟楴獬瀮≹‬楬敮㤠ⰳ椠⁮潣汬灡敳敟捸牧畯獰਍††⁼††慲獩⁥硥ൣ †簠†䘠汩⁥䌢尺獕牥屳整档屡灁䑰瑡屡潌慣屬牐杯慲獭停瑹潨屮祐桴湯ㄳ尲楌屢楳整瀭捡慫敧屳瑳牡敬瑴履業摤敬慷敲扜獡⹥祰Ⱒ氠湩⁥㤱ⰱ椠⁮彟慣汬彟਍††⁼††敲灳湯敳㴠愠慷瑩猠汥⹦楤灳瑡档晟湵⡣敲畱獥ⱴ挠污彬敮瑸ഩ †簠††††††††幞幞幞幞幞幞幞幞幞幞幞幞幞幞幞幞幞幞幞幞幞幞਍††⁼†楆敬∠㩃啜敳獲瑜捥慨作敮牄癩履敄歳潴屰慳敬⁳楡瀠慬晴潲屭慢正湥層灡屰業摤敬慷敲獜捥牵瑩⹹祰Ⱒ氠湩⁥㌲ⰱ椠⁮楤灳瑡档਍††⁼††敲灳湯敳㴠愠慷瑩挠污彬敮瑸爨煥敵瑳ഩ †簠††††††††幞幞幞幞幞幞幞幞幞幞幞幞਍††⁼†楆敬∠㩃啜敳獲瑜捥慨䅜灰慄慴䱜捯污停潲牧浡屳祐桴湯停瑹潨㍮㈱䱜扩獜瑩ⵥ慰正条獥獜慴汲瑥整浜摩汤睥牡履慢敳瀮≹‬楬敮ㄠ㔶‬湩挠污彬敮瑸਍††⁼††慲獩⁥灡彰硥ൣ †簠†䘠汩⁥䌢尺獕牥屳整档屡灁䑰瑡屡潌慣屬牐杯慲獭停瑹潨屮祐桴湯ㄳ尲楌屢楳整瀭捡慫敧屳瑳牡敬瑴履業摤敬慷敲扜獡⹥祰Ⱒ氠湩⁥㔱ⰱ椠⁮潣潲਍††⁼††睡楡⁴敳晬愮灰猨潣数‬敲散癩彥牯摟獩潣湮捥ⱴ猠湥彤潮敟牲牯ഩ †簠†䘠汩⁥䌢尺獕牥屳整档屡灁䑰瑡屡潌慣屬牐杯慲獭停瑹潨屮祐桴湯ㄳ尲楌屢楳整瀭捡慫敧屳瑳牡敬瑴履業摤敬慷敲扜獡⹥祰Ⱒ氠湩⁥㠱ⰹ椠⁮彟慣汬彟਍††⁼††楷桴挠汯慬獰彥硥杣潲灵⡳㨩਍††⁼†楆敬∠㩃啜敳獲瑜捥慨䅜灰慄慴䱜捯污停潲牧浡屳祐桴湯停瑹潨㍮㈱䱜扩捜湯整瑸楬⹢祰Ⱒ氠湩⁥㔱ⰸ椠⁮彟硥瑩彟਍††⁼††敳晬朮湥琮牨睯瘨污敵ഩ †簠†䘠汩⁥䌢尺獕牥屳整档屡灁䑰瑡屡潌慣屬牐杯慲獭停瑹潨屮祐桴湯ㄳ尲楌屢楳整瀭捡慫敧屳瑳牡敬瑴履畟楴獬瀮≹‬楬敮㤠ⰳ椠⁮潣汬灡敳敟捸牧畯獰਍††⁼††慲獩⁥硥ൣ †簠†䘠汩⁥䌢尺獕牥屳整档屡灁䑰瑡屡潌慣屬牐杯慲獭停瑹潨屮祐桴湯ㄳ尲楌屢楳整瀭捡慫敧屳瑳牡敬瑴履業摤敬慷敲扜獡⹥祰Ⱒ氠湩⁥㤱ⰱ椠⁮彟慣汬彟਍††⁼††敲灳湯敳㴠愠慷瑩猠汥⹦楤灳瑡档晟湵⡣敲畱獥ⱴ挠污彬敮瑸ഩ †簠††††††††幞幞幞幞幞幞幞幞幞幞幞幞幞幞幞幞幞幞幞幞幞幞਍††⁼†楆敬∠㩃啜敳獲瑜捥慨作敮牄癩履敄歳潴屰慳敬⁳楡瀠慬晴潲屭慢正湥層灡屰業摤敬慷敲獜捥牵瑩⹹祰Ⱒ氠湩⁥ㄲⰱ椠⁮楤灳瑡档਍††⁼††慲獩⁥呈偔硅散瑰潩⡮਍††⁼慦瑳灡⹩硥散瑰潩獮䠮呔䕐捸灥楴湯›㈴㨹吠潯洠湡⁹敲畱獥獴‮慍楸畭⁭〶爠煥敵瑳⁳数⁲業畮整愠汬睯摥മ †⬠ⴭⴭⴭⴭⴭⴭⴭⴭⴭⴭⴭⴭⴭⴭⴭⴭⴭⴭ਍਍畄楲杮栠湡汤湩⁧景琠敨愠潢敶攠捸灥楴湯‬湡瑯敨⁲硥散瑰潩⁮捯畣牲摥ഺഊ吊慲散慢正⠠潭瑳爠捥湥⁴慣汬氠獡⥴ഺ 䘠汩⁥䌢尺獕牥屳整档屡灁䑰瑡屡潌慣屬牐杯慲獭停瑹潨屮祐桴湯ㄳ尲楌屢楳整瀭捡慫敧屳瑳牡敬瑴履業摤敬慷敲敜牲牯⹳祰Ⱒ氠湩⁥㘱ⰴ椠⁮彟慣汬彟਍††睡楡⁴敳晬愮灰猨潣数‬敲散癩ⱥ张敳摮ഩ 䘠汩⁥䌢尺獕牥屳整档屡灁䑰瑡屡潌慣屬牐杯慲獭停瑹潨屮祐桴湯ㄳ尲楌屢楳整瀭捡慫敧屳瑳牡敬瑴履業摤敬慷敲扜獡⹥祰Ⱒ氠湩⁥㠱ⰹ椠⁮彟慣汬彟਍††楷桴挠汯慬獰彥硥杣潲灵⡳㨩਍†楆敬∠㩃啜敳獲瑜捥慨䅜灰慄慴䱜捯污停潲牧浡屳祐桴湯停瑹潨㍮㈱䱜扩捜湯整瑸楬⹢祰Ⱒ氠湩⁥㔱ⰸ椠⁮彟硥瑩彟਍††敳晬朮湥琮牨睯瘨污敵ഩ 䘠汩⁥䌢尺獕牥屳整档屡灁䑰瑡屡潌慣屬牐杯慲獭停瑹潨屮祐桴湯ㄳ尲楌屢楳整瀭捡慫敧屳瑳牡敬瑴履畟楴獬瀮≹‬楬敮㤠ⰳ椠⁮潣汬灡敳敟捸牧畯獰਍††慲獩⁥硥ൣ 䘠汩⁥䌢尺獕牥屳整档屡灁䑰瑡屡潌慣屬牐杯慲獭停瑹潨屮祐桴湯ㄳ尲楌屢楳整瀭捡慫敧屳瑳牡敬瑴履業摤敬慷敲扜獡⹥祰Ⱒ氠湩⁥㤱ⰱ椠⁮彟慣汬彟਍††敲灳湯敳㴠愠慷瑩猠汥⹦楤灳瑡档晟湵⡣敲畱獥ⱴ挠污彬敮瑸ഩ †††††††幞幞幞幞幞幞幞幞幞幞幞幞幞幞幞幞幞幞幞幞幞幞਍†楆敬∠㩃啜敳獲瑜捥慨作敮牄癩履敄歳潴屰慳敬⁳楡瀠慬晴潲屭慢正湥層灡屰業摤敬慷敲牜煥敵瑳损湯整瑸瀮≹‬楬敮㔠ⰶ椠⁮楤灳瑡档਍††慲獩⁥൥ 䘠汩⁥䌢尺獕牥屳整档屡湏䑥楲敶䑜獥瑫灯獜污獥愠⁩汰瑡牦浯扜捡敫摮慜灰浜摩汤睥牡履敲畱獥彴潣瑮硥⹴祰Ⱒ氠湩⁥〵‬湩搠獩慰捴൨ †爠獥潰獮⁥‽睡楡⁴慣汬湟硥⡴敲畱獥⥴਍†††††††帠幞幞幞幞幞幞幞幞幞幞幞൞ 䘠汩⁥䌢尺獕牥屳整档屡灁䑰瑡屡潌慣屬牐杯慲獭停瑹潨屮祐桴湯ㄳ尲楌屢楳整瀭捡慫敧屳瑳牡敬瑴履業摤敬慷敲扜獡⹥祰Ⱒ氠湩⁥㘱ⰵ椠⁮慣汬湟硥൴ †爠楡敳愠灰敟捸਍†楆敬∠㩃啜敳獲瑜捥慨䅜灰慄慴䱜捯污停潲牧浡屳祐桴湯停瑹潨㍮㈱䱜扩獜瑩ⵥ慰正条獥獜慴汲瑥整浜摩汤睥牡履慢敳瀮≹‬楬敮ㄠㄵ‬湩挠牯൯ †愠慷瑩猠汥⹦灡⡰捳灯ⱥ爠捥楥敶潟彲楤捳湯敮瑣‬敳摮湟彯牥潲⥲਍†楆敬∠㩃啜敳獲瑜捥慨䅜灰慄慴䱜捯污停潲牧浡屳祐桴湯停瑹潨㍮㈱䱜扩獜瑩ⵥ慰正条獥獜慴汲瑥整浜摩汤睥牡履慢敳瀮≹‬楬敮ㄠ㤸‬湩张损污彬ൟ †眠瑩⁨潣汬灡敳敟捸牧畯獰⤨ഺ 䘠汩⁥䌢尺獕牥屳整档屡灁䑰瑡屡潌慣屬牐杯慲獭停瑹潨屮祐桴湯ㄳ尲楌屢潣瑮硥汴扩瀮≹‬楬敮ㄠ㠵‬湩张敟楸彴ൟ †猠汥⹦敧⹮桴潲⡷慶畬⥥਍†楆敬∠㩃啜敳獲瑜捥慨䅜灰慄慴䱜捯污停潲牧浡屳祐桴湯停瑹潨㍮㈱䱜扩獜瑩ⵥ慰正条獥獜慴汲瑥整彜瑵汩⹳祰Ⱒ氠湩⁥㌹‬湩挠汯慬獰彥硥杣潲灵൳ †爠楡敳攠捸਍†楆敬∠㩃啜敳獲瑜捥慨䅜灰慄慴䱜捯污停潲牧浡屳祐桴湯停瑹潨㍮㈱䱜扩獜瑩ⵥ慰正条獥獜慴汲瑥整浜摩汤睥牡履慢敳瀮≹‬楬敮ㄠㄹ‬湩张损污彬ൟ †爠獥潰獮⁥‽睡楡⁴敳晬搮獩慰捴彨畦据爨煥敵瑳‬慣汬湟硥⥴਍†††††††帠幞幞幞幞幞幞幞幞幞幞幞幞幞幞幞幞幞幞幞幞幞൞ 䘠汩⁥䌢尺獕牥屳整档屡湏䑥楲敶䑜獥瑫灯獜污獥愠⁩汰瑡牦浯扜捡敫摮慜灰浜摩汤睥牡履敳畣楲祴瀮≹‬楬敮㈠ㄳ‬湩搠獩慰捴൨ †爠獥潰獮⁥‽睡楡⁴慣汬湟硥⡴敲畱獥⥴਍†††††††帠幞幞幞幞幞幞幞幞幞幞幞൞ 䘠汩⁥䌢尺獕牥屳整档屡灁䑰瑡屡潌慣屬牐杯慲獭停瑹潨屮祐桴湯ㄳ尲楌屢楳整瀭捡慫敧屳瑳牡敬瑴履業摤敬慷敲扜獡⹥祰Ⱒ氠湩⁥㘱ⰵ椠⁮慣汬湟硥൴ †爠楡敳愠灰敟捸਍†楆敬∠㩃啜敳獲瑜捥慨䅜灰慄慴䱜捯污停潲牧浡屳祐桴湯停瑹潨㍮㈱䱜扩獜瑩ⵥ慰正条獥獜慴汲瑥整浜摩汤睥牡履慢敳瀮≹‬楬敮ㄠㄵ‬湩挠牯൯ †愠慷瑩猠汥⹦灡⡰捳灯ⱥ爠捥楥敶潟彲楤捳湯敮瑣‬敳摮湟彯牥潲⥲਍†楆敬∠㩃啜敳獲瑜捥慨䅜灰慄慴䱜捯污停潲牧浡屳祐桴湯停瑹潨㍮㈱䱜扩獜瑩ⵥ慰正条獥獜慴汲瑥整浜摩汤睥牡履慢敳瀮≹‬楬敮ㄠ㤸‬湩张损污彬ൟ †眠瑩⁨潣汬灡敳敟捸牧畯獰⤨ഺ 䘠汩⁥䌢尺獕牥屳整档屡灁䑰瑡屡潌慣屬牐杯慲獭停瑹潨屮祐桴湯ㄳ尲楌屢潣瑮硥汴扩瀮≹‬楬敮ㄠ㠵‬湩张敟楸彴ൟ †猠汥⹦敧⹮桴潲⡷慶畬⥥਍†楆敬∠㩃啜敳獲瑜捥慨䅜灰慄慴䱜捯污停潲牧浡屳祐桴湯停瑹潨㍮㈱䱜扩獜瑩ⵥ慰正条獥獜慴汲瑥整彜瑵汩⹳祰Ⱒ氠湩⁥㌹‬湩挠汯慬獰彥硥杣潲灵൳ †爠楡敳攠捸਍†楆敬∠㩃啜敳獲瑜捥慨䅜灰慄慴䱜捯污停潲牧浡屳祐桴湯停瑹潨㍮㈱䱜扩獜瑩ⵥ慰正条獥獜慴汲瑥整浜摩汤睥牡履慢敳瀮≹‬楬敮ㄠㄹ‬湩张损污彬ൟ †爠獥潰獮⁥‽睡楡⁴敳晬搮獩慰捴彨畦据爨煥敵瑳‬慣汬湟硥⥴਍†††††††帠幞幞幞幞幞幞幞幞幞幞幞幞幞幞幞幞幞幞幞幞幞൞ 䘠汩⁥䌢尺獕牥屳整档屡湏䑥楲敶䑜獥瑫灯獜污獥愠⁩汰瑡牦浯扜捡敫摮慜灰浜摩汤睥牡履敳畣楲祴瀮≹‬楬敮㈠ㄱ‬湩搠獩慰捴൨ †爠楡敳䠠呔䕐捸灥楴湯ന昊獡慴楰攮捸灥楴湯⹳呈偔硅散瑰潩㩮㐠㤲›潔⁯慭祮爠煥敵瑳⹳䴠硡浩浵㘠‰敲畱獥獴瀠牥洠湩瑵⁥污潬敷⹤਍਍㉛㈰ⴶ㌰㈭‹㄰㌺㨶〱㈮〸㤳崱嬠䑉㤺㕣捥搸ⵥ〲攳㐭㉤ⴵ晢㕡㠭愴㉣㍡愹㘰嵣䔠剒›㈴㨹吠潯洠湡⁹敲畱獥獴‮慍楸畭⁭〶爠煥敵瑳⁳数⁲業畮整愠汬睯摥മ ⬠䔠捸灥楴湯䜠潲灵吠慲散慢正⠠潭瑳爠捥湥⁴慣汬氠獡⥴ഺ 簠†䘠汩⁥䌢尺獕牥屳整档屡灁䑰瑡屡潌慣屬牐杯慲獭停瑹潨屮祐桴湯ㄳ尲楌屢楳整瀭捡慫敧屳瑳牡敬瑴履畟楴獬瀮≹‬楬敮㠠ⰷ椠⁮潣汬灡敳敟捸牧畯獰਍†⁼††楹汥൤ 簠†䘠汩⁥䌢尺獕牥屳整档屡灁䑰瑡屡潌慣屬牐杯慲獭停瑹潨屮祐桴湯ㄳ尲楌屢楳整瀭捡慫敧屳瑳牡敬瑴履業摤敬慷敲扜獡⹥祰Ⱒ氠湩⁥㤱ⰰ椠⁮彟慣汬彟਍†⁼††獡湹⁣楷桴愠祮潩挮敲瑡彥慴歳束潲灵⤨愠⁳慴歳束潲灵ഺ 簠†䘠汩⁥䌢尺獕牥屳整档屡灁䑰瑡屡潌慣屬牐杯慲獭停瑹潨屮祐桴湯ㄳ尲楌屢楳整瀭捡慫敧屳湡楹屯扟捡敫摮屳慟祳据潩瀮≹‬楬敮㘠㠷‬湩张慟硥瑩彟਍†⁼††慲獩⁥慂敳硅散瑰潩䝮潲灵ന 簠䔠捸灥楴湯片畯㩰甠桮湡汤摥攠牲牯⁳湩愠吠獡䝫潲灵⠠‱畳ⵢ硥散瑰潩⥮਍†⴫⴫ⴭⴭⴭⴭⴭⴭⴭ‭‱ⴭⴭⴭⴭⴭⴭⴭⴭ਍††⁼牔捡扥捡⁫洨獯⁴敲散瑮挠污⁬慬瑳㨩਍††⁼†楆敬∠㩃啜敳獲瑜捥慨䅜灰慄慴䱜捯污停潲牧浡屳祐桴湯停瑹潨㍮㈱䱜扩獜瑩ⵥ慰正条獥獜慴汲瑥整浜摩汤睥牡履牥潲獲瀮≹‬楬敮ㄠ㐶‬湩张损污彬ൟ †簠††愠慷瑩猠汥⹦灡⡰捳灯ⱥ爠捥楥敶‬獟湥⥤਍††⁼†楆敬∠㩃啜敳獲瑜捥慨䅜灰慄慴䱜捯污停潲牧浡屳祐桴湯停瑹潨㍮㈱䱜扩獜瑩ⵥ慰正条獥獜慴汲瑥整浜摩汤睥牡履慢敳瀮≹‬楬敮ㄠ㤸‬湩张损污彬ൟ †簠††眠瑩⁨潣汬灡敳敟捸牧畯獰⤨ഺ †簠†䘠汩⁥䌢尺獕牥屳整档屡灁䑰瑡屡潌慣屬牐杯慲獭停瑹潨屮祐桴湯ㄳ尲楌屢潣瑮硥汴扩瀮≹‬楬敮ㄠ㠵‬湩张敟楸彴ൟ †簠††猠汥⹦敧⹮桴潲⡷慶畬⥥਍††⁼†楆敬∠㩃啜敳獲瑜捥慨䅜灰慄慴䱜捯污停潲牧浡屳祐桴湯停瑹潨㍮㈱䱜扩獜瑩ⵥ慰正条獥獜慴汲瑥整彜瑵汩⹳祰Ⱒ氠湩⁥㌹‬湩挠汯慬獰彥硥杣潲灵൳ †簠††爠楡敳攠捸਍††⁼†楆敬∠㩃啜敳獲瑜捥慨䅜灰慄慴䱜捯污停潲牧浡屳祐桴湯停瑹潨㍮㈱䱜扩獜瑩ⵥ慰正条獥獜慴汲瑥整浜摩汤睥牡履慢敳瀮≹‬楬敮ㄠㄹ‬湩张损污彬ൟ †簠††爠獥潰獮⁥‽睡楡⁴敳晬搮獩慰捴彨畦据爨煥敵瑳‬慣汬湟硥⥴਍††⁼†††††††帠幞幞幞幞幞幞幞幞幞幞幞幞幞幞幞幞幞幞幞幞幞൞ †簠†䘠汩⁥䌢尺獕牥屳整档屡湏䑥楲敶䑜獥瑫灯獜污獥愠⁩汰瑡牦浯扜捡敫摮慜灰浜摩汤睥牡履敲畱獥彴潣瑮硥⹴祰Ⱒ氠湩⁥㘵‬湩搠獩慰捴൨ †簠††爠楡敳攠਍††⁼†楆敬∠㩃啜敳獲瑜捥慨作敮牄癩履敄歳潴屰慳敬⁳楡瀠慬晴潲屭慢正湥層灡屰業摤敬慷敲牜煥敵瑳损湯整瑸瀮≹‬楬敮㔠ⰰ椠⁮楤灳瑡档਍††⁼††敲灳湯敳㴠愠慷瑩挠污彬敮瑸爨煥敵瑳ഩ †簠††††††††幞幞幞幞幞幞幞幞幞幞幞幞਍††⁼†楆敬∠㩃啜敳獲瑜捥慨䅜灰慄慴䱜捯污停潲牧浡屳祐桴湯停瑹潨㍮㈱䱜扩獜瑩ⵥ慰正条獥獜慴汲瑥整浜摩汤睥牡履慢敳瀮≹‬楬敮ㄠ㔶‬湩挠污彬敮瑸਍††⁼††慲獩⁥灡彰硥ൣ †簠†䘠汩⁥䌢尺獕牥屳整档屡灁䑰瑡屡潌慣屬牐杯慲獭停瑹潨屮祐桴湯ㄳ尲楌屢楳整瀭捡慫敧屳瑳牡敬瑴履業摤敬慷敲扜獡⹥祰Ⱒ氠湩⁥㔱ⰱ椠⁮潣潲਍††⁼††睡楡⁴敳晬愮灰猨潣数‬敲散癩彥牯摟獩潣湮捥ⱴ猠湥彤潮敟牲牯ഩ †簠†䘠汩⁥䌢尺獕牥屳整档屡灁䑰瑡屡潌慣屬牐杯慲獭停瑹潨屮祐桴湯ㄳ尲楌屢楳整瀭捡慫敧屳瑳牡敬瑴履業摤敬慷敲扜獡⹥祰Ⱒ氠湩⁥㠱ⰹ椠⁮彟慣汬彟਍††⁼††楷桴挠汯慬獰彥硥杣潲灵⡳㨩਍††⁼†楆敬∠㩃啜敳獲瑜捥慨䅜灰慄慴䱜捯污停潲牧浡屳祐桴湯停瑹潨㍮㈱䱜扩捜湯整瑸楬⹢祰Ⱒ氠湩⁥㔱ⰸ椠⁮彟硥瑩彟਍††⁼††敳晬朮湥琮牨睯瘨污敵ഩ †簠†䘠汩⁥䌢尺獕牥屳整档屡灁䑰瑡屡潌慣屬牐杯慲獭停瑹潨屮祐桴湯ㄳ尲楌屢楳整瀭捡慫敧屳瑳牡敬瑴履畟楴獬瀮≹‬楬敮㤠ⰳ椠⁮潣汬灡敳敟捸牧畯獰਍††⁼††慲獩⁥硥ൣ †簠†䘠汩⁥䌢尺獕牥屳整档屡灁䑰瑡屡潌慣屬牐杯慲獭停瑹潨屮祐桴湯ㄳ尲楌屢楳整瀭捡慫敧屳瑳牡敬瑴履業摤敬慷敲扜獡⹥祰Ⱒ氠湩⁥㤱ⰱ椠⁮彟慣汬彟਍††⁼††敲灳湯敳㴠愠慷瑩猠汥⹦楤灳瑡档晟湵⡣敲畱獥ⱴ挠污彬敮瑸ഩ †簠††††††††幞幞幞幞幞幞幞幞幞幞幞幞幞幞幞幞幞幞幞幞幞幞਍††⁼†楆敬∠㩃啜敳獲瑜捥慨作敮牄癩履敄歳潴屰慳敬⁳楡瀠慬晴潲屭慢正湥層灡屰業摤敬慷敲獜捥牵瑩⹹祰Ⱒ氠湩⁥㌲ⰱ椠⁮楤灳瑡档਍††⁼††敲灳湯敳㴠愠慷瑩挠污彬敮瑸爨煥敵瑳ഩ †簠††††††††幞幞幞幞幞幞幞幞幞幞幞幞਍††⁼†楆敬∠㩃啜敳獲瑜捥慨䅜灰慄慴䱜捯污停潲牧浡屳祐桴湯停瑹潨㍮㈱䱜扩獜瑩ⵥ慰正条獥獜慴汲瑥整浜摩汤睥牡履慢敳瀮≹‬楬敮ㄠ㔶‬湩挠污彬敮瑸਍††⁼††慲獩⁥灡彰硥ൣ †簠†䘠汩⁥䌢尺獕牥屳整档屡灁䑰瑡屡潌慣屬牐杯慲獭停瑹潨屮祐桴湯ㄳ尲楌屢楳整瀭捡慫敧屳瑳牡敬瑴履業摤敬慷敲扜獡⹥祰Ⱒ氠湩⁥㔱ⰱ椠⁮潣潲਍††⁼††睡楡⁴敳晬愮灰猨潣数‬敲散癩彥牯摟獩潣湮捥ⱴ猠湥彤潮敟牲牯ഩ †簠†䘠汩⁥䌢尺獕牥屳整档屡灁䑰瑡屡潌慣屬牐杯慲獭停瑹潨屮祐桴湯ㄳ尲楌屢楳整瀭捡慫敧屳瑳牡敬瑴履業摤敬慷敲扜獡⹥祰Ⱒ氠湩⁥㠱ⰹ椠⁮彟慣汬彟਍††⁼††楷桴挠汯慬獰彥硥杣潲灵⡳㨩਍††⁼†楆敬∠㩃啜敳獲瑜捥慨䅜灰慄慴䱜捯污停潲牧浡屳祐桴湯停瑹潨㍮㈱䱜扩捜湯整瑸楬⹢祰Ⱒ氠湩⁥㔱ⰸ椠⁮彟硥瑩彟਍††⁼††敳晬朮湥琮牨睯瘨污敵ഩ †簠†䘠汩⁥䌢尺獕牥屳整档屡灁䑰瑡屡潌慣屬牐杯慲獭停瑹潨屮祐桴湯ㄳ尲楌屢楳整瀭捡慫敧屳瑳牡敬瑴履畟楴獬瀮≹‬楬敮㤠ⰳ椠⁮潣汬灡敳敟捸牧畯獰਍††⁼††慲獩⁥硥ൣ †簠†䘠汩⁥䌢尺獕牥屳整档屡灁䑰瑡屡潌慣屬牐杯慲獭停瑹潨屮祐桴湯ㄳ尲楌屢楳整瀭捡慫敧屳瑳牡敬瑴履業摤敬慷敲扜獡⹥祰Ⱒ氠湩⁥㤱ⰱ椠⁮彟慣汬彟਍††⁼††敲灳湯敳㴠愠慷瑩猠汥⹦楤灳瑡档晟湵⡣敲畱獥ⱴ挠污彬敮瑸ഩ †簠††††††††幞幞幞幞幞幞幞幞幞幞幞幞幞幞幞幞幞幞幞幞幞幞਍††⁼†楆敬∠㩃啜敳獲瑜捥慨作敮牄癩履敄歳潴屰慳敬⁳楡瀠慬晴潲屭慢正湥層灡屰業摤敬慷敲獜捥牵瑩⹹祰Ⱒ氠湩⁥ㄲⰱ椠⁮楤灳瑡档਍††⁼††慲獩⁥呈偔硅散瑰潩⡮਍††⁼慦瑳灡⹩硥散瑰潩獮䠮呔䕐捸灥楴湯›㈴㨹吠潯洠湡⁹敲畱獥獴‮慍楸畭⁭〶爠煥敵瑳⁳数⁲業畮整愠汬睯摥മ †⬠ⴭⴭⴭⴭⴭⴭⴭⴭⴭⴭⴭⴭⴭⴭⴭⴭⴭⴭ਍਍畄楲杮栠湡汤湩⁧景琠敨愠潢敶攠捸灥楴湯‬湡瑯敨⁲硥散瑰潩⁮捯畣牲摥ഺഊ吊慲散慢正⠠潭瑳爠捥湥⁴慣汬氠獡⥴ഺ 䘠汩⁥䌢尺獕牥屳整档屡灁䑰瑡屡潌慣屬牐杯慲獭停瑹潨屮祐桴湯ㄳ尲楌屢楳整瀭捡慫敧屳瑳牡敬瑴履業摤敬慷敲敜牲牯⹳祰Ⱒ氠湩⁥㘱ⰴ椠⁮彟慣汬彟਍††睡楡⁴敳晬愮灰猨潣数‬敲散癩ⱥ张敳摮ഩ 䘠汩⁥䌢尺獕牥屳整档屡灁䑰瑡屡潌慣屬牐杯慲獭停瑹潨屮祐桴湯ㄳ尲楌屢楳整瀭捡慫敧屳瑳牡敬瑴履業摤敬慷敲扜獡⹥祰Ⱒ氠湩⁥㠱ⰹ椠⁮彟慣汬彟਍††楷桴挠汯慬獰彥硥杣潲灵⡳㨩਍†楆敬∠㩃啜敳獲瑜捥慨䅜灰慄慴䱜捯污停潲牧浡屳祐桴湯停瑹潨㍮㈱䱜扩捜湯整瑸楬⹢祰Ⱒ氠湩⁥㔱ⰸ椠⁮彟硥瑩彟਍††敳晬朮湥琮牨睯瘨污敵ഩ 䘠汩⁥䌢尺獕牥屳整档屡灁䑰瑡屡潌慣屬牐杯慲獭停瑹潨屮祐桴湯ㄳ尲楌屢楳整瀭捡慫敧屳瑳牡敬瑴履畟楴獬瀮≹‬楬敮㤠ⰳ椠⁮潣汬灡敳敟捸牧畯獰਍††慲獩⁥硥ൣ 䘠汩⁥䌢尺獕牥屳整档屡灁䑰瑡屡潌慣屬牐杯慲獭停瑹潨屮祐桴湯ㄳ尲楌屢楳整瀭捡慫敧屳瑳牡敬瑴履業摤敬慷敲扜獡⹥祰Ⱒ氠湩⁥㤱ⰱ椠⁮彟慣汬彟਍††敲灳湯敳㴠愠慷瑩猠汥⹦楤灳瑡档晟湵⡣敲畱獥ⱴ挠污彬敮瑸ഩ †††††††幞幞幞幞幞幞幞幞幞幞幞幞幞幞幞幞幞幞幞幞幞幞਍†楆敬∠㩃啜敳獲瑜捥慨作敮牄癩履敄歳潴屰慳敬⁳楡瀠慬晴潲屭慢正湥層灡屰業摤敬慷敲牜煥敵瑳损湯整瑸瀮≹‬楬敮㔠ⰶ椠⁮楤灳瑡档਍††慲獩⁥൥ 䘠汩⁥䌢尺獕牥屳整档屡湏䑥楲敶䑜獥瑫灯獜污獥愠⁩汰瑡牦浯扜捡敫摮慜灰浜摩汤睥牡履敲畱獥彴潣瑮硥⹴祰Ⱒ氠湩⁥〵‬湩搠獩慰捴൨ †爠獥潰獮⁥‽睡楡⁴慣汬湟硥⡴敲畱獥⥴਍†††††††帠幞幞幞幞幞幞幞幞幞幞幞൞ 䘠汩⁥䌢尺獕牥屳整档屡灁䑰瑡屡潌慣屬牐杯慲獭停瑹潨屮祐桴湯ㄳ尲楌屢楳整瀭捡慫敧屳瑳牡敬瑴履業摤敬慷敲扜獡⹥祰Ⱒ氠湩⁥㘱ⰵ椠⁮慣汬湟硥൴ †爠楡敳愠灰敟捸਍†楆敬∠㩃啜敳獲瑜捥慨䅜灰慄慴䱜捯污停潲牧浡屳祐桴湯停瑹潨㍮㈱䱜扩獜瑩ⵥ慰正条獥獜慴汲瑥整浜摩汤睥牡履慢敳瀮≹‬楬敮ㄠㄵ‬湩挠牯൯ †愠慷瑩猠汥⹦灡⡰捳灯ⱥ爠捥楥敶潟彲楤捳湯敮瑣‬敳摮湟彯牥潲⥲਍†楆敬∠㩃啜敳獲瑜捥慨䅜灰慄慴䱜捯污停潲牧浡屳祐桴湯停瑹潨㍮㈱䱜扩獜瑩ⵥ慰正条獥獜慴汲瑥整浜摩汤睥牡履慢敳瀮≹‬楬敮ㄠ㤸‬湩张损污彬ൟ †眠瑩⁨潣汬灡敳敟捸牧畯獰⤨ഺ 䘠汩⁥䌢尺獕牥屳整档屡灁䑰瑡屡潌慣屬牐杯慲獭停瑹潨屮祐桴湯ㄳ尲楌屢潣瑮硥汴扩瀮≹‬楬敮ㄠ㠵‬湩张敟楸彴ൟ †猠汥⹦敧⹮桴潲⡷慶畬⥥਍†楆敬∠㩃啜敳獲瑜捥慨䅜灰慄慴䱜捯污停潲牧浡屳祐桴湯停瑹潨㍮㈱䱜扩獜瑩ⵥ慰正条獥獜慴汲瑥整彜瑵汩⹳祰Ⱒ氠湩⁥㌹‬湩挠汯慬獰彥硥杣潲灵൳ †爠楡敳攠捸਍†楆敬∠㩃啜敳獲瑜捥慨䅜灰慄慴䱜捯污停潲牧浡屳祐桴湯停瑹潨㍮㈱䱜扩獜瑩ⵥ慰正条獥獜慴汲瑥整浜摩汤睥牡履慢敳瀮≹‬楬敮ㄠㄹ‬湩张损污彬ൟ †爠獥潰獮⁥‽睡楡⁴敳晬搮獩慰捴彨畦据爨煥敵瑳‬慣汬湟硥⥴਍†††††††帠幞幞幞幞幞幞幞幞幞幞幞幞幞幞幞幞幞幞幞幞幞൞ 䘠汩⁥䌢尺獕牥屳整档屡湏䑥楲敶䑜獥瑫灯獜污獥愠⁩汰瑡牦浯扜捡敫摮慜灰浜摩汤睥牡履敳畣楲祴瀮≹‬楬敮㈠ㄳ‬湩搠獩慰捴൨ †爠獥潰獮⁥‽睡楡⁴慣汬湟硥⡴敲畱獥⥴਍†††††††帠幞幞幞幞幞幞幞幞幞幞幞൞ 䘠汩⁥䌢尺獕牥屳整档屡灁䑰瑡屡潌慣屬牐杯慲獭停瑹潨屮祐桴湯ㄳ尲楌屢楳整瀭捡慫敧屳瑳牡敬瑴履業摤敬慷敲扜獡⹥祰Ⱒ氠湩⁥㘱ⰵ椠⁮慣汬湟硥൴ †爠楡敳愠灰敟捸਍†楆敬∠㩃啜敳獲瑜捥慨䅜灰慄慴䱜捯污停潲牧浡屳祐桴湯停瑹潨㍮㈱䱜扩獜瑩ⵥ慰正条獥獜慴汲瑥整浜摩汤睥牡履慢敳瀮≹‬楬敮ㄠㄵ‬湩挠牯൯ †愠慷瑩猠汥⹦灡⡰捳灯ⱥ爠捥楥敶潟彲楤捳湯敮瑣‬敳摮湟彯牥潲⥲਍†楆敬∠㩃啜敳獲瑜捥慨䅜灰慄慴䱜捯污停潲牧浡屳祐桴湯停瑹潨㍮㈱䱜扩獜瑩ⵥ慰正条獥獜慴汲瑥整浜摩汤睥牡履慢敳瀮≹‬楬敮ㄠ㤸‬湩张损污彬ൟ †眠瑩⁨潣汬灡敳敟捸牧畯獰⤨ഺ 䘠汩⁥䌢尺獕牥屳整档屡灁䑰瑡屡潌慣屬牐杯慲獭停瑹潨屮祐桴湯ㄳ尲楌屢潣瑮硥汴扩瀮≹‬楬敮ㄠ㠵‬湩张敟楸彴ൟ †猠汥⹦敧⹮桴潲⡷慶畬⥥਍†楆敬∠㩃啜敳獲瑜捥慨䅜灰慄慴䱜捯污停潲牧浡屳祐桴湯停瑹潨㍮㈱䱜扩獜瑩ⵥ慰正条獥獜慴汲瑥整彜瑵汩⹳祰Ⱒ氠湩⁥㌹‬湩挠汯慬獰彥硥杣潲灵൳ †爠楡敳攠捸਍†楆敬∠㩃啜敳獲瑜捥慨䅜灰慄慴䱜捯污停潲牧浡屳祐桴湯停瑹潨㍮㈱䱜扩獜瑩ⵥ慰正条獥獜慴汲瑥整浜摩汤睥牡履慢敳瀮≹‬楬敮ㄠㄹ‬湩张损污彬ൟ †爠獥潰獮⁥‽睡楡⁴敳晬搮獩慰捴彨畦据爨煥敵瑳‬慣汬湟硥⥴਍†††††††帠幞幞幞幞幞幞幞幞幞幞幞幞幞幞幞幞幞幞幞幞幞൞ 䘠汩⁥䌢尺獕牥屳整档屡湏䑥楲敶䑜獥瑫灯獜污獥愠⁩汰瑡牦浯扜捡敫摮慜灰浜摩汤睥牡履敳畣楲祴瀮≹‬楬敮㈠ㄱ‬湩搠獩慰捴൨ †爠楡敳䠠呔䕐捸灥楴湯ന昊獡慴楰攮捸灥楴湯⹳呈偔硅散瑰潩㩮㐠㤲›潔⁯慭祮爠煥敵瑳⹳䴠硡浩浵㘠‰敲畱獥獴瀠牥洠湩瑵⁥污潬敷⹤਍਍㉛㈰ⴶ㌰㈭‹㄰㌺㨶㌱ㄮ㠲㈸崶嬠䑉攺㘰㜳㔳ⴱ㍡㈰㐭敡ⵥ改㕡ㄭㅢ搹㕤㉢〰嵣䔠剒›㈴㨹吠潯洠湡⁹敲畱獥獴‮慍楸畭⁭〶爠煥敵瑳⁳数⁲業畮整愠汬睯摥മ ⬠䔠捸灥楴湯䜠潲灵吠慲散慢正⠠潭瑳爠捥湥⁴慣汬氠獡⥴ഺ 簠†䘠汩⁥䌢尺獕牥屳整档屡灁䑰瑡屡潌慣屬牐杯慲獭停瑹潨屮祐桴湯ㄳ尲楌屢楳整瀭捡慫敧屳瑳牡敬瑴履畟楴獬瀮≹‬楬敮㠠ⰷ椠⁮潣汬灡敳敟捸牧畯獰਍†⁼††楹汥൤ 簠†䘠汩⁥䌢尺獕牥屳整档屡灁䑰瑡屡潌慣屬牐杯慲獭停瑹潨屮祐桴湯ㄳ尲楌屢楳整瀭捡慫敧屳瑳牡敬瑴履業摤敬慷敲扜獡⹥祰Ⱒ氠湩⁥㤱ⰰ椠⁮彟慣汬彟਍†⁼††獡湹⁣楷桴愠祮潩挮敲瑡彥慴歳束潲灵⤨愠⁳慴歳束潲灵ഺ 簠†䘠汩⁥䌢尺獕牥屳整档屡灁䑰瑡屡潌慣屬牐杯慲獭停瑹潨屮祐桴湯ㄳ尲楌屢楳整瀭捡慫敧屳湡楹屯扟捡敫摮屳慟祳据潩瀮≹‬楬敮㘠㠷‬湩张慟硥瑩彟਍†⁼††慲獩⁥慂敳硅散瑰潩䝮潲灵ന 簠䔠捸灥楴湯片畯㩰甠桮湡汤摥攠牲牯⁳湩愠吠獡䝫潲灵⠠‱畳ⵢ硥散瑰潩⥮਍†⴫⴫ⴭⴭⴭⴭⴭⴭⴭ‭‱ⴭⴭⴭⴭⴭⴭⴭⴭ਍††⁼牔捡扥捡⁫洨獯⁴敲散瑮挠污⁬慬瑳㨩਍††⁼†楆敬∠㩃啜敳獲瑜捥慨䅜灰慄慴䱜捯污停潲牧浡屳祐桴湯停瑹潨㍮㈱䱜扩獜瑩ⵥ慰正条獥獜慴汲瑥整浜摩汤睥牡履牥潲獲瀮≹‬楬敮ㄠ㐶‬湩张损污彬ൟ †簠††愠慷瑩猠汥⹦灡⡰捳灯ⱥ爠捥楥敶‬獟湥⥤਍††⁼†楆敬∠㩃啜敳獲瑜捥慨䅜灰慄慴䱜捯污停潲牧浡屳祐桴湯停瑹潨㍮㈱䱜扩獜瑩ⵥ慰正条獥獜慴汲瑥整浜摩汤睥牡履慢敳瀮≹‬楬敮ㄠ㤸‬湩张损污彬ൟ †簠††眠瑩⁨潣汬灡敳敟捸牧畯獰⤨ഺ †簠†䘠汩⁥䌢尺獕牥屳整档屡灁䑰瑡屡潌慣屬牐杯慲獭停瑹潨屮祐桴湯ㄳ尲楌屢潣瑮硥汴扩瀮≹‬楬敮ㄠ㠵‬湩张敟楸彴ൟ †簠††猠汥⹦敧⹮桴潲⡷慶畬⥥਍††⁼†楆敬∠㩃啜敳獲瑜捥慨䅜灰慄慴䱜捯污停潲牧浡屳祐桴湯停瑹潨㍮㈱䱜扩獜瑩ⵥ慰正条獥獜慴汲瑥整彜瑵汩⹳祰Ⱒ氠湩⁥㌹‬湩挠汯慬獰彥硥杣潲灵൳ †簠††爠楡敳攠捸਍††⁼†楆敬∠㩃啜敳獲瑜捥慨䅜灰慄慴䱜捯污停潲牧浡屳祐桴湯停瑹潨㍮㈱䱜扩獜瑩ⵥ慰正条獥獜慴汲瑥整浜摩汤睥牡履慢敳瀮≹‬楬敮ㄠㄹ‬湩张损污彬ൟ †簠††爠獥潰獮⁥‽睡楡⁴敳晬搮獩慰捴彨畦据爨煥敵瑳‬慣汬湟硥⥴਍††⁼†††††††帠幞幞幞幞幞幞幞幞幞幞幞幞幞幞幞幞幞幞幞幞幞൞ †簠†䘠汩⁥䌢尺獕牥屳整档屡湏䑥楲敶䑜獥瑫灯獜污獥愠⁩汰瑡牦浯扜捡敫摮慜灰浜摩汤睥牡履敲畱獥彴潣瑮硥⹴祰Ⱒ氠湩⁥㘵‬湩搠獩慰捴൨ †簠††爠楡敳攠਍††⁼†楆敬∠㩃啜敳獲瑜捥慨作敮牄癩履敄歳潴屰慳敬⁳楡瀠慬晴潲屭慢正湥層灡屰業摤敬慷敲牜煥敵瑳损湯整瑸瀮≹‬楬敮㔠ⰰ椠⁮楤灳瑡档਍††⁼††敲灳湯敳㴠愠慷瑩挠污彬敮瑸爨煥敵瑳ഩ †簠††††††††幞幞幞幞幞幞幞幞幞幞幞幞਍††⁼†楆敬∠㩃啜敳獲瑜捥慨䅜灰慄慴䱜捯污停潲牧浡屳祐桴湯停瑹潨㍮㈱䱜扩獜瑩ⵥ慰正条獥獜慴汲瑥整浜摩汤睥牡履慢敳瀮≹‬楬敮ㄠ㔶‬湩挠污彬敮瑸਍††⁼††慲獩⁥灡彰硥ൣ †簠†䘠汩⁥䌢尺獕牥屳整档屡灁䑰瑡屡潌慣屬牐杯慲獭停瑹潨屮祐桴湯ㄳ尲楌屢楳整瀭捡慫敧屳瑳牡敬瑴履業摤敬慷敲扜獡⹥祰Ⱒ氠湩⁥㔱ⰱ椠⁮潣潲਍††⁼††睡楡⁴敳晬愮灰猨潣数‬敲散癩彥牯摟獩潣湮捥ⱴ猠湥彤潮敟牲牯ഩ †簠†䘠汩⁥䌢尺獕牥屳整档屡灁䑰瑡屡潌慣屬牐杯慲獭停瑹潨屮祐桴湯ㄳ尲楌屢楳整瀭捡慫敧屳瑳牡敬瑴履業摤敬慷敲扜獡⹥祰Ⱒ氠湩⁥㠱ⰹ椠⁮彟慣汬彟਍††⁼††楷桴挠汯慬獰彥硥杣潲灵⡳㨩਍††⁼†楆敬∠㩃啜敳獲瑜捥慨䅜灰慄慴䱜捯污停潲牧浡屳祐桴湯停瑹潨㍮㈱䱜扩捜湯整瑸楬⹢祰Ⱒ氠湩⁥㔱ⰸ椠⁮彟硥瑩彟਍††⁼††敳晬朮湥琮牨睯瘨污敵ഩ †簠†䘠汩⁥䌢尺獕牥屳整档屡灁䑰瑡屡潌慣屬牐杯慲獭停瑹潨屮祐桴湯ㄳ尲楌屢楳整瀭捡慫敧屳瑳牡敬瑴履畟楴獬瀮≹‬楬敮㤠ⰳ椠⁮潣汬灡敳敟捸牧畯獰਍††⁼††慲獩⁥硥ൣ †簠†䘠汩⁥䌢尺獕牥屳整档屡灁䑰瑡屡潌慣屬牐杯慲獭停瑹潨屮祐桴湯ㄳ尲楌屢楳整瀭捡慫敧屳瑳牡敬瑴履業摤敬慷敲扜獡⹥祰Ⱒ氠湩⁥㤱ⰱ椠⁮彟慣汬彟਍††⁼††敲灳湯敳㴠愠慷瑩猠汥⹦楤灳瑡档晟湵⡣敲畱獥ⱴ挠污彬敮瑸ഩ †簠††††††††幞幞幞幞幞幞幞幞幞幞幞幞幞幞幞幞幞幞幞幞幞幞਍††⁼†楆敬∠㩃啜敳獲瑜捥慨作敮牄癩履敄歳潴屰慳敬⁳楡瀠慬晴潲屭慢正湥層灡屰業摤敬慷敲獜捥牵瑩⹹祰Ⱒ氠湩⁥㌲ⰱ椠⁮楤灳瑡档਍††⁼††敲灳湯敳㴠愠慷瑩挠污彬敮瑸爨煥敵瑳ഩ †簠††††††††幞幞幞幞幞幞幞幞幞幞幞幞਍††⁼†楆敬∠㩃啜敳獲瑜捥慨䅜灰慄慴䱜捯污停潲牧浡屳祐桴湯停瑹潨㍮㈱䱜扩獜瑩ⵥ慰正条獥獜慴汲瑥整浜摩汤睥牡履慢敳瀮≹‬楬敮ㄠ㔶‬湩挠污彬敮瑸਍††⁼††慲獩⁥灡彰硥ൣ †簠†䘠汩⁥䌢尺獕牥屳整档屡灁䑰瑡屡潌慣屬牐杯慲獭停瑹潨屮祐桴湯ㄳ尲楌屢楳整瀭捡慫敧屳瑳牡敬瑴履業摤敬慷敲扜獡⹥祰Ⱒ氠湩⁥㔱ⰱ椠⁮潣潲਍††⁼††睡楡⁴敳晬愮灰猨潣数‬敲散癩彥牯摟獩潣湮捥ⱴ猠湥彤潮敟牲牯ഩ †簠†䘠汩⁥䌢尺獕牥屳整档屡灁䑰瑡屡潌慣屬牐杯慲獭停瑹潨屮祐桴湯ㄳ尲楌屢楳整瀭捡慫敧屳瑳牡敬瑴履業摤敬慷敲扜獡⹥祰Ⱒ氠湩⁥㠱ⰹ椠⁮彟慣汬彟਍††⁼††楷桴挠汯慬獰彥硥杣潲灵⡳㨩਍††⁼†楆敬∠㩃啜敳獲瑜捥慨䅜灰慄慴䱜捯污停潲牧浡屳祐桴湯停瑹潨㍮㈱䱜扩捜湯整瑸楬⹢祰Ⱒ氠湩⁥㔱ⰸ椠⁮彟硥瑩彟਍††⁼††敳晬朮湥琮牨睯瘨污敵ഩ †簠†䘠汩⁥䌢尺獕牥屳整档屡灁䑰瑡屡潌慣屬牐杯慲獭停瑹潨屮祐桴湯ㄳ尲楌屢楳整瀭捡慫敧屳瑳牡敬瑴履畟楴獬瀮≹‬楬敮㤠ⰳ椠⁮潣汬灡敳敟捸牧畯獰਍††⁼††慲獩⁥硥ൣ †簠†䘠汩⁥䌢尺獕牥屳整档屡灁䑰瑡屡潌慣屬牐杯慲獭停瑹潨屮祐桴湯ㄳ尲楌屢楳整瀭捡慫敧屳瑳牡敬瑴履業摤敬慷敲扜獡⹥祰Ⱒ氠湩⁥㤱ⰱ椠⁮彟慣汬彟਍††⁼††敲灳湯敳㴠愠慷瑩猠汥⹦楤灳瑡档晟湵⡣敲畱獥ⱴ挠污彬敮瑸ഩ †簠††††††††幞幞幞幞幞幞幞幞幞幞幞幞幞幞幞幞幞幞幞幞幞幞਍††⁼†楆敬∠㩃啜敳獲瑜捥慨作敮牄癩履敄歳潴屰慳敬⁳楡瀠慬晴潲屭慢正湥層灡屰業摤敬慷敲獜捥牵瑩⹹祰Ⱒ氠湩⁥ㄲⰱ椠⁮楤灳瑡档਍††⁼††慲獩⁥呈偔硅散瑰潩⡮਍††⁼慦瑳灡⹩硥散瑰潩獮䠮呔䕐捸灥楴湯›㈴㨹吠潯洠湡⁹敲畱獥獴‮慍楸畭⁭〶爠煥敵瑳⁳数⁲業畮整愠汬睯摥മ †⬠ⴭⴭⴭⴭⴭⴭⴭⴭⴭⴭⴭⴭⴭⴭⴭⴭⴭⴭ਍਍畄楲杮栠湡汤湩⁧景琠敨愠潢敶攠捸灥楴湯‬湡瑯敨⁲硥散瑰潩⁮捯畣牲摥ഺഊ吊慲散慢正⠠潭瑳爠捥湥⁴慣汬氠獡⥴ഺ 䘠汩⁥䌢尺獕牥屳整档屡灁䑰瑡屡潌慣屬牐杯慲獭停瑹潨屮祐桴湯ㄳ尲楌屢楳整瀭捡慫敧屳瑳牡敬瑴履業摤敬慷敲敜牲牯⹳祰Ⱒ氠湩⁥㘱ⰴ椠⁮彟慣汬彟਍††睡楡⁴敳晬愮灰猨潣数‬敲散癩ⱥ张敳摮ഩ 䘠汩⁥䌢尺獕牥屳整档屡灁䑰瑡屡潌慣屬牐杯慲獭停瑹潨屮祐桴湯ㄳ尲楌屢楳整瀭捡慫敧屳瑳牡敬瑴履業摤敬慷敲扜獡⹥祰Ⱒ氠湩⁥㠱ⰹ椠⁮彟慣汬彟਍††楷桴挠汯慬獰彥硥杣潲灵⡳㨩਍†楆敬∠㩃啜敳獲瑜捥慨䅜灰慄慴䱜捯污停潲牧浡屳祐桴湯停瑹潨㍮㈱䱜扩捜湯整瑸楬⹢祰Ⱒ氠湩⁥㔱ⰸ椠⁮彟硥瑩彟਍††敳晬朮湥琮牨睯瘨污敵ഩ 䘠汩⁥䌢尺獕牥屳整档屡灁䑰瑡屡潌慣屬牐杯慲獭停瑹潨屮祐桴湯ㄳ尲楌屢楳整瀭捡慫敧屳瑳牡敬瑴履畟楴獬瀮≹‬楬敮㤠ⰳ椠⁮潣汬灡敳敟捸牧畯獰਍††慲獩⁥硥ൣ 䘠汩⁥䌢尺獕牥屳整档屡灁䑰瑡屡潌慣屬牐杯慲獭停瑹潨屮祐桴湯ㄳ尲楌屢楳整瀭捡慫敧屳瑳牡敬瑴履業摤敬慷敲扜獡⹥祰Ⱒ氠湩⁥㤱ⰱ椠⁮彟慣汬彟਍††敲灳湯敳㴠愠慷瑩猠汥⹦楤灳瑡档晟湵⡣敲畱獥ⱴ挠污彬敮瑸ഩ †††††††幞幞幞幞幞幞幞幞幞幞幞幞幞幞幞幞幞幞幞幞幞幞਍†楆敬∠㩃啜敳獲瑜捥慨作敮牄癩履敄歳潴屰慳敬⁳楡瀠慬晴潲屭慢正湥層灡屰業摤敬慷敲牜煥敵瑳损湯整瑸瀮≹‬楬敮㔠ⰶ椠⁮楤灳瑡档਍††慲獩⁥൥ 䘠汩⁥䌢尺獕牥屳整档屡湏䑥楲敶䑜獥瑫灯獜污獥愠⁩汰瑡牦浯扜捡敫摮慜灰浜摩汤睥牡履敲畱獥彴潣瑮硥⹴祰Ⱒ氠湩⁥〵‬湩搠獩慰捴൨ †爠獥潰獮⁥‽睡楡⁴慣汬湟硥⡴敲畱獥⥴਍†††††††帠幞幞幞幞幞幞幞幞幞幞幞൞ 䘠汩⁥䌢尺獕牥屳整档屡灁䑰瑡屡潌慣屬牐杯慲獭停瑹潨屮祐桴湯ㄳ尲楌屢楳整瀭捡慫敧屳瑳牡敬瑴履業摤敬慷敲扜獡⹥祰Ⱒ氠湩⁥㘱ⰵ椠⁮慣汬湟硥൴ †爠楡敳愠灰敟捸਍†楆敬∠㩃啜敳獲瑜捥慨䅜灰慄慴䱜捯污停潲牧浡屳祐桴湯停瑹潨㍮㈱䱜扩獜瑩ⵥ慰正条獥獜慴汲瑥整浜摩汤睥牡履慢敳瀮≹‬楬敮ㄠㄵ‬湩挠牯൯ †愠慷瑩猠汥⹦灡⡰捳灯ⱥ爠捥楥敶潟彲楤捳湯敮瑣‬敳摮湟彯牥潲⥲਍†楆敬∠㩃啜敳獲瑜捥慨䅜灰慄慴䱜捯污停潲牧浡屳祐桴湯停瑹潨㍮㈱䱜扩獜瑩ⵥ慰正条獥獜慴汲瑥整浜摩汤睥牡履慢敳瀮≹‬楬敮ㄠ㤸‬湩张损污彬ൟ †眠瑩⁨潣汬灡敳敟捸牧畯獰⤨ഺ 䘠汩⁥䌢尺獕牥屳整档屡灁䑰瑡屡潌慣屬牐杯慲獭停瑹潨屮祐桴湯ㄳ尲楌屢潣瑮硥汴扩瀮≹‬楬敮ㄠ㠵‬湩张敟楸彴ൟ †猠汥⹦敧⹮桴潲⡷慶畬⥥਍†楆敬∠㩃啜敳獲瑜捥慨䅜灰慄慴䱜捯污停潲牧浡屳祐桴湯停瑹潨㍮㈱䱜扩獜瑩ⵥ慰正条獥獜慴汲瑥整彜瑵汩⹳祰Ⱒ氠湩⁥㌹‬湩挠汯慬獰彥硥杣潲灵൳ †爠楡敳攠捸਍†楆敬∠㩃啜敳獲瑜捥慨䅜灰慄慴䱜捯污停潲牧浡屳祐桴湯停瑹潨㍮㈱䱜扩獜瑩ⵥ慰正条獥獜慴汲瑥整浜摩汤睥牡履慢敳瀮≹‬楬敮ㄠㄹ‬湩张损污彬ൟ †爠獥潰獮⁥‽睡楡⁴敳晬搮獩慰捴彨畦据爨煥敵瑳‬慣汬湟硥⥴਍†††††††帠幞幞幞幞幞幞幞幞幞幞幞幞幞幞幞幞幞幞幞幞幞൞ 䘠汩⁥䌢尺獕牥屳整档屡湏䑥楲敶䑜獥瑫灯獜污獥愠⁩汰瑡牦浯扜捡敫摮慜灰浜摩汤睥牡履敳畣楲祴瀮≹‬楬敮㈠ㄳ‬湩搠獩慰捴൨ †爠獥潰獮⁥‽睡楡⁴慣汬湟硥⡴敲畱獥⥴਍†††††††帠幞幞幞幞幞幞幞幞幞幞幞൞ 䘠汩⁥䌢尺獕牥屳整档屡灁䑰瑡屡潌慣屬牐杯慲獭停瑹潨屮祐桴湯ㄳ尲楌屢楳整瀭捡慫敧屳瑳牡敬瑴履業摤敬慷敲扜獡⹥祰Ⱒ氠湩⁥㘱ⰵ椠⁮慣汬湟硥൴ †爠楡敳愠灰敟捸਍†楆敬∠㩃啜敳獲瑜捥慨䅜灰慄慴䱜捯污停潲牧浡屳祐桴湯停瑹潨㍮㈱䱜扩獜瑩ⵥ慰正条獥獜慴汲瑥整浜摩汤睥牡履慢敳瀮≹‬楬敮ㄠㄵ‬湩挠牯൯ †愠慷瑩猠汥⹦灡⡰捳灯ⱥ爠捥楥敶潟彲楤捳湯敮瑣‬敳摮湟彯牥潲⥲਍†楆敬∠㩃啜敳獲瑜捥慨䅜灰慄慴䱜捯污停潲牧浡屳祐桴湯停瑹潨㍮㈱䱜扩獜瑩ⵥ慰正条獥獜慴汲瑥整浜摩汤睥牡履慢敳瀮≹‬楬敮ㄠ㤸‬湩张损污彬ൟ †眠瑩⁨潣汬灡敳敟捸牧畯獰⤨ഺ 䘠汩⁥䌢尺獕牥屳整档屡灁䑰瑡屡潌慣屬牐杯慲獭停瑹潨屮祐桴湯ㄳ尲楌屢潣瑮硥汴扩瀮≹‬楬敮ㄠ㠵‬湩张敟楸彴ൟ †猠汥⹦敧⹮桴潲⡷慶畬⥥਍†楆敬∠㩃啜敳獲瑜捥慨䅜灰慄慴䱜捯污停潲牧浡屳祐桴湯停瑹潨㍮㈱䱜扩獜瑩ⵥ慰正条獥獜慴汲瑥整彜瑵汩⹳祰Ⱒ氠湩⁥㌹‬湩挠汯慬獰彥硥杣潲灵൳ †爠楡敳攠捸਍†楆敬∠㩃啜敳獲瑜捥慨䅜灰慄慴䱜捯污停潲牧浡屳祐桴湯停瑹潨㍮㈱䱜扩獜瑩ⵥ慰正条獥獜慴汲瑥整浜摩汤睥牡履慢敳瀮≹‬楬敮ㄠㄹ‬湩张损污彬ൟ †爠獥潰獮⁥‽睡楡⁴敳晬搮獩慰捴彨畦据爨煥敵瑳‬慣汬湟硥⥴਍†††††††帠幞幞幞幞幞幞幞幞幞幞幞幞幞幞幞幞幞幞幞幞幞൞ 䘠汩⁥䌢尺獕牥屳整档屡湏䑥楲敶䑜獥瑫灯獜污獥愠⁩汰瑡牦浯扜捡敫摮慜灰浜摩汤睥牡履敳畣楲祴瀮≹‬楬敮㈠ㄱ‬湩搠獩慰捴൨ †爠楡敳䠠呔䕐捸灥楴湯ന昊獡慴楰攮捸灥楴湯⹳呈偔硅散瑰潩㩮㐠㤲›潔⁯慭祮爠煥敵瑳⹳䴠硡浩浵㘠‰敲畱獥獴瀠牥洠湩瑵⁥污潬敷⹤਍਍㉛㈰ⴶ㌰㈭‹㄰㌺㨶㌱㘮㈲㜱崴嬠䑉戺戴づ摤ⴲ敤搶㐭㘳ⴰ昹扥ㄭ昵摦㈸㙤㤸嵣䔠剒›㈴㨹吠潯洠湡⁹敲畱獥獴‮慍楸畭⁭〶爠煥敵瑳⁳数⁲業畮整愠汬睯摥മ ⬠䔠捸灥楴湯䜠潲灵吠慲散慢正⠠潭瑳爠捥湥⁴慣汬氠獡⥴ഺ 簠†䘠汩⁥䌢尺獕牥屳整档屡灁䑰瑡屡潌慣屬牐杯慲獭停瑹潨屮祐桴湯ㄳ尲楌屢楳整瀭捡慫敧屳瑳牡敬瑴履畟楴獬瀮≹‬楬敮㠠ⰷ椠⁮潣汬灡敳敟捸牧畯獰਍†⁼††楹汥൤ 簠†䘠汩⁥䌢尺獕牥屳整档屡灁䑰瑡屡潌慣屬牐杯慲獭停瑹潨屮祐桴湯ㄳ尲楌屢楳整瀭捡慫敧屳瑳牡敬瑴履業摤敬慷敲扜獡⹥祰Ⱒ氠湩⁥㤱ⰰ椠⁮彟慣汬彟਍†⁼††獡湹⁣楷桴愠祮潩挮敲瑡彥慴歳束潲灵⤨愠⁳慴歳束潲灵ഺ 簠†䘠汩⁥䌢尺獕牥屳整档屡灁䑰瑡屡潌慣屬牐杯慲獭停瑹潨屮祐桴湯ㄳ尲楌屢楳整瀭捡慫敧屳湡楹屯扟捡敫摮屳慟祳据潩瀮≹‬楬敮㘠㠷‬湩张慟硥瑩彟਍†⁼††慲獩⁥慂敳硅散瑰潩䝮潲灵ന 簠䔠捸灥楴湯片畯㩰甠桮湡汤摥攠牲牯⁳湩愠吠獡䝫潲灵⠠‱畳ⵢ硥散瑰潩⥮਍†⴫⴫ⴭⴭⴭⴭⴭⴭⴭ‭‱ⴭⴭⴭⴭⴭⴭⴭⴭ਍††⁼牔捡扥捡⁫洨獯⁴敲散瑮挠污⁬慬瑳㨩਍††⁼†楆敬∠㩃啜敳獲瑜捥慨䅜灰慄慴䱜捯污停潲牧浡屳祐桴湯停瑹潨㍮㈱䱜扩獜瑩ⵥ慰正条獥獜慴汲瑥整浜摩汤睥牡履牥潲獲瀮≹‬楬敮ㄠ㐶‬湩张损污彬ൟ †簠††愠慷瑩猠汥⹦灡⡰捳灯ⱥ爠捥楥敶‬獟湥⥤਍††⁼†楆敬∠㩃啜敳獲瑜捥慨䅜灰慄慴䱜捯污停潲牧浡屳祐桴湯停瑹潨㍮㈱䱜扩獜瑩ⵥ慰正条獥獜慴汲瑥整浜摩汤睥牡履慢敳瀮≹‬楬敮ㄠ㤸‬湩张损污彬ൟ †簠††眠瑩⁨潣汬灡敳敟捸牧畯獰⤨ഺ †簠†䘠汩⁥䌢尺獕牥屳整档屡灁䑰瑡屡潌慣屬牐杯慲獭停瑹潨屮祐桴湯ㄳ尲楌屢潣瑮硥汴扩瀮≹‬楬敮ㄠ㠵‬湩张敟楸彴ൟ †簠††猠汥⹦敧⹮桴潲⡷慶畬⥥਍††⁼†楆敬∠㩃啜敳獲瑜捥慨䅜灰慄慴䱜捯污停潲牧浡屳祐桴湯停瑹潨㍮㈱䱜扩獜瑩ⵥ慰正条獥獜慴汲瑥整彜瑵汩⹳祰Ⱒ氠湩⁥㌹‬湩挠汯慬獰彥硥杣潲灵൳ †簠††爠楡敳攠捸਍††⁼†楆敬∠㩃啜敳獲瑜捥慨䅜灰慄慴䱜捯污停潲牧浡屳祐桴湯停瑹潨㍮㈱䱜扩獜瑩ⵥ慰正条獥獜慴汲瑥整浜摩汤睥牡履慢敳瀮≹‬楬敮ㄠㄹ‬湩张损污彬ൟ †簠††爠獥潰獮⁥‽睡楡⁴敳晬搮獩慰捴彨畦据爨煥敵瑳‬慣汬湟硥⥴਍††⁼†††††††帠幞幞幞幞幞幞幞幞幞幞幞幞幞幞幞幞幞幞幞幞幞൞ †簠†䘠汩⁥䌢尺獕牥屳整档屡湏䑥楲敶䑜獥瑫灯獜污獥愠⁩汰瑡牦浯扜捡敫摮慜灰浜摩汤睥牡履敲畱獥彴潣瑮硥⹴祰Ⱒ氠湩⁥㘵‬湩搠獩慰捴൨ †簠††爠楡敳攠਍††⁼†楆敬∠㩃啜敳獲瑜捥慨作敮牄癩履敄歳潴屰慳敬⁳楡瀠慬晴潲屭慢正湥層灡屰業摤敬慷敲牜煥敵瑳损湯整瑸瀮≹‬楬敮㔠ⰰ椠⁮楤灳瑡档਍††⁼††敲灳湯敳㴠愠慷瑩挠污彬敮瑸爨煥敵瑳ഩ †簠††††††††幞幞幞幞幞幞幞幞幞幞幞幞਍††⁼†楆敬∠㩃啜敳獲瑜捥慨䅜灰慄慴䱜捯污停潲牧浡屳祐桴湯停瑹潨㍮㈱䱜扩獜瑩ⵥ慰正条獥獜慴汲瑥整浜摩汤睥牡履慢敳瀮≹‬楬敮ㄠ㔶‬湩挠污彬敮瑸਍††⁼††慲獩⁥灡彰硥ൣ †簠†䘠汩⁥䌢尺獕牥屳整档屡灁䑰瑡屡潌慣屬牐杯慲獭停瑹潨屮祐桴湯ㄳ尲楌屢楳整瀭捡慫敧屳瑳牡敬瑴履業摤敬慷敲扜獡⹥祰Ⱒ氠湩⁥㔱ⰱ椠⁮潣潲਍††⁼††睡楡⁴敳晬愮灰猨潣数‬敲散癩彥牯摟獩潣湮捥ⱴ猠湥彤潮敟牲牯ഩ †簠†䘠汩⁥䌢尺獕牥屳整档屡灁䑰瑡屡潌慣屬牐杯慲獭停瑹潨屮祐桴湯ㄳ尲楌屢楳整瀭捡慫敧屳瑳牡敬瑴履業摤敬慷敲扜獡⹥祰Ⱒ氠湩⁥㠱ⰹ椠⁮彟慣汬彟਍††⁼††楷桴挠汯慬獰彥硥杣潲灵⡳㨩਍††⁼†楆敬∠㩃啜敳獲瑜捥慨䅜灰慄慴䱜捯污停潲牧浡屳祐桴湯停瑹潨㍮㈱䱜扩捜湯整瑸楬⹢祰Ⱒ氠湩⁥㔱ⰸ椠⁮彟硥瑩彟਍††⁼††敳晬朮湥琮牨睯瘨污敵ഩ †簠†䘠汩⁥䌢尺獕牥屳整档屡灁䑰瑡屡潌慣屬牐杯慲獭停瑹潨屮祐桴湯ㄳ尲楌屢楳整瀭捡慫敧屳瑳牡敬瑴履畟楴獬瀮≹‬楬敮㤠ⰳ椠⁮潣汬灡敳敟捸牧畯獰਍††⁼††慲獩⁥硥ൣ †簠†䘠汩⁥䌢尺獕牥屳整档屡灁䑰瑡屡潌慣屬牐杯慲獭停瑹潨屮祐桴湯ㄳ尲楌屢楳整瀭捡慫敧屳瑳牡敬瑴履業摤敬慷敲扜獡⹥祰Ⱒ氠湩⁥㤱ⰱ椠⁮彟慣汬彟਍††⁼††敲灳湯敳㴠愠慷瑩猠汥⹦楤灳瑡档晟湵⡣敲畱獥ⱴ挠污彬敮瑸ഩ †簠††††††††幞幞幞幞幞幞幞幞幞幞幞幞幞幞幞幞幞幞幞幞幞幞਍††⁼†楆敬∠㩃啜敳獲瑜捥慨作敮牄癩履敄歳潴屰慳敬⁳楡瀠慬晴潲屭慢正湥層灡屰業摤敬慷敲獜捥牵瑩⹹祰Ⱒ氠湩⁥㌲ⰱ椠⁮楤灳瑡档਍††⁼††敲灳湯敳㴠愠慷瑩挠污彬敮瑸爨煥敵瑳ഩ †簠††††††††幞幞幞幞幞幞幞幞幞幞幞幞਍††⁼†楆敬∠㩃啜敳獲瑜捥慨䅜灰慄慴䱜捯污停潲牧浡屳祐桴湯停瑹潨㍮㈱䱜扩獜瑩ⵥ慰正条獥獜慴汲瑥整浜摩汤睥牡履慢敳瀮≹‬楬敮ㄠ㔶‬湩挠污彬敮瑸਍††⁼††慲獩⁥灡彰硥ൣ †簠†䘠汩⁥䌢尺獕牥屳整档屡灁䑰瑡屡潌慣屬牐杯慲獭停瑹潨屮祐桴湯ㄳ尲楌屢楳整瀭捡慫敧屳瑳牡敬瑴履業摤敬慷敲扜獡⹥祰Ⱒ氠湩⁥㔱ⰱ椠⁮潣潲਍††⁼††睡楡⁴敳晬愮灰猨潣数‬敲散癩彥牯摟獩潣湮捥ⱴ猠湥彤潮敟牲牯ഩ †簠†䘠汩⁥䌢尺獕牥屳整档屡灁䑰瑡屡潌慣屬牐杯慲獭停瑹潨屮祐桴湯ㄳ尲楌屢楳整瀭捡慫敧屳瑳牡敬瑴履業摤敬慷敲扜獡⹥祰Ⱒ氠湩⁥㠱ⰹ椠⁮彟慣汬彟਍††⁼††楷桴挠汯慬獰彥硥杣潲灵⡳㨩਍††⁼†楆敬∠㩃啜敳獲瑜捥慨䅜灰慄慴䱜捯污停潲牧浡屳祐桴湯停瑹潨㍮㈱䱜扩捜湯整瑸楬⹢祰Ⱒ氠湩⁥㔱ⰸ椠⁮彟硥瑩彟਍††⁼††敳晬朮湥琮牨睯瘨污敵ഩ †簠†䘠汩⁥䌢尺獕牥屳整档屡灁䑰瑡屡潌慣屬牐杯慲獭停瑹潨屮祐桴湯ㄳ尲楌屢楳整瀭捡慫敧屳瑳牡敬瑴履畟楴獬瀮≹‬楬敮㤠ⰳ椠⁮潣汬灡敳敟捸牧畯獰਍††⁼††慲獩⁥硥ൣ †簠†䘠汩⁥䌢尺獕牥屳整档屡灁䑰瑡屡潌慣屬牐杯慲獭停瑹潨屮祐桴湯ㄳ尲楌屢楳整瀭捡慫敧屳瑳牡敬瑴履業摤敬慷敲扜獡⹥祰Ⱒ氠湩⁥㤱ⰱ椠⁮彟慣汬彟਍††⁼††敲灳湯敳㴠愠慷瑩猠汥⹦楤灳瑡档晟湵⡣敲畱獥ⱴ挠污彬敮瑸ഩ †簠††††††††幞幞幞幞幞幞幞幞幞幞幞幞幞幞幞幞幞幞幞幞幞幞਍††⁼†楆敬∠㩃啜敳獲瑜捥慨作敮牄癩履敄歳潴屰慳敬⁳楡瀠慬晴潲屭慢正湥層灡屰業摤敬慷敲獜捥牵瑩⹹祰Ⱒ氠湩⁥ㄲⰱ椠⁮楤灳瑡档਍††⁼††慲獩⁥呈偔硅散瑰潩⡮਍††⁼慦瑳灡⹩硥散瑰潩獮䠮呔䕐捸灥楴湯›㈴㨹吠潯洠湡⁹敲畱獥獴‮慍楸畭⁭〶爠煥敵瑳⁳数⁲業畮整愠汬睯摥മ †⬠ⴭⴭⴭⴭⴭⴭⴭⴭⴭⴭⴭⴭⴭⴭⴭⴭⴭⴭ਍਍畄楲杮栠湡汤湩⁧景琠敨愠潢敶攠捸灥楴湯‬湡瑯敨⁲硥散瑰潩⁮捯畣牲摥ഺഊ吊慲散慢正⠠潭瑳爠捥湥⁴慣汬氠獡⥴ഺ 䘠汩⁥䌢尺獕牥屳整档屡灁䑰瑡屡潌慣屬牐杯慲獭停瑹潨屮祐桴湯ㄳ尲楌屢楳整瀭捡慫敧屳瑳牡敬瑴履業摤敬慷敲敜牲牯⹳祰Ⱒ氠湩⁥㘱ⰴ椠⁮彟慣汬彟਍††睡楡⁴敳晬愮灰猨潣数‬敲散癩ⱥ张敳摮ഩ 䘠汩⁥䌢尺獕牥屳整档屡灁䑰瑡屡潌慣屬牐杯慲獭停瑹潨屮祐桴湯ㄳ尲楌屢楳整瀭捡慫敧屳瑳牡敬瑴履業摤敬慷敲扜獡⹥祰Ⱒ氠湩⁥㠱ⰹ椠⁮彟慣汬彟਍††楷桴挠汯慬獰彥硥杣潲灵⡳㨩਍†楆敬∠㩃啜敳獲瑜捥慨䅜灰慄慴䱜捯污停潲牧浡屳祐桴湯停瑹潨㍮㈱䱜扩捜湯整瑸楬⹢祰Ⱒ氠湩⁥㔱ⰸ椠⁮彟硥瑩彟਍††敳晬朮湥琮牨睯瘨污敵ഩ 䘠汩⁥䌢尺獕牥屳整档屡灁䑰瑡屡潌慣屬牐杯慲獭停瑹潨屮祐桴湯ㄳ尲楌屢楳整瀭捡慫敧屳瑳牡敬瑴履畟楴獬瀮≹‬楬敮㤠ⰳ椠⁮潣汬灡敳敟捸牧畯獰਍††慲獩⁥硥ൣ 䘠汩⁥䌢尺獕牥屳整档屡灁䑰瑡屡潌慣屬牐杯慲獭停瑹潨屮祐桴湯ㄳ尲楌屢楳整瀭捡慫敧屳瑳牡敬瑴履業摤敬慷敲扜獡⹥祰Ⱒ氠湩⁥㤱ⰱ椠⁮彟慣汬彟਍††敲灳湯敳㴠愠慷瑩猠汥⹦楤灳瑡档晟湵⡣敲畱獥ⱴ挠污彬敮瑸ഩ †††††††幞幞幞幞幞幞幞幞幞幞幞幞幞幞幞幞幞幞幞幞幞幞਍†楆敬∠㩃啜敳獲瑜捥慨作敮牄癩履敄歳潴屰慳敬⁳楡瀠慬晴潲屭慢正湥層灡屰業摤敬慷敲牜煥敵瑳损湯整瑸瀮≹‬楬敮㔠ⰶ椠⁮楤灳瑡档਍††慲獩⁥൥ 䘠汩⁥䌢尺獕牥屳整档屡湏䑥楲敶䑜獥瑫灯獜污獥愠⁩汰瑡牦浯扜捡敫摮慜灰浜摩汤睥牡履敲畱獥彴潣瑮硥⹴祰Ⱒ氠湩⁥〵‬湩搠獩慰捴൨ †爠獥潰獮⁥‽睡楡⁴慣汬湟硥⡴敲畱獥⥴਍†††††††帠幞幞幞幞幞幞幞幞幞幞幞൞ 䘠汩⁥䌢尺獕牥屳整档屡灁䑰瑡屡潌慣屬牐杯慲獭停瑹潨屮祐桴湯ㄳ尲楌屢楳整瀭捡慫敧屳瑳牡敬瑴履業摤敬慷敲扜獡⹥祰Ⱒ氠湩⁥㘱ⰵ椠⁮慣汬湟硥൴ †爠楡敳愠灰敟捸਍†楆敬∠㩃啜敳獲瑜捥慨䅜灰慄慴䱜捯污停潲牧浡屳祐桴湯停瑹潨㍮㈱䱜扩獜瑩ⵥ慰正条獥獜慴汲瑥整浜摩汤睥牡履慢敳瀮≹‬楬敮ㄠㄵ‬湩挠牯൯ †愠慷瑩猠汥⹦灡⡰捳灯ⱥ爠捥楥敶潟彲楤捳湯敮瑣‬敳摮湟彯牥潲⥲਍†楆敬∠㩃啜敳獲瑜捥慨䅜灰慄慴䱜捯污停潲牧浡屳祐桴湯停瑹潨㍮㈱䱜扩獜瑩ⵥ慰正条獥獜慴汲瑥整浜摩汤睥牡履慢敳瀮≹‬楬敮ㄠ㤸‬湩张损污彬ൟ †眠瑩⁨潣汬灡敳敟捸牧畯獰⤨ഺ 䘠汩⁥䌢尺獕牥屳整档屡灁䑰瑡屡潌慣屬牐杯慲獭停瑹潨屮祐桴湯ㄳ尲楌屢潣瑮硥汴扩瀮≹‬楬敮ㄠ㠵‬湩张敟楸彴ൟ †猠汥⹦敧⹮桴潲⡷慶畬⥥਍†楆敬∠㩃啜敳獲瑜捥慨䅜灰慄慴䱜捯污停潲牧浡屳祐桴湯停瑹潨㍮㈱䱜扩獜瑩ⵥ慰正条獥獜慴汲瑥整彜瑵汩⹳祰Ⱒ氠湩⁥㌹‬湩挠汯慬獰彥硥杣潲灵൳ †爠楡敳攠捸਍†楆敬∠㩃啜敳獲瑜捥慨䅜灰慄慴䱜捯污停潲牧浡屳祐桴湯停瑹潨㍮㈱䱜扩獜瑩ⵥ慰正条獥獜慴汲瑥整浜摩汤睥牡履慢敳瀮≹‬楬敮ㄠㄹ‬湩张损污彬ൟ †爠獥潰獮⁥‽睡楡⁴敳晬搮獩慰捴彨畦据爨煥敵瑳‬慣汬湟硥⥴਍†††††††帠幞幞幞幞幞幞幞幞幞幞幞幞幞幞幞幞幞幞幞幞幞൞ 䘠汩⁥䌢尺獕牥屳整档屡湏䑥楲敶䑜獥瑫灯獜污獥愠⁩汰瑡牦浯扜捡敫摮慜灰浜摩汤睥牡履敳畣楲祴瀮≹‬楬敮㈠ㄳ‬湩搠獩慰捴൨ †爠獥潰獮⁥‽睡楡⁴慣汬湟硥⡴敲畱獥⥴਍†††††††帠幞幞幞幞幞幞幞幞幞幞幞൞ 䘠汩⁥䌢尺獕牥屳整档屡灁䑰瑡屡潌慣屬牐杯慲獭停瑹潨屮祐桴湯ㄳ尲楌屢楳整瀭捡慫敧屳瑳牡敬瑴履業摤敬慷敲扜獡⹥祰Ⱒ氠湩⁥㘱ⰵ椠⁮慣汬湟硥൴ †爠楡敳愠灰敟捸਍†楆敬∠㩃啜敳獲瑜捥慨䅜灰慄慴䱜捯污停潲牧浡屳祐桴湯停瑹潨㍮㈱䱜扩獜瑩ⵥ慰正条獥獜慴汲瑥整浜摩汤睥牡履慢敳瀮≹‬楬敮ㄠㄵ‬湩挠牯൯ †愠慷瑩猠汥⹦灡⡰捳灯ⱥ爠捥楥敶潟彲楤捳湯敮瑣‬敳摮湟彯牥潲⥲਍†楆敬∠㩃啜敳獲瑜捥慨䅜灰慄慴䱜捯污停潲牧浡屳祐桴湯停瑹潨㍮㈱䱜扩獜瑩ⵥ慰正条獥獜慴汲瑥整浜摩汤睥牡履慢敳瀮≹‬楬敮ㄠ㤸‬湩张损污彬ൟ †眠瑩⁨潣汬灡敳敟捸牧畯獰⤨ഺ 䘠汩⁥䌢尺獕牥屳整档屡灁䑰瑡屡潌慣屬牐杯慲獭停瑹潨屮祐桴湯ㄳ尲楌屢潣瑮硥汴扩瀮≹‬楬敮ㄠ㠵‬湩张敟楸彴ൟ †猠汥⹦敧⹮桴潲⡷慶畬⥥਍†楆敬∠㩃啜敳獲瑜捥慨䅜灰慄慴䱜捯污停潲牧浡屳祐桴湯停瑹潨㍮㈱䱜扩獜瑩ⵥ慰正条獥獜慴汲瑥整彜瑵汩⹳祰Ⱒ氠湩⁥㌹‬湩挠汯慬獰彥硥杣潲灵൳ †爠楡敳攠捸਍†楆敬∠㩃啜敳獲瑜捥慨䅜灰慄慴䱜捯污停潲牧浡屳祐桴湯停瑹潨㍮㈱䱜扩獜瑩ⵥ慰正条獥獜慴汲瑥整浜摩汤睥牡履慢敳瀮≹‬楬敮ㄠㄹ‬湩张损污彬ൟ †爠獥潰獮⁥‽睡楡⁴敳晬搮獩慰捴彨畦据爨煥敵瑳‬慣汬湟硥⥴਍†††††††帠幞幞幞幞幞幞幞幞幞幞幞幞幞幞幞幞幞幞幞幞幞൞ 䘠汩⁥䌢尺獕牥屳整档屡湏䑥楲敶䑜獥瑫灯獜污獥愠⁩汰瑡牦浯扜捡敫摮慜灰浜摩汤睥牡履敳畣楲祴瀮≹‬楬敮㈠ㄱ‬湩搠獩慰捴൨ †爠楡敳䠠呔䕐捸灥楴湯ന昊獡慴楰攮捸灥楴湯⹳呈偔硅散瑰潩㩮㐠㤲›潔⁯慭祮爠煥敵瑳⹳䴠硡浩浵㘠‰敲畱獥獴瀠牥洠湩瑵⁥污潬敷⹤਍਍㉛㈰ⴶ㌰㈭‹㄰㌺㨶㌱㘮㜳㠱崰嬠䑉攺攰㡣搷ⵢ㜹〹㐭㥦ⵥ㡢晣搭扢愸ㄱ〳㜵崳䔠剒›㈴㨹吠潯洠湡⁹敲畱獥獴‮慍楸畭⁭〶爠煥敵瑳⁳数⁲業畮整愠汬睯摥മ ⬠䔠捸灥楴湯䜠潲灵吠慲散慢正⠠潭瑳爠捥湥⁴慣汬氠獡⥴ഺ 簠†䘠汩⁥䌢尺獕牥屳整档屡灁䑰瑡屡潌慣屬牐杯慲獭停瑹潨屮祐桴湯ㄳ尲楌屢楳整瀭捡慫敧屳瑳牡敬瑴履畟楴獬瀮≹‬楬敮㠠ⰷ椠⁮潣汬灡敳敟捸牧畯獰਍†⁼††楹汥൤ 簠†䘠汩⁥䌢尺獕牥屳整档屡灁䑰瑡屡潌慣屬牐杯慲獭停瑹潨屮祐桴湯ㄳ尲楌屢楳整瀭捡慫敧屳瑳牡敬瑴履業摤敬慷敲扜獡⹥祰Ⱒ氠湩⁥㤱ⰰ椠⁮彟慣汬彟਍†⁼††獡湹⁣楷桴愠祮潩挮敲瑡彥慴歳束潲灵⤨愠⁳慴歳束潲灵ഺ 簠†䘠汩⁥䌢尺獕牥屳整档屡灁䑰瑡屡潌慣屬牐杯慲獭停瑹潨屮祐桴湯ㄳ尲楌屢楳整瀭捡慫敧屳湡楹屯扟捡敫摮屳慟祳据潩瀮≹‬楬敮㘠㠷‬湩张慟硥瑩彟਍†⁼††慲獩⁥慂敳硅散瑰潩䝮潲灵ന 簠䔠捸灥楴湯片畯㩰甠桮湡汤摥攠牲牯⁳湩愠吠獡䝫潲灵⠠‱畳ⵢ硥散瑰潩⥮਍†⴫⴫ⴭⴭⴭⴭⴭⴭⴭ‭‱ⴭⴭⴭⴭⴭⴭⴭⴭ਍††⁼牔捡扥捡⁫洨獯⁴敲散瑮挠污⁬慬瑳㨩਍††⁼†楆敬∠㩃啜敳獲瑜捥慨䅜灰慄慴䱜捯污停潲牧浡屳祐桴湯停瑹潨㍮㈱䱜扩獜瑩ⵥ慰正条獥獜慴汲瑥整浜摩汤睥牡履牥潲獲瀮≹‬楬敮ㄠ㐶‬湩张损污彬ൟ †簠††愠慷瑩猠汥⹦灡⡰捳灯ⱥ爠捥楥敶‬獟湥⥤਍††⁼†楆敬∠㩃啜敳獲瑜捥慨䅜灰慄慴䱜捯污停潲牧浡屳祐桴湯停瑹潨㍮㈱䱜扩獜瑩ⵥ慰正条獥獜慴汲瑥整浜摩汤睥牡履慢敳瀮≹‬楬敮ㄠ㤸‬湩张损污彬ൟ †簠††眠瑩⁨潣汬灡敳敟捸牧畯獰⤨ഺ †簠†䘠汩⁥䌢尺獕牥屳整档屡灁䑰瑡屡潌慣屬牐杯慲獭停瑹潨屮祐桴湯ㄳ尲楌屢潣瑮硥汴扩瀮≹‬楬敮ㄠ㠵‬湩张敟楸彴ൟ †簠††猠汥⹦敧⹮桴潲⡷慶畬⥥਍††⁼†楆敬∠㩃啜敳獲瑜捥慨䅜灰慄慴䱜捯污停潲牧浡屳祐桴湯停瑹潨㍮㈱䱜扩獜瑩ⵥ慰正条獥獜慴汲瑥整彜瑵汩⹳祰Ⱒ氠湩⁥㌹‬湩挠汯慬獰彥硥杣潲灵൳ †簠††爠楡敳攠捸਍††⁼†楆敬∠㩃啜敳獲瑜捥慨䅜灰慄慴䱜捯污停潲牧浡屳祐桴湯停瑹潨㍮㈱䱜扩獜瑩ⵥ慰正条獥獜慴汲瑥整浜摩汤睥牡履慢敳瀮≹‬楬敮ㄠㄹ‬湩张损污彬ൟ †簠††爠獥潰獮⁥‽睡楡⁴敳晬搮獩慰捴彨畦据爨煥敵瑳‬慣汬湟硥⥴਍††⁼†††††††帠幞幞幞幞幞幞幞幞幞幞幞幞幞幞幞幞幞幞幞幞幞൞ †簠†䘠汩⁥䌢尺獕牥屳整档屡湏䑥楲敶䑜獥瑫灯獜污獥愠⁩汰瑡牦浯扜捡敫摮慜灰浜摩汤睥牡履敲畱獥彴潣瑮硥⹴祰Ⱒ氠湩⁥㘵‬湩搠獩慰捴൨ †簠††爠楡敳攠਍††⁼†楆敬∠㩃啜敳獲瑜捥慨作敮牄癩履敄歳潴屰慳敬⁳楡瀠慬晴潲屭慢正湥層灡屰業摤敬慷敲牜煥敵瑳损湯整瑸瀮≹‬楬敮㔠ⰰ椠⁮楤灳瑡档਍††⁼††敲灳湯敳㴠愠慷瑩挠污彬敮瑸爨煥敵瑳ഩ †簠††††††††幞幞幞幞幞幞幞幞幞幞幞幞਍††⁼†楆敬∠㩃啜敳獲瑜捥慨䅜灰慄慴䱜捯污停潲牧浡屳祐桴湯停瑹潨㍮㈱䱜扩獜瑩ⵥ慰正条獥獜慴汲瑥整浜摩汤睥牡履慢敳瀮≹‬楬敮ㄠ㔶‬湩挠污彬敮瑸਍††⁼††慲獩⁥灡彰硥ൣ †簠†䘠汩⁥䌢尺獕牥屳整档屡灁䑰瑡屡潌慣屬牐杯慲獭停瑹潨屮祐桴湯ㄳ尲楌屢楳整瀭捡慫敧屳瑳牡敬瑴履業摤敬慷敲扜獡⹥祰Ⱒ氠湩⁥㔱ⰱ椠⁮潣潲਍††⁼††睡楡⁴敳晬愮灰猨潣数‬敲散癩彥牯摟獩潣湮捥ⱴ猠湥彤潮敟牲牯ഩ †簠†䘠汩⁥䌢尺獕牥屳整档屡灁䑰瑡屡潌慣屬牐杯慲獭停瑹潨屮祐桴湯ㄳ尲楌屢楳整瀭捡慫敧屳瑳牡敬瑴履業摤敬慷敲扜獡⹥祰Ⱒ氠湩⁥㠱ⰹ椠⁮彟慣汬彟਍††⁼††楷桴挠汯慬獰彥硥杣潲灵⡳㨩਍††⁼†楆敬∠㩃啜敳獲瑜捥慨䅜灰慄慴䱜捯污停潲牧浡屳祐桴湯停瑹潨㍮㈱䱜扩捜湯整瑸楬⹢祰Ⱒ氠湩⁥㔱ⰸ椠⁮彟硥瑩彟਍††⁼††敳晬朮湥琮牨睯瘨污敵ഩ †簠†䘠汩⁥䌢尺獕牥屳整档屡灁䑰瑡屡潌慣屬牐杯慲獭停瑹潨屮祐桴湯ㄳ尲楌屢楳整瀭捡慫敧屳瑳牡敬瑴履畟楴獬瀮≹‬楬敮㤠ⰳ椠⁮潣汬灡敳敟捸牧畯獰਍††⁼††慲獩⁥硥ൣ †簠†䘠汩⁥䌢尺獕牥屳整档屡灁䑰瑡屡潌慣屬牐杯慲獭停瑹潨屮祐桴湯ㄳ尲楌屢楳整瀭捡慫敧屳瑳牡敬瑴履業摤敬慷敲扜獡⹥祰Ⱒ氠湩⁥㤱ⰱ椠⁮彟慣汬彟਍††⁼††敲灳湯敳㴠愠慷瑩猠汥⹦楤灳瑡档晟湵⡣敲畱獥ⱴ挠污彬敮瑸ഩ †簠††††††††幞幞幞幞幞幞幞幞幞幞幞幞幞幞幞幞幞幞幞幞幞幞਍††⁼†楆敬∠㩃啜敳獲瑜捥慨作敮牄癩履敄歳潴屰慳敬⁳楡瀠慬晴潲屭慢正湥層灡屰業摤敬慷敲獜捥牵瑩⹹祰Ⱒ氠湩⁥㌲ⰱ椠⁮楤灳瑡档਍††⁼††敲灳湯敳㴠愠慷瑩挠污彬敮瑸爨煥敵瑳ഩ †簠††††††††幞幞幞幞幞幞幞幞幞幞幞幞਍††⁼†楆敬∠㩃啜敳獲瑜捥慨䅜灰慄慴䱜捯污停潲牧浡屳祐桴湯停瑹潨㍮㈱䱜扩獜瑩ⵥ慰正条獥獜慴汲瑥整浜摩汤睥牡履慢敳瀮≹‬楬敮ㄠ㔶‬湩挠污彬敮瑸਍††⁼††慲獩⁥灡彰硥ൣ †簠†䘠汩⁥䌢尺獕牥屳整档屡灁䑰瑡屡潌慣屬牐杯慲獭停瑹潨屮祐桴湯ㄳ尲楌屢楳整瀭捡慫敧屳瑳牡敬瑴履業摤敬慷敲扜獡⹥祰Ⱒ氠湩⁥㔱ⰱ椠⁮潣潲਍††⁼††睡楡⁴敳晬愮灰猨潣数‬敲散癩彥牯摟獩潣湮捥ⱴ猠湥彤潮敟牲牯ഩ †簠†䘠汩⁥䌢尺獕牥屳整档屡灁䑰瑡屡潌慣屬牐杯慲獭停瑹潨屮祐桴湯ㄳ尲楌屢楳整瀭捡慫敧屳瑳牡敬瑴履業摤敬慷敲扜獡⹥祰Ⱒ氠湩⁥㠱ⰹ椠⁮彟慣汬彟਍††⁼††楷桴挠汯慬獰彥硥杣潲灵⡳㨩਍††⁼†楆敬∠㩃啜敳獲瑜捥慨䅜灰慄慴䱜捯污停潲牧浡屳祐桴湯停瑹潨㍮㈱䱜扩捜湯整瑸楬⹢祰Ⱒ氠湩⁥㔱ⰸ椠⁮彟硥瑩彟਍††⁼††敳晬朮湥琮牨睯瘨污敵ഩ †簠†䘠汩⁥䌢尺獕牥屳整档屡灁䑰瑡屡潌慣屬牐杯慲獭停瑹潨屮祐桴湯ㄳ尲楌屢楳整瀭捡慫敧屳瑳牡敬瑴履畟楴獬瀮≹‬楬敮㤠ⰳ椠⁮潣汬灡敳敟捸牧畯獰਍††⁼††慲獩⁥硥ൣ †簠†䘠汩⁥䌢尺獕牥屳整档屡灁䑰瑡屡潌慣屬牐杯慲獭停瑹潨屮祐桴湯ㄳ尲楌屢楳整瀭捡慫敧屳瑳牡敬瑴履業摤敬慷敲扜獡⹥祰Ⱒ氠湩⁥㤱ⰱ椠⁮彟慣汬彟਍††⁼††敲灳湯敳㴠愠慷瑩猠汥⹦楤灳瑡档晟湵⡣敲畱獥ⱴ挠污彬敮瑸ഩ †簠††††††††幞幞幞幞幞幞幞幞幞幞幞幞幞幞幞幞幞幞幞幞幞幞਍††⁼†楆敬∠㩃啜敳獲瑜捥慨作敮牄癩履敄歳潴屰慳敬⁳楡瀠慬晴潲屭慢正湥層灡屰業摤敬慷敲獜捥牵瑩⹹祰Ⱒ氠湩⁥ㄲⰱ椠⁮楤灳瑡档਍††⁼††慲獩⁥呈偔硅散瑰潩⡮਍††⁼慦瑳灡⹩硥散瑰潩獮䠮呔䕐捸灥楴湯›㈴㨹吠潯洠湡⁹敲畱獥獴‮慍楸畭⁭〶爠煥敵瑳⁳数⁲業畮整愠汬睯摥മ †⬠ⴭⴭⴭⴭⴭⴭⴭⴭⴭⴭⴭⴭⴭⴭⴭⴭⴭⴭ਍਍畄楲杮栠湡汤湩⁧景琠敨愠潢敶攠捸灥楴湯‬湡瑯敨⁲硥散瑰潩⁮捯畣牲摥ഺഊ吊慲散慢正⠠潭瑳爠捥湥⁴慣汬氠獡⥴ഺ 䘠汩⁥䌢尺獕牥屳整档屡灁䑰瑡屡潌慣屬牐杯慲獭停瑹潨屮祐桴湯ㄳ尲楌屢楳整瀭捡慫敧屳瑳牡敬瑴履業摤敬慷敲敜牲牯⹳祰Ⱒ氠湩⁥㘱ⰴ椠⁮彟慣汬彟਍††睡楡⁴敳晬愮灰猨潣数‬敲散癩ⱥ张敳摮ഩ 䘠汩⁥䌢尺獕牥屳整档屡灁䑰瑡屡潌慣屬牐杯慲獭停瑹潨屮祐桴湯ㄳ尲楌屢楳整瀭捡慫敧屳瑳牡敬瑴履業摤敬慷敲扜獡⹥祰Ⱒ氠湩⁥㠱ⰹ椠⁮彟慣汬彟਍††楷桴挠汯慬獰彥硥杣潲灵⡳㨩਍†楆敬∠㩃啜敳獲瑜捥慨䅜灰慄慴䱜捯污停潲牧浡屳祐桴湯停瑹潨㍮㈱䱜扩捜湯整瑸楬⹢祰Ⱒ氠湩⁥㔱ⰸ椠⁮彟硥瑩彟਍††敳晬朮湥琮牨睯瘨污敵ഩ 䘠汩⁥䌢尺獕牥屳整档屡灁䑰瑡屡潌慣屬牐杯慲獭停瑹潨屮祐桴湯ㄳ尲楌屢楳整瀭捡慫敧屳瑳牡敬瑴履畟楴獬瀮≹‬楬敮㤠ⰳ椠⁮潣汬灡敳敟捸牧畯獰਍††慲獩⁥硥ൣ 䘠汩⁥䌢尺獕牥屳整档屡灁䑰瑡屡潌慣屬牐杯慲獭停瑹潨屮祐桴湯ㄳ尲楌屢楳整瀭捡慫敧屳瑳牡敬瑴履業摤敬慷敲扜獡⹥祰Ⱒ氠湩⁥㤱ⰱ椠⁮彟慣汬彟਍††敲灳湯敳㴠愠慷瑩猠汥⹦楤灳瑡档晟湵⡣敲畱獥ⱴ挠污彬敮瑸ഩ †††††††幞幞幞幞幞幞幞幞幞幞幞幞幞幞幞幞幞幞幞幞幞幞਍†楆敬∠㩃啜敳獲瑜捥慨作敮牄癩履敄歳潴屰慳敬⁳楡瀠慬晴潲屭慢正湥層灡屰業摤敬慷敲牜煥敵瑳损湯整瑸瀮≹‬楬敮㔠ⰶ椠⁮楤灳瑡档਍††慲獩⁥൥ 䘠汩⁥䌢尺獕牥屳整档屡湏䑥楲敶䑜獥瑫灯獜污獥愠⁩汰瑡牦浯扜捡敫摮慜灰浜摩汤睥牡履敲畱獥彴潣瑮硥⹴祰Ⱒ氠湩⁥〵‬湩搠獩慰捴൨ †爠獥潰獮⁥‽睡楡⁴慣汬湟硥⡴敲畱獥⥴਍†††††††帠幞幞幞幞幞幞幞幞幞幞幞൞ 䘠汩⁥䌢尺獕牥屳整档屡灁䑰瑡屡潌慣屬牐杯慲獭停瑹潨屮祐桴湯ㄳ尲楌屢楳整瀭捡慫敧屳瑳牡敬瑴履業摤敬慷敲扜獡⹥祰Ⱒ氠湩⁥㘱ⰵ椠⁮慣汬湟硥൴ †爠楡敳愠灰敟捸਍†楆敬∠㩃啜敳獲瑜捥慨䅜灰慄慴䱜捯污停潲牧浡屳祐桴湯停瑹潨㍮㈱䱜扩獜瑩ⵥ慰正条獥獜慴汲瑥整浜摩汤睥牡履慢敳瀮≹‬楬敮ㄠㄵ‬湩挠牯൯ †愠慷瑩猠汥⹦灡⡰捳灯ⱥ爠捥楥敶潟彲楤捳湯敮瑣‬敳摮湟彯牥潲⥲਍†楆敬∠㩃啜敳獲瑜捥慨䅜灰慄慴䱜捯污停潲牧浡屳祐桴湯停瑹潨㍮㈱䱜扩獜瑩ⵥ慰正条獥獜慴汲瑥整浜摩汤睥牡履慢敳瀮≹‬楬敮ㄠ㤸‬湩张损污彬ൟ †眠瑩⁨潣汬灡敳敟捸牧畯獰⤨ഺ 䘠汩⁥䌢尺獕牥屳整档屡灁䑰瑡屡潌慣屬牐杯慲獭停瑹潨屮祐桴湯ㄳ尲楌屢潣瑮硥汴扩瀮≹‬楬敮ㄠ㠵‬湩张敟楸彴ൟ †猠汥⹦敧⹮桴潲⡷慶畬⥥਍†楆敬∠㩃啜敳獲瑜捥慨䅜灰慄慴䱜捯污停潲牧浡屳祐桴湯停瑹潨㍮㈱䱜扩獜瑩ⵥ慰正条獥獜慴汲瑥整彜瑵汩⹳祰Ⱒ氠湩⁥㌹‬湩挠汯慬獰彥硥杣潲灵൳ †爠楡敳攠捸਍†楆敬∠㩃啜敳獲瑜捥慨䅜灰慄慴䱜捯污停潲牧浡屳祐桴湯停瑹潨㍮㈱䱜扩獜瑩ⵥ慰正条獥獜慴汲瑥整浜摩汤睥牡履慢敳瀮≹‬楬敮ㄠㄹ‬湩张损污彬ൟ †爠獥潰獮⁥‽睡楡⁴敳晬搮獩慰捴彨畦据爨煥敵瑳‬慣汬湟硥⥴਍†††††††帠幞幞幞幞幞幞幞幞幞幞幞幞幞幞幞幞幞幞幞幞幞൞ 䘠汩⁥䌢尺獕牥屳整档屡湏䑥楲敶䑜獥瑫灯獜污獥愠⁩汰瑡牦浯扜捡敫摮慜灰浜摩汤睥牡履敳畣楲祴瀮≹‬楬敮㈠ㄳ‬湩搠獩慰捴൨ †爠獥潰獮⁥‽睡楡⁴慣汬湟硥⡴敲畱獥⥴਍†††††††帠幞幞幞幞幞幞幞幞幞幞幞൞ 䘠汩⁥䌢尺獕牥屳整档屡灁䑰瑡屡潌慣屬牐杯慲獭停瑹潨屮祐桴湯ㄳ尲楌屢楳整瀭捡慫敧屳瑳牡敬瑴履業摤敬慷敲扜獡⹥祰Ⱒ氠湩⁥㘱ⰵ椠⁮慣汬湟硥൴ †爠楡敳愠灰敟捸਍†楆敬∠㩃啜敳獲瑜捥慨䅜灰慄慴䱜捯污停潲牧浡屳祐桴湯停瑹潨㍮㈱䱜扩獜瑩ⵥ慰正条獥獜慴汲瑥整浜摩汤睥牡履慢敳瀮≹‬楬敮ㄠㄵ‬湩挠牯൯ †愠慷瑩猠汥⹦灡⡰捳灯ⱥ爠捥楥敶潟彲楤捳湯敮瑣‬敳摮湟彯牥潲⥲਍†楆敬∠㩃啜敳獲瑜捥慨䅜灰慄慴䱜捯污停潲牧浡屳祐桴湯停瑹潨㍮㈱䱜扩獜瑩ⵥ慰正条獥獜慴汲瑥整浜摩汤睥牡履慢敳瀮≹‬楬敮ㄠ㤸‬湩张损污彬ൟ †眠瑩⁨潣汬灡敳敟捸牧畯獰⤨ഺ 䘠汩⁥䌢尺獕牥屳整档屡灁䑰瑡屡潌慣屬牐杯慲獭停瑹潨屮祐桴湯ㄳ尲楌屢潣瑮硥汴扩瀮≹‬楬敮ㄠ㠵‬湩张敟楸彴ൟ †猠汥⹦敧⹮桴潲⡷慶畬⥥਍†楆敬∠㩃啜敳獲瑜捥慨䅜灰慄慴䱜捯污停潲牧浡屳祐桴湯停瑹潨㍮㈱䱜扩獜瑩ⵥ慰正条獥獜慴汲瑥整彜瑵汩⹳祰Ⱒ氠湩⁥㌹‬湩挠汯慬獰彥硥杣潲灵൳ †爠楡敳攠捸਍†楆敬∠㩃啜敳獲瑜捥慨䅜灰慄慴䱜捯污停潲牧浡屳祐桴湯停瑹潨㍮㈱䱜扩獜瑩ⵥ慰正条獥獜慴汲瑥整浜摩汤睥牡履慢敳瀮≹‬楬敮ㄠㄹ‬湩张损污彬ൟ †爠獥潰獮⁥‽睡楡⁴敳晬搮獩慰捴彨畦据爨煥敵瑳‬慣汬湟硥⥴਍†††††††帠幞幞幞幞幞幞幞幞幞幞幞幞幞幞幞幞幞幞幞幞幞൞ 䘠汩⁥䌢尺獕牥屳整档屡湏䑥楲敶䑜獥瑫灯獜污獥愠⁩汰瑡牦浯扜捡敫摮慜灰浜摩汤睥牡履敳畣楲祴瀮≹‬楬敮㈠ㄱ‬湩搠獩慰捴൨ †爠楡敳䠠呔䕐捸灥楴湯ന昊獡慴楰攮捸灥楴湯⹳呈偔硅散瑰潩㩮㐠㤲›潔⁯慭祮爠煥敵瑳⹳䴠硡浩浵㘠‰敲畱獥獴瀠牥洠湩瑵⁥污潬敷⹤਍਍㉛㈰ⴶ㌰㈭‹㄰㌺㨶㌱㘮㜶㠱崴嬠䑉昺昴㔱㉤ⴵ搰㔴㐭㥤ⴹㅢ昳㠭〴愲㙢攵搳崲䔠剒›㈴㨹吠潯洠湡⁹敲畱獥獴‮慍楸畭⁭〶爠煥敵瑳⁳数⁲業畮整愠汬睯摥മ ⬠䔠捸灥楴湯䜠潲灵吠慲散慢正⠠潭瑳爠捥湥⁴慣汬氠獡⥴ഺ 簠†䘠汩⁥䌢尺獕牥屳整档屡灁䑰瑡屡潌慣屬牐杯慲獭停瑹潨屮祐桴湯ㄳ尲楌屢楳整瀭捡慫敧屳瑳牡敬瑴履畟楴獬瀮≹‬楬敮㠠ⰷ椠⁮潣汬灡敳敟捸牧畯獰਍†⁼††楹汥൤ 簠†䘠汩⁥䌢尺獕牥屳整档屡灁䑰瑡屡潌慣屬牐杯慲獭停瑹潨屮祐桴湯ㄳ尲楌屢楳整瀭捡慫敧屳瑳牡敬瑴履業摤敬慷敲扜獡⹥祰Ⱒ氠湩⁥㤱ⰰ椠⁮彟慣汬彟਍†⁼††獡湹⁣楷桴愠祮潩挮敲瑡彥慴歳束潲灵⤨愠⁳慴歳束潲灵ഺ 簠†䘠汩⁥䌢尺獕牥屳整档屡灁䑰瑡屡潌慣屬牐杯慲獭停瑹潨屮祐桴湯ㄳ尲楌屢楳整瀭捡慫敧屳湡楹屯扟捡敫摮屳慟祳据潩瀮≹‬楬敮㘠㠷‬湩张慟硥瑩彟਍†⁼††慲獩⁥慂敳硅散瑰潩䝮潲灵ന 簠䔠捸灥楴湯片畯㩰甠桮湡汤摥攠牲牯⁳湩愠吠獡䝫潲灵⠠‱畳ⵢ硥散瑰潩⥮਍†⴫⴫ⴭⴭⴭⴭⴭⴭⴭ‭‱ⴭⴭⴭⴭⴭⴭⴭⴭ਍††⁼牔捡扥捡⁫洨獯⁴敲散瑮挠污⁬慬瑳㨩਍††⁼†楆敬∠㩃啜敳獲瑜捥慨䅜灰慄慴䱜捯污停潲牧浡屳祐桴湯停瑹潨㍮㈱䱜扩獜瑩ⵥ慰正条獥獜慴汲瑥整浜摩汤睥牡履牥潲獲瀮≹‬楬敮ㄠ㐶‬湩张损污彬ൟ †簠††愠慷瑩猠汥⹦灡⡰捳灯ⱥ爠捥楥敶‬獟湥⥤਍††⁼†楆敬∠㩃啜敳獲瑜捥慨䅜灰慄慴䱜捯污停潲牧浡屳祐桴湯停瑹潨㍮㈱䱜扩獜瑩ⵥ慰正条獥獜慴汲瑥整浜摩汤睥牡履慢敳瀮≹‬楬敮ㄠ㤸‬湩张损污彬ൟ †簠††眠瑩⁨潣汬灡敳敟捸牧畯獰⤨ഺ †簠†䘠汩⁥䌢尺獕牥屳整档屡灁䑰瑡屡潌慣屬牐杯慲獭停瑹潨屮祐桴湯ㄳ尲楌屢潣瑮硥汴扩瀮≹‬楬敮ㄠ㠵‬湩张敟楸彴ൟ †簠††猠汥⹦敧⹮桴潲⡷慶畬⥥਍††⁼†楆敬∠㩃啜敳獲瑜捥慨䅜灰慄慴䱜捯污停潲牧浡屳祐桴湯停瑹潨㍮㈱䱜扩獜瑩ⵥ慰正条獥獜慴汲瑥整彜瑵汩⹳祰Ⱒ氠湩⁥㌹‬湩挠汯慬獰彥硥杣潲灵൳ †簠††爠楡敳攠捸਍††⁼†楆敬∠㩃啜敳獲瑜捥慨䅜灰慄慴䱜捯污停潲牧浡屳祐桴湯停瑹潨㍮㈱䱜扩獜瑩ⵥ慰正条獥獜慴汲瑥整浜摩汤睥牡履慢敳瀮≹‬楬敮ㄠㄹ‬湩张损污彬ൟ †簠††爠獥潰獮⁥‽睡楡⁴敳晬搮獩慰捴彨畦据爨煥敵瑳‬慣汬湟硥⥴਍††⁼†††††††帠幞幞幞幞幞幞幞幞幞幞幞幞幞幞幞幞幞幞幞幞幞൞ †簠†䘠汩⁥䌢尺獕牥屳整档屡湏䑥楲敶䑜獥瑫灯獜污獥愠⁩汰瑡牦浯扜捡敫摮慜灰浜摩汤睥牡履敲畱獥彴潣瑮硥⹴祰Ⱒ氠湩⁥㘵‬湩搠獩慰捴൨ †簠††爠楡敳攠਍††⁼†楆敬∠㩃啜敳獲瑜捥慨作敮牄癩履敄歳潴屰慳敬⁳楡瀠慬晴潲屭慢正湥層灡屰業摤敬慷敲牜煥敵瑳损湯整瑸瀮≹‬楬敮㔠ⰰ椠⁮楤灳瑡档਍††⁼††敲灳湯敳㴠愠慷瑩挠污彬敮瑸爨煥敵瑳ഩ †簠††††††††幞幞幞幞幞幞幞幞幞幞幞幞਍††⁼†楆敬∠㩃啜敳獲瑜捥慨䅜灰慄慴䱜捯污停潲牧浡屳祐桴湯停瑹潨㍮㈱䱜扩獜瑩ⵥ慰正条獥獜慴汲瑥整浜摩汤睥牡履慢敳瀮≹‬楬敮ㄠ㔶‬湩挠污彬敮瑸਍††⁼††慲獩⁥灡彰硥ൣ †簠†䘠汩⁥䌢尺獕牥屳整档屡灁䑰瑡屡潌慣屬牐杯慲獭停瑹潨屮祐桴湯ㄳ尲楌屢楳整瀭捡慫敧屳瑳牡敬瑴履業摤敬慷敲扜獡⹥祰Ⱒ氠湩⁥㔱ⰱ椠⁮潣潲਍††⁼††睡楡⁴敳晬愮灰猨潣数‬敲散癩彥牯摟獩潣湮捥ⱴ猠湥彤潮敟牲牯ഩ †簠†䘠汩⁥䌢尺獕牥屳整档屡灁䑰瑡屡潌慣屬牐杯慲獭停瑹潨屮祐桴湯ㄳ尲楌屢楳整瀭捡慫敧屳瑳牡敬瑴履業摤敬慷敲扜獡⹥祰Ⱒ氠湩⁥㠱ⰹ椠⁮彟慣汬彟਍††⁼††楷桴挠汯慬獰彥硥杣潲灵⡳㨩਍††⁼†楆敬∠㩃啜敳獲瑜捥慨䅜灰慄慴䱜捯污停潲牧浡屳祐桴湯停瑹潨㍮㈱䱜扩捜湯整瑸楬⹢祰Ⱒ氠湩⁥㔱ⰸ椠⁮彟硥瑩彟਍††⁼††敳晬朮湥琮牨睯瘨污敵ഩ †簠†䘠汩⁥䌢尺獕牥屳整档屡灁䑰瑡屡潌慣屬牐杯慲獭停瑹潨屮祐桴湯ㄳ尲楌屢楳整瀭捡慫敧屳瑳牡敬瑴履畟楴獬瀮≹‬楬敮㤠ⰳ椠⁮潣汬灡敳敟捸牧畯獰਍††⁼††慲獩⁥硥ൣ †簠†䘠汩⁥䌢尺獕牥屳整档屡灁䑰瑡屡潌慣屬牐杯慲獭停瑹潨屮祐桴湯ㄳ尲楌屢楳整瀭捡慫敧屳瑳牡敬瑴履業摤敬慷敲扜獡⹥祰Ⱒ氠湩⁥㤱ⰱ椠⁮彟慣汬彟਍††⁼††敲灳湯敳㴠愠慷瑩猠汥⹦楤灳瑡档晟湵⡣敲畱獥ⱴ挠污彬敮瑸ഩ †簠††††††††幞幞幞幞幞幞幞幞幞幞幞幞幞幞幞幞幞幞幞幞幞幞਍††⁼†楆敬∠㩃啜敳獲瑜捥慨作敮牄癩履敄歳潴屰慳敬⁳楡瀠慬晴潲屭慢正湥層灡屰業摤敬慷敲獜捥牵瑩⹹祰Ⱒ氠湩⁥㌲ⰱ椠⁮楤灳瑡档਍††⁼††敲灳湯敳㴠愠慷瑩挠污彬敮瑸爨煥敵瑳ഩ †簠††††††††幞幞幞幞幞幞幞幞幞幞幞幞਍††⁼†楆敬∠㩃啜敳獲瑜捥慨䅜灰慄慴䱜捯污停潲牧浡屳祐桴湯停瑹潨㍮㈱䱜扩獜瑩ⵥ慰正条獥獜慴汲瑥整浜摩汤睥牡履慢敳瀮≹‬楬敮ㄠ㔶‬湩挠污彬敮瑸਍††⁼††慲獩⁥灡彰硥ൣ †簠†䘠汩⁥䌢尺獕牥屳整档屡灁䑰瑡屡潌慣屬牐杯慲獭停瑹潨屮祐桴湯ㄳ尲楌屢楳整瀭捡慫敧屳瑳牡敬瑴履業摤敬慷敲扜獡⹥祰Ⱒ氠湩⁥㔱ⰱ椠⁮潣潲਍††⁼††睡楡⁴敳晬愮灰猨潣数‬敲散癩彥牯摟獩潣湮捥ⱴ猠湥彤潮敟牲牯ഩ †簠†䘠汩⁥䌢尺獕牥屳整档屡灁䑰瑡屡潌慣屬牐杯慲獭停瑹潨屮祐桴湯ㄳ尲楌屢楳整瀭捡慫敧屳瑳牡敬瑴履業摤敬慷敲扜獡⹥祰Ⱒ氠湩⁥㠱ⰹ椠⁮彟慣汬彟਍††⁼††楷桴挠汯慬獰彥硥杣潲灵⡳㨩਍††⁼†楆敬∠㩃啜敳獲瑜捥慨䅜灰慄慴䱜捯污停潲牧浡屳祐桴湯停瑹潨㍮㈱䱜扩捜湯整瑸楬⹢祰Ⱒ氠湩⁥㔱ⰸ椠⁮彟硥瑩彟਍††⁼††敳晬朮湥琮牨睯瘨污敵ഩ †簠†䘠汩⁥䌢尺獕牥屳整档屡灁䑰瑡屡潌慣屬牐杯慲獭停瑹潨屮祐桴湯ㄳ尲楌屢楳整瀭捡慫敧屳瑳牡敬瑴履畟楴獬瀮≹‬楬敮㤠ⰳ椠⁮潣汬灡敳敟捸牧畯獰਍††⁼††慲獩⁥硥ൣ †簠†䘠汩⁥䌢尺獕牥屳整档屡灁䑰瑡屡潌慣屬牐杯慲獭停瑹潨屮祐桴湯ㄳ尲楌屢楳整瀭捡慫敧屳瑳牡敬瑴履業摤敬慷敲扜獡⹥祰Ⱒ氠湩⁥㤱ⰱ椠⁮彟慣汬彟਍††⁼††敲灳湯敳㴠愠慷瑩猠汥⹦楤灳瑡档晟湵⡣敲畱獥ⱴ挠污彬敮瑸ഩ †簠††††††††幞幞幞幞幞幞幞幞幞幞幞幞幞幞幞幞幞幞幞幞幞幞਍††⁼†楆敬∠㩃啜敳獲瑜捥慨作敮牄癩履敄歳潴屰慳敬⁳楡瀠慬晴潲屭慢正湥層灡屰業摤敬慷敲獜捥牵瑩⹹祰Ⱒ氠湩⁥ㄲⰱ椠⁮楤灳瑡档਍††⁼††慲獩⁥呈偔硅散瑰潩⡮਍††⁼慦瑳灡⹩硥散瑰潩獮䠮呔䕐捸灥楴湯›㈴㨹吠潯洠湡⁹敲畱獥獴‮慍楸畭⁭〶爠煥敵瑳⁳数⁲業畮整愠汬睯摥മ †⬠ⴭⴭⴭⴭⴭⴭⴭⴭⴭⴭⴭⴭⴭⴭⴭⴭⴭⴭ਍਍畄楲杮栠湡汤湩⁧景琠敨愠潢敶攠捸灥楴湯‬湡瑯敨⁲硥散瑰潩⁮捯畣牲摥ഺഊ吊慲散慢正⠠潭瑳爠捥湥⁴慣汬氠獡⥴ഺ 䘠汩⁥䌢尺獕牥屳整档屡灁䑰瑡屡潌慣屬牐杯慲獭停瑹潨屮祐桴湯ㄳ尲楌屢楳整瀭捡慫敧屳瑳牡敬瑴履業摤敬慷敲敜牲牯⹳祰Ⱒ氠湩⁥㘱ⰴ椠⁮彟慣汬彟਍††睡楡⁴敳晬愮灰猨潣数‬敲散癩ⱥ张敳摮ഩ 䘠汩⁥䌢尺獕牥屳整档屡灁䑰瑡屡潌慣屬牐杯慲獭停瑹潨屮祐桴湯ㄳ尲楌屢楳整瀭捡慫敧屳瑳牡敬瑴履業摤敬慷敲扜獡⹥祰Ⱒ氠湩⁥㠱ⰹ椠⁮彟慣汬彟਍††楷桴挠汯慬獰彥硥杣潲灵⡳㨩਍†楆敬∠㩃啜敳獲瑜捥慨䅜灰慄慴䱜捯污停潲牧浡屳祐桴湯停瑹潨㍮㈱䱜扩捜湯整瑸楬⹢祰Ⱒ氠湩⁥㔱ⰸ椠⁮彟硥瑩彟਍††敳晬朮湥琮牨睯瘨污敵ഩ 䘠汩⁥䌢尺獕牥屳整档屡灁䑰瑡屡潌慣屬牐杯慲獭停瑹潨屮祐桴湯ㄳ尲楌屢楳整瀭捡慫敧屳瑳牡敬瑴履畟楴獬瀮≹‬楬敮㤠ⰳ椠⁮潣汬灡敳敟捸牧畯獰਍††慲獩⁥硥ൣ 䘠汩⁥䌢尺獕牥屳整档屡灁䑰瑡屡潌慣屬牐杯慲獭停瑹潨屮祐桴湯ㄳ尲楌屢楳整瀭捡慫敧屳瑳牡敬瑴履業摤敬慷敲扜獡⹥祰Ⱒ氠湩⁥㤱ⰱ椠⁮彟慣汬彟਍††敲灳湯敳㴠愠慷瑩猠汥⹦楤灳瑡档晟湵⡣敲畱獥ⱴ挠污彬敮瑸ഩ †††††††幞幞幞幞幞幞幞幞幞幞幞幞幞幞幞幞幞幞幞幞幞幞਍†楆敬∠㩃啜敳獲瑜捥慨作敮牄癩履敄歳潴屰慳敬⁳楡瀠慬晴潲屭慢正湥層灡屰業摤敬慷敲牜煥敵瑳损湯整瑸瀮≹‬楬敮㔠ⰶ椠⁮楤灳瑡档਍††慲獩⁥൥ 䘠汩⁥䌢尺獕牥屳整档屡湏䑥楲敶䑜獥瑫灯獜污獥愠⁩汰瑡牦浯扜捡敫摮慜灰浜摩汤睥牡履敲畱獥彴潣瑮硥⹴祰Ⱒ氠湩⁥〵‬湩搠獩慰捴൨ †爠獥潰獮⁥‽睡楡⁴慣汬湟硥⡴敲畱獥⥴਍†††††††帠幞幞幞幞幞幞幞幞幞幞幞൞ 䘠汩⁥䌢尺獕牥屳整档屡灁䑰瑡屡潌慣屬牐杯慲獭停瑹潨屮祐桴湯ㄳ尲楌屢楳整瀭捡慫敧屳瑳牡敬瑴履業摤敬慷敲扜獡⹥祰Ⱒ氠湩⁥㘱ⰵ椠⁮慣汬湟硥൴ †爠楡敳愠灰敟捸਍†楆敬∠㩃啜敳獲瑜捥慨䅜灰慄慴䱜捯污停潲牧浡屳祐桴湯停瑹潨㍮㈱䱜扩獜瑩ⵥ慰正条獥獜慴汲瑥整浜摩汤睥牡履慢敳瀮≹‬楬敮ㄠㄵ‬湩挠牯൯ †愠慷瑩猠汥⹦灡⡰捳灯ⱥ爠捥楥敶潟彲楤捳湯敮瑣‬敳摮湟彯牥潲⥲਍†楆敬∠㩃啜敳獲瑜捥慨䅜灰慄慴䱜捯污停潲牧浡屳祐桴湯停瑹潨㍮㈱䱜扩獜瑩ⵥ慰正条獥獜慴汲瑥整浜摩汤睥牡履慢敳瀮≹‬楬敮ㄠ㤸‬湩张损污彬ൟ †眠瑩⁨潣汬灡敳敟捸牧畯獰⤨ഺ 䘠汩⁥䌢尺獕牥屳整档屡灁䑰瑡屡潌慣屬牐杯慲獭停瑹潨屮祐桴湯ㄳ尲楌屢潣瑮硥汴扩瀮≹‬楬敮ㄠ㠵‬湩张敟楸彴ൟ †猠汥⹦敧⹮桴潲⡷慶畬⥥਍†楆敬∠㩃啜敳獲瑜捥慨䅜灰慄慴䱜捯污停潲牧浡屳祐桴湯停瑹潨㍮㈱䱜扩獜瑩ⵥ慰正条獥獜慴汲瑥整彜瑵汩⹳祰Ⱒ氠湩⁥㌹‬湩挠汯慬獰彥硥杣潲灵൳ †爠楡敳攠捸਍†楆敬∠㩃啜敳獲瑜捥慨䅜灰慄慴䱜捯污停潲牧浡屳祐桴湯停瑹潨㍮㈱䱜扩獜瑩ⵥ慰正条獥獜慴汲瑥整浜摩汤睥牡履慢敳瀮≹‬楬敮ㄠㄹ‬湩张损污彬ൟ †爠獥潰獮⁥‽睡楡⁴敳晬搮獩慰捴彨畦据爨煥敵瑳‬慣汬湟硥⥴਍†††††††帠幞幞幞幞幞幞幞幞幞幞幞幞幞幞幞幞幞幞幞幞幞൞ 䘠汩⁥䌢尺獕牥屳整档屡湏䑥楲敶䑜獥瑫灯獜污獥愠⁩汰瑡牦浯扜捡敫摮慜灰浜摩汤睥牡履敳畣楲祴瀮≹‬楬敮㈠ㄳ‬湩搠獩慰捴൨ †爠獥潰獮⁥‽睡楡⁴慣汬湟硥⡴敲畱獥⥴਍†††††††帠幞幞幞幞幞幞幞幞幞幞幞൞ 䘠汩⁥䌢尺獕牥屳整档屡灁䑰瑡屡潌慣屬牐杯慲獭停瑹潨屮祐桴湯ㄳ尲楌屢楳整瀭捡慫敧屳瑳牡敬瑴履業摤敬慷敲扜獡⹥祰Ⱒ氠湩⁥㘱ⰵ椠⁮慣汬湟硥൴ †爠楡敳愠灰敟捸਍†楆敬∠㩃啜敳獲瑜捥慨䅜灰慄慴䱜捯污停潲牧浡屳祐桴湯停瑹潨㍮㈱䱜扩獜瑩ⵥ慰正条獥獜慴汲瑥整浜摩汤睥牡履慢敳瀮≹‬楬敮ㄠㄵ‬湩挠牯൯ †愠慷瑩猠汥⹦灡⡰捳灯ⱥ爠捥楥敶潟彲楤捳湯敮瑣‬敳摮湟彯牥潲⥲਍†楆敬∠㩃啜敳獲瑜捥慨䅜灰慄慴䱜捯污停潲牧浡屳祐桴湯停瑹潨㍮㈱䱜扩獜瑩ⵥ慰正条獥獜慴汲瑥整浜摩汤睥牡履慢敳瀮≹‬楬敮ㄠ㤸‬湩张损污彬ൟ †眠瑩⁨潣汬灡敳敟捸牧畯獰⤨ഺ 䘠汩⁥䌢尺獕牥屳整档屡灁䑰瑡屡潌慣屬牐杯慲獭停瑹潨屮祐桴湯ㄳ尲楌屢潣瑮硥汴扩瀮≹‬楬敮ㄠ㠵‬湩张敟楸彴ൟ †猠汥⹦敧⹮桴潲⡷慶畬⥥਍†楆敬∠㩃啜敳獲瑜捥慨䅜灰慄慴䱜捯污停潲牧浡屳祐桴湯停瑹潨㍮㈱䱜扩獜瑩ⵥ慰正条獥獜慴汲瑥整彜瑵汩⹳祰Ⱒ氠湩⁥㌹‬湩挠汯慬獰彥硥杣潲灵൳ †爠楡敳攠捸਍†楆敬∠㩃啜敳獲瑜捥慨䅜灰慄慴䱜捯污停潲牧浡屳祐桴湯停瑹潨㍮㈱䱜扩獜瑩ⵥ慰正条獥獜慴汲瑥整浜摩汤睥牡履慢敳瀮≹‬楬敮ㄠㄹ‬湩张损污彬ൟ †爠獥潰獮⁥‽睡楡⁴敳晬搮獩慰捴彨畦据爨煥敵瑳‬慣汬湟硥⥴਍†††††††帠幞幞幞幞幞幞幞幞幞幞幞幞幞幞幞幞幞幞幞幞幞൞ 䘠汩⁥䌢尺獕牥屳整档屡湏䑥楲敶䑜獥瑫灯獜污獥愠⁩汰瑡牦浯扜捡敫摮慜灰浜摩汤睥牡履敳畣楲祴瀮≹‬楬敮㈠ㄱ‬湩搠獩慰捴൨ †爠楡敳䠠呔䕐捸灥楴湯ന昊獡慴楰攮捸灥楴湯⹳呈偔硅散瑰潩㩮㐠㤲›潔⁯慭祮爠煥敵瑳⹳䴠硡浩浵㘠‰敲畱獥獴瀠牥洠湩瑵⁥污潬敷⹤਍਍㉛㈰ⴶ㌰㈭‹㄰㌺㨶㌱㜮㠸㐷崴嬠䑉ㄺ㍢ㅦ㡤ⴰ㑤ㅦ㐭〸ⵥ戸㘹挭ち㠵㘷㌱ㅢ嵡䔠剒›㈴㨹吠潯洠湡⁹敲畱獥獴‮慍楸畭⁭〶爠煥敵瑳⁳数⁲業畮整愠汬睯摥മ ⬠䔠捸灥楴湯䜠潲灵吠慲散慢正⠠潭瑳爠捥湥⁴慣汬氠獡⥴ഺ 簠†䘠汩⁥䌢尺獕牥屳整档屡灁䑰瑡屡潌慣屬牐杯慲獭停瑹潨屮祐桴湯ㄳ尲楌屢楳整瀭捡慫敧屳瑳牡敬瑴履畟楴獬瀮≹‬楬敮㠠ⰷ椠⁮潣汬灡敳敟捸牧畯獰਍†⁼††楹汥൤ 簠†䘠汩⁥䌢尺獕牥屳整档屡灁䑰瑡屡潌慣屬牐杯慲獭停瑹潨屮祐桴湯ㄳ尲楌屢楳整瀭捡慫敧屳瑳牡敬瑴履業摤敬慷敲扜獡⹥祰Ⱒ氠湩⁥㤱ⰰ椠⁮彟慣汬彟਍†⁼††獡湹⁣楷桴愠祮潩挮敲瑡彥慴歳束潲灵⤨愠⁳慴歳束潲灵ഺ 簠†䘠汩⁥䌢尺獕牥屳整档屡灁䑰瑡屡潌慣屬牐杯慲獭停瑹潨屮祐桴湯ㄳ尲楌屢楳整瀭捡慫敧屳湡楹屯扟捡敫摮屳慟祳据潩瀮≹‬楬敮㘠㠷‬湩张慟硥瑩彟਍†⁼††慲獩⁥慂敳硅散瑰潩䝮潲灵ന 簠䔠捸灥楴湯片畯㩰甠桮湡汤摥攠牲牯⁳湩愠吠獡䝫潲灵⠠‱畳ⵢ硥散瑰潩⥮਍†⴫⴫ⴭⴭⴭⴭⴭⴭⴭ‭‱ⴭⴭⴭⴭⴭⴭⴭⴭ਍††⁼牔捡扥捡⁫洨獯⁴敲散瑮挠污⁬慬瑳㨩਍††⁼†楆敬∠㩃啜敳獲瑜捥慨䅜灰慄慴䱜捯污停潲牧浡屳祐桴湯停瑹潨㍮㈱䱜扩獜瑩ⵥ慰正条獥獜慴汲瑥整浜摩汤睥牡履牥潲獲瀮≹‬楬敮ㄠ㐶‬湩张损污彬ൟ †簠††愠慷瑩猠汥⹦灡⡰捳灯ⱥ爠捥楥敶‬獟湥⥤਍††⁼†楆敬∠㩃啜敳獲瑜捥慨䅜灰慄慴䱜捯污停潲牧浡屳祐桴湯停瑹潨㍮㈱䱜扩獜瑩ⵥ慰正条獥獜慴汲瑥整浜摩汤睥牡履慢敳瀮≹‬楬敮ㄠ㤸‬湩张损污彬ൟ †簠††眠瑩⁨潣汬灡敳敟捸牧畯獰⤨ഺ †簠†䘠汩⁥䌢尺獕牥屳整档屡灁䑰瑡屡潌慣屬牐杯慲獭停瑹潨屮祐桴湯ㄳ尲楌屢潣瑮硥汴扩瀮≹‬楬敮ㄠ㠵‬湩张敟楸彴ൟ †簠††猠汥⹦敧⹮桴潲⡷慶畬⥥਍††⁼†楆敬∠㩃啜敳獲瑜捥慨䅜灰慄慴䱜捯污停潲牧浡屳祐桴湯停瑹潨㍮㈱䱜扩獜瑩ⵥ慰正条獥獜慴汲瑥整彜瑵汩⹳祰Ⱒ氠湩⁥㌹‬湩挠汯慬獰彥硥杣潲灵൳ †簠††爠楡敳攠捸਍††⁼†楆敬∠㩃啜敳獲瑜捥慨䅜灰慄慴䱜捯污停潲牧浡屳祐桴湯停瑹潨㍮㈱䱜扩獜瑩ⵥ慰正条獥獜慴汲瑥整浜摩汤睥牡履慢敳瀮≹‬楬敮ㄠㄹ‬湩张损污彬ൟ †簠††爠獥潰獮⁥‽睡楡⁴敳晬搮獩慰捴彨畦据爨煥敵瑳‬慣汬湟硥⥴਍††⁼†††††††帠幞幞幞幞幞幞幞幞幞幞幞幞幞幞幞幞幞幞幞幞幞൞ †簠†䘠汩⁥䌢尺獕牥屳整档屡湏䑥楲敶䑜獥瑫灯獜污獥愠⁩汰瑡牦浯扜捡敫摮慜灰浜摩汤睥牡履敲畱獥彴潣瑮硥⹴祰Ⱒ氠湩⁥㘵‬湩搠獩慰捴൨ †簠††爠楡敳攠਍††⁼†楆敬∠㩃啜敳獲瑜捥慨作敮牄癩履敄歳潴屰慳敬⁳楡瀠慬晴潲屭慢正湥層灡屰業摤敬慷敲牜煥敵瑳损湯整瑸瀮≹‬楬敮㔠ⰰ椠⁮楤灳瑡档਍††⁼††敲灳湯敳㴠愠慷瑩挠污彬敮瑸爨煥敵瑳ഩ †簠††††††††幞幞幞幞幞幞幞幞幞幞幞幞਍††⁼†楆敬∠㩃啜敳獲瑜捥慨䅜灰慄慴䱜捯污停潲牧浡屳祐桴湯停瑹潨㍮㈱䱜扩獜瑩ⵥ慰正条獥獜慴汲瑥整浜摩汤睥牡履慢敳瀮≹‬楬敮ㄠ㔶‬湩挠污彬敮瑸਍††⁼††慲獩⁥灡彰硥ൣ †簠†䘠汩⁥䌢尺獕牥屳整档屡灁䑰瑡屡潌慣屬牐杯慲獭停瑹潨屮祐桴湯ㄳ尲楌屢楳整瀭捡慫敧屳瑳牡敬瑴履業摤敬慷敲扜獡⹥祰Ⱒ氠湩⁥㔱ⰱ椠⁮潣潲਍††⁼††睡楡⁴敳晬愮灰猨潣数‬敲散癩彥牯摟獩潣湮捥ⱴ猠湥彤潮敟牲牯ഩ †簠†䘠汩⁥䌢尺獕牥屳整档屡灁䑰瑡屡潌慣屬牐杯慲獭停瑹潨屮祐桴湯ㄳ尲楌屢楳整瀭捡慫敧屳瑳牡敬瑴履業摤敬慷敲扜獡⹥祰Ⱒ氠湩⁥㠱ⰹ椠⁮彟慣汬彟਍††⁼††楷桴挠汯慬獰彥硥杣潲灵⡳㨩਍††⁼†楆敬∠㩃啜敳獲瑜捥慨䅜灰慄慴䱜捯污停潲牧浡屳祐桴湯停瑹潨㍮㈱䱜扩捜湯整瑸楬⹢祰Ⱒ氠湩⁥㔱ⰸ椠⁮彟硥瑩彟਍††⁼††敳晬朮湥琮牨睯瘨污敵ഩ †簠†䘠汩⁥䌢尺獕牥屳整档屡灁䑰瑡屡潌慣屬牐杯慲獭停瑹潨屮祐桴湯ㄳ尲楌屢楳整瀭捡慫敧屳瑳牡敬瑴履畟楴獬瀮≹‬楬敮㤠ⰳ椠⁮潣汬灡敳敟捸牧畯獰਍††⁼††慲獩⁥硥ൣ †簠†䘠汩⁥䌢尺獕牥屳整档屡灁䑰瑡屡潌慣屬牐杯慲獭停瑹潨屮祐桴湯ㄳ尲楌屢楳整瀭捡慫敧屳瑳牡敬瑴履業摤敬慷敲扜獡⹥祰Ⱒ氠湩⁥㤱ⰱ椠⁮彟慣汬彟਍††⁼††敲灳湯敳㴠愠慷瑩猠汥⹦楤灳瑡档晟湵⡣敲畱獥ⱴ挠污彬敮瑸ഩ †簠††††††††幞幞幞幞幞幞幞幞幞幞幞幞幞幞幞幞幞幞幞幞幞幞਍††⁼†楆敬∠㩃啜敳獲瑜捥慨作敮牄癩履敄歳潴屰慳敬⁳楡瀠慬晴潲屭慢正湥層灡屰業摤敬慷敲獜捥牵瑩⹹祰Ⱒ氠湩⁥㌲ⰱ椠⁮楤灳瑡档਍††⁼††敲灳湯敳㴠愠慷瑩挠污彬敮瑸爨煥敵瑳ഩ †簠††††††††幞幞幞幞幞幞幞幞幞幞幞幞਍††⁼†楆敬∠㩃啜敳獲瑜捥慨䅜灰慄慴䱜捯污停潲牧浡屳祐桴湯停瑹潨㍮㈱䱜扩獜瑩ⵥ慰正条獥獜慴汲瑥整浜摩汤睥牡履慢敳瀮≹‬楬敮ㄠ㔶‬湩挠污彬敮瑸਍††⁼††慲獩⁥灡彰硥ൣ †簠†䘠汩⁥䌢尺獕牥屳整档屡灁䑰瑡屡潌慣屬牐杯慲獭停瑹潨屮祐桴湯ㄳ尲楌屢楳整瀭捡慫敧屳瑳牡敬瑴履業摤敬慷敲扜獡⹥祰Ⱒ氠湩⁥㔱ⰱ椠⁮潣潲਍††⁼††睡楡⁴敳晬愮灰猨潣数‬敲散癩彥牯摟獩潣湮捥ⱴ猠湥彤潮敟牲牯ഩ †簠†䘠汩⁥䌢尺獕牥屳整档屡灁䑰瑡屡潌慣屬牐杯慲獭停瑹潨屮祐桴湯ㄳ尲楌屢楳整瀭捡慫敧屳瑳牡敬瑴履業摤敬慷敲扜獡⹥祰Ⱒ氠湩⁥㠱ⰹ椠⁮彟慣汬彟਍††⁼††楷桴挠汯慬獰彥硥杣潲灵⡳㨩਍††⁼†楆敬∠㩃啜敳獲瑜捥慨䅜灰慄慴䱜捯污停潲牧浡屳祐桴湯停瑹潨㍮㈱䱜扩捜湯整瑸楬⹢祰Ⱒ氠湩⁥㔱ⰸ椠⁮彟硥瑩彟਍††⁼††敳晬朮湥琮牨睯瘨污敵ഩ †簠†䘠汩⁥䌢尺獕牥屳整档屡灁䑰瑡屡潌慣屬牐杯慲獭停瑹潨屮祐桴湯ㄳ尲楌屢楳整瀭捡慫敧屳瑳牡敬瑴履畟楴獬瀮≹‬楬敮㤠ⰳ椠⁮潣汬灡敳敟捸牧畯獰਍††⁼††慲獩⁥硥ൣ †簠†䘠汩⁥䌢尺獕牥屳整档屡灁䑰瑡屡潌慣屬牐杯慲獭停瑹潨屮祐桴湯ㄳ尲楌屢楳整瀭捡慫敧屳瑳牡敬瑴履業摤敬慷敲扜獡⹥祰Ⱒ氠湩⁥㤱ⰱ椠⁮彟慣汬彟਍††⁼††敲灳湯敳㴠愠慷瑩猠汥⹦楤灳瑡档晟湵⡣敲畱獥ⱴ挠污彬敮瑸ഩ †簠††††††††幞幞幞幞幞幞幞幞幞幞幞幞幞幞幞幞幞幞幞幞幞幞਍††⁼†楆敬∠㩃啜敳獲瑜捥慨作敮牄癩履敄歳潴屰慳敬⁳楡瀠慬晴潲屭慢正湥層灡屰業摤敬慷敲獜捥牵瑩⹹祰Ⱒ氠湩⁥ㄲⰱ椠⁮楤灳瑡档਍††⁼††慲獩⁥呈偔硅散瑰潩⡮਍††⁼慦瑳灡⹩硥散瑰潩獮䠮呔䕐捸灥楴湯›㈴㨹吠潯洠湡⁹敲畱獥獴‮慍楸畭⁭〶爠煥敵瑳⁳数⁲業畮整愠汬睯摥മ †⬠ⴭⴭⴭⴭⴭⴭⴭⴭⴭⴭⴭⴭⴭⴭⴭⴭⴭⴭ਍਍畄楲杮栠湡汤湩⁧景琠敨愠潢敶攠捸灥楴湯‬湡瑯敨⁲硥散瑰潩⁮捯畣牲摥ഺഊ吊慲散慢正⠠潭瑳爠捥湥⁴慣汬氠獡⥴ഺ 䘠汩⁥䌢尺獕牥屳整档屡灁䑰瑡屡潌慣屬牐杯慲獭停瑹潨屮祐桴湯ㄳ尲楌屢楳整瀭捡慫敧屳瑳牡敬瑴履業摤敬慷敲敜牲牯⹳祰Ⱒ氠湩⁥㘱ⰴ椠⁮彟慣汬彟਍††睡楡⁴敳晬愮灰猨潣数‬敲散癩ⱥ张敳摮ഩ 䘠汩⁥䌢尺獕牥屳整档屡灁䑰瑡屡潌慣屬牐杯慲獭停瑹潨屮祐桴湯ㄳ尲楌屢楳整瀭捡慫敧屳瑳牡敬瑴履業摤敬慷敲扜獡⹥祰Ⱒ氠湩⁥㠱ⰹ椠⁮彟慣汬彟਍††楷桴挠汯慬獰彥硥杣潲灵⡳㨩਍†楆敬∠㩃啜敳獲瑜捥慨䅜灰慄慴䱜捯污停潲牧浡屳祐桴湯停瑹潨㍮㈱䱜扩捜湯整瑸楬⹢祰Ⱒ氠湩⁥㔱ⰸ椠⁮彟硥瑩彟਍††敳晬朮湥琮牨睯瘨污敵ഩ 䘠汩⁥䌢尺獕牥屳整档屡灁䑰瑡屡潌慣屬牐杯慲獭停瑹潨屮祐桴湯ㄳ尲楌屢楳整瀭捡慫敧屳瑳牡敬瑴履畟楴獬瀮≹‬楬敮㤠ⰳ椠⁮潣汬灡敳敟捸牧畯獰਍††慲獩⁥硥ൣ 䘠汩⁥䌢尺獕牥屳整档屡灁䑰瑡屡潌慣屬牐杯慲獭停瑹潨屮祐桴湯ㄳ尲楌屢楳整瀭捡慫敧屳瑳牡敬瑴履業摤敬慷敲扜獡⹥祰Ⱒ氠湩⁥㤱ⰱ椠⁮彟慣汬彟਍††敲灳湯敳㴠愠慷瑩猠汥⹦楤灳瑡档晟湵⡣敲畱獥ⱴ挠污彬敮瑸ഩ †††††††幞幞幞幞幞幞幞幞幞幞幞幞幞幞幞幞幞幞幞幞幞幞਍†楆敬∠㩃啜敳獲瑜捥慨作敮牄癩履敄歳潴屰慳敬⁳楡瀠慬晴潲屭慢正湥層灡屰業摤敬慷敲牜煥敵瑳损湯整瑸瀮≹‬楬敮㔠ⰶ椠⁮楤灳瑡档਍††慲獩⁥൥ 䘠汩⁥䌢尺獕牥屳整档屡湏䑥楲敶䑜獥瑫灯獜污獥愠⁩汰瑡牦浯扜捡敫摮慜灰浜摩汤睥牡履敲畱獥彴潣瑮硥⹴祰Ⱒ氠湩⁥〵‬湩搠獩慰捴൨ †爠獥潰獮⁥‽睡楡⁴慣汬湟硥⡴敲畱獥⥴਍†††††††帠幞幞幞幞幞幞幞幞幞幞幞൞ 䘠汩⁥䌢尺獕牥屳整档屡灁䑰瑡屡潌慣屬牐杯慲獭停瑹潨屮祐桴湯ㄳ尲楌屢楳整瀭捡慫敧屳瑳牡敬瑴履業摤敬慷敲扜獡⹥祰Ⱒ氠湩⁥㘱ⰵ椠⁮慣汬湟硥൴ †爠楡敳愠灰敟捸਍†楆敬∠㩃啜敳獲瑜捥慨䅜灰慄慴䱜捯污停潲牧浡屳祐桴湯停瑹潨㍮㈱䱜扩獜瑩ⵥ慰正条獥獜慴汲瑥整浜摩汤睥牡履慢敳瀮≹‬楬敮ㄠㄵ‬湩挠牯൯ †愠慷瑩猠汥⹦灡⡰捳灯ⱥ爠捥楥敶潟彲楤捳湯敮瑣‬敳摮湟彯牥潲⥲਍†楆敬∠㩃啜敳獲瑜捥慨䅜灰慄慴䱜捯污停潲牧浡屳祐桴湯停瑹潨㍮㈱䱜扩獜瑩ⵥ慰正条獥獜慴汲瑥整浜摩汤睥牡履慢敳瀮≹‬楬敮ㄠ㤸‬湩张损污彬ൟ †眠瑩⁨潣汬灡敳敟捸牧畯獰⤨ഺ 䘠汩⁥䌢尺獕牥屳整档屡灁䑰瑡屡潌慣屬牐杯慲獭停瑹潨屮祐桴湯ㄳ尲楌屢潣瑮硥汴扩瀮≹‬楬敮ㄠ㠵‬湩张敟楸彴ൟ †猠汥⹦敧⹮桴潲⡷慶畬⥥਍†楆敬∠㩃啜敳獲瑜捥慨䅜灰慄慴䱜捯污停潲牧浡屳祐桴湯停瑹潨㍮㈱䱜扩獜瑩ⵥ慰正条獥獜慴汲瑥整彜瑵汩⹳祰Ⱒ氠湩⁥㌹‬湩挠汯慬獰彥硥杣潲灵൳ †爠楡敳攠捸਍†楆敬∠㩃啜敳獲瑜捥慨䅜灰慄慴䱜捯污停潲牧浡屳祐桴湯停瑹潨㍮㈱䱜扩獜瑩ⵥ慰正条獥獜慴汲瑥整浜摩汤睥牡履慢敳瀮≹‬楬敮ㄠㄹ‬湩张损污彬ൟ †爠獥潰獮⁥‽睡楡⁴敳晬搮獩慰捴彨畦据爨煥敵瑳‬慣汬湟硥⥴਍†††††††帠幞幞幞幞幞幞幞幞幞幞幞幞幞幞幞幞幞幞幞幞幞൞ 䘠汩⁥䌢尺獕牥屳整档屡湏䑥楲敶䑜獥瑫灯獜污獥愠⁩汰瑡牦浯扜捡敫摮慜灰浜摩汤睥牡履敳畣楲祴瀮≹‬楬敮㈠ㄳ‬湩搠獩慰捴൨ †爠獥潰獮⁥‽睡楡⁴慣汬湟硥⡴敲畱獥⥴਍†††††††帠幞幞幞幞幞幞幞幞幞幞幞൞ 䘠汩⁥䌢尺獕牥屳整档屡灁䑰瑡屡潌慣屬牐杯慲獭停瑹潨屮祐桴湯ㄳ尲楌屢楳整瀭捡慫敧屳瑳牡敬瑴履業摤敬慷敲扜獡⹥祰Ⱒ氠湩⁥㘱ⰵ椠⁮慣汬湟硥൴ †爠楡敳愠灰敟捸਍†楆敬∠㩃啜敳獲瑜捥慨䅜灰慄慴䱜捯污停潲牧浡屳祐桴湯停瑹潨㍮㈱䱜扩獜瑩ⵥ慰正条獥獜慴汲瑥整浜摩汤睥牡履慢敳瀮≹‬楬敮ㄠㄵ‬湩挠牯൯ †愠慷瑩猠汥⹦灡⡰捳灯ⱥ爠捥楥敶潟彲楤捳湯敮瑣‬敳摮湟彯牥潲⥲਍†楆敬∠㩃啜敳獲瑜捥慨䅜灰慄慴䱜捯污停潲牧浡屳祐桴湯停瑹潨㍮㈱䱜扩獜瑩ⵥ慰正条獥獜慴汲瑥整浜摩汤睥牡履慢敳瀮≹‬楬敮ㄠ㤸‬湩张损污彬ൟ †眠瑩⁨潣汬灡敳敟捸牧畯獰⤨ഺ 䘠汩⁥䌢尺獕牥屳整档屡灁䑰瑡屡潌慣屬牐杯慲獭停瑹潨屮祐桴湯ㄳ尲楌屢潣瑮硥汴扩瀮≹‬楬敮ㄠ㠵‬湩张敟楸彴ൟ †猠汥⹦敧⹮桴潲⡷慶畬⥥਍†楆敬∠㩃啜敳獲瑜捥慨䅜灰慄慴䱜捯污停潲牧浡屳祐桴湯停瑹潨㍮㈱䱜扩獜瑩ⵥ慰正条獥獜慴汲瑥整彜瑵汩⹳祰Ⱒ氠湩⁥㌹‬湩挠汯慬獰彥硥杣潲灵൳ †爠楡敳攠捸਍†楆敬∠㩃啜敳獲瑜捥慨䅜灰慄慴䱜捯污停潲牧浡屳祐桴湯停瑹潨㍮㈱䱜扩獜瑩ⵥ慰正条獥獜慴汲瑥整浜摩汤睥牡履慢敳瀮≹‬楬敮ㄠㄹ‬湩张损污彬ൟ †爠獥潰獮⁥‽睡楡⁴敳晬搮獩慰捴彨畦据爨煥敵瑳‬慣汬湟硥⥴਍†††††††帠幞幞幞幞幞幞幞幞幞幞幞幞幞幞幞幞幞幞幞幞幞൞ 䘠汩⁥䌢尺獕牥屳整档屡湏䑥楲敶䑜獥瑫灯獜污獥愠⁩汰瑡牦浯扜捡敫摮慜灰浜摩汤睥牡履敳畣楲祴瀮≹‬楬敮㈠ㄱ‬湩搠獩慰捴൨ †爠楡敳䠠呔䕐捸灥楴湯ന昊獡慴楰攮捸灥楴湯⹳呈偔硅散瑰潩㩮㐠㤲›潔⁯慭祮爠煥敵瑳⹳䴠硡浩浵㘠‰敲畱獥獴瀠牥洠湩瑵⁥污潬敷⹤਍਍㉛㈰ⴶ㌰㈭‹㄰㌺㨶㌱㠮㠰㔷崶嬠䑉攺戹摥㠹ⴰ攴慡㐭㡥ⴸ㍡昹〭㤳㑦㜶㔵ㅥ崱䔠剒›㈴㨹吠潯洠湡⁹敲畱獥獴‮慍楸畭⁭〶爠煥敵瑳⁳数⁲業畮整愠汬睯摥മ ⬠䔠捸灥楴湯䜠潲灵吠慲散慢正⠠潭瑳爠捥湥⁴慣汬氠獡⥴ഺ 簠†䘠汩⁥䌢尺獕牥屳整档屡灁䑰瑡屡潌慣屬牐杯慲獭停瑹潨屮祐桴湯ㄳ尲楌屢楳整瀭捡慫敧屳瑳牡敬瑴履畟楴獬瀮≹‬楬敮㠠ⰷ椠⁮潣汬灡敳敟捸牧畯獰਍†⁼††楹汥൤ 簠†䘠汩⁥䌢尺獕牥屳整档屡灁䑰瑡屡潌慣屬牐杯慲獭停瑹潨屮祐桴湯ㄳ尲楌屢楳整瀭捡慫敧屳瑳牡敬瑴履業摤敬慷敲扜獡⹥祰Ⱒ氠湩⁥㤱ⰰ椠⁮彟慣汬彟਍†⁼††獡湹⁣楷桴愠祮潩挮敲瑡彥慴歳束潲灵⤨愠⁳慴歳束潲灵ഺ 簠†䘠汩⁥䌢尺獕牥屳整档屡灁䑰瑡屡潌慣屬牐杯慲獭停瑹潨屮祐桴湯ㄳ尲楌屢楳整瀭捡慫敧屳湡楹屯扟捡敫摮屳慟祳据潩瀮≹‬楬敮㘠㠷‬湩张慟硥瑩彟਍†⁼††慲獩⁥慂敳硅散瑰潩䝮潲灵ന 簠䔠捸灥楴湯片畯㩰甠桮湡汤摥攠牲牯⁳湩愠吠獡䝫潲灵⠠‱畳ⵢ硥散瑰潩⥮਍†⴫⴫ⴭⴭⴭⴭⴭⴭⴭ‭‱ⴭⴭⴭⴭⴭⴭⴭⴭ਍††⁼牔捡扥捡⁫洨獯⁴敲散瑮挠污⁬慬瑳㨩਍††⁼†楆敬∠㩃啜敳獲瑜捥慨䅜灰慄慴䱜捯污停潲牧浡屳祐桴湯停瑹潨㍮㈱䱜扩獜瑩ⵥ慰正条獥獜慴汲瑥整浜摩汤睥牡履牥潲獲瀮≹‬楬敮ㄠ㐶‬湩张损污彬ൟ †簠††愠慷瑩猠汥⹦灡⡰捳灯ⱥ爠捥楥敶‬獟湥⥤਍††⁼†楆敬∠㩃啜敳獲瑜捥慨䅜灰慄慴䱜捯污停潲牧浡屳祐桴湯停瑹潨㍮㈱䱜扩獜瑩ⵥ慰正条獥獜慴汲瑥整浜摩汤睥牡履慢敳瀮≹‬楬敮ㄠ㤸‬湩张损污彬ൟ †簠††眠瑩⁨潣汬灡敳敟捸牧畯獰⤨ഺ †簠†䘠汩⁥䌢尺獕牥屳整档屡灁䑰瑡屡潌慣屬牐杯慲獭停瑹潨屮祐桴湯ㄳ尲楌屢潣瑮硥汴扩瀮≹‬楬敮ㄠ㠵‬湩张敟楸彴ൟ †簠††猠汥⹦敧⹮桴潲⡷慶畬⥥਍††⁼†楆敬∠㩃啜敳獲瑜捥慨䅜灰慄慴䱜捯污停潲牧浡屳祐桴湯停瑹潨㍮㈱䱜扩獜瑩ⵥ慰正条獥獜慴汲瑥整彜瑵汩⹳祰Ⱒ氠湩⁥㌹‬湩挠汯慬獰彥硥杣潲灵൳ †簠††爠楡敳攠捸਍††⁼†楆敬∠㩃啜敳獲瑜捥慨䅜灰慄慴䱜捯污停潲牧浡屳祐桴湯停瑹潨㍮㈱䱜扩獜瑩ⵥ慰正条獥獜慴汲瑥整浜摩汤睥牡履慢敳瀮≹‬楬敮ㄠㄹ‬湩张损污彬ൟ †簠††爠獥潰獮⁥‽睡楡⁴敳晬搮獩慰捴彨畦据爨煥敵瑳‬慣汬湟硥⥴਍††⁼†††††††帠幞幞幞幞幞幞幞幞幞幞幞幞幞幞幞幞幞幞幞幞幞൞ †簠†䘠汩⁥䌢尺獕牥屳整档屡湏䑥楲敶䑜獥瑫灯獜污獥愠⁩汰瑡牦浯扜捡敫摮慜灰浜摩汤睥牡履敲畱獥彴潣瑮硥⹴祰Ⱒ氠湩⁥㘵‬湩搠獩慰捴൨ †簠††爠楡敳攠਍††⁼†楆敬∠㩃啜敳獲瑜捥慨作敮牄癩履敄歳潴屰慳敬⁳楡瀠慬晴潲屭慢正湥層灡屰業摤敬慷敲牜煥敵瑳损湯整瑸瀮≹‬楬敮㔠ⰰ椠⁮楤灳瑡档਍††⁼††敲灳湯敳㴠愠慷瑩挠污彬敮瑸爨煥敵瑳ഩ †簠††††††††幞幞幞幞幞幞幞幞幞幞幞幞਍††⁼†楆敬∠㩃啜敳獲瑜捥慨䅜灰慄慴䱜捯污停潲牧浡屳祐桴湯停瑹潨㍮㈱䱜扩獜瑩ⵥ慰正条獥獜慴汲瑥整浜摩汤睥牡履慢敳瀮≹‬楬敮ㄠ㔶‬湩挠污彬敮瑸਍††⁼††慲獩⁥灡彰硥ൣ †簠†䘠汩⁥䌢尺獕牥屳整档屡灁䑰瑡屡潌慣屬牐杯慲獭停瑹潨屮祐桴湯ㄳ尲楌屢楳整瀭捡慫敧屳瑳牡敬瑴履業摤敬慷敲扜獡⹥祰Ⱒ氠湩⁥㔱ⰱ椠⁮潣潲਍††⁼††睡楡⁴敳晬愮灰猨潣数‬敲散癩彥牯摟獩潣湮捥ⱴ猠湥彤潮敟牲牯ഩ †簠†䘠汩⁥䌢尺獕牥屳整档屡灁䑰瑡屡潌慣屬牐杯慲獭停瑹潨屮祐桴湯ㄳ尲楌屢楳整瀭捡慫敧屳瑳牡敬瑴履業摤敬慷敲扜獡⹥祰Ⱒ氠湩⁥㠱ⰹ椠⁮彟慣汬彟਍††⁼††楷桴挠汯慬獰彥硥杣潲灵⡳㨩਍††⁼†楆敬∠㩃啜敳獲瑜捥慨䅜灰慄慴䱜捯污停潲牧浡屳祐桴湯停瑹潨㍮㈱䱜扩捜湯整瑸楬⹢祰Ⱒ氠湩⁥㔱ⰸ椠⁮彟硥瑩彟਍††⁼††敳晬朮湥琮牨睯瘨污敵ഩ †簠†䘠汩⁥䌢尺獕牥屳整档屡灁䑰瑡屡潌慣屬牐杯慲獭停瑹潨屮祐桴湯ㄳ尲楌屢楳整瀭捡慫敧屳瑳牡敬瑴履畟楴獬瀮≹‬楬敮㤠ⰳ椠⁮潣汬灡敳敟捸牧畯獰਍††⁼††慲獩⁥硥ൣ †簠†䘠汩⁥䌢尺獕牥屳整档屡灁䑰瑡屡潌慣屬牐杯慲獭停瑹潨屮祐桴湯ㄳ尲楌屢楳整瀭捡慫敧屳瑳牡敬瑴履業摤敬慷敲扜獡⹥祰Ⱒ氠湩⁥㤱ⰱ椠⁮彟慣汬彟਍††⁼††敲灳湯敳㴠愠慷瑩猠汥⹦楤灳瑡档晟湵⡣敲畱獥ⱴ挠污彬敮瑸ഩ †簠††††††††幞幞幞幞幞幞幞幞幞幞幞幞幞幞幞幞幞幞幞幞幞幞਍††⁼†楆敬∠㩃啜敳獲瑜捥慨作敮牄癩履敄歳潴屰慳敬⁳楡瀠慬晴潲屭慢正湥層灡屰業摤敬慷敲獜捥牵瑩⹹祰Ⱒ氠湩⁥㌲ⰱ椠⁮楤灳瑡档਍††⁼††敲灳湯敳㴠愠慷瑩挠污彬敮瑸爨煥敵瑳ഩ †簠††††††††幞幞幞幞幞幞幞幞幞幞幞幞਍††⁼†楆敬∠㩃啜敳獲瑜捥慨䅜灰慄慴䱜捯污停潲牧浡屳祐桴湯停瑹潨㍮㈱䱜扩獜瑩ⵥ慰正条獥獜慴汲瑥整浜摩汤睥牡履慢敳瀮≹‬楬敮ㄠ㔶‬湩挠污彬敮瑸਍††⁼††慲獩⁥灡彰硥ൣ †簠†䘠汩⁥䌢尺獕牥屳整档屡灁䑰瑡屡潌慣屬牐杯慲獭停瑹潨屮祐桴湯ㄳ尲楌屢楳整瀭捡慫敧屳瑳牡敬瑴履業摤敬慷敲扜獡⹥祰Ⱒ氠湩⁥㔱ⰱ椠⁮潣潲਍††⁼††睡楡⁴敳晬愮灰猨潣数‬敲散癩彥牯摟獩潣湮捥ⱴ猠湥彤潮敟牲牯ഩ †簠†䘠汩⁥䌢尺獕牥屳整档屡灁䑰瑡屡潌慣屬牐杯慲獭停瑹潨屮祐桴湯ㄳ尲楌屢楳整瀭捡慫敧屳瑳牡敬瑴履業摤敬慷敲扜獡⹥祰Ⱒ氠湩⁥㠱ⰹ椠⁮彟慣汬彟਍††⁼††楷桴挠汯慬獰彥硥杣潲灵⡳㨩਍††⁼†楆敬∠㩃啜敳獲瑜捥慨䅜灰慄慴䱜捯污停潲牧浡屳祐桴湯停瑹潨㍮㈱䱜扩捜湯整瑸楬⹢祰Ⱒ氠湩⁥㔱ⰸ椠⁮彟硥瑩彟਍††⁼††敳晬朮湥琮牨睯瘨污敵ഩ †簠†䘠汩⁥䌢尺獕牥屳整档屡灁䑰瑡屡潌慣屬牐杯慲獭停瑹潨屮祐桴湯ㄳ尲楌屢楳整瀭捡慫敧屳瑳牡敬瑴履畟楴獬瀮≹‬楬敮㤠ⰳ椠⁮潣汬灡敳敟捸牧畯獰਍††⁼††慲獩⁥硥ൣ †簠†䘠汩⁥䌢尺獕牥屳整档屡灁䑰瑡屡潌慣屬牐杯慲獭停瑹潨屮祐桴湯ㄳ尲楌屢楳整瀭捡慫敧屳瑳牡敬瑴履業摤敬慷敲扜獡⹥祰Ⱒ氠湩⁥㤱ⰱ椠⁮彟慣汬彟਍††⁼††敲灳湯敳㴠愠慷瑩猠汥⹦楤灳瑡档晟湵⡣敲畱獥ⱴ挠污彬敮瑸ഩ †簠††††††††幞幞幞幞幞幞幞幞幞幞幞幞幞幞幞幞幞幞幞幞幞幞਍††⁼†楆敬∠㩃啜敳獲瑜捥慨作敮牄癩履敄歳潴屰慳敬⁳楡瀠慬晴潲屭慢正湥層灡屰業摤敬慷敲獜捥牵瑩⹹祰Ⱒ氠湩⁥ㄲⰱ椠⁮楤灳瑡档਍††⁼††慲獩⁥呈偔硅散瑰潩⡮਍††⁼慦瑳灡⹩硥散瑰潩獮䠮呔䕐捸灥楴湯›㈴㨹吠潯洠湡⁹敲畱獥獴‮慍楸畭⁭〶爠煥敵瑳⁳数⁲業畮整愠汬睯摥മ †⬠ⴭⴭⴭⴭⴭⴭⴭⴭⴭⴭⴭⴭⴭⴭⴭⴭⴭⴭ਍਍畄楲杮栠湡汤湩⁧景琠敨愠潢敶攠捸灥楴湯‬湡瑯敨⁲硥散瑰潩⁮捯畣牲摥ഺഊ吊慲散慢正⠠潭瑳爠捥湥⁴慣汬氠獡⥴ഺ 䘠汩⁥䌢尺獕牥屳整档屡灁䑰瑡屡潌慣屬牐杯慲獭停瑹潨屮祐桴湯ㄳ尲楌屢楳整瀭捡慫敧屳瑳牡敬瑴履業摤敬慷敲敜牲牯⹳祰Ⱒ氠湩⁥㘱ⰴ椠⁮彟慣汬彟਍††睡楡⁴敳晬愮灰猨潣数‬敲散癩ⱥ张敳摮ഩ 䘠汩⁥䌢尺獕牥屳整档屡灁䑰瑡屡潌慣屬牐杯慲獭停瑹潨屮祐桴湯ㄳ尲楌屢楳整瀭捡慫敧屳瑳牡敬瑴履業摤敬慷敲扜獡⹥祰Ⱒ氠湩⁥㠱ⰹ椠⁮彟慣汬彟਍††楷桴挠汯慬獰彥硥杣潲灵⡳㨩਍†楆敬∠㩃啜敳獲瑜捥慨䅜灰慄慴䱜捯污停潲牧浡屳祐桴湯停瑹潨㍮㈱䱜扩捜湯整瑸楬⹢祰Ⱒ氠湩⁥㔱ⰸ椠⁮彟硥瑩彟਍††敳晬朮湥琮牨睯瘨污敵ഩ 䘠汩⁥䌢尺獕牥屳整档屡灁䑰瑡屡潌慣屬牐杯慲獭停瑹潨屮祐桴湯ㄳ尲楌屢楳整瀭捡慫敧屳瑳牡敬瑴履畟楴獬瀮≹‬楬敮㤠ⰳ椠⁮潣汬灡敳敟捸牧畯獰਍††慲獩⁥硥ൣ 䘠汩⁥䌢尺獕牥屳整档屡灁䑰瑡屡潌慣屬牐杯慲獭停瑹潨屮祐桴湯ㄳ尲楌屢楳整瀭捡慫敧屳瑳牡敬瑴履業摤敬慷敲扜獡⹥祰Ⱒ氠湩⁥㤱ⰱ椠⁮彟慣汬彟਍††敲灳湯敳㴠愠慷瑩猠汥⹦楤灳瑡档晟湵⡣敲畱獥ⱴ挠污彬敮瑸ഩ †††††††幞幞幞幞幞幞幞幞幞幞幞幞幞幞幞幞幞幞幞幞幞幞਍†楆敬∠㩃啜敳獲瑜捥慨作敮牄癩履敄歳潴屰慳敬⁳楡瀠慬晴潲屭慢正湥層灡屰業摤敬慷敲牜煥敵瑳损湯整瑸瀮≹‬楬敮㔠ⰶ椠⁮楤灳瑡档਍††慲獩⁥൥ 䘠汩⁥䌢尺獕牥屳整档屡湏䑥楲敶䑜獥瑫灯獜污獥愠⁩汰瑡牦浯扜捡敫摮慜灰浜摩汤睥牡履敲畱獥彴潣瑮硥⹴祰Ⱒ氠湩⁥〵‬湩搠獩慰捴൨ †爠獥潰獮⁥‽睡楡⁴慣汬湟硥⡴敲畱獥⥴਍†††††††帠幞幞幞幞幞幞幞幞幞幞幞൞ 䘠汩⁥䌢尺獕牥屳整档屡灁䑰瑡屡潌慣屬牐杯慲獭停瑹潨屮祐桴湯ㄳ尲楌屢楳整瀭捡慫敧屳瑳牡敬瑴履業摤敬慷敲扜獡⹥祰Ⱒ氠湩⁥㘱ⰵ椠⁮慣汬湟硥൴ †爠楡敳愠灰敟捸਍†楆敬∠㩃啜敳獲瑜捥慨䅜灰慄慴䱜捯污停潲牧浡屳祐桴湯停瑹潨㍮㈱䱜扩獜瑩ⵥ慰正条獥獜慴汲瑥整浜摩汤睥牡履慢敳瀮≹‬楬敮ㄠㄵ‬湩挠牯൯ †愠慷瑩猠汥⹦灡⡰捳灯ⱥ爠捥楥敶潟彲楤捳湯敮瑣‬敳摮湟彯牥潲⥲਍†楆敬∠㩃啜敳獲瑜捥慨䅜灰慄慴䱜捯污停潲牧浡屳祐桴湯停瑹潨㍮㈱䱜扩獜瑩ⵥ慰正条獥獜慴汲瑥整浜摩汤睥牡履慢敳瀮≹‬楬敮ㄠ㤸‬湩张损污彬ൟ †眠瑩⁨潣汬灡敳敟捸牧畯獰⤨ഺ 䘠汩⁥䌢尺獕牥屳整档屡灁䑰瑡屡潌慣屬牐杯慲獭停瑹潨屮祐桴湯ㄳ尲楌屢潣瑮硥汴扩瀮≹‬楬敮ㄠ㠵‬湩张敟楸彴ൟ †猠汥⹦敧⹮桴潲⡷慶畬⥥਍†楆敬∠㩃啜敳獲瑜捥慨䅜灰慄慴䱜捯污停潲牧浡屳祐桴湯停瑹潨㍮㈱䱜扩獜瑩ⵥ慰正条獥獜慴汲瑥整彜瑵汩⹳祰Ⱒ氠湩⁥㌹‬湩挠汯慬獰彥硥杣潲灵൳ †爠楡敳攠捸਍†楆敬∠㩃啜敳獲瑜捥慨䅜灰慄慴䱜捯污停潲牧浡屳祐桴湯停瑹潨㍮㈱䱜扩獜瑩ⵥ慰正条獥獜慴汲瑥整浜摩汤睥牡履慢敳瀮≹‬楬敮ㄠㄹ‬湩张损污彬ൟ †爠獥潰獮⁥‽睡楡⁴敳晬搮獩慰捴彨畦据爨煥敵瑳‬慣汬湟硥⥴਍†††††††帠幞幞幞幞幞幞幞幞幞幞幞幞幞幞幞幞幞幞幞幞幞൞ 䘠汩⁥䌢尺獕牥屳整档屡湏䑥楲敶䑜獥瑫灯獜污獥愠⁩汰瑡牦浯扜捡敫摮慜灰浜摩汤睥牡履敳畣楲祴瀮≹‬楬敮㈠ㄳ‬湩搠獩慰捴൨ †爠獥潰獮⁥‽睡楡⁴慣汬湟硥⡴敲畱獥⥴਍†††††††帠幞幞幞幞幞幞幞幞幞幞幞൞ 䘠汩⁥䌢尺獕牥屳整档屡灁䑰瑡屡潌慣屬牐杯慲獭停瑹潨屮祐桴湯ㄳ尲楌屢楳整瀭捡慫敧屳瑳牡敬瑴履業摤敬慷敲扜獡⹥祰Ⱒ氠湩⁥㘱ⰵ椠⁮慣汬湟硥൴ †爠楡敳愠灰敟捸਍†楆敬∠㩃啜敳獲瑜捥慨䅜灰慄慴䱜捯污停潲牧浡屳祐桴湯停瑹潨㍮㈱䱜扩獜瑩ⵥ慰正条獥獜慴汲瑥整浜摩汤睥牡履慢敳瀮≹‬楬敮ㄠㄵ‬湩挠牯൯ †愠慷瑩猠汥⹦灡⡰捳灯ⱥ爠捥楥敶潟彲楤捳湯敮瑣‬敳摮湟彯牥潲⥲਍†楆敬∠㩃啜敳獲瑜捥慨䅜灰慄慴䱜捯污停潲牧浡屳祐桴湯停瑹潨㍮㈱䱜扩獜瑩ⵥ慰正条獥獜慴汲瑥整浜摩汤睥牡履慢敳瀮≹‬楬敮ㄠ㤸‬湩张损污彬ൟ †眠瑩⁨潣汬灡敳敟捸牧畯獰⤨ഺ 䘠汩⁥䌢尺獕牥屳整档屡灁䑰瑡屡潌慣屬牐杯慲獭停瑹潨屮祐桴湯ㄳ尲楌屢潣瑮硥汴扩瀮≹‬楬敮ㄠ㠵‬湩张敟楸彴ൟ †猠汥⹦敧⹮桴潲⡷慶畬⥥਍†楆敬∠㩃啜敳獲瑜捥慨䅜灰慄慴䱜捯污停潲牧浡屳祐桴湯停瑹潨㍮㈱䱜扩獜瑩ⵥ慰正条獥獜慴汲瑥整彜瑵汩⹳祰Ⱒ氠湩⁥㌹‬湩挠汯慬獰彥硥杣潲灵൳ †爠楡敳攠捸਍†楆敬∠㩃啜敳獲瑜捥慨䅜灰慄慴䱜捯污停潲牧浡屳祐桴湯停瑹潨㍮㈱䱜扩獜瑩ⵥ慰正条獥獜慴汲瑥整浜摩汤睥牡履慢敳瀮≹‬楬敮ㄠㄹ‬湩张损污彬ൟ †爠獥潰獮⁥‽睡楡⁴敳晬搮獩慰捴彨畦据爨煥敵瑳‬慣汬湟硥⥴਍†††††††帠幞幞幞幞幞幞幞幞幞幞幞幞幞幞幞幞幞幞幞幞幞൞ 䘠汩⁥䌢尺獕牥屳整档屡湏䑥楲敶䑜獥瑫灯獜污獥愠⁩汰瑡牦浯扜捡敫摮慜灰浜摩汤睥牡履敳畣楲祴瀮≹‬楬敮㈠ㄱ‬湩搠獩慰捴൨ †爠楡敳䠠呔䕐捸灥楴湯ന昊獡慴楰攮捸灥楴湯⹳呈偔硅散瑰潩㩮㐠㤲›潔⁯慭祮爠煥敵瑳⹳䴠硡浩浵㘠‰敲畱獥獴瀠牥洠湩瑵⁥污潬敷⹤਍਍㉛㈰ⴶ㌰㈭‹㄰㌺㨶㌱㠮㤳㘲崵嬠䑉ㄺ晦敤㐰ⴴ捡攱㐭㘸ⴱ愸捥㘭㜴㠲慦㡤攲嵦䔠剒›㈴㨹吠潯洠湡⁹敲畱獥獴‮慍楸畭⁭〶爠煥敵瑳⁳数⁲業畮整愠汬睯摥മ ⬠䔠捸灥楴湯䜠潲灵吠慲散慢正⠠潭瑳爠捥湥⁴慣汬氠獡⥴ഺ 簠†䘠汩⁥䌢尺獕牥屳整档屡灁䑰瑡屡潌慣屬牐杯慲獭停瑹潨屮祐桴湯ㄳ尲楌屢楳整瀭捡慫敧屳瑳牡敬瑴履畟楴獬瀮≹‬楬敮㠠ⰷ椠⁮潣汬灡敳敟捸牧畯獰਍†⁼††楹汥൤ 簠†䘠汩⁥䌢尺獕牥屳整档屡灁䑰瑡屡潌慣屬牐杯慲獭停瑹潨屮祐桴湯ㄳ尲楌屢楳整瀭捡慫敧屳瑳牡敬瑴履業摤敬慷敲扜獡⹥祰Ⱒ氠湩⁥㤱ⰰ椠⁮彟慣汬彟਍†⁼††獡湹⁣楷桴愠祮潩挮敲瑡彥慴歳束潲灵⤨愠⁳慴歳束潲灵ഺ 簠†䘠汩⁥䌢尺獕牥屳整档屡灁䑰瑡屡潌慣屬牐杯慲獭停瑹潨屮祐桴湯ㄳ尲楌屢楳整瀭捡慫敧屳湡楹屯扟捡敫摮屳慟祳据潩瀮≹‬楬敮㘠㠷‬湩张慟硥瑩彟਍†⁼††慲獩⁥慂敳硅散瑰潩䝮潲灵ന 簠䔠捸灥楴湯片畯㩰甠桮湡汤摥攠牲牯⁳湩愠吠獡䝫潲灵⠠‱畳ⵢ硥散瑰潩⥮਍†⴫⴫ⴭⴭⴭⴭⴭⴭⴭ‭‱ⴭⴭⴭⴭⴭⴭⴭⴭ਍††⁼牔捡扥捡⁫洨獯⁴敲散瑮挠污⁬慬瑳㨩਍††⁼†楆敬∠㩃啜敳獲瑜捥慨䅜灰慄慴䱜捯污停潲牧浡屳祐桴湯停瑹潨㍮㈱䱜扩獜瑩ⵥ慰正条獥獜慴汲瑥整浜摩汤睥牡履牥潲獲瀮≹‬楬敮ㄠ㐶‬湩张损污彬ൟ †簠††愠慷瑩猠汥⹦灡⡰捳灯ⱥ爠捥楥敶‬獟湥⥤਍††⁼†楆敬∠㩃啜敳獲瑜捥慨䅜灰慄慴䱜捯污停潲牧浡屳祐桴湯停瑹潨㍮㈱䱜扩獜瑩ⵥ慰正条獥獜慴汲瑥整浜摩汤睥牡履慢敳瀮≹‬楬敮ㄠ㤸‬湩张损污彬ൟ †簠††眠瑩⁨潣汬灡敳敟捸牧畯獰⤨ഺ †簠†䘠汩⁥䌢尺獕牥屳整档屡灁䑰瑡屡潌慣屬牐杯慲獭停瑹潨屮祐桴湯ㄳ尲楌屢潣瑮硥汴扩瀮≹‬楬敮ㄠ㠵‬湩张敟楸彴ൟ †簠††猠汥⹦敧⹮桴潲⡷慶畬⥥਍††⁼†楆敬∠㩃啜敳獲瑜捥慨䅜灰慄慴䱜捯污停潲牧浡屳祐桴湯停瑹潨㍮㈱䱜扩獜瑩ⵥ慰正条獥獜慴汲瑥整彜瑵汩⹳祰Ⱒ氠湩⁥㌹‬湩挠汯慬獰彥硥杣潲灵൳ †簠††爠楡敳攠捸਍††⁼†楆敬∠㩃啜敳獲瑜捥慨䅜灰慄慴䱜捯污停潲牧浡屳祐桴湯停瑹潨㍮㈱䱜扩獜瑩ⵥ慰正条獥獜慴汲瑥整浜摩汤睥牡履慢敳瀮≹‬楬敮ㄠㄹ‬湩张损污彬ൟ †簠††爠獥潰獮⁥‽睡楡⁴敳晬搮獩慰捴彨畦据爨煥敵瑳‬慣汬湟硥⥴਍††⁼†††††††帠幞幞幞幞幞幞幞幞幞幞幞幞幞幞幞幞幞幞幞幞幞൞ †簠†䘠汩⁥䌢尺獕牥屳整档屡湏䑥楲敶䑜獥瑫灯獜污獥愠⁩汰瑡牦浯扜捡敫摮慜灰浜摩汤睥牡履敲畱獥彴潣瑮硥⹴祰Ⱒ氠湩⁥㘵‬湩搠獩慰捴൨ †簠††爠楡敳攠਍††⁼†楆敬∠㩃啜敳獲瑜捥慨作敮牄癩履敄歳潴屰慳敬⁳楡瀠慬晴潲屭慢正湥層灡屰業摤敬慷敲牜煥敵瑳损湯整瑸瀮≹‬楬敮㔠ⰰ椠⁮楤灳瑡档਍††⁼††敲灳湯敳㴠愠慷瑩挠污彬敮瑸爨煥敵瑳ഩ †簠††††††††幞幞幞幞幞幞幞幞幞幞幞幞਍††⁼†楆敬∠㩃啜敳獲瑜捥慨䅜灰慄慴䱜捯污停潲牧浡屳祐桴湯停瑹潨㍮㈱䱜扩獜瑩ⵥ慰正条獥獜慴汲瑥整浜摩汤睥牡履慢敳瀮≹‬楬敮ㄠ㔶‬湩挠污彬敮瑸਍††⁼††慲獩⁥灡彰硥ൣ †簠†䘠汩⁥䌢尺獕牥屳整档屡灁䑰瑡屡潌慣屬牐杯慲獭停瑹潨屮祐桴湯ㄳ尲楌屢楳整瀭捡慫敧屳瑳牡敬瑴履業摤敬慷敲扜獡⹥祰Ⱒ氠湩⁥㔱ⰱ椠⁮潣潲਍††⁼††睡楡⁴敳晬愮灰猨潣数‬敲散癩彥牯摟獩潣湮捥ⱴ猠湥彤潮敟牲牯ഩ †簠†䘠汩⁥䌢尺獕牥屳整档屡灁䑰瑡屡潌慣屬牐杯慲獭停瑹潨屮祐桴湯ㄳ尲楌屢楳整瀭捡慫敧屳瑳牡敬瑴履業摤敬慷敲扜獡⹥祰Ⱒ氠湩⁥㠱ⰹ椠⁮彟慣汬彟਍††⁼††楷桴挠汯慬獰彥硥杣潲灵⡳㨩਍††⁼†楆敬∠㩃啜敳獲瑜捥慨䅜灰慄慴䱜捯污停潲牧浡屳祐桴湯停瑹潨㍮㈱䱜扩捜湯整瑸楬⹢祰Ⱒ氠湩⁥㔱ⰸ椠⁮彟硥瑩彟਍††⁼††敳晬朮湥琮牨睯瘨污敵ഩ †簠†䘠汩⁥䌢尺獕牥屳整档屡灁䑰瑡屡潌慣屬牐杯慲獭停瑹潨屮祐桴湯ㄳ尲楌屢楳整瀭捡慫敧屳瑳牡敬瑴履畟楴獬瀮≹‬楬敮㤠ⰳ椠⁮潣汬灡敳敟捸牧畯獰਍††⁼††慲獩⁥硥ൣ †簠†䘠汩⁥䌢尺獕牥屳整档屡灁䑰瑡屡潌慣屬牐杯慲獭停瑹潨屮祐桴湯ㄳ尲楌屢楳整瀭捡慫敧屳瑳牡敬瑴履業摤敬慷敲扜獡⹥祰Ⱒ氠湩⁥㤱ⰱ椠⁮彟慣汬彟਍††⁼††敲灳湯敳㴠愠慷瑩猠汥⹦楤灳瑡档晟湵⡣敲畱獥ⱴ挠污彬敮瑸ഩ †簠††††††††幞幞幞幞幞幞幞幞幞幞幞幞幞幞幞幞幞幞幞幞幞幞਍††⁼†楆敬∠㩃啜敳獲瑜捥慨作敮牄癩履敄歳潴屰慳敬⁳楡瀠慬晴潲屭慢正湥層灡屰業摤敬慷敲獜捥牵瑩⹹祰Ⱒ氠湩⁥㌲ⰱ椠⁮楤灳瑡档਍††⁼††敲灳湯敳㴠愠慷瑩挠污彬敮瑸爨煥敵瑳ഩ †簠††††††††幞幞幞幞幞幞幞幞幞幞幞幞਍††⁼†楆敬∠㩃啜敳獲瑜捥慨䅜灰慄慴䱜捯污停潲牧浡屳祐桴湯停瑹潨㍮㈱䱜扩獜瑩ⵥ慰正条獥獜慴汲瑥整浜摩汤睥牡履慢敳瀮≹‬楬敮ㄠ㔶‬湩挠污彬敮瑸਍††⁼††慲獩⁥灡彰硥ൣ †簠†䘠汩⁥䌢尺獕牥屳整档屡灁䑰瑡屡潌慣屬牐杯慲獭停瑹潨屮祐桴湯ㄳ尲楌屢楳整瀭捡慫敧屳瑳牡敬瑴履業摤敬慷敲扜獡⹥祰Ⱒ氠湩⁥㔱ⰱ椠⁮潣潲਍††⁼††睡楡⁴敳晬愮灰猨潣数‬敲散癩彥牯摟獩潣湮捥ⱴ猠湥彤潮敟牲牯ഩ †簠†䘠汩⁥䌢尺獕牥屳整档屡灁䑰瑡屡潌慣屬牐杯慲獭停瑹潨屮祐桴湯ㄳ尲楌屢楳整瀭捡慫敧屳瑳牡敬瑴履業摤敬慷敲扜獡⹥祰Ⱒ氠湩⁥㠱ⰹ椠⁮彟慣汬彟਍††⁼††楷桴挠汯慬獰彥硥杣潲灵⡳㨩਍††⁼†楆敬∠㩃啜敳獲瑜捥慨䅜灰慄慴䱜捯污停潲牧浡屳祐桴湯停瑹潨㍮㈱䱜扩捜湯整瑸楬⹢祰Ⱒ氠湩⁥㔱ⰸ椠⁮彟硥瑩彟਍††⁼††敳晬朮湥琮牨睯瘨污敵ഩ †簠†䘠汩⁥䌢尺獕牥屳整档屡灁䑰瑡屡潌慣屬牐杯慲獭停瑹潨屮祐桴湯ㄳ尲楌屢楳整瀭捡慫敧屳瑳牡敬瑴履畟楴獬瀮≹‬楬敮㤠ⰳ椠⁮潣汬灡敳敟捸牧畯獰਍††⁼††慲獩⁥硥ൣ †簠†䘠汩⁥䌢尺獕牥屳整档屡灁䑰瑡屡潌慣屬牐杯慲獭停瑹潨屮祐桴湯ㄳ尲楌屢楳整瀭捡慫敧屳瑳牡敬瑴履業摤敬慷敲扜獡⹥祰Ⱒ氠湩⁥㤱ⰱ椠⁮彟慣汬彟਍††⁼††敲灳湯敳㴠愠慷瑩猠汥⹦楤灳瑡档晟湵⡣敲畱獥ⱴ挠污彬敮瑸ഩ †簠††††††††幞幞幞幞幞幞幞幞幞幞幞幞幞幞幞幞幞幞幞幞幞幞਍††⁼†楆敬∠㩃啜敳獲瑜捥慨作敮牄癩履敄歳潴屰慳敬⁳楡瀠慬晴潲屭慢正湥層灡屰業摤敬慷敲獜捥牵瑩⹹祰Ⱒ氠湩⁥ㄲⰱ椠⁮楤灳瑡档਍††⁼††慲獩⁥呈偔硅散瑰潩⡮਍††⁼慦瑳灡⹩硥散瑰潩獮䠮呔䕐捸灥楴湯›㈴㨹吠潯洠湡⁹敲畱獥獴‮慍楸畭⁭〶爠煥敵瑳⁳数⁲業畮整愠汬睯摥മ †⬠ⴭⴭⴭⴭⴭⴭⴭⴭⴭⴭⴭⴭⴭⴭⴭⴭⴭⴭ਍਍畄楲杮栠湡汤湩⁧景琠敨愠潢敶攠捸灥楴湯‬湡瑯敨⁲硥散瑰潩⁮捯畣牲摥ഺഊ吊慲散慢正⠠潭瑳爠捥湥⁴慣汬氠獡⥴ഺ 䘠汩⁥䌢尺獕牥屳整档屡灁䑰瑡屡潌慣屬牐杯慲獭停瑹潨屮祐桴湯ㄳ尲楌屢楳整瀭捡慫敧屳瑳牡敬瑴履業摤敬慷敲敜牲牯⹳祰Ⱒ氠湩⁥㘱ⰴ椠⁮彟慣汬彟਍††睡楡⁴敳晬愮灰猨潣数‬敲散癩ⱥ张敳摮ഩ 䘠汩⁥䌢尺獕牥屳整档屡灁䑰瑡屡潌慣屬牐杯慲獭停瑹潨屮祐桴湯ㄳ尲楌屢楳整瀭捡慫敧屳瑳牡敬瑴履業摤敬慷敲扜獡⹥祰Ⱒ氠湩⁥㠱ⰹ椠⁮彟慣汬彟਍††楷桴挠汯慬獰彥硥杣潲灵⡳㨩਍†楆敬∠㩃啜敳獲瑜捥慨䅜灰慄慴䱜捯污停潲牧浡屳祐桴湯停瑹潨㍮㈱䱜扩捜湯整瑸楬⹢祰Ⱒ氠湩⁥㔱ⰸ椠⁮彟硥瑩彟਍††敳晬朮湥琮牨睯瘨污敵ഩ 䘠汩⁥䌢尺獕牥屳整档屡灁䑰瑡屡潌慣屬牐杯慲獭停瑹潨屮祐桴湯ㄳ尲楌屢楳整瀭捡慫敧屳瑳牡敬瑴履畟楴獬瀮≹‬楬敮㤠ⰳ椠⁮潣汬灡敳敟捸牧畯獰਍††慲獩⁥硥ൣ 䘠汩⁥䌢尺獕牥屳整档屡灁䑰瑡屡潌慣屬牐杯慲獭停瑹潨屮祐桴湯ㄳ尲楌屢楳整瀭捡慫敧屳瑳牡敬瑴履業摤敬慷敲扜獡⹥祰Ⱒ氠湩⁥㤱ⰱ椠⁮彟慣汬彟਍††敲灳湯敳㴠愠慷瑩猠汥⹦楤灳瑡档晟湵⡣敲畱獥ⱴ挠污彬敮瑸ഩ †††††††幞幞幞幞幞幞幞幞幞幞幞幞幞幞幞幞幞幞幞幞幞幞਍†楆敬∠㩃啜敳獲瑜捥慨作敮牄癩履敄歳潴屰慳敬⁳楡瀠慬晴潲屭慢正湥層灡屰業摤敬慷敲牜煥敵瑳损湯整瑸瀮≹‬楬敮㔠ⰶ椠⁮楤灳瑡档਍††慲獩⁥൥ 䘠汩⁥䌢尺獕牥屳整档屡湏䑥楲敶䑜獥瑫灯獜污獥愠⁩汰瑡牦浯扜捡敫摮慜灰浜摩汤睥牡履敲畱獥彴潣瑮硥⹴祰Ⱒ氠湩⁥〵‬湩搠獩慰捴൨ †爠獥潰獮⁥‽睡楡⁴慣汬湟硥⡴敲畱獥⥴਍†††††††帠幞幞幞幞幞幞幞幞幞幞幞൞ 䘠汩⁥䌢尺獕牥屳整档屡灁䑰瑡屡潌慣屬牐杯慲獭停瑹潨屮祐桴湯ㄳ尲楌屢楳整瀭捡慫敧屳瑳牡敬瑴履業摤敬慷敲扜獡⹥祰Ⱒ氠湩⁥㘱ⰵ椠⁮慣汬湟硥൴ †爠楡敳愠灰敟捸਍†楆敬∠㩃啜敳獲瑜捥慨䅜灰慄慴䱜捯污停潲牧浡屳祐桴湯停瑹潨㍮㈱䱜扩獜瑩ⵥ慰正条獥獜慴汲瑥整浜摩汤睥牡履慢敳瀮≹‬楬敮ㄠㄵ‬湩挠牯൯ †愠慷瑩猠汥⹦灡⡰捳灯ⱥ爠捥楥敶潟彲楤捳湯敮瑣‬敳摮湟彯牥潲⥲਍†楆敬∠㩃啜敳獲瑜捥慨䅜灰慄慴䱜捯污停潲牧浡屳祐桴湯停瑹潨㍮㈱䱜扩獜瑩ⵥ慰正条獥獜慴汲瑥整浜摩汤睥牡履慢敳瀮≹‬楬敮ㄠ㤸‬湩张损污彬ൟ †眠瑩⁨潣汬灡敳敟捸牧畯獰⤨ഺ 䘠汩⁥䌢尺獕牥屳整档屡灁䑰瑡屡潌慣屬牐杯慲獭停瑹潨屮祐桴湯ㄳ尲楌屢潣瑮硥汴扩瀮≹‬楬敮ㄠ㠵‬湩张敟楸彴ൟ †猠汥⹦敧⹮桴潲⡷慶畬⥥਍†楆敬∠㩃啜敳獲瑜捥慨䅜灰慄慴䱜捯污停潲牧浡屳祐桴湯停瑹潨㍮㈱䱜扩獜瑩ⵥ慰正条獥獜慴汲瑥整彜瑵汩⹳祰Ⱒ氠湩⁥㌹‬湩挠汯慬獰彥硥杣潲灵൳ †爠楡敳攠捸਍†楆敬∠㩃啜敳獲瑜捥慨䅜灰慄慴䱜捯污停潲牧浡屳祐桴湯停瑹潨㍮㈱䱜扩獜瑩ⵥ慰正条獥獜慴汲瑥整浜摩汤睥牡履慢敳瀮≹‬楬敮ㄠㄹ‬湩张损污彬ൟ †爠獥潰獮⁥‽睡楡⁴敳晬搮獩慰捴彨畦据爨煥敵瑳‬慣汬湟硥⥴਍†††††††帠幞幞幞幞幞幞幞幞幞幞幞幞幞幞幞幞幞幞幞幞幞൞ 䘠汩⁥䌢尺獕牥屳整档屡湏䑥楲敶䑜獥瑫灯獜污獥愠⁩汰瑡牦浯扜捡敫摮慜灰浜摩汤睥牡履敳畣楲祴瀮≹‬楬敮㈠ㄳ‬湩搠獩慰捴൨ †爠獥潰獮⁥‽睡楡⁴慣汬湟硥⡴敲畱獥⥴਍†††††††帠幞幞幞幞幞幞幞幞幞幞幞൞ 䘠汩⁥䌢尺獕牥屳整档屡灁䑰瑡屡潌慣屬牐杯慲獭停瑹潨屮祐桴湯ㄳ尲楌屢楳整瀭捡慫敧屳瑳牡敬瑴履業摤敬慷敲扜獡⹥祰Ⱒ氠湩⁥㘱ⰵ椠⁮慣汬湟硥൴ †爠楡敳愠灰敟捸਍†楆敬∠㩃啜敳獲瑜捥慨䅜灰慄慴䱜捯污停潲牧浡屳祐桴湯停瑹潨㍮㈱䱜扩獜瑩ⵥ慰正条獥獜慴汲瑥整浜摩汤睥牡履慢敳瀮≹‬楬敮ㄠㄵ‬湩挠牯൯ †愠慷瑩猠汥⹦灡⡰捳灯ⱥ爠捥楥敶潟彲楤捳湯敮瑣‬敳摮湟彯牥潲⥲਍†楆敬∠㩃啜敳獲瑜捥慨䅜灰慄慴䱜捯污停潲牧浡屳祐桴湯停瑹潨㍮㈱䱜扩獜瑩ⵥ慰正条獥獜慴汲瑥整浜摩汤睥牡履慢敳瀮≹‬楬敮ㄠ㤸‬湩张损污彬ൟ †眠瑩⁨潣汬灡敳敟捸牧畯獰⤨ഺ 䘠汩⁥䌢尺獕牥屳整档屡灁䑰瑡屡潌慣屬牐杯慲獭停瑹潨屮祐桴湯ㄳ尲楌屢潣瑮硥汴扩瀮≹‬楬敮ㄠ㠵‬湩张敟楸彴ൟ †猠汥⹦敧⹮桴潲⡷慶畬⥥਍†楆敬∠㩃啜敳獲瑜捥慨䅜灰慄慴䱜捯污停潲牧浡屳祐桴湯停瑹潨㍮㈱䱜扩獜瑩ⵥ慰正条獥獜慴汲瑥整彜瑵汩⹳祰Ⱒ氠湩⁥㌹‬湩挠汯慬獰彥硥杣潲灵൳ †爠楡敳攠捸਍†楆敬∠㩃啜敳獲瑜捥慨䅜灰慄慴䱜捯污停潲牧浡屳祐桴湯停瑹潨㍮㈱䱜扩獜瑩ⵥ慰正条獥獜慴汲瑥整浜摩汤睥牡履慢敳瀮≹‬楬敮ㄠㄹ‬湩张损污彬ൟ †爠獥潰獮⁥‽睡楡⁴敳晬搮獩慰捴彨畦据爨煥敵瑳‬慣汬湟硥⥴਍†††††††帠幞幞幞幞幞幞幞幞幞幞幞幞幞幞幞幞幞幞幞幞幞൞ 䘠汩⁥䌢尺獕牥屳整档屡湏䑥楲敶䑜獥瑫灯獜污獥愠⁩汰瑡牦浯扜捡敫摮慜灰浜摩汤睥牡履敳畣楲祴瀮≹‬楬敮㈠ㄱ‬湩搠獩慰捴൨ †爠楡敳䠠呔䕐捸灥楴湯ന昊獡慴楰攮捸灥楴湯⹳呈偔硅散瑰潩㩮㐠㤲›潔⁯慭祮爠煥敵瑳⹳䴠硡浩浵㘠‰敲畱獥獴瀠牥洠湩瑵⁥污潬敷⹤਍਍㉛㈰ⴶ㌰㈭‹㄰㌺㨶㜱㔮㠴㈵崱嬠䑉㘺慡愲搳ⵤ捡㠰㐭㡥ⵣㄹㅡ戭攴摡㠱捤昳嵢䔠剒›㈴㨹吠潯洠湡⁹敲畱獥獴‮慍楸畭⁭〶爠煥敵瑳⁳数⁲業畮整愠汬睯摥മ ⬠䔠捸灥楴湯䜠潲灵吠慲散慢正⠠潭瑳爠捥湥⁴慣汬氠獡⥴ഺ 簠†䘠汩⁥䌢尺獕牥屳整档屡灁䑰瑡屡潌慣屬牐杯慲獭停瑹潨屮祐桴湯ㄳ尲楌屢楳整瀭捡慫敧屳瑳牡敬瑴履畟楴獬瀮≹‬楬敮㠠ⰷ椠⁮潣汬灡敳敟捸牧畯獰਍†⁼††楹汥൤ 簠†䘠汩⁥䌢尺獕牥屳整档屡灁䑰瑡屡潌慣屬牐杯慲獭停瑹潨屮祐桴湯ㄳ尲楌屢楳整瀭捡慫敧屳瑳牡敬瑴履業摤敬慷敲扜獡⹥祰Ⱒ氠湩⁥㤱ⰰ椠⁮彟慣汬彟਍†⁼††獡湹⁣楷桴愠祮潩挮敲瑡彥慴歳束潲灵⤨愠⁳慴歳束潲灵ഺ 簠†䘠汩⁥䌢尺獕牥屳整档屡灁䑰瑡屡潌慣屬牐杯慲獭停瑹潨屮祐桴湯ㄳ尲楌屢楳整瀭捡慫敧屳湡楹屯扟捡敫摮屳慟祳据潩瀮≹‬楬敮㘠㠷‬湩张慟硥瑩彟਍†⁼††慲獩⁥慂敳硅散瑰潩䝮潲灵ന 簠䔠捸灥楴湯片畯㩰甠桮湡汤摥攠牲牯⁳湩愠吠獡䝫潲灵⠠‱畳ⵢ硥散瑰潩⥮਍†⴫⴫ⴭⴭⴭⴭⴭⴭⴭ‭‱ⴭⴭⴭⴭⴭⴭⴭⴭ਍††⁼牔捡扥捡⁫洨獯⁴敲散瑮挠污⁬慬瑳㨩਍††⁼†楆敬∠㩃啜敳獲瑜捥慨䅜灰慄慴䱜捯污停潲牧浡屳祐桴湯停瑹潨㍮㈱䱜扩獜瑩ⵥ慰正条獥獜慴汲瑥整浜摩汤睥牡履牥潲獲瀮≹‬楬敮ㄠ㐶‬湩张损污彬ൟ †簠††愠慷瑩猠汥⹦灡⡰捳灯ⱥ爠捥楥敶‬獟湥⥤਍††⁼†楆敬∠㩃啜敳獲瑜捥慨䅜灰慄慴䱜捯污停潲牧浡屳祐桴湯停瑹潨㍮㈱䱜扩獜瑩ⵥ慰正条獥獜慴汲瑥整浜摩汤睥牡履慢敳瀮≹‬楬敮ㄠ㤸‬湩张损污彬ൟ †簠††眠瑩⁨潣汬灡敳敟捸牧畯獰⤨ഺ †簠†䘠汩⁥䌢尺獕牥屳整档屡灁䑰瑡屡潌慣屬牐杯慲獭停瑹潨屮祐桴湯ㄳ尲楌屢潣瑮硥汴扩瀮≹‬楬敮ㄠ㠵‬湩张敟楸彴ൟ †簠††猠汥⹦敧⹮桴潲⡷慶畬⥥਍††⁼†楆敬∠㩃啜敳獲瑜捥慨䅜灰慄慴䱜捯污停潲牧浡屳祐桴湯停瑹潨㍮㈱䱜扩獜瑩ⵥ慰正条獥獜慴汲瑥整彜瑵汩⹳祰Ⱒ氠湩⁥㌹‬湩挠汯慬獰彥硥杣潲灵൳ †簠††爠楡敳攠捸਍††⁼†楆敬∠㩃啜敳獲瑜捥慨䅜灰慄慴䱜捯污停潲牧浡屳祐桴湯停瑹潨㍮㈱䱜扩獜瑩ⵥ慰正条獥獜慴汲瑥整浜摩汤睥牡履慢敳瀮≹‬楬敮ㄠㄹ‬湩张损污彬ൟ †簠††爠獥潰獮⁥‽睡楡⁴敳晬搮獩慰捴彨畦据爨煥敵瑳‬慣汬湟硥⥴਍††⁼†††††††帠幞幞幞幞幞幞幞幞幞幞幞幞幞幞幞幞幞幞幞幞幞൞ †簠†䘠汩⁥䌢尺獕牥屳整档屡湏䑥楲敶䑜獥瑫灯獜污獥愠⁩汰瑡牦浯扜捡敫摮慜灰浜摩汤睥牡履敲畱獥彴潣瑮硥⹴祰Ⱒ氠湩⁥㘵‬湩搠獩慰捴൨ †簠††爠楡敳攠਍††⁼†楆敬∠㩃啜敳獲瑜捥慨作敮牄癩履敄歳潴屰慳敬⁳楡瀠慬晴潲屭慢正湥層灡屰業摤敬慷敲牜煥敵瑳损湯整瑸瀮≹‬楬敮㔠ⰰ椠⁮楤灳瑡档਍††⁼††敲灳湯敳㴠愠慷瑩挠污彬敮瑸爨煥敵瑳ഩ †簠††††††††幞幞幞幞幞幞幞幞幞幞幞幞਍††⁼†楆敬∠㩃啜敳獲瑜捥慨䅜灰慄慴䱜捯污停潲牧浡屳祐桴湯停瑹潨㍮㈱䱜扩獜瑩ⵥ慰正条獥獜慴汲瑥整浜摩汤睥牡履慢敳瀮≹‬楬敮ㄠ㔶‬湩挠污彬敮瑸਍††⁼††慲獩⁥灡彰硥ൣ †簠†䘠汩⁥䌢尺獕牥屳整档屡灁䑰瑡屡潌慣屬牐杯慲獭停瑹潨屮祐桴湯ㄳ尲楌屢楳整瀭捡慫敧屳瑳牡敬瑴履業摤敬慷敲扜獡⹥祰Ⱒ氠湩⁥㔱ⰱ椠⁮潣潲਍††⁼††睡楡⁴敳晬愮灰猨潣数‬敲散癩彥牯摟獩潣湮捥ⱴ猠湥彤潮敟牲牯ഩ †簠†䘠汩⁥䌢尺獕牥屳整档屡灁䑰瑡屡潌慣屬牐杯慲獭停瑹潨屮祐桴湯ㄳ尲楌屢楳整瀭捡慫敧屳瑳牡敬瑴履業摤敬慷敲扜獡⹥祰Ⱒ氠湩⁥㠱ⰹ椠⁮彟慣汬彟਍††⁼††楷桴挠汯慬獰彥硥杣潲灵⡳㨩਍††⁼†楆敬∠㩃啜敳獲瑜捥慨䅜灰慄慴䱜捯污停潲牧浡屳祐桴湯停瑹潨㍮㈱䱜扩捜湯整瑸楬⹢祰Ⱒ氠湩⁥㔱ⰸ椠⁮彟硥瑩彟਍††⁼††敳晬朮湥琮牨睯瘨污敵ഩ †簠†䘠汩⁥䌢尺獕牥屳整档屡灁䑰瑡屡潌慣屬牐杯慲獭停瑹潨屮祐桴湯ㄳ尲楌屢楳整瀭捡慫敧屳瑳牡敬瑴履畟楴獬瀮≹‬楬敮㤠ⰳ椠⁮潣汬灡敳敟捸牧畯獰਍††⁼††慲獩⁥硥ൣ †簠†䘠汩⁥䌢尺獕牥屳整档屡灁䑰瑡屡潌慣屬牐杯慲獭停瑹潨屮祐桴湯ㄳ尲楌屢楳整瀭捡慫敧屳瑳牡敬瑴履業摤敬慷敲扜獡⹥祰Ⱒ氠湩⁥㤱ⰱ椠⁮彟慣汬彟਍††⁼††敲灳湯敳㴠愠慷瑩猠汥⹦楤灳瑡档晟湵⡣敲畱獥ⱴ挠污彬敮瑸ഩ †簠††††††††幞幞幞幞幞幞幞幞幞幞幞幞幞幞幞幞幞幞幞幞幞幞਍††⁼†楆敬∠㩃啜敳獲瑜捥慨作敮牄癩履敄歳潴屰慳敬⁳楡瀠慬晴潲屭慢正湥層灡屰業摤敬慷敲獜捥牵瑩⹹祰Ⱒ氠湩⁥㌲ⰱ椠⁮楤灳瑡档਍††⁼††敲灳湯敳㴠愠慷瑩挠污彬敮瑸爨煥敵瑳ഩ †簠††††††††幞幞幞幞幞幞幞幞幞幞幞幞਍††⁼†楆敬∠㩃啜敳獲瑜捥慨䅜灰慄慴䱜捯污停潲牧浡屳祐桴湯停瑹潨㍮㈱䱜扩獜瑩ⵥ慰正条獥獜慴汲瑥整浜摩汤睥牡履慢敳瀮≹‬楬敮ㄠ㔶‬湩挠污彬敮瑸਍††⁼††慲獩⁥灡彰硥ൣ †簠†䘠汩⁥䌢尺獕牥屳整档屡灁䑰瑡屡潌慣屬牐杯慲獭停瑹潨屮祐桴湯ㄳ尲楌屢楳整瀭捡慫敧屳瑳牡敬瑴履業摤敬慷敲扜獡⹥祰Ⱒ氠湩⁥㔱ⰱ椠⁮潣潲਍††⁼††睡楡⁴敳晬愮灰猨潣数‬敲散癩彥牯摟獩潣湮捥ⱴ猠湥彤潮敟牲牯ഩ †簠†䘠汩⁥䌢尺獕牥屳整档屡灁䑰瑡屡潌慣屬牐杯慲獭停瑹潨屮祐桴湯ㄳ尲楌屢楳整瀭捡慫敧屳瑳牡敬瑴履業摤敬慷敲扜獡⹥祰Ⱒ氠湩⁥㠱ⰹ椠⁮彟慣汬彟਍††⁼††楷桴挠汯慬獰彥硥杣潲灵⡳㨩਍††⁼†楆敬∠㩃啜敳獲瑜捥慨䅜灰慄慴䱜捯污停潲牧浡屳祐桴湯停瑹潨㍮㈱䱜扩捜湯整瑸楬⹢祰Ⱒ氠湩⁥㔱ⰸ椠⁮彟硥瑩彟਍††⁼††敳晬朮湥琮牨睯瘨污敵ഩ †簠†䘠汩⁥䌢尺獕牥屳整档屡灁䑰瑡屡潌慣屬牐杯慲獭停瑹潨屮祐桴湯ㄳ尲楌屢楳整瀭捡慫敧屳瑳牡敬瑴履畟楴獬瀮≹‬楬敮㤠ⰳ椠⁮潣汬灡敳敟捸牧畯獰਍††⁼††慲獩⁥硥ൣ †簠†䘠汩⁥䌢尺獕牥屳整档屡灁䑰瑡屡潌慣屬牐杯慲獭停瑹潨屮祐桴湯ㄳ尲楌屢楳整瀭捡慫敧屳瑳牡敬瑴履業摤敬慷敲扜獡⹥祰Ⱒ氠湩⁥㤱ⰱ椠⁮彟慣汬彟਍††⁼††敲灳湯敳㴠愠慷瑩猠汥⹦楤灳瑡档晟湵⡣敲畱獥ⱴ挠污彬敮瑸ഩ †簠††††††††幞幞幞幞幞幞幞幞幞幞幞幞幞幞幞幞幞幞幞幞幞幞਍††⁼†楆敬∠㩃啜敳獲瑜捥慨作敮牄癩履敄歳潴屰慳敬⁳楡瀠慬晴潲屭慢正湥層灡屰業摤敬慷敲獜捥牵瑩⹹祰Ⱒ氠湩⁥ㄲⰱ椠⁮楤灳瑡档਍††⁼††慲獩⁥呈偔硅散瑰潩⡮਍††⁼慦瑳灡⹩硥散瑰潩獮䠮呔䕐捸灥楴湯›㈴㨹吠潯洠湡⁹敲畱獥獴‮慍楸畭⁭〶爠煥敵瑳⁳数⁲業畮整愠汬睯摥മ †⬠ⴭⴭⴭⴭⴭⴭⴭⴭⴭⴭⴭⴭⴭⴭⴭⴭⴭⴭ਍਍畄楲杮栠湡汤湩⁧景琠敨愠潢敶攠捸灥楴湯‬湡瑯敨⁲硥散瑰潩⁮捯畣牲摥ഺഊ吊慲散慢正⠠潭瑳爠捥湥⁴慣汬氠獡⥴ഺ 䘠汩⁥䌢尺獕牥屳整档屡灁䑰瑡屡潌慣屬牐杯慲獭停瑹潨屮祐桴湯ㄳ尲楌屢楳整瀭捡慫敧屳瑳牡敬瑴履業摤敬慷敲敜牲牯⹳祰Ⱒ氠湩⁥㘱ⰴ椠⁮彟慣汬彟਍††睡楡⁴敳晬愮灰猨潣数‬敲散癩ⱥ张敳摮ഩ 䘠汩⁥䌢尺獕牥屳整档屡灁䑰瑡屡潌慣屬牐杯慲獭停瑹潨屮祐桴湯ㄳ尲楌屢楳整瀭捡慫敧屳瑳牡敬瑴履業摤敬慷敲扜獡⹥祰Ⱒ氠湩⁥㠱ⰹ椠⁮彟慣汬彟਍††楷桴挠汯慬獰彥硥杣潲灵⡳㨩਍†楆敬∠㩃啜敳獲瑜捥慨䅜灰慄慴䱜捯污停潲牧浡屳祐桴湯停瑹潨㍮㈱䱜扩捜湯整瑸楬⹢祰Ⱒ氠湩⁥㔱ⰸ椠⁮彟硥瑩彟਍††敳晬朮湥琮牨睯瘨污敵ഩ 䘠汩⁥䌢尺獕牥屳整档屡灁䑰瑡屡潌慣屬牐杯慲獭停瑹潨屮祐桴湯ㄳ尲楌屢楳整瀭捡慫敧屳瑳牡敬瑴履畟楴獬瀮≹‬楬敮㤠ⰳ椠⁮潣汬灡敳敟捸牧畯獰਍††慲獩⁥硥ൣ 䘠汩⁥䌢尺獕牥屳整档屡灁䑰瑡屡潌慣屬牐杯慲獭停瑹潨屮祐桴湯ㄳ尲楌屢楳整瀭捡慫敧屳瑳牡敬瑴履業摤敬慷敲扜獡⹥祰Ⱒ氠湩⁥㤱ⰱ椠⁮彟慣汬彟਍††敲灳湯敳㴠愠慷瑩猠汥⹦楤灳瑡档晟湵⡣敲畱獥ⱴ挠污彬敮瑸ഩ †††††††幞幞幞幞幞幞幞幞幞幞幞幞幞幞幞幞幞幞幞幞幞幞਍†楆敬∠㩃啜敳獲瑜捥慨作敮牄癩履敄歳潴屰慳敬⁳楡瀠慬晴潲屭慢正湥層灡屰業摤敬慷敲牜煥敵瑳损湯整瑸瀮≹‬楬敮㔠ⰶ椠⁮楤灳瑡档਍††慲獩⁥൥ 䘠汩⁥䌢尺獕牥屳整档屡湏䑥楲敶䑜獥瑫灯獜污獥愠⁩汰瑡牦浯扜捡敫摮慜灰浜摩汤睥牡履敲畱獥彴潣瑮硥⹴祰Ⱒ氠湩⁥〵‬湩搠獩慰捴൨ †爠獥潰獮⁥‽睡楡⁴慣汬湟硥⡴敲畱獥⥴਍†††††††帠幞幞幞幞幞幞幞幞幞幞幞൞ 䘠汩⁥䌢尺獕牥屳整档屡灁䑰瑡屡潌慣屬牐杯慲獭停瑹潨屮祐桴湯ㄳ尲楌屢楳整瀭捡慫敧屳瑳牡敬瑴履業摤敬慷敲扜獡⹥祰Ⱒ氠湩⁥㘱ⰵ椠⁮慣汬湟硥൴ †爠楡敳愠灰敟捸਍†楆敬∠㩃啜敳獲瑜捥慨䅜灰慄慴䱜捯污停潲牧浡屳祐桴湯停瑹潨㍮㈱䱜扩獜瑩ⵥ慰正条獥獜慴汲瑥整浜摩汤睥牡履慢敳瀮≹‬楬敮ㄠㄵ‬湩挠牯൯ †愠慷瑩猠汥⹦灡⡰捳灯ⱥ爠捥楥敶潟彲楤捳湯敮瑣‬敳摮湟彯牥潲⥲਍†楆敬∠㩃啜敳獲瑜捥慨䅜灰慄慴䱜捯污停潲牧浡屳祐桴湯停瑹潨㍮㈱䱜扩獜瑩ⵥ慰正条獥獜慴汲瑥整浜摩汤睥牡履慢敳瀮≹‬楬敮ㄠ㤸‬湩张损污彬ൟ †眠瑩⁨潣汬灡敳敟捸牧畯獰⤨ഺ 䘠汩⁥䌢尺獕牥屳整档屡灁䑰瑡屡潌慣屬牐杯慲獭停瑹潨屮祐桴湯ㄳ尲楌屢潣瑮硥汴扩瀮≹‬楬敮ㄠ㠵‬湩张敟楸彴ൟ †猠汥⹦敧⹮桴潲⡷慶畬⥥਍†楆敬∠㩃啜敳獲瑜捥慨䅜灰慄慴䱜捯污停潲牧浡屳祐桴湯停瑹潨㍮㈱䱜扩獜瑩ⵥ慰正条獥獜慴汲瑥整彜瑵汩⹳祰Ⱒ氠湩⁥㌹‬湩挠汯慬獰彥硥杣潲灵൳ †爠楡敳攠捸਍†楆敬∠㩃啜敳獲瑜捥慨䅜灰慄慴䱜捯污停潲牧浡屳祐桴湯停瑹潨㍮㈱䱜扩獜瑩ⵥ慰正条獥獜慴汲瑥整浜摩汤睥牡履慢敳瀮≹‬楬敮ㄠㄹ‬湩张损污彬ൟ †爠獥潰獮⁥‽睡楡⁴敳晬搮獩慰捴彨畦据爨煥敵瑳‬慣汬湟硥⥴਍†††††††帠幞幞幞幞幞幞幞幞幞幞幞幞幞幞幞幞幞幞幞幞幞൞ 䘠汩⁥䌢尺獕牥屳整档屡湏䑥楲敶䑜獥瑫灯獜污獥愠⁩汰瑡牦浯扜捡敫摮慜灰浜摩汤睥牡履敳畣楲祴瀮≹‬楬敮㈠ㄳ‬湩搠獩慰捴൨ †爠獥潰獮⁥‽睡楡⁴慣汬湟硥⡴敲畱獥⥴਍†††††††帠幞幞幞幞幞幞幞幞幞幞幞൞ 䘠汩⁥䌢尺獕牥屳整档屡灁䑰瑡屡潌慣屬牐杯慲獭停瑹潨屮祐桴湯ㄳ尲楌屢楳整瀭捡慫敧屳瑳牡敬瑴履業摤敬慷敲扜獡⹥祰Ⱒ氠湩⁥㘱ⰵ椠⁮慣汬湟硥൴ †爠楡敳愠灰敟捸਍†楆敬∠㩃啜敳獲瑜捥慨䅜灰慄慴䱜捯污停潲牧浡屳祐桴湯停瑹潨㍮㈱䱜扩獜瑩ⵥ慰正条獥獜慴汲瑥整浜摩汤睥牡履慢敳瀮≹‬楬敮ㄠㄵ‬湩挠牯൯ †愠慷瑩猠汥⹦灡⡰捳灯ⱥ爠捥楥敶潟彲楤捳湯敮瑣‬敳摮湟彯牥潲⥲਍†楆敬∠㩃啜敳獲瑜捥慨䅜灰慄慴䱜捯污停潲牧浡屳祐桴湯停瑹潨㍮㈱䱜扩獜瑩ⵥ慰正条獥獜慴汲瑥整浜摩汤睥牡履慢敳瀮≹‬楬敮ㄠ㤸‬湩张损污彬ൟ †眠瑩⁨潣汬灡敳敟捸牧畯獰⤨ഺ 䘠汩⁥䌢尺獕牥屳整档屡灁䑰瑡屡潌慣屬牐杯慲獭停瑹潨屮祐桴湯ㄳ尲楌屢潣瑮硥汴扩瀮≹‬楬敮ㄠ㠵‬湩张敟楸彴ൟ †猠汥⹦敧⹮桴潲⡷慶畬⥥਍†楆敬∠㩃啜敳獲瑜捥慨䅜灰慄慴䱜捯污停潲牧浡屳祐桴湯停瑹潨㍮㈱䱜扩獜瑩ⵥ慰正条獥獜慴汲瑥整彜瑵汩⹳祰Ⱒ氠湩⁥㌹‬湩挠汯慬獰彥硥杣潲灵൳ †爠楡敳攠捸਍†楆敬∠㩃啜敳獲瑜捥慨䅜灰慄慴䱜捯污停潲牧浡屳祐桴湯停瑹潨㍮㈱䱜扩獜瑩ⵥ慰正条獥獜慴汲瑥整浜摩汤睥牡履慢敳瀮≹‬楬敮ㄠㄹ‬湩张损污彬ൟ †爠獥潰獮⁥‽睡楡⁴敳晬搮獩慰捴彨畦据爨煥敵瑳‬慣汬湟硥⥴਍†††††††帠幞幞幞幞幞幞幞幞幞幞幞幞幞幞幞幞幞幞幞幞幞൞ 䘠汩⁥䌢尺獕牥屳整档屡湏䑥楲敶䑜獥瑫灯獜污獥愠⁩汰瑡牦浯扜捡敫摮慜灰浜摩汤睥牡履敳畣楲祴瀮≹‬楬敮㈠ㄱ‬湩搠獩慰捴൨ †爠楡敳䠠呔䕐捸灥楴湯ന昊獡慴楰攮捸灥楴湯⹳呈偔硅散瑰潩㩮㐠㤲›潔⁯慭祮爠煥敵瑳⹳䴠硡浩浵㘠‰敲畱獥獴瀠牥洠湩瑵⁥污潬敷⹤਍਍㉛㈰ⴶ㌰㈭‹㄰㌺㨶㜱㔮㐸㔰崶嬠䑉㠺㐵晣摡ⴵ㈰㘰㐭㡤ⴸ㈹㑥㤭㝤㈴戲㠳〵崰䔠剒›㈴㨹吠潯洠湡⁹敲畱獥獴‮慍楸畭⁭〶爠煥敵瑳⁳数⁲業畮整愠汬睯摥മ ⬠䔠捸灥楴湯䜠潲灵吠慲散慢正⠠潭瑳爠捥湥⁴慣汬氠獡⥴ഺ 簠†䘠汩⁥䌢尺獕牥屳整档屡灁䑰瑡屡潌慣屬牐杯慲獭停瑹潨屮祐桴湯ㄳ尲楌屢楳整瀭捡慫敧屳瑳牡敬瑴履畟楴獬瀮≹‬楬敮㠠ⰷ椠⁮潣汬灡敳敟捸牧畯獰਍†⁼††楹汥൤ 簠†䘠汩⁥䌢尺獕牥屳整档屡灁䑰瑡屡潌慣屬牐杯慲獭停瑹潨屮祐桴湯ㄳ尲楌屢楳整瀭捡慫敧屳瑳牡敬瑴履業摤敬慷敲扜獡⹥祰Ⱒ氠湩⁥㤱ⰰ椠⁮彟慣汬彟਍†⁼††獡湹⁣楷桴愠祮潩挮敲瑡彥慴歳束潲灵⤨愠⁳慴歳束潲灵ഺ 簠†䘠汩⁥䌢尺獕牥屳整档屡灁䑰瑡屡潌慣屬牐杯慲獭停瑹潨屮祐桴湯ㄳ尲楌屢楳整瀭捡慫敧屳湡楹屯扟捡敫摮屳慟祳据潩瀮≹‬楬敮㘠㠷‬湩张慟硥瑩彟਍†⁼††慲獩⁥慂敳硅散瑰潩䝮潲灵ന 簠䔠捸灥楴湯片畯㩰甠桮湡汤摥攠牲牯⁳湩愠吠獡䝫潲灵⠠‱畳ⵢ硥散瑰潩⥮਍†⴫⴫ⴭⴭⴭⴭⴭⴭⴭ‭‱ⴭⴭⴭⴭⴭⴭⴭⴭ਍††⁼牔捡扥捡⁫洨獯⁴敲散瑮挠污⁬慬瑳㨩਍††⁼†楆敬∠㩃啜敳獲瑜捥慨䅜灰慄慴䱜捯污停潲牧浡屳祐桴湯停瑹潨㍮㈱䱜扩獜瑩ⵥ慰正条獥獜慴汲瑥整浜摩汤睥牡履牥潲獲瀮≹‬楬敮ㄠ㐶‬湩张损污彬ൟ †簠††愠慷瑩猠汥⹦灡⡰捳灯ⱥ爠捥楥敶‬獟湥⥤਍††⁼†楆敬∠㩃啜敳獲瑜捥慨䅜灰慄慴䱜捯污停潲牧浡屳祐桴湯停瑹潨㍮㈱䱜扩獜瑩ⵥ慰正条獥獜慴汲瑥整浜摩汤睥牡履慢敳瀮≹‬楬敮ㄠ㤸‬湩张损污彬ൟ †簠††眠瑩⁨潣汬灡敳敟捸牧畯獰⤨ഺ †簠†䘠汩⁥䌢尺獕牥屳整档屡灁䑰瑡屡潌慣屬牐杯慲獭停瑹潨屮祐桴湯ㄳ尲楌屢潣瑮硥汴扩瀮≹‬楬敮ㄠ㠵‬湩张敟楸彴ൟ †簠††猠汥⹦敧⹮桴潲⡷慶畬⥥਍††⁼†楆敬∠㩃啜敳獲瑜捥慨䅜灰慄慴䱜捯污停潲牧浡屳祐桴湯停瑹潨㍮㈱䱜扩獜瑩ⵥ慰正条獥獜慴汲瑥整彜瑵汩⹳祰Ⱒ氠湩⁥㌹‬湩挠汯慬獰彥硥杣潲灵൳ †簠††爠楡敳攠捸਍††⁼†楆敬∠㩃啜敳獲瑜捥慨䅜灰慄慴䱜捯污停潲牧浡屳祐桴湯停瑹潨㍮㈱䱜扩獜瑩ⵥ慰正条獥獜慴汲瑥整浜摩汤睥牡履慢敳瀮≹‬楬敮ㄠㄹ‬湩张损污彬ൟ †簠††爠獥潰獮⁥‽睡楡⁴敳晬搮獩慰捴彨畦据爨煥敵瑳‬慣汬湟硥⥴਍††⁼†††††††帠幞幞幞幞幞幞幞幞幞幞幞幞幞幞幞幞幞幞幞幞幞൞ †簠†䘠汩⁥䌢尺獕牥屳整档屡湏䑥楲敶䑜獥瑫灯獜污獥愠⁩汰瑡牦浯扜捡敫摮慜灰浜摩汤睥牡履敲畱獥彴潣瑮硥⹴祰Ⱒ氠湩⁥㘵‬湩搠獩慰捴൨ †簠††爠楡敳攠਍††⁼†楆敬∠㩃啜敳獲瑜捥慨作敮牄癩履敄歳潴屰慳敬⁳楡瀠慬晴潲屭慢正湥層灡屰業摤敬慷敲牜煥敵瑳损湯整瑸瀮≹‬楬敮㔠ⰰ椠⁮楤灳瑡档਍††⁼††敲灳湯敳㴠愠慷瑩挠污彬敮瑸爨煥敵瑳ഩ †簠††††††††幞幞幞幞幞幞幞幞幞幞幞幞਍††⁼†楆敬∠㩃啜敳獲瑜捥慨䅜灰慄慴䱜捯污停潲牧浡屳祐桴湯停瑹潨㍮㈱䱜扩獜瑩ⵥ慰正条獥獜慴汲瑥整浜摩汤睥牡履慢敳瀮≹‬楬敮ㄠ㔶‬湩挠污彬敮瑸਍††⁼††慲獩⁥灡彰硥ൣ †簠†䘠汩⁥䌢尺獕牥屳整档屡灁䑰瑡屡潌慣屬牐杯慲獭停瑹潨屮祐桴湯ㄳ尲楌屢楳整瀭捡慫敧屳瑳牡敬瑴履業摤敬慷敲扜獡⹥祰Ⱒ氠湩⁥㔱ⰱ椠⁮潣潲਍††⁼††睡楡⁴敳晬愮灰猨潣数‬敲散癩彥牯摟獩潣湮捥ⱴ猠湥彤潮敟牲牯ഩ †簠†䘠汩⁥䌢尺獕牥屳整档屡灁䑰瑡屡潌慣屬牐杯慲獭停瑹潨屮祐桴湯ㄳ尲楌屢楳整瀭捡慫敧屳瑳牡敬瑴履業摤敬慷敲扜獡⹥祰Ⱒ氠湩⁥㠱ⰹ椠⁮彟慣汬彟਍††⁼††楷桴挠汯慬獰彥硥杣潲灵⡳㨩਍††⁼†楆敬∠㩃啜敳獲瑜捥慨䅜灰慄慴䱜捯污停潲牧浡屳祐桴湯停瑹潨㍮㈱䱜扩捜湯整瑸楬⹢祰Ⱒ氠湩⁥㔱ⰸ椠⁮彟硥瑩彟਍††⁼††敳晬朮湥琮牨睯瘨污敵ഩ †簠†䘠汩⁥䌢尺獕牥屳整档屡灁䑰瑡屡潌慣屬牐杯慲獭停瑹潨屮祐桴湯ㄳ尲楌屢楳整瀭捡慫敧屳瑳牡敬瑴履畟楴獬瀮≹‬楬敮㤠ⰳ椠⁮潣汬灡敳敟捸牧畯獰਍††⁼††慲獩⁥硥ൣ †簠†䘠汩⁥䌢尺獕牥屳整档屡灁䑰瑡屡潌慣屬牐杯慲獭停瑹潨屮祐桴湯ㄳ尲楌屢楳整瀭捡慫敧屳瑳牡敬瑴履業摤敬慷敲扜獡⹥祰Ⱒ氠湩⁥㤱ⰱ椠⁮彟慣汬彟਍††⁼††敲灳湯敳㴠愠慷瑩猠汥⹦楤灳瑡档晟湵⡣敲畱獥ⱴ挠污彬敮瑸ഩ †簠††††††††幞幞幞幞幞幞幞幞幞幞幞幞幞幞幞幞幞幞幞幞幞幞਍††⁼†楆敬∠㩃啜敳獲瑜捥慨作敮牄癩履敄歳潴屰慳敬⁳楡瀠慬晴潲屭慢正湥層灡屰業摤敬慷敲獜捥牵瑩⹹祰Ⱒ氠湩⁥㌲ⰱ椠⁮楤灳瑡档਍††⁼††敲灳湯敳㴠愠慷瑩挠污彬敮瑸爨煥敵瑳ഩ †簠††††††††幞幞幞幞幞幞幞幞幞幞幞幞਍††⁼†楆敬∠㩃啜敳獲瑜捥慨䅜灰慄慴䱜捯污停潲牧浡屳祐桴湯停瑹潨㍮㈱䱜扩獜瑩ⵥ慰正条獥獜慴汲瑥整浜摩汤睥牡履慢敳瀮≹‬楬敮ㄠ㔶‬湩挠污彬敮瑸਍††⁼††慲獩⁥灡彰硥ൣ †簠†䘠汩⁥䌢尺獕牥屳整档屡灁䑰瑡屡潌慣屬牐杯慲獭停瑹潨屮祐桴湯ㄳ尲楌屢楳整瀭捡慫敧屳瑳牡敬瑴履業摤敬慷敲扜獡⹥祰Ⱒ氠湩⁥㔱ⰱ椠⁮潣潲਍††⁼††睡楡⁴敳晬愮灰猨潣数‬敲散癩彥牯摟獩潣湮捥ⱴ猠湥彤潮敟牲牯ഩ †簠†䘠汩⁥䌢尺獕牥屳整档屡灁䑰瑡屡潌慣屬牐杯慲獭停瑹潨屮祐桴湯ㄳ尲楌屢楳整瀭捡慫敧屳瑳牡敬瑴履業摤敬慷敲扜獡⹥祰Ⱒ氠湩⁥㠱ⰹ椠⁮彟慣汬彟਍††⁼††楷桴挠汯慬獰彥硥杣潲灵⡳㨩਍††⁼†楆敬∠㩃啜敳獲瑜捥慨䅜灰慄慴䱜捯污停潲牧浡屳祐桴湯停瑹潨㍮㈱䱜扩捜湯整瑸楬⹢祰Ⱒ氠湩⁥㔱ⰸ椠⁮彟硥瑩彟਍††⁼††敳晬朮湥琮牨睯瘨污敵ഩ †簠†䘠汩⁥䌢尺獕牥屳整档屡灁䑰瑡屡潌慣屬牐杯慲獭停瑹潨屮祐桴湯ㄳ尲楌屢楳整瀭捡慫敧屳瑳牡敬瑴履畟楴獬瀮≹‬楬敮㤠ⰳ椠⁮潣汬灡敳敟捸牧畯獰਍††⁼††慲獩⁥硥ൣ †簠†䘠汩⁥䌢尺獕牥屳整档屡灁䑰瑡屡潌慣屬牐杯慲獭停瑹潨屮祐桴湯ㄳ尲楌屢楳整瀭捡慫敧屳瑳牡敬瑴履業摤敬慷敲扜獡⹥祰Ⱒ氠湩⁥㤱ⰱ椠⁮彟慣汬彟਍††⁼††敲灳湯敳㴠愠慷瑩猠汥⹦楤灳瑡档晟湵⡣敲畱獥ⱴ挠污彬敮瑸ഩ †簠††††††††幞幞幞幞幞幞幞幞幞幞幞幞幞幞幞幞幞幞幞幞幞幞਍††⁼†楆敬∠㩃啜敳獲瑜捥慨作敮牄癩履敄歳潴屰慳敬⁳楡瀠慬晴潲屭慢正湥層灡屰業摤敬慷敲獜捥牵瑩⹹祰Ⱒ氠湩⁥ㄲⰱ椠⁮楤灳瑡档਍††⁼††慲獩⁥呈偔硅散瑰潩⡮਍††⁼慦瑳灡⹩硥散瑰潩獮䠮呔䕐捸灥楴湯›㈴㨹吠潯洠湡⁹敲畱獥獴‮慍楸畭⁭〶爠煥敵瑳⁳数⁲業畮整愠汬睯摥മ †⬠ⴭⴭⴭⴭⴭⴭⴭⴭⴭⴭⴭⴭⴭⴭⴭⴭⴭⴭ਍਍畄楲杮栠湡汤湩⁧景琠敨愠潢敶攠捸灥楴湯‬湡瑯敨⁲硥散瑰潩⁮捯畣牲摥ഺഊ吊慲散慢正⠠潭瑳爠捥湥⁴慣汬氠獡⥴ഺ 䘠汩⁥䌢尺獕牥屳整档屡灁䑰瑡屡潌慣屬牐杯慲獭停瑹潨屮祐桴湯ㄳ尲楌屢楳整瀭捡慫敧屳瑳牡敬瑴履業摤敬慷敲敜牲牯⹳祰Ⱒ氠湩⁥㘱ⰴ椠⁮彟慣汬彟਍††睡楡⁴敳晬愮灰猨潣数‬敲散癩ⱥ张敳摮ഩ 䘠汩⁥䌢尺獕牥屳整档屡灁䑰瑡屡潌慣屬牐杯慲獭停瑹潨屮祐桴湯ㄳ尲楌屢楳整瀭捡慫敧屳瑳牡敬瑴履業摤敬慷敲扜獡⹥祰Ⱒ氠湩⁥㠱ⰹ椠⁮彟慣汬彟਍††楷桴挠汯慬獰彥硥杣潲灵⡳㨩਍†楆敬∠㩃啜敳獲瑜捥慨䅜灰慄慴䱜捯污停潲牧浡屳祐桴湯停瑹潨㍮㈱䱜扩捜湯整瑸楬⹢祰Ⱒ氠湩⁥㔱ⰸ椠⁮彟硥瑩彟਍††敳晬朮湥琮牨睯瘨污敵ഩ 䘠汩⁥䌢尺獕牥屳整档屡灁䑰瑡屡潌慣屬牐杯慲獭停瑹潨屮祐桴湯ㄳ尲楌屢楳整瀭捡慫敧屳瑳牡敬瑴履畟楴獬瀮≹‬楬敮㤠ⰳ椠⁮潣汬灡敳敟捸牧畯獰਍††慲獩⁥硥ൣ 䘠汩⁥䌢尺獕牥屳整档屡灁䑰瑡屡潌慣屬牐杯慲獭停瑹潨屮祐桴湯ㄳ尲楌屢楳整瀭捡慫敧屳瑳牡敬瑴履業摤敬慷敲扜獡⹥祰Ⱒ氠湩⁥㤱ⰱ椠⁮彟慣汬彟਍††敲灳湯敳㴠愠慷瑩猠汥⹦楤灳瑡档晟湵⡣敲畱獥ⱴ挠污彬敮瑸ഩ †††††††幞幞幞幞幞幞幞幞幞幞幞幞幞幞幞幞幞幞幞幞幞幞਍†楆敬∠㩃啜敳獲瑜捥慨作敮牄癩履敄歳潴屰慳敬⁳楡瀠慬晴潲屭慢正湥層灡屰業摤敬慷敲牜煥敵瑳损湯整瑸瀮≹‬楬敮㔠ⰶ椠⁮楤灳瑡档਍††慲獩⁥൥ 䘠汩⁥䌢尺獕牥屳整档屡湏䑥楲敶䑜獥瑫灯獜污獥愠⁩汰瑡牦浯扜捡敫摮慜灰浜摩汤睥牡履敲畱獥彴潣瑮硥⹴祰Ⱒ氠湩⁥〵‬湩搠獩慰捴൨ †爠獥潰獮⁥‽睡楡⁴慣汬湟硥⡴敲畱獥⥴਍†††††††帠幞幞幞幞幞幞幞幞幞幞幞൞ 䘠汩⁥䌢尺獕牥屳整档屡灁䑰瑡屡潌慣屬牐杯慲獭停瑹潨屮祐桴湯ㄳ尲楌屢楳整瀭捡慫敧屳瑳牡敬瑴履業摤敬慷敲扜獡⹥祰Ⱒ氠湩⁥㘱ⰵ椠⁮慣汬湟硥൴ †爠楡敳愠灰敟捸਍†楆敬∠㩃啜敳獲瑜捥慨䅜灰慄慴䱜捯污停潲牧浡屳祐桴湯停瑹潨㍮㈱䱜扩獜瑩ⵥ慰正条獥獜慴汲瑥整浜摩汤睥牡履慢敳瀮≹‬楬敮ㄠㄵ‬湩挠牯൯ †愠慷瑩猠汥⹦灡⡰捳灯ⱥ爠捥楥敶潟彲楤捳湯敮瑣‬敳摮湟彯牥潲⥲਍†楆敬∠㩃啜敳獲瑜捥慨䅜灰慄慴䱜捯污停潲牧浡屳祐桴湯停瑹潨㍮㈱䱜扩獜瑩ⵥ慰正条獥獜慴汲瑥整浜摩汤睥牡履慢敳瀮≹‬楬敮ㄠ㤸‬湩张损污彬ൟ †眠瑩⁨潣汬灡敳敟捸牧畯獰⤨ഺ 䘠汩⁥䌢尺獕牥屳整档屡灁䑰瑡屡潌慣屬牐杯慲獭停瑹潨屮祐桴湯ㄳ尲楌屢潣瑮硥汴扩瀮≹‬楬敮ㄠ㠵‬湩张敟楸彴ൟ †猠汥⹦敧⹮桴潲⡷慶畬⥥਍†楆敬∠㩃啜敳獲瑜捥慨䅜灰慄慴䱜捯污停潲牧浡屳祐桴湯停瑹潨㍮㈱䱜扩獜瑩ⵥ慰正条獥獜慴汲瑥整彜瑵汩⹳祰Ⱒ氠湩⁥㌹‬湩挠汯慬獰彥硥杣潲灵൳ †爠楡敳攠捸਍†楆敬∠㩃啜敳獲瑜捥慨䅜灰慄慴䱜捯污停潲牧浡屳祐桴湯停瑹潨㍮㈱䱜扩獜瑩ⵥ慰正条獥獜慴汲瑥整浜摩汤睥牡履慢敳瀮≹‬楬敮ㄠㄹ‬湩张损污彬ൟ †爠獥潰獮⁥‽睡楡⁴敳晬搮獩慰捴彨畦据爨煥敵瑳‬慣汬湟硥⥴਍†††††††帠幞幞幞幞幞幞幞幞幞幞幞幞幞幞幞幞幞幞幞幞幞൞ 䘠汩⁥䌢尺獕牥屳整档屡湏䑥楲敶䑜獥瑫灯獜污獥愠⁩汰瑡牦浯扜捡敫摮慜灰浜摩汤睥牡履敳畣楲祴瀮≹‬楬敮㈠ㄳ‬湩搠獩慰捴൨ †爠獥潰獮⁥‽睡楡⁴慣汬湟硥⡴敲畱獥⥴਍†††††††帠幞幞幞幞幞幞幞幞幞幞幞൞ 䘠汩⁥䌢尺獕牥屳整档屡灁䑰瑡屡潌慣屬牐杯慲獭停瑹潨屮祐桴湯ㄳ尲楌屢楳整瀭捡慫敧屳瑳牡敬瑴履業摤敬慷敲扜獡⹥祰Ⱒ氠湩⁥㘱ⰵ椠⁮慣汬湟硥൴ †爠楡敳愠灰敟捸਍†楆敬∠㩃啜敳獲瑜捥慨䅜灰慄慴䱜捯污停潲牧浡屳祐桴湯停瑹潨㍮㈱䱜扩獜瑩ⵥ慰正条獥獜慴汲瑥整浜摩汤睥牡履慢敳瀮≹‬楬敮ㄠㄵ‬湩挠牯൯ †愠慷瑩猠汥⹦灡⡰捳灯ⱥ爠捥楥敶潟彲楤捳湯敮瑣‬敳摮湟彯牥潲⥲਍†楆敬∠㩃啜敳獲瑜捥慨䅜灰慄慴䱜捯污停潲牧浡屳祐桴湯停瑹潨㍮㈱䱜扩獜瑩ⵥ慰正条獥獜慴汲瑥整浜摩汤睥牡履慢敳瀮≹‬楬敮ㄠ㤸‬湩张损污彬ൟ †眠瑩⁨潣汬灡敳敟捸牧畯獰⤨ഺ 䘠汩⁥䌢尺獕牥屳整档屡灁䑰瑡屡潌慣屬牐杯慲獭停瑹潨屮祐桴湯ㄳ尲楌屢潣瑮硥汴扩瀮≹‬楬敮ㄠ㠵‬湩张敟楸彴ൟ †猠汥⹦敧⹮桴潲⡷慶畬⥥਍†楆敬∠㩃啜敳獲瑜捥慨䅜灰慄慴䱜捯污停潲牧浡屳祐桴湯停瑹潨㍮㈱䱜扩獜瑩ⵥ慰正条獥獜慴汲瑥整彜瑵汩⹳祰Ⱒ氠湩⁥㌹‬湩挠汯慬獰彥硥杣潲灵൳ †爠楡敳攠捸਍†楆敬∠㩃啜敳獲瑜捥慨䅜灰慄慴䱜捯污停潲牧浡屳祐桴湯停瑹潨㍮㈱䱜扩獜瑩ⵥ慰正条獥獜慴汲瑥整浜摩汤睥牡履慢敳瀮≹‬楬敮ㄠㄹ‬湩张损污彬ൟ †爠獥潰獮⁥‽睡楡⁴敳晬搮獩慰捴彨畦据爨煥敵瑳‬慣汬湟硥⥴਍†††††††帠幞幞幞幞幞幞幞幞幞幞幞幞幞幞幞幞幞幞幞幞幞൞ 䘠汩⁥䌢尺獕牥屳整档屡湏䑥楲敶䑜獥瑫灯獜污獥愠⁩汰瑡牦浯扜捡敫摮慜灰浜摩汤睥牡履敳畣楲祴瀮≹‬楬敮㈠ㄱ‬湩搠獩慰捴൨ †爠楡敳䠠呔䕐捸灥楴湯ന昊獡慴楰攮捸灥楴湯⹳呈偔硅散瑰潩㩮㐠㤲›潔⁯慭祮爠煥敵瑳⹳䴠硡浩浵㘠‰敲畱獥獴瀠牥洠湩瑵⁥污潬敷⹤਍਍㉛㈰ⴶ㌰㈭‹㄰㌺㨶㜱㘮㈱㘰崳嬠䑉ㄺㅥ改搳ⵥ攵ㅦ㐭搴ⴹ㍡愱挭㤸〳㈲㔶愴崸䔠剒›㈴㨹吠潯洠湡⁹敲畱獥獴‮慍楸畭⁭〶爠煥敵瑳⁳数⁲業畮整愠汬睯摥മ ⬠䔠捸灥楴湯䜠潲灵吠慲散慢正⠠潭瑳爠捥湥⁴慣汬氠獡⥴ഺ 簠†䘠汩⁥䌢尺獕牥屳整档屡灁䑰瑡屡潌慣屬牐杯慲獭停瑹潨屮祐桴湯ㄳ尲楌屢楳整瀭捡慫敧屳瑳牡敬瑴履畟楴獬瀮≹‬楬敮㠠ⰷ椠⁮潣汬灡敳敟捸牧畯獰਍†⁼††楹汥൤ 簠†䘠汩⁥䌢尺獕牥屳整档屡灁䑰瑡屡潌慣屬牐杯慲獭停瑹潨屮祐桴湯ㄳ尲楌屢楳整瀭捡慫敧屳瑳牡敬瑴履業摤敬慷敲扜獡⹥祰Ⱒ氠湩⁥㤱ⰰ椠⁮彟慣汬彟਍†⁼††獡湹⁣楷桴愠祮潩挮敲瑡彥慴歳束潲灵⤨愠⁳慴歳束潲灵ഺ 簠†䘠汩⁥䌢尺獕牥屳整档屡灁䑰瑡屡潌慣屬牐杯慲獭停瑹潨屮祐桴湯ㄳ尲楌屢楳整瀭捡慫敧屳湡楹屯扟捡敫摮屳慟祳据潩瀮≹‬楬敮㘠㠷‬湩张慟硥瑩彟਍†⁼††慲獩⁥慂敳硅散瑰潩䝮潲灵ന 簠䔠捸灥楴湯片畯㩰甠桮湡汤摥攠牲牯⁳湩愠吠獡䝫潲灵⠠‱畳ⵢ硥散瑰潩⥮਍†⴫⴫ⴭⴭⴭⴭⴭⴭⴭ‭‱ⴭⴭⴭⴭⴭⴭⴭⴭ਍††⁼牔捡扥捡⁫洨獯⁴敲散瑮挠污⁬慬瑳㨩਍††⁼†楆敬∠㩃啜敳獲瑜捥慨䅜灰慄慴䱜捯污停潲牧浡屳祐桴湯停瑹潨㍮㈱䱜扩獜瑩ⵥ慰正条獥獜慴汲瑥整浜摩汤睥牡履牥潲獲瀮≹‬楬敮ㄠ㐶‬湩张损污彬ൟ †簠††愠慷瑩猠汥⹦灡⡰捳灯ⱥ爠捥楥敶‬獟湥⥤਍††⁼†楆敬∠㩃啜敳獲瑜捥慨䅜灰慄慴䱜捯污停潲牧浡屳祐桴湯停瑹潨㍮㈱䱜扩獜瑩ⵥ慰正条獥獜慴汲瑥整浜摩汤睥牡履慢敳瀮≹‬楬敮ㄠ㤸‬湩张损污彬ൟ †簠††眠瑩⁨潣汬灡敳敟捸牧畯獰⤨ഺ †簠†䘠汩⁥䌢尺獕牥屳整档屡灁䑰瑡屡潌慣屬牐杯慲獭停瑹潨屮祐桴湯ㄳ尲楌屢潣瑮硥汴扩瀮≹‬楬敮ㄠ㠵‬湩张敟楸彴ൟ †簠††猠汥⹦敧⹮桴潲⡷慶畬⥥਍††⁼†楆敬∠㩃啜敳獲瑜捥慨䅜灰慄慴䱜捯污停潲牧浡屳祐桴湯停瑹潨㍮㈱䱜扩獜瑩ⵥ慰正条獥獜慴汲瑥整彜瑵汩⹳祰Ⱒ氠湩⁥㌹‬湩挠汯慬獰彥硥杣潲灵൳ †簠††爠楡敳攠捸਍††⁼†楆敬∠㩃啜敳獲瑜捥慨䅜灰慄慴䱜捯污停潲牧浡屳祐桴湯停瑹潨㍮㈱䱜扩獜瑩ⵥ慰正条獥獜慴汲瑥整浜摩汤睥牡履慢敳瀮≹‬楬敮ㄠㄹ‬湩张损污彬ൟ †簠††爠獥潰獮⁥‽睡楡⁴敳晬搮獩慰捴彨畦据爨煥敵瑳‬慣汬湟硥⥴਍††⁼†††††††帠幞幞幞幞幞幞幞幞幞幞幞幞幞幞幞幞幞幞幞幞幞൞ †簠†䘠汩⁥䌢尺獕牥屳整档屡湏䑥楲敶䑜獥瑫灯獜污獥愠⁩汰瑡牦浯扜捡敫摮慜灰浜摩汤睥牡履敲畱獥彴潣瑮硥⹴祰Ⱒ氠湩⁥㘵‬湩搠獩慰捴൨ †簠††爠楡敳攠਍††⁼†楆敬∠㩃啜敳獲瑜捥慨作敮牄癩履敄歳潴屰慳敬⁳楡瀠慬晴潲屭慢正湥層灡屰業摤敬慷敲牜煥敵瑳损湯整瑸瀮≹‬楬敮㔠ⰰ椠⁮楤灳瑡档਍††⁼††敲灳湯敳㴠愠慷瑩挠污彬敮瑸爨煥敵瑳ഩ †簠††††††††幞幞幞幞幞幞幞幞幞幞幞幞਍††⁼†楆敬∠㩃啜敳獲瑜捥慨䅜灰慄慴䱜捯污停潲牧浡屳祐桴湯停瑹潨㍮㈱䱜扩獜瑩ⵥ慰正条獥獜慴汲瑥整浜摩汤睥牡履慢敳瀮≹‬楬敮ㄠ㔶‬湩挠污彬敮瑸਍††⁼††慲獩⁥灡彰硥ൣ †簠†䘠汩⁥䌢尺獕牥屳整档屡灁䑰瑡屡潌慣屬牐杯慲獭停瑹潨屮祐桴湯ㄳ尲楌屢楳整瀭捡慫敧屳瑳牡敬瑴履業摤敬慷敲扜獡⹥祰Ⱒ氠湩⁥㔱ⰱ椠⁮潣潲਍††⁼††睡楡⁴敳晬愮灰猨潣数‬敲散癩彥牯摟獩潣湮捥ⱴ猠湥彤潮敟牲牯ഩ †簠†䘠汩⁥䌢尺獕牥屳整档屡灁䑰瑡屡潌慣屬牐杯慲獭停瑹潨屮祐桴湯ㄳ尲楌屢楳整瀭捡慫敧屳瑳牡敬瑴履業摤敬慷敲扜獡⹥祰Ⱒ氠湩⁥㠱ⰹ椠⁮彟慣汬彟਍††⁼††楷桴挠汯慬獰彥硥杣潲灵⡳㨩਍††⁼†楆敬∠㩃啜敳獲瑜捥慨䅜灰慄慴䱜捯污停潲牧浡屳祐桴湯停瑹潨㍮㈱䱜扩捜湯整瑸楬⹢祰Ⱒ氠湩⁥㔱ⰸ椠⁮彟硥瑩彟਍††⁼††敳晬朮湥琮牨睯瘨污敵ഩ †簠†䘠汩⁥䌢尺獕牥屳整档屡灁䑰瑡屡潌慣屬牐杯慲獭停瑹潨屮祐桴湯ㄳ尲楌屢楳整瀭捡慫敧屳瑳牡敬瑴履畟楴獬瀮≹‬楬敮㤠ⰳ椠⁮潣汬灡敳敟捸牧畯獰਍††⁼††慲獩⁥硥ൣ †簠†䘠汩⁥䌢尺獕牥屳整档屡灁䑰瑡屡潌慣屬牐杯慲獭停瑹潨屮祐桴湯ㄳ尲楌屢楳整瀭捡慫敧屳瑳牡敬瑴履業摤敬慷敲扜獡⹥祰Ⱒ氠湩⁥㤱ⰱ椠⁮彟慣汬彟਍††⁼††敲灳湯敳㴠愠慷瑩猠汥⹦楤灳瑡档晟湵⡣敲畱獥ⱴ挠污彬敮瑸ഩ †簠††††††††幞幞幞幞幞幞幞幞幞幞幞幞幞幞幞幞幞幞幞幞幞幞਍††⁼†楆敬∠㩃啜敳獲瑜捥慨作敮牄癩履敄歳潴屰慳敬⁳楡瀠慬晴潲屭慢正湥層灡屰業摤敬慷敲獜捥牵瑩⹹祰Ⱒ氠湩⁥㌲ⰱ椠⁮楤灳瑡档਍††⁼††敲灳湯敳㴠愠慷瑩挠污彬敮瑸爨煥敵瑳ഩ †簠††††††††幞幞幞幞幞幞幞幞幞幞幞幞਍††⁼†楆敬∠㩃啜敳獲瑜捥慨䅜灰慄慴䱜捯污停潲牧浡屳祐桴湯停瑹潨㍮㈱䱜扩獜瑩ⵥ慰正条獥獜慴汲瑥整浜摩汤睥牡履慢敳瀮≹‬楬敮ㄠ㔶‬湩挠污彬敮瑸਍††⁼††慲獩⁥灡彰硥ൣ †簠†䘠汩⁥䌢尺獕牥屳整档屡灁䑰瑡屡潌慣屬牐杯慲獭停瑹潨屮祐桴湯ㄳ尲楌屢楳整瀭捡慫敧屳瑳牡敬瑴履業摤敬慷敲扜獡⹥祰Ⱒ氠湩⁥㔱ⰱ椠⁮潣潲਍††⁼††睡楡⁴敳晬愮灰猨潣数‬敲散癩彥牯摟獩潣湮捥ⱴ猠湥彤潮敟牲牯ഩ †簠†䘠汩⁥䌢尺獕牥屳整档屡灁䑰瑡屡潌慣屬牐杯慲獭停瑹潨屮祐桴湯ㄳ尲楌屢楳整瀭捡慫敧屳瑳牡敬瑴履業摤敬慷敲扜獡⹥祰Ⱒ氠湩⁥㠱ⰹ椠⁮彟慣汬彟਍††⁼††楷桴挠汯慬獰彥硥杣潲灵⡳㨩਍††⁼†楆敬∠㩃啜敳獲瑜捥慨䅜灰慄慴䱜捯污停潲牧浡屳祐桴湯停瑹潨㍮㈱䱜扩捜湯整瑸楬⹢祰Ⱒ氠湩⁥㔱ⰸ椠⁮彟硥瑩彟਍††⁼††敳晬朮湥琮牨睯瘨污敵ഩ †簠†䘠汩⁥䌢尺獕牥屳整档屡灁䑰瑡屡潌慣屬牐杯慲獭停瑹潨屮祐桴湯ㄳ尲楌屢楳整瀭捡慫敧屳瑳牡敬瑴履畟楴獬瀮≹‬楬敮㤠ⰳ椠⁮潣汬灡敳敟捸牧畯獰਍††⁼††慲獩⁥硥ൣ †簠†䘠汩⁥䌢尺獕牥屳整档屡灁䑰瑡屡潌慣屬牐杯慲獭停瑹潨屮祐桴湯ㄳ尲楌屢楳整瀭捡慫敧屳瑳牡敬瑴履業摤敬慷敲扜獡⹥祰Ⱒ氠湩⁥㤱ⰱ椠⁮彟慣汬彟਍††⁼††敲灳湯敳㴠愠慷瑩猠汥⹦楤灳瑡档晟湵⡣敲畱獥ⱴ挠污彬敮瑸ഩ †簠††††††††幞幞幞幞幞幞幞幞幞幞幞幞幞幞幞幞幞幞幞幞幞幞਍††⁼†楆敬∠㩃啜敳獲瑜捥慨作敮牄癩履敄歳潴屰慳敬⁳楡瀠慬晴潲屭慢正湥層灡屰業摤敬慷敲獜捥牵瑩⹹祰Ⱒ氠湩⁥ㄲⰱ椠⁮楤灳瑡档਍††⁼††慲獩⁥呈偔硅散瑰潩⡮਍††⁼慦瑳灡⹩硥散瑰潩獮䠮呔䕐捸灥楴湯›㈴㨹吠潯洠湡⁹敲畱獥獴‮慍楸畭⁭〶爠煥敵瑳⁳数⁲業畮整愠汬睯摥മ †⬠ⴭⴭⴭⴭⴭⴭⴭⴭⴭⴭⴭⴭⴭⴭⴭⴭⴭⴭ਍਍畄楲杮栠湡汤湩⁧景琠敨愠潢敶攠捸灥楴湯‬湡瑯敨⁲硥散瑰潩⁮捯畣牲摥ഺഊ吊慲散慢正⠠潭瑳爠捥湥⁴慣汬氠獡⥴ഺ 䘠汩⁥䌢尺獕牥屳整档屡灁䑰瑡屡潌慣屬牐杯慲獭停瑹潨屮祐桴湯ㄳ尲楌屢楳整瀭捡慫敧屳瑳牡敬瑴履業摤敬慷敲敜牲牯⹳祰Ⱒ氠湩⁥㘱ⰴ椠⁮彟慣汬彟਍††睡楡⁴敳晬愮灰猨潣数‬敲散癩ⱥ张敳摮ഩ 䘠汩⁥䌢尺獕牥屳整档屡灁䑰瑡屡潌慣屬牐杯慲獭停瑹潨屮祐桴湯ㄳ尲楌屢楳整瀭捡慫敧屳瑳牡敬瑴履業摤敬慷敲扜獡⹥祰Ⱒ氠湩⁥㠱ⰹ椠⁮彟慣汬彟਍††楷桴挠汯慬獰彥硥杣潲灵⡳㨩਍†楆敬∠㩃啜敳獲瑜捥慨䅜灰慄慴䱜捯污停潲牧浡屳祐桴湯停瑹潨㍮㈱䱜扩捜湯整瑸楬⹢祰Ⱒ氠湩⁥㔱ⰸ椠⁮彟硥瑩彟਍††敳晬朮湥琮牨睯瘨污敵ഩ 䘠汩⁥䌢尺獕牥屳整档屡灁䑰瑡屡潌慣屬牐杯慲獭停瑹潨屮祐桴湯ㄳ尲楌屢楳整瀭捡慫敧屳瑳牡敬瑴履畟楴獬瀮≹‬楬敮㤠ⰳ椠⁮潣汬灡敳敟捸牧畯獰਍††慲獩⁥硥ൣ 䘠汩⁥䌢尺獕牥屳整档屡灁䑰瑡屡潌慣屬牐杯慲獭停瑹潨屮祐桴湯ㄳ尲楌屢楳整瀭捡慫敧屳瑳牡敬瑴履業摤敬慷敲扜獡⹥祰Ⱒ氠湩⁥㤱ⰱ椠⁮彟慣汬彟਍††敲灳湯敳㴠愠慷瑩猠汥⹦楤灳瑡档晟湵⡣敲畱獥ⱴ挠污彬敮瑸ഩ †††††††幞幞幞幞幞幞幞幞幞幞幞幞幞幞幞幞幞幞幞幞幞幞਍†楆敬∠㩃啜敳獲瑜捥慨作敮牄癩履敄歳潴屰慳敬⁳楡瀠慬晴潲屭慢正湥層灡屰業摤敬慷敲牜煥敵瑳损湯整瑸瀮≹‬楬敮㔠ⰶ椠⁮楤灳瑡档਍††慲獩⁥൥ 䘠汩⁥䌢尺獕牥屳整档屡湏䑥楲敶䑜獥瑫灯獜污獥愠⁩汰瑡牦浯扜捡敫摮慜灰浜摩汤睥牡履敲畱獥彴潣瑮硥⹴祰Ⱒ氠湩⁥〵‬湩搠獩慰捴൨ †爠獥潰獮⁥‽睡楡⁴慣汬湟硥⡴敲畱獥⥴਍†††††††帠幞幞幞幞幞幞幞幞幞幞幞൞ 䘠汩⁥䌢尺獕牥屳整档屡灁䑰瑡屡潌慣屬牐杯慲獭停瑹潨屮祐桴湯ㄳ尲楌屢楳整瀭捡慫敧屳瑳牡敬瑴履業摤敬慷敲扜獡⹥祰Ⱒ氠湩⁥㘱ⰵ椠⁮慣汬湟硥൴ †爠楡敳愠灰敟捸਍†楆敬∠㩃啜敳獲瑜捥慨䅜灰慄慴䱜捯污停潲牧浡屳祐桴湯停瑹潨㍮㈱䱜扩獜瑩ⵥ慰正条獥獜慴汲瑥整浜摩汤睥牡履慢敳瀮≹‬楬敮ㄠㄵ‬湩挠牯൯ †愠慷瑩猠汥⹦灡⡰捳灯ⱥ爠捥楥敶潟彲楤捳湯敮瑣‬敳摮湟彯牥潲⥲਍†楆敬∠㩃啜敳獲瑜捥慨䅜灰慄慴䱜捯污停潲牧浡屳祐桴湯停瑹潨㍮㈱䱜扩獜瑩ⵥ慰正条獥獜慴汲瑥整浜摩汤睥牡履慢敳瀮≹‬楬敮ㄠ㤸‬湩张损污彬ൟ †眠瑩⁨潣汬灡敳敟捸牧畯獰⤨ഺ 䘠汩⁥䌢尺獕牥屳整档屡灁䑰瑡屡潌慣屬牐杯慲獭停瑹潨屮祐桴湯ㄳ尲楌屢潣瑮硥汴扩瀮≹‬楬敮ㄠ㠵‬湩张敟楸彴ൟ †猠汥⹦敧⹮桴潲⡷慶畬⥥਍†楆敬∠㩃啜敳獲瑜捥慨䅜灰慄慴䱜捯污停潲牧浡屳祐桴湯停瑹潨㍮㈱䱜扩獜瑩ⵥ慰正条獥獜慴汲瑥整彜瑵汩⹳祰Ⱒ氠湩⁥㌹‬湩挠汯慬獰彥硥杣潲灵൳ †爠楡敳攠捸਍†楆敬∠㩃啜敳獲瑜捥慨䅜灰慄慴䱜捯污停潲牧浡屳祐桴湯停瑹潨㍮㈱䱜扩獜瑩ⵥ慰正条獥獜慴汲瑥整浜摩汤睥牡履慢敳瀮≹‬楬敮ㄠㄹ‬湩张损污彬ൟ †爠獥潰獮⁥‽睡楡⁴敳晬搮獩慰捴彨畦据爨煥敵瑳‬慣汬湟硥⥴਍†††††††帠幞幞幞幞幞幞幞幞幞幞幞幞幞幞幞幞幞幞幞幞幞൞ 䘠汩⁥䌢尺獕牥屳整档屡湏䑥楲敶䑜獥瑫灯獜污獥愠⁩汰瑡牦浯扜捡敫摮慜灰浜摩汤睥牡履敳畣楲祴瀮≹‬楬敮㈠ㄳ‬湩搠獩慰捴൨ †爠獥潰獮⁥‽睡楡⁴慣汬湟硥⡴敲畱獥⥴਍†††††††帠幞幞幞幞幞幞幞幞幞幞幞൞ 䘠汩⁥䌢尺獕牥屳整档屡灁䑰瑡屡潌慣屬牐杯慲獭停瑹潨屮祐桴湯ㄳ尲楌屢楳整瀭捡慫敧屳瑳牡敬瑴履業摤敬慷敲扜獡⹥祰Ⱒ氠湩⁥㘱ⰵ椠⁮慣汬湟硥൴ †爠楡敳愠灰敟捸਍†楆敬∠㩃啜敳獲瑜捥慨䅜灰慄慴䱜捯污停潲牧浡屳祐桴湯停瑹潨㍮㈱䱜扩獜瑩ⵥ慰正条獥獜慴汲瑥整浜摩汤睥牡履慢敳瀮≹‬楬敮ㄠㄵ‬湩挠牯൯ †愠慷瑩猠汥⹦灡⡰捳灯ⱥ爠捥楥敶潟彲楤捳湯敮瑣‬敳摮湟彯牥潲⥲਍†楆敬∠㩃啜敳獲瑜捥慨䅜灰慄慴䱜捯污停潲牧浡屳祐桴湯停瑹潨㍮㈱䱜扩獜瑩ⵥ慰正条獥獜慴汲瑥整浜摩汤睥牡履慢敳瀮≹‬楬敮ㄠ㤸‬湩张损污彬ൟ †眠瑩⁨潣汬灡敳敟捸牧畯獰⤨ഺ 䘠汩⁥䌢尺獕牥屳整档屡灁䑰瑡屡潌慣屬牐杯慲獭停瑹潨屮祐桴湯ㄳ尲楌屢潣瑮硥汴扩瀮≹‬楬敮ㄠ㠵‬湩张敟楸彴ൟ †猠汥⹦敧⹮桴潲⡷慶畬⥥਍†楆敬∠㩃啜敳獲瑜捥慨䅜灰慄慴䱜捯污停潲牧浡屳祐桴湯停瑹潨㍮㈱䱜扩獜瑩ⵥ慰正条獥獜慴汲瑥整彜瑵汩⹳祰Ⱒ氠湩⁥㌹‬湩挠汯慬獰彥硥杣潲灵൳ †爠楡敳攠捸਍†楆敬∠㩃啜敳獲瑜捥慨䅜灰慄慴䱜捯污停潲牧浡屳祐桴湯停瑹潨㍮㈱䱜扩獜瑩ⵥ慰正条獥獜慴汲瑥整浜摩汤睥牡履慢敳瀮≹‬楬敮ㄠㄹ‬湩张损污彬ൟ †爠獥潰獮⁥‽睡楡⁴敳晬搮獩慰捴彨畦据爨煥敵瑳‬慣汬湟硥⥴਍†††††††帠幞幞幞幞幞幞幞幞幞幞幞幞幞幞幞幞幞幞幞幞幞൞ 䘠汩⁥䌢尺獕牥屳整档屡湏䑥楲敶䑜獥瑫灯獜污獥愠⁩汰瑡牦浯扜捡敫摮慜灰浜摩汤睥牡履敳畣楲祴瀮≹‬楬敮㈠ㄱ‬湩搠獩慰捴൨ †爠楡敳䠠呔䕐捸灥楴湯ന昊獡慴楰攮捸灥楴湯⹳呈偔硅散瑰潩㩮㐠㤲›潔⁯慭祮爠煥敵瑳⹳䴠硡浩浵㘠‰敲畱獥獴瀠牥洠湩瑵⁥污潬敷⹤਍਍㉛㈰ⴶ㌰㈭‹㄰㌺㨶㜱㘮㘸㐰崱嬠䑉㈺㔴戶㠴ⵥ㥤㑢㐭搱ⴰ慡㑥㘭㝡㑢っㄷ㐴嵢䔠剒›㈴㨹吠潯洠湡⁹敲畱獥獴‮慍楸畭⁭〶爠煥敵瑳⁳数⁲業畮整愠汬睯摥മ ⬠䔠捸灥楴湯䜠潲灵吠慲散慢正⠠潭瑳爠捥湥⁴慣汬氠獡⥴ഺ 簠†䘠汩⁥䌢尺獕牥屳整档屡灁䑰瑡屡潌慣屬牐杯慲獭停瑹潨屮祐桴湯ㄳ尲楌屢楳整瀭捡慫敧屳瑳牡敬瑴履畟楴獬瀮≹‬楬敮㠠ⰷ椠⁮潣汬灡敳敟捸牧畯獰਍†⁼††楹汥൤ 簠†䘠汩⁥䌢尺獕牥屳整档屡灁䑰瑡屡潌慣屬牐杯慲獭停瑹潨屮祐桴湯ㄳ尲楌屢楳整瀭捡慫敧屳瑳牡敬瑴履業摤敬慷敲扜獡⹥祰Ⱒ氠湩⁥㤱ⰰ椠⁮彟慣汬彟਍†⁼††獡湹⁣楷桴愠祮潩挮敲瑡彥慴歳束潲灵⤨愠⁳慴歳束潲灵ഺ 簠†䘠汩⁥䌢尺獕牥屳整档屡灁䑰瑡屡潌慣屬牐杯慲獭停瑹潨屮祐桴湯ㄳ尲楌屢楳整瀭捡慫敧屳湡楹屯扟捡敫摮屳慟祳据潩瀮≹‬楬敮㘠㠷‬湩张慟硥瑩彟਍†⁼††慲獩⁥慂敳硅散瑰潩䝮潲灵ന 簠䔠捸灥楴湯片畯㩰甠桮湡汤摥攠牲牯⁳湩愠吠獡䝫潲灵⠠‱畳ⵢ硥散瑰潩⥮਍†⴫⴫ⴭⴭⴭⴭⴭⴭⴭ‭‱ⴭⴭⴭⴭⴭⴭⴭⴭ਍††⁼牔捡扥捡⁫洨獯⁴敲散瑮挠污⁬慬瑳㨩਍††⁼†楆敬∠㩃啜敳獲瑜捥慨䅜灰慄慴䱜捯污停潲牧浡屳祐桴湯停瑹潨㍮㈱䱜扩獜瑩ⵥ慰正条獥獜慴汲瑥整浜摩汤睥牡履牥潲獲瀮≹‬楬敮ㄠ㐶‬湩张损污彬ൟ †簠††愠慷瑩猠汥⹦灡⡰捳灯ⱥ爠捥楥敶‬獟湥⥤਍††⁼†楆敬∠㩃啜敳獲瑜捥慨䅜灰慄慴䱜捯污停潲牧浡屳祐桴湯停瑹潨㍮㈱䱜扩獜瑩ⵥ慰正条獥獜慴汲瑥整浜摩汤睥牡履慢敳瀮≹‬楬敮ㄠ㤸‬湩张损污彬ൟ †簠††眠瑩⁨潣汬灡敳敟捸牧畯獰⤨ഺ †簠†䘠汩⁥䌢尺獕牥屳整档屡灁䑰瑡屡潌慣屬牐杯慲獭停瑹潨屮祐桴湯ㄳ尲楌屢潣瑮硥汴扩瀮≹‬楬敮ㄠ㠵‬湩张敟楸彴ൟ †簠††猠汥⹦敧⹮桴潲⡷慶畬⥥਍††⁼†楆敬∠㩃啜敳獲瑜捥慨䅜灰慄慴䱜捯污停潲牧浡屳祐桴湯停瑹潨㍮㈱䱜扩獜瑩ⵥ慰正条獥獜慴汲瑥整彜瑵汩⹳祰Ⱒ氠湩⁥㌹‬湩挠汯慬獰彥硥杣潲灵൳ †簠††爠楡敳攠捸਍††⁼†楆敬∠㩃啜敳獲瑜捥慨䅜灰慄慴䱜捯污停潲牧浡屳祐桴湯停瑹潨㍮㈱䱜扩獜瑩ⵥ慰正条獥獜慴汲瑥整浜摩汤睥牡履慢敳瀮≹‬楬敮ㄠㄹ‬湩张损污彬ൟ †簠††爠獥潰獮⁥‽睡楡⁴敳晬搮獩慰捴彨畦据爨煥敵瑳‬慣汬湟硥⥴਍††⁼†††††††帠幞幞幞幞幞幞幞幞幞幞幞幞幞幞幞幞幞幞幞幞幞൞ †簠†䘠汩⁥䌢尺獕牥屳整档屡湏䑥楲敶䑜獥瑫灯獜污獥愠⁩汰瑡牦浯扜捡敫摮慜灰浜摩汤睥牡履敲畱獥彴潣瑮硥⹴祰Ⱒ氠湩⁥㘵‬湩搠獩慰捴൨ †簠††爠楡敳攠਍††⁼†楆敬∠㩃啜敳獲瑜捥慨作敮牄癩履敄歳潴屰慳敬⁳楡瀠慬晴潲屭慢正湥層灡屰業摤敬慷敲牜煥敵瑳损湯整瑸瀮≹‬楬敮㔠ⰰ椠⁮楤灳瑡档਍††⁼††敲灳湯敳㴠愠慷瑩挠污彬敮瑸爨煥敵瑳ഩ †簠††††††††幞幞幞幞幞幞幞幞幞幞幞幞਍††⁼†楆敬∠㩃啜敳獲瑜捥慨䅜灰慄慴䱜捯污停潲牧浡屳祐桴湯停瑹潨㍮㈱䱜扩獜瑩ⵥ慰正条獥獜慴汲瑥整浜摩汤睥牡履慢敳瀮≹‬楬敮ㄠ㔶‬湩挠污彬敮瑸਍††⁼††慲獩⁥灡彰硥ൣ †簠†䘠汩⁥䌢尺獕牥屳整档屡灁䑰瑡屡潌慣屬牐杯慲獭停瑹潨屮祐桴湯ㄳ尲楌屢楳整瀭捡慫敧屳瑳牡敬瑴履業摤敬慷敲扜獡⹥祰Ⱒ氠湩⁥㔱ⰱ椠⁮潣潲਍††⁼††睡楡⁴敳晬愮灰猨潣数‬敲散癩彥牯摟獩潣湮捥ⱴ猠湥彤潮敟牲牯ഩ †簠†䘠汩⁥䌢尺獕牥屳整档屡灁䑰瑡屡潌慣屬牐杯慲獭停瑹潨屮祐桴湯ㄳ尲楌屢楳整瀭捡慫敧屳瑳牡敬瑴履業摤敬慷敲扜獡⹥祰Ⱒ氠湩⁥㠱ⰹ椠⁮彟慣汬彟਍††⁼††楷桴挠汯慬獰彥硥杣潲灵⡳㨩਍††⁼†楆敬∠㩃啜敳獲瑜捥慨䅜灰慄慴䱜捯污停潲牧浡屳祐桴湯停瑹潨㍮㈱䱜扩捜湯整瑸楬⹢祰Ⱒ氠湩⁥㔱ⰸ椠⁮彟硥瑩彟਍††⁼††敳晬朮湥琮牨睯瘨污敵ഩ †簠†䘠汩⁥䌢尺獕牥屳整档屡灁䑰瑡屡潌慣屬牐杯慲獭停瑹潨屮祐桴湯ㄳ尲楌屢楳整瀭捡慫敧屳瑳牡敬瑴履畟楴獬瀮≹‬楬敮㤠ⰳ椠⁮潣汬灡敳敟捸牧畯獰਍††⁼††慲獩⁥硥ൣ †簠†䘠汩⁥䌢尺獕牥屳整档屡灁䑰瑡屡潌慣屬牐杯慲獭停瑹潨屮祐桴湯ㄳ尲楌屢楳整瀭捡慫敧屳瑳牡敬瑴履業摤敬慷敲扜獡⹥祰Ⱒ氠湩⁥㤱ⰱ椠⁮彟慣汬彟਍††⁼††敲灳湯敳㴠愠慷瑩猠汥⹦楤灳瑡档晟湵⡣敲畱獥ⱴ挠污彬敮瑸ഩ †簠††††††††幞幞幞幞幞幞幞幞幞幞幞幞幞幞幞幞幞幞幞幞幞幞਍††⁼†楆敬∠㩃啜敳獲瑜捥慨作敮牄癩履敄歳潴屰慳敬⁳楡瀠慬晴潲屭慢正湥層灡屰業摤敬慷敲獜捥牵瑩⹹祰Ⱒ氠湩⁥㌲ⰱ椠⁮楤灳瑡档਍††⁼††敲灳湯敳㴠愠慷瑩挠污彬敮瑸爨煥敵瑳ഩ †簠††††††††幞幞幞幞幞幞幞幞幞幞幞幞਍††⁼†楆敬∠㩃啜敳獲瑜捥慨䅜灰慄慴䱜捯污停潲牧浡屳祐桴湯停瑹潨㍮㈱䱜扩獜瑩ⵥ慰正条獥獜慴汲瑥整浜摩汤睥牡履慢敳瀮≹‬楬敮ㄠ㔶‬湩挠污彬敮瑸਍††⁼††慲獩⁥灡彰硥ൣ †簠†䘠汩⁥䌢尺獕牥屳整档屡灁䑰瑡屡潌慣屬牐杯慲獭停瑹潨屮祐桴湯ㄳ尲楌屢楳整瀭捡慫敧屳瑳牡敬瑴履業摤敬慷敲扜獡⹥祰Ⱒ氠湩⁥㔱ⰱ椠⁮潣潲਍††⁼††睡楡⁴敳晬愮灰猨潣数‬敲散癩彥牯摟獩潣湮捥ⱴ猠湥彤潮敟牲牯ഩ †簠†䘠汩⁥䌢尺獕牥屳整档屡灁䑰瑡屡潌慣屬牐杯慲獭停瑹潨屮祐桴湯ㄳ尲楌屢楳整瀭捡慫敧屳瑳牡敬瑴履業摤敬慷敲扜獡⹥祰Ⱒ氠湩⁥㠱ⰹ椠⁮彟慣汬彟਍††⁼††楷桴挠汯慬獰彥硥杣潲灵⡳㨩਍††⁼†楆敬∠㩃啜敳獲瑜捥慨䅜灰慄慴䱜捯污停潲牧浡屳祐桴湯停瑹潨㍮㈱䱜扩捜湯整瑸楬⹢祰Ⱒ氠湩⁥㔱ⰸ椠⁮彟硥瑩彟਍††⁼††敳晬朮湥琮牨睯瘨污敵ഩ †簠†䘠汩⁥䌢尺獕牥屳整档屡灁䑰瑡屡潌慣屬牐杯慲獭停瑹潨屮祐桴湯ㄳ尲楌屢楳整瀭捡慫敧屳瑳牡敬瑴履畟楴獬瀮≹‬楬敮㤠ⰳ椠⁮潣汬灡敳敟捸牧畯獰਍††⁼††慲獩⁥硥ൣ †簠†䘠汩⁥䌢尺獕牥屳整档屡灁䑰瑡屡潌慣屬牐杯慲獭停瑹潨屮祐桴湯ㄳ尲楌屢楳整瀭捡慫敧屳瑳牡敬瑴履業摤敬慷敲扜獡⹥祰Ⱒ氠湩⁥㤱ⰱ椠⁮彟慣汬彟਍††⁼††敲灳湯敳㴠愠慷瑩猠汥⹦楤灳瑡档晟湵⡣敲畱獥ⱴ挠污彬敮瑸ഩ †簠††††††††幞幞幞幞幞幞幞幞幞幞幞幞幞幞幞幞幞幞幞幞幞幞਍††⁼†楆敬∠㩃啜敳獲瑜捥慨作敮牄癩履敄歳潴屰慳敬⁳楡瀠慬晴潲屭慢正湥層灡屰業摤敬慷敲獜捥牵瑩⹹祰Ⱒ氠湩⁥ㄲⰱ椠⁮楤灳瑡档਍††⁼††慲獩⁥呈偔硅散瑰潩⡮਍††⁼慦瑳灡⹩硥散瑰潩獮䠮呔䕐捸灥楴湯›㈴㨹吠潯洠湡⁹敲畱獥獴‮慍楸畭⁭〶爠煥敵瑳⁳数⁲業畮整愠汬睯摥മ †⬠ⴭⴭⴭⴭⴭⴭⴭⴭⴭⴭⴭⴭⴭⴭⴭⴭⴭⴭ਍਍畄楲杮栠湡汤湩⁧景琠敨愠潢敶攠捸灥楴湯‬湡瑯敨⁲硥散瑰潩⁮捯畣牲摥ഺഊ吊慲散慢正⠠潭瑳爠捥湥⁴慣汬氠獡⥴ഺ 䘠汩⁥䌢尺獕牥屳整档屡灁䑰瑡屡潌慣屬牐杯慲獭停瑹潨屮祐桴湯ㄳ尲楌屢楳整瀭捡慫敧屳瑳牡敬瑴履業摤敬慷敲敜牲牯⹳祰Ⱒ氠湩⁥㘱ⰴ椠⁮彟慣汬彟਍††睡楡⁴敳晬愮灰猨潣数‬敲散癩ⱥ张敳摮ഩ 䘠汩⁥䌢尺獕牥屳整档屡灁䑰瑡屡潌慣屬牐杯慲獭停瑹潨屮祐桴湯ㄳ尲楌屢楳整瀭捡慫敧屳瑳牡敬瑴履業摤敬慷敲扜獡⹥祰Ⱒ氠湩⁥㠱ⰹ椠⁮彟慣汬彟਍††楷桴挠汯慬獰彥硥杣潲灵⡳㨩਍†楆敬∠㩃啜敳獲瑜捥慨䅜灰慄慴䱜捯污停潲牧浡屳祐桴湯停瑹潨㍮㈱䱜扩捜湯整瑸楬⹢祰Ⱒ氠湩⁥㔱ⰸ椠⁮彟硥瑩彟਍††敳晬朮湥琮牨睯瘨污敵ഩ 䘠汩⁥䌢尺獕牥屳整档屡灁䑰瑡屡潌慣屬牐杯慲獭停瑹潨屮祐桴湯ㄳ尲楌屢楳整瀭捡慫敧屳瑳牡敬瑴履畟楴獬瀮≹‬楬敮㤠ⰳ椠⁮潣汬灡敳敟捸牧畯獰਍††慲獩⁥硥ൣ 䘠汩⁥䌢尺獕牥屳整档屡灁䑰瑡屡潌慣屬牐杯慲獭停瑹潨屮祐桴湯ㄳ尲楌屢楳整瀭捡慫敧屳瑳牡敬瑴履業摤敬慷敲扜獡⹥祰Ⱒ氠湩⁥㤱ⰱ椠⁮彟慣汬彟਍††敲灳湯敳㴠愠慷瑩猠汥⹦楤灳瑡档晟湵⡣敲畱獥ⱴ挠污彬敮瑸ഩ †††††††幞幞幞幞幞幞幞幞幞幞幞幞幞幞幞幞幞幞幞幞幞幞਍†楆敬∠㩃啜敳獲瑜捥慨作敮牄癩履敄歳潴屰慳敬⁳楡瀠慬晴潲屭慢正湥層灡屰業摤敬慷敲牜煥敵瑳损湯整瑸瀮≹‬楬敮㔠ⰶ椠⁮楤灳瑡档਍††慲獩⁥൥ 䘠汩⁥䌢尺獕牥屳整档屡湏䑥楲敶䑜獥瑫灯獜污獥愠⁩汰瑡牦浯扜捡敫摮慜灰浜摩汤睥牡履敲畱獥彴潣瑮硥⹴祰Ⱒ氠湩⁥〵‬湩搠獩慰捴൨ †爠獥潰獮⁥‽睡楡⁴慣汬湟硥⡴敲畱獥⥴਍†††††††帠幞幞幞幞幞幞幞幞幞幞幞൞ 䘠汩⁥䌢尺獕牥屳整档屡灁䑰瑡屡潌慣屬牐杯慲獭停瑹潨屮祐桴湯ㄳ尲楌屢楳整瀭捡慫敧屳瑳牡敬瑴履業摤敬慷敲扜獡⹥祰Ⱒ氠湩⁥㘱ⰵ椠⁮慣汬湟硥൴ †爠楡敳愠灰敟捸਍†楆敬∠㩃啜敳獲瑜捥慨䅜灰慄慴䱜捯污停潲牧浡屳祐桴湯停瑹潨㍮㈱䱜扩獜瑩ⵥ慰正条獥獜慴汲瑥整浜摩汤睥牡履慢敳瀮≹‬楬敮ㄠㄵ‬湩挠牯൯ †愠慷瑩猠汥⹦灡⡰捳灯ⱥ爠捥楥敶潟彲楤捳湯敮瑣‬敳摮湟彯牥潲⥲਍†楆敬∠㩃啜敳獲瑜捥慨䅜灰慄慴䱜捯污停潲牧浡屳祐桴湯停瑹潨㍮㈱䱜扩獜瑩ⵥ慰正条獥獜慴汲瑥整浜摩汤睥牡履慢敳瀮≹‬楬敮ㄠ㤸‬湩张损污彬ൟ †眠瑩⁨潣汬灡敳敟捸牧畯獰⤨ഺ 䘠汩⁥䌢尺獕牥屳整档屡灁䑰瑡屡潌慣屬牐杯慲獭停瑹潨屮祐桴湯ㄳ尲楌屢潣瑮硥汴扩瀮≹‬楬敮ㄠ㠵‬湩张敟楸彴ൟ †猠汥⹦敧⹮桴潲⡷慶畬⥥਍†楆敬∠㩃啜敳獲瑜捥慨䅜灰慄慴䱜捯污停潲牧浡屳祐桴湯停瑹潨㍮㈱䱜扩獜瑩ⵥ慰正条獥獜慴汲瑥整彜瑵汩⹳祰Ⱒ氠湩⁥㌹‬湩挠汯慬獰彥硥杣潲灵൳ †爠楡敳攠捸਍†楆敬∠㩃啜敳獲瑜捥慨䅜灰慄慴䱜捯污停潲牧浡屳祐桴湯停瑹潨㍮㈱䱜扩獜瑩ⵥ慰正条獥獜慴汲瑥整浜摩汤睥牡履慢敳瀮≹‬楬敮ㄠㄹ‬湩张损污彬ൟ †爠獥潰獮⁥‽睡楡⁴敳晬搮獩慰捴彨畦据爨煥敵瑳‬慣汬湟硥⥴਍†††††††帠幞幞幞幞幞幞幞幞幞幞幞幞幞幞幞幞幞幞幞幞幞൞ 䘠汩⁥䌢尺獕牥屳整档屡湏䑥楲敶䑜獥瑫灯獜污獥愠⁩汰瑡牦浯扜捡敫摮慜灰浜摩汤睥牡履敳畣楲祴瀮≹‬楬敮㈠ㄳ‬湩搠獩慰捴൨ †爠獥潰獮⁥‽睡楡⁴慣汬湟硥⡴敲畱獥⥴਍†††††††帠幞幞幞幞幞幞幞幞幞幞幞൞ 䘠汩⁥䌢尺獕牥屳整档屡灁䑰瑡屡潌慣屬牐杯慲獭停瑹潨屮祐桴湯ㄳ尲楌屢楳整瀭捡慫敧屳瑳牡敬瑴履業摤敬慷敲扜獡⹥祰Ⱒ氠湩⁥㘱ⰵ椠⁮慣汬湟硥൴ †爠楡敳愠灰敟捸਍†楆敬∠㩃啜敳獲瑜捥慨䅜灰慄慴䱜捯污停潲牧浡屳祐桴湯停瑹潨㍮㈱䱜扩獜瑩ⵥ慰正条獥獜慴汲瑥整浜摩汤睥牡履慢敳瀮≹‬楬敮ㄠㄵ‬湩挠牯൯ †愠慷瑩猠汥⹦灡⡰捳灯ⱥ爠捥楥敶潟彲楤捳湯敮瑣‬敳摮湟彯牥潲⥲਍†楆敬∠㩃啜敳獲瑜捥慨䅜灰慄慴䱜捯污停潲牧浡屳祐桴湯停瑹潨㍮㈱䱜扩獜瑩ⵥ慰正条獥獜慴汲瑥整浜摩汤睥牡履慢敳瀮≹‬楬敮ㄠ㤸‬湩张损污彬ൟ †眠瑩⁨潣汬灡敳敟捸牧畯獰⤨ഺ 䘠汩⁥䌢尺獕牥屳整档屡灁䑰瑡屡潌慣屬牐杯慲獭停瑹潨屮祐桴湯ㄳ尲楌屢潣瑮硥汴扩瀮≹‬楬敮ㄠ㠵‬湩张敟楸彴ൟ †猠汥⹦敧⹮桴潲⡷慶畬⥥਍†楆敬∠㩃啜敳獲瑜捥慨䅜灰慄慴䱜捯污停潲牧浡屳祐桴湯停瑹潨㍮㈱䱜扩獜瑩ⵥ慰正条獥獜慴汲瑥整彜瑵汩⹳祰Ⱒ氠湩⁥㌹‬湩挠汯慬獰彥硥杣潲灵൳ †爠楡敳攠捸਍†楆敬∠㩃啜敳獲瑜捥慨䅜灰慄慴䱜捯污停潲牧浡屳祐桴湯停瑹潨㍮㈱䱜扩獜瑩ⵥ慰正条獥獜慴汲瑥整浜摩汤睥牡履慢敳瀮≹‬楬敮ㄠㄹ‬湩张损污彬ൟ †爠獥潰獮⁥‽睡楡⁴敳晬搮獩慰捴彨畦据爨煥敵瑳‬慣汬湟硥⥴਍†††††††帠幞幞幞幞幞幞幞幞幞幞幞幞幞幞幞幞幞幞幞幞幞൞ 䘠汩⁥䌢尺獕牥屳整档屡湏䑥楲敶䑜獥瑫灯獜污獥愠⁩汰瑡牦浯扜捡敫摮慜灰浜摩汤睥牡履敳畣楲祴瀮≹‬楬敮㈠ㄱ‬湩搠獩慰捴൨ †爠楡敳䠠呔䕐捸灥楴湯ന昊獡慴楰攮捸灥楴湯⹳呈偔硅散瑰潩㩮㐠㤲›潔⁯慭祮爠煥敵瑳⹳䴠硡浩浵㘠‰敲畱獥獴瀠牥洠湩瑵⁥污潬敷⹤਍਍㉛㈰ⴶ㌰㈭‹㄰㌺㨶㜱㜮㠰㔰崸嬠䑉㈺戶搳㌳ⴹ㤴搲㐭捦ⵦ㠸敥愭愰㜰捡ぢ敥崰䔠剒›㈴㨹吠潯洠湡⁹敲畱獥獴‮慍楸畭⁭〶爠煥敵瑳⁳数⁲業畮整愠汬睯摥മ ⬠䔠捸灥楴湯䜠潲灵吠慲散慢正⠠潭瑳爠捥湥⁴慣汬氠獡⥴ഺ 簠†䘠汩⁥䌢尺獕牥屳整档屡灁䑰瑡屡潌慣屬牐杯慲獭停瑹潨屮祐桴湯ㄳ尲楌屢楳整瀭捡慫敧屳瑳牡敬瑴履畟楴獬瀮≹‬楬敮㠠ⰷ椠⁮潣汬灡敳敟捸牧畯獰਍†⁼††楹汥൤ 簠†䘠汩⁥䌢尺獕牥屳整档屡灁䑰瑡屡潌慣屬牐杯慲獭停瑹潨屮祐桴湯ㄳ尲楌屢楳整瀭捡慫敧屳瑳牡敬瑴履業摤敬慷敲扜獡⹥祰Ⱒ氠湩⁥㤱ⰰ椠⁮彟慣汬彟਍†⁼††獡湹⁣楷桴愠祮潩挮敲瑡彥慴歳束潲灵⤨愠⁳慴歳束潲灵ഺ 簠†䘠汩⁥䌢尺獕牥屳整档屡灁䑰瑡屡潌慣屬牐杯慲獭停瑹潨屮祐桴湯ㄳ尲楌屢楳整瀭捡慫敧屳湡楹屯扟捡敫摮屳慟祳据潩瀮≹‬楬敮㘠㠷‬湩张慟硥瑩彟਍†⁼††慲獩⁥慂敳硅散瑰潩䝮潲灵ന 簠䔠捸灥楴湯片畯㩰甠桮湡汤摥攠牲牯⁳湩愠吠獡䝫潲灵⠠‱畳ⵢ硥散瑰潩⥮਍†⴫⴫ⴭⴭⴭⴭⴭⴭⴭ‭‱ⴭⴭⴭⴭⴭⴭⴭⴭ਍††⁼牔捡扥捡⁫洨獯⁴敲散瑮挠污⁬慬瑳㨩਍††⁼†楆敬∠㩃啜敳獲瑜捥慨䅜灰慄慴䱜捯污停潲牧浡屳祐桴湯停瑹潨㍮㈱䱜扩獜瑩ⵥ慰正条獥獜慴汲瑥整浜摩汤睥牡履牥潲獲瀮≹‬楬敮ㄠ㐶‬湩张损污彬ൟ †簠††愠慷瑩猠汥⹦灡⡰捳灯ⱥ爠捥楥敶‬獟湥⥤਍††⁼†楆敬∠㩃啜敳獲瑜捥慨䅜灰慄慴䱜捯污停潲牧浡屳祐桴湯停瑹潨㍮㈱䱜扩獜瑩ⵥ慰正条獥獜慴汲瑥整浜摩汤睥牡履慢敳瀮≹‬楬敮ㄠ㤸‬湩张损污彬ൟ †簠††眠瑩⁨潣汬灡敳敟捸牧畯獰⤨ഺ †簠†䘠汩⁥䌢尺獕牥屳整档屡灁䑰瑡屡潌慣屬牐杯慲獭停瑹潨屮祐桴湯ㄳ尲楌屢潣瑮硥汴扩瀮≹‬楬敮ㄠ㠵‬湩张敟楸彴ൟ †簠††猠汥⹦敧⹮桴潲⡷慶畬⥥਍††⁼†楆敬∠㩃啜敳獲瑜捥慨䅜灰慄慴䱜捯污停潲牧浡屳祐桴湯停瑹潨㍮㈱䱜扩獜瑩ⵥ慰正条獥獜慴汲瑥整彜瑵汩⹳祰Ⱒ氠湩⁥㌹‬湩挠汯慬獰彥硥杣潲灵൳ †簠††爠楡敳攠捸਍††⁼†楆敬∠㩃啜敳獲瑜捥慨䅜灰慄慴䱜捯污停潲牧浡屳祐桴湯停瑹潨㍮㈱䱜扩獜瑩ⵥ慰正条獥獜慴汲瑥整浜摩汤睥牡履慢敳瀮≹‬楬敮ㄠㄹ‬湩张损污彬ൟ †簠††爠獥潰獮⁥‽睡楡⁴敳晬搮獩慰捴彨畦据爨煥敵瑳‬慣汬湟硥⥴਍††⁼†††††††帠幞幞幞幞幞幞幞幞幞幞幞幞幞幞幞幞幞幞幞幞幞൞ †簠†䘠汩⁥䌢尺獕牥屳整档屡湏䑥楲敶䑜獥瑫灯獜污獥愠⁩汰瑡牦浯扜捡敫摮慜灰浜摩汤睥牡履敲畱獥彴潣瑮硥⹴祰Ⱒ氠湩⁥㘵‬湩搠獩慰捴൨ †簠††爠楡敳攠਍††⁼†楆敬∠㩃啜敳獲瑜捥慨作敮牄癩履敄歳潴屰慳敬⁳楡瀠慬晴潲屭慢正湥層灡屰業摤敬慷敲牜煥敵瑳损湯整瑸瀮≹‬楬敮㔠ⰰ椠⁮楤灳瑡档਍††⁼††敲灳湯敳㴠愠慷瑩挠污彬敮瑸爨煥敵瑳ഩ †簠††††††††幞幞幞幞幞幞幞幞幞幞幞幞਍††⁼†楆敬∠㩃啜敳獲瑜捥慨䅜灰慄慴䱜捯污停潲牧浡屳祐桴湯停瑹潨㍮㈱䱜扩獜瑩ⵥ慰正条獥獜慴汲瑥整浜摩汤睥牡履慢敳瀮≹‬楬敮ㄠ㔶‬湩挠污彬敮瑸਍††⁼††慲獩⁥灡彰硥ൣ †簠†䘠汩⁥䌢尺獕牥屳整档屡灁䑰瑡屡潌慣屬牐杯慲獭停瑹潨屮祐桴湯ㄳ尲楌屢楳整瀭捡慫敧屳瑳牡敬瑴履業摤敬慷敲扜獡⹥祰Ⱒ氠湩⁥㔱ⰱ椠⁮潣潲਍††⁼††睡楡⁴敳晬愮灰猨潣数‬敲散癩彥牯摟獩潣湮捥ⱴ猠湥彤潮敟牲牯ഩ †簠†䘠汩⁥䌢尺獕牥屳整档屡灁䑰瑡屡潌慣屬牐杯慲獭停瑹潨屮祐桴湯ㄳ尲楌屢楳整瀭捡慫敧屳瑳牡敬瑴履業摤敬慷敲扜獡⹥祰Ⱒ氠湩⁥㠱ⰹ椠⁮彟慣汬彟਍††⁼††楷桴挠汯慬獰彥硥杣潲灵⡳㨩਍††⁼†楆敬∠㩃啜敳獲瑜捥慨䅜灰慄慴䱜捯污停潲牧浡屳祐桴湯停瑹潨㍮㈱䱜扩捜湯整瑸楬⹢祰Ⱒ氠湩⁥㔱ⰸ椠⁮彟硥瑩彟਍††⁼††敳晬朮湥琮牨睯瘨污敵ഩ †簠†䘠汩⁥䌢尺獕牥屳整档屡灁䑰瑡屡潌慣屬牐杯慲獭停瑹潨屮祐桴湯ㄳ尲楌屢楳整瀭捡慫敧屳瑳牡敬瑴履畟楴獬瀮≹‬楬敮㤠ⰳ椠⁮潣汬灡敳敟捸牧畯獰਍††⁼††慲獩⁥硥ൣ †簠†䘠汩⁥䌢尺獕牥屳整档屡灁䑰瑡屡潌慣屬牐杯慲獭停瑹潨屮祐桴湯ㄳ尲楌屢楳整瀭捡慫敧屳瑳牡敬瑴履業摤敬慷敲扜獡⹥祰Ⱒ氠湩⁥㤱ⰱ椠⁮彟慣汬彟਍††⁼††敲灳湯敳㴠愠慷瑩猠汥⹦楤灳瑡档晟湵⡣敲畱獥ⱴ挠污彬敮瑸ഩ †簠††††††††幞幞幞幞幞幞幞幞幞幞幞幞幞幞幞幞幞幞幞幞幞幞਍††⁼†楆敬∠㩃啜敳獲瑜捥慨作敮牄癩履敄歳潴屰慳敬⁳楡瀠慬晴潲屭慢正湥層灡屰業摤敬慷敲獜捥牵瑩⹹祰Ⱒ氠湩⁥㌲ⰱ椠⁮楤灳瑡档਍††⁼††敲灳湯敳㴠愠慷瑩挠污彬敮瑸爨煥敵瑳ഩ †簠††††††††幞幞幞幞幞幞幞幞幞幞幞幞਍††⁼†楆敬∠㩃啜敳獲瑜捥慨䅜灰慄慴䱜捯污停潲牧浡屳祐桴湯停瑹潨㍮㈱䱜扩獜瑩ⵥ慰正条獥獜慴汲瑥整浜摩汤睥牡履慢敳瀮≹‬楬敮ㄠ㔶‬湩挠污彬敮瑸਍††⁼††慲獩⁥灡彰硥ൣ †簠†䘠汩⁥䌢尺獕牥屳整档屡灁䑰瑡屡潌慣屬牐杯慲獭停瑹潨屮祐桴湯ㄳ尲楌屢楳整瀭捡慫敧屳瑳牡敬瑴履業摤敬慷敲扜獡⹥祰Ⱒ氠湩⁥㔱ⰱ椠⁮潣潲਍††⁼††睡楡⁴敳晬愮灰猨潣数‬敲散癩彥牯摟獩潣湮捥ⱴ猠湥彤潮敟牲牯ഩ †簠†䘠汩⁥䌢尺獕牥屳整档屡灁䑰瑡屡潌慣屬牐杯慲獭停瑹潨屮祐桴湯ㄳ尲楌屢楳整瀭捡慫敧屳瑳牡敬瑴履業摤敬慷敲扜獡⹥祰Ⱒ氠湩⁥㠱ⰹ椠⁮彟慣汬彟਍††⁼††楷桴挠汯慬獰彥硥杣潲灵⡳㨩਍††⁼†楆敬∠㩃啜敳獲瑜捥慨䅜灰慄慴䱜捯污停潲牧浡屳祐桴湯停瑹潨㍮㈱䱜扩捜湯整瑸楬⹢祰Ⱒ氠湩⁥㔱ⰸ椠⁮彟硥瑩彟਍††⁼††敳晬朮湥琮牨睯瘨污敵ഩ †簠†䘠汩⁥䌢尺獕牥屳整档屡灁䑰瑡屡潌慣屬牐杯慲獭停瑹潨屮祐桴湯ㄳ尲楌屢楳整瀭捡慫敧屳瑳牡敬瑴履畟楴獬瀮≹‬楬敮㤠ⰳ椠⁮潣汬灡敳敟捸牧畯獰਍††⁼††慲獩⁥硥ൣ †簠†䘠汩⁥䌢尺獕牥屳整档屡灁䑰瑡屡潌慣屬牐杯慲獭停瑹潨屮祐桴湯ㄳ尲楌屢楳整瀭捡慫敧屳瑳牡敬瑴履業摤敬慷敲扜獡⹥祰Ⱒ氠湩⁥㤱ⰱ椠⁮彟慣汬彟਍††⁼††敲灳湯敳㴠愠慷瑩猠汥⹦楤灳瑡档晟湵⡣敲畱獥ⱴ挠污彬敮瑸ഩ †簠††††††††幞幞幞幞幞幞幞幞幞幞幞幞幞幞幞幞幞幞幞幞幞幞਍††⁼†楆敬∠㩃啜敳獲瑜捥慨作敮牄癩履敄歳潴屰慳敬⁳楡瀠慬晴潲屭慢正湥層灡屰業摤敬慷敲獜捥牵瑩⹹祰Ⱒ氠湩⁥ㄲⰱ椠⁮楤灳瑡档਍††⁼††慲獩⁥呈偔硅散瑰潩⡮਍††⁼慦瑳灡⹩硥散瑰潩獮䠮呔䕐捸灥楴湯›㈴㨹吠潯洠湡⁹敲畱獥獴‮慍楸畭⁭〶爠煥敵瑳⁳数⁲業畮整愠汬睯摥മ †⬠ⴭⴭⴭⴭⴭⴭⴭⴭⴭⴭⴭⴭⴭⴭⴭⴭⴭⴭ਍਍畄楲杮栠湡汤湩⁧景琠敨愠潢敶攠捸灥楴湯‬湡瑯敨⁲硥散瑰潩⁮捯畣牲摥ഺഊ吊慲散慢正⠠潭瑳爠捥湥⁴慣汬氠獡⥴ഺ 䘠汩⁥䌢尺獕牥屳整档屡灁䑰瑡屡潌慣屬牐杯慲獭停瑹潨屮祐桴湯ㄳ尲楌屢楳整瀭捡慫敧屳瑳牡敬瑴履業摤敬慷敲敜牲牯⹳祰Ⱒ氠湩⁥㘱ⰴ椠⁮彟慣汬彟਍††睡楡⁴敳晬愮灰猨潣数‬敲散癩ⱥ张敳摮ഩ 䘠汩⁥䌢尺獕牥屳整档屡灁䑰瑡屡潌慣屬牐杯慲獭停瑹潨屮祐桴湯ㄳ尲楌屢楳整瀭捡慫敧屳瑳牡敬瑴履業摤敬慷敲扜獡⹥祰Ⱒ氠湩⁥㠱ⰹ椠⁮彟慣汬彟਍††楷桴挠汯慬獰彥硥杣潲灵⡳㨩਍†楆敬∠㩃啜敳獲瑜捥慨䅜灰慄慴䱜捯污停潲牧浡屳祐桴湯停瑹潨㍮㈱䱜扩捜湯整瑸楬⹢祰Ⱒ氠湩⁥㔱ⰸ椠⁮彟硥瑩彟਍††敳晬朮湥琮牨睯瘨污敵ഩ 䘠汩⁥䌢尺獕牥屳整档屡灁䑰瑡屡潌慣屬牐杯慲獭停瑹潨屮祐桴湯ㄳ尲楌屢楳整瀭捡慫敧屳瑳牡敬瑴履畟楴獬瀮≹‬楬敮㤠ⰳ椠⁮潣汬灡敳敟捸牧畯獰਍††慲獩⁥硥ൣ 䘠汩⁥䌢尺獕牥屳整档屡灁䑰瑡屡潌慣屬牐杯慲獭停瑹潨屮祐桴湯ㄳ尲楌屢楳整瀭捡慫敧屳瑳牡敬瑴履業摤敬慷敲扜獡⹥祰Ⱒ氠湩⁥㤱ⰱ椠⁮彟慣汬彟਍††敲灳湯敳㴠愠慷瑩猠汥⹦楤灳瑡档晟湵⡣敲畱獥ⱴ挠污彬敮瑸ഩ †††††††幞幞幞幞幞幞幞幞幞幞幞幞幞幞幞幞幞幞幞幞幞幞਍†楆敬∠㩃啜敳獲瑜捥慨作敮牄癩履敄歳潴屰慳敬⁳楡瀠慬晴潲屭慢正湥層灡屰業摤敬慷敲牜煥敵瑳损湯整瑸瀮≹‬楬敮㔠ⰶ椠⁮楤灳瑡档਍††慲獩⁥൥ 䘠汩⁥䌢尺獕牥屳整档屡湏䑥楲敶䑜獥瑫灯獜污獥愠⁩汰瑡牦浯扜捡敫摮慜灰浜摩汤睥牡履敲畱獥彴潣瑮硥⹴祰Ⱒ氠湩⁥〵‬湩搠獩慰捴൨ †爠獥潰獮⁥‽睡楡⁴慣汬湟硥⡴敲畱獥⥴਍†††††††帠幞幞幞幞幞幞幞幞幞幞幞൞ 䘠汩⁥䌢尺獕牥屳整档屡灁䑰瑡屡潌慣屬牐杯慲獭停瑹潨屮祐桴湯ㄳ尲楌屢楳整瀭捡慫敧屳瑳牡敬瑴履業摤敬慷敲扜獡⹥祰Ⱒ氠湩⁥㘱ⰵ椠⁮慣汬湟硥൴ †爠楡敳愠灰敟捸਍†楆敬∠㩃啜敳獲瑜捥慨䅜灰慄慴䱜捯污停潲牧浡屳祐桴湯停瑹潨㍮㈱䱜扩獜瑩ⵥ慰正条獥獜慴汲瑥整浜摩汤睥牡履慢敳瀮≹‬楬敮ㄠㄵ‬湩挠牯൯ †愠慷瑩猠汥⹦灡⡰捳灯ⱥ爠捥楥敶潟彲楤捳湯敮瑣‬敳摮湟彯牥潲⥲਍†楆敬∠㩃啜敳獲瑜捥慨䅜灰慄慴䱜捯污停潲牧浡屳祐桴湯停瑹潨㍮㈱䱜扩獜瑩ⵥ慰正条獥獜慴汲瑥整浜摩汤睥牡履慢敳瀮≹‬楬敮ㄠ㤸‬湩张损污彬ൟ †眠瑩⁨潣汬灡敳敟捸牧畯獰⤨ഺ 䘠汩⁥䌢尺獕牥屳整档屡灁䑰瑡屡潌慣屬牐杯慲獭停瑹潨屮祐桴湯ㄳ尲楌屢潣瑮硥汴扩瀮≹‬楬敮ㄠ㠵‬湩张敟楸彴ൟ †猠汥⹦敧⹮桴潲⡷慶畬⥥਍†楆敬∠㩃啜敳獲瑜捥慨䅜灰慄慴䱜捯污停潲牧浡屳祐桴湯停瑹潨㍮㈱䱜扩獜瑩ⵥ慰正条獥獜慴汲瑥整彜瑵汩⹳祰Ⱒ氠湩⁥㌹‬湩挠汯慬獰彥硥杣潲灵൳ †爠楡敳攠捸਍†楆敬∠㩃啜敳獲瑜捥慨䅜灰慄慴䱜捯污停潲牧浡屳祐桴湯停瑹潨㍮㈱䱜扩獜瑩ⵥ慰正条獥獜慴汲瑥整浜摩汤睥牡履慢敳瀮≹‬楬敮ㄠㄹ‬湩张损污彬ൟ †爠獥潰獮⁥‽睡楡⁴敳晬搮獩慰捴彨畦据爨煥敵瑳‬慣汬湟硥⥴਍†††††††帠幞幞幞幞幞幞幞幞幞幞幞幞幞幞幞幞幞幞幞幞幞൞ 䘠汩⁥䌢尺獕牥屳整档屡湏䑥楲敶䑜獥瑫灯獜污獥愠⁩汰瑡牦浯扜捡敫摮慜灰浜摩汤睥牡履敳畣楲祴瀮≹‬楬敮㈠ㄳ‬湩搠獩慰捴൨ †爠獥潰獮⁥‽睡楡⁴慣汬湟硥⡴敲畱獥⥴਍†††††††帠幞幞幞幞幞幞幞幞幞幞幞൞ 䘠汩⁥䌢尺獕牥屳整档屡灁䑰瑡屡潌慣屬牐杯慲獭停瑹潨屮祐桴湯ㄳ尲楌屢楳整瀭捡慫敧屳瑳牡敬瑴履業摤敬慷敲扜獡⹥祰Ⱒ氠湩⁥㘱ⰵ椠⁮慣汬湟硥൴ †爠楡敳愠灰敟捸਍†楆敬∠㩃啜敳獲瑜捥慨䅜灰慄慴䱜捯污停潲牧浡屳祐桴湯停瑹潨㍮㈱䱜扩獜瑩ⵥ慰正条獥獜慴汲瑥整浜摩汤睥牡履慢敳瀮≹‬楬敮ㄠㄵ‬湩挠牯൯ †愠慷瑩猠汥⹦灡⡰捳灯ⱥ爠捥楥敶潟彲楤捳湯敮瑣‬敳摮湟彯牥潲⥲਍†楆敬∠㩃啜敳獲瑜捥慨䅜灰慄慴䱜捯污停潲牧浡屳祐桴湯停瑹潨㍮㈱䱜扩獜瑩ⵥ慰正条獥獜慴汲瑥整浜摩汤睥牡履慢敳瀮≹‬楬敮ㄠ㤸‬湩张损污彬ൟ †眠瑩⁨潣汬灡敳敟捸牧畯獰⤨ഺ 䘠汩⁥䌢尺獕牥屳整档屡灁䑰瑡屡潌慣屬牐杯慲獭停瑹潨屮祐桴湯ㄳ尲楌屢潣瑮硥汴扩瀮≹‬楬敮ㄠ㠵‬湩张敟楸彴ൟ †猠汥⹦敧⹮桴潲⡷慶畬⥥਍†楆敬∠㩃啜敳獲瑜捥慨䅜灰慄慴䱜捯污停潲牧浡屳祐桴湯停瑹潨㍮㈱䱜扩獜瑩ⵥ慰正条獥獜慴汲瑥整彜瑵汩⹳祰Ⱒ氠湩⁥㌹‬湩挠汯慬獰彥硥杣潲灵൳ †爠楡敳攠捸਍†楆敬∠㩃啜敳獲瑜捥慨䅜灰慄慴䱜捯污停潲牧浡屳祐桴湯停瑹潨㍮㈱䱜扩獜瑩ⵥ慰正条獥獜慴汲瑥整浜摩汤睥牡履慢敳瀮≹‬楬敮ㄠㄹ‬湩张损污彬ൟ †爠獥潰獮⁥‽睡楡⁴敳晬搮獩慰捴彨畦据爨煥敵瑳‬慣汬湟硥⥴਍†††††††帠幞幞幞幞幞幞幞幞幞幞幞幞幞幞幞幞幞幞幞幞幞൞ 䘠汩⁥䌢尺獕牥屳整档屡湏䑥楲敶䑜獥瑫灯獜污獥愠⁩汰瑡牦浯扜捡敫摮慜灰浜摩汤睥牡履敳畣楲祴瀮≹‬楬敮㈠ㄱ‬湩搠獩慰捴൨ †爠楡敳䠠呔䕐捸灥楴湯ന昊獡慴楰攮捸灥楴湯⹳呈偔硅散瑰潩㩮㐠㤲›潔⁯慭祮爠煥敵瑳⹳䴠硡浩浵㘠‰敲畱獥獴瀠牥洠湩瑵⁥污潬敷⹤਍਍㉛㈰ⴶ㌰㈭‹㄰㌺㨶ㄲㄮ㔷ㄹ崹嬠䑉携攳㥦㍤ⴳ㡢ㄳ㐭慢ⵦ戸㙦搭慥㈸㈱〹づ嵤䔠剒›㈴㨹吠潯洠湡⁹敲畱獥獴‮慍楸畭⁭〶爠煥敵瑳⁳数⁲業畮整愠汬睯摥മ ⬠䔠捸灥楴湯䜠潲灵吠慲散慢正⠠潭瑳爠捥湥⁴慣汬氠獡⥴ഺ 簠†䘠汩⁥䌢尺獕牥屳整档屡灁䑰瑡屡潌慣屬牐杯慲獭停瑹潨屮祐桴湯ㄳ尲楌屢楳整瀭捡慫敧屳瑳牡敬瑴履畟楴獬瀮≹‬楬敮㠠ⰷ椠⁮潣汬灡敳敟捸牧畯獰਍†⁼††楹汥൤ 簠†䘠汩⁥䌢尺獕牥屳整档屡灁䑰瑡屡潌慣屬牐杯慲獭停瑹潨屮祐桴湯ㄳ尲楌屢楳整瀭捡慫敧屳瑳牡敬瑴履業摤敬慷敲扜獡⹥祰Ⱒ氠湩⁥㤱ⰰ椠⁮彟慣汬彟਍†⁼††獡湹⁣楷桴愠祮潩挮敲瑡彥慴歳束潲灵⤨愠⁳慴歳束潲灵ഺ 簠†䘠汩⁥䌢尺獕牥屳整档屡灁䑰瑡屡潌慣屬牐杯慲獭停瑹潨屮祐桴湯ㄳ尲楌屢楳整瀭捡慫敧屳湡楹屯扟捡敫摮屳慟祳据潩瀮≹‬楬敮㘠㠷‬湩张慟硥瑩彟਍†⁼††慲獩⁥慂敳硅散瑰潩䝮潲灵ന 簠䔠捸灥楴湯片畯㩰甠桮湡汤摥攠牲牯⁳湩愠吠獡䝫潲灵⠠‱畳ⵢ硥散瑰潩⥮਍†⴫⴫ⴭⴭⴭⴭⴭⴭⴭ‭‱ⴭⴭⴭⴭⴭⴭⴭⴭ਍††⁼牔捡扥捡⁫洨獯⁴敲散瑮挠污⁬慬瑳㨩਍††⁼†楆敬∠㩃啜敳獲瑜捥慨䅜灰慄慴䱜捯污停潲牧浡屳祐桴湯停瑹潨㍮㈱䱜扩獜瑩ⵥ慰正条獥獜慴汲瑥整浜摩汤睥牡履牥潲獲瀮≹‬楬敮ㄠ㐶‬湩张损污彬ൟ †簠††愠慷瑩猠汥⹦灡⡰捳灯ⱥ爠捥楥敶‬獟湥⥤਍††⁼†楆敬∠㩃啜敳獲瑜捥慨䅜灰慄慴䱜捯污停潲牧浡屳祐桴湯停瑹潨㍮㈱䱜扩獜瑩ⵥ慰正条獥獜慴汲瑥整浜摩汤睥牡履慢敳瀮≹‬楬敮ㄠ㤸‬湩张损污彬ൟ †簠††眠瑩⁨潣汬灡敳敟捸牧畯獰⤨ഺ †簠†䘠汩⁥䌢尺獕牥屳整档屡灁䑰瑡屡潌慣屬牐杯慲獭停瑹潨屮祐桴湯ㄳ尲楌屢潣瑮硥汴扩瀮≹‬楬敮ㄠ㠵‬湩张敟楸彴ൟ †簠††猠汥⹦敧⹮桴潲⡷慶畬⥥਍††⁼†楆敬∠㩃啜敳獲瑜捥慨䅜灰慄慴䱜捯污停潲牧浡屳祐桴湯停瑹潨㍮㈱䱜扩獜瑩ⵥ慰正条獥獜慴汲瑥整彜瑵汩⹳祰Ⱒ氠湩⁥㌹‬湩挠汯慬獰彥硥杣潲灵൳ †簠††爠楡敳攠捸਍††⁼†楆敬∠㩃啜敳獲瑜捥慨䅜灰慄慴䱜捯污停潲牧浡屳祐桴湯停瑹潨㍮㈱䱜扩獜瑩ⵥ慰正条獥獜慴汲瑥整浜摩汤睥牡履慢敳瀮≹‬楬敮ㄠㄹ‬湩张损污彬ൟ †簠††爠獥潰獮⁥‽睡楡⁴敳晬搮獩慰捴彨畦据爨煥敵瑳‬慣汬湟硥⥴਍††⁼†††††††帠幞幞幞幞幞幞幞幞幞幞幞幞幞幞幞幞幞幞幞幞幞൞ †簠†䘠汩⁥䌢尺獕牥屳整档屡湏䑥楲敶䑜獥瑫灯獜污獥愠⁩汰瑡牦浯扜捡敫摮慜灰浜摩汤睥牡履敲畱獥彴潣瑮硥⹴祰Ⱒ氠湩⁥㘵‬湩搠獩慰捴൨ †簠††爠楡敳攠਍††⁼†楆敬∠㩃啜敳獲瑜捥慨作敮牄癩履敄歳潴屰慳敬⁳楡瀠慬晴潲屭慢正湥層灡屰業摤敬慷敲牜煥敵瑳损湯整瑸瀮≹‬楬敮㔠ⰰ椠⁮楤灳瑡档਍††⁼††敲灳湯敳㴠愠慷瑩挠污彬敮瑸爨煥敵瑳ഩ †簠††††††††幞幞幞幞幞幞幞幞幞幞幞幞਍††⁼†楆敬∠㩃啜敳獲瑜捥慨䅜灰慄慴䱜捯污停潲牧浡屳祐桴湯停瑹潨㍮㈱䱜扩獜瑩ⵥ慰正条獥獜慴汲瑥整浜摩汤睥牡履慢敳瀮≹‬楬敮ㄠ㔶‬湩挠污彬敮瑸਍††⁼††慲獩⁥灡彰硥ൣ †簠†䘠汩⁥䌢尺獕牥屳整档屡灁䑰瑡屡潌慣屬牐杯慲獭停瑹潨屮祐桴湯ㄳ尲楌屢楳整瀭捡慫敧屳瑳牡敬瑴履業摤敬慷敲扜獡⹥祰Ⱒ氠湩⁥㔱ⰱ椠⁮潣潲਍††⁼††睡楡⁴敳晬愮灰猨潣数‬敲散癩彥牯摟獩潣湮捥ⱴ猠湥彤潮敟牲牯ഩ †簠†䘠汩⁥䌢尺獕牥屳整档屡灁䑰瑡屡潌慣屬牐杯慲獭停瑹潨屮祐桴湯ㄳ尲楌屢楳整瀭捡慫敧屳瑳牡敬瑴履業摤敬慷敲扜獡⹥祰Ⱒ氠湩⁥㠱ⰹ椠⁮彟慣汬彟਍††⁼††楷桴挠汯慬獰彥硥杣潲灵⡳㨩਍††⁼†楆敬∠㩃啜敳獲瑜捥慨䅜灰慄慴䱜捯污停潲牧浡屳祐桴湯停瑹潨㍮㈱䱜扩捜湯整瑸楬⹢祰Ⱒ氠湩⁥㔱ⰸ椠⁮彟硥瑩彟਍††⁼††敳晬朮湥琮牨睯瘨污敵ഩ †簠†䘠汩⁥䌢尺獕牥屳整档屡灁䑰瑡屡潌慣屬牐杯慲獭停瑹潨屮祐桴湯ㄳ尲楌屢楳整瀭捡慫敧屳瑳牡敬瑴履畟楴獬瀮≹‬楬敮㤠ⰳ椠⁮潣汬灡敳敟捸牧畯獰਍††⁼††慲獩⁥硥ൣ †簠†䘠汩⁥䌢尺獕牥屳整档屡灁䑰瑡屡潌慣屬牐杯慲獭停瑹潨屮祐桴湯ㄳ尲楌屢楳整瀭捡慫敧屳瑳牡敬瑴履業摤敬慷敲扜獡⹥祰Ⱒ氠湩⁥㤱ⰱ椠⁮彟慣汬彟਍††⁼††敲灳湯敳㴠愠慷瑩猠汥⹦楤灳瑡档晟湵⡣敲畱獥ⱴ挠污彬敮瑸ഩ †簠††††††††幞幞幞幞幞幞幞幞幞幞幞幞幞幞幞幞幞幞幞幞幞幞਍††⁼†楆敬∠㩃啜敳獲瑜捥慨作敮牄癩履敄歳潴屰慳敬⁳楡瀠慬晴潲屭慢正湥層灡屰業摤敬慷敲獜捥牵瑩⹹祰Ⱒ氠湩⁥㌲ⰱ椠⁮楤灳瑡档਍††⁼††敲灳湯敳㴠愠慷瑩挠污彬敮瑸爨煥敵瑳ഩ †簠††††††††幞幞幞幞幞幞幞幞幞幞幞幞਍††⁼†楆敬∠㩃啜敳獲瑜捥慨䅜灰慄慴䱜捯污停潲牧浡屳祐桴湯停瑹潨㍮㈱䱜扩獜瑩ⵥ慰正条獥獜慴汲瑥整浜摩汤睥牡履慢敳瀮≹‬楬敮ㄠ㔶‬湩挠污彬敮瑸਍††⁼††慲獩⁥灡彰硥ൣ †簠†䘠汩⁥䌢尺獕牥屳整档屡灁䑰瑡屡潌慣屬牐杯慲獭停瑹潨屮祐桴湯ㄳ尲楌屢楳整瀭捡慫敧屳瑳牡敬瑴履業摤敬慷敲扜獡⹥祰Ⱒ氠湩⁥㔱ⰱ椠⁮潣潲਍††⁼††睡楡⁴敳晬愮灰猨潣数‬敲散癩彥牯摟獩潣湮捥ⱴ猠湥彤潮敟牲牯ഩ †簠†䘠汩⁥䌢尺獕牥屳整档屡灁䑰瑡屡潌慣屬牐杯慲獭停瑹潨屮祐桴湯ㄳ尲楌屢楳整瀭捡慫敧屳瑳牡敬瑴履業摤敬慷敲扜獡⹥祰Ⱒ氠湩⁥㠱ⰹ椠⁮彟慣汬彟਍††⁼††楷桴挠汯慬獰彥硥杣潲灵⡳㨩਍††⁼†楆敬∠㩃啜敳獲瑜捥慨䅜灰慄慴䱜捯污停潲牧浡屳祐桴湯停瑹潨㍮㈱䱜扩捜湯整瑸楬⹢祰Ⱒ氠湩⁥㔱ⰸ椠⁮彟硥瑩彟਍††⁼††敳晬朮湥琮牨睯瘨污敵ഩ †簠†䘠汩⁥䌢尺獕牥屳整档屡灁䑰瑡屡潌慣屬牐杯慲獭停瑹潨屮祐桴湯ㄳ尲楌屢楳整瀭捡慫敧屳瑳牡敬瑴履畟楴獬瀮≹‬楬敮㤠ⰳ椠⁮潣汬灡敳敟捸牧畯獰਍††⁼††慲獩⁥硥ൣ †簠†䘠汩⁥䌢尺獕牥屳整档屡灁䑰瑡屡潌慣屬牐杯慲獭停瑹潨屮祐桴湯ㄳ尲楌屢楳整瀭捡慫敧屳瑳牡敬瑴履業摤敬慷敲扜獡⹥祰Ⱒ氠湩⁥㤱ⰱ椠⁮彟慣汬彟਍††⁼††敲灳湯敳㴠愠慷瑩猠汥⹦楤灳瑡档晟湵⡣敲畱獥ⱴ挠污彬敮瑸ഩ †簠††††††††幞幞幞幞幞幞幞幞幞幞幞幞幞幞幞幞幞幞幞幞幞幞਍††⁼†楆敬∠㩃啜敳獲瑜捥慨作敮牄癩履敄歳潴屰慳敬⁳楡瀠慬晴潲屭慢正湥層灡屰業摤敬慷敲獜捥牵瑩⹹祰Ⱒ氠湩⁥ㄲⰱ椠⁮楤灳瑡档਍††⁼††慲獩⁥呈偔硅散瑰潩⡮਍††⁼慦瑳灡⹩硥散瑰潩獮䠮呔䕐捸灥楴湯›㈴㨹吠潯洠湡⁹敲畱獥獴‮慍楸畭⁭〶爠煥敵瑳⁳数⁲業畮整愠汬睯摥മ †⬠ⴭⴭⴭⴭⴭⴭⴭⴭⴭⴭⴭⴭⴭⴭⴭⴭⴭⴭ਍਍畄楲杮栠湡汤湩⁧景琠敨愠潢敶攠捸灥楴湯‬湡瑯敨⁲硥散瑰潩⁮捯畣牲摥ഺഊ吊慲散慢正⠠潭瑳爠捥湥⁴慣汬氠獡⥴ഺ 䘠汩⁥䌢尺獕牥屳整档屡灁䑰瑡屡潌慣屬牐杯慲獭停瑹潨屮祐桴湯ㄳ尲楌屢楳整瀭捡慫敧屳瑳牡敬瑴履業摤敬慷敲敜牲牯⹳祰Ⱒ氠湩⁥㘱ⰴ椠⁮彟慣汬彟਍††睡楡⁴敳晬愮灰猨潣数‬敲散癩ⱥ张敳摮ഩ 䘠汩⁥䌢尺獕牥屳整档屡灁䑰瑡屡潌慣屬牐杯慲獭停瑹潨屮祐桴湯ㄳ尲楌屢楳整瀭捡慫敧屳瑳牡敬瑴履業摤敬慷敲扜獡⹥祰Ⱒ氠湩⁥㠱ⰹ椠⁮彟慣汬彟਍††楷桴挠汯慬獰彥硥杣潲灵⡳㨩਍†楆敬∠㩃啜敳獲瑜捥慨䅜灰慄慴䱜捯污停潲牧浡屳祐桴湯停瑹潨㍮㈱䱜扩捜湯整瑸楬⹢祰Ⱒ氠湩⁥㔱ⰸ椠⁮彟硥瑩彟਍††敳晬朮湥琮牨睯瘨污敵ഩ 䘠汩⁥䌢尺獕牥屳整档屡灁䑰瑡屡潌慣屬牐杯慲獭停瑹潨屮祐桴湯ㄳ尲楌屢楳整瀭捡慫敧屳瑳牡敬瑴履畟楴獬瀮≹‬楬敮㤠ⰳ椠⁮潣汬灡敳敟捸牧畯獰਍††慲獩⁥硥ൣ 䘠汩⁥䌢尺獕牥屳整档屡灁䑰瑡屡潌慣屬牐杯慲獭停瑹潨屮祐桴湯ㄳ尲楌屢楳整瀭捡慫敧屳瑳牡敬瑴履業摤敬慷敲扜獡⹥祰Ⱒ氠湩⁥㤱ⰱ椠⁮彟慣汬彟਍††敲灳湯敳㴠愠慷瑩猠汥⹦楤灳瑡档晟湵⡣敲畱獥ⱴ挠污彬敮瑸ഩ †††††††幞幞幞幞幞幞幞幞幞幞幞幞幞幞幞幞幞幞幞幞幞幞਍†楆敬∠㩃啜敳獲瑜捥慨作敮牄癩履敄歳潴屰慳敬⁳楡瀠慬晴潲屭慢正湥層灡屰業摤敬慷敲牜煥敵瑳损湯整瑸瀮≹‬楬敮㔠ⰶ椠⁮楤灳瑡档਍††慲獩⁥൥ 䘠汩⁥䌢尺獕牥屳整档屡湏䑥楲敶䑜獥瑫灯獜污獥愠⁩汰瑡牦浯扜捡敫摮慜灰浜摩汤睥牡履敲畱獥彴潣瑮硥⹴祰Ⱒ氠湩⁥〵‬湩搠獩慰捴൨ †爠獥潰獮⁥‽睡楡⁴慣汬湟硥⡴敲畱獥⥴਍†††††††帠幞幞幞幞幞幞幞幞幞幞幞൞ 䘠汩⁥䌢尺獕牥屳整档屡灁䑰瑡屡潌慣屬牐杯慲獭停瑹潨屮祐桴湯ㄳ尲楌屢楳整瀭捡慫敧屳瑳牡敬瑴履業摤敬慷敲扜獡⹥祰Ⱒ氠湩⁥㘱ⰵ椠⁮慣汬湟硥൴ †爠楡敳愠灰敟捸਍†楆敬∠㩃啜敳獲瑜捥慨䅜灰慄慴䱜捯污停潲牧浡屳祐桴湯停瑹潨㍮㈱䱜扩獜瑩ⵥ慰正条獥獜慴汲瑥整浜摩汤睥牡履慢敳瀮≹‬楬敮ㄠㄵ‬湩挠牯൯ †愠慷瑩猠汥⹦灡⡰捳灯ⱥ爠捥楥敶潟彲楤捳湯敮瑣‬敳摮湟彯牥潲⥲਍†楆敬∠㩃啜敳獲瑜捥慨䅜灰慄慴䱜捯污停潲牧浡屳祐桴湯停瑹潨㍮㈱䱜扩獜瑩ⵥ慰正条獥獜慴汲瑥整浜摩汤睥牡履慢敳瀮≹‬楬敮ㄠ㤸‬湩张损污彬ൟ †眠瑩⁨潣汬灡敳敟捸牧畯獰⤨ഺ 䘠汩⁥䌢尺獕牥屳整档屡灁䑰瑡屡潌慣屬牐杯慲獭停瑹潨屮祐桴湯ㄳ尲楌屢潣瑮硥汴扩瀮≹‬楬敮ㄠ㠵‬湩张敟楸彴ൟ †猠汥⹦敧⹮桴潲⡷慶畬⥥਍†楆敬∠㩃啜敳獲瑜捥慨䅜灰慄慴䱜捯污停潲牧浡屳祐桴湯停瑹潨㍮㈱䱜扩獜瑩ⵥ慰正条獥獜慴汲瑥整彜瑵汩⹳祰Ⱒ氠湩⁥㌹‬湩挠汯慬獰彥硥杣潲灵൳ †爠楡敳攠捸਍†楆敬∠㩃啜敳獲瑜捥慨䅜灰慄慴䱜捯污停潲牧浡屳祐桴湯停瑹潨㍮㈱䱜扩獜瑩ⵥ慰正条獥獜慴汲瑥整浜摩汤睥牡履慢敳瀮≹‬楬敮ㄠㄹ‬湩张损污彬ൟ †爠獥潰獮⁥‽睡楡⁴敳晬搮獩慰捴彨畦据爨煥敵瑳‬慣汬湟硥⥴਍†††††††帠幞幞幞幞幞幞幞幞幞幞幞幞幞幞幞幞幞幞幞幞幞൞ 䘠汩⁥䌢尺獕牥屳整档屡湏䑥楲敶䑜獥瑫灯獜污獥愠⁩汰瑡牦浯扜捡敫摮慜灰浜摩汤睥牡履敳畣楲祴瀮≹‬楬敮㈠ㄳ‬湩搠獩慰捴൨ †爠獥潰獮⁥‽睡楡⁴慣汬湟硥⡴敲畱獥⥴਍†††††††帠幞幞幞幞幞幞幞幞幞幞幞൞ 䘠汩⁥䌢尺獕牥屳整档屡灁䑰瑡屡潌慣屬牐杯慲獭停瑹潨屮祐桴湯ㄳ尲楌屢楳整瀭捡慫敧屳瑳牡敬瑴履業摤敬慷敲扜獡⹥祰Ⱒ氠湩⁥㘱ⰵ椠⁮慣汬湟硥൴ †爠楡敳愠灰敟捸਍†楆敬∠㩃啜敳獲瑜捥慨䅜灰慄慴䱜捯污停潲牧浡屳祐桴湯停瑹潨㍮㈱䱜扩獜瑩ⵥ慰正条獥獜慴汲瑥整浜摩汤睥牡履慢敳瀮≹‬楬敮ㄠㄵ‬湩挠牯൯ †愠慷瑩猠汥⹦灡⡰捳灯ⱥ爠捥楥敶潟彲楤捳湯敮瑣‬敳摮湟彯牥潲⥲਍†楆敬∠㩃啜敳獲瑜捥慨䅜灰慄慴䱜捯污停潲牧浡屳祐桴湯停瑹潨㍮㈱䱜扩獜瑩ⵥ慰正条獥獜慴汲瑥整浜摩汤睥牡履慢敳瀮≹‬楬敮ㄠ㤸‬湩张损污彬ൟ †眠瑩⁨潣汬灡敳敟捸牧畯獰⤨ഺ 䘠汩⁥䌢尺獕牥屳整档屡灁䑰瑡屡潌慣屬牐杯慲獭停瑹潨屮祐桴湯ㄳ尲楌屢潣瑮硥汴扩瀮≹‬楬敮ㄠ㠵‬湩张敟楸彴ൟ †猠汥⹦敧⹮桴潲⡷慶畬⥥਍†楆敬∠㩃啜敳獲瑜捥慨䅜灰慄慴䱜捯污停潲牧浡屳祐桴湯停瑹潨㍮㈱䱜扩獜瑩ⵥ慰正条獥獜慴汲瑥整彜瑵汩⹳祰Ⱒ氠湩⁥㌹‬湩挠汯慬獰彥硥杣潲灵൳ †爠楡敳攠捸਍†楆敬∠㩃啜敳獲瑜捥慨䅜灰慄慴䱜捯污停潲牧浡屳祐桴湯停瑹潨㍮㈱䱜扩獜瑩ⵥ慰正条獥獜慴汲瑥整浜摩汤睥牡履慢敳瀮≹‬楬敮ㄠㄹ‬湩张损污彬ൟ †爠獥潰獮⁥‽睡楡⁴敳晬搮獩慰捴彨畦据爨煥敵瑳‬慣汬湟硥⥴਍†††††††帠幞幞幞幞幞幞幞幞幞幞幞幞幞幞幞幞幞幞幞幞幞൞ 䘠汩⁥䌢尺獕牥屳整档屡湏䑥楲敶䑜獥瑫灯獜污獥愠⁩汰瑡牦浯扜捡敫摮慜灰浜摩汤睥牡履敳畣楲祴瀮≹‬楬敮㈠ㄱ‬湩搠獩慰捴൨ †爠楡敳䠠呔䕐捸灥楴湯ന昊獡慴楰攮捸灥楴湯⹳呈偔硅散瑰潩㩮㐠㤲›潔⁯慭祮爠煥敵瑳⹳䴠硡浩浵㘠‰敲畱獥獴瀠牥洠湩瑵⁥污潬敷⹤਍਍㉛㈰ⴶ㌰㈭‹㄰㌺㨶ㄲ㘮㔴㐴崲嬠䑉㌺㍡挶㈷ⴲ㈵㘵㐭〷ⵣ挸㐸戭㜲㐳㌹㤴㈵嵢䔠剒›㈴㨹吠潯洠湡⁹敲畱獥獴‮慍楸畭⁭〶爠煥敵瑳⁳数⁲業畮整愠汬睯摥മ ⬠䔠捸灥楴湯䜠潲灵吠慲散慢正⠠潭瑳爠捥湥⁴慣汬氠獡⥴ഺ 簠†䘠汩⁥䌢尺獕牥屳整档屡灁䑰瑡屡潌慣屬牐杯慲獭停瑹潨屮祐桴湯ㄳ尲楌屢楳整瀭捡慫敧屳瑳牡敬瑴履畟楴獬瀮≹‬楬敮㠠ⰷ椠⁮潣汬灡敳敟捸牧畯獰਍†⁼††楹汥൤ 簠†䘠汩⁥䌢尺獕牥屳整档屡灁䑰瑡屡潌慣屬牐杯慲獭停瑹潨屮祐桴湯ㄳ尲楌屢楳整瀭捡慫敧屳瑳牡敬瑴履業摤敬慷敲扜獡⹥祰Ⱒ氠湩⁥㤱ⰰ椠⁮彟慣汬彟਍†⁼††獡湹⁣楷桴愠祮潩挮敲瑡彥慴歳束潲灵⤨愠⁳慴歳束潲灵ഺ 簠†䘠汩⁥䌢尺獕牥屳整档屡灁䑰瑡屡潌慣屬牐杯慲獭停瑹潨屮祐桴湯ㄳ尲楌屢楳整瀭捡慫敧屳湡楹屯扟捡敫摮屳慟祳据潩瀮≹‬楬敮㘠㠷‬湩张慟硥瑩彟਍†⁼††慲獩⁥慂敳硅散瑰潩䝮潲灵ന 簠䔠捸灥楴湯片畯㩰甠桮湡汤摥攠牲牯⁳湩愠吠獡䝫潲灵⠠‱畳ⵢ硥散瑰潩⥮਍†⴫⴫ⴭⴭⴭⴭⴭⴭⴭ‭‱ⴭⴭⴭⴭⴭⴭⴭⴭ਍††⁼牔捡扥捡⁫洨獯⁴敲散瑮挠污⁬慬瑳㨩਍††⁼†楆敬∠㩃啜敳獲瑜捥慨䅜灰慄慴䱜捯污停潲牧浡屳祐桴湯停瑹潨㍮㈱䱜扩獜瑩ⵥ慰正条獥獜慴汲瑥整浜摩汤睥牡履牥潲獲瀮≹‬楬敮ㄠ㐶‬湩张损污彬ൟ †簠††愠慷瑩猠汥⹦灡⡰捳灯ⱥ爠捥楥敶‬獟湥⥤਍††⁼†楆敬∠㩃啜敳獲瑜捥慨䅜灰慄慴䱜捯污停潲牧浡屳祐桴湯停瑹潨㍮㈱䱜扩獜瑩ⵥ慰正条獥獜慴汲瑥整浜摩汤睥牡履慢敳瀮≹‬楬敮ㄠ㤸‬湩张损污彬ൟ †簠††眠瑩⁨潣汬灡敳敟捸牧畯獰⤨ഺ †簠†䘠汩⁥䌢尺獕牥屳整档屡灁䑰瑡屡潌慣屬牐杯慲獭停瑹潨屮祐桴湯ㄳ尲楌屢潣瑮硥汴扩瀮≹‬楬敮ㄠ㠵‬湩张敟楸彴ൟ †簠††猠汥⹦敧⹮桴潲⡷慶畬⥥਍††⁼†楆敬∠㩃啜敳獲瑜捥慨䅜灰慄慴䱜捯污停潲牧浡屳祐桴湯停瑹潨㍮㈱䱜扩獜瑩ⵥ慰正条獥獜慴汲瑥整彜瑵汩⹳祰Ⱒ氠湩⁥㌹‬湩挠汯慬獰彥硥杣潲灵൳ †簠††爠楡敳攠捸਍††⁼†楆敬∠㩃啜敳獲瑜捥慨䅜灰慄慴䱜捯污停潲牧浡屳祐桴湯停瑹潨㍮㈱䱜扩獜瑩ⵥ慰正条獥獜慴汲瑥整浜摩汤睥牡履慢敳瀮≹‬楬敮ㄠㄹ‬湩张损污彬ൟ †簠††爠獥潰獮⁥‽睡楡⁴敳晬搮獩慰捴彨畦据爨煥敵瑳‬慣汬湟硥⥴਍††⁼†††††††帠幞幞幞幞幞幞幞幞幞幞幞幞幞幞幞幞幞幞幞幞幞൞ †簠†䘠汩⁥䌢尺獕牥屳整档屡湏䑥楲敶䑜獥瑫灯獜污獥愠⁩汰瑡牦浯扜捡敫摮慜灰浜摩汤睥牡履敲畱獥彴潣瑮硥⹴祰Ⱒ氠湩⁥㘵‬湩搠獩慰捴൨ †簠††爠楡敳攠਍††⁼†楆敬∠㩃啜敳獲瑜捥慨作敮牄癩履敄歳潴屰慳敬⁳楡瀠慬晴潲屭慢正湥層灡屰業摤敬慷敲牜煥敵瑳损湯整瑸瀮≹‬楬敮㔠ⰰ椠⁮楤灳瑡档਍††⁼††敲灳湯敳㴠愠慷瑩挠污彬敮瑸爨煥敵瑳ഩ †簠††††††††幞幞幞幞幞幞幞幞幞幞幞幞਍††⁼†楆敬∠㩃啜敳獲瑜捥慨䅜灰慄慴䱜捯污停潲牧浡屳祐桴湯停瑹潨㍮㈱䱜扩獜瑩ⵥ慰正条獥獜慴汲瑥整浜摩汤睥牡履慢敳瀮≹‬楬敮ㄠ㔶‬湩挠污彬敮瑸਍††⁼††慲獩⁥灡彰硥ൣ †簠†䘠汩⁥䌢尺獕牥屳整档屡灁䑰瑡屡潌慣屬牐杯慲獭停瑹潨屮祐桴湯ㄳ尲楌屢楳整瀭捡慫敧屳瑳牡敬瑴履業摤敬慷敲扜獡⹥祰Ⱒ氠湩⁥㔱ⰱ椠⁮潣潲਍††⁼††睡楡⁴敳晬愮灰猨潣数‬敲散癩彥牯摟獩潣湮捥ⱴ猠湥彤潮敟牲牯ഩ †簠†䘠汩⁥䌢尺獕牥屳整档屡灁䑰瑡屡潌慣屬牐杯慲獭停瑹潨屮祐桴湯ㄳ尲楌屢楳整瀭捡慫敧屳瑳牡敬瑴履業摤敬慷敲扜獡⹥祰Ⱒ氠湩⁥㠱ⰹ椠⁮彟慣汬彟਍††⁼††楷桴挠汯慬獰彥硥杣潲灵⡳㨩਍††⁼†楆敬∠㩃啜敳獲瑜捥慨䅜灰慄慴䱜捯污停潲牧浡屳祐桴湯停瑹潨㍮㈱䱜扩捜湯整瑸楬⹢祰Ⱒ氠湩⁥㔱ⰸ椠⁮彟硥瑩彟਍††⁼††敳晬朮湥琮牨睯瘨污敵ഩ †簠†䘠汩⁥䌢尺獕牥屳整档屡灁䑰瑡屡潌慣屬牐杯慲獭停瑹潨屮祐桴湯ㄳ尲楌屢楳整瀭捡慫敧屳瑳牡敬瑴履畟楴獬瀮≹‬楬敮㤠ⰳ椠⁮潣汬灡敳敟捸牧畯獰਍††⁼††慲獩⁥硥ൣ †簠†䘠汩⁥䌢尺獕牥屳整档屡灁䑰瑡屡潌慣屬牐杯慲獭停瑹潨屮祐桴湯ㄳ尲楌屢楳整瀭捡慫敧屳瑳牡敬瑴履業摤敬慷敲扜獡⹥祰Ⱒ氠湩⁥㤱ⰱ椠⁮彟慣汬彟਍††⁼††敲灳湯敳㴠愠慷瑩猠汥⹦楤灳瑡档晟湵⡣敲畱獥ⱴ挠污彬敮瑸ഩ †簠††††††††幞幞幞幞幞幞幞幞幞幞幞幞幞幞幞幞幞幞幞幞幞幞਍††⁼†楆敬∠㩃啜敳獲瑜捥慨作敮牄癩履敄歳潴屰慳敬⁳楡瀠慬晴潲屭慢正湥層灡屰業摤敬慷敲獜捥牵瑩⹹祰Ⱒ氠湩⁥㌲ⰱ椠⁮楤灳瑡档਍††⁼††敲灳湯敳㴠愠慷瑩挠污彬敮瑸爨煥敵瑳ഩ †簠††††††††幞幞幞幞幞幞幞幞幞幞幞幞਍††⁼†楆敬∠㩃啜敳獲瑜捥慨䅜灰慄慴䱜捯污停潲牧浡屳祐桴湯停瑹潨㍮㈱䱜扩獜瑩ⵥ慰正条獥獜慴汲瑥整浜摩汤睥牡履慢敳瀮≹‬楬敮ㄠ㔶‬湩挠污彬敮瑸਍††⁼††慲獩⁥灡彰硥ൣ †簠†䘠汩⁥䌢尺獕牥屳整档屡灁䑰瑡屡潌慣屬牐杯慲獭停瑹潨屮祐桴湯ㄳ尲楌屢楳整瀭捡慫敧屳瑳牡敬瑴履業摤敬慷敲扜獡⹥祰Ⱒ氠湩⁥㔱ⰱ椠⁮潣潲਍††⁼††睡楡⁴敳晬愮灰猨潣数‬敲散癩彥牯摟獩潣湮捥ⱴ猠湥彤潮敟牲牯ഩ †簠†䘠汩⁥䌢尺獕牥屳整档屡灁䑰瑡屡潌慣屬牐杯慲獭停瑹潨屮祐桴湯ㄳ尲楌屢楳整瀭捡慫敧屳瑳牡敬瑴履業摤敬慷敲扜獡⹥祰Ⱒ氠湩⁥㠱ⰹ椠⁮彟慣汬彟਍††⁼††楷桴挠汯慬獰彥硥杣潲灵⡳㨩਍††⁼†楆敬∠㩃啜敳獲瑜捥慨䅜灰慄慴䱜捯污停潲牧浡屳祐桴湯停瑹潨㍮㈱䱜扩捜湯整瑸楬⹢祰Ⱒ氠湩⁥㔱ⰸ椠⁮彟硥瑩彟਍††⁼††敳晬朮湥琮牨睯瘨污敵ഩ †簠†䘠汩⁥䌢尺獕牥屳整档屡灁䑰瑡屡潌慣屬牐杯慲獭停瑹潨屮祐桴湯ㄳ尲楌屢楳整瀭捡慫敧屳瑳牡敬瑴履畟楴獬瀮≹‬楬敮㤠ⰳ椠⁮潣汬灡敳敟捸牧畯獰਍††⁼††慲獩⁥硥ൣ †簠†䘠汩⁥䌢尺獕牥屳整档屡灁䑰瑡屡潌慣屬牐杯慲獭停瑹潨屮祐桴湯ㄳ尲楌屢楳整瀭捡慫敧屳瑳牡敬瑴履業摤敬慷敲扜獡⹥祰Ⱒ氠湩⁥㤱ⰱ椠⁮彟慣汬彟਍††⁼††敲灳湯敳㴠愠慷瑩猠汥⹦楤灳瑡档晟湵⡣敲畱獥ⱴ挠污彬敮瑸ഩ †簠††††††††幞幞幞幞幞幞幞幞幞幞幞幞幞幞幞幞幞幞幞幞幞幞਍††⁼†楆敬∠㩃啜敳獲瑜捥慨作敮牄癩履敄歳潴屰慳敬⁳楡瀠慬晴潲屭慢正湥層灡屰業摤敬慷敲獜捥牵瑩⹹祰Ⱒ氠湩⁥ㄲⰱ椠⁮楤灳瑡档਍††⁼††慲獩⁥呈偔硅散瑰潩⡮਍††⁼慦瑳灡⹩硥散瑰潩獮䠮呔䕐捸灥楴湯›㈴㨹吠潯洠湡⁹敲畱獥獴‮慍楸畭⁭〶爠煥敵瑳⁳数⁲業畮整愠汬睯摥മ †⬠ⴭⴭⴭⴭⴭⴭⴭⴭⴭⴭⴭⴭⴭⴭⴭⴭⴭⴭ਍਍畄楲杮栠湡汤湩⁧景琠敨愠潢敶攠捸灥楴湯‬湡瑯敨⁲硥散瑰潩⁮捯畣牲摥ഺഊ吊慲散慢正⠠潭瑳爠捥湥⁴慣汬氠獡⥴ഺ 䘠汩⁥䌢尺獕牥屳整档屡灁䑰瑡屡潌慣屬牐杯慲獭停瑹潨屮祐桴湯ㄳ尲楌屢楳整瀭捡慫敧屳瑳牡敬瑴履業摤敬慷敲敜牲牯⹳祰Ⱒ氠湩⁥㘱ⰴ椠⁮彟慣汬彟਍††睡楡⁴敳晬愮灰猨潣数‬敲散癩ⱥ张敳摮ഩ 䘠汩⁥䌢尺獕牥屳整档屡灁䑰瑡屡潌慣屬牐杯慲獭停瑹潨屮祐桴湯ㄳ尲楌屢楳整瀭捡慫敧屳瑳牡敬瑴履業摤敬慷敲扜獡⹥祰Ⱒ氠湩⁥㠱ⰹ椠⁮彟慣汬彟਍††楷桴挠汯慬獰彥硥杣潲灵⡳㨩਍†楆敬∠㩃啜敳獲瑜捥慨䅜灰慄慴䱜捯污停潲牧浡屳祐桴湯停瑹潨㍮㈱䱜扩捜湯整瑸楬⹢祰Ⱒ氠湩⁥㔱ⰸ椠⁮彟硥瑩彟਍††敳晬朮湥琮牨睯瘨污敵ഩ 䘠汩⁥䌢尺獕牥屳整档屡灁䑰瑡屡潌慣屬牐杯慲獭停瑹潨屮祐桴湯ㄳ尲楌屢楳整瀭捡慫敧屳瑳牡敬瑴履畟楴獬瀮≹‬楬敮㤠ⰳ椠⁮潣汬灡敳敟捸牧畯獰਍††慲獩⁥硥ൣ 䘠汩⁥䌢尺獕牥屳整档屡灁䑰瑡屡潌慣屬牐杯慲獭停瑹潨屮祐桴湯ㄳ尲楌屢楳整瀭捡慫敧屳瑳牡敬瑴履業摤敬慷敲扜獡⹥祰Ⱒ氠湩⁥㤱ⰱ椠⁮彟慣汬彟਍††敲灳湯敳㴠愠慷瑩猠汥⹦楤灳瑡档晟湵⡣敲畱獥ⱴ挠污彬敮瑸ഩ †††††††幞幞幞幞幞幞幞幞幞幞幞幞幞幞幞幞幞幞幞幞幞幞਍†楆敬∠㩃啜敳獲瑜捥慨作敮牄癩履敄歳潴屰慳敬⁳楡瀠慬晴潲屭慢正湥層灡屰業摤敬慷敲牜煥敵瑳损湯整瑸瀮≹‬楬敮㔠ⰶ椠⁮楤灳瑡档਍††慲獩⁥൥ 䘠汩⁥䌢尺獕牥屳整档屡湏䑥楲敶䑜獥瑫灯獜污獥愠⁩汰瑡牦浯扜捡敫摮慜灰浜摩汤睥牡履敲畱獥彴潣瑮硥⹴祰Ⱒ氠湩⁥〵‬湩搠獩慰捴൨ †爠獥潰獮⁥‽睡楡⁴慣汬湟硥⡴敲畱獥⥴਍†††††††帠幞幞幞幞幞幞幞幞幞幞幞൞ 䘠汩⁥䌢尺獕牥屳整档屡灁䑰瑡屡潌慣屬牐杯慲獭停瑹潨屮祐桴湯ㄳ尲楌屢楳整瀭捡慫敧屳瑳牡敬瑴履業摤敬慷敲扜獡⹥祰Ⱒ氠湩⁥㘱ⰵ椠⁮慣汬湟硥൴ †爠楡敳愠灰敟捸਍†楆敬∠㩃啜敳獲瑜捥慨䅜灰慄慴䱜捯污停潲牧浡屳祐桴湯停瑹潨㍮㈱䱜扩獜瑩ⵥ慰正条獥獜慴汲瑥整浜摩汤睥牡履慢敳瀮≹‬楬敮ㄠㄵ‬湩挠牯൯ †愠慷瑩猠汥⹦灡⡰捳灯ⱥ爠捥楥敶潟彲楤捳湯敮瑣‬敳摮湟彯牥潲⥲਍†楆敬∠㩃啜敳獲瑜捥慨䅜灰慄慴䱜捯污停潲牧浡屳祐桴湯停瑹潨㍮㈱䱜扩獜瑩ⵥ慰正条獥獜慴汲瑥整浜摩汤睥牡履慢敳瀮≹‬楬敮ㄠ㤸‬湩张损污彬ൟ †眠瑩⁨潣汬灡敳敟捸牧畯獰⤨ഺ 䘠汩⁥䌢尺獕牥屳整档屡灁䑰瑡屡潌慣屬牐杯慲獭停瑹潨屮祐桴湯ㄳ尲楌屢潣瑮硥汴扩瀮≹‬楬敮ㄠ㠵‬湩张敟楸彴ൟ †猠汥⹦敧⹮桴潲⡷慶畬⥥਍†楆敬∠㩃啜敳獲瑜捥慨䅜灰慄慴䱜捯污停潲牧浡屳祐桴湯停瑹潨㍮㈱䱜扩獜瑩ⵥ慰正条獥獜慴汲瑥整彜瑵汩⹳祰Ⱒ氠湩⁥㌹‬湩挠汯慬獰彥硥杣潲灵൳ †爠楡敳攠捸਍†楆敬∠㩃啜敳獲瑜捥慨䅜灰慄慴䱜捯污停潲牧浡屳祐桴湯停瑹潨㍮㈱䱜扩獜瑩ⵥ慰正条獥獜慴汲瑥整浜摩汤睥牡履慢敳瀮≹‬楬敮ㄠㄹ‬湩张损污彬ൟ †爠獥潰獮⁥‽睡楡⁴敳晬搮獩慰捴彨畦据爨煥敵瑳‬慣汬湟硥⥴਍†††††††帠幞幞幞幞幞幞幞幞幞幞幞幞幞幞幞幞幞幞幞幞幞൞ 䘠汩⁥䌢尺獕牥屳整档屡湏䑥楲敶䑜獥瑫灯獜污獥愠⁩汰瑡牦浯扜捡敫摮慜灰浜摩汤睥牡履敳畣楲祴瀮≹‬楬敮㈠ㄳ‬湩搠獩慰捴൨ †爠獥潰獮⁥‽睡楡⁴慣汬湟硥⡴敲畱獥⥴਍†††††††帠幞幞幞幞幞幞幞幞幞幞幞൞ 䘠汩⁥䌢尺獕牥屳整档屡灁䑰瑡屡潌慣屬牐杯慲獭停瑹潨屮祐桴湯ㄳ尲楌屢楳整瀭捡慫敧屳瑳牡敬瑴履業摤敬慷敲扜獡⹥祰Ⱒ氠湩⁥㘱ⰵ椠⁮慣汬湟硥൴ †爠楡敳愠灰敟捸਍†楆敬∠㩃啜敳獲瑜捥慨䅜灰慄慴䱜捯污停潲牧浡屳祐桴湯停瑹潨㍮㈱䱜扩獜瑩ⵥ慰正条獥獜慴汲瑥整浜摩汤睥牡履慢敳瀮≹‬楬敮ㄠㄵ‬湩挠牯൯ †愠慷瑩猠汥⹦灡⡰捳灯ⱥ爠捥楥敶潟彲楤捳湯敮瑣‬敳摮湟彯牥潲⥲਍†楆敬∠㩃啜敳獲瑜捥慨䅜灰慄慴䱜捯污停潲牧浡屳祐桴湯停瑹潨㍮㈱䱜扩獜瑩ⵥ慰正条獥獜慴汲瑥整浜摩汤睥牡履慢敳瀮≹‬楬敮ㄠ㤸‬湩张损污彬ൟ †眠瑩⁨潣汬灡敳敟捸牧畯獰⤨ഺ 䘠汩⁥䌢尺獕牥屳整档屡灁䑰瑡屡潌慣屬牐杯慲獭停瑹潨屮祐桴湯ㄳ尲楌屢潣瑮硥汴扩瀮≹‬楬敮ㄠ㠵‬湩张敟楸彴ൟ †猠汥⹦敧⹮桴潲⡷慶畬⥥਍†楆敬∠㩃啜敳獲瑜捥慨䅜灰慄慴䱜捯污停潲牧浡屳祐桴湯停瑹潨㍮㈱䱜扩獜瑩ⵥ慰正条獥獜慴汲瑥整彜瑵汩⹳祰Ⱒ氠湩⁥㌹‬湩挠汯慬獰彥硥杣潲灵൳ †爠楡敳攠捸਍†楆敬∠㩃啜敳獲瑜捥慨䅜灰慄慴䱜捯污停潲牧浡屳祐桴湯停瑹潨㍮㈱䱜扩獜瑩ⵥ慰正条獥獜慴汲瑥整浜摩汤睥牡履慢敳瀮≹‬楬敮ㄠㄹ‬湩张损污彬ൟ †爠獥潰獮⁥‽睡楡⁴敳晬搮獩慰捴彨畦据爨煥敵瑳‬慣汬湟硥⥴਍†††††††帠幞幞幞幞幞幞幞幞幞幞幞幞幞幞幞幞幞幞幞幞幞൞ 䘠汩⁥䌢尺獕牥屳整档屡湏䑥楲敶䑜獥瑫灯獜污獥愠⁩汰瑡牦浯扜捡敫摮慜灰浜摩汤睥牡履敳畣楲祴瀮≹‬楬敮㈠ㄱ‬湩搠獩慰捴൨ †爠楡敳䠠呔䕐捸灥楴湯ന昊獡慴楰攮捸灥楴湯⹳呈偔硅散瑰潩㩮㐠㤲›潔⁯慭祮爠煥敵瑳⹳䴠硡浩浵㘠‰敲畱獥獴瀠牥洠湩瑵⁥污潬敷⹤਍਍㉛㈰ⴶ㌰㈭‹㄰㌺㨶ㄲ㜮㠷㈰崰嬠䑉昺㐸㤱攸ⴸ㈹㌳㐭㙢ⴵ改㐹搭㜱摢㜱㠰昴崸䔠剒›㈴㨹吠潯洠湡⁹敲畱獥獴‮慍楸畭⁭〶爠煥敵瑳⁳数⁲業畮整愠汬睯摥മ ⬠䔠捸灥楴湯䜠潲灵吠慲散慢正⠠潭瑳爠捥湥⁴慣汬氠獡⥴ഺ 簠†䘠汩⁥䌢尺獕牥屳整档屡灁䑰瑡屡潌慣屬牐杯慲獭停瑹潨屮祐桴湯ㄳ尲楌屢楳整瀭捡慫敧屳瑳牡敬瑴履畟楴獬瀮≹‬楬敮㠠ⰷ椠⁮潣汬灡敳敟捸牧畯獰਍†⁼††楹汥൤ 簠†䘠汩⁥䌢尺獕牥屳整档屡灁䑰瑡屡潌慣屬牐杯慲獭停瑹潨屮祐桴湯ㄳ尲楌屢楳整瀭捡慫敧屳瑳牡敬瑴履業摤敬慷敲扜獡⹥祰Ⱒ氠湩⁥㤱ⰰ椠⁮彟慣汬彟਍†⁼††獡湹⁣楷桴愠祮潩挮敲瑡彥慴歳束潲灵⤨愠⁳慴歳束潲灵ഺ 簠†䘠汩⁥䌢尺獕牥屳整档屡灁䑰瑡屡潌慣屬牐杯慲獭停瑹潨屮祐桴湯ㄳ尲楌屢楳整瀭捡慫敧屳湡楹屯扟捡敫摮屳慟祳据潩瀮≹‬楬敮㘠㠷‬湩张慟硥瑩彟਍†⁼††慲獩⁥慂敳硅散瑰潩䝮潲灵ന 簠䔠捸灥楴湯片畯㩰甠桮湡汤摥攠牲牯⁳湩愠吠獡䝫潲灵⠠‱畳ⵢ硥散瑰潩⥮਍†⴫⴫ⴭⴭⴭⴭⴭⴭⴭ‭‱ⴭⴭⴭⴭⴭⴭⴭⴭ਍††⁼牔捡扥捡⁫洨獯⁴敲散瑮挠污⁬慬瑳㨩਍††⁼†楆敬∠㩃啜敳獲瑜捥慨䅜灰慄慴䱜捯污停潲牧浡屳祐桴湯停瑹潨㍮㈱䱜扩獜瑩ⵥ慰正条獥獜慴汲瑥整浜摩汤睥牡履牥潲獲瀮≹‬楬敮ㄠ㐶‬湩张损污彬ൟ †簠††愠慷瑩猠汥⹦灡⡰捳灯ⱥ爠捥楥敶‬獟湥⥤਍††⁼†楆敬∠㩃啜敳獲瑜捥慨䅜灰慄慴䱜捯污停潲牧浡屳祐桴湯停瑹潨㍮㈱䱜扩獜瑩ⵥ慰正条獥獜慴汲瑥整浜摩汤睥牡履慢敳瀮≹‬楬敮ㄠ㤸‬湩张损污彬ൟ †簠††眠瑩⁨潣汬灡敳敟捸牧畯獰⤨ഺ †簠†䘠汩⁥䌢尺獕牥屳整档屡灁䑰瑡屡潌慣屬牐杯慲獭停瑹潨屮祐桴湯ㄳ尲楌屢潣瑮硥汴扩瀮≹‬楬敮ㄠ㠵‬湩张敟楸彴ൟ †簠††猠汥⹦敧⹮桴潲⡷慶畬⥥਍††⁼†楆敬∠㩃啜敳獲瑜捥慨䅜灰慄慴䱜捯污停潲牧浡屳祐桴湯停瑹潨㍮㈱䱜扩獜瑩ⵥ慰正条獥獜慴汲瑥整彜瑵汩⹳祰Ⱒ氠湩⁥㌹‬湩挠汯慬獰彥硥杣潲灵൳ †簠††爠楡敳攠捸਍††⁼†楆敬∠㩃啜敳獲瑜捥慨䅜灰慄慴䱜捯污停潲牧浡屳祐桴湯停瑹潨㍮㈱䱜扩獜瑩ⵥ慰正条獥獜慴汲瑥整浜摩汤睥牡履慢敳瀮≹‬楬敮ㄠㄹ‬湩张损污彬ൟ †簠††爠獥潰獮⁥‽睡楡⁴敳晬搮獩慰捴彨畦据爨煥敵瑳‬慣汬湟硥⥴਍††⁼†††††††帠幞幞幞幞幞幞幞幞幞幞幞幞幞幞幞幞幞幞幞幞幞൞ †簠†䘠汩⁥䌢尺獕牥屳整档屡湏䑥楲敶䑜獥瑫灯獜污獥愠⁩汰瑡牦浯扜捡敫摮慜灰浜摩汤睥牡履敲畱獥彴潣瑮硥⹴祰Ⱒ氠湩⁥㘵‬湩搠獩慰捴൨ †簠††爠楡敳攠਍††⁼†楆敬∠㩃啜敳獲瑜捥慨作敮牄癩履敄歳潴屰慳敬⁳楡瀠慬晴潲屭慢正湥層灡屰業摤敬慷敲牜煥敵瑳损湯整瑸瀮≹‬楬敮㔠ⰰ椠⁮楤灳瑡档਍††⁼††敲灳湯敳㴠愠慷瑩挠污彬敮瑸爨煥敵瑳ഩ †簠††††††††幞幞幞幞幞幞幞幞幞幞幞幞਍††⁼†楆敬∠㩃啜敳獲瑜捥慨䅜灰慄慴䱜捯污停潲牧浡屳祐桴湯停瑹潨㍮㈱䱜扩獜瑩ⵥ慰正条獥獜慴汲瑥整浜摩汤睥牡履慢敳瀮≹‬楬敮ㄠ㔶‬湩挠污彬敮瑸਍††⁼††慲獩⁥灡彰硥ൣ †簠†䘠汩⁥䌢尺獕牥屳整档屡灁䑰瑡屡潌慣屬牐杯慲獭停瑹潨屮祐桴湯ㄳ尲楌屢楳整瀭捡慫敧屳瑳牡敬瑴履業摤敬慷敲扜獡⹥祰Ⱒ氠湩⁥㔱ⰱ椠⁮潣潲਍††⁼††睡楡⁴敳晬愮灰猨潣数‬敲散癩彥牯摟獩潣湮捥ⱴ猠湥彤潮敟牲牯ഩ †簠†䘠汩⁥䌢尺獕牥屳整档屡灁䑰瑡屡潌慣屬牐杯慲獭停瑹潨屮祐桴湯ㄳ尲楌屢楳整瀭捡慫敧屳瑳牡敬瑴履業摤敬慷敲扜獡⹥祰Ⱒ氠湩⁥㠱ⰹ椠⁮彟慣汬彟਍††⁼††楷桴挠汯慬獰彥硥杣潲灵⡳㨩਍††⁼†楆敬∠㩃啜敳獲瑜捥慨䅜灰慄慴䱜捯污停潲牧浡屳祐桴湯停瑹潨㍮㈱䱜扩捜湯整瑸楬⹢祰Ⱒ氠湩⁥㔱ⰸ椠⁮彟硥瑩彟਍††⁼††敳晬朮湥琮牨睯瘨污敵ഩ †簠†䘠汩⁥䌢尺獕牥屳整档屡灁䑰瑡屡潌慣屬牐杯慲獭停瑹潨屮祐桴湯ㄳ尲楌屢楳整瀭捡慫敧屳瑳牡敬瑴履畟楴獬瀮≹‬楬敮㤠ⰳ椠⁮潣汬灡敳敟捸牧畯獰਍††⁼††慲獩⁥硥ൣ †簠†䘠汩⁥䌢尺獕牥屳整档屡灁䑰瑡屡潌慣屬牐杯慲獭停瑹潨屮祐桴湯ㄳ尲楌屢楳整瀭捡慫敧屳瑳牡敬瑴履業摤敬慷敲扜獡⹥祰Ⱒ氠湩⁥㤱ⰱ椠⁮彟慣汬彟਍††⁼††敲灳湯敳㴠愠慷瑩猠汥⹦楤灳瑡档晟湵⡣敲畱獥ⱴ挠污彬敮瑸ഩ †簠††††††††幞幞幞幞幞幞幞幞幞幞幞幞幞幞幞幞幞幞幞幞幞幞਍††⁼†楆敬∠㩃啜敳獲瑜捥慨作敮牄癩履敄歳潴屰慳敬⁳楡瀠慬晴潲屭慢正湥層灡屰業摤敬慷敲獜捥牵瑩⹹祰Ⱒ氠湩⁥㌲ⰱ椠⁮楤灳瑡档਍††⁼††敲灳湯敳㴠愠慷瑩挠污彬敮瑸爨煥敵瑳ഩ †簠††††††††幞幞幞幞幞幞幞幞幞幞幞幞਍††⁼†楆敬∠㩃啜敳獲瑜捥慨䅜灰慄慴䱜捯污停潲牧浡屳祐桴湯停瑹潨㍮㈱䱜扩獜瑩ⵥ慰正条獥獜慴汲瑥整浜摩汤睥牡履慢敳瀮≹‬楬敮ㄠ㔶‬湩挠污彬敮瑸਍††⁼††慲獩⁥灡彰硥ൣ †簠†䘠汩⁥䌢尺獕牥屳整档屡灁䑰瑡屡潌慣屬牐杯慲獭停瑹潨屮祐桴湯ㄳ尲楌屢楳整瀭捡慫敧屳瑳牡敬瑴履業摤敬慷敲扜獡⹥祰Ⱒ氠湩⁥㔱ⰱ椠⁮潣潲਍††⁼††睡楡⁴敳晬愮灰猨潣数‬敲散癩彥牯摟獩潣湮捥ⱴ猠湥彤潮敟牲牯ഩ †簠†䘠汩⁥䌢尺獕牥屳整档屡灁䑰瑡屡潌慣屬牐杯慲獭停瑹潨屮祐桴湯ㄳ尲楌屢楳整瀭捡慫敧屳瑳牡敬瑴履業摤敬慷敲扜獡⹥祰Ⱒ氠湩⁥㠱ⰹ椠⁮彟慣汬彟਍††⁼††楷桴挠汯慬獰彥硥杣潲灵⡳㨩਍††⁼†楆敬∠㩃啜敳獲瑜捥慨䅜灰慄慴䱜捯污停潲牧浡屳祐桴湯停瑹潨㍮㈱䱜扩捜湯整瑸楬⹢祰Ⱒ氠湩⁥㔱ⰸ椠⁮彟硥瑩彟਍††⁼††敳晬朮湥琮牨睯瘨污敵ഩ †簠†䘠汩⁥䌢尺獕牥屳整档屡灁䑰瑡屡潌慣屬牐杯慲獭停瑹潨屮祐桴湯ㄳ尲楌屢楳整瀭捡慫敧屳瑳牡敬瑴履畟楴獬瀮≹‬楬敮㤠ⰳ椠⁮潣汬灡敳敟捸牧畯獰਍††⁼††慲獩⁥硥ൣ †簠†䘠汩⁥䌢尺獕牥屳整档屡灁䑰瑡屡潌慣屬牐杯慲獭停瑹潨屮祐桴湯ㄳ尲楌屢楳整瀭捡慫敧屳瑳牡敬瑴履業摤敬慷敲扜獡⹥祰Ⱒ氠湩⁥㤱ⰱ椠⁮彟慣汬彟਍††⁼††敲灳湯敳㴠愠慷瑩猠汥⹦楤灳瑡档晟湵⡣敲畱獥ⱴ挠污彬敮瑸ഩ †簠††††††††幞幞幞幞幞幞幞幞幞幞幞幞幞幞幞幞幞幞幞幞幞幞਍††⁼†楆敬∠㩃啜敳獲瑜捥慨作敮牄癩履敄歳潴屰慳敬⁳楡瀠慬晴潲屭慢正湥層灡屰業摤敬慷敲獜捥牵瑩⹹祰Ⱒ氠湩⁥ㄲⰱ椠⁮楤灳瑡档਍††⁼††慲獩⁥呈偔硅散瑰潩⡮਍††⁼慦瑳灡⹩硥散瑰潩獮䠮呔䕐捸灥楴湯›㈴㨹吠潯洠湡⁹敲畱獥獴‮慍楸畭⁭〶爠煥敵瑳⁳数⁲業畮整愠汬睯摥മ †⬠ⴭⴭⴭⴭⴭⴭⴭⴭⴭⴭⴭⴭⴭⴭⴭⴭⴭⴭ਍਍畄楲杮栠湡汤湩⁧景琠敨愠潢敶攠捸灥楴湯‬湡瑯敨⁲硥散瑰潩⁮捯畣牲摥ഺഊ吊慲散慢正⠠潭瑳爠捥湥⁴慣汬氠獡⥴ഺ 䘠汩⁥䌢尺獕牥屳整档屡灁䑰瑡屡潌慣屬牐杯慲獭停瑹潨屮祐桴湯ㄳ尲楌屢楳整瀭捡慫敧屳瑳牡敬瑴履業摤敬慷敲敜牲牯⹳祰Ⱒ氠湩⁥㘱ⰴ椠⁮彟慣汬彟਍††睡楡⁴敳晬愮灰猨潣数‬敲散癩ⱥ张敳摮ഩ 䘠汩⁥䌢尺獕牥屳整档屡灁䑰瑡屡潌慣屬牐杯慲獭停瑹潨屮祐桴湯ㄳ尲楌屢楳整瀭捡慫敧屳瑳牡敬瑴履業摤敬慷敲扜獡⹥祰Ⱒ氠湩⁥㠱ⰹ椠⁮彟慣汬彟਍††楷桴挠汯慬獰彥硥杣潲灵⡳㨩਍†楆敬∠㩃啜敳獲瑜捥慨䅜灰慄慴䱜捯污停潲牧浡屳祐桴湯停瑹潨㍮㈱䱜扩捜湯整瑸楬⹢祰Ⱒ氠湩⁥㔱ⰸ椠⁮彟硥瑩彟਍††敳晬朮湥琮牨睯瘨污敵ഩ 䘠汩⁥䌢尺獕牥屳整档屡灁䑰瑡屡潌慣屬牐杯慲獭停瑹潨屮祐桴湯ㄳ尲楌屢楳整瀭捡慫敧屳瑳牡敬瑴履畟楴獬瀮≹‬楬敮㤠ⰳ椠⁮潣汬灡敳敟捸牧畯獰਍††慲獩⁥硥ൣ 䘠汩⁥䌢尺獕牥屳整档屡灁䑰瑡屡潌慣屬牐杯慲獭停瑹潨屮祐桴湯ㄳ尲楌屢楳整瀭捡慫敧屳瑳牡敬瑴履業摤敬慷敲扜獡⹥祰Ⱒ氠湩⁥㤱ⰱ椠⁮彟慣汬彟਍††敲灳湯敳㴠愠慷瑩猠汥⹦楤灳瑡档晟湵⡣敲畱獥ⱴ挠污彬敮瑸ഩ †††††††幞幞幞幞幞幞幞幞幞幞幞幞幞幞幞幞幞幞幞幞幞幞਍†楆敬∠㩃啜敳獲瑜捥慨作敮牄癩履敄歳潴屰慳敬⁳楡瀠慬晴潲屭慢正湥層灡屰業摤敬慷敲牜煥敵瑳损湯整瑸瀮≹‬楬敮㔠ⰶ椠⁮楤灳瑡档਍††慲獩⁥൥ 䘠汩⁥䌢尺獕牥屳整档屡湏䑥楲敶䑜獥瑫灯獜污獥愠⁩汰瑡牦浯扜捡敫摮慜灰浜摩汤睥牡履敲畱獥彴潣瑮硥⹴祰Ⱒ氠湩⁥〵‬湩搠獩慰捴൨ †爠獥潰獮⁥‽睡楡⁴慣汬湟硥⡴敲畱獥⥴਍†††††††帠幞幞幞幞幞幞幞幞幞幞幞൞ 䘠汩⁥䌢尺獕牥屳整档屡灁䑰瑡屡潌慣屬牐杯慲獭停瑹潨屮祐桴湯ㄳ尲楌屢楳整瀭捡慫敧屳瑳牡敬瑴履業摤敬慷敲扜獡⹥祰Ⱒ氠湩⁥㘱ⰵ椠⁮慣汬湟硥൴ †爠楡敳愠灰敟捸਍†楆敬∠㩃啜敳獲瑜捥慨䅜灰慄慴䱜捯污停潲牧浡屳祐桴湯停瑹潨㍮㈱䱜扩獜瑩ⵥ慰正条獥獜慴汲瑥整浜摩汤睥牡履慢敳瀮≹‬楬敮ㄠㄵ‬湩挠牯൯ †愠慷瑩猠汥⹦灡⡰捳灯ⱥ爠捥楥敶潟彲楤捳湯敮瑣‬敳摮湟彯牥潲⥲਍†楆敬∠㩃啜敳獲瑜捥慨䅜灰慄慴䱜捯污停潲牧浡屳祐桴湯停瑹潨㍮㈱䱜扩獜瑩ⵥ慰正条獥獜慴汲瑥整浜摩汤睥牡履慢敳瀮≹‬楬敮ㄠ㤸‬湩张损污彬ൟ †眠瑩⁨潣汬灡敳敟捸牧畯獰⤨ഺ 䘠汩⁥䌢尺獕牥屳整档屡灁䑰瑡屡潌慣屬牐杯慲獭停瑹潨屮祐桴湯ㄳ尲楌屢潣瑮硥汴扩瀮≹‬楬敮ㄠ㠵‬湩张敟楸彴ൟ †猠汥⹦敧⹮桴潲⡷慶畬⥥਍†楆敬∠㩃啜敳獲瑜捥慨䅜灰慄慴䱜捯污停潲牧浡屳祐桴湯停瑹潨㍮㈱䱜扩獜瑩ⵥ慰正条獥獜慴汲瑥整彜瑵汩⹳祰Ⱒ氠湩⁥㌹‬湩挠汯慬獰彥硥杣潲灵൳ †爠楡敳攠捸਍†楆敬∠㩃啜敳獲瑜捥慨䅜灰慄慴䱜捯污停潲牧浡屳祐桴湯停瑹潨㍮㈱䱜扩獜瑩ⵥ慰正条獥獜慴汲瑥整浜摩汤睥牡履慢敳瀮≹‬楬敮ㄠㄹ‬湩张损污彬ൟ †爠獥潰獮⁥‽睡楡⁴敳晬搮獩慰捴彨畦据爨煥敵瑳‬慣汬湟硥⥴਍†††††††帠幞幞幞幞幞幞幞幞幞幞幞幞幞幞幞幞幞幞幞幞幞൞ 䘠汩⁥䌢尺獕牥屳整档屡湏䑥楲敶䑜獥瑫灯獜污獥愠⁩汰瑡牦浯扜捡敫摮慜灰浜摩汤睥牡履敳畣楲祴瀮≹‬楬敮㈠ㄳ‬湩搠獩慰捴൨ †爠獥潰獮⁥‽睡楡⁴慣汬湟硥⡴敲畱獥⥴਍†††††††帠幞幞幞幞幞幞幞幞幞幞幞൞ 䘠汩⁥䌢尺獕牥屳整档屡灁䑰瑡屡潌慣屬牐杯慲獭停瑹潨屮祐桴湯ㄳ尲楌屢楳整瀭捡慫敧屳瑳牡敬瑴履業摤敬慷敲扜獡⹥祰Ⱒ氠湩⁥㘱ⰵ椠⁮慣汬湟硥൴ †爠楡敳愠灰敟捸਍†楆敬∠㩃啜敳獲瑜捥慨䅜灰慄慴䱜捯污停潲牧浡屳祐桴湯停瑹潨㍮㈱䱜扩獜瑩ⵥ慰正条獥獜慴汲瑥整浜摩汤睥牡履慢敳瀮≹‬楬敮ㄠㄵ‬湩挠牯൯ †愠慷瑩猠汥⹦灡⡰捳灯ⱥ爠捥楥敶潟彲楤捳湯敮瑣‬敳摮湟彯牥潲⥲਍†楆敬∠㩃啜敳獲瑜捥慨䅜灰慄慴䱜捯污停潲牧浡屳祐桴湯停瑹潨㍮㈱䱜扩獜瑩ⵥ慰正条獥獜慴汲瑥整浜摩汤睥牡履慢敳瀮≹‬楬敮ㄠ㤸‬湩张损污彬ൟ †眠瑩⁨潣汬灡敳敟捸牧畯獰⤨ഺ 䘠汩⁥䌢尺獕牥屳整档屡灁䑰瑡屡潌慣屬牐杯慲獭停瑹潨屮祐桴湯ㄳ尲楌屢潣瑮硥汴扩瀮≹‬楬敮ㄠ㠵‬湩张敟楸彴ൟ †猠汥⹦敧⹮桴潲⡷慶畬⥥਍†楆敬∠㩃啜敳獲瑜捥慨䅜灰慄慴䱜捯污停潲牧浡屳祐桴湯停瑹潨㍮㈱䱜扩獜瑩ⵥ慰正条獥獜慴汲瑥整彜瑵汩⹳祰Ⱒ氠湩⁥㌹‬湩挠汯慬獰彥硥杣潲灵൳ †爠楡敳攠捸਍†楆敬∠㩃啜敳獲瑜捥慨䅜灰慄慴䱜捯污停潲牧浡屳祐桴湯停瑹潨㍮㈱䱜扩獜瑩ⵥ慰正条獥獜慴汲瑥整浜摩汤睥牡履慢敳瀮≹‬楬敮ㄠㄹ‬湩张损污彬ൟ †爠獥潰獮⁥‽睡楡⁴敳晬搮獩慰捴彨畦据爨煥敵瑳‬慣汬湟硥⥴਍†††††††帠幞幞幞幞幞幞幞幞幞幞幞幞幞幞幞幞幞幞幞幞幞൞ 䘠汩⁥䌢尺獕牥屳整档屡湏䑥楲敶䑜獥瑫灯獜污獥愠⁩汰瑡牦浯扜捡敫摮慜灰浜摩汤睥牡履敳畣楲祴瀮≹‬楬敮㈠ㄱ‬湩搠獩慰捴൨ †爠楡敳䠠呔䕐捸灥楴湯ന昊獡慴楰攮捸灥楴湯⹳呈偔硅散瑰潩㩮㐠㤲›潔⁯慭祮爠煥敵瑳⹳䴠硡浩浵㘠‰敲畱獥獴瀠牥洠湩瑵⁥污潬敷⹤਍਍㉛㈰ⴶ㌰㈭‹㄰㐺㨴㜵㜮㘲㌱崸嬠䑉㔺㍦搵㡥ⴴ搶ㅡ㐭〶ⴵ摡つㄭ挳挳摦户扥崲䔠剒›潗歲灳捡䕥杮湩⹥敧彴湩敶瑮牯役敨污桴⤨朠瑯愠⁮湵硥数瑣摥欠祥潷摲愠杲浵湥⁴挧浯慰祮楟❤਍†‫硅散瑰潩⁮片畯⁰牔捡扥捡⁫洨獯⁴敲散瑮挠污⁬慬瑳㨩਍†⁼†楆敬∠㩃啜敳獲瑜捥慨䅜灰慄慴䱜捯污停潲牧浡屳祐桴湯停瑹潨㍮㈱䱜扩獜瑩ⵥ慰正条獥獜慴汲瑥整彜瑵汩⹳祰Ⱒ氠湩⁥㜸‬湩挠汯慬獰彥硥杣潲灵൳ 簠††礠敩摬਍†⁼†楆敬∠㩃啜敳獲瑜捥慨䅜灰慄慴䱜捯污停潲牧浡屳祐桴湯停瑹潨㍮㈱䱜扩獜瑩ⵥ慰正条獥獜慴汲瑥整浜摩汤睥牡履慢敳瀮≹‬楬敮ㄠ〹‬湩张损污彬ൟ 簠††愠祳据眠瑩⁨湡楹⹯牣慥整瑟獡彫牧畯⡰ 獡琠獡彫牧畯㩰਍†⁼†楆敬∠㩃啜敳獲瑜捥慨䅜灰慄慴䱜捯污停潲牧浡屳祐桴湯停瑹潨㍮㈱䱜扩獜瑩ⵥ慰正条獥慜祮潩彜慢正湥獤彜獡湹楣⹯祰Ⱒ氠湩⁥㜶ⰸ椠⁮彟敡楸彴ൟ 簠††爠楡敳䈠獡䕥捸灥楴湯片畯⡰਍†⁼硅散瑰潩䝮潲灵›湵慨摮敬⁤牥潲獲椠⁮⁡慔歳片畯⁰ㄨ猠扵攭捸灥楴湯ഩ ⬠⬭ⴭⴭⴭⴭⴭⴭⴭⴭㄠⴠⴭⴭⴭⴭⴭⴭⴭഭ †簠吠慲散慢正⠠潭瑳爠捥湥⁴慣汬氠獡⥴ഺ †簠†䘠汩⁥䌢尺獕牥屳整档屡灁䑰瑡屡潌慣屬牐杯慲獭停瑹潨屮祐桴湯ㄳ尲楌屢楳整瀭捡慫敧屳瑳牡敬瑴履業摤敬慷敲敜牲牯⹳祰Ⱒ氠湩⁥㘱ⰴ椠⁮彟慣汬彟਍††⁼††睡楡⁴敳晬愮灰猨潣数‬敲散癩ⱥ张敳摮ഩ †簠†䘠汩⁥䌢尺獕牥屳整档屡灁䑰瑡屡潌慣屬牐杯慲獭停瑹潨屮祐桴湯ㄳ尲楌屢楳整瀭捡慫敧屳瑳牡敬瑴履業摤敬慷敲扜獡⹥祰Ⱒ氠湩⁥㠱ⰹ椠⁮彟慣汬彟਍††⁼††楷桴挠汯慬獰彥硥杣潲灵⡳㨩਍††⁼†楆敬∠㩃啜敳獲瑜捥慨䅜灰慄慴䱜捯污停潲牧浡屳祐桴湯停瑹潨㍮㈱䱜扩捜湯整瑸楬⹢祰Ⱒ氠湩⁥㔱ⰸ椠⁮彟硥瑩彟਍††⁼††敳晬朮湥琮牨睯瘨污敵ഩ †簠†䘠汩⁥䌢尺獕牥屳整档屡灁䑰瑡屡潌慣屬牐杯慲獭停瑹潨屮祐桴湯ㄳ尲楌屢楳整瀭捡慫敧屳瑳牡敬瑴履畟楴獬瀮≹‬楬敮㤠ⰳ椠⁮潣汬灡敳敟捸牧畯獰਍††⁼††慲獩⁥硥ൣ †簠†䘠汩⁥䌢尺獕牥屳整档屡灁䑰瑡屡潌慣屬牐杯慲獭停瑹潨屮祐桴湯ㄳ尲楌屢楳整瀭捡慫敧屳瑳牡敬瑴履業摤敬慷敲扜獡⹥祰Ⱒ氠湩⁥㤱ⰱ椠⁮彟慣汬彟਍††⁼††敲灳湯敳㴠愠慷瑩猠汥⹦楤灳瑡档晟湵⡣敲畱獥ⱴ挠污彬敮瑸ഩ †簠††††††††幞幞幞幞幞幞幞幞幞幞幞幞幞幞幞幞幞幞幞幞幞幞਍††⁼†楆敬∠㩃啜敳獲瑜捥慨作敮牄癩履敄歳潴屰慳敬⁳楡瀠慬晴潲屭慢正湥層灡屰業摤敬慷敲牜煥敵瑳损湯整瑸瀮≹‬楬敮㔠ⰶ椠⁮楤灳瑡档਍††⁼††慲獩⁥൥ †簠†䘠汩⁥䌢尺獕牥屳整档屡湏䑥楲敶䑜獥瑫灯獜污獥愠⁩汰瑡牦浯扜捡敫摮慜灰浜摩汤睥牡履敲畱獥彴潣瑮硥⹴祰Ⱒ氠湩⁥〵‬湩搠獩慰捴൨ †簠††爠獥潰獮⁥‽睡楡⁴慣汬湟硥⡴敲畱獥⥴਍††⁼†††††††帠幞幞幞幞幞幞幞幞幞幞幞൞ †簠†䘠汩⁥䌢尺獕牥屳整档屡灁䑰瑡屡潌慣屬牐杯慲獭停瑹潨屮祐桴湯ㄳ尲楌屢楳整瀭捡慫敧屳瑳牡敬瑴履業摤敬慷敲扜獡⹥祰Ⱒ氠湩⁥㘱ⰵ椠⁮慣汬湟硥൴ †簠††爠楡敳愠灰敟捸਍††⁼†楆敬∠㩃啜敳獲瑜捥慨䅜灰慄慴䱜捯污停潲牧浡屳祐桴湯停瑹潨㍮㈱䱜扩獜瑩ⵥ慰正条獥獜慴汲瑥整浜摩汤睥牡履慢敳瀮≹‬楬敮ㄠㄵ‬湩挠牯൯ †簠††愠慷瑩猠汥⹦灡⡰捳灯ⱥ爠捥楥敶潟彲楤捳湯敮瑣‬敳摮湟彯牥潲⥲਍††⁼†楆敬∠㩃啜敳獲瑜捥慨䅜灰慄慴䱜捯污停潲牧浡屳祐桴湯停瑹潨㍮㈱䱜扩獜瑩ⵥ慰正条獥獜慴汲瑥整浜摩汤睥牡履慢敳瀮≹‬楬敮ㄠ㤸‬湩张损污彬ൟ †簠††眠瑩⁨潣汬灡敳敟捸牧畯獰⤨ഺ †簠†䘠汩⁥䌢尺獕牥屳整档屡灁䑰瑡屡潌慣屬牐杯慲獭停瑹潨屮祐桴湯ㄳ尲楌屢潣瑮硥汴扩瀮≹‬楬敮ㄠ㠵‬湩张敟楸彴ൟ †簠††猠汥⹦敧⹮桴潲⡷慶畬⥥਍††⁼†楆敬∠㩃啜敳獲瑜捥慨䅜灰慄慴䱜捯污停潲牧浡屳祐桴湯停瑹潨㍮㈱䱜扩獜瑩ⵥ慰正条獥獜慴汲瑥整彜瑵汩⹳祰Ⱒ氠湩⁥㌹‬湩挠汯慬獰彥硥杣潲灵൳ †簠††爠楡敳攠捸਍††⁼†楆敬∠㩃啜敳獲瑜捥慨䅜灰慄慴䱜捯污停潲牧浡屳祐桴湯停瑹潨㍮㈱䱜扩獜瑩ⵥ慰正条獥獜慴汲瑥整浜摩汤睥牡履慢敳瀮≹‬楬敮ㄠㄹ‬湩张损污彬ൟ †簠††爠獥潰獮⁥‽睡楡⁴敳晬搮獩慰捴彨畦据爨煥敵瑳‬慣汬湟硥⥴਍††⁼†††††††帠幞幞幞幞幞幞幞幞幞幞幞幞幞幞幞幞幞幞幞幞幞൞ †簠†䘠汩⁥䌢尺獕牥屳整档屡湏䑥楲敶䑜獥瑫灯獜污獥愠⁩汰瑡牦浯扜捡敫摮慜灰浜摩汤睥牡履敳畣楲祴瀮≹‬楬敮㈠ㄳ‬湩搠獩慰捴൨ †簠††爠獥潰獮⁥‽睡楡⁴慣汬湟硥⡴敲畱獥⥴਍††⁼†††††††帠幞幞幞幞幞幞幞幞幞幞幞൞ †簠†䘠汩⁥䌢尺獕牥屳整档屡灁䑰瑡屡潌慣屬牐杯慲獭停瑹潨屮祐桴湯ㄳ尲楌屢楳整瀭捡慫敧屳瑳牡敬瑴履業摤敬慷敲扜獡⹥祰Ⱒ氠湩⁥㘱ⰵ椠⁮慣汬湟硥൴ †簠††爠楡敳愠灰敟捸਍††⁼†楆敬∠㩃啜敳獲瑜捥慨䅜灰慄慴䱜捯污停潲牧浡屳祐桴湯停瑹潨㍮㈱䱜扩獜瑩ⵥ慰正条獥獜慴汲瑥整浜摩汤睥牡履慢敳瀮≹‬楬敮ㄠㄵ‬湩挠牯൯ †簠††愠慷瑩猠汥⹦灡⡰捳灯ⱥ爠捥楥敶潟彲楤捳湯敮瑣‬敳摮湟彯牥潲⥲਍††⁼†楆敬∠㩃啜敳獲瑜捥慨䅜灰慄慴䱜捯污停潲牧浡屳祐桴湯停瑹潨㍮㈱䱜扩獜瑩ⵥ慰正条獥獜慴汲瑥整浜摩汤睥牡履慢敳瀮≹‬楬敮ㄠ㤸‬湩张损污彬ൟ †簠††眠瑩⁨潣汬灡敳敟捸牧畯獰⤨ഺ †簠†䘠汩⁥䌢尺獕牥屳整档屡灁䑰瑡屡潌慣屬牐杯慲獭停瑹潨屮祐桴湯ㄳ尲楌屢潣瑮硥汴扩瀮≹‬楬敮ㄠ㠵‬湩张敟楸彴ൟ †簠††猠汥⹦敧⹮桴潲⡷慶畬⥥਍††⁼†楆敬∠㩃啜敳獲瑜捥慨䅜灰慄慴䱜捯污停潲牧浡屳祐桴湯停瑹潨㍮㈱䱜扩獜瑩ⵥ慰正条獥獜慴汲瑥整彜瑵汩⹳祰Ⱒ氠湩⁥㌹‬湩挠汯慬獰彥硥杣潲灵൳ †簠††爠楡敳攠捸਍††⁼†楆敬∠㩃啜敳獲瑜捥慨䅜灰慄慴䱜捯污停潲牧浡屳祐桴湯停瑹潨㍮㈱䱜扩獜瑩ⵥ慰正条獥獜慴汲瑥整浜摩汤睥牡履慢敳瀮≹‬楬敮ㄠㄹ‬湩张损污彬ൟ †簠††爠獥潰獮⁥‽睡楡⁴敳晬搮獩慰捴彨畦据爨煥敵瑳‬慣汬湟硥⥴਍††⁼†††††††帠幞幞幞幞幞幞幞幞幞幞幞幞幞幞幞幞幞幞幞幞幞൞ †簠†䘠汩⁥䌢尺獕牥屳整档屡湏䑥楲敶䑜獥瑫灯獜污獥愠⁩汰瑡牦浯扜捡敫摮慜灰浜摩汤睥牡履敳畣楲祴瀮≹‬楬敮㈠㘱‬湩搠獩慰捴൨ †簠††爠獥潰獮⁥‽睡楡⁴慣汬湟硥⡴敲畱獥⥴਍††⁼†††††††帠幞幞幞幞幞幞幞幞幞幞幞൞ †簠†䘠汩⁥䌢尺獕牥屳整档屡灁䑰瑡屡潌慣屬牐杯慲獭停瑹潨屮祐桴湯ㄳ尲楌屢楳整瀭捡慫敧屳瑳牡敬瑴履業摤敬慷敲扜獡⹥祰Ⱒ氠湩⁥㘱ⰵ椠⁮慣汬湟硥൴ †簠††爠楡敳愠灰敟捸਍††⁼†楆敬∠㩃啜敳獲瑜捥慨䅜灰慄慴䱜捯污停潲牧浡屳祐桴湯停瑹潨㍮㈱䱜扩獜瑩ⵥ慰正条獥獜慴汲瑥整浜摩汤睥牡履慢敳瀮≹‬楬敮ㄠㄵ‬湩挠牯൯ †簠††愠慷瑩猠汥⹦灡⡰捳灯ⱥ爠捥楥敶潟彲楤捳湯敮瑣‬敳摮湟彯牥潲⥲਍††⁼†楆敬∠㩃啜敳獲瑜捥慨䅜灰慄慴䱜捯污停潲牧浡屳祐桴湯停瑹潨㍮㈱䱜扩獜瑩ⵥ慰正条獥獜慴汲瑥整浜摩汤睥牡履慢敳瀮≹‬楬敮ㄠ㤸‬湩张损污彬ൟ †簠††眠瑩⁨潣汬灡敳敟捸牧畯獰⤨ഺ †簠†䘠汩⁥䌢尺獕牥屳整档屡灁䑰瑡屡潌慣屬牐杯慲獭停瑹潨屮祐桴湯ㄳ尲楌屢潣瑮硥汴扩瀮≹‬楬敮ㄠ㠵‬湩张敟楸彴ൟ †簠††猠汥⹦敧⹮桴潲⡷慶畬⥥਍††⁼†楆敬∠㩃啜敳獲瑜捥慨䅜灰慄慴䱜捯污停潲牧浡屳祐桴湯停瑹潨㍮㈱䱜扩獜瑩ⵥ慰正条獥獜慴汲瑥整彜瑵汩⹳祰Ⱒ氠湩⁥㌹‬湩挠汯慬獰彥硥杣潲灵൳ †簠††爠楡敳攠捸਍††⁼†楆敬∠㩃啜敳獲瑜捥慨䅜灰慄慴䱜捯污停潲牧浡屳祐桴湯停瑹潨㍮㈱䱜扩獜瑩ⵥ慰正条獥獜慴汲瑥整浜摩汤睥牡履慢敳瀮≹‬楬敮ㄠㄹ‬湩张损污彬ൟ †簠††爠獥潰獮⁥‽睡楡⁴敳晬搮獩慰捴彨畦据爨煥敵瑳‬慣汬湟硥⥴਍††⁼†††††††帠幞幞幞幞幞幞幞幞幞幞幞幞幞幞幞幞幞幞幞幞幞൞ †簠†䘠汩⁥䌢尺獕牥屳整档屡湏䑥楲敶䑜獥瑫灯獜污獥愠⁩汰瑡牦浯扜捡敫摮慜灰浜摩汤睥牡履整慮瑮敟普牯散敭瑮瀮≹‬楬敮㜠ⰳ椠⁮楤灳瑡档਍††⁼††敲畴湲愠慷瑩挠污彬敮瑸爨煥敵瑳ഩ †簠††††††幞幞幞幞幞幞幞幞幞幞幞幞਍††⁼†楆敬∠㩃啜敳獲瑜捥慨䅜灰慄慴䱜捯污停潲牧浡屳祐桴湯停瑹潨㍮㈱䱜扩獜瑩ⵥ慰正条獥獜慴汲瑥整浜摩汤睥牡履慢敳瀮≹‬楬敮ㄠ㔶‬湩挠污彬敮瑸਍††⁼††慲獩⁥灡彰硥ൣ †簠†䘠汩⁥䌢尺獕牥屳整档屡灁䑰瑡屡潌慣屬牐杯慲獭停瑹潨屮祐桴湯ㄳ尲楌屢楳整瀭捡慫敧屳瑳牡敬瑴履業摤敬慷敲扜獡⹥祰Ⱒ氠湩⁥㔱ⰱ椠⁮潣潲਍††⁼††睡楡⁴敳晬愮灰猨潣数‬敲散癩彥牯摟獩潣湮捥ⱴ猠湥彤潮敟牲牯ഩ †簠†䘠汩⁥䌢尺獕牥屳整档屡灁䑰瑡屡潌慣屬牐杯慲獭停瑹潨屮祐桴湯ㄳ尲楌屢楳整瀭捡慫敧屳瑳牡敬瑴履業摤敬慷敲捜牯⹳祰Ⱒ氠湩⁥㔸‬湩张损污彬ൟ †簠††愠慷瑩猠汥⹦灡⡰捳灯ⱥ爠捥楥敶‬敳摮ഩ †簠†䘠汩⁥䌢尺獕牥屳整档屡灁䑰瑡屡潌慣屬牐杯慲獭停瑹潨屮祐桴湯ㄳ尲楌屢楳整瀭捡慫敧屳瑳牡敬瑴履業摤敬慷敲敜捸灥楴湯⹳祰Ⱒ氠湩⁥㔶‬湩张损污彬ൟ †簠††愠慷瑩眠慲彰灡彰慨摮楬杮敟捸灥楴湯⡳敳晬愮灰‬潣湮⠩捳灯ⱥ爠捥楥敶‬敳摮ഩ †簠†䘠汩⁥䌢尺獕牥屳整档屡灁䑰瑡屡潌慣屬牐杯慲獭停瑹潨屮祐桴湯ㄳ尲楌屢楳整瀭捡慫敧屳瑳牡敬瑴履敟捸灥楴湯桟湡汤牥瀮≹‬楬敮㘠ⰴ椠⁮牷灡数彤灡൰ †簠††爠楡敳攠捸਍††⁼†楆敬∠㩃啜敳獲瑜捥慨䅜灰慄慴䱜捯污停潲牧浡屳祐桴湯停瑹潨㍮㈱䱜扩獜瑩ⵥ慰正条獥獜慴汲瑥整彜硥散瑰潩彮慨摮敬⹲祰Ⱒ氠湩⁥㌵‬湩眠慲灰摥慟灰਍††⁼††睡楡⁴灡⡰捳灯ⱥ爠捥楥敶‬敳摮牥ഩ †簠†䘠汩⁥䌢尺獕牥屳整档屡灁䑰瑡屡潌慣屬牐杯慲獭停瑹潨屮祐桴湯ㄳ尲楌屢楳整瀭捡慫敧屳瑳牡敬瑴履潲瑵湩⹧祰Ⱒ氠湩⁥㔷ⰶ椠⁮彟慣汬彟਍††⁼††睡楡⁴敳晬洮摩汤睥牡彥瑳捡⡫捳灯ⱥ爠捥楥敶‬敳摮ഩ †簠†䘠汩⁥䌢尺獕牥屳整档屡灁䑰瑡屡潌慣屬牐杯慲獭停瑹潨屮祐桴湯ㄳ尲楌屢楳整瀭捡慫敧屳瑳牡敬瑴履潲瑵湩⹧祰Ⱒ氠湩⁥㜷ⰶ椠⁮灡൰ †簠††愠慷瑩爠畯整栮湡汤⡥捳灯ⱥ爠捥楥敶‬敳摮ഩ †簠†䘠汩⁥䌢尺獕牥屳整档屡灁䑰瑡屡潌慣屬牐杯慲獭停瑹潨屮祐桴湯ㄳ尲楌屢楳整瀭捡慫敧屳瑳牡敬瑴履潲瑵湩⹧祰Ⱒ氠湩⁥㤲ⰷ椠⁮慨摮敬਍††⁼††睡楡⁴敳晬愮灰猨潣数‬敲散癩ⱥ猠湥⥤਍††⁼†楆敬∠㩃啜敳獲瑜捥慨䅜灰慄慴䱜捯污停潲牧浡屳祐桴湯停瑹潨㍮㈱䱜扩獜瑩ⵥ慰正条獥獜慴汲瑥整牜畯楴杮瀮≹‬楬敮㜠ⰷ椠⁮灡൰ †簠††愠慷瑩眠慲彰灡彰慨摮楬杮敟捸灥楴湯⡳灡Ɒ爠煥敵瑳⠩捳灯ⱥ爠捥楥敶‬敳摮ഩ †簠†䘠汩⁥䌢尺獕牥屳整档屡灁䑰瑡屡潌慣屬牐杯慲獭停瑹潨屮祐桴湯ㄳ尲楌屢楳整瀭捡慫敧屳瑳牡敬瑴履敟捸灥楴湯桟湡汤牥瀮≹‬楬敮㘠ⰴ椠⁮牷灡数彤灡൰ †簠††爠楡敳攠捸਍††⁼†楆敬∠㩃啜敳獲瑜捥慨䅜灰慄慴䱜捯污停潲牧浡屳祐桴湯停瑹潨㍮㈱䱜扩獜瑩ⵥ慰正条獥獜慴汲瑥整彜硥散瑰潩彮慨摮敬⹲祰Ⱒ氠湩⁥㌵‬湩眠慲灰摥慟灰਍††⁼††睡楡⁴灡⡰捳灯ⱥ爠捥楥敶‬敳摮牥ഩ †簠†䘠汩⁥䌢尺獕牥屳整档屡灁䑰瑡屡潌慣屬牐杯慲獭停瑹潨屮祐桴湯ㄳ尲楌屢楳整瀭捡慫敧屳瑳牡敬瑴履潲瑵湩⹧祰Ⱒ氠湩⁥㈷‬湩愠灰਍††⁼††敲灳湯敳㴠愠慷瑩映湵⡣敲畱獥⥴਍††⁼†††††††帠幞幞幞幞幞幞幞幞幞਍††⁼†楆敬∠㩃啜敳獲瑜捥慨䅜灰慄慴䱜捯污停潲牧浡屳祐桴湯停瑹潨㍮㈱䱜扩獜瑩ⵥ慰正条獥晜獡慴楰牜畯楴杮瀮≹‬楬敮㈠㠷‬湩愠灰਍††⁼††慲彷敲灳湯敳㴠愠慷瑩爠湵敟摮潰湩彴畦据楴湯ന †簠††††††††††幞幞幞幞幞幞幞幞幞幞幞幞幞幞਍††⁼†楆敬∠㩃啜敳獲瑜捥慨䅜灰慄慴䱜捯污停潲牧浡屳祐桴湯停瑹潨㍮㈱䱜扩獜瑩ⵥ慰正条獥晜獡慴楰牜畯楴杮瀮≹‬楬敮ㄠㄹ‬湩爠湵敟摮潰湩彴畦据楴湯਍††⁼††敲畴湲愠慷瑩搠灥湥慤瑮挮污⡬⨪慶畬獥ഩ †簠††††††幞幞幞幞幞幞幞幞幞幞幞幞幞幞幞਍††⁼†楆敬∠㩃啜敳獲瑜捥慨作敮牄癩履敄歳潴屰慳敬⁳楡瀠慬晴潲屭慢正湥層灡屰灡屩ㅶ敜摮潰湩獴睜牯獫慰散瀮≹‬楬敮㌠㤳‬湩朠瑥楟癮湥潴祲桟慥瑬൨ †簠††爠瑥牵⁮潗歲灳捡䕥杮湩⹥敧彴湩敶瑮牯役敨污桴挨浯慰祮楟㵤潣灭湡役摩ഩ †簠††††††幞幞幞幞幞幞幞幞幞幞幞幞幞幞幞幞幞幞幞幞幞幞幞幞幞幞幞幞幞൞ †簠吠灹䕥牲牯›潗歲灳捡䕥杮湩⹥敧彴湩敶瑮牯役敨污桴⤨朠瑯愠⁮湵硥数瑣摥欠祥潷摲愠杲浵湥⁴挧浯慰祮楟❤਍††⴫ⴭⴭⴭⴭⴭⴭⴭⴭⴭⴭⴭⴭⴭⴭⴭⴭⴭഭഊ䐊牵湩⁧慨摮楬杮漠⁦桴⁥扡癯⁥硥散瑰潩Ɱ愠潮桴牥攠捸灥楴湯漠捣牵敲㩤਍਍牔捡扥捡⁫洨獯⁴敲散瑮挠污⁬慬瑳㨩਍†楆敬∠㩃啜敳獲瑜捥慨䅜灰慄慴䱜捯污停潲牧浡屳祐桴湯停瑹潨㍮㈱䱜扩獜瑩ⵥ慰正条獥獜慴汲瑥整浜摩汤睥牡履牥潲獲瀮≹‬楬敮ㄠ㐶‬湩张损污彬ൟ †愠慷瑩猠汥⹦灡⡰捳灯ⱥ爠捥楥敶‬獟湥⥤਍†楆敬∠㩃啜敳獲瑜捥慨䅜灰慄慴䱜捯污停潲牧浡屳祐桴湯停瑹潨㍮㈱䱜扩獜瑩ⵥ慰正条獥獜慴汲瑥整浜摩汤睥牡履慢敳瀮≹‬楬敮ㄠ㤸‬湩张损污彬ൟ †眠瑩⁨潣汬灡敳敟捸牧畯獰⤨ഺ 䘠汩⁥䌢尺獕牥屳整档屡灁䑰瑡屡潌慣屬牐杯慲獭停瑹潨屮祐桴湯ㄳ尲楌屢潣瑮硥汴扩瀮≹‬楬敮ㄠ㠵‬湩张敟楸彴ൟ †猠汥⹦敧⹮桴潲⡷慶畬⥥਍†楆敬∠㩃啜敳獲瑜捥慨䅜灰慄慴䱜捯污停潲牧浡屳祐桴湯停瑹潨㍮㈱䱜扩獜瑩ⵥ慰正条獥獜慴汲瑥整彜瑵汩⹳祰Ⱒ氠湩⁥㌹‬湩挠汯慬獰彥硥杣潲灵൳ †爠楡敳攠捸਍†楆敬∠㩃啜敳獲瑜捥慨䅜灰慄慴䱜捯污停潲牧浡屳祐桴湯停瑹潨㍮㈱䱜扩獜瑩ⵥ慰正条獥獜慴汲瑥整浜摩汤睥牡履慢敳瀮≹‬楬敮ㄠㄹ‬湩张损污彬ൟ †爠獥潰獮⁥‽睡楡⁴敳晬搮獩慰捴彨畦据爨煥敵瑳‬慣汬湟硥⥴਍†††††††帠幞幞幞幞幞幞幞幞幞幞幞幞幞幞幞幞幞幞幞幞幞൞ 䘠汩⁥䌢尺獕牥屳整档屡湏䑥楲敶䑜獥瑫灯獜污獥愠⁩汰瑡牦浯扜捡敫摮慜灰浜摩汤睥牡履敲畱獥彴潣瑮硥⹴祰Ⱒ氠湩⁥㘵‬湩搠獩慰捴൨ †爠楡敳攠਍†楆敬∠㩃啜敳獲瑜捥慨作敮牄癩履敄歳潴屰慳敬⁳楡瀠慬晴潲屭慢正湥層灡屰業摤敬慷敲牜煥敵瑳损湯整瑸瀮≹‬楬敮㔠ⰰ椠⁮楤灳瑡档਍††敲灳湯敳㴠愠慷瑩挠污彬敮瑸爨煥敵瑳ഩ †††††††幞幞幞幞幞幞幞幞幞幞幞幞਍†楆敬∠㩃啜敳獲瑜捥慨䅜灰慄慴䱜捯污停潲牧浡屳祐桴湯停瑹潨㍮㈱䱜扩獜瑩ⵥ慰正条獥獜慴汲瑥整浜摩汤睥牡履慢敳瀮≹‬楬敮ㄠ㔶‬湩挠污彬敮瑸਍††慲獩⁥灡彰硥ൣ 䘠汩⁥䌢尺獕牥屳整档屡灁䑰瑡屡潌慣屬牐杯慲獭停瑹潨屮祐桴湯ㄳ尲楌屢楳整瀭捡慫敧屳瑳牡敬瑴履業摤敬慷敲扜獡⹥祰Ⱒ氠湩⁥㔱ⰱ椠⁮潣潲਍††睡楡⁴敳晬愮灰猨潣数‬敲散癩彥牯摟獩潣湮捥ⱴ猠湥彤潮敟牲牯ഩ 䘠汩⁥䌢尺獕牥屳整档屡灁䑰瑡屡潌慣屬牐杯慲獭停瑹潨屮祐桴湯ㄳ尲楌屢楳整瀭捡慫敧屳瑳牡敬瑴履業摤敬慷敲扜獡⹥祰Ⱒ氠湩⁥㠱ⰹ椠⁮彟慣汬彟਍††楷桴挠汯慬獰彥硥杣潲灵⡳㨩਍†楆敬∠㩃啜敳獲瑜捥慨䅜灰慄慴䱜捯污停潲牧浡屳祐桴湯停瑹潨㍮㈱䱜扩捜湯整瑸楬⹢祰Ⱒ氠湩⁥㔱ⰸ椠⁮彟硥瑩彟਍††敳晬朮湥琮牨睯瘨污敵ഩ 䘠汩⁥䌢尺獕牥屳整档屡灁䑰瑡屡潌慣屬牐杯慲獭停瑹潨屮祐桴湯ㄳ尲楌屢楳整瀭捡慫敧屳瑳牡敬瑴履畟楴獬瀮≹‬楬敮㤠ⰳ椠⁮潣汬灡敳敟捸牧畯獰਍††慲獩⁥硥ൣ 䘠汩⁥䌢尺獕牥屳整档屡灁䑰瑡屡潌慣屬牐杯慲獭停瑹潨屮祐桴湯ㄳ尲楌屢楳整瀭捡慫敧屳瑳牡敬瑴履業摤敬慷敲扜獡⹥祰Ⱒ氠湩⁥㤱ⰱ椠⁮彟慣汬彟਍††敲灳湯敳㴠愠慷瑩猠汥⹦楤灳瑡档晟湵⡣敲畱獥ⱴ挠污彬敮瑸ഩ †††††††幞幞幞幞幞幞幞幞幞幞幞幞幞幞幞幞幞幞幞幞幞幞਍†楆敬∠㩃啜敳獲瑜捥慨作敮牄癩履敄歳潴屰慳敬⁳楡瀠慬晴潲屭慢正湥層灡屰業摤敬慷敲獜捥牵瑩⹹祰Ⱒ氠湩⁥㌲ⰱ椠⁮楤灳瑡档਍††敲灳湯敳㴠愠慷瑩挠污彬敮瑸爨煥敵瑳ഩ †††††††幞幞幞幞幞幞幞幞幞幞幞幞਍†楆敬∠㩃啜敳獲瑜捥慨䅜灰慄慴䱜捯污停潲牧浡屳祐桴湯停瑹潨㍮㈱䱜扩獜瑩ⵥ慰正条獥獜慴汲瑥整浜摩汤睥牡履慢敳瀮≹‬楬敮ㄠ㔶‬湩挠污彬敮瑸਍††慲獩⁥灡彰硥ൣ 䘠汩⁥䌢尺獕牥屳整档屡灁䑰瑡屡潌慣屬牐杯慲獭停瑹潨屮祐桴湯ㄳ尲楌屢楳整瀭捡慫敧屳瑳牡敬瑴履業摤敬慷敲扜獡⹥祰Ⱒ氠湩⁥㔱ⰱ椠⁮潣潲਍††睡楡⁴敳晬愮灰猨潣数‬敲散癩彥牯摟獩潣湮捥ⱴ猠湥彤潮敟牲牯ഩ 䘠汩⁥䌢尺獕牥屳整档屡灁䑰瑡屡潌慣屬牐杯慲獭停瑹潨屮祐桴湯ㄳ尲楌屢楳整瀭捡慫敧屳瑳牡敬瑴履業摤敬慷敲扜獡⹥祰Ⱒ氠湩⁥㠱ⰹ椠⁮彟慣汬彟਍††楷桴挠汯慬獰彥硥杣潲灵⡳㨩਍†楆敬∠㩃啜敳獲瑜捥慨䅜灰慄慴䱜捯污停潲牧浡屳祐桴湯停瑹潨㍮㈱䱜扩捜湯整瑸楬⹢祰Ⱒ氠湩⁥㔱ⰸ椠⁮彟硥瑩彟਍††敳晬朮湥琮牨睯瘨污敵ഩ 䘠汩⁥䌢尺獕牥屳整档屡灁䑰瑡屡潌慣屬牐杯慲獭停瑹潨屮祐桴湯ㄳ尲楌屢楳整瀭捡慫敧屳瑳牡敬瑴履畟楴獬瀮≹‬楬敮㤠ⰳ椠⁮潣汬灡敳敟捸牧畯獰਍††慲獩⁥硥ൣ 䘠汩⁥䌢尺獕牥屳整档屡灁䑰瑡屡潌慣屬牐杯慲獭停瑹潨屮祐桴湯ㄳ尲楌屢楳整瀭捡慫敧屳瑳牡敬瑴履業摤敬慷敲扜獡⹥祰Ⱒ氠湩⁥㤱ⰱ椠⁮彟慣汬彟਍††敲灳湯敳㴠愠慷瑩猠汥⹦楤灳瑡档晟湵⡣敲畱獥ⱴ挠污彬敮瑸ഩ †††††††幞幞幞幞幞幞幞幞幞幞幞幞幞幞幞幞幞幞幞幞幞幞਍†楆敬∠㩃啜敳獲瑜捥慨作敮牄癩履敄歳潴屰慳敬⁳楡瀠慬晴潲屭慢正湥層灡屰業摤敬慷敲獜捥牵瑩⹹祰Ⱒ氠湩⁥ㄲⰶ椠⁮楤灳瑡档਍††敲灳湯敳㴠愠慷瑩挠污彬敮瑸爨煥敵瑳ഩ †††††††幞幞幞幞幞幞幞幞幞幞幞幞਍†楆敬∠㩃啜敳獲瑜捥慨䅜灰慄慴䱜捯污停潲牧浡屳祐桴湯停瑹潨㍮㈱䱜扩獜瑩ⵥ慰正条獥獜慴汲瑥整浜摩汤睥牡履慢敳瀮≹‬楬敮ㄠ㔶‬湩挠污彬敮瑸਍††慲獩⁥灡彰硥ൣ 䘠汩⁥䌢尺獕牥屳整档屡灁䑰瑡屡潌慣屬牐杯慲獭停瑹潨屮祐桴湯ㄳ尲楌屢楳整瀭捡慫敧屳瑳牡敬瑴履業摤敬慷敲扜獡⹥祰Ⱒ氠湩⁥㔱ⰱ椠⁮潣潲਍††睡楡⁴敳晬愮灰猨潣数‬敲散癩彥牯摟獩潣湮捥ⱴ猠湥彤潮敟牲牯ഩ 䘠汩⁥䌢尺獕牥屳整档屡灁䑰瑡屡潌慣屬牐杯慲獭停瑹潨屮祐桴湯ㄳ尲楌屢楳整瀭捡慫敧屳瑳牡敬瑴履業摤敬慷敲扜獡⹥祰Ⱒ氠湩⁥㠱ⰹ椠⁮彟慣汬彟਍††楷桴挠汯慬獰彥硥杣潲灵⡳㨩਍†楆敬∠㩃啜敳獲瑜捥慨䅜灰慄慴䱜捯污停潲牧浡屳祐桴湯停瑹潨㍮㈱䱜扩捜湯整瑸楬⹢祰Ⱒ氠湩⁥㔱ⰸ椠⁮彟硥瑩彟਍††敳晬朮湥琮牨睯瘨污敵ഩ 䘠汩⁥䌢尺獕牥屳整档屡灁䑰瑡屡潌慣屬牐杯慲獭停瑹潨屮祐桴湯ㄳ尲楌屢楳整瀭捡慫敧屳瑳牡敬瑴履畟楴獬瀮≹‬楬敮㤠ⰳ椠⁮潣汬灡敳敟捸牧畯獰਍††慲獩⁥硥ൣ 䘠汩⁥䌢尺獕牥屳整档屡灁䑰瑡屡潌慣屬牐杯慲獭停瑹潨屮祐桴湯ㄳ尲楌屢楳整瀭捡慫敧屳瑳牡敬瑴履業摤敬慷敲扜獡⹥祰Ⱒ氠湩⁥㤱ⰱ椠⁮彟慣汬彟਍††敲灳湯敳㴠愠慷瑩猠汥⹦楤灳瑡档晟湵⡣敲畱獥ⱴ挠污彬敮瑸ഩ †††††††幞幞幞幞幞幞幞幞幞幞幞幞幞幞幞幞幞幞幞幞幞幞਍†楆敬∠㩃啜敳獲瑜捥慨作敮牄癩履敄歳潴屰慳敬⁳楡瀠慬晴潲屭慢正湥層灡屰業摤敬慷敲瑜湥湡彴湥潦捲浥湥⹴祰Ⱒ氠湩⁥㌷‬湩搠獩慰捴൨ †爠瑥牵⁮睡楡⁴慣汬湟硥⡴敲畱獥⥴਍†††††帠幞幞幞幞幞幞幞幞幞幞幞൞ 䘠汩⁥䌢尺獕牥屳整档屡灁䑰瑡屡潌慣屬牐杯慲獭停瑹潨屮祐桴湯ㄳ尲楌屢楳整瀭捡慫敧屳瑳牡敬瑴履業摤敬慷敲扜獡⹥祰Ⱒ氠湩⁥㘱ⰵ椠⁮慣汬湟硥൴ †爠楡敳愠灰敟捸਍†楆敬∠㩃啜敳獲瑜捥慨䅜灰慄慴䱜捯污停潲牧浡屳祐桴湯停瑹潨㍮㈱䱜扩獜瑩ⵥ慰正条獥獜慴汲瑥整浜摩汤睥牡履慢敳瀮≹‬楬敮ㄠㄵ‬湩挠牯൯ †愠慷瑩猠汥⹦灡⡰捳灯ⱥ爠捥楥敶潟彲楤捳湯敮瑣‬敳摮湟彯牥潲⥲਍†楆敬∠㩃啜敳獲瑜捥慨䅜灰慄慴䱜捯污停潲牧浡屳祐桴湯停瑹潨㍮㈱䱜扩獜瑩ⵥ慰正条獥獜慴汲瑥整浜摩汤睥牡履潣獲瀮≹‬楬敮㠠ⰵ椠⁮彟慣汬彟਍††睡楡⁴敳晬愮灰猨潣数‬敲散癩ⱥ猠湥⥤਍†楆敬∠㩃啜敳獲瑜捥慨䅜灰慄慴䱜捯污停潲牧浡屳祐桴湯停瑹潨㍮㈱䱜扩獜瑩ⵥ慰正条獥獜慴汲瑥整浜摩汤睥牡履硥散瑰潩獮瀮≹‬楬敮㘠ⰵ椠⁮彟慣汬彟਍††睡楡⁴牷灡慟灰桟湡汤湩彧硥散瑰潩獮猨汥⹦灡Ɒ挠湯⥮猨潣数‬敲散癩ⱥ猠湥⥤਍†楆敬∠㩃啜敳獲瑜捥慨䅜灰慄慴䱜捯污停潲牧浡屳祐桴湯停瑹潨㍮㈱䱜扩獜瑩ⵥ慰正条獥獜慴汲瑥整彜硥散瑰潩彮慨摮敬⹲祰Ⱒ氠湩⁥㐶‬湩眠慲灰摥慟灰਍††慲獩⁥硥ൣ 䘠汩⁥䌢尺獕牥屳整档屡灁䑰瑡屡潌慣屬牐杯慲獭停瑹潨屮祐桴湯ㄳ尲楌屢楳整瀭捡慫敧屳瑳牡敬瑴履敟捸灥楴湯桟湡汤牥瀮≹‬楬敮㔠ⰳ椠⁮牷灡数彤灡൰ †愠慷瑩愠灰猨潣数‬敲散癩ⱥ猠湥敤⥲਍†楆敬∠㩃啜敳獲瑜捥慨䅜灰慄慴䱜捯污停潲牧浡屳祐桴湯停瑹潨㍮㈱䱜扩獜瑩ⵥ慰正条獥獜慴汲瑥整牜畯楴杮瀮≹‬楬敮㜠㘵‬湩张损污彬ൟ †愠慷瑩猠汥⹦業摤敬慷敲獟慴正猨潣数‬敲散癩ⱥ猠湥⥤਍†楆敬∠㩃啜敳獲瑜捥慨䅜灰慄慴䱜捯污停潲牧浡屳祐桴湯停瑹潨㍮㈱䱜扩獜瑩ⵥ慰正条獥獜慴汲瑥整牜畯楴杮瀮≹‬楬敮㜠㘷‬湩愠灰਍††睡楡⁴潲瑵⹥慨摮敬猨潣数‬敲散癩ⱥ猠湥⥤਍†楆敬∠㩃啜敳獲瑜捥慨䅜灰慄慴䱜捯污停潲牧浡屳祐桴湯停瑹潨㍮㈱䱜扩獜瑩ⵥ慰正条獥獜慴汲瑥整牜畯楴杮瀮≹‬楬敮㈠㜹‬湩栠湡汤൥ †愠慷瑩猠汥⹦灡⡰捳灯ⱥ爠捥楥敶‬敳摮ഩ 䘠汩⁥䌢尺獕牥屳整档屡灁䑰瑡屡潌慣屬牐杯慲獭停瑹潨屮祐桴湯ㄳ尲楌屢楳整瀭捡慫敧屳瑳牡敬瑴履潲瑵湩⹧祰Ⱒ氠湩⁥㜷‬湩愠灰਍††睡楡⁴牷灡慟灰桟湡汤湩彧硥散瑰潩獮愨灰‬敲畱獥⥴猨潣数‬敲散癩ⱥ猠湥⥤਍†楆敬∠㩃啜敳獲瑜捥慨䅜灰慄慴䱜捯污停潲牧浡屳祐桴湯停瑹潨㍮㈱䱜扩獜瑩ⵥ慰正条獥獜慴汲瑥整彜硥散瑰潩彮慨摮敬⹲祰Ⱒ氠湩⁥㐶‬湩眠慲灰摥慟灰਍††慲獩⁥硥ൣ 䘠汩⁥䌢尺獕牥屳整档屡灁䑰瑡屡潌慣屬牐杯慲獭停瑹潨屮祐桴湯ㄳ尲楌屢楳整瀭捡慫敧屳瑳牡敬瑴履敟捸灥楴湯桟湡汤牥瀮≹‬楬敮㔠ⰳ椠⁮牷灡数彤灡൰ †愠慷瑩愠灰猨潣数‬敲散癩ⱥ猠湥敤⥲਍†楆敬∠㩃啜敳獲瑜捥慨䅜灰慄慴䱜捯污停潲牧浡屳祐桴湯停瑹潨㍮㈱䱜扩獜瑩ⵥ慰正条獥獜慴汲瑥整牜畯楴杮瀮≹‬楬敮㜠ⰲ椠⁮灡൰ †爠獥潰獮⁥‽睡楡⁴畦据爨煥敵瑳ഩ †††††††幞幞幞幞幞幞幞幞幞൞ 䘠汩⁥䌢尺獕牥屳整档屡灁䑰瑡屡潌慣屬牐杯慲獭停瑹潨屮祐桴湯ㄳ尲楌屢楳整瀭捡慫敧屳慦瑳灡屩潲瑵湩⹧祰Ⱒ氠湩⁥㜲ⰸ椠⁮灡൰ †爠睡牟獥潰獮⁥‽睡楡⁴畲彮湥灤楯瑮晟湵瑣潩⡮਍†††††††††帠幞幞幞幞幞幞幞幞幞幞幞幞幞൞ 䘠汩⁥䌢尺獕牥屳整档屡灁䑰瑡屡潌慣屬牐杯慲獭停瑹潨屮祐桴湯ㄳ尲楌屢楳整瀭捡慫敧屳慦瑳灡屩潲瑵湩⹧祰Ⱒ氠湩⁥㤱ⰱ椠⁮畲彮湥灤楯瑮晟湵瑣潩൮ †爠瑥牵⁮睡楡⁴敤数摮湡⹴慣汬⨨瘪污敵⥳਍†††††帠幞幞幞幞幞幞幞幞幞幞幞幞幞幞൞ 䘠汩⁥䌢尺獕牥屳整档屡湏䑥楲敶䑜獥瑫灯獜污獥愠⁩汰瑡牦浯扜捡敫摮慜灰慜楰癜就湥灤楯瑮屳潷歲灳捡⹥祰Ⱒ氠湩⁥㌳ⰹ椠⁮敧彴湩敶瑮牯役敨污桴਍††敲畴湲圠牯獫慰散湅楧敮朮瑥楟癮湥潴祲桟慥瑬⡨潣灭湡役摩挽浯慰祮楟⥤਍†††††帠幞幞幞幞幞幞幞幞幞幞幞幞幞幞幞幞幞幞幞幞幞幞幞幞幞幞幞幞幞਍祔数牅潲㩲圠牯獫慰散湅楧敮朮瑥楟癮湥潴祲桟慥瑬⡨ 潧⁴湡甠敮灸捥整⁤敫睹牯⁤牡畧敭瑮✠潣灭湡役摩ധഊ嬊〲㘲〭ⴳ㤲〠㨱㐴㔺⸷㤸㜵㤲⁝䥛㩄ㄲ搴㍤搰㐭㝦ⴲ昴㥣㤭扢ⵢ㙡昱㈴晦ㄵ挸⁝剅㩒圠牯獫慰散湅楧敮朮瑥楟癮湥潴祲桟慥瑬⡨ 潧⁴湡甠敮灸捥整⁤敫睹牯⁤牡畧敭瑮✠潣灭湡役摩ധ ⬠䔠捸灥楴湯䜠潲灵吠慲散慢正⠠潭瑳爠捥湥⁴慣汬氠獡⥴ഺ 簠†䘠汩⁥䌢尺獕牥屳整档屡灁䑰瑡屡潌慣屬牐杯慲獭停瑹潨屮祐桴湯ㄳ尲楌屢楳整瀭捡慫敧屳瑳牡敬瑴履畟楴獬瀮≹‬楬敮㠠ⰷ椠⁮潣汬灡敳敟捸牧畯獰਍†⁼††楹汥൤ 簠†䘠汩⁥䌢尺獕牥屳整档屡灁䑰瑡屡潌慣屬牐杯慲獭停瑹潨屮祐桴湯ㄳ尲楌屢楳整瀭捡慫敧屳瑳牡敬瑴履業摤敬慷敲扜獡⹥祰Ⱒ氠湩⁥㤱ⰰ椠⁮彟慣汬彟਍†⁼††獡湹⁣楷桴愠祮潩挮敲瑡彥慴歳束潲灵⤨愠⁳慴歳束潲灵ഺ 簠†䘠汩⁥䌢尺獕牥屳整档屡灁䑰瑡屡潌慣屬牐杯慲獭停瑹潨屮祐桴湯ㄳ尲楌屢楳整瀭捡慫敧屳湡楹屯扟捡敫摮屳慟祳据潩瀮≹‬楬敮㘠㠷‬湩张慟硥瑩彟਍†⁼††慲獩⁥慂敳硅散瑰潩䝮潲灵ന 簠䔠捸灥楴湯片畯㩰甠桮湡汤摥攠牲牯⁳湩愠吠獡䝫潲灵⠠‱畳ⵢ硥散瑰潩⥮਍†⴫⴫ⴭⴭⴭⴭⴭⴭⴭ‭‱ⴭⴭⴭⴭⴭⴭⴭⴭ਍††⁼牔捡扥捡⁫洨獯⁴敲散瑮挠污⁬慬瑳㨩਍††⁼†楆敬∠㩃啜敳獲瑜捥慨䅜灰慄慴䱜捯污停潲牧浡屳祐桴湯停瑹潨㍮㈱䱜扩獜瑩ⵥ慰正条獥獜慴汲瑥整浜摩汤睥牡履牥潲獲瀮≹‬楬敮ㄠ㐶‬湩张损污彬ൟ †簠††愠慷瑩猠汥⹦灡⡰捳灯ⱥ爠捥楥敶‬獟湥⥤਍††⁼†楆敬∠㩃啜敳獲瑜捥慨䅜灰慄慴䱜捯污停潲牧浡屳祐桴湯停瑹潨㍮㈱䱜扩獜瑩ⵥ慰正条獥獜慴汲瑥整浜摩汤睥牡履慢敳瀮≹‬楬敮ㄠ㤸‬湩张损污彬ൟ †簠††眠瑩⁨潣汬灡敳敟捸牧畯獰⤨ഺ †簠†䘠汩⁥䌢尺獕牥屳整档屡灁䑰瑡屡潌慣屬牐杯慲獭停瑹潨屮祐桴湯ㄳ尲楌屢潣瑮硥汴扩瀮≹‬楬敮ㄠ㠵‬湩张敟楸彴ൟ †簠††猠汥⹦敧⹮桴潲⡷慶畬⥥਍††⁼†楆敬∠㩃啜敳獲瑜捥慨䅜灰慄慴䱜捯污停潲牧浡屳祐桴湯停瑹潨㍮㈱䱜扩獜瑩ⵥ慰正条獥獜慴汲瑥整彜瑵汩⹳祰Ⱒ氠湩⁥㌹‬湩挠汯慬獰彥硥杣潲灵൳ †簠††爠楡敳攠捸਍††⁼†楆敬∠㩃啜敳獲瑜捥慨䅜灰慄慴䱜捯污停潲牧浡屳祐桴湯停瑹潨㍮㈱䱜扩獜瑩ⵥ慰正条獥獜慴汲瑥整浜摩汤睥牡履慢敳瀮≹‬楬敮ㄠㄹ‬湩张损污彬ൟ †簠††爠獥潰獮⁥‽睡楡⁴敳晬搮獩慰捴彨畦据爨煥敵瑳‬慣汬湟硥⥴਍††⁼†††††††帠幞幞幞幞幞幞幞幞幞幞幞幞幞幞幞幞幞幞幞幞幞൞ †簠†䘠汩⁥䌢尺獕牥屳整档屡湏䑥楲敶䑜獥瑫灯獜污獥愠⁩汰瑡牦浯扜捡敫摮慜灰浜摩汤睥牡履敲畱獥彴潣瑮硥⹴祰Ⱒ氠湩⁥㘵‬湩搠獩慰捴൨ †簠††爠楡敳攠਍††⁼†楆敬∠㩃啜敳獲瑜捥慨作敮牄癩履敄歳潴屰慳敬⁳楡瀠慬晴潲屭慢正湥層灡屰業摤敬慷敲牜煥敵瑳损湯整瑸瀮≹‬楬敮㔠ⰰ椠⁮楤灳瑡档਍††⁼††敲灳湯敳㴠愠慷瑩挠污彬敮瑸爨煥敵瑳ഩ †簠††††††††幞幞幞幞幞幞幞幞幞幞幞幞਍††⁼†楆敬∠㩃啜敳獲瑜捥慨䅜灰慄慴䱜捯污停潲牧浡屳祐桴湯停瑹潨㍮㈱䱜扩獜瑩ⵥ慰正条獥獜慴汲瑥整浜摩汤睥牡履慢敳瀮≹‬楬敮ㄠ㔶‬湩挠污彬敮瑸਍††⁼††慲獩⁥灡彰硥ൣ †簠†䘠汩⁥䌢尺獕牥屳整档屡灁䑰瑡屡潌慣屬牐杯慲獭停瑹潨屮祐桴湯ㄳ尲楌屢楳整瀭捡慫敧屳瑳牡敬瑴履業摤敬慷敲扜獡⹥祰Ⱒ氠湩⁥㔱ⰱ椠⁮潣潲਍††⁼††睡楡⁴敳晬愮灰猨潣数‬敲散癩彥牯摟獩潣湮捥ⱴ猠湥彤潮敟牲牯ഩ †簠†䘠汩⁥䌢尺獕牥屳整档屡灁䑰瑡屡潌慣屬牐杯慲獭停瑹潨屮祐桴湯ㄳ尲楌屢楳整瀭捡慫敧屳瑳牡敬瑴履業摤敬慷敲扜獡⹥祰Ⱒ氠湩⁥㠱ⰹ椠⁮彟慣汬彟਍††⁼††楷桴挠汯慬獰彥硥杣潲灵⡳㨩਍††⁼†楆敬∠㩃啜敳獲瑜捥慨䅜灰慄慴䱜捯污停潲牧浡屳祐桴湯停瑹潨㍮㈱䱜扩捜湯整瑸楬⹢祰Ⱒ氠湩⁥㔱ⰸ椠⁮彟硥瑩彟਍††⁼††敳晬朮湥琮牨睯瘨污敵ഩ †簠†䘠汩⁥䌢尺獕牥屳整档屡灁䑰瑡屡潌慣屬牐杯慲獭停瑹潨屮祐桴湯ㄳ尲楌屢楳整瀭捡慫敧屳瑳牡敬瑴履畟楴獬瀮≹‬楬敮㤠ⰳ椠⁮潣汬灡敳敟捸牧畯獰਍††⁼††慲獩⁥硥ൣ †簠†䘠汩⁥䌢尺獕牥屳整档屡灁䑰瑡屡潌慣屬牐杯慲獭停瑹潨屮祐桴湯ㄳ尲楌屢楳整瀭捡慫敧屳瑳牡敬瑴履業摤敬慷敲扜獡⹥祰Ⱒ氠湩⁥㤱ⰱ椠⁮彟慣汬彟਍††⁼††敲灳湯敳㴠愠慷瑩猠汥⹦楤灳瑡档晟湵⡣敲畱獥ⱴ挠污彬敮瑸ഩ †簠††††††††幞幞幞幞幞幞幞幞幞幞幞幞幞幞幞幞幞幞幞幞幞幞਍††⁼†楆敬∠㩃啜敳獲瑜捥慨作敮牄癩履敄歳潴屰慳敬⁳楡瀠慬晴潲屭慢正湥層灡屰業摤敬慷敲獜捥牵瑩⹹祰Ⱒ氠湩⁥㌲ⰱ椠⁮楤灳瑡档਍††⁼††敲灳湯敳㴠愠慷瑩挠污彬敮瑸爨煥敵瑳ഩ †簠††††††††幞幞幞幞幞幞幞幞幞幞幞幞਍††⁼†楆敬∠㩃啜敳獲瑜捥慨䅜灰慄慴䱜捯污停潲牧浡屳祐桴湯停瑹潨㍮㈱䱜扩獜瑩ⵥ慰正条獥獜慴汲瑥整浜摩汤睥牡履慢敳瀮≹‬楬敮ㄠ㔶‬湩挠污彬敮瑸਍††⁼††慲獩⁥灡彰硥ൣ †簠†䘠汩⁥䌢尺獕牥屳整档屡灁䑰瑡屡潌慣屬牐杯慲獭停瑹潨屮祐桴湯ㄳ尲楌屢楳整瀭捡慫敧屳瑳牡敬瑴履業摤敬慷敲扜獡⹥祰Ⱒ氠湩⁥㔱ⰱ椠⁮潣潲਍††⁼††睡楡⁴敳晬愮灰猨潣数‬敲散癩彥牯摟獩潣湮捥ⱴ猠湥彤潮敟牲牯ഩ †簠†䘠汩⁥䌢尺獕牥屳整档屡灁䑰瑡屡潌慣屬牐杯慲獭停瑹潨屮祐桴湯ㄳ尲楌屢楳整瀭捡慫敧屳瑳牡敬瑴履業摤敬慷敲扜獡⹥祰Ⱒ氠湩⁥㠱ⰹ椠⁮彟慣汬彟਍††⁼††楷桴挠汯慬獰彥硥杣潲灵⡳㨩਍††⁼†楆敬∠㩃啜敳獲瑜捥慨䅜灰慄慴䱜捯污停潲牧浡屳祐桴湯停瑹潨㍮㈱䱜扩捜湯整瑸楬⹢祰Ⱒ氠湩⁥㔱ⰸ椠⁮彟硥瑩彟਍††⁼††敳晬朮湥琮牨睯瘨污敵ഩ †簠†䘠汩⁥䌢尺獕牥屳整档屡灁䑰瑡屡潌慣屬牐杯慲獭停瑹潨屮祐桴湯ㄳ尲楌屢楳整瀭捡慫敧屳瑳牡敬瑴履畟楴獬瀮≹‬楬敮㤠ⰳ椠⁮潣汬灡敳敟捸牧畯獰਍††⁼††慲獩⁥硥ൣ †簠†䘠汩⁥䌢尺獕牥屳整档屡灁䑰瑡屡潌慣屬牐杯慲獭停瑹潨屮祐桴湯ㄳ尲楌屢楳整瀭捡慫敧屳瑳牡敬瑴履業摤敬慷敲扜獡⹥祰Ⱒ氠湩⁥㤱ⰱ椠⁮彟慣汬彟਍††⁼††敲灳湯敳㴠愠慷瑩猠汥⹦楤灳瑡档晟湵⡣敲畱獥ⱴ挠污彬敮瑸ഩ †簠††††††††幞幞幞幞幞幞幞幞幞幞幞幞幞幞幞幞幞幞幞幞幞幞਍††⁼†楆敬∠㩃啜敳獲瑜捥慨作敮牄癩履敄歳潴屰慳敬⁳楡瀠慬晴潲屭慢正湥層灡屰業摤敬慷敲獜捥牵瑩⹹祰Ⱒ氠湩⁥ㄲⰶ椠⁮楤灳瑡档਍††⁼††敲灳湯敳㴠愠慷瑩挠污彬敮瑸爨煥敵瑳ഩ †簠††††††††幞幞幞幞幞幞幞幞幞幞幞幞਍††⁼†楆敬∠㩃啜敳獲瑜捥慨䅜灰慄慴䱜捯污停潲牧浡屳祐桴湯停瑹潨㍮㈱䱜扩獜瑩ⵥ慰正条獥獜慴汲瑥整浜摩汤睥牡履慢敳瀮≹‬楬敮ㄠ㔶‬湩挠污彬敮瑸਍††⁼††慲獩⁥灡彰硥ൣ †簠†䘠汩⁥䌢尺獕牥屳整档屡灁䑰瑡屡潌慣屬牐杯慲獭停瑹潨屮祐桴湯ㄳ尲楌屢楳整瀭捡慫敧屳瑳牡敬瑴履業摤敬慷敲扜獡⹥祰Ⱒ氠湩⁥㔱ⰱ椠⁮潣潲਍††⁼††睡楡⁴敳晬愮灰猨潣数‬敲散癩彥牯摟獩潣湮捥ⱴ猠湥彤潮敟牲牯ഩ †簠†䘠汩⁥䌢尺獕牥屳整档屡灁䑰瑡屡潌慣屬牐杯慲獭停瑹潨屮祐桴湯ㄳ尲楌屢楳整瀭捡慫敧屳瑳牡敬瑴履業摤敬慷敲扜獡⹥祰Ⱒ氠湩⁥㠱ⰹ椠⁮彟慣汬彟਍††⁼††楷桴挠汯慬獰彥硥杣潲灵⡳㨩਍††⁼†楆敬∠㩃啜敳獲瑜捥慨䅜灰慄慴䱜捯污停潲牧浡屳祐桴湯停瑹潨㍮㈱䱜扩捜湯整瑸楬⹢祰Ⱒ氠湩⁥㔱ⰸ椠⁮彟硥瑩彟਍††⁼††敳晬朮湥琮牨睯瘨污敵ഩ †簠†䘠汩⁥䌢尺獕牥屳整档屡灁䑰瑡屡潌慣屬牐杯慲獭停瑹潨屮祐桴湯ㄳ尲楌屢楳整瀭捡慫敧屳瑳牡敬瑴履畟楴獬瀮≹‬楬敮㤠ⰳ椠⁮潣汬灡敳敟捸牧畯獰਍††⁼††慲獩⁥硥ൣ †簠†䘠汩⁥䌢尺獕牥屳整档屡灁䑰瑡屡潌慣屬牐杯慲獭停瑹潨屮祐桴湯ㄳ尲楌屢楳整瀭捡慫敧屳瑳牡敬瑴履業摤敬慷敲扜獡⹥祰Ⱒ氠湩⁥㤱ⰱ椠⁮彟慣汬彟਍††⁼††敲灳湯敳㴠愠慷瑩猠汥⹦楤灳瑡档晟湵⡣敲畱獥ⱴ挠污彬敮瑸ഩ †簠††††††††幞幞幞幞幞幞幞幞幞幞幞幞幞幞幞幞幞幞幞幞幞幞਍††⁼†楆敬∠㩃啜敳獲瑜捥慨作敮牄癩履敄歳潴屰慳敬⁳楡瀠慬晴潲屭慢正湥層灡屰業摤敬慷敲瑜湥湡彴湥潦捲浥湥⹴祰Ⱒ氠湩⁥㌷‬湩搠獩慰捴൨ †簠††爠瑥牵⁮睡楡⁴慣汬湟硥⡴敲畱獥⥴਍††⁼†††††帠幞幞幞幞幞幞幞幞幞幞幞൞ †簠†䘠汩⁥䌢尺獕牥屳整档屡灁䑰瑡屡潌慣屬牐杯慲獭停瑹潨屮祐桴湯ㄳ尲楌屢楳整瀭捡慫敧屳瑳牡敬瑴履業摤敬慷敲扜獡⹥祰Ⱒ氠湩⁥㘱ⰵ椠⁮慣汬湟硥൴ †簠††爠楡敳愠灰敟捸਍††⁼†楆敬∠㩃啜敳獲瑜捥慨䅜灰慄慴䱜捯污停潲牧浡屳祐桴湯停瑹潨㍮㈱䱜扩獜瑩ⵥ慰正条獥獜慴汲瑥整浜摩汤睥牡履慢敳瀮≹‬楬敮ㄠㄵ‬湩挠牯൯ †簠††愠慷瑩猠汥⹦灡⡰捳灯ⱥ爠捥楥敶潟彲楤捳湯敮瑣‬敳摮湟彯牥潲⥲਍††⁼†楆敬∠㩃啜敳獲瑜捥慨䅜灰慄慴䱜捯污停潲牧浡屳祐桴湯停瑹潨㍮㈱䱜扩獜瑩ⵥ慰正条獥獜慴汲瑥整浜摩汤睥牡履潣獲瀮≹‬楬敮㠠ⰵ椠⁮彟慣汬彟਍††⁼††睡楡⁴敳晬愮灰猨潣数‬敲散癩ⱥ猠湥⥤਍††⁼†楆敬∠㩃啜敳獲瑜捥慨䅜灰慄慴䱜捯污停潲牧浡屳祐桴湯停瑹潨㍮㈱䱜扩獜瑩ⵥ慰正条獥獜慴汲瑥整浜摩汤睥牡履硥散瑰潩獮瀮≹‬楬敮㘠ⰵ椠⁮彟慣汬彟਍††⁼††睡楡⁴牷灡慟灰桟湡汤湩彧硥散瑰潩獮猨汥⹦灡Ɒ挠湯⥮猨潣数‬敲散癩ⱥ猠湥⥤਍††⁼†楆敬∠㩃啜敳獲瑜捥慨䅜灰慄慴䱜捯污停潲牧浡屳祐桴湯停瑹潨㍮㈱䱜扩獜瑩ⵥ慰正条獥獜慴汲瑥整彜硥散瑰潩彮慨摮敬⹲祰Ⱒ氠湩⁥㐶‬湩眠慲灰摥慟灰਍††⁼††慲獩⁥硥ൣ †簠†䘠汩⁥䌢尺獕牥屳整档屡灁䑰瑡屡潌慣屬牐杯慲獭停瑹潨屮祐桴湯ㄳ尲楌屢楳整瀭捡慫敧屳瑳牡敬瑴履敟捸灥楴湯桟湡汤牥瀮≹‬楬敮㔠ⰳ椠⁮牷灡数彤灡൰ †簠††愠慷瑩愠灰猨潣数‬敲散癩ⱥ猠湥敤⥲਍††⁼†楆敬∠㩃啜敳獲瑜捥慨䅜灰慄慴䱜捯污停潲牧浡屳祐桴湯停瑹潨㍮㈱䱜扩獜瑩ⵥ慰正条獥獜慴汲瑥整牜畯楴杮瀮≹‬楬敮㜠㘵‬湩张损污彬ൟ †簠††愠慷瑩猠汥⹦業摤敬慷敲獟慴正猨潣数‬敲散癩ⱥ猠湥⥤਍††⁼†楆敬∠㩃啜敳獲瑜捥慨䅜灰慄慴䱜捯污停潲牧浡屳祐桴湯停瑹潨㍮㈱䱜扩獜瑩ⵥ慰正条獥獜慴汲瑥整牜畯楴杮瀮≹‬楬敮㜠㘷‬湩愠灰਍††⁼††睡楡⁴潲瑵⹥慨摮敬猨潣数‬敲散癩ⱥ猠湥⥤਍††⁼†楆敬∠㩃啜敳獲瑜捥慨䅜灰慄慴䱜捯污停潲牧浡屳祐桴湯停瑹潨㍮㈱䱜扩獜瑩ⵥ慰正条獥獜慴汲瑥整牜畯楴杮瀮≹‬楬敮㈠㜹‬湩栠湡汤൥ †簠††愠慷瑩猠汥⹦灡⡰捳灯ⱥ爠捥楥敶‬敳摮ഩ †簠†䘠汩⁥䌢尺獕牥屳整档屡灁䑰瑡屡潌慣屬牐杯慲獭停瑹潨屮祐桴湯ㄳ尲楌屢楳整瀭捡慫敧屳瑳牡敬瑴履潲瑵湩⹧祰Ⱒ氠湩⁥㜷‬湩愠灰਍††⁼††睡楡⁴牷灡慟灰桟湡汤湩彧硥散瑰潩獮愨灰‬敲畱獥⥴猨潣数‬敲散癩ⱥ猠湥⥤਍††⁼†楆敬∠㩃啜敳獲瑜捥慨䅜灰慄慴䱜捯污停潲牧浡屳祐桴湯停瑹潨㍮㈱䱜扩獜瑩ⵥ慰正条獥獜慴汲瑥整彜硥散瑰潩彮慨摮敬⹲祰Ⱒ氠湩⁥㐶‬湩眠慲灰摥慟灰਍††⁼††慲獩⁥硥ൣ †簠†䘠汩⁥䌢尺獕牥屳整档屡灁䑰瑡屡潌慣屬牐杯慲獭停瑹潨屮祐桴湯ㄳ尲楌屢楳整瀭捡慫敧屳瑳牡敬瑴履敟捸灥楴湯桟湡汤牥瀮≹‬楬敮㔠ⰳ椠⁮牷灡数彤灡൰ †簠††愠慷瑩愠灰猨潣数‬敲散癩ⱥ猠湥敤⥲਍††⁼†楆敬∠㩃啜敳獲瑜捥慨䅜灰慄慴䱜捯污停潲牧浡屳祐桴湯停瑹潨㍮㈱䱜扩獜瑩ⵥ慰正条獥獜慴汲瑥整牜畯楴杮瀮≹‬楬敮㜠ⰲ椠⁮灡൰ †簠††爠獥潰獮⁥‽睡楡⁴畦据爨煥敵瑳ഩ †簠††††††††幞幞幞幞幞幞幞幞幞൞ †簠†䘠汩⁥䌢尺獕牥屳整档屡灁䑰瑡屡潌慣屬牐杯慲獭停瑹潨屮祐桴湯ㄳ尲楌屢楳整瀭捡慫敧屳慦瑳灡屩潲瑵湩⹧祰Ⱒ氠湩⁥㜲ⰸ椠⁮灡൰ †簠††爠睡牟獥潰獮⁥‽睡楡⁴畲彮湥灤楯瑮晟湵瑣潩⡮਍††⁼†††††††††帠幞幞幞幞幞幞幞幞幞幞幞幞幞൞ †簠†䘠汩⁥䌢尺獕牥屳整档屡灁䑰瑡屡潌慣屬牐杯慲獭停瑹潨屮祐桴湯ㄳ尲楌屢楳整瀭捡慫敧屳慦瑳灡屩潲瑵湩⹧祰Ⱒ氠湩⁥㤱ⰱ椠⁮畲彮湥灤楯瑮晟湵瑣潩൮ †簠††爠瑥牵⁮睡楡⁴敤数摮湡⹴慣汬⨨瘪污敵⥳਍††⁼†††††帠幞幞幞幞幞幞幞幞幞幞幞幞幞幞൞ †簠†䘠汩⁥䌢尺獕牥屳整档屡湏䑥楲敶䑜獥瑫灯獜污獥愠⁩汰瑡牦浯扜捡敫摮慜灰慜楰癜就湥灤楯瑮屳潷歲灳捡⹥祰Ⱒ氠湩⁥㌳ⰹ椠⁮敧彴湩敶瑮牯役敨污桴਍††⁼††敲畴湲圠牯獫慰散湅楧敮朮瑥楟癮湥潴祲桟慥瑬⡨潣灭湡役摩挽浯慰祮楟⥤਍††⁼†††††帠幞幞幞幞幞幞幞幞幞幞幞幞幞幞幞幞幞幞幞幞幞幞幞幞幞幞幞幞幞਍††⁼祔数牅潲㩲圠牯獫慰散湅楧敮朮瑥楟癮湥潴祲桟慥瑬⡨ 潧⁴湡甠敮灸捥整⁤敫睹牯⁤牡畧敭瑮✠潣灭湡役摩ധ †⬠ⴭⴭⴭⴭⴭⴭⴭⴭⴭⴭⴭⴭⴭⴭⴭⴭⴭⴭ਍਍畄楲杮栠湡汤湩⁧景琠敨愠潢敶攠捸灥楴湯‬湡瑯敨⁲硥散瑰潩⁮捯畣牲摥ഺഊ吊慲散慢正⠠潭瑳爠捥湥⁴慣汬氠獡⥴ഺ 䘠汩⁥䌢尺獕牥屳整档屡灁䑰瑡屡潌慣屬牐杯慲獭停瑹潨屮祐桴湯ㄳ尲楌屢楳整瀭捡慫敧屳瑳牡敬瑴履業摤敬慷敲敜牲牯⹳祰Ⱒ氠湩⁥㘱ⰴ椠⁮彟慣汬彟਍††睡楡⁴敳晬愮灰猨潣数‬敲散癩ⱥ张敳摮ഩ 䘠汩⁥䌢尺獕牥屳整档屡灁䑰瑡屡潌慣屬牐杯慲獭停瑹潨屮祐桴湯ㄳ尲楌屢楳整瀭捡慫敧屳瑳牡敬瑴履業摤敬慷敲扜獡⹥祰Ⱒ氠湩⁥㠱ⰹ椠⁮彟慣汬彟਍††楷桴挠汯慬獰彥硥杣潲灵⡳㨩਍†楆敬∠㩃啜敳獲瑜捥慨䅜灰慄慴䱜捯污停潲牧浡屳祐桴湯停瑹潨㍮㈱䱜扩捜湯整瑸楬⹢祰Ⱒ氠湩⁥㔱ⰸ椠⁮彟硥瑩彟਍††敳晬朮湥琮牨睯瘨污敵ഩ 䘠汩⁥䌢尺獕牥屳整档屡灁䑰瑡屡潌慣屬牐杯慲獭停瑹潨屮祐桴湯ㄳ尲楌屢楳整瀭捡慫敧屳瑳牡敬瑴履畟楴獬瀮≹‬楬敮㤠ⰳ椠⁮潣汬灡敳敟捸牧畯獰਍††慲獩⁥硥ൣ 䘠汩⁥䌢尺獕牥屳整档屡灁䑰瑡屡潌慣屬牐杯慲獭停瑹潨屮祐桴湯ㄳ尲楌屢楳整瀭捡慫敧屳瑳牡敬瑴履業摤敬慷敲扜獡⹥祰Ⱒ氠湩⁥㤱ⰱ椠⁮彟慣汬彟਍††敲灳湯敳㴠愠慷瑩猠汥⹦楤灳瑡档晟湵⡣敲畱獥ⱴ挠污彬敮瑸ഩ †††††††幞幞幞幞幞幞幞幞幞幞幞幞幞幞幞幞幞幞幞幞幞幞਍†楆敬∠㩃啜敳獲瑜捥慨作敮牄癩履敄歳潴屰慳敬⁳楡瀠慬晴潲屭慢正湥層灡屰業摤敬慷敲牜煥敵瑳损湯整瑸瀮≹‬楬敮㔠ⰶ椠⁮楤灳瑡档਍††慲獩⁥൥ 䘠汩⁥䌢尺獕牥屳整档屡湏䑥楲敶䑜獥瑫灯獜污獥愠⁩汰瑡牦浯扜捡敫摮慜灰浜摩汤睥牡履敲畱獥彴潣瑮硥⹴祰Ⱒ氠湩⁥〵‬湩搠獩慰捴൨ †爠獥潰獮⁥‽睡楡⁴慣汬湟硥⡴敲畱獥⥴਍†††††††帠幞幞幞幞幞幞幞幞幞幞幞൞ 䘠汩⁥䌢尺獕牥屳整档屡灁䑰瑡屡潌慣屬牐杯慲獭停瑹潨屮祐桴湯ㄳ尲楌屢楳整瀭捡慫敧屳瑳牡敬瑴履業摤敬慷敲扜獡⹥祰Ⱒ氠湩⁥㘱ⰵ椠⁮慣汬湟硥൴ †爠楡敳愠灰敟捸਍†楆敬∠㩃啜敳獲瑜捥慨䅜灰慄慴䱜捯污停潲牧浡屳祐桴湯停瑹潨㍮㈱䱜扩獜瑩ⵥ慰正条獥獜慴汲瑥整浜摩汤睥牡履慢敳瀮≹‬楬敮ㄠㄵ‬湩挠牯൯ †愠慷瑩猠汥⹦灡⡰捳灯ⱥ爠捥楥敶潟彲楤捳湯敮瑣‬敳摮湟彯牥潲⥲਍†楆敬∠㩃啜敳獲瑜捥慨䅜灰慄慴䱜捯污停潲牧浡屳祐桴湯停瑹潨㍮㈱䱜扩獜瑩ⵥ慰正条獥獜慴汲瑥整浜摩汤睥牡履慢敳瀮≹‬楬敮ㄠ㤸‬湩张损污彬ൟ †眠瑩⁨潣汬灡敳敟捸牧畯獰⤨ഺ 䘠汩⁥䌢尺獕牥屳整档屡灁䑰瑡屡潌慣屬牐杯慲獭停瑹潨屮祐桴湯ㄳ尲楌屢潣瑮硥汴扩瀮≹‬楬敮ㄠ㠵‬湩张敟楸彴ൟ †猠汥⹦敧⹮桴潲⡷慶畬⥥਍†楆敬∠㩃啜敳獲瑜捥慨䅜灰慄慴䱜捯污停潲牧浡屳祐桴湯停瑹潨㍮㈱䱜扩獜瑩ⵥ慰正条獥獜慴汲瑥整彜瑵汩⹳祰Ⱒ氠湩⁥㌹‬湩挠汯慬獰彥硥杣潲灵൳ †爠楡敳攠捸਍†楆敬∠㩃啜敳獲瑜捥慨䅜灰慄慴䱜捯污停潲牧浡屳祐桴湯停瑹潨㍮㈱䱜扩獜瑩ⵥ慰正条獥獜慴汲瑥整浜摩汤睥牡履慢敳瀮≹‬楬敮ㄠㄹ‬湩张损污彬ൟ †爠獥潰獮⁥‽睡楡⁴敳晬搮獩慰捴彨畦据爨煥敵瑳‬慣汬湟硥⥴਍†††††††帠幞幞幞幞幞幞幞幞幞幞幞幞幞幞幞幞幞幞幞幞幞൞ 䘠汩⁥䌢尺獕牥屳整档屡湏䑥楲敶䑜獥瑫灯獜污獥愠⁩汰瑡牦浯扜捡敫摮慜灰浜摩汤睥牡履敳畣楲祴瀮≹‬楬敮㈠ㄳ‬湩搠獩慰捴൨ †爠獥潰獮⁥‽睡楡⁴慣汬湟硥⡴敲畱獥⥴਍†††††††帠幞幞幞幞幞幞幞幞幞幞幞൞ 䘠汩⁥䌢尺獕牥屳整档屡灁䑰瑡屡潌慣屬牐杯慲獭停瑹潨屮祐桴湯ㄳ尲楌屢楳整瀭捡慫敧屳瑳牡敬瑴履業摤敬慷敲扜獡⹥祰Ⱒ氠湩⁥㘱ⰵ椠⁮慣汬湟硥൴ †爠楡敳愠灰敟捸਍†楆敬∠㩃啜敳獲瑜捥慨䅜灰慄慴䱜捯污停潲牧浡屳祐桴湯停瑹潨㍮㈱䱜扩獜瑩ⵥ慰正条獥獜慴汲瑥整浜摩汤睥牡履慢敳瀮≹‬楬敮ㄠㄵ‬湩挠牯൯ †愠慷瑩猠汥⹦灡⡰捳灯ⱥ爠捥楥敶潟彲楤捳湯敮瑣‬敳摮湟彯牥潲⥲਍†楆敬∠㩃啜敳獲瑜捥慨䅜灰慄慴䱜捯污停潲牧浡屳祐桴湯停瑹潨㍮㈱䱜扩獜瑩ⵥ慰正条獥獜慴汲瑥整浜摩汤睥牡履慢敳瀮≹‬楬敮ㄠ㤸‬湩张损污彬ൟ †眠瑩⁨潣汬灡敳敟捸牧畯獰⤨ഺ 䘠汩⁥䌢尺獕牥屳整档屡灁䑰瑡屡潌慣屬牐杯慲獭停瑹潨屮祐桴湯ㄳ尲楌屢潣瑮硥汴扩瀮≹‬楬敮ㄠ㠵‬湩张敟楸彴ൟ †猠汥⹦敧⹮桴潲⡷慶畬⥥਍†楆敬∠㩃啜敳獲瑜捥慨䅜灰慄慴䱜捯污停潲牧浡屳祐桴湯停瑹潨㍮㈱䱜扩獜瑩ⵥ慰正条獥獜慴汲瑥整彜瑵汩⹳祰Ⱒ氠湩⁥㌹‬湩挠汯慬獰彥硥杣潲灵൳ †爠楡敳攠捸਍†楆敬∠㩃啜敳獲瑜捥慨䅜灰慄慴䱜捯污停潲牧浡屳祐桴湯停瑹潨㍮㈱䱜扩獜瑩ⵥ慰正条獥獜慴汲瑥整浜摩汤睥牡履慢敳瀮≹‬楬敮ㄠㄹ‬湩张损污彬ൟ †爠獥潰獮⁥‽睡楡⁴敳晬搮獩慰捴彨畦据爨煥敵瑳‬慣汬湟硥⥴਍†††††††帠幞幞幞幞幞幞幞幞幞幞幞幞幞幞幞幞幞幞幞幞幞൞ 䘠汩⁥䌢尺獕牥屳整档屡湏䑥楲敶䑜獥瑫灯獜污獥愠⁩汰瑡牦浯扜捡敫摮慜灰浜摩汤睥牡履敳畣楲祴瀮≹‬楬敮㈠㘱‬湩搠獩慰捴൨ †爠獥潰獮⁥‽睡楡⁴慣汬湟硥⡴敲畱獥⥴਍†††††††帠幞幞幞幞幞幞幞幞幞幞幞൞ 䘠汩⁥䌢尺獕牥屳整档屡灁䑰瑡屡潌慣屬牐杯慲獭停瑹潨屮祐桴湯ㄳ尲楌屢楳整瀭捡慫敧屳瑳牡敬瑴履業摤敬慷敲扜獡⹥祰Ⱒ氠湩⁥㘱ⰵ椠⁮慣汬湟硥൴ †爠楡敳愠灰敟捸਍†楆敬∠㩃啜敳獲瑜捥慨䅜灰慄慴䱜捯污停潲牧浡屳祐桴湯停瑹潨㍮㈱䱜扩獜瑩ⵥ慰正条獥獜慴汲瑥整浜摩汤睥牡履慢敳瀮≹‬楬敮ㄠㄵ‬湩挠牯൯ †愠慷瑩猠汥⹦灡⡰捳灯ⱥ爠捥楥敶潟彲楤捳湯敮瑣‬敳摮湟彯牥潲⥲਍†楆敬∠㩃啜敳獲瑜捥慨䅜灰慄慴䱜捯污停潲牧浡屳祐桴湯停瑹潨㍮㈱䱜扩獜瑩ⵥ慰正条獥獜慴汲瑥整浜摩汤睥牡履慢敳瀮≹‬楬敮ㄠ㤸‬湩张损污彬ൟ †眠瑩⁨潣汬灡敳敟捸牧畯獰⤨ഺ 䘠汩⁥䌢尺獕牥屳整档屡灁䑰瑡屡潌慣屬牐杯慲獭停瑹潨屮祐桴湯ㄳ尲楌屢潣瑮硥汴扩瀮≹‬楬敮ㄠ㠵‬湩张敟楸彴ൟ †猠汥⹦敧⹮桴潲⡷慶畬⥥਍†楆敬∠㩃啜敳獲瑜捥慨䅜灰慄慴䱜捯污停潲牧浡屳祐桴湯停瑹潨㍮㈱䱜扩獜瑩ⵥ慰正条獥獜慴汲瑥整彜瑵汩⹳祰Ⱒ氠湩⁥㌹‬湩挠汯慬獰彥硥杣潲灵൳ †爠楡敳攠捸਍†楆敬∠㩃啜敳獲瑜捥慨䅜灰慄慴䱜捯污停潲牧浡屳祐桴湯停瑹潨㍮㈱䱜扩獜瑩ⵥ慰正条獥獜慴汲瑥整浜摩汤睥牡履慢敳瀮≹‬楬敮ㄠㄹ‬湩张损污彬ൟ †爠獥潰獮⁥‽睡楡⁴敳晬搮獩慰捴彨畦据爨煥敵瑳‬慣汬湟硥⥴਍†††††††帠幞幞幞幞幞幞幞幞幞幞幞幞幞幞幞幞幞幞幞幞幞൞ 䘠汩⁥䌢尺獕牥屳整档屡湏䑥楲敶䑜獥瑫灯獜污獥愠⁩汰瑡牦浯扜捡敫摮慜灰浜摩汤睥牡履整慮瑮敟普牯散敭瑮瀮≹‬楬敮㜠ⰳ椠⁮楤灳瑡档਍††敲畴湲愠慷瑩挠污彬敮瑸爨煥敵瑳ഩ †††††幞幞幞幞幞幞幞幞幞幞幞幞਍†楆敬∠㩃啜敳獲瑜捥慨䅜灰慄慴䱜捯污停潲牧浡屳祐桴湯停瑹潨㍮㈱䱜扩獜瑩ⵥ慰正条獥獜慴汲瑥整浜摩汤睥牡履慢敳瀮≹‬楬敮ㄠ㔶‬湩挠污彬敮瑸਍††慲獩⁥灡彰硥ൣ 䘠汩⁥䌢尺獕牥屳整档屡灁䑰瑡屡潌慣屬牐杯慲獭停瑹潨屮祐桴湯ㄳ尲楌屢楳整瀭捡慫敧屳瑳牡敬瑴履業摤敬慷敲扜獡⹥祰Ⱒ氠湩⁥㔱ⰱ椠⁮潣潲਍††睡楡⁴敳晬愮灰猨潣数‬敲散癩彥牯摟獩潣湮捥ⱴ猠湥彤潮敟牲牯ഩ 䘠汩⁥䌢尺獕牥屳整档屡灁䑰瑡屡潌慣屬牐杯慲獭停瑹潨屮祐桴湯ㄳ尲楌屢楳整瀭捡慫敧屳瑳牡敬瑴履業摤敬慷敲捜牯⹳祰Ⱒ氠湩⁥㔸‬湩张损污彬ൟ †愠慷瑩猠汥⹦灡⡰捳灯ⱥ爠捥楥敶‬敳摮ഩ 䘠汩⁥䌢尺獕牥屳整档屡灁䑰瑡屡潌慣屬牐杯慲獭停瑹潨屮祐桴湯ㄳ尲楌屢楳整瀭捡慫敧屳瑳牡敬瑴履業摤敬慷敲敜捸灥楴湯⹳祰Ⱒ氠湩⁥㔶‬湩张损污彬ൟ †愠慷瑩眠慲彰灡彰慨摮楬杮敟捸灥楴湯⡳敳晬愮灰‬潣湮⠩捳灯ⱥ爠捥楥敶‬敳摮ഩ 䘠汩⁥䌢尺獕牥屳整档屡灁䑰瑡屡潌慣屬牐杯慲獭停瑹潨屮祐桴湯ㄳ尲楌屢楳整瀭捡慫敧屳瑳牡敬瑴履敟捸灥楴湯桟湡汤牥瀮≹‬楬敮㘠ⰴ椠⁮牷灡数彤灡൰ †爠楡敳攠捸਍†楆敬∠㩃啜敳獲瑜捥慨䅜灰慄慴䱜捯污停潲牧浡屳祐桴湯停瑹潨㍮㈱䱜扩獜瑩ⵥ慰正条獥獜慴汲瑥整彜硥散瑰潩彮慨摮敬⹲祰Ⱒ氠湩⁥㌵‬湩眠慲灰摥慟灰਍††睡楡⁴灡⡰捳灯ⱥ爠捥楥敶‬敳摮牥ഩ 䘠汩⁥䌢尺獕牥屳整档屡灁䑰瑡屡潌慣屬牐杯慲獭停瑹潨屮祐桴湯ㄳ尲楌屢楳整瀭捡慫敧屳瑳牡敬瑴履潲瑵湩⹧祰Ⱒ氠湩⁥㔷ⰶ椠⁮彟慣汬彟਍††睡楡⁴敳晬洮摩汤睥牡彥瑳捡⡫捳灯ⱥ爠捥楥敶‬敳摮ഩ 䘠汩⁥䌢尺獕牥屳整档屡灁䑰瑡屡潌慣屬牐杯慲獭停瑹潨屮祐桴湯ㄳ尲楌屢楳整瀭捡慫敧屳瑳牡敬瑴履潲瑵湩⹧祰Ⱒ氠湩⁥㜷ⰶ椠⁮灡൰ †愠慷瑩爠畯整栮湡汤⡥捳灯ⱥ爠捥楥敶‬敳摮ഩ 䘠汩⁥䌢尺獕牥屳整档屡灁䑰瑡屡潌慣屬牐杯慲獭停瑹潨屮祐桴湯ㄳ尲楌屢楳整瀭捡慫敧屳瑳牡敬瑴履潲瑵湩⹧祰Ⱒ氠湩⁥㤲ⰷ椠⁮慨摮敬਍††睡楡⁴敳晬愮灰猨潣数‬敲散癩ⱥ猠湥⥤਍†楆敬∠㩃啜敳獲瑜捥慨䅜灰慄慴䱜捯污停潲牧浡屳祐桴湯停瑹潨㍮㈱䱜扩獜瑩ⵥ慰正条獥獜慴汲瑥整牜畯楴杮瀮≹‬楬敮㜠ⰷ椠⁮灡൰ †愠慷瑩眠慲彰灡彰慨摮楬杮敟捸灥楴湯⡳灡Ɒ爠煥敵瑳⠩捳灯ⱥ爠捥楥敶‬敳摮ഩ 䘠汩⁥䌢尺獕牥屳整档屡灁䑰瑡屡潌慣屬牐杯慲獭停瑹潨屮祐桴湯ㄳ尲楌屢楳整瀭捡慫敧屳瑳牡敬瑴履敟捸灥楴湯桟湡汤牥瀮≹‬楬敮㘠ⰴ椠⁮牷灡数彤灡൰ †爠楡敳攠捸਍†楆敬∠㩃啜敳獲瑜捥慨䅜灰慄慴䱜捯污停潲牧浡屳祐桴湯停瑹潨㍮㈱䱜扩獜瑩ⵥ慰正条獥獜慴汲瑥整彜硥散瑰潩彮慨摮敬⹲祰Ⱒ氠湩⁥㌵‬湩眠慲灰摥慟灰਍††睡楡⁴灡⡰捳灯ⱥ爠捥楥敶‬敳摮牥ഩ 䘠汩⁥䌢尺獕牥屳整档屡灁䑰瑡屡潌慣屬牐杯慲獭停瑹潨屮祐桴湯ㄳ尲楌屢楳整瀭捡慫敧屳瑳牡敬瑴履潲瑵湩⹧祰Ⱒ氠湩⁥㈷‬湩愠灰਍††敲灳湯敳㴠愠慷瑩映湵⡣敲畱獥⥴਍†††††††帠幞幞幞幞幞幞幞幞幞਍†楆敬∠㩃啜敳獲瑜捥慨䅜灰慄慴䱜捯污停潲牧浡屳祐桴湯停瑹潨㍮㈱䱜扩獜瑩ⵥ慰正条獥晜獡慴楰牜畯楴杮瀮≹‬楬敮㈠㠷‬湩愠灰਍††慲彷敲灳湯敳㴠愠慷瑩爠湵敟摮潰湩彴畦据楴湯ന †††††††††幞幞幞幞幞幞幞幞幞幞幞幞幞幞਍†楆敬∠㩃啜敳獲瑜捥慨䅜灰慄慴䱜捯污停潲牧浡屳祐桴湯停瑹潨㍮㈱䱜扩獜瑩ⵥ慰正条獥晜獡慴楰牜畯楴杮瀮≹‬楬敮ㄠㄹ‬湩爠湵敟摮潰湩彴畦据楴湯਍††敲畴湲愠慷瑩搠灥湥慤瑮挮污⡬⨪慶畬獥ഩ †††††幞幞幞幞幞幞幞幞幞幞幞幞幞幞幞਍†楆敬∠㩃啜敳獲瑜捥慨作敮牄癩履敄歳潴屰慳敬⁳楡瀠慬晴潲屭慢正湥層灡屰灡屩ㅶ敜摮潰湩獴睜牯獫慰散瀮≹‬楬敮㌠㤳‬湩朠瑥楟癮湥潴祲桟慥瑬൨ †爠瑥牵⁮潗歲灳捡䕥杮湩⹥敧彴湩敶瑮牯役敨污桴挨浯慰祮楟㵤潣灭湡役摩ഩ †††††幞幞幞幞幞幞幞幞幞幞幞幞幞幞幞幞幞幞幞幞幞幞幞幞幞幞幞幞幞൞吊灹䕥牲牯›潗歲灳捡䕥杮湩⹥敧彴湩敶瑮牯役敨污桴⤨朠瑯愠⁮湵硥数瑣摥欠祥潷摲愠杲浵湥⁴挧浯慰祮楟❤਍਍㉛㈰ⴶ㌰㈭‹㐱㐺㨳㠴㐮㐳㌲崷嬠䑉㌺愱㈵攴ⵦ㈷〸㐭㜰ⴸ慢㠵㘭摦戴搵㌸戱崵䔠剒›慣湮瑯椠灭牯⁴慮敭✠敧彴畣牲湥彴獵牥‧牦浯✠灡⹰慭湩‧䌨尺獕牥屳整档屡湏䑥楲敶䑜獥瑫灯獜污獥愠⁩汰瑡牦浯扜捡敫摮慜灰浜楡⹮祰ഩ ⬠䔠捸灥楴湯䜠潲灵吠慲散慢正⠠潭瑳爠捥湥⁴慣汬氠獡⥴ഺ 簠†䘠汩⁥䌢尺獕牥屳整档屡灁䑰瑡屡潌慣屬牐杯慲獭停瑹潨屮祐桴湯ㄳ尲楌屢楳整瀭捡慫敧屳瑳牡敬瑴履畟楴獬瀮≹‬楬敮㠠ⰷ椠⁮潣汬灡敳敟捸牧畯獰਍†⁼††楹汥൤ 簠†䘠汩⁥䌢尺獕牥屳整档屡灁䑰瑡屡潌慣屬牐杯慲獭停瑹潨屮祐桴湯ㄳ尲楌屢楳整瀭捡慫敧屳瑳牡敬瑴履業摤敬慷敲扜獡⹥祰Ⱒ氠湩⁥㤱ⰰ椠⁮彟慣汬彟਍†⁼††獡湹⁣楷桴愠祮潩挮敲瑡彥慴歳束潲灵⤨愠⁳慴歳束潲灵ഺ 簠†䘠汩⁥䌢尺獕牥屳整档屡灁䑰瑡屡潌慣屬牐杯慲獭停瑹潨屮祐桴湯ㄳ尲楌屢楳整瀭捡慫敧屳湡楹屯扟捡敫摮屳慟祳据潩瀮≹‬楬敮㘠㠷‬湩张慟硥瑩彟਍†⁼††慲獩⁥慂敳硅散瑰潩䝮潲灵ന 簠䔠捸灥楴湯片畯㩰甠桮湡汤摥攠牲牯⁳湩愠吠獡䝫潲灵⠠‱畳ⵢ硥散瑰潩⥮਍†⴫⴫ⴭⴭⴭⴭⴭⴭⴭ‭‱ⴭⴭⴭⴭⴭⴭⴭⴭ਍††⁼牔捡扥捡⁫洨獯⁴敲散瑮挠污⁬慬瑳㨩਍††⁼†楆敬∠㩃啜敳獲瑜捥慨䅜灰慄慴䱜捯污停潲牧浡屳祐桴湯停瑹潨㍮㈱䱜扩獜瑩ⵥ慰正条獥獜慴汲瑥整浜摩汤睥牡履牥潲獲瀮≹‬楬敮ㄠ㐶‬湩张损污彬ൟ †簠††愠慷瑩猠汥⹦灡⡰捳灯ⱥ爠捥楥敶‬獟湥⥤਍††⁼†楆敬∠㩃啜敳獲瑜捥慨䅜灰慄慴䱜捯污停潲牧浡屳祐桴湯停瑹潨㍮㈱䱜扩獜瑩ⵥ慰正条獥獜慴汲瑥整浜摩汤睥牡履慢敳瀮≹‬楬敮ㄠ㤸‬湩张损污彬ൟ †簠††眠瑩⁨潣汬灡敳敟捸牧畯獰⤨ഺ †簠†䘠汩⁥䌢尺獕牥屳整档屡灁䑰瑡屡潌慣屬牐杯慲獭停瑹潨屮祐桴湯ㄳ尲楌屢潣瑮硥汴扩瀮≹‬楬敮ㄠ㠵‬湩张敟楸彴ൟ †簠††猠汥⹦敧⹮桴潲⡷慶畬⥥਍††⁼†楆敬∠㩃啜敳獲瑜捥慨䅜灰慄慴䱜捯污停潲牧浡屳祐桴湯停瑹潨㍮㈱䱜扩獜瑩ⵥ慰正条獥獜慴汲瑥整彜瑵汩⹳祰Ⱒ氠湩⁥㌹‬湩挠汯慬獰彥硥杣潲灵൳ †簠††爠楡敳攠捸਍††⁼†楆敬∠㩃啜敳獲瑜捥慨䅜灰慄慴䱜捯污停潲牧浡屳祐桴湯停瑹潨㍮㈱䱜扩獜瑩ⵥ慰正条獥獜慴汲瑥整浜摩汤睥牡履慢敳瀮≹‬楬敮ㄠㄹ‬湩张损污彬ൟ †簠††爠獥潰獮⁥‽睡楡⁴敳晬搮獩慰捴彨畦据爨煥敵瑳‬慣汬湟硥⥴਍††⁼†††††††帠幞幞幞幞幞幞幞幞幞幞幞幞幞幞幞幞幞幞幞幞幞൞ †簠†䘠汩⁥䌢尺獕牥屳整档屡湏䑥楲敶䑜獥瑫灯獜污獥愠⁩汰瑡牦浯扜捡敫摮慜灰浜摩汤睥牡履敲畱獥彴潣瑮硥⹴祰Ⱒ氠湩⁥㘵‬湩搠獩慰捴൨ †簠††爠楡敳攠਍††⁼†楆敬∠㩃啜敳獲瑜捥慨作敮牄癩履敄歳潴屰慳敬⁳楡瀠慬晴潲屭慢正湥層灡屰業摤敬慷敲牜煥敵瑳损湯整瑸瀮≹‬楬敮㔠ⰰ椠⁮楤灳瑡档਍††⁼††敲灳湯敳㴠愠慷瑩挠污彬敮瑸爨煥敵瑳ഩ †簠††††††††幞幞幞幞幞幞幞幞幞幞幞幞਍††⁼†楆敬∠㩃啜敳獲瑜捥慨䅜灰慄慴䱜捯污停潲牧浡屳祐桴湯停瑹潨㍮㈱䱜扩獜瑩ⵥ慰正条獥獜慴汲瑥整浜摩汤睥牡履慢敳瀮≹‬楬敮ㄠ㔶‬湩挠污彬敮瑸਍††⁼††慲獩⁥灡彰硥ൣ †簠†䘠汩⁥䌢尺獕牥屳整档屡灁䑰瑡屡潌慣屬牐杯慲獭停瑹潨屮祐桴湯ㄳ尲楌屢楳整瀭捡慫敧屳瑳牡敬瑴履業摤敬慷敲扜獡⹥祰Ⱒ氠湩⁥㔱ⰱ椠⁮潣潲਍††⁼††睡楡⁴敳晬愮灰猨潣数‬敲散癩彥牯摟獩潣湮捥ⱴ猠湥彤潮敟牲牯ഩ †簠†䘠汩⁥䌢尺獕牥屳整档屡灁䑰瑡屡潌慣屬牐杯慲獭停瑹潨屮祐桴湯ㄳ尲楌屢楳整瀭捡慫敧屳瑳牡敬瑴履業摤敬慷敲扜獡⹥祰Ⱒ氠湩⁥㠱ⰹ椠⁮彟慣汬彟਍††⁼††楷桴挠汯慬獰彥硥杣潲灵⡳㨩਍††⁼†楆敬∠㩃啜敳獲瑜捥慨䅜灰慄慴䱜捯污停潲牧浡屳祐桴湯停瑹潨㍮㈱䱜扩捜湯整瑸楬⹢祰Ⱒ氠湩⁥㔱ⰸ椠⁮彟硥瑩彟਍††⁼††敳晬朮湥琮牨睯瘨污敵ഩ †簠†䘠汩⁥䌢尺獕牥屳整档屡灁䑰瑡屡潌慣屬牐杯慲獭停瑹潨屮祐桴湯ㄳ尲楌屢楳整瀭捡慫敧屳瑳牡敬瑴履畟楴獬瀮≹‬楬敮㤠ⰳ椠⁮潣汬灡敳敟捸牧畯獰਍††⁼††慲獩⁥硥ൣ †簠†䘠汩⁥䌢尺獕牥屳整档屡灁䑰瑡屡潌慣屬牐杯慲獭停瑹潨屮祐桴湯ㄳ尲楌屢楳整瀭捡慫敧屳瑳牡敬瑴履業摤敬慷敲扜獡⹥祰Ⱒ氠湩⁥㤱ⰱ椠⁮彟慣汬彟਍††⁼††敲灳湯敳㴠愠慷瑩猠汥⹦楤灳瑡档晟湵⡣敲畱獥ⱴ挠污彬敮瑸ഩ †簠††††††††幞幞幞幞幞幞幞幞幞幞幞幞幞幞幞幞幞幞幞幞幞幞਍††⁼†楆敬∠㩃啜敳獲瑜捥慨作敮牄癩履敄歳潴屰慳敬⁳楡瀠慬晴潲屭慢正湥層灡屰業摤敬慷敲獜捥牵瑩⹹祰Ⱒ氠湩⁥㌲ⰱ椠⁮楤灳瑡档਍††⁼††敲灳湯敳㴠愠慷瑩挠污彬敮瑸爨煥敵瑳ഩ †簠††††††††幞幞幞幞幞幞幞幞幞幞幞幞਍††⁼†楆敬∠㩃啜敳獲瑜捥慨䅜灰慄慴䱜捯污停潲牧浡屳祐桴湯停瑹潨㍮㈱䱜扩獜瑩ⵥ慰正条獥獜慴汲瑥整浜摩汤睥牡履慢敳瀮≹‬楬敮ㄠ㔶‬湩挠污彬敮瑸਍††⁼††慲獩⁥灡彰硥ൣ †簠†䘠汩⁥䌢尺獕牥屳整档屡灁䑰瑡屡潌慣屬牐杯慲獭停瑹潨屮祐桴湯ㄳ尲楌屢楳整瀭捡慫敧屳瑳牡敬瑴履業摤敬慷敲扜獡⹥祰Ⱒ氠湩⁥㔱ⰱ椠⁮潣潲਍††⁼††睡楡⁴敳晬愮灰猨潣数‬敲散癩彥牯摟獩潣湮捥ⱴ猠湥彤潮敟牲牯ഩ †簠†䘠汩⁥䌢尺獕牥屳整档屡灁䑰瑡屡潌慣屬牐杯慲獭停瑹潨屮祐桴湯ㄳ尲楌屢楳整瀭捡慫敧屳瑳牡敬瑴履業摤敬慷敲扜獡⹥祰Ⱒ氠湩⁥㠱ⰹ椠⁮彟慣汬彟਍††⁼††楷桴挠汯慬獰彥硥杣潲灵⡳㨩਍††⁼†楆敬∠㩃啜敳獲瑜捥慨䅜灰慄慴䱜捯污停潲牧浡屳祐桴湯停瑹潨㍮㈱䱜扩捜湯整瑸楬⹢祰Ⱒ氠湩⁥㔱ⰸ椠⁮彟硥瑩彟਍††⁼††敳晬朮湥琮牨睯瘨污敵ഩ †簠†䘠汩⁥䌢尺獕牥屳整档屡灁䑰瑡屡潌慣屬牐杯慲獭停瑹潨屮祐桴湯ㄳ尲楌屢楳整瀭捡慫敧屳瑳牡敬瑴履畟楴獬瀮≹‬楬敮㤠ⰳ椠⁮潣汬灡敳敟捸牧畯獰਍††⁼††慲獩⁥硥ൣ †簠†䘠汩⁥䌢尺獕牥屳整档屡灁䑰瑡屡潌慣屬牐杯慲獭停瑹潨屮祐桴湯ㄳ尲楌屢楳整瀭捡慫敧屳瑳牡敬瑴履業摤敬慷敲扜獡⹥祰Ⱒ氠湩⁥㤱ⰱ椠⁮彟慣汬彟਍††⁼††敲灳湯敳㴠愠慷瑩猠汥⹦楤灳瑡档晟湵⡣敲畱獥ⱴ挠污彬敮瑸ഩ †簠††††††††幞幞幞幞幞幞幞幞幞幞幞幞幞幞幞幞幞幞幞幞幞幞਍††⁼†楆敬∠㩃啜敳獲瑜捥慨作敮牄癩履敄歳潴屰慳敬⁳楡瀠慬晴潲屭慢正湥層灡屰業摤敬慷敲獜捥牵瑩⹹祰Ⱒ氠湩⁥ㄲⰶ椠⁮楤灳瑡档਍††⁼††敲灳湯敳㴠愠慷瑩挠污彬敮瑸爨煥敵瑳ഩ †簠††††††††幞幞幞幞幞幞幞幞幞幞幞幞਍††⁼†楆敬∠㩃啜敳獲瑜捥慨䅜灰慄慴䱜捯污停潲牧浡屳祐桴湯停瑹潨㍮㈱䱜扩獜瑩ⵥ慰正条獥獜慴汲瑥整浜摩汤睥牡履慢敳瀮≹‬楬敮ㄠ㔶‬湩挠污彬敮瑸਍††⁼††慲獩⁥灡彰硥ൣ †簠†䘠汩⁥䌢尺獕牥屳整档屡灁䑰瑡屡潌慣屬牐杯慲獭停瑹潨屮祐桴湯ㄳ尲楌屢楳整瀭捡慫敧屳瑳牡敬瑴履業摤敬慷敲扜獡⹥祰Ⱒ氠湩⁥㔱ⰱ椠⁮潣潲਍††⁼††睡楡⁴敳晬愮灰猨潣数‬敲散癩彥牯摟獩潣湮捥ⱴ猠湥彤潮敟牲牯ഩ †簠†䘠汩⁥䌢尺獕牥屳整档屡灁䑰瑡屡潌慣屬牐杯慲獭停瑹潨屮祐桴湯ㄳ尲楌屢楳整瀭捡慫敧屳瑳牡敬瑴履業摤敬慷敲扜獡⹥祰Ⱒ氠湩⁥㠱ⰹ椠⁮彟慣汬彟਍††⁼††楷桴挠汯慬獰彥硥杣潲灵⡳㨩਍††⁼†楆敬∠㩃啜敳獲瑜捥慨䅜灰慄慴䱜捯污停潲牧浡屳祐桴湯停瑹潨㍮㈱䱜扩捜湯整瑸楬⹢祰Ⱒ氠湩⁥㔱ⰸ椠⁮彟硥瑩彟਍††⁼††敳晬朮湥琮牨睯瘨污敵ഩ †簠†䘠汩⁥䌢尺獕牥屳整档屡灁䑰瑡屡潌慣屬牐杯慲獭停瑹潨屮祐桴湯ㄳ尲楌屢楳整瀭捡慫敧屳瑳牡敬瑴履畟楴獬瀮≹‬楬敮㤠ⰳ椠⁮潣汬灡敳敟捸牧畯獰਍††⁼††慲獩⁥硥ൣ †簠†䘠汩⁥䌢尺獕牥屳整档屡灁䑰瑡屡潌慣屬牐杯慲獭停瑹潨屮祐桴湯ㄳ尲楌屢楳整瀭捡慫敧屳瑳牡敬瑴履業摤敬慷敲扜獡⹥祰Ⱒ氠湩⁥㤱ⰱ椠⁮彟慣汬彟਍††⁼††敲灳湯敳㴠愠慷瑩猠汥⹦楤灳瑡档晟湵⡣敲畱獥ⱴ挠污彬敮瑸ഩ †簠††††††††幞幞幞幞幞幞幞幞幞幞幞幞幞幞幞幞幞幞幞幞幞幞਍††⁼†楆敬∠㩃啜敳獲瑜捥慨作敮牄癩履敄歳潴屰慳敬⁳楡瀠慬晴潲屭慢正湥層灡屰業摤敬慷敲瑜湥湡彴湥潦捲浥湥⹴祰Ⱒ氠湩⁥㌷‬湩搠獩慰捴൨ †簠††爠瑥牵⁮睡楡⁴慣汬湟硥⡴敲畱獥⥴਍††⁼†††††帠幞幞幞幞幞幞幞幞幞幞幞൞ †簠†䘠汩⁥䌢尺獕牥屳整档屡灁䑰瑡屡潌慣屬牐杯慲獭停瑹潨屮祐桴湯ㄳ尲楌屢楳整瀭捡慫敧屳瑳牡敬瑴履業摤敬慷敲扜獡⹥祰Ⱒ氠湩⁥㘱ⰵ椠⁮慣汬湟硥൴ †簠††爠楡敳愠灰敟捸਍††⁼†楆敬∠㩃啜敳獲瑜捥慨䅜灰慄慴䱜捯污停潲牧浡屳祐桴湯停瑹潨㍮㈱䱜扩獜瑩ⵥ慰正条獥獜慴汲瑥整浜摩汤睥牡履慢敳瀮≹‬楬敮ㄠㄵ‬湩挠牯൯ †簠††愠慷瑩猠汥⹦灡⡰捳灯ⱥ爠捥楥敶潟彲楤捳湯敮瑣‬敳摮湟彯牥潲⥲਍††⁼†楆敬∠㩃啜敳獲瑜捥慨䅜灰慄慴䱜捯污停潲牧浡屳祐桴湯停瑹潨㍮㈱䱜扩獜瑩ⵥ慰正条獥獜慴汲瑥整浜摩汤睥牡履潣獲瀮≹‬楬敮㠠ⰵ椠⁮彟慣汬彟਍††⁼††睡楡⁴敳晬愮灰猨潣数‬敲散癩ⱥ猠湥⥤਍††⁼†楆敬∠㩃啜敳獲瑜捥慨䅜灰慄慴䱜捯污停潲牧浡屳祐桴湯停瑹潨㍮㈱䱜扩獜瑩ⵥ慰正条獥獜慴汲瑥整浜摩汤睥牡履硥散瑰潩獮瀮≹‬楬敮㘠ⰵ椠⁮彟慣汬彟਍††⁼††睡楡⁴牷灡慟灰桟湡汤湩彧硥散瑰潩獮猨汥⹦灡Ɒ挠湯⥮猨潣数‬敲散癩ⱥ猠湥⥤਍††⁼†楆敬∠㩃啜敳獲瑜捥慨䅜灰慄慴䱜捯污停潲牧浡屳祐桴湯停瑹潨㍮㈱䱜扩獜瑩ⵥ慰正条獥獜慴汲瑥整彜硥散瑰潩彮慨摮敬⹲祰Ⱒ氠湩⁥㐶‬湩眠慲灰摥慟灰਍††⁼††慲獩⁥硥ൣ †簠†䘠汩⁥䌢尺獕牥屳整档屡灁䑰瑡屡潌慣屬牐杯慲獭停瑹潨屮祐桴湯ㄳ尲楌屢楳整瀭捡慫敧屳瑳牡敬瑴履敟捸灥楴湯桟湡汤牥瀮≹‬楬敮㔠ⰳ椠⁮牷灡数彤灡൰ †簠††愠慷瑩愠灰猨潣数‬敲散癩ⱥ猠湥敤⥲਍††⁼†楆敬∠㩃啜敳獲瑜捥慨䅜灰慄慴䱜捯污停潲牧浡屳祐桴湯停瑹潨㍮㈱䱜扩獜瑩ⵥ慰正条獥獜慴汲瑥整牜畯楴杮瀮≹‬楬敮㜠㘵‬湩张损污彬ൟ †簠††愠慷瑩猠汥⹦業摤敬慷敲獟慴正猨潣数‬敲散癩ⱥ猠湥⥤਍††⁼†楆敬∠㩃啜敳獲瑜捥慨䅜灰慄慴䱜捯污停潲牧浡屳祐桴湯停瑹潨㍮㈱䱜扩獜瑩ⵥ慰正条獥獜慴汲瑥整牜畯楴杮瀮≹‬楬敮㜠㘷‬湩愠灰਍††⁼††睡楡⁴潲瑵⹥慨摮敬猨潣数‬敲散癩ⱥ猠湥⥤਍††⁼†楆敬∠㩃啜敳獲瑜捥慨䅜灰慄慴䱜捯污停潲牧浡屳祐桴湯停瑹潨㍮㈱䱜扩獜瑩ⵥ慰正条獥獜慴汲瑥整牜畯楴杮瀮≹‬楬敮㈠㜹‬湩栠湡汤൥ †簠††愠慷瑩猠汥⹦灡⡰捳灯ⱥ爠捥楥敶‬敳摮ഩ †簠†䘠汩⁥䌢尺獕牥屳整档屡灁䑰瑡屡潌慣屬牐杯慲獭停瑹潨屮祐桴湯ㄳ尲楌屢楳整瀭捡慫敧屳瑳牡敬瑴履潲瑵湩⹧祰Ⱒ氠湩⁥㜷‬湩愠灰਍††⁼††睡楡⁴牷灡慟灰桟湡汤湩彧硥散瑰潩獮愨灰‬敲畱獥⥴猨潣数‬敲散癩ⱥ猠湥⥤਍††⁼†楆敬∠㩃啜敳獲瑜捥慨䅜灰慄慴䱜捯污停潲牧浡屳祐桴湯停瑹潨㍮㈱䱜扩獜瑩ⵥ慰正条獥獜慴汲瑥整彜硥散瑰潩彮慨摮敬⹲祰Ⱒ氠湩⁥㐶‬湩眠慲灰摥慟灰਍††⁼††慲獩⁥硥ൣ †簠†䘠汩⁥䌢尺獕牥屳整档屡灁䑰瑡屡潌慣屬牐杯慲獭停瑹潨屮祐桴湯ㄳ尲楌屢楳整瀭捡慫敧屳瑳牡敬瑴履敟捸灥楴湯桟湡汤牥瀮≹‬楬敮㔠ⰳ椠⁮牷灡数彤灡൰ †簠††愠慷瑩愠灰猨潣数‬敲散癩ⱥ猠湥敤⥲਍††⁼†楆敬∠㩃啜敳獲瑜捥慨䅜灰慄慴䱜捯污停潲牧浡屳祐桴湯停瑹潨㍮㈱䱜扩獜瑩ⵥ慰正条獥獜慴汲瑥整牜畯楴杮瀮≹‬楬敮㜠ⰲ椠⁮灡൰ †簠††爠獥潰獮⁥‽睡楡⁴畦据爨煥敵瑳ഩ †簠††††††††幞幞幞幞幞幞幞幞幞൞ †簠†䘠汩⁥䌢尺獕牥屳整档屡灁䑰瑡屡潌慣屬牐杯慲獭停瑹潨屮祐桴湯ㄳ尲楌屢楳整瀭捡慫敧屳慦瑳灡屩潲瑵湩⹧祰Ⱒ氠湩⁥㘲ⰹ椠⁮灡൰ †簠††猠汯敶彤敲畳瑬㴠愠慷瑩猠汯敶摟灥湥敤据敩⡳਍††⁼††††††††††幞幞幞幞幞幞幞幞幞幞幞幞൞ †簠†䘠汩⁥䌢尺獕牥屳整档屡灁䑰瑡屡潌慣屬牐杯慲獭停瑹潨屮祐桴湯ㄳ尲楌屢楳整瀭捡慫敧屳慦瑳灡屩敤数摮湥楣獥畜楴獬瀮≹‬楬敮㘠〰‬湩猠汯敶摟灥湥敤据敩൳ †簠††猠汯敶⁤‽睡楡⁴慣汬⨨猪扵癟污敵⥳਍††⁼††††††帠幞幞幞幞幞幞幞幞幞幞幞൞ †簠†䘠汩⁥䌢尺獕牥屳整档屡湏䑥楲敶䑜獥瑫灯獜污獥愠⁩汰瑡牦浯扜捡敫摮慜灰牜畯整屳業獳湩彧潲瑵獥瀮≹‬楬敮ㄠⰰ椠⁮敧彴畣牲湥彴獵牥江穡൹ †簠††映潲⁭灡⹰慭湩椠灭牯⁴敧彴畣牲湥彴獵牥਍††⁼浉潰瑲牅潲㩲挠湡潮⁴浩潰瑲渠浡⁥朧瑥损牵敲瑮畟敳❲映潲⁭愧灰洮楡❮⠠㩃啜敳獲瑜捥慨作敮牄癩履敄歳潴屰慳敬⁳楡瀠慬晴潲屭慢正湥層灡屰慭湩瀮⥹਍††⴫ⴭⴭⴭⴭⴭⴭⴭⴭⴭⴭⴭⴭⴭⴭⴭⴭⴭഭഊ䐊牵湩⁧慨摮楬杮漠⁦桴⁥扡癯⁥硥散瑰潩Ɱ愠潮桴牥攠捸灥楴湯漠捣牵敲㩤਍਍牔捡扥捡⁫洨獯⁴敲散瑮挠污⁬慬瑳㨩਍†楆敬∠㩃啜敳獲瑜捥慨䅜灰慄慴䱜捯污停潲牧浡屳祐桴湯停瑹潨㍮㈱䱜扩獜瑩ⵥ慰正条獥獜慴汲瑥整浜摩汤睥牡履牥潲獲瀮≹‬楬敮ㄠ㐶‬湩张损污彬ൟ †愠慷瑩猠汥⹦灡⡰捳灯ⱥ爠捥楥敶‬獟湥⥤਍†楆敬∠㩃啜敳獲瑜捥慨䅜灰慄慴䱜捯污停潲牧浡屳祐桴湯停瑹潨㍮㈱䱜扩獜瑩ⵥ慰正条獥獜慴汲瑥整浜摩汤睥牡履慢敳瀮≹‬楬敮ㄠ㤸‬湩张损污彬ൟ †眠瑩⁨潣汬灡敳敟捸牧畯獰⤨ഺ 䘠汩⁥䌢尺獕牥屳整档屡灁䑰瑡屡潌慣屬牐杯慲獭停瑹潨屮祐桴湯ㄳ尲楌屢潣瑮硥汴扩瀮≹‬楬敮ㄠ㠵‬湩张敟楸彴ൟ †猠汥⹦敧⹮桴潲⡷慶畬⥥਍†楆敬∠㩃啜敳獲瑜捥慨䅜灰慄慴䱜捯污停潲牧浡屳祐桴湯停瑹潨㍮㈱䱜扩獜瑩ⵥ慰正条獥獜慴汲瑥整彜瑵汩⹳祰Ⱒ氠湩⁥㌹‬湩挠汯慬獰彥硥杣潲灵൳ †爠楡敳攠捸਍†楆敬∠㩃啜敳獲瑜捥慨䅜灰慄慴䱜捯污停潲牧浡屳祐桴湯停瑹潨㍮㈱䱜扩獜瑩ⵥ慰正条獥獜慴汲瑥整浜摩汤睥牡履慢敳瀮≹‬楬敮ㄠㄹ‬湩张损污彬ൟ †爠獥潰獮⁥‽睡楡⁴敳晬搮獩慰捴彨畦据爨煥敵瑳‬慣汬湟硥⥴਍†††††††帠幞幞幞幞幞幞幞幞幞幞幞幞幞幞幞幞幞幞幞幞幞൞ 䘠汩⁥䌢尺獕牥屳整档屡湏䑥楲敶䑜獥瑫灯獜污獥愠⁩汰瑡牦浯扜捡敫摮慜灰浜摩汤睥牡履敲畱獥彴潣瑮硥⹴祰Ⱒ氠湩⁥㘵‬湩搠獩慰捴൨ †爠楡敳攠਍†楆敬∠㩃啜敳獲瑜捥慨作敮牄癩履敄歳潴屰慳敬⁳楡瀠慬晴潲屭慢正湥層灡屰業摤敬慷敲牜煥敵瑳损湯整瑸瀮≹‬楬敮㔠ⰰ椠⁮楤灳瑡档਍††敲灳湯敳㴠愠慷瑩挠污彬敮瑸爨煥敵瑳ഩ †††††††幞幞幞幞幞幞幞幞幞幞幞幞਍†楆敬∠㩃啜敳獲瑜捥慨䅜灰慄慴䱜捯污停潲牧浡屳祐桴湯停瑹潨㍮㈱䱜扩獜瑩ⵥ慰正条獥獜慴汲瑥整浜摩汤睥牡履慢敳瀮≹‬楬敮ㄠ㔶‬湩挠污彬敮瑸਍††慲獩⁥灡彰硥ൣ 䘠汩⁥䌢尺獕牥屳整档屡灁䑰瑡屡潌慣屬牐杯慲獭停瑹潨屮祐桴湯ㄳ尲楌屢楳整瀭捡慫敧屳瑳牡敬瑴履業摤敬慷敲扜獡⹥祰Ⱒ氠湩⁥㔱ⰱ椠⁮潣潲਍††睡楡⁴敳晬愮灰猨潣数‬敲散癩彥牯摟獩潣湮捥ⱴ猠湥彤潮敟牲牯ഩ 䘠汩⁥䌢尺獕牥屳整档屡灁䑰瑡屡潌慣屬牐杯慲獭停瑹潨屮祐桴湯ㄳ尲楌屢楳整瀭捡慫敧屳瑳牡敬瑴履業摤敬慷敲扜獡⹥祰Ⱒ氠湩⁥㠱ⰹ椠⁮彟慣汬彟਍††楷桴挠汯慬獰彥硥杣潲灵⡳㨩਍†楆敬∠㩃啜敳獲瑜捥慨䅜灰慄慴䱜捯污停潲牧浡屳祐桴湯停瑹潨㍮㈱䱜扩捜湯整瑸楬⹢祰Ⱒ氠湩⁥㔱ⰸ椠⁮彟硥瑩彟਍††敳晬朮湥琮牨睯瘨污敵ഩ 䘠汩⁥䌢尺獕牥屳整档屡灁䑰瑡屡潌慣屬牐杯慲獭停瑹潨屮祐桴湯ㄳ尲楌屢楳整瀭捡慫敧屳瑳牡敬瑴履畟楴獬瀮≹‬楬敮㤠ⰳ椠⁮潣汬灡敳敟捸牧畯獰਍††慲獩⁥硥ൣ 䘠汩⁥䌢尺獕牥屳整档屡灁䑰瑡屡潌慣屬牐杯慲獭停瑹潨屮祐桴湯ㄳ尲楌屢楳整瀭捡慫敧屳瑳牡敬瑴履業摤敬慷敲扜獡⹥祰Ⱒ氠湩⁥㤱ⰱ椠⁮彟慣汬彟਍††敲灳湯敳㴠愠慷瑩猠汥⹦楤灳瑡档晟湵⡣敲畱獥ⱴ挠污彬敮瑸ഩ †††††††幞幞幞幞幞幞幞幞幞幞幞幞幞幞幞幞幞幞幞幞幞幞਍†楆敬∠㩃啜敳獲瑜捥慨作敮牄癩履敄歳潴屰慳敬⁳楡瀠慬晴潲屭慢正湥層灡屰業摤敬慷敲獜捥牵瑩⹹祰Ⱒ氠湩⁥㌲ⰱ椠⁮楤灳瑡档਍††敲灳湯敳㴠愠慷瑩挠污彬敮瑸爨煥敵瑳ഩ †††††††幞幞幞幞幞幞幞幞幞幞幞幞਍†楆敬∠㩃啜敳獲瑜捥慨䅜灰慄慴䱜捯污停潲牧浡屳祐桴湯停瑹潨㍮㈱䱜扩獜瑩ⵥ慰正条獥獜慴汲瑥整浜摩汤睥牡履慢敳瀮≹‬楬敮ㄠ㔶‬湩挠污彬敮瑸਍††慲獩⁥灡彰硥ൣ 䘠汩⁥䌢尺獕牥屳整档屡灁䑰瑡屡潌慣屬牐杯慲獭停瑹潨屮祐桴湯ㄳ尲楌屢楳整瀭捡慫敧屳瑳牡敬瑴履業摤敬慷敲扜獡⹥祰Ⱒ氠湩⁥㔱ⰱ椠⁮潣潲਍††睡楡⁴敳晬愮灰猨潣数‬敲散癩彥牯摟獩潣湮捥ⱴ猠湥彤潮敟牲牯ഩ 䘠汩⁥䌢尺獕牥屳整档屡灁䑰瑡屡潌慣屬牐杯慲獭停瑹潨屮祐桴湯ㄳ尲楌屢楳整瀭捡慫敧屳瑳牡敬瑴履業摤敬慷敲扜獡⹥祰Ⱒ氠湩⁥㠱ⰹ椠⁮彟慣汬彟਍††楷桴挠汯慬獰彥硥杣潲灵⡳㨩਍†楆敬∠㩃啜敳獲瑜捥慨䅜灰慄慴䱜捯污停潲牧浡屳祐桴湯停瑹潨㍮㈱䱜扩捜湯整瑸楬⹢祰Ⱒ氠湩⁥㔱ⰸ椠⁮彟硥瑩彟਍††敳晬朮湥琮牨睯瘨污敵ഩ 䘠汩⁥䌢尺獕牥屳整档屡灁䑰瑡屡潌慣屬牐杯慲獭停瑹潨屮祐桴湯ㄳ尲楌屢楳整瀭捡慫敧屳瑳牡敬瑴履畟楴獬瀮≹‬楬敮㤠ⰳ椠⁮潣汬灡敳敟捸牧畯獰਍††慲獩⁥硥ൣ 䘠汩⁥䌢尺獕牥屳整档屡灁䑰瑡屡潌慣屬牐杯慲獭停瑹潨屮祐桴湯ㄳ尲楌屢楳整瀭捡慫敧屳瑳牡敬瑴履業摤敬慷敲扜獡⹥祰Ⱒ氠湩⁥㤱ⰱ椠⁮彟慣汬彟਍††敲灳湯敳㴠愠慷瑩猠汥⹦楤灳瑡档晟湵⡣敲畱獥ⱴ挠污彬敮瑸ഩ †††††††幞幞幞幞幞幞幞幞幞幞幞幞幞幞幞幞幞幞幞幞幞幞਍†楆敬∠㩃啜敳獲瑜捥慨作敮牄癩履敄歳潴屰慳敬⁳楡瀠慬晴潲屭慢正湥層灡屰業摤敬慷敲獜捥牵瑩⹹祰Ⱒ氠湩⁥ㄲⰶ椠⁮楤灳瑡档਍††敲灳湯敳㴠愠慷瑩挠污彬敮瑸爨煥敵瑳ഩ †††††††幞幞幞幞幞幞幞幞幞幞幞幞਍†楆敬∠㩃啜敳獲瑜捥慨䅜灰慄慴䱜捯污停潲牧浡屳祐桴湯停瑹潨㍮㈱䱜扩獜瑩ⵥ慰正条獥獜慴汲瑥整浜摩汤睥牡履慢敳瀮≹‬楬敮ㄠ㔶‬湩挠污彬敮瑸਍††慲獩⁥灡彰硥ൣ 䘠汩⁥䌢尺獕牥屳整档屡灁䑰瑡屡潌慣屬牐杯慲獭停瑹潨屮祐桴湯ㄳ尲楌屢楳整瀭捡慫敧屳瑳牡敬瑴履業摤敬慷敲扜獡⹥祰Ⱒ氠湩⁥㔱ⰱ椠⁮潣潲਍††睡楡⁴敳晬愮灰猨潣数‬敲散癩彥牯摟獩潣湮捥ⱴ猠湥彤潮敟牲牯ഩ 䘠汩⁥䌢尺獕牥屳整档屡灁䑰瑡屡潌慣屬牐杯慲獭停瑹潨屮祐桴湯ㄳ尲楌屢楳整瀭捡慫敧屳瑳牡敬瑴履業摤敬慷敲扜獡⹥祰Ⱒ氠湩⁥㠱ⰹ椠⁮彟慣汬彟਍††楷桴挠汯慬獰彥硥杣潲灵⡳㨩਍†楆敬∠㩃啜敳獲瑜捥慨䅜灰慄慴䱜捯污停潲牧浡屳祐桴湯停瑹潨㍮㈱䱜扩捜湯整瑸楬⹢祰Ⱒ氠湩⁥㔱ⰸ椠⁮彟硥瑩彟਍††敳晬朮湥琮牨睯瘨污敵ഩ 䘠汩⁥䌢尺獕牥屳整档屡灁䑰瑡屡潌慣屬牐杯慲獭停瑹潨屮祐桴湯ㄳ尲楌屢楳整瀭捡慫敧屳瑳牡敬瑴履畟楴獬瀮≹‬楬敮㤠ⰳ椠⁮潣汬灡敳敟捸牧畯獰਍††慲獩⁥硥ൣ 䘠汩⁥䌢尺獕牥屳整档屡灁䑰瑡屡潌慣屬牐杯慲獭停瑹潨屮祐桴湯ㄳ尲楌屢楳整瀭捡慫敧屳瑳牡敬瑴履業摤敬慷敲扜獡⹥祰Ⱒ氠湩⁥㤱ⰱ椠⁮彟慣汬彟਍††敲灳湯敳㴠愠慷瑩猠汥⹦楤灳瑡档晟湵⡣敲畱獥ⱴ挠污彬敮瑸ഩ †††††††幞幞幞幞幞幞幞幞幞幞幞幞幞幞幞幞幞幞幞幞幞幞਍†楆敬∠㩃啜敳獲瑜捥慨作敮牄癩履敄歳潴屰慳敬⁳楡瀠慬晴潲屭慢正湥層灡屰業摤敬慷敲瑜湥湡彴湥潦捲浥湥⹴祰Ⱒ氠湩⁥㌷‬湩搠獩慰捴൨ †爠瑥牵⁮睡楡⁴慣汬湟硥⡴敲畱獥⥴਍†††††帠幞幞幞幞幞幞幞幞幞幞幞൞ 䘠汩⁥䌢尺獕牥屳整档屡灁䑰瑡屡潌慣屬牐杯慲獭停瑹潨屮祐桴湯ㄳ尲楌屢楳整瀭捡慫敧屳瑳牡敬瑴履業摤敬慷敲扜獡⹥祰Ⱒ氠湩⁥㘱ⰵ椠⁮慣汬湟硥൴ †爠楡敳愠灰敟捸਍†楆敬∠㩃啜敳獲瑜捥慨䅜灰慄慴䱜捯污停潲牧浡屳祐桴湯停瑹潨㍮㈱䱜扩獜瑩ⵥ慰正条獥獜慴汲瑥整浜摩汤睥牡履慢敳瀮≹‬楬敮ㄠㄵ‬湩挠牯൯ †愠慷瑩猠汥⹦灡⡰捳灯ⱥ爠捥楥敶潟彲楤捳湯敮瑣‬敳摮湟彯牥潲⥲਍†楆敬∠㩃啜敳獲瑜捥慨䅜灰慄慴䱜捯污停潲牧浡屳祐桴湯停瑹潨㍮㈱䱜扩獜瑩ⵥ慰正条獥獜慴汲瑥整浜摩汤睥牡履潣獲瀮≹‬楬敮㠠ⰵ椠⁮彟慣汬彟਍††睡楡⁴敳晬愮灰猨潣数‬敲散癩ⱥ猠湥⥤਍†楆敬∠㩃啜敳獲瑜捥慨䅜灰慄慴䱜捯污停潲牧浡屳祐桴湯停瑹潨㍮㈱䱜扩獜瑩ⵥ慰正条獥獜慴汲瑥整浜摩汤睥牡履硥散瑰潩獮瀮≹‬楬敮㘠ⰵ椠⁮彟慣汬彟਍††睡楡⁴牷灡慟灰桟湡汤湩彧硥散瑰潩獮猨汥⹦灡Ɒ挠湯⥮猨潣数‬敲散癩ⱥ猠湥⥤਍†楆敬∠㩃啜敳獲瑜捥慨䅜灰慄慴䱜捯污停潲牧浡屳祐桴湯停瑹潨㍮㈱䱜扩獜瑩ⵥ慰正条獥獜慴汲瑥整彜硥散瑰潩彮慨摮敬⹲祰Ⱒ氠湩⁥㐶‬湩眠慲灰摥慟灰਍††慲獩⁥硥ൣ 䘠汩⁥䌢尺獕牥屳整档屡灁䑰瑡屡潌慣屬牐杯慲獭停瑹潨屮祐桴湯ㄳ尲楌屢楳整瀭捡慫敧屳瑳牡敬瑴履敟捸灥楴湯桟湡汤牥瀮≹‬楬敮㔠ⰳ椠⁮牷灡数彤灡൰ †愠慷瑩愠灰猨潣数‬敲散癩ⱥ猠湥敤⥲਍†楆敬∠㩃啜敳獲瑜捥慨䅜灰慄慴䱜捯污停潲牧浡屳祐桴湯停瑹潨㍮㈱䱜扩獜瑩ⵥ慰正条獥獜慴汲瑥整牜畯楴杮瀮≹‬楬敮㜠㘵‬湩张损污彬ൟ †愠慷瑩猠汥⹦業摤敬慷敲獟慴正猨潣数‬敲散癩ⱥ猠湥⥤਍†楆敬∠㩃啜敳獲瑜捥慨䅜灰慄慴䱜捯污停潲牧浡屳祐桴湯停瑹潨㍮㈱䱜扩獜瑩ⵥ慰正条獥獜慴汲瑥整牜畯楴杮瀮≹‬楬敮㜠㘷‬湩愠灰਍††睡楡⁴潲瑵⹥慨摮敬猨潣数‬敲散癩ⱥ猠湥⥤਍†楆敬∠㩃啜敳獲瑜捥慨䅜灰慄慴䱜捯污停潲牧浡屳祐桴湯停瑹潨㍮㈱䱜扩獜瑩ⵥ慰正条獥獜慴汲瑥整牜畯楴杮瀮≹‬楬敮㈠㜹‬湩栠湡汤൥ †愠慷瑩猠汥⹦灡⡰捳灯ⱥ爠捥楥敶‬敳摮ഩ 䘠汩⁥䌢尺獕牥屳整档屡灁䑰瑡屡潌慣屬牐杯慲獭停瑹潨屮祐桴湯ㄳ尲楌屢楳整瀭捡慫敧屳瑳牡敬瑴履潲瑵湩⹧祰Ⱒ氠湩⁥㜷‬湩愠灰਍††睡楡⁴牷灡慟灰桟湡汤湩彧硥散瑰潩獮愨灰‬敲畱獥⥴猨潣数‬敲散癩ⱥ猠湥⥤਍†楆敬∠㩃啜敳獲瑜捥慨䅜灰慄慴䱜捯污停潲牧浡屳祐桴湯停瑹潨㍮㈱䱜扩獜瑩ⵥ慰正条獥獜慴汲瑥整彜硥散瑰潩彮慨摮敬⹲祰Ⱒ氠湩⁥㐶‬湩眠慲灰摥慟灰਍††慲獩⁥硥ൣ 䘠汩⁥䌢尺獕牥屳整档屡灁䑰瑡屡潌慣屬牐杯慲獭停瑹潨屮祐桴湯ㄳ尲楌屢楳整瀭捡慫敧屳瑳牡敬瑴履敟捸灥楴湯桟湡汤牥瀮≹‬楬敮㔠ⰳ椠⁮牷灡数彤灡൰ †愠慷瑩愠灰猨潣数‬敲散癩ⱥ猠湥敤⥲਍†楆敬∠㩃啜敳獲瑜捥慨䅜灰慄慴䱜捯污停潲牧浡屳祐桴湯停瑹潨㍮㈱䱜扩獜瑩ⵥ慰正条獥獜慴汲瑥整牜畯楴杮瀮≹‬楬敮㜠ⰲ椠⁮灡൰ †爠獥潰獮⁥‽睡楡⁴畦据爨煥敵瑳ഩ †††††††幞幞幞幞幞幞幞幞幞൞ 䘠汩⁥䌢尺獕牥屳整档屡灁䑰瑡屡潌慣屬牐杯慲獭停瑹潨屮祐桴湯ㄳ尲楌屢楳整瀭捡慫敧屳慦瑳灡屩潲瑵湩⹧祰Ⱒ氠湩⁥㘲ⰹ椠⁮灡൰ †猠汯敶彤敲畳瑬㴠愠慷瑩猠汯敶摟灥湥敤据敩⡳਍††††††††††幞幞幞幞幞幞幞幞幞幞幞幞൞ 䘠汩⁥䌢尺獕牥屳整档屡灁䑰瑡屡潌慣屬牐杯慲獭停瑹潨屮祐桴湯ㄳ尲楌屢楳整瀭捡慫敧屳慦瑳灡屩敤数摮湥楣獥畜楴獬瀮≹‬楬敮㘠〰‬湩猠汯敶摟灥湥敤据敩൳ †猠汯敶⁤‽睡楡⁴慣汬⨨猪扵癟污敵⥳਍††††††帠幞幞幞幞幞幞幞幞幞幞幞൞ 䘠汩⁥䌢尺獕牥屳整档屡湏䑥楲敶䑜獥瑫灯獜污獥愠⁩汰瑡牦浯扜捡敫摮慜灰牜畯整屳業獳湩彧潲瑵獥瀮≹‬楬敮ㄠⰰ椠⁮敧彴畣牲湥彴獵牥江穡൹ †映潲⁭灡⹰慭湩椠灭牯⁴敧彴畣牲湥彴獵牥਍浉潰瑲牅潲㩲挠湡潮⁴浩潰瑲渠浡⁥朧瑥损牵敲瑮畟敳❲映潲⁭愧灰洮楡❮⠠㩃啜敳獲瑜捥慨作敮牄癩履敄歳潴屰慳敬⁳楡瀠慬晴潲屭慢正湥層灡屰慭湩瀮⥹਍਍㉛㈰ⴶ㌰㈭‹㔱ㄺ㨹㘱㈮㈵㔸崳嬠䑉攺户昳㘴ⵢ㥥㤲㐭戲ⴲ〹㙣㌭㡢戸㈵㐹㘴嵡䔠剒›㈴㨹吠潯洠湡⁹敲畱獥獴‮慍楸畭⁭〶爠煥敵瑳⁳数⁲業畮整愠汬睯摥മ ⬠䔠捸灥楴湯䜠潲灵吠慲散慢正⠠潭瑳爠捥湥⁴慣汬氠獡⥴ഺ 簠†䘠汩⁥䌢尺獕牥屳整档屡灁䑰瑡屡潌慣屬牐杯慲獭停瑹潨屮祐桴湯ㄳ尲楌屢楳整瀭捡慫敧屳瑳牡敬瑴履畟楴獬瀮≹‬楬敮㠠ⰷ椠⁮潣汬灡敳敟捸牧畯獰਍†⁼††楹汥൤ 簠†䘠汩⁥䌢尺獕牥屳整档屡灁䑰瑡屡潌慣屬牐杯慲獭停瑹潨屮祐桴湯ㄳ尲楌屢楳整瀭捡慫敧屳瑳牡敬瑴履業摤敬慷敲扜獡⹥祰Ⱒ氠湩⁥㤱ⰰ椠⁮彟慣汬彟਍†⁼††獡湹⁣楷桴愠祮潩挮敲瑡彥慴歳束潲灵⤨愠⁳慴歳束潲灵ഺ 簠†䘠汩⁥䌢尺獕牥屳整档屡灁䑰瑡屡潌慣屬牐杯慲獭停瑹潨屮祐桴湯ㄳ尲楌屢楳整瀭捡慫敧屳湡楹屯扟捡敫摮屳慟祳据潩瀮≹‬楬敮㘠㠷‬湩张慟硥瑩彟਍†⁼††慲獩⁥慂敳硅散瑰潩䝮潲灵ന 簠䔠捸灥楴湯片畯㩰甠桮湡汤摥攠牲牯⁳湩愠吠獡䝫潲灵⠠‱畳ⵢ硥散瑰潩⥮਍†⴫⴫ⴭⴭⴭⴭⴭⴭⴭ‭‱ⴭⴭⴭⴭⴭⴭⴭⴭ਍††⁼牔捡扥捡⁫洨獯⁴敲散瑮挠污⁬慬瑳㨩਍††⁼†楆敬∠㩃啜敳獲瑜捥慨䅜灰慄慴䱜捯污停潲牧浡屳祐桴湯停瑹潨㍮㈱䱜扩獜瑩ⵥ慰正条獥獜慴汲瑥整浜摩汤睥牡履牥潲獲瀮≹‬楬敮ㄠ㐶‬湩张损污彬ൟ †簠††愠慷瑩猠汥⹦灡⡰捳灯ⱥ爠捥楥敶‬獟湥⥤਍††⁼†楆敬∠㩃啜敳獲瑜捥慨䅜灰慄慴䱜捯污停潲牧浡屳祐桴湯停瑹潨㍮㈱䱜扩獜瑩ⵥ慰正条獥獜慴汲瑥整浜摩汤睥牡履慢敳瀮≹‬楬敮ㄠ㤸‬湩张损污彬ൟ †簠††眠瑩⁨潣汬灡敳敟捸牧畯獰⤨ഺ †簠†䘠汩⁥䌢尺獕牥屳整档屡灁䑰瑡屡潌慣屬牐杯慲獭停瑹潨屮祐桴湯ㄳ尲楌屢潣瑮硥汴扩瀮≹‬楬敮ㄠ㠵‬湩张敟楸彴ൟ †簠††猠汥⹦敧⹮桴潲⡷慶畬⥥਍††⁼†楆敬∠㩃啜敳獲瑜捥慨䅜灰慄慴䱜捯污停潲牧浡屳祐桴湯停瑹潨㍮㈱䱜扩獜瑩ⵥ慰正条獥獜慴汲瑥整彜瑵汩⹳祰Ⱒ氠湩⁥㌹‬湩挠汯慬獰彥硥杣潲灵൳ †簠††爠楡敳攠捸਍††⁼†楆敬∠㩃啜敳獲瑜捥慨䅜灰慄慴䱜捯污停潲牧浡屳祐桴湯停瑹潨㍮㈱䱜扩獜瑩ⵥ慰正条獥獜慴汲瑥整浜摩汤睥牡履慢敳瀮≹‬楬敮ㄠㄹ‬湩张损污彬ൟ †簠††爠獥潰獮⁥‽睡楡⁴敳晬搮獩慰捴彨畦据爨煥敵瑳‬慣汬湟硥⥴਍††⁼†††††††帠幞幞幞幞幞幞幞幞幞幞幞幞幞幞幞幞幞幞幞幞幞൞ †簠†䘠汩⁥䌢尺獕牥屳整档屡湏䑥楲敶䑜獥瑫灯獜污獥愠⁩汰瑡牦浯扜捡敫摮慜灰浜摩汤睥牡履敲畱獥彴潣瑮硥⹴祰Ⱒ氠湩⁥㘵‬湩搠獩慰捴൨ †簠††爠楡敳攠਍††⁼†楆敬∠㩃啜敳獲瑜捥慨作敮牄癩履敄歳潴屰慳敬⁳楡瀠慬晴潲屭慢正湥層灡屰業摤敬慷敲牜煥敵瑳损湯整瑸瀮≹‬楬敮㔠ⰰ椠⁮楤灳瑡档਍††⁼††敲灳湯敳㴠愠慷瑩挠污彬敮瑸爨煥敵瑳ഩ †簠††††††††幞幞幞幞幞幞幞幞幞幞幞幞਍††⁼†楆敬∠㩃啜敳獲瑜捥慨䅜灰慄慴䱜捯污停潲牧浡屳祐桴湯停瑹潨㍮㈱䱜扩獜瑩ⵥ慰正条獥獜慴汲瑥整浜摩汤睥牡履慢敳瀮≹‬楬敮ㄠ㔶‬湩挠污彬敮瑸਍††⁼††慲獩⁥灡彰硥ൣ †簠†䘠汩⁥䌢尺獕牥屳整档屡灁䑰瑡屡潌慣屬牐杯慲獭停瑹潨屮祐桴湯ㄳ尲楌屢楳整瀭捡慫敧屳瑳牡敬瑴履業摤敬慷敲扜獡⹥祰Ⱒ氠湩⁥㔱ⰱ椠⁮潣潲਍††⁼††睡楡⁴敳晬愮灰猨潣数‬敲散癩彥牯摟獩潣湮捥ⱴ猠湥彤潮敟牲牯ഩ †簠†䘠汩⁥䌢尺獕牥屳整档屡灁䑰瑡屡潌慣屬牐杯慲獭停瑹潨屮祐桴湯ㄳ尲楌屢楳整瀭捡慫敧屳瑳牡敬瑴履業摤敬慷敲扜獡⹥祰Ⱒ氠湩⁥㠱ⰹ椠⁮彟慣汬彟਍††⁼††楷桴挠汯慬獰彥硥杣潲灵⡳㨩਍††⁼†楆敬∠㩃啜敳獲瑜捥慨䅜灰慄慴䱜捯污停潲牧浡屳祐桴湯停瑹潨㍮㈱䱜扩捜湯整瑸楬⹢祰Ⱒ氠湩⁥㔱ⰸ椠⁮彟硥瑩彟਍††⁼††敳晬朮湥琮牨睯瘨污敵ഩ †簠†䘠汩⁥䌢尺獕牥屳整档屡灁䑰瑡屡潌慣屬牐杯慲獭停瑹潨屮祐桴湯ㄳ尲楌屢楳整瀭捡慫敧屳瑳牡敬瑴履畟楴獬瀮≹‬楬敮㤠ⰳ椠⁮潣汬灡敳敟捸牧畯獰਍††⁼††慲獩⁥硥ൣ †簠†䘠汩⁥䌢尺獕牥屳整档屡灁䑰瑡屡潌慣屬牐杯慲獭停瑹潨屮祐桴湯ㄳ尲楌屢楳整瀭捡慫敧屳瑳牡敬瑴履業摤敬慷敲扜獡⹥祰Ⱒ氠湩⁥㤱ⰱ椠⁮彟慣汬彟਍††⁼††敲灳湯敳㴠愠慷瑩猠汥⹦楤灳瑡档晟湵⡣敲畱獥ⱴ挠污彬敮瑸ഩ †簠††††††††幞幞幞幞幞幞幞幞幞幞幞幞幞幞幞幞幞幞幞幞幞幞਍††⁼†楆敬∠㩃啜敳獲瑜捥慨作敮牄癩履敄歳潴屰慳敬⁳楡瀠慬晴潲屭慢正湥層灡屰業摤敬慷敲獜捥牵瑩⹹祰Ⱒ氠湩⁥㌲ⰱ椠⁮楤灳瑡档਍††⁼††敲灳湯敳㴠愠慷瑩挠污彬敮瑸爨煥敵瑳ഩ †簠††††††††幞幞幞幞幞幞幞幞幞幞幞幞਍††⁼†楆敬∠㩃啜敳獲瑜捥慨䅜灰慄慴䱜捯污停潲牧浡屳祐桴湯停瑹潨㍮㈱䱜扩獜瑩ⵥ慰正条獥獜慴汲瑥整浜摩汤睥牡履慢敳瀮≹‬楬敮ㄠ㔶‬湩挠污彬敮瑸਍††⁼††慲獩⁥灡彰硥ൣ †簠†䘠汩⁥䌢尺獕牥屳整档屡灁䑰瑡屡潌慣屬牐杯慲獭停瑹潨屮祐桴湯ㄳ尲楌屢楳整瀭捡慫敧屳瑳牡敬瑴履業摤敬慷敲扜獡⹥祰Ⱒ氠湩⁥㔱ⰱ椠⁮潣潲਍††⁼††睡楡⁴敳晬愮灰猨潣数‬敲散癩彥牯摟獩潣湮捥ⱴ猠湥彤潮敟牲牯ഩ †簠†䘠汩⁥䌢尺獕牥屳整档屡灁䑰瑡屡潌慣屬牐杯慲獭停瑹潨屮祐桴湯ㄳ尲楌屢楳整瀭捡慫敧屳瑳牡敬瑴履業摤敬慷敲扜獡⹥祰Ⱒ氠湩⁥㠱ⰹ椠⁮彟慣汬彟਍††⁼††楷桴挠汯慬獰彥硥杣潲灵⡳㨩਍††⁼†楆敬∠㩃啜敳獲瑜捥慨䅜灰慄慴䱜捯污停潲牧浡屳祐桴湯停瑹潨㍮㈱䱜扩捜湯整瑸楬⹢祰Ⱒ氠湩⁥㔱ⰸ椠⁮彟硥瑩彟਍††⁼††敳晬朮湥琮牨睯瘨污敵ഩ †簠†䘠汩⁥䌢尺獕牥屳整档屡灁䑰瑡屡潌慣屬牐杯慲獭停瑹潨屮祐桴湯ㄳ尲楌屢楳整瀭捡慫敧屳瑳牡敬瑴履畟楴獬瀮≹‬楬敮㤠ⰳ椠⁮潣汬灡敳敟捸牧畯獰਍††⁼††慲獩⁥硥ൣ †簠†䘠汩⁥䌢尺獕牥屳整档屡灁䑰瑡屡潌慣屬牐杯慲獭停瑹潨屮祐桴湯ㄳ尲楌屢楳整瀭捡慫敧屳瑳牡敬瑴履業摤敬慷敲扜獡⹥祰Ⱒ氠湩⁥㤱ⰱ椠⁮彟慣汬彟਍††⁼††敲灳湯敳㴠愠慷瑩猠汥⹦楤灳瑡档晟湵⡣敲畱獥ⱴ挠污彬敮瑸ഩ †簠††††††††幞幞幞幞幞幞幞幞幞幞幞幞幞幞幞幞幞幞幞幞幞幞਍††⁼†楆敬∠㩃啜敳獲瑜捥慨作敮牄癩履敄歳潴屰慳敬⁳楡瀠慬晴潲屭慢正湥層灡屰業摤敬慷敲獜捥牵瑩⹹祰Ⱒ氠湩⁥ㄲⰱ椠⁮楤灳瑡档਍††⁼††慲獩⁥呈偔硅散瑰潩⡮਍††⁼慦瑳灡⹩硥散瑰潩獮䠮呔䕐捸灥楴湯›㈴㨹吠潯洠湡⁹敲畱獥獴‮慍楸畭⁭〶爠煥敵瑳⁳数⁲業畮整愠汬睯摥മ †⬠ⴭⴭⴭⴭⴭⴭⴭⴭⴭⴭⴭⴭⴭⴭⴭⴭⴭⴭ਍਍畄楲杮栠湡汤湩⁧景琠敨愠潢敶攠捸灥楴湯‬湡瑯敨⁲硥散瑰潩⁮捯畣牲摥ഺഊ吊慲散慢正⠠潭瑳爠捥湥⁴慣汬氠獡⥴ഺ 䘠汩⁥䌢尺獕牥屳整档屡灁䑰瑡屡潌慣屬牐杯慲獭停瑹潨屮祐桴湯ㄳ尲楌屢楳整瀭捡慫敧屳瑳牡敬瑴履業摤敬慷敲敜牲牯⹳祰Ⱒ氠湩⁥㘱ⰴ椠⁮彟慣汬彟਍††睡楡⁴敳晬愮灰猨潣数‬敲散癩ⱥ张敳摮ഩ 䘠汩⁥䌢尺獕牥屳整档屡灁䑰瑡屡潌慣屬牐杯慲獭停瑹潨屮祐桴湯ㄳ尲楌屢楳整瀭捡慫敧屳瑳牡敬瑴履業摤敬慷敲扜獡⹥祰Ⱒ氠湩⁥㠱ⰹ椠⁮彟慣汬彟਍††楷桴挠汯慬獰彥硥杣潲灵⡳㨩਍†楆敬∠㩃啜敳獲瑜捥慨䅜灰慄慴䱜捯污停潲牧浡屳祐桴湯停瑹潨㍮㈱䱜扩捜湯整瑸楬⹢祰Ⱒ氠湩⁥㔱ⰸ椠⁮彟硥瑩彟਍††敳晬朮湥琮牨睯瘨污敵ഩ 䘠汩⁥䌢尺獕牥屳整档屡灁䑰瑡屡潌慣屬牐杯慲獭停瑹潨屮祐桴湯ㄳ尲楌屢楳整瀭捡慫敧屳瑳牡敬瑴履畟楴獬瀮≹‬楬敮㤠ⰳ椠⁮潣汬灡敳敟捸牧畯獰਍††慲獩⁥硥ൣ 䘠汩⁥䌢尺獕牥屳整档屡灁䑰瑡屡潌慣屬牐杯慲獭停瑹潨屮祐桴湯ㄳ尲楌屢楳整瀭捡慫敧屳瑳牡敬瑴履業摤敬慷敲扜獡⹥祰Ⱒ氠湩⁥㤱ⰱ椠⁮彟慣汬彟਍††敲灳湯敳㴠愠慷瑩猠汥⹦楤灳瑡档晟湵⡣敲畱獥ⱴ挠污彬敮瑸ഩ †††††††幞幞幞幞幞幞幞幞幞幞幞幞幞幞幞幞幞幞幞幞幞幞਍†楆敬∠㩃啜敳獲瑜捥慨作敮牄癩履敄歳潴屰慳敬⁳楡瀠慬晴潲屭慢正湥層灡屰業摤敬慷敲牜煥敵瑳损湯整瑸瀮≹‬楬敮㔠ⰶ椠⁮楤灳瑡档਍††慲獩⁥൥ 䘠汩⁥䌢尺獕牥屳整档屡湏䑥楲敶䑜獥瑫灯獜污獥愠⁩汰瑡牦浯扜捡敫摮慜灰浜摩汤睥牡履敲畱獥彴潣瑮硥⹴祰Ⱒ氠湩⁥〵‬湩搠獩慰捴൨ †爠獥潰獮⁥‽睡楡⁴慣汬湟硥⡴敲畱獥⥴਍†††††††帠幞幞幞幞幞幞幞幞幞幞幞൞ 䘠汩⁥䌢尺獕牥屳整档屡灁䑰瑡屡潌慣屬牐杯慲獭停瑹潨屮祐桴湯ㄳ尲楌屢楳整瀭捡慫敧屳瑳牡敬瑴履業摤敬慷敲扜獡⹥祰Ⱒ氠湩⁥㘱ⰵ椠⁮慣汬湟硥൴ †爠楡敳愠灰敟捸਍†楆敬∠㩃啜敳獲瑜捥慨䅜灰慄慴䱜捯污停潲牧浡屳祐桴湯停瑹潨㍮㈱䱜扩獜瑩ⵥ慰正条獥獜慴汲瑥整浜摩汤睥牡履慢敳瀮≹‬楬敮ㄠㄵ‬湩挠牯൯ †愠慷瑩猠汥⹦灡⡰捳灯ⱥ爠捥楥敶潟彲楤捳湯敮瑣‬敳摮湟彯牥潲⥲਍†楆敬∠㩃啜敳獲瑜捥慨䅜灰慄慴䱜捯污停潲牧浡屳祐桴湯停瑹潨㍮㈱䱜扩獜瑩ⵥ慰正条獥獜慴汲瑥整浜摩汤睥牡履慢敳瀮≹‬楬敮ㄠ㤸‬湩张损污彬ൟ †眠瑩⁨潣汬灡敳敟捸牧畯獰⤨ഺ 䘠汩⁥䌢尺獕牥屳整档屡灁䑰瑡屡潌慣屬牐杯慲獭停瑹潨屮祐桴湯ㄳ尲楌屢潣瑮硥汴扩瀮≹‬楬敮ㄠ㠵‬湩张敟楸彴ൟ †猠汥⹦敧⹮桴潲⡷慶畬⥥਍†楆敬∠㩃啜敳獲瑜捥慨䅜灰慄慴䱜捯污停潲牧浡屳祐桴湯停瑹潨㍮㈱䱜扩獜瑩ⵥ慰正条獥獜慴汲瑥整彜瑵汩⹳祰Ⱒ氠湩⁥㌹‬湩挠汯慬獰彥硥杣潲灵൳ †爠楡敳攠捸਍†楆敬∠㩃啜敳獲瑜捥慨䅜灰慄慴䱜捯污停潲牧浡屳祐桴湯停瑹潨㍮㈱䱜扩獜瑩ⵥ慰正条獥獜慴汲瑥整浜摩汤睥牡履慢敳瀮≹‬楬敮ㄠㄹ‬湩张损污彬ൟ †爠獥潰獮⁥‽睡楡⁴敳晬搮獩慰捴彨畦据爨煥敵瑳‬慣汬湟硥⥴਍†††††††帠幞幞幞幞幞幞幞幞幞幞幞幞幞幞幞幞幞幞幞幞幞൞ 䘠汩⁥䌢尺獕牥屳整档屡湏䑥楲敶䑜獥瑫灯獜污獥愠⁩汰瑡牦浯扜捡敫摮慜灰浜摩汤睥牡履敳畣楲祴瀮≹‬楬敮㈠ㄳ‬湩搠獩慰捴൨ †爠獥潰獮⁥‽睡楡⁴慣汬湟硥⡴敲畱獥⥴਍†††††††帠幞幞幞幞幞幞幞幞幞幞幞൞ 䘠汩⁥䌢尺獕牥屳整档屡灁䑰瑡屡潌慣屬牐杯慲獭停瑹潨屮祐桴湯ㄳ尲楌屢楳整瀭捡慫敧屳瑳牡敬瑴履業摤敬慷敲扜獡⹥祰Ⱒ氠湩⁥㘱ⰵ椠⁮慣汬湟硥൴ †爠楡敳愠灰敟捸਍†楆敬∠㩃啜敳獲瑜捥慨䅜灰慄慴䱜捯污停潲牧浡屳祐桴湯停瑹潨㍮㈱䱜扩獜瑩ⵥ慰正条獥獜慴汲瑥整浜摩汤睥牡履慢敳瀮≹‬楬敮ㄠㄵ‬湩挠牯൯ †愠慷瑩猠汥⹦灡⡰捳灯ⱥ爠捥楥敶潟彲楤捳湯敮瑣‬敳摮湟彯牥潲⥲਍†楆敬∠㩃啜敳獲瑜捥慨䅜灰慄慴䱜捯污停潲牧浡屳祐桴湯停瑹潨㍮㈱䱜扩獜瑩ⵥ慰正条獥獜慴汲瑥整浜摩汤睥牡履慢敳瀮≹‬楬敮ㄠ㤸‬湩张损污彬ൟ †眠瑩⁨潣汬灡敳敟捸牧畯獰⤨ഺ 䘠汩⁥䌢尺獕牥屳整档屡灁䑰瑡屡潌慣屬牐杯慲獭停瑹潨屮祐桴湯ㄳ尲楌屢潣瑮硥汴扩瀮≹‬楬敮ㄠ㠵‬湩张敟楸彴ൟ †猠汥⹦敧⹮桴潲⡷慶畬⥥਍†楆敬∠㩃啜敳獲瑜捥慨䅜灰慄慴䱜捯污停潲牧浡屳祐桴湯停瑹潨㍮㈱䱜扩獜瑩ⵥ慰正条獥獜慴汲瑥整彜瑵汩⹳祰Ⱒ氠湩⁥㌹‬湩挠汯慬獰彥硥杣潲灵൳ †爠楡敳攠捸਍†楆敬∠㩃啜敳獲瑜捥慨䅜灰慄慴䱜捯污停潲牧浡屳祐桴湯停瑹潨㍮㈱䱜扩獜瑩ⵥ慰正条獥獜慴汲瑥整浜摩汤睥牡履慢敳瀮≹‬楬敮ㄠㄹ‬湩张损污彬ൟ †爠獥潰獮⁥‽睡楡⁴敳晬搮獩慰捴彨畦据爨煥敵瑳‬慣汬湟硥⥴਍†††††††帠幞幞幞幞幞幞幞幞幞幞幞幞幞幞幞幞幞幞幞幞幞൞ 䘠汩⁥䌢尺獕牥屳整档屡湏䑥楲敶䑜獥瑫灯獜污獥愠⁩汰瑡牦浯扜捡敫摮慜灰浜摩汤睥牡履敳畣楲祴瀮≹‬楬敮㈠ㄱ‬湩搠獩慰捴൨ †爠楡敳䠠呔䕐捸灥楴湯ന昊獡慴楰攮捸灥楴湯⹳呈偔硅散瑰潩㩮㐠㤲›潔⁯慭祮爠煥敵瑳⹳䴠硡浩浵㘠‰敲畱獥獴瀠牥洠湩瑵⁥污潬敷⹤਍਍㉛㈰ⴶ㌰㈭‹〲㌺㨰㘰㔮㐵㘶崹嬠䑉攺㙤㉢㥥ⵡ㠱㐶㐭㤶ⴵ㍡㙦㌭㝤搰㤰摡㈵嵣䔠剒›潗歲灳捡䕥杮湩⹥敧彴湩敶瑮牯役敨污桴⤨朠瑯愠⁮湵硥数瑣摥欠祥潷摲愠杲浵湥⁴挧浯慰祮楟❤਍†‫硅散瑰潩⁮片畯⁰牔捡扥捡⁫洨獯⁴敲散瑮挠污⁬慬瑳㨩਍†⁼†楆敬∠㩃啜敳獲瑜捥慨䅜灰慄慴䱜捯污停潲牧浡屳祐桴湯停瑹潨㍮㈱䱜扩獜瑩ⵥ慰正条獥獜慴汲瑥整彜瑵汩⹳祰Ⱒ氠湩⁥㜸‬湩挠汯慬獰彥硥杣潲灵൳ 簠††礠敩摬਍†⁼†楆敬∠㩃啜敳獲瑜捥慨䅜灰慄慴䱜捯污停潲牧浡屳祐桴湯停瑹潨㍮㈱䱜扩獜瑩ⵥ慰正条獥獜慴汲瑥整浜摩汤睥牡履慢敳瀮≹‬楬敮ㄠ〹‬湩张损污彬ൟ 簠††愠祳据眠瑩⁨湡楹⹯牣慥整瑟獡彫牧畯⡰ 獡琠獡彫牧畯㩰਍†⁼†楆敬∠㩃啜敳獲瑜捥慨䅜灰慄慴䱜捯污停潲牧浡屳祐桴湯停瑹潨㍮㈱䱜扩獜瑩ⵥ慰正条獥慜祮潩彜慢正湥獤彜獡湹楣⹯祰Ⱒ氠湩⁥㜶ⰸ椠⁮彟敡楸彴ൟ 簠††爠楡敳䈠獡䕥捸灥楴湯片畯⡰਍†⁼硅散瑰潩䝮潲灵›湵慨摮敬⁤牥潲獲椠⁮⁡慔歳片畯⁰ㄨ猠扵攭捸灥楴湯ഩ ⬠⬭ⴭⴭⴭⴭⴭⴭⴭⴭㄠⴠⴭⴭⴭⴭⴭⴭⴭഭ †簠吠慲散慢正⠠潭瑳爠捥湥⁴慣汬氠獡⥴ഺ †簠†䘠汩⁥䌢尺獕牥屳整档屡灁䑰瑡屡潌慣屬牐杯慲獭停瑹潨屮祐桴湯ㄳ尲楌屢楳整瀭捡慫敧屳瑳牡敬瑴履業摤敬慷敲敜牲牯⹳祰Ⱒ氠湩⁥㘱ⰴ椠⁮彟慣汬彟਍††⁼††睡楡⁴敳晬愮灰猨潣数‬敲散癩ⱥ张敳摮ഩ †簠†䘠汩⁥䌢尺獕牥屳整档屡灁䑰瑡屡潌慣屬牐杯慲獭停瑹潨屮祐桴湯ㄳ尲楌屢楳整瀭捡慫敧屳瑳牡敬瑴履業摤敬慷敲扜獡⹥祰Ⱒ氠湩⁥㠱ⰹ椠⁮彟慣汬彟਍††⁼††楷桴挠汯慬獰彥硥杣潲灵⡳㨩਍††⁼†楆敬∠㩃啜敳獲瑜捥慨䅜灰慄慴䱜捯污停潲牧浡屳祐桴湯停瑹潨㍮㈱䱜扩捜湯整瑸楬⹢祰Ⱒ氠湩⁥㔱ⰸ椠⁮彟硥瑩彟਍††⁼††敳晬朮湥琮牨睯瘨污敵ഩ †簠†䘠汩⁥䌢尺獕牥屳整档屡灁䑰瑡屡潌慣屬牐杯慲獭停瑹潨屮祐桴湯ㄳ尲楌屢楳整瀭捡慫敧屳瑳牡敬瑴履畟楴獬瀮≹‬楬敮㤠ⰳ椠⁮潣汬灡敳敟捸牧畯獰਍††⁼††慲獩⁥硥ൣ †簠†䘠汩⁥䌢尺獕牥屳整档屡灁䑰瑡屡潌慣屬牐杯慲獭停瑹潨屮祐桴湯ㄳ尲楌屢楳整瀭捡慫敧屳瑳牡敬瑴履業摤敬慷敲扜獡⹥祰Ⱒ氠湩⁥㤱ⰱ椠⁮彟慣汬彟਍††⁼††敲灳湯敳㴠愠慷瑩猠汥⹦楤灳瑡档晟湵⡣敲畱獥ⱴ挠污彬敮瑸ഩ †簠††††††††幞幞幞幞幞幞幞幞幞幞幞幞幞幞幞幞幞幞幞幞幞幞਍††⁼†楆敬∠㩃啜敳獲瑜捥慨作敮牄癩履敄歳潴屰慳敬⁳楡瀠慬晴潲屭慢正湥層灡屰業摤敬慷敲牜煥敵瑳损湯整瑸瀮≹‬楬敮㔠ⰶ椠⁮楤灳瑡档਍††⁼††慲獩⁥൥ †簠†䘠汩⁥䌢尺獕牥屳整档屡湏䑥楲敶䑜獥瑫灯獜污獥愠⁩汰瑡牦浯扜捡敫摮慜灰浜摩汤睥牡履敲畱獥彴潣瑮硥⹴祰Ⱒ氠湩⁥〵‬湩搠獩慰捴൨ †簠††爠獥潰獮⁥‽睡楡⁴慣汬湟硥⡴敲畱獥⥴਍††⁼†††††††帠幞幞幞幞幞幞幞幞幞幞幞൞ †簠†䘠汩⁥䌢尺獕牥屳整档屡灁䑰瑡屡潌慣屬牐杯慲獭停瑹潨屮祐桴湯ㄳ尲楌屢楳整瀭捡慫敧屳瑳牡敬瑴履業摤敬慷敲扜獡⹥祰Ⱒ氠湩⁥㘱ⰵ椠⁮慣汬湟硥൴ †簠††爠楡敳愠灰敟捸਍††⁼†楆敬∠㩃啜敳獲瑜捥慨䅜灰慄慴䱜捯污停潲牧浡屳祐桴湯停瑹潨㍮㈱䱜扩獜瑩ⵥ慰正条獥獜慴汲瑥整浜摩汤睥牡履慢敳瀮≹‬楬敮ㄠㄵ‬湩挠牯൯ †簠††愠慷瑩猠汥⹦灡⡰捳灯ⱥ爠捥楥敶潟彲楤捳湯敮瑣‬敳摮湟彯牥潲⥲਍††⁼†楆敬∠㩃啜敳獲瑜捥慨䅜灰慄慴䱜捯污停潲牧浡屳祐桴湯停瑹潨㍮㈱䱜扩獜瑩ⵥ慰正条獥獜慴汲瑥整浜摩汤睥牡履慢敳瀮≹‬楬敮ㄠ㤸‬湩张损污彬ൟ †簠††眠瑩⁨潣汬灡敳敟捸牧畯獰⤨ഺ †簠†䘠汩⁥䌢尺獕牥屳整档屡灁䑰瑡屡潌慣屬牐杯慲獭停瑹潨屮祐桴湯ㄳ尲楌屢潣瑮硥汴扩瀮≹‬楬敮ㄠ㠵‬湩张敟楸彴ൟ †簠††猠汥⹦敧⹮桴潲⡷慶畬⥥਍††⁼†楆敬∠㩃啜敳獲瑜捥慨䅜灰慄慴䱜捯污停潲牧浡屳祐桴湯停瑹潨㍮㈱䱜扩獜瑩ⵥ慰正条獥獜慴汲瑥整彜瑵汩⹳祰Ⱒ氠湩⁥㌹‬湩挠汯慬獰彥硥杣潲灵൳ †簠††爠楡敳攠捸਍††⁼†楆敬∠㩃啜敳獲瑜捥慨䅜灰慄慴䱜捯污停潲牧浡屳祐桴湯停瑹潨㍮㈱䱜扩獜瑩ⵥ慰正条獥獜慴汲瑥整浜摩汤睥牡履慢敳瀮≹‬楬敮ㄠㄹ‬湩张损污彬ൟ †簠††爠獥潰獮⁥‽睡楡⁴敳晬搮獩慰捴彨畦据爨煥敵瑳‬慣汬湟硥⥴਍††⁼†††††††帠幞幞幞幞幞幞幞幞幞幞幞幞幞幞幞幞幞幞幞幞幞൞ †簠†䘠汩⁥䌢尺獕牥屳整档屡湏䑥楲敶䑜獥瑫灯獜污獥愠⁩汰瑡牦浯扜捡敫摮慜灰浜摩汤睥牡履敳畣楲祴瀮≹‬楬敮㈠㈳‬湩搠獩慰捴൨ †簠††爠獥潰獮⁥‽睡楡⁴慣汬湟硥⡴敲畱獥⥴਍††⁼†††††††帠幞幞幞幞幞幞幞幞幞幞幞൞ †簠†䘠汩⁥䌢尺獕牥屳整档屡灁䑰瑡屡潌慣屬牐杯慲獭停瑹潨屮祐桴湯ㄳ尲楌屢楳整瀭捡慫敧屳瑳牡敬瑴履業摤敬慷敲扜獡⹥祰Ⱒ氠湩⁥㘱ⰵ椠⁮慣汬湟硥൴ †簠††爠楡敳愠灰敟捸਍††⁼†楆敬∠㩃啜敳獲瑜捥慨䅜灰慄慴䱜捯污停潲牧浡屳祐桴湯停瑹潨㍮㈱䱜扩獜瑩ⵥ慰正条獥獜慴汲瑥整浜摩汤睥牡履慢敳瀮≹‬楬敮ㄠㄵ‬湩挠牯൯ †簠††愠慷瑩猠汥⹦灡⡰捳灯ⱥ爠捥楥敶潟彲楤捳湯敮瑣‬敳摮湟彯牥潲⥲਍††⁼†楆敬∠㩃啜敳獲瑜捥慨䅜灰慄慴䱜捯污停潲牧浡屳祐桴湯停瑹潨㍮㈱䱜扩獜瑩ⵥ慰正条獥獜慴汲瑥整浜摩汤睥牡履慢敳瀮≹‬楬敮ㄠ㤸‬湩张损污彬ൟ †簠††眠瑩⁨潣汬灡敳敟捸牧畯獰⤨ഺ †簠†䘠汩⁥䌢尺獕牥屳整档屡灁䑰瑡屡潌慣屬牐杯慲獭停瑹潨屮祐桴湯ㄳ尲楌屢潣瑮硥汴扩瀮≹‬楬敮ㄠ㠵‬湩张敟楸彴ൟ †簠††猠汥⹦敧⹮桴潲⡷慶畬⥥਍††⁼†楆敬∠㩃啜敳獲瑜捥慨䅜灰慄慴䱜捯污停潲牧浡屳祐桴湯停瑹潨㍮㈱䱜扩獜瑩ⵥ慰正条獥獜慴汲瑥整彜瑵汩⹳祰Ⱒ氠湩⁥㌹‬湩挠汯慬獰彥硥杣潲灵൳ †簠††爠楡敳攠捸਍††⁼†楆敬∠㩃啜敳獲瑜捥慨䅜灰慄慴䱜捯污停潲牧浡屳祐桴湯停瑹潨㍮㈱䱜扩獜瑩ⵥ慰正条獥獜慴汲瑥整浜摩汤睥牡履慢敳瀮≹‬楬敮ㄠㄹ‬湩张损污彬ൟ †簠††爠獥潰獮⁥‽睡楡⁴敳晬搮獩慰捴彨畦据爨煥敵瑳‬慣汬湟硥⥴਍††⁼†††††††帠幞幞幞幞幞幞幞幞幞幞幞幞幞幞幞幞幞幞幞幞幞൞ †簠†䘠汩⁥䌢尺獕牥屳整档屡湏䑥楲敶䑜獥瑫灯獜污獥愠⁩汰瑡牦浯扜捡敫摮慜灰浜摩汤睥牡履敳畣楲祴瀮≹‬楬敮㈠㜱‬湩搠獩慰捴൨ †簠††爠獥潰獮⁥‽睡楡⁴慣汬湟硥⡴敲畱獥⥴਍††⁼†††††††帠幞幞幞幞幞幞幞幞幞幞幞൞ †簠†䘠汩⁥䌢尺獕牥屳整档屡灁䑰瑡屡潌慣屬牐杯慲獭停瑹潨屮祐桴湯ㄳ尲楌屢楳整瀭捡慫敧屳瑳牡敬瑴履業摤敬慷敲扜獡⹥祰Ⱒ氠湩⁥㘱ⰵ椠⁮慣汬湟硥൴ †簠††爠楡敳愠灰敟捸਍††⁼†楆敬∠㩃啜敳獲瑜捥慨䅜灰慄慴䱜捯污停潲牧浡屳祐桴湯停瑹潨㍮㈱䱜扩獜瑩ⵥ慰正条獥獜慴汲瑥整浜摩汤睥牡履慢敳瀮≹‬楬敮ㄠㄵ‬湩挠牯൯ †簠††愠慷瑩猠汥⹦灡⡰捳灯ⱥ爠捥楥敶潟彲楤捳湯敮瑣‬敳摮湟彯牥潲⥲਍††⁼†楆敬∠㩃啜敳獲瑜捥慨䅜灰慄慴䱜捯污停潲牧浡屳祐桴湯停瑹潨㍮㈱䱜扩獜瑩ⵥ慰正条獥獜慴汲瑥整浜摩汤睥牡履慢敳瀮≹‬楬敮ㄠ㤸‬湩张损污彬ൟ †簠††眠瑩⁨潣汬灡敳敟捸牧畯獰⤨ഺ †簠†䘠汩⁥䌢尺獕牥屳整档屡灁䑰瑡屡潌慣屬牐杯慲獭停瑹潨屮祐桴湯ㄳ尲楌屢潣瑮硥汴扩瀮≹‬楬敮ㄠ㠵‬湩张敟楸彴ൟ †簠††猠汥⹦敧⹮桴潲⡷慶畬⥥਍††⁼†楆敬∠㩃啜敳獲瑜捥慨䅜灰慄慴䱜捯污停潲牧浡屳祐桴湯停瑹潨㍮㈱䱜扩獜瑩ⵥ慰正条獥獜慴汲瑥整彜瑵汩⹳祰Ⱒ氠湩⁥㌹‬湩挠汯慬獰彥硥杣潲灵൳ †簠††爠楡敳攠捸਍††⁼†楆敬∠㩃啜敳獲瑜捥慨䅜灰慄慴䱜捯污停潲牧浡屳祐桴湯停瑹潨㍮㈱䱜扩獜瑩ⵥ慰正条獥獜慴汲瑥整浜摩汤睥牡履慢敳瀮≹‬楬敮ㄠㄹ‬湩张损污彬ൟ †簠††爠獥潰獮⁥‽睡楡⁴敳晬搮獩慰捴彨畦据爨煥敵瑳‬慣汬湟硥⥴਍††⁼†††††††帠幞幞幞幞幞幞幞幞幞幞幞幞幞幞幞幞幞幞幞幞幞൞ †簠†䘠汩⁥䌢尺獕牥屳整档屡湏䑥楲敶䑜獥瑫灯獜污獥愠⁩汰瑡牦浯扜捡敫摮慜灰浜摩汤睥牡履整慮瑮敟普牯散敭瑮瀮≹‬楬敮㔠ⰸ椠⁮楤灳瑡档਍††⁼††敲畴湲愠慷瑩挠污彬敮瑸爨煥敵瑳ഩ †簠††††††幞幞幞幞幞幞幞幞幞幞幞幞਍††⁼†楆敬∠㩃啜敳獲瑜捥慨䅜灰慄慴䱜捯污停潲牧浡屳祐桴湯停瑹潨㍮㈱䱜扩獜瑩ⵥ慰正条獥獜慴汲瑥整浜摩汤睥牡履慢敳瀮≹‬楬敮ㄠ㔶‬湩挠污彬敮瑸਍††⁼††慲獩⁥灡彰硥ൣ †簠†䘠汩⁥䌢尺獕牥屳整档屡灁䑰瑡屡潌慣屬牐杯慲獭停瑹潨屮祐桴湯ㄳ尲楌屢楳整瀭捡慫敧屳瑳牡敬瑴履業摤敬慷敲扜獡⹥祰Ⱒ氠湩⁥㔱ⰱ椠⁮潣潲਍††⁼††睡楡⁴敳晬愮灰猨潣数‬敲散癩彥牯摟獩潣湮捥ⱴ猠湥彤潮敟牲牯ഩ †簠†䘠汩⁥䌢尺獕牥屳整档屡灁䑰瑡屡潌慣屬牐杯慲獭停瑹潨屮祐桴湯ㄳ尲楌屢楳整瀭捡慫敧屳瑳牡敬瑴履業摤敬慷敲捜牯⹳祰Ⱒ氠湩⁥㔸‬湩张损污彬ൟ †簠††愠慷瑩猠汥⹦灡⡰捳灯ⱥ爠捥楥敶‬敳摮ഩ †簠†䘠汩⁥䌢尺獕牥屳整档屡灁䑰瑡屡潌慣屬牐杯慲獭停瑹潨屮祐桴湯ㄳ尲楌屢楳整瀭捡慫敧屳瑳牡敬瑴履業摤敬慷敲敜捸灥楴湯⹳祰Ⱒ氠湩⁥㔶‬湩张损污彬ൟ †簠††愠慷瑩眠慲彰灡彰慨摮楬杮敟捸灥楴湯⡳敳晬愮灰‬潣湮⠩捳灯ⱥ爠捥楥敶‬敳摮ഩ †簠†䘠汩⁥䌢尺獕牥屳整档屡灁䑰瑡屡潌慣屬牐杯慲獭停瑹潨屮祐桴湯ㄳ尲楌屢楳整瀭捡慫敧屳瑳牡敬瑴履敟捸灥楴湯桟湡汤牥瀮≹‬楬敮㘠ⰴ椠⁮牷灡数彤灡൰ †簠††爠楡敳攠捸਍††⁼†楆敬∠㩃啜敳獲瑜捥慨䅜灰慄慴䱜捯污停潲牧浡屳祐桴湯停瑹潨㍮㈱䱜扩獜瑩ⵥ慰正条獥獜慴汲瑥整彜硥散瑰潩彮慨摮敬⹲祰Ⱒ氠湩⁥㌵‬湩眠慲灰摥慟灰਍††⁼††睡楡⁴灡⡰捳灯ⱥ爠捥楥敶‬敳摮牥ഩ †簠†䘠汩⁥䌢尺獕牥屳整档屡灁䑰瑡屡潌慣屬牐杯慲獭停瑹潨屮祐桴湯ㄳ尲楌屢楳整瀭捡慫敧屳瑳牡敬瑴履潲瑵湩⹧祰Ⱒ氠湩⁥㔷ⰶ椠⁮彟慣汬彟਍††⁼††睡楡⁴敳晬洮摩汤睥牡彥瑳捡⡫捳灯ⱥ爠捥楥敶‬敳摮ഩ †簠†䘠汩⁥䌢尺獕牥屳整档屡灁䑰瑡屡潌慣屬牐杯慲獭停瑹潨屮祐桴湯ㄳ尲楌屢楳整瀭捡慫敧屳瑳牡敬瑴履潲瑵湩⹧祰Ⱒ氠湩⁥㜷ⰶ椠⁮灡൰ †簠††愠慷瑩爠畯整栮湡汤⡥捳灯ⱥ爠捥楥敶‬敳摮ഩ †簠†䘠汩⁥䌢尺獕牥屳整档屡灁䑰瑡屡潌慣屬牐杯慲獭停瑹潨屮祐桴湯ㄳ尲楌屢楳整瀭捡慫敧屳瑳牡敬瑴履潲瑵湩⹧祰Ⱒ氠湩⁥㤲ⰷ椠⁮慨摮敬਍††⁼††睡楡⁴敳晬愮灰猨潣数‬敲散癩ⱥ猠湥⥤਍††⁼†楆敬∠㩃啜敳獲瑜捥慨䅜灰慄慴䱜捯污停潲牧浡屳祐桴湯停瑹潨㍮㈱䱜扩獜瑩ⵥ慰正条獥獜慴汲瑥整牜畯楴杮瀮≹‬楬敮㜠ⰷ椠⁮灡൰ †簠††愠慷瑩眠慲彰灡彰慨摮楬杮敟捸灥楴湯⡳灡Ɒ爠煥敵瑳⠩捳灯ⱥ爠捥楥敶‬敳摮ഩ †簠†䘠汩⁥䌢尺獕牥屳整档屡灁䑰瑡屡潌慣屬牐杯慲獭停瑹潨屮祐桴湯ㄳ尲楌屢楳整瀭捡慫敧屳瑳牡敬瑴履敟捸灥楴湯桟湡汤牥瀮≹‬楬敮㘠ⰴ椠⁮牷灡数彤灡൰ †簠††爠楡敳攠捸਍††⁼†楆敬∠㩃啜敳獲瑜捥慨䅜灰慄慴䱜捯污停潲牧浡屳祐桴湯停瑹潨㍮㈱䱜扩獜瑩ⵥ慰正条獥獜慴汲瑥整彜硥散瑰潩彮慨摮敬⹲祰Ⱒ氠湩⁥㌵‬湩眠慲灰摥慟灰਍††⁼††睡楡⁴灡⡰捳灯ⱥ爠捥楥敶‬敳摮牥ഩ †簠†䘠汩⁥䌢尺獕牥屳整档屡灁䑰瑡屡潌慣屬牐杯慲獭停瑹潨屮祐桴湯ㄳ尲楌屢楳整瀭捡慫敧屳瑳牡敬瑴履潲瑵湩⹧祰Ⱒ氠湩⁥㈷‬湩愠灰਍††⁼††敲灳湯敳㴠愠慷瑩映湵⡣敲畱獥⥴਍††⁼†††††††帠幞幞幞幞幞幞幞幞幞਍††⁼†楆敬∠㩃啜敳獲瑜捥慨䅜灰慄慴䱜捯污停潲牧浡屳祐桴湯停瑹潨㍮㈱䱜扩獜瑩ⵥ慰正条獥晜獡慴楰牜畯楴杮瀮≹‬楬敮㈠㠷‬湩愠灰਍††⁼††慲彷敲灳湯敳㴠愠慷瑩爠湵敟摮潰湩彴畦据楴湯ന †簠††††††††††幞幞幞幞幞幞幞幞幞幞幞幞幞幞਍††⁼†楆敬∠㩃啜敳獲瑜捥慨䅜灰慄慴䱜捯污停潲牧浡屳祐桴湯停瑹潨㍮㈱䱜扩獜瑩ⵥ慰正条獥晜獡慴楰牜畯楴杮瀮≹‬楬敮ㄠㄹ‬湩爠湵敟摮潰湩彴畦据楴湯਍††⁼††敲畴湲愠慷瑩搠灥湥慤瑮挮污⡬⨪慶畬獥ഩ †簠††††††幞幞幞幞幞幞幞幞幞幞幞幞幞幞幞਍††⁼†楆敬∠㩃啜敳獲瑜捥慨作敮牄癩履敄歳潴屰慳敬⁳楡瀠慬晴潲屭慢正湥層灡屰灡屩ㅶ敜摮潰湩獴睜牯獫慰散瀮≹‬楬敮㌠ㄴ‬湩朠瑥楟癮湥潴祲桟慥瑬൨ †簠††爠瑥牵⁮潗歲灳捡䕥杮湩⹥敧彴湩敶瑮牯役敨污桴挨浯慰祮楟㵤潣灭湡役摩ഩ †簠††††††幞幞幞幞幞幞幞幞幞幞幞幞幞幞幞幞幞幞幞幞幞幞幞幞幞幞幞幞幞൞ †簠吠灹䕥牲牯›潗歲灳捡䕥杮湩⹥敧彴湩敶瑮牯役敨污桴⤨朠瑯愠⁮湵硥数瑣摥欠祥潷摲愠杲浵湥⁴挧浯慰祮楟❤਍††⴫ⴭⴭⴭⴭⴭⴭⴭⴭⴭⴭⴭⴭⴭⴭⴭⴭⴭഭഊ䐊牵湩⁧慨摮楬杮漠⁦桴⁥扡癯⁥硥散瑰潩Ɱ愠潮桴牥攠捸灥楴湯漠捣牵敲㩤਍਍牔捡扥捡⁫洨獯⁴敲散瑮挠污⁬慬瑳㨩਍†楆敬∠㩃啜敳獲瑜捥慨䅜灰慄慴䱜捯污停潲牧浡屳祐桴湯停瑹潨㍮㈱䱜扩獜瑩ⵥ慰正条獥獜慴汲瑥整浜摩汤睥牡履牥潲獲瀮≹‬楬敮ㄠ㐶‬湩张损污彬ൟ †愠慷瑩猠汥⹦灡⡰捳灯ⱥ爠捥楥敶‬獟湥⥤਍†楆敬∠㩃啜敳獲瑜捥慨䅜灰慄慴䱜捯污停潲牧浡屳祐桴湯停瑹潨㍮㈱䱜扩獜瑩ⵥ慰正条獥獜慴汲瑥整浜摩汤睥牡履慢敳瀮≹‬楬敮ㄠ㤸‬湩张损污彬ൟ †眠瑩⁨潣汬灡敳敟捸牧畯獰⤨ഺ 䘠汩⁥䌢尺獕牥屳整档屡灁䑰瑡屡潌慣屬牐杯慲獭停瑹潨屮祐桴湯ㄳ尲楌屢潣瑮硥汴扩瀮≹‬楬敮ㄠ㠵‬湩张敟楸彴ൟ †猠汥⹦敧⹮桴潲⡷慶畬⥥਍†楆敬∠㩃啜敳獲瑜捥慨䅜灰慄慴䱜捯污停潲牧浡屳祐桴湯停瑹潨㍮㈱䱜扩獜瑩ⵥ慰正条獥獜慴汲瑥整彜瑵汩⹳祰Ⱒ氠湩⁥㌹‬湩挠汯慬獰彥硥杣潲灵൳ †爠楡敳攠捸਍†楆敬∠㩃啜敳獲瑜捥慨䅜灰慄慴䱜捯污停潲牧浡屳祐桴湯停瑹潨㍮㈱䱜扩獜瑩ⵥ慰正条獥獜慴汲瑥整浜摩汤睥牡履慢敳瀮≹‬楬敮ㄠㄹ‬湩张损污彬ൟ †爠獥潰獮⁥‽睡楡⁴敳晬搮獩慰捴彨畦据爨煥敵瑳‬慣汬湟硥⥴਍†††††††帠幞幞幞幞幞幞幞幞幞幞幞幞幞幞幞幞幞幞幞幞幞൞ 䘠汩⁥䌢尺獕牥屳整档屡湏䑥楲敶䑜獥瑫灯獜污獥愠⁩汰瑡牦浯扜捡敫摮慜灰浜摩汤睥牡履敲畱獥彴潣瑮硥⹴祰Ⱒ氠湩⁥㘵‬湩搠獩慰捴൨ †爠楡敳攠਍†楆敬∠㩃啜敳獲瑜捥慨作敮牄癩履敄歳潴屰慳敬⁳楡瀠慬晴潲屭慢正湥層灡屰業摤敬慷敲牜煥敵瑳损湯整瑸瀮≹‬楬敮㔠ⰰ椠⁮楤灳瑡档਍††敲灳湯敳㴠愠慷瑩挠污彬敮瑸爨煥敵瑳ഩ †††††††幞幞幞幞幞幞幞幞幞幞幞幞਍†楆敬∠㩃啜敳獲瑜捥慨䅜灰慄慴䱜捯污停潲牧浡屳祐桴湯停瑹潨㍮㈱䱜扩獜瑩ⵥ慰正条獥獜慴汲瑥整浜摩汤睥牡履慢敳瀮≹‬楬敮ㄠ㔶‬湩挠污彬敮瑸਍††慲獩⁥灡彰硥ൣ 䘠汩⁥䌢尺獕牥屳整档屡灁䑰瑡屡潌慣屬牐杯慲獭停瑹潨屮祐桴湯ㄳ尲楌屢楳整瀭捡慫敧屳瑳牡敬瑴履業摤敬慷敲扜獡⹥祰Ⱒ氠湩⁥㔱ⰱ椠⁮潣潲਍††睡楡⁴敳晬愮灰猨潣数‬敲散癩彥牯摟獩潣湮捥ⱴ猠湥彤潮敟牲牯ഩ 䘠汩⁥䌢尺獕牥屳整档屡灁䑰瑡屡潌慣屬牐杯慲獭停瑹潨屮祐桴湯ㄳ尲楌屢楳整瀭捡慫敧屳瑳牡敬瑴履業摤敬慷敲扜獡⹥祰Ⱒ氠湩⁥㠱ⰹ椠⁮彟慣汬彟਍††楷桴挠汯慬獰彥硥杣潲灵⡳㨩਍†楆敬∠㩃啜敳獲瑜捥慨䅜灰慄慴䱜捯污停潲牧浡屳祐桴湯停瑹潨㍮㈱䱜扩捜湯整瑸楬⹢祰Ⱒ氠湩⁥㔱ⰸ椠⁮彟硥瑩彟਍††敳晬朮湥琮牨睯瘨污敵ഩ 䘠汩⁥䌢尺獕牥屳整档屡灁䑰瑡屡潌慣屬牐杯慲獭停瑹潨屮祐桴湯ㄳ尲楌屢楳整瀭捡慫敧屳瑳牡敬瑴履畟楴獬瀮≹‬楬敮㤠ⰳ椠⁮潣汬灡敳敟捸牧畯獰਍††慲獩⁥硥ൣ 䘠汩⁥䌢尺獕牥屳整档屡灁䑰瑡屡潌慣屬牐杯慲獭停瑹潨屮祐桴湯ㄳ尲楌屢楳整瀭捡慫敧屳瑳牡敬瑴履業摤敬慷敲扜獡⹥祰Ⱒ氠湩⁥㤱ⰱ椠⁮彟慣汬彟਍††敲灳湯敳㴠愠慷瑩猠汥⹦楤灳瑡档晟湵⡣敲畱獥ⱴ挠污彬敮瑸ഩ †††††††幞幞幞幞幞幞幞幞幞幞幞幞幞幞幞幞幞幞幞幞幞幞਍†楆敬∠㩃啜敳獲瑜捥慨作敮牄癩履敄歳潴屰慳敬⁳楡瀠慬晴潲屭慢正湥層灡屰業摤敬慷敲獜捥牵瑩⹹祰Ⱒ氠湩⁥㌲ⰲ椠⁮楤灳瑡档਍††敲灳湯敳㴠愠慷瑩挠污彬敮瑸爨煥敵瑳ഩ †††††††幞幞幞幞幞幞幞幞幞幞幞幞਍†楆敬∠㩃啜敳獲瑜捥慨䅜灰慄慴䱜捯污停潲牧浡屳祐桴湯停瑹潨㍮㈱䱜扩獜瑩ⵥ慰正条獥獜慴汲瑥整浜摩汤睥牡履慢敳瀮≹‬楬敮ㄠ㔶‬湩挠污彬敮瑸਍††慲獩⁥灡彰硥ൣ 䘠汩⁥䌢尺獕牥屳整档屡灁䑰瑡屡潌慣屬牐杯慲獭停瑹潨屮祐桴湯ㄳ尲楌屢楳整瀭捡慫敧屳瑳牡敬瑴履業摤敬慷敲扜獡⹥祰Ⱒ氠湩⁥㔱ⰱ椠⁮潣潲਍††睡楡⁴敳晬愮灰猨潣数‬敲散癩彥牯摟獩潣湮捥ⱴ猠湥彤潮敟牲牯ഩ 䘠汩⁥䌢尺獕牥屳整档屡灁䑰瑡屡潌慣屬牐杯慲獭停瑹潨屮祐桴湯ㄳ尲楌屢楳整瀭捡慫敧屳瑳牡敬瑴履業摤敬慷敲扜獡⹥祰Ⱒ氠湩⁥㠱ⰹ椠⁮彟慣汬彟਍††楷桴挠汯慬獰彥硥杣潲灵⡳㨩਍†楆敬∠㩃啜敳獲瑜捥慨䅜灰慄慴䱜捯污停潲牧浡屳祐桴湯停瑹潨㍮㈱䱜扩捜湯整瑸楬⹢祰Ⱒ氠湩⁥㔱ⰸ椠⁮彟硥瑩彟਍††敳晬朮湥琮牨睯瘨污敵ഩ 䘠汩⁥䌢尺獕牥屳整档屡灁䑰瑡屡潌慣屬牐杯慲獭停瑹潨屮祐桴湯ㄳ尲楌屢楳整瀭捡慫敧屳瑳牡敬瑴履畟楴獬瀮≹‬楬敮㤠ⰳ椠⁮潣汬灡敳敟捸牧畯獰਍††慲獩⁥硥ൣ 䘠汩⁥䌢尺獕牥屳整档屡灁䑰瑡屡潌慣屬牐杯慲獭停瑹潨屮祐桴湯ㄳ尲楌屢楳整瀭捡慫敧屳瑳牡敬瑴履業摤敬慷敲扜獡⹥祰Ⱒ氠湩⁥㤱ⰱ椠⁮彟慣汬彟਍††敲灳湯敳㴠愠慷瑩猠汥⹦楤灳瑡档晟湵⡣敲畱獥ⱴ挠污彬敮瑸ഩ †††††††幞幞幞幞幞幞幞幞幞幞幞幞幞幞幞幞幞幞幞幞幞幞਍†楆敬∠㩃啜敳獲瑜捥慨作敮牄癩履敄歳潴屰慳敬⁳楡瀠慬晴潲屭慢正湥層灡屰業摤敬慷敲獜捥牵瑩⹹祰Ⱒ氠湩⁥ㄲⰷ椠⁮楤灳瑡档਍††敲灳湯敳㴠愠慷瑩挠污彬敮瑸爨煥敵瑳ഩ †††††††幞幞幞幞幞幞幞幞幞幞幞幞਍†楆敬∠㩃啜敳獲瑜捥慨䅜灰慄慴䱜捯污停潲牧浡屳祐桴湯停瑹潨㍮㈱䱜扩獜瑩ⵥ慰正条獥獜慴汲瑥整浜摩汤睥牡履慢敳瀮≹‬楬敮ㄠ㔶‬湩挠污彬敮瑸਍††慲獩⁥灡彰硥ൣ 䘠汩⁥䌢尺獕牥屳整档屡灁䑰瑡屡潌慣屬牐杯慲獭停瑹潨屮祐桴湯ㄳ尲楌屢楳整瀭捡慫敧屳瑳牡敬瑴履業摤敬慷敲扜獡⹥祰Ⱒ氠湩⁥㔱ⰱ椠⁮潣潲਍††睡楡⁴敳晬愮灰猨潣数‬敲散癩彥牯摟獩潣湮捥ⱴ猠湥彤潮敟牲牯ഩ 䘠汩⁥䌢尺獕牥屳整档屡灁䑰瑡屡潌慣屬牐杯慲獭停瑹潨屮祐桴湯ㄳ尲楌屢楳整瀭捡慫敧屳瑳牡敬瑴履業摤敬慷敲扜獡⹥祰Ⱒ氠湩⁥㠱ⰹ椠⁮彟慣汬彟਍††楷桴挠汯慬獰彥硥杣潲灵⡳㨩਍†楆敬∠㩃啜敳獲瑜捥慨䅜灰慄慴䱜捯污停潲牧浡屳祐桴湯停瑹潨㍮㈱䱜扩捜湯整瑸楬⹢祰Ⱒ氠湩⁥㔱ⰸ椠⁮彟硥瑩彟਍††敳晬朮湥琮牨睯瘨污敵ഩ 䘠汩⁥䌢尺獕牥屳整档屡灁䑰瑡屡潌慣屬牐杯慲獭停瑹潨屮祐桴湯ㄳ尲楌屢楳整瀭捡慫敧屳瑳牡敬瑴履畟楴獬瀮≹‬楬敮㤠ⰳ椠⁮潣汬灡敳敟捸牧畯獰਍††慲獩⁥硥ൣ 䘠汩⁥䌢尺獕牥屳整档屡灁䑰瑡屡潌慣屬牐杯慲獭停瑹潨屮祐桴湯ㄳ尲楌屢楳整瀭捡慫敧屳瑳牡敬瑴履業摤敬慷敲扜獡⹥祰Ⱒ氠湩⁥㤱ⰱ椠⁮彟慣汬彟਍††敲灳湯敳㴠愠慷瑩猠汥⹦楤灳瑡档晟湵⡣敲畱獥ⱴ挠污彬敮瑸ഩ †††††††幞幞幞幞幞幞幞幞幞幞幞幞幞幞幞幞幞幞幞幞幞幞਍†楆敬∠㩃啜敳獲瑜捥慨作敮牄癩履敄歳潴屰慳敬⁳楡瀠慬晴潲屭慢正湥層灡屰業摤敬慷敲瑜湥湡彴湥潦捲浥湥⹴祰Ⱒ氠湩⁥㠵‬湩搠獩慰捴൨ †爠瑥牵⁮睡楡⁴慣汬湟硥⡴敲畱獥⥴਍†††††帠幞幞幞幞幞幞幞幞幞幞幞൞ 䘠汩⁥䌢尺獕牥屳整档屡灁䑰瑡屡潌慣屬牐杯慲獭停瑹潨屮祐桴湯ㄳ尲楌屢楳整瀭捡慫敧屳瑳牡敬瑴履業摤敬慷敲扜獡⹥祰Ⱒ氠湩⁥㘱ⰵ椠⁮慣汬湟硥൴ †爠楡敳愠灰敟捸਍†楆敬∠㩃啜敳獲瑜捥慨䅜灰慄慴䱜捯污停潲牧浡屳祐桴湯停瑹潨㍮㈱䱜扩獜瑩ⵥ慰正条獥獜慴汲瑥整浜摩汤睥牡履慢敳瀮≹‬楬敮ㄠㄵ‬湩挠牯൯ †愠慷瑩猠汥⹦灡⡰捳灯ⱥ爠捥楥敶潟彲楤捳湯敮瑣‬敳摮湟彯牥潲⥲਍†楆敬∠㩃啜敳獲瑜捥慨䅜灰慄慴䱜捯污停潲牧浡屳祐桴湯停瑹潨㍮㈱䱜扩獜瑩ⵥ慰正条獥獜慴汲瑥整浜摩汤睥牡履潣獲瀮≹‬楬敮㠠ⰵ椠⁮彟慣汬彟਍††睡楡⁴敳晬愮灰猨潣数‬敲散癩ⱥ猠湥⥤਍†楆敬∠㩃啜敳獲瑜捥慨䅜灰慄慴䱜捯污停潲牧浡屳祐桴湯停瑹潨㍮㈱䱜扩獜瑩ⵥ慰正条獥獜慴汲瑥整浜摩汤睥牡履硥散瑰潩獮瀮≹‬楬敮㘠ⰵ椠⁮彟慣汬彟਍††睡楡⁴牷灡慟灰桟湡汤湩彧硥散瑰潩獮猨汥⹦灡Ɒ挠湯⥮猨潣数‬敲散癩ⱥ猠湥⥤਍†楆敬∠㩃啜敳獲瑜捥慨䅜灰慄慴䱜捯污停潲牧浡屳祐桴湯停瑹潨㍮㈱䱜扩獜瑩ⵥ慰正条獥獜慴汲瑥整彜硥散瑰潩彮慨摮敬⹲祰Ⱒ氠湩⁥㐶‬湩眠慲灰摥慟灰਍††慲獩⁥硥ൣ 䘠汩⁥䌢尺獕牥屳整档屡灁䑰瑡屡潌慣屬牐杯慲獭停瑹潨屮祐桴湯ㄳ尲楌屢楳整瀭捡慫敧屳瑳牡敬瑴履敟捸灥楴湯桟湡汤牥瀮≹‬楬敮㔠ⰳ椠⁮牷灡数彤灡൰ †愠慷瑩愠灰猨潣数‬敲散癩ⱥ猠湥敤⥲਍†楆敬∠㩃啜敳獲瑜捥慨䅜灰慄慴䱜捯污停潲牧浡屳祐桴湯停瑹潨㍮㈱䱜扩獜瑩ⵥ慰正条獥獜慴汲瑥整牜畯楴杮瀮≹‬楬敮㜠㘵‬湩张损污彬ൟ †愠慷瑩猠汥⹦業摤敬慷敲獟慴正猨潣数‬敲散癩ⱥ猠湥⥤਍†楆敬∠㩃啜敳獲瑜捥慨䅜灰慄慴䱜捯污停潲牧浡屳祐桴湯停瑹潨㍮㈱䱜扩獜瑩ⵥ慰正条獥獜慴汲瑥整牜畯楴杮瀮≹‬楬敮㜠㘷‬湩愠灰਍††睡楡⁴潲瑵⹥慨摮敬猨潣数‬敲散癩ⱥ猠湥⥤਍†楆敬∠㩃啜敳獲瑜捥慨䅜灰慄慴䱜捯污停潲牧浡屳祐桴湯停瑹潨㍮㈱䱜扩獜瑩ⵥ慰正条獥獜慴汲瑥整牜畯楴杮瀮≹‬楬敮㈠㜹‬湩栠湡汤൥ †愠慷瑩猠汥⹦灡⡰捳灯ⱥ爠捥楥敶‬敳摮ഩ 䘠汩⁥䌢尺獕牥屳整档屡灁䑰瑡屡潌慣屬牐杯慲獭停瑹潨屮祐桴湯ㄳ尲楌屢楳整瀭捡慫敧屳瑳牡敬瑴履潲瑵湩⹧祰Ⱒ氠湩⁥㜷‬湩愠灰਍††睡楡⁴牷灡慟灰桟湡汤湩彧硥散瑰潩獮愨灰‬敲畱獥⥴猨潣数‬敲散癩ⱥ猠湥⥤਍†楆敬∠㩃啜敳獲瑜捥慨䅜灰慄慴䱜捯污停潲牧浡屳祐桴湯停瑹潨㍮㈱䱜扩獜瑩ⵥ慰正条獥獜慴汲瑥整彜硥散瑰潩彮慨摮敬⹲祰Ⱒ氠湩⁥㐶‬湩眠慲灰摥慟灰਍††慲獩⁥硥ൣ 䘠汩⁥䌢尺獕牥屳整档屡灁䑰瑡屡潌慣屬牐杯慲獭停瑹潨屮祐桴湯ㄳ尲楌屢楳整瀭捡慫敧屳瑳牡敬瑴履敟捸灥楴湯桟湡汤牥瀮≹‬楬敮㔠ⰳ椠⁮牷灡数彤灡൰ †愠慷瑩愠灰猨潣数‬敲散癩ⱥ猠湥敤⥲਍†楆敬∠㩃啜敳獲瑜捥慨䅜灰慄慴䱜捯污停潲牧浡屳祐桴湯停瑹潨㍮㈱䱜扩獜瑩ⵥ慰正条獥獜慴汲瑥整牜畯楴杮瀮≹‬楬敮㜠ⰲ椠⁮灡൰ †爠獥潰獮⁥‽睡楡⁴畦据爨煥敵瑳ഩ †††††††幞幞幞幞幞幞幞幞幞൞ 䘠汩⁥䌢尺獕牥屳整档屡灁䑰瑡屡潌慣屬牐杯慲獭停瑹潨屮祐桴湯ㄳ尲楌屢楳整瀭捡慫敧屳慦瑳灡屩潲瑵湩⹧祰Ⱒ氠湩⁥㜲ⰸ椠⁮灡൰ †爠睡牟獥潰獮⁥‽睡楡⁴畲彮湥灤楯瑮晟湵瑣潩⡮਍†††††††††帠幞幞幞幞幞幞幞幞幞幞幞幞幞൞ 䘠汩⁥䌢尺獕牥屳整档屡灁䑰瑡屡潌慣屬牐杯慲獭停瑹潨屮祐桴湯ㄳ尲楌屢楳整瀭捡慫敧屳慦瑳灡屩潲瑵湩⹧祰Ⱒ氠湩⁥㤱ⰱ椠⁮畲彮湥灤楯瑮晟湵瑣潩൮ †爠瑥牵⁮睡楡⁴敤数摮湡⹴慣汬⨨瘪污敵⥳਍†††††帠幞幞幞幞幞幞幞幞幞幞幞幞幞幞൞ 䘠汩⁥䌢尺獕牥屳整档屡湏䑥楲敶䑜獥瑫灯獜污獥愠⁩汰瑡牦浯扜捡敫摮慜灰慜楰癜就湥灤楯瑮屳潷歲灳捡⹥祰Ⱒ氠湩⁥㐳ⰱ椠⁮敧彴湩敶瑮牯役敨污桴਍††敲畴湲圠牯獫慰散湅楧敮朮瑥楟癮湥潴祲桟慥瑬⡨潣灭湡役摩挽浯慰祮楟⥤਍†††††帠幞幞幞幞幞幞幞幞幞幞幞幞幞幞幞幞幞幞幞幞幞幞幞幞幞幞幞幞幞਍祔数牅潲㩲圠牯獫慰散湅楧敮朮瑥楟癮湥潴祲桟慥瑬⡨ 潧⁴湡甠敮灸捥整⁤敫睹牯⁤牡畧敭瑮✠潣灭湡役摩ധഊ嬊〲㘲〭ⴳ㤲㈠㨰〳〺⸷㜵㌲㠱⁝䥛㩄㘵搵ㅦ㔱昭㘸ⴹ㔴攲戭ちⴲ㜵づㄸㄴ愹㙤⁝剅㩒圠牯獫慰散湅楧敮朮瑥楟癮湥潴祲桟慥瑬⡨ 潧⁴湡甠敮灸捥整⁤敫睹牯⁤牡畧敭瑮✠潣灭湡役摩ധ ⬠䔠捸灥楴湯䜠潲灵吠慲散慢正⠠潭瑳爠捥湥⁴慣汬氠獡⥴ഺ 簠†䘠汩⁥䌢尺獕牥屳整档屡灁䑰瑡屡潌慣屬牐杯慲獭停瑹潨屮祐桴湯ㄳ尲楌屢楳整瀭捡慫敧屳瑳牡敬瑴履畟楴獬瀮≹‬楬敮㠠ⰷ椠⁮潣汬灡敳敟捸牧畯獰਍†⁼††楹汥൤ 簠†䘠汩⁥䌢尺獕牥屳整档屡灁䑰瑡屡潌慣屬牐杯慲獭停瑹潨屮祐桴湯ㄳ尲楌屢楳整瀭捡慫敧屳瑳牡敬瑴履業摤敬慷敲扜獡⹥祰Ⱒ氠湩⁥㤱ⰰ椠⁮彟慣汬彟਍†⁼††獡湹⁣楷桴愠祮潩挮敲瑡彥慴歳束潲灵⤨愠⁳慴歳束潲灵ഺ 簠†䘠汩⁥䌢尺獕牥屳整档屡灁䑰瑡屡潌慣屬牐杯慲獭停瑹潨屮祐桴湯ㄳ尲楌屢楳整瀭捡慫敧屳湡楹屯扟捡敫摮屳慟祳据潩瀮≹‬楬敮㘠㠷‬湩张慟硥瑩彟਍†⁼††慲獩⁥慂敳硅散瑰潩䝮潲灵ന 簠䔠捸灥楴湯片畯㩰甠桮湡汤摥攠牲牯⁳湩愠吠獡䝫潲灵⠠‱畳ⵢ硥散瑰潩⥮਍†⴫⴫ⴭⴭⴭⴭⴭⴭⴭ‭‱ⴭⴭⴭⴭⴭⴭⴭⴭ਍††⁼牔捡扥捡⁫洨獯⁴敲散瑮挠污⁬慬瑳㨩਍††⁼†楆敬∠㩃啜敳獲瑜捥慨䅜灰慄慴䱜捯污停潲牧浡屳祐桴湯停瑹潨㍮㈱䱜扩獜瑩ⵥ慰正条獥獜慴汲瑥整浜摩汤睥牡履牥潲獲瀮≹‬楬敮ㄠ㐶‬湩张损污彬ൟ †簠††愠慷瑩猠汥⹦灡⡰捳灯ⱥ爠捥楥敶‬獟湥⥤਍††⁼†楆敬∠㩃啜敳獲瑜捥慨䅜灰慄慴䱜捯污停潲牧浡屳祐桴湯停瑹潨㍮㈱䱜扩獜瑩ⵥ慰正条獥獜慴汲瑥整浜摩汤睥牡履慢敳瀮≹‬楬敮ㄠ㤸‬湩张损污彬ൟ †簠††眠瑩⁨潣汬灡敳敟捸牧畯獰⤨ഺ †簠†䘠汩⁥䌢尺獕牥屳整档屡灁䑰瑡屡潌慣屬牐杯慲獭停瑹潨屮祐桴湯ㄳ尲楌屢潣瑮硥汴扩瀮≹‬楬敮ㄠ㠵‬湩张敟楸彴ൟ †簠††猠汥⹦敧⹮桴潲⡷慶畬⥥਍††⁼†楆敬∠㩃啜敳獲瑜捥慨䅜灰慄慴䱜捯污停潲牧浡屳祐桴湯停瑹潨㍮㈱䱜扩獜瑩ⵥ慰正条獥獜慴汲瑥整彜瑵汩⹳祰Ⱒ氠湩⁥㌹‬湩挠汯慬獰彥硥杣潲灵൳ †簠††爠楡敳攠捸਍††⁼†楆敬∠㩃啜敳獲瑜捥慨䅜灰慄慴䱜捯污停潲牧浡屳祐桴湯停瑹潨㍮㈱䱜扩獜瑩ⵥ慰正条獥獜慴汲瑥整浜摩汤睥牡履慢敳瀮≹‬楬敮ㄠㄹ‬湩张损污彬ൟ †簠††爠獥潰獮⁥‽睡楡⁴敳晬搮獩慰捴彨畦据爨煥敵瑳‬慣汬湟硥⥴਍††⁼†††††††帠幞幞幞幞幞幞幞幞幞幞幞幞幞幞幞幞幞幞幞幞幞൞ †簠†䘠汩⁥䌢尺獕牥屳整档屡湏䑥楲敶䑜獥瑫灯獜污獥愠⁩汰瑡牦浯扜捡敫摮慜灰浜摩汤睥牡履敲畱獥彴潣瑮硥⹴祰Ⱒ氠湩⁥㘵‬湩搠獩慰捴൨ †簠††爠楡敳攠਍††⁼†楆敬∠㩃啜敳獲瑜捥慨作敮牄癩履敄歳潴屰慳敬⁳楡瀠慬晴潲屭慢正湥層灡屰業摤敬慷敲牜煥敵瑳损湯整瑸瀮≹‬楬敮㔠ⰰ椠⁮楤灳瑡档਍††⁼††敲灳湯敳㴠愠慷瑩挠污彬敮瑸爨煥敵瑳ഩ †簠††††††††幞幞幞幞幞幞幞幞幞幞幞幞਍††⁼†楆敬∠㩃啜敳獲瑜捥慨䅜灰慄慴䱜捯污停潲牧浡屳祐桴湯停瑹潨㍮㈱䱜扩獜瑩ⵥ慰正条獥獜慴汲瑥整浜摩汤睥牡履慢敳瀮≹‬楬敮ㄠ㔶‬湩挠污彬敮瑸਍††⁼††慲獩⁥灡彰硥ൣ †簠†䘠汩⁥䌢尺獕牥屳整档屡灁䑰瑡屡潌慣屬牐杯慲獭停瑹潨屮祐桴湯ㄳ尲楌屢楳整瀭捡慫敧屳瑳牡敬瑴履業摤敬慷敲扜獡⹥祰Ⱒ氠湩⁥㔱ⰱ椠⁮潣潲਍††⁼††睡楡⁴敳晬愮灰猨潣数‬敲散癩彥牯摟獩潣湮捥ⱴ猠湥彤潮敟牲牯ഩ †簠†䘠汩⁥䌢尺獕牥屳整档屡灁䑰瑡屡潌慣屬牐杯慲獭停瑹潨屮祐桴湯ㄳ尲楌屢楳整瀭捡慫敧屳瑳牡敬瑴履業摤敬慷敲扜獡⹥祰Ⱒ氠湩⁥㠱ⰹ椠⁮彟慣汬彟਍††⁼††楷桴挠汯慬獰彥硥杣潲灵⡳㨩਍††⁼†楆敬∠㩃啜敳獲瑜捥慨䅜灰慄慴䱜捯污停潲牧浡屳祐桴湯停瑹潨㍮㈱䱜扩捜湯整瑸楬⹢祰Ⱒ氠湩⁥㔱ⰸ椠⁮彟硥瑩彟਍††⁼††敳晬朮湥琮牨睯瘨污敵ഩ †簠†䘠汩⁥䌢尺獕牥屳整档屡灁䑰瑡屡潌慣屬牐杯慲獭停瑹潨屮祐桴湯ㄳ尲楌屢楳整瀭捡慫敧屳瑳牡敬瑴履畟楴獬瀮≹‬楬敮㤠ⰳ椠⁮潣汬灡敳敟捸牧畯獰਍††⁼††慲獩⁥硥ൣ †簠†䘠汩⁥䌢尺獕牥屳整档屡灁䑰瑡屡潌慣屬牐杯慲獭停瑹潨屮祐桴湯ㄳ尲楌屢楳整瀭捡慫敧屳瑳牡敬瑴履業摤敬慷敲扜獡⹥祰Ⱒ氠湩⁥㤱ⰱ椠⁮彟慣汬彟਍††⁼††敲灳湯敳㴠愠慷瑩猠汥⹦楤灳瑡档晟湵⡣敲畱獥ⱴ挠污彬敮瑸ഩ †簠††††††††幞幞幞幞幞幞幞幞幞幞幞幞幞幞幞幞幞幞幞幞幞幞਍††⁼†楆敬∠㩃啜敳獲瑜捥慨作敮牄癩履敄歳潴屰慳敬⁳楡瀠慬晴潲屭慢正湥層灡屰業摤敬慷敲獜捥牵瑩⹹祰Ⱒ氠湩⁥㌲ⰲ椠⁮楤灳瑡档਍††⁼††敲灳湯敳㴠愠慷瑩挠污彬敮瑸爨煥敵瑳ഩ †簠††††††††幞幞幞幞幞幞幞幞幞幞幞幞਍††⁼†楆敬∠㩃啜敳獲瑜捥慨䅜灰慄慴䱜捯污停潲牧浡屳祐桴湯停瑹潨㍮㈱䱜扩獜瑩ⵥ慰正条獥獜慴汲瑥整浜摩汤睥牡履慢敳瀮≹‬楬敮ㄠ㔶‬湩挠污彬敮瑸਍††⁼††慲獩⁥灡彰硥ൣ †簠†䘠汩⁥䌢尺獕牥屳整档屡灁䑰瑡屡潌慣屬牐杯慲獭停瑹潨屮祐桴湯ㄳ尲楌屢楳整瀭捡慫敧屳瑳牡敬瑴履業摤敬慷敲扜獡⹥祰Ⱒ氠湩⁥㔱ⰱ椠⁮潣潲਍††⁼††睡楡⁴敳晬愮灰猨潣数‬敲散癩彥牯摟獩潣湮捥ⱴ猠湥彤潮敟牲牯ഩ †簠†䘠汩⁥䌢尺獕牥屳整档屡灁䑰瑡屡潌慣屬牐杯慲獭停瑹潨屮祐桴湯ㄳ尲楌屢楳整瀭捡慫敧屳瑳牡敬瑴履業摤敬慷敲扜獡⹥祰Ⱒ氠湩⁥㠱ⰹ椠⁮彟慣汬彟਍††⁼††楷桴挠汯慬獰彥硥杣潲灵⡳㨩਍††⁼†楆敬∠㩃啜敳獲瑜捥慨䅜灰慄慴䱜捯污停潲牧浡屳祐桴湯停瑹潨㍮㈱䱜扩捜湯整瑸楬⹢祰Ⱒ氠湩⁥㔱ⰸ椠⁮彟硥瑩彟਍††⁼††敳晬朮湥琮牨睯瘨污敵ഩ †簠†䘠汩⁥䌢尺獕牥屳整档屡灁䑰瑡屡潌慣屬牐杯慲獭停瑹潨屮祐桴湯ㄳ尲楌屢楳整瀭捡慫敧屳瑳牡敬瑴履畟楴獬瀮≹‬楬敮㤠ⰳ椠⁮潣汬灡敳敟捸牧畯獰਍††⁼††慲獩⁥硥ൣ †簠†䘠汩⁥䌢尺獕牥屳整档屡灁䑰瑡屡潌慣屬牐杯慲獭停瑹潨屮祐桴湯ㄳ尲楌屢楳整瀭捡慫敧屳瑳牡敬瑴履業摤敬慷敲扜獡⹥祰Ⱒ氠湩⁥㤱ⰱ椠⁮彟慣汬彟਍††⁼††敲灳湯敳㴠愠慷瑩猠汥⹦楤灳瑡档晟湵⡣敲畱獥ⱴ挠污彬敮瑸ഩ †簠††††††††幞幞幞幞幞幞幞幞幞幞幞幞幞幞幞幞幞幞幞幞幞幞਍††⁼†楆敬∠㩃啜敳獲瑜捥慨作敮牄癩履敄歳潴屰慳敬⁳楡瀠慬晴潲屭慢正湥層灡屰業摤敬慷敲獜捥牵瑩⹹祰Ⱒ氠湩⁥ㄲⰷ椠⁮楤灳瑡档਍††⁼††敲灳湯敳㴠愠慷瑩挠污彬敮瑸爨煥敵瑳ഩ †簠††††††††幞幞幞幞幞幞幞幞幞幞幞幞਍††⁼†楆敬∠㩃啜敳獲瑜捥慨䅜灰慄慴䱜捯污停潲牧浡屳祐桴湯停瑹潨㍮㈱䱜扩獜瑩ⵥ慰正条獥獜慴汲瑥整浜摩汤睥牡履慢敳瀮≹‬楬敮ㄠ㔶‬湩挠污彬敮瑸਍††⁼††慲獩⁥灡彰硥ൣ †簠†䘠汩⁥䌢尺獕牥屳整档屡灁䑰瑡屡潌慣屬牐杯慲獭停瑹潨屮祐桴湯ㄳ尲楌屢楳整瀭捡慫敧屳瑳牡敬瑴履業摤敬慷敲扜獡⹥祰Ⱒ氠湩⁥㔱ⰱ椠⁮潣潲਍††⁼††睡楡⁴敳晬愮灰猨潣数‬敲散癩彥牯摟獩潣湮捥ⱴ猠湥彤潮敟牲牯ഩ †簠†䘠汩⁥䌢尺獕牥屳整档屡灁䑰瑡屡潌慣屬牐杯慲獭停瑹潨屮祐桴湯ㄳ尲楌屢楳整瀭捡慫敧屳瑳牡敬瑴履業摤敬慷敲扜獡⹥祰Ⱒ氠湩⁥㠱ⰹ椠⁮彟慣汬彟਍††⁼††楷桴挠汯慬獰彥硥杣潲灵⡳㨩਍††⁼†楆敬∠㩃啜敳獲瑜捥慨䅜灰慄慴䱜捯污停潲牧浡屳祐桴湯停瑹潨㍮㈱䱜扩捜湯整瑸楬⹢祰Ⱒ氠湩⁥㔱ⰸ椠⁮彟硥瑩彟਍††⁼††敳晬朮湥琮牨睯瘨污敵ഩ †簠†䘠汩⁥䌢尺獕牥屳整档屡灁䑰瑡屡潌慣屬牐杯慲獭停瑹潨屮祐桴湯ㄳ尲楌屢楳整瀭捡慫敧屳瑳牡敬瑴履畟楴獬瀮≹‬楬敮㤠ⰳ椠⁮潣汬灡敳敟捸牧畯獰਍††⁼††慲獩⁥硥ൣ †簠†䘠汩⁥䌢尺獕牥屳整档屡灁䑰瑡屡潌慣屬牐杯慲獭停瑹潨屮祐桴湯ㄳ尲楌屢楳整瀭捡慫敧屳瑳牡敬瑴履業摤敬慷敲扜獡⹥祰Ⱒ氠湩⁥㤱ⰱ椠⁮彟慣汬彟਍††⁼††敲灳湯敳㴠愠慷瑩猠汥⹦楤灳瑡档晟湵⡣敲畱獥ⱴ挠污彬敮瑸ഩ †簠††††††††幞幞幞幞幞幞幞幞幞幞幞幞幞幞幞幞幞幞幞幞幞幞਍††⁼†楆敬∠㩃啜敳獲瑜捥慨作敮牄癩履敄歳潴屰慳敬⁳楡瀠慬晴潲屭慢正湥層灡屰業摤敬慷敲瑜湥湡彴湥潦捲浥湥⹴祰Ⱒ氠湩⁥㠵‬湩搠獩慰捴൨ †簠††爠瑥牵⁮睡楡⁴慣汬湟硥⡴敲畱獥⥴਍††⁼†††††帠幞幞幞幞幞幞幞幞幞幞幞൞ †簠†䘠汩⁥䌢尺獕牥屳整档屡灁䑰瑡屡潌慣屬牐杯慲獭停瑹潨屮祐桴湯ㄳ尲楌屢楳整瀭捡慫敧屳瑳牡敬瑴履業摤敬慷敲扜獡⹥祰Ⱒ氠湩⁥㘱ⰵ椠⁮慣汬湟硥൴ †簠††爠楡敳愠灰敟捸਍††⁼†楆敬∠㩃啜敳獲瑜捥慨䅜灰慄慴䱜捯污停潲牧浡屳祐桴湯停瑹潨㍮㈱䱜扩獜瑩ⵥ慰正条獥獜慴汲瑥整浜摩汤睥牡履慢敳瀮≹‬楬敮ㄠㄵ‬湩挠牯൯ †簠††愠慷瑩猠汥⹦灡⡰捳灯ⱥ爠捥楥敶潟彲楤捳湯敮瑣‬敳摮湟彯牥潲⥲਍††⁼†楆敬∠㩃啜敳獲瑜捥慨䅜灰慄慴䱜捯污停潲牧浡屳祐桴湯停瑹潨㍮㈱䱜扩獜瑩ⵥ慰正条獥獜慴汲瑥整浜摩汤睥牡履潣獲瀮≹‬楬敮㠠ⰵ椠⁮彟慣汬彟਍††⁼††睡楡⁴敳晬愮灰猨潣数‬敲散癩ⱥ猠湥⥤਍††⁼†楆敬∠㩃啜敳獲瑜捥慨䅜灰慄慴䱜捯污停潲牧浡屳祐桴湯停瑹潨㍮㈱䱜扩獜瑩ⵥ慰正条獥獜慴汲瑥整浜摩汤睥牡履硥散瑰潩獮瀮≹‬楬敮㘠ⰵ椠⁮彟慣汬彟਍††⁼††睡楡⁴牷灡慟灰桟湡汤湩彧硥散瑰潩獮猨汥⹦灡Ɒ挠湯⥮猨潣数‬敲散癩ⱥ猠湥⥤਍††⁼†楆敬∠㩃啜敳獲瑜捥慨䅜灰慄慴䱜捯污停潲牧浡屳祐桴湯停瑹潨㍮㈱䱜扩獜瑩ⵥ慰正条獥獜慴汲瑥整彜硥散瑰潩彮慨摮敬⹲祰Ⱒ氠湩⁥㐶‬湩眠慲灰摥慟灰਍††⁼††慲獩⁥硥ൣ †簠†䘠汩⁥䌢尺獕牥屳整档屡灁䑰瑡屡潌慣屬牐杯慲獭停瑹潨屮祐桴湯ㄳ尲楌屢楳整瀭捡慫敧屳瑳牡敬瑴履敟捸灥楴湯桟湡汤牥瀮≹‬楬敮㔠ⰳ椠⁮牷灡数彤灡൰ †簠††愠慷瑩愠灰猨潣数‬敲散癩ⱥ猠湥敤⥲਍††⁼†楆敬∠㩃啜敳獲瑜捥慨䅜灰慄慴䱜捯污停潲牧浡屳祐桴湯停瑹潨㍮㈱䱜扩獜瑩ⵥ慰正条獥獜慴汲瑥整牜畯楴杮瀮≹‬楬敮㜠㘵‬湩张损污彬ൟ †簠††愠慷瑩猠汥⹦業摤敬慷敲獟慴正猨潣数‬敲散癩ⱥ猠湥⥤਍††⁼†楆敬∠㩃啜敳獲瑜捥慨䅜灰慄慴䱜捯污停潲牧浡屳祐桴湯停瑹潨㍮㈱䱜扩獜瑩ⵥ慰正条獥獜慴汲瑥整牜畯楴杮瀮≹‬楬敮㜠㘷‬湩愠灰਍††⁼††睡楡⁴潲瑵⹥慨摮敬猨潣数‬敲散癩ⱥ猠湥⥤਍††⁼†楆敬∠㩃啜敳獲瑜捥慨䅜灰慄慴䱜捯污停潲牧浡屳祐桴湯停瑹潨㍮㈱䱜扩獜瑩ⵥ慰正条獥獜慴汲瑥整牜畯楴杮瀮≹‬楬敮㈠㜹‬湩栠湡汤൥ †簠††愠慷瑩猠汥⹦灡⡰捳灯ⱥ爠捥楥敶‬敳摮ഩ †簠†䘠汩⁥䌢尺獕牥屳整档屡灁䑰瑡屡潌慣屬牐杯慲獭停瑹潨屮祐桴湯ㄳ尲楌屢楳整瀭捡慫敧屳瑳牡敬瑴履潲瑵湩⹧祰Ⱒ氠湩⁥㜷‬湩愠灰਍††⁼††睡楡⁴牷灡慟灰桟湡汤湩彧硥散瑰潩獮愨灰‬敲畱獥⥴猨潣数‬敲散癩ⱥ猠湥⥤਍††⁼†楆敬∠㩃啜敳獲瑜捥慨䅜灰慄慴䱜捯污停潲牧浡屳祐桴湯停瑹潨㍮㈱䱜扩獜瑩ⵥ慰正条獥獜慴汲瑥整彜硥散瑰潩彮慨摮敬⹲祰Ⱒ氠湩⁥㐶‬湩眠慲灰摥慟灰਍††⁼††慲獩⁥硥ൣ †簠†䘠汩⁥䌢尺獕牥屳整档屡灁䑰瑡屡潌慣屬牐杯慲獭停瑹潨屮祐桴湯ㄳ尲楌屢楳整瀭捡慫敧屳瑳牡敬瑴履敟捸灥楴湯桟湡汤牥瀮≹‬楬敮㔠ⰳ椠⁮牷灡数彤灡൰ †簠††愠慷瑩愠灰猨潣数‬敲散癩ⱥ猠湥敤⥲਍††⁼†楆敬∠㩃啜敳獲瑜捥慨䅜灰慄慴䱜捯污停潲牧浡屳祐桴湯停瑹潨㍮㈱䱜扩獜瑩ⵥ慰正条獥獜慴汲瑥整牜畯楴杮瀮≹‬楬敮㜠ⰲ椠⁮灡൰ †簠††爠獥潰獮⁥‽睡楡⁴畦据爨煥敵瑳ഩ †簠††††††††幞幞幞幞幞幞幞幞幞൞ †簠†䘠汩⁥䌢尺獕牥屳整档屡灁䑰瑡屡潌慣屬牐杯慲獭停瑹潨屮祐桴湯ㄳ尲楌屢楳整瀭捡慫敧屳慦瑳灡屩潲瑵湩⹧祰Ⱒ氠湩⁥㜲ⰸ椠⁮灡൰ †簠††爠睡牟獥潰獮⁥‽睡楡⁴畲彮湥灤楯瑮晟湵瑣潩⡮਍††⁼†††††††††帠幞幞幞幞幞幞幞幞幞幞幞幞幞൞ †簠†䘠汩⁥䌢尺獕牥屳整档屡灁䑰瑡屡潌慣屬牐杯慲獭停瑹潨屮祐桴湯ㄳ尲楌屢楳整瀭捡慫敧屳慦瑳灡屩潲瑵湩⹧祰Ⱒ氠湩⁥㤱ⰱ椠⁮畲彮湥灤楯瑮晟湵瑣潩൮ †簠††爠瑥牵⁮睡楡⁴敤数摮湡⹴慣汬⨨瘪污敵⥳਍††⁼†††††帠幞幞幞幞幞幞幞幞幞幞幞幞幞幞൞ †簠†䘠汩⁥䌢尺獕牥屳整档屡湏䑥楲敶䑜獥瑫灯獜污獥愠⁩汰瑡牦浯扜捡敫摮慜灰慜楰癜就湥灤楯瑮屳潷歲灳捡⹥祰Ⱒ氠湩⁥㐳ⰱ椠⁮敧彴湩敶瑮牯役敨污桴਍††⁼††敲畴湲圠牯獫慰散湅楧敮朮瑥楟癮湥潴祲桟慥瑬⡨潣灭湡役摩挽浯慰祮楟⥤਍††⁼†††††帠幞幞幞幞幞幞幞幞幞幞幞幞幞幞幞幞幞幞幞幞幞幞幞幞幞幞幞幞幞਍††⁼祔数牅潲㩲圠牯獫慰散湅楧敮朮瑥楟癮湥潴祲桟慥瑬⡨ 潧⁴湡甠敮灸捥整⁤敫睹牯⁤牡畧敭瑮✠潣灭湡役摩ധ †⬠ⴭⴭⴭⴭⴭⴭⴭⴭⴭⴭⴭⴭⴭⴭⴭⴭⴭⴭ਍਍畄楲杮栠湡汤湩⁧景琠敨愠潢敶攠捸灥楴湯‬湡瑯敨⁲硥散瑰潩⁮捯畣牲摥ഺഊ吊慲散慢正⠠潭瑳爠捥湥⁴慣汬氠獡⥴ഺ 䘠汩⁥䌢尺獕牥屳整档屡灁䑰瑡屡潌慣屬牐杯慲獭停瑹潨屮祐桴湯ㄳ尲楌屢楳整瀭捡慫敧屳瑳牡敬瑴履業摤敬慷敲敜牲牯⹳祰Ⱒ氠湩⁥㘱ⰴ椠⁮彟慣汬彟਍††睡楡⁴敳晬愮灰猨潣数‬敲散癩ⱥ张敳摮ഩ 䘠汩⁥䌢尺獕牥屳整档屡灁䑰瑡屡潌慣屬牐杯慲獭停瑹潨屮祐桴湯ㄳ尲楌屢楳整瀭捡慫敧屳瑳牡敬瑴履業摤敬慷敲扜獡⹥祰Ⱒ氠湩⁥㠱ⰹ椠⁮彟慣汬彟਍††楷桴挠汯慬獰彥硥杣潲灵⡳㨩਍†楆敬∠㩃啜敳獲瑜捥慨䅜灰慄慴䱜捯污停潲牧浡屳祐桴湯停瑹潨㍮㈱䱜扩捜湯整瑸楬⹢祰Ⱒ氠湩⁥㔱ⰸ椠⁮彟硥瑩彟਍††敳晬朮湥琮牨睯瘨污敵ഩ 䘠汩⁥䌢尺獕牥屳整档屡灁䑰瑡屡潌慣屬牐杯慲獭停瑹潨屮祐桴湯ㄳ尲楌屢楳整瀭捡慫敧屳瑳牡敬瑴履畟楴獬瀮≹‬楬敮㤠ⰳ椠⁮潣汬灡敳敟捸牧畯獰਍††慲獩⁥硥ൣ 䘠汩⁥䌢尺獕牥屳整档屡灁䑰瑡屡潌慣屬牐杯慲獭停瑹潨屮祐桴湯ㄳ尲楌屢楳整瀭捡慫敧屳瑳牡敬瑴履業摤敬慷敲扜獡⹥祰Ⱒ氠湩⁥㤱ⰱ椠⁮彟慣汬彟਍††敲灳湯敳㴠愠慷瑩猠汥⹦楤灳瑡档晟湵⡣敲畱獥ⱴ挠污彬敮瑸ഩ †††††††幞幞幞幞幞幞幞幞幞幞幞幞幞幞幞幞幞幞幞幞幞幞਍†楆敬∠㩃啜敳獲瑜捥慨作敮牄癩履敄歳潴屰慳敬⁳楡瀠慬晴潲屭慢正湥層灡屰業摤敬慷敲牜煥敵瑳损湯整瑸瀮≹‬楬敮㔠ⰶ椠⁮楤灳瑡档਍††慲獩⁥൥ 䘠汩⁥䌢尺獕牥屳整档屡湏䑥楲敶䑜獥瑫灯獜污獥愠⁩汰瑡牦浯扜捡敫摮慜灰浜摩汤睥牡履敲畱獥彴潣瑮硥⹴祰Ⱒ氠湩⁥〵‬湩搠獩慰捴൨ †爠獥潰獮⁥‽睡楡⁴慣汬湟硥⡴敲畱獥⥴਍†††††††帠幞幞幞幞幞幞幞幞幞幞幞൞ 䘠汩⁥䌢尺獕牥屳整档屡灁䑰瑡屡潌慣屬牐杯慲獭停瑹潨屮祐桴湯ㄳ尲楌屢楳整瀭捡慫敧屳瑳牡敬瑴履業摤敬慷敲扜獡⹥祰Ⱒ氠湩⁥㘱ⰵ椠⁮慣汬湟硥൴ †爠楡敳愠灰敟捸਍†楆敬∠㩃啜敳獲瑜捥慨䅜灰慄慴䱜捯污停潲牧浡屳祐桴湯停瑹潨㍮㈱䱜扩獜瑩ⵥ慰正条獥獜慴汲瑥整浜摩汤睥牡履慢敳瀮≹‬楬敮ㄠㄵ‬湩挠牯൯ †愠慷瑩猠汥⹦灡⡰捳灯ⱥ爠捥楥敶潟彲楤捳湯敮瑣‬敳摮湟彯牥潲⥲਍†楆敬∠㩃啜敳獲瑜捥慨䅜灰慄慴䱜捯污停潲牧浡屳祐桴湯停瑹潨㍮㈱䱜扩獜瑩ⵥ慰正条獥獜慴汲瑥整浜摩汤睥牡履慢敳瀮≹‬楬敮ㄠ㤸‬湩张损污彬ൟ †眠瑩⁨潣汬灡敳敟捸牧畯獰⤨ഺ 䘠汩⁥䌢尺獕牥屳整档屡灁䑰瑡屡潌慣屬牐杯慲獭停瑹潨屮祐桴湯ㄳ尲楌屢潣瑮硥汴扩瀮≹‬楬敮ㄠ㠵‬湩张敟楸彴ൟ †猠汥⹦敧⹮桴潲⡷慶畬⥥਍†楆敬∠㩃啜敳獲瑜捥慨䅜灰慄慴䱜捯污停潲牧浡屳祐桴湯停瑹潨㍮㈱䱜扩獜瑩ⵥ慰正条獥獜慴汲瑥整彜瑵汩⹳祰Ⱒ氠湩⁥㌹‬湩挠汯慬獰彥硥杣潲灵൳ †爠楡敳攠捸਍†楆敬∠㩃啜敳獲瑜捥慨䅜灰慄慴䱜捯污停潲牧浡屳祐桴湯停瑹潨㍮㈱䱜扩獜瑩ⵥ慰正条獥獜慴汲瑥整浜摩汤睥牡履慢敳瀮≹‬楬敮ㄠㄹ‬湩张损污彬ൟ †爠獥潰獮⁥‽睡楡⁴敳晬搮獩慰捴彨畦据爨煥敵瑳‬慣汬湟硥⥴਍†††††††帠幞幞幞幞幞幞幞幞幞幞幞幞幞幞幞幞幞幞幞幞幞൞ 䘠汩⁥䌢尺獕牥屳整档屡湏䑥楲敶䑜獥瑫灯獜污獥愠⁩汰瑡牦浯扜捡敫摮慜灰浜摩汤睥牡履敳畣楲祴瀮≹‬楬敮㈠㈳‬湩搠獩慰捴൨ †爠獥潰獮⁥‽睡楡⁴慣汬湟硥⡴敲畱獥⥴਍†††††††帠幞幞幞幞幞幞幞幞幞幞幞൞ 䘠汩⁥䌢尺獕牥屳整档屡灁䑰瑡屡潌慣屬牐杯慲獭停瑹潨屮祐桴湯ㄳ尲楌屢楳整瀭捡慫敧屳瑳牡敬瑴履業摤敬慷敲扜獡⹥祰Ⱒ氠湩⁥㘱ⰵ椠⁮慣汬湟硥൴ †爠楡敳愠灰敟捸਍†楆敬∠㩃啜敳獲瑜捥慨䅜灰慄慴䱜捯污停潲牧浡屳祐桴湯停瑹潨㍮㈱䱜扩獜瑩ⵥ慰正条獥獜慴汲瑥整浜摩汤睥牡履慢敳瀮≹‬楬敮ㄠㄵ‬湩挠牯൯ †愠慷瑩猠汥⹦灡⡰捳灯ⱥ爠捥楥敶潟彲楤捳湯敮瑣‬敳摮湟彯牥潲⥲਍†楆敬∠㩃啜敳獲瑜捥慨䅜灰慄慴䱜捯污停潲牧浡屳祐桴湯停瑹潨㍮㈱䱜扩獜瑩ⵥ慰正条獥獜慴汲瑥整浜摩汤睥牡履慢敳瀮≹‬楬敮ㄠ㤸‬湩张损污彬ൟ †眠瑩⁨潣汬灡敳敟捸牧畯獰⤨ഺ 䘠汩⁥䌢尺獕牥屳整档屡灁䑰瑡屡潌慣屬牐杯慲獭停瑹潨屮祐桴湯ㄳ尲楌屢潣瑮硥汴扩瀮≹‬楬敮ㄠ㠵‬湩张敟楸彴ൟ †猠汥⹦敧⹮桴潲⡷慶畬⥥਍†楆敬∠㩃啜敳獲瑜捥慨䅜灰慄慴䱜捯污停潲牧浡屳祐桴湯停瑹潨㍮㈱䱜扩獜瑩ⵥ慰正条獥獜慴汲瑥整彜瑵汩⹳祰Ⱒ氠湩⁥㌹‬湩挠汯慬獰彥硥杣潲灵൳ †爠楡敳攠捸਍†楆敬∠㩃啜敳獲瑜捥慨䅜灰慄慴䱜捯污停潲牧浡屳祐桴湯停瑹潨㍮㈱䱜扩獜瑩ⵥ慰正条獥獜慴汲瑥整浜摩汤睥牡履慢敳瀮≹‬楬敮ㄠㄹ‬湩张损污彬ൟ †爠獥潰獮⁥‽睡楡⁴敳晬搮獩慰捴彨畦据爨煥敵瑳‬慣汬湟硥⥴਍†††††††帠幞幞幞幞幞幞幞幞幞幞幞幞幞幞幞幞幞幞幞幞幞൞ 䘠汩⁥䌢尺獕牥屳整档屡湏䑥楲敶䑜獥瑫灯獜污獥愠⁩汰瑡牦浯扜捡敫摮慜灰浜摩汤睥牡履敳畣楲祴瀮≹‬楬敮㈠㜱‬湩搠獩慰捴൨ †爠獥潰獮⁥‽睡楡⁴慣汬湟硥⡴敲畱獥⥴਍†††††††帠幞幞幞幞幞幞幞幞幞幞幞൞ 䘠汩⁥䌢尺獕牥屳整档屡灁䑰瑡屡潌慣屬牐杯慲獭停瑹潨屮祐桴湯ㄳ尲楌屢楳整瀭捡慫敧屳瑳牡敬瑴履業摤敬慷敲扜獡⹥祰Ⱒ氠湩⁥㘱ⰵ椠⁮慣汬湟硥൴ †爠楡敳愠灰敟捸਍†楆敬∠㩃啜敳獲瑜捥慨䅜灰慄慴䱜捯污停潲牧浡屳祐桴湯停瑹潨㍮㈱䱜扩獜瑩ⵥ慰正条獥獜慴汲瑥整浜摩汤睥牡履慢敳瀮≹‬楬敮ㄠㄵ‬湩挠牯൯ †愠慷瑩猠汥⹦灡⡰捳灯ⱥ爠捥楥敶潟彲楤捳湯敮瑣‬敳摮湟彯牥潲⥲਍†楆敬∠㩃啜敳獲瑜捥慨䅜灰慄慴䱜捯污停潲牧浡屳祐桴湯停瑹潨㍮㈱䱜扩獜瑩ⵥ慰正条獥獜慴汲瑥整浜摩汤睥牡履慢敳瀮≹‬楬敮ㄠ㤸‬湩张损污彬ൟ †眠瑩⁨潣汬灡敳敟捸牧畯獰⤨ഺ 䘠汩⁥䌢尺獕牥屳整档屡灁䑰瑡屡潌慣屬牐杯慲獭停瑹潨屮祐桴湯ㄳ尲楌屢潣瑮硥汴扩瀮≹‬楬敮ㄠ㠵‬湩张敟楸彴ൟ †猠汥⹦敧⹮桴潲⡷慶畬⥥਍†楆敬∠㩃啜敳獲瑜捥慨䅜灰慄慴䱜捯污停潲牧浡屳祐桴湯停瑹潨㍮㈱䱜扩獜瑩ⵥ慰正条獥獜慴汲瑥整彜瑵汩⹳祰Ⱒ氠湩⁥㌹‬湩挠汯慬獰彥硥杣潲灵൳ †爠楡敳攠捸਍†楆敬∠㩃啜敳獲瑜捥慨䅜灰慄慴䱜捯污停潲牧浡屳祐桴湯停瑹潨㍮㈱䱜扩獜瑩ⵥ慰正条獥獜慴汲瑥整浜摩汤睥牡履慢敳瀮≹‬楬敮ㄠㄹ‬湩张损污彬ൟ †爠獥潰獮⁥‽睡楡⁴敳晬搮獩慰捴彨畦据爨煥敵瑳‬慣汬湟硥⥴਍†††††††帠幞幞幞幞幞幞幞幞幞幞幞幞幞幞幞幞幞幞幞幞幞൞ 䘠汩⁥䌢尺獕牥屳整档屡湏䑥楲敶䑜獥瑫灯獜污獥愠⁩汰瑡牦浯扜捡敫摮慜灰浜摩汤睥牡履整慮瑮敟普牯散敭瑮瀮≹‬楬敮㔠ⰸ椠⁮楤灳瑡档਍††敲畴湲愠慷瑩挠污彬敮瑸爨煥敵瑳ഩ †††††幞幞幞幞幞幞幞幞幞幞幞幞਍†楆敬∠㩃啜敳獲瑜捥慨䅜灰慄慴䱜捯污停潲牧浡屳祐桴湯停瑹潨㍮㈱䱜扩獜瑩ⵥ慰正条獥獜慴汲瑥整浜摩汤睥牡履慢敳瀮≹‬楬敮ㄠ㔶‬湩挠污彬敮瑸਍††慲獩⁥灡彰硥ൣ 䘠汩⁥䌢尺獕牥屳整档屡灁䑰瑡屡潌慣屬牐杯慲獭停瑹潨屮祐桴湯ㄳ尲楌屢楳整瀭捡慫敧屳瑳牡敬瑴履業摤敬慷敲扜獡⹥祰Ⱒ氠湩⁥㔱ⰱ椠⁮潣潲਍††睡楡⁴敳晬愮灰猨潣数‬敲散癩彥牯摟獩潣湮捥ⱴ猠湥彤潮敟牲牯ഩ 䘠汩⁥䌢尺獕牥屳整档屡灁䑰瑡屡潌慣屬牐杯慲獭停瑹潨屮祐桴湯ㄳ尲楌屢楳整瀭捡慫敧屳瑳牡敬瑴履業摤敬慷敲捜牯⹳祰Ⱒ氠湩⁥㔸‬湩张损污彬ൟ †愠慷瑩猠汥⹦灡⡰捳灯ⱥ爠捥楥敶‬敳摮ഩ 䘠汩⁥䌢尺獕牥屳整档屡灁䑰瑡屡潌慣屬牐杯慲獭停瑹潨屮祐桴湯ㄳ尲楌屢楳整瀭捡慫敧屳瑳牡敬瑴履業摤敬慷敲敜捸灥楴湯⹳祰Ⱒ氠湩⁥㔶‬湩张损污彬ൟ †愠慷瑩眠慲彰灡彰慨摮楬杮敟捸灥楴湯⡳敳晬愮灰‬潣湮⠩捳灯ⱥ爠捥楥敶‬敳摮ഩ 䘠汩⁥䌢尺獕牥屳整档屡灁䑰瑡屡潌慣屬牐杯慲獭停瑹潨屮祐桴湯ㄳ尲楌屢楳整瀭捡慫敧屳瑳牡敬瑴履敟捸灥楴湯桟湡汤牥瀮≹‬楬敮㘠ⰴ椠⁮牷灡数彤灡൰ †爠楡敳攠捸਍†楆敬∠㩃啜敳獲瑜捥慨䅜灰慄慴䱜捯污停潲牧浡屳祐桴湯停瑹潨㍮㈱䱜扩獜瑩ⵥ慰正条獥獜慴汲瑥整彜硥散瑰潩彮慨摮敬⹲祰Ⱒ氠湩⁥㌵‬湩眠慲灰摥慟灰਍††睡楡⁴灡⡰捳灯ⱥ爠捥楥敶‬敳摮牥ഩ 䘠汩⁥䌢尺獕牥屳整档屡灁䑰瑡屡潌慣屬牐杯慲獭停瑹潨屮祐桴湯ㄳ尲楌屢楳整瀭捡慫敧屳瑳牡敬瑴履潲瑵湩⹧祰Ⱒ氠湩⁥㔷ⰶ椠⁮彟慣汬彟਍††睡楡⁴敳晬洮摩汤睥牡彥瑳捡⡫捳灯ⱥ爠捥楥敶‬敳摮ഩ 䘠汩⁥䌢尺獕牥屳整档屡灁䑰瑡屡潌慣屬牐杯慲獭停瑹潨屮祐桴湯ㄳ尲楌屢楳整瀭捡慫敧屳瑳牡敬瑴履潲瑵湩⹧祰Ⱒ氠湩⁥㜷ⰶ椠⁮灡൰ †愠慷瑩爠畯整栮湡汤⡥捳灯ⱥ爠捥楥敶‬敳摮ഩ 䘠汩⁥䌢尺獕牥屳整档屡灁䑰瑡屡潌慣屬牐杯慲獭停瑹潨屮祐桴湯ㄳ尲楌屢楳整瀭捡慫敧屳瑳牡敬瑴履潲瑵湩⹧祰Ⱒ氠湩⁥㤲ⰷ椠⁮慨摮敬਍††睡楡⁴敳晬愮灰猨潣数‬敲散癩ⱥ猠湥⥤਍†楆敬∠㩃啜敳獲瑜捥慨䅜灰慄慴䱜捯污停潲牧浡屳祐桴湯停瑹潨㍮㈱䱜扩獜瑩ⵥ慰正条獥獜慴汲瑥整牜畯楴杮瀮≹‬楬敮㜠ⰷ椠⁮灡൰ †愠慷瑩眠慲彰灡彰慨摮楬杮敟捸灥楴湯⡳灡Ɒ爠煥敵瑳⠩捳灯ⱥ爠捥楥敶‬敳摮ഩ 䘠汩⁥䌢尺獕牥屳整档屡灁䑰瑡屡潌慣屬牐杯慲獭停瑹潨屮祐桴湯ㄳ尲楌屢楳整瀭捡慫敧屳瑳牡敬瑴履敟捸灥楴湯桟湡汤牥瀮≹‬楬敮㘠ⰴ椠⁮牷灡数彤灡൰ †爠楡敳攠捸਍†楆敬∠㩃啜敳獲瑜捥慨䅜灰慄慴䱜捯污停潲牧浡屳祐桴湯停瑹潨㍮㈱䱜扩獜瑩ⵥ慰正条獥獜慴汲瑥整彜硥散瑰潩彮慨摮敬⹲祰Ⱒ氠湩⁥㌵‬湩眠慲灰摥慟灰਍††睡楡⁴灡⡰捳灯ⱥ爠捥楥敶‬敳摮牥ഩ 䘠汩⁥䌢尺獕牥屳整档屡灁䑰瑡屡潌慣屬牐杯慲獭停瑹潨屮祐桴湯ㄳ尲楌屢楳整瀭捡慫敧屳瑳牡敬瑴履潲瑵湩⹧祰Ⱒ氠湩⁥㈷‬湩愠灰਍††敲灳湯敳㴠愠慷瑩映湵⡣敲畱獥⥴਍†††††††帠幞幞幞幞幞幞幞幞幞਍†楆敬∠㩃啜敳獲瑜捥慨䅜灰慄慴䱜捯污停潲牧浡屳祐桴湯停瑹潨㍮㈱䱜扩獜瑩ⵥ慰正条獥晜獡慴楰牜畯楴杮瀮≹‬楬敮㈠㠷‬湩愠灰਍††慲彷敲灳湯敳㴠愠慷瑩爠湵敟摮潰湩彴畦据楴湯ന †††††††††幞幞幞幞幞幞幞幞幞幞幞幞幞幞਍†楆敬∠㩃啜敳獲瑜捥慨䅜灰慄慴䱜捯污停潲牧浡屳祐桴湯停瑹潨㍮㈱䱜扩獜瑩ⵥ慰正条獥晜獡慴楰牜畯楴杮瀮≹‬楬敮ㄠㄹ‬湩爠湵敟摮潰湩彴畦据楴湯਍††敲畴湲愠慷瑩搠灥湥慤瑮挮污⡬⨪慶畬獥ഩ †††††幞幞幞幞幞幞幞幞幞幞幞幞幞幞幞਍†楆敬∠㩃啜敳獲瑜捥慨作敮牄癩履敄歳潴屰慳敬⁳楡瀠慬晴潲屭慢正湥層灡屰灡屩ㅶ敜摮潰湩獴睜牯獫慰散瀮≹‬楬敮㌠ㄴ‬湩朠瑥楟癮湥潴祲桟慥瑬൨ †爠瑥牵⁮潗歲灳捡䕥杮湩⹥敧彴湩敶瑮牯役敨污桴挨浯慰祮楟㵤潣灭湡役摩ഩ †††††幞幞幞幞幞幞幞幞幞幞幞幞幞幞幞幞幞幞幞幞幞幞幞幞幞幞幞幞幞൞吊灹䕥牲牯›潗歲灳捡䕥杮湩⹥敧彴湩敶瑮牯役敨污桴⤨朠瑯愠⁮湵硥数瑣摥欠祥潷摲愠杲浵湥⁴挧浯慰祮楟❤਍਍㉛㈰ⴶ㌰㈭‹〲㌺㨰㜰㘮㠳ㄸ崸嬠䑉愺っ㘴㠵ⵥ㉥㠶㐭㙤ⴹ㍢戹㈭扤㠴㘹敤散崹䔠剒›潮猠捵⁨慴汢㩥戠摵敧獴਍†‫硅散瑰潩⁮片畯⁰牔捡扥捡⁫洨獯⁴敲散瑮挠污⁬慬瑳㨩਍†⁼†楆敬∠㩃啜敳獲瑜捥慨䅜灰慄慴䱜捯污停潲牧浡屳祐桴湯停瑹潨㍮㈱䱜扩獜瑩ⵥ慰正条獥獜慴汲瑥整彜瑵汩⹳祰Ⱒ氠湩⁥㜸‬湩挠汯慬獰彥硥杣潲灵൳ 簠††礠敩摬਍†⁼†楆敬∠㩃啜敳獲瑜捥慨䅜灰慄慴䱜捯污停潲牧浡屳祐桴湯停瑹潨㍮㈱䱜扩獜瑩ⵥ慰正条獥獜慴汲瑥整浜摩汤睥牡履慢敳瀮≹‬楬敮ㄠ〹‬湩张损污彬ൟ 簠††愠祳据眠瑩⁨湡楹⹯牣慥整瑟獡彫牧畯⡰ 獡琠獡彫牧畯㩰਍†⁼†楆敬∠㩃啜敳獲瑜捥慨䅜灰慄慴䱜捯污停潲牧浡屳祐桴湯停瑹潨㍮㈱䱜扩獜瑩ⵥ慰正条獥慜祮潩彜慢正湥獤彜獡湹楣⹯祰Ⱒ氠湩⁥㜶ⰸ椠⁮彟敡楸彴ൟ 簠††爠楡敳䈠獡䕥捸灥楴湯片畯⡰਍†⁼硅散瑰潩䝮潲灵›湵慨摮敬⁤牥潲獲椠⁮⁡慔歳片畯⁰ㄨ猠扵攭捸灥楴湯ഩ ⬠⬭ⴭⴭⴭⴭⴭⴭⴭⴭㄠⴠⴭⴭⴭⴭⴭⴭⴭഭ †簠吠慲散慢正⠠潭瑳爠捥湥⁴慣汬氠獡⥴ഺ †簠†䘠汩⁥䌢尺獕牥屳整档屡灁䑰瑡屡潌慣屬牐杯慲獭停瑹潨屮祐桴湯ㄳ尲楌屢楳整瀭捡慫敧屳瑳牡敬瑴履業摤敬慷敲敜牲牯⹳祰Ⱒ氠湩⁥㘱ⰴ椠⁮彟慣汬彟਍††⁼††睡楡⁴敳晬愮灰猨潣数‬敲散癩ⱥ张敳摮ഩ †簠†䘠汩⁥䌢尺獕牥屳整档屡灁䑰瑡屡潌慣屬牐杯慲獭停瑹潨屮祐桴湯ㄳ尲楌屢楳整瀭捡慫敧屳瑳牡敬瑴履業摤敬慷敲扜獡⹥祰Ⱒ氠湩⁥㠱ⰹ椠⁮彟慣汬彟਍††⁼††楷桴挠汯慬獰彥硥杣潲灵⡳㨩਍††⁼†楆敬∠㩃啜敳獲瑜捥慨䅜灰慄慴䱜捯污停潲牧浡屳祐桴湯停瑹潨㍮㈱䱜扩捜湯整瑸楬⹢祰Ⱒ氠湩⁥㔱ⰸ椠⁮彟硥瑩彟਍††⁼††敳晬朮湥琮牨睯瘨污敵ഩ †簠†䘠汩⁥䌢尺獕牥屳整档屡灁䑰瑡屡潌慣屬牐杯慲獭停瑹潨屮祐桴湯ㄳ尲楌屢楳整瀭捡慫敧屳瑳牡敬瑴履畟楴獬瀮≹‬楬敮㤠ⰳ椠⁮潣汬灡敳敟捸牧畯獰਍††⁼††慲獩⁥硥ൣ †簠†䘠汩⁥䌢尺獕牥屳整档屡灁䑰瑡屡潌慣屬牐杯慲獭停瑹潨屮祐桴湯ㄳ尲楌屢楳整瀭捡慫敧屳瑳牡敬瑴履業摤敬慷敲扜獡⹥祰Ⱒ氠湩⁥㤱ⰱ椠⁮彟慣汬彟਍††⁼††敲灳湯敳㴠愠慷瑩猠汥⹦楤灳瑡档晟湵⡣敲畱獥ⱴ挠污彬敮瑸ഩ †簠††††††††幞幞幞幞幞幞幞幞幞幞幞幞幞幞幞幞幞幞幞幞幞幞਍††⁼†楆敬∠㩃啜敳獲瑜捥慨作敮牄癩履敄歳潴屰慳敬⁳楡瀠慬晴潲屭慢正湥層灡屰業摤敬慷敲牜煥敵瑳损湯整瑸瀮≹‬楬敮㔠ⰶ椠⁮楤灳瑡档਍††⁼††慲獩⁥൥ †簠†䘠汩⁥䌢尺獕牥屳整档屡湏䑥楲敶䑜獥瑫灯獜污獥愠⁩汰瑡牦浯扜捡敫摮慜灰浜摩汤睥牡履敲畱獥彴潣瑮硥⹴祰Ⱒ氠湩⁥〵‬湩搠獩慰捴൨ †簠††爠獥潰獮⁥‽睡楡⁴慣汬湟硥⡴敲畱獥⥴਍††⁼†††††††帠幞幞幞幞幞幞幞幞幞幞幞൞ †簠†䘠汩⁥䌢尺獕牥屳整档屡灁䑰瑡屡潌慣屬牐杯慲獭停瑹潨屮祐桴湯ㄳ尲楌屢楳整瀭捡慫敧屳瑳牡敬瑴履業摤敬慷敲扜獡⹥祰Ⱒ氠湩⁥㘱ⰵ椠⁮慣汬湟硥൴ †簠††爠楡敳愠灰敟捸਍††⁼†楆敬∠㩃啜敳獲瑜捥慨䅜灰慄慴䱜捯污停潲牧浡屳祐桴湯停瑹潨㍮㈱䱜扩獜瑩ⵥ慰正条獥獜慴汲瑥整浜摩汤睥牡履慢敳瀮≹‬楬敮ㄠㄵ‬湩挠牯൯ †簠††愠慷瑩猠汥⹦灡⡰捳灯ⱥ爠捥楥敶潟彲楤捳湯敮瑣‬敳摮湟彯牥潲⥲਍††⁼†楆敬∠㩃啜敳獲瑜捥慨䅜灰慄慴䱜捯污停潲牧浡屳祐桴湯停瑹潨㍮㈱䱜扩獜瑩ⵥ慰正条獥獜慴汲瑥整浜摩汤睥牡履慢敳瀮≹‬楬敮ㄠ㤸‬湩张损污彬ൟ †簠††眠瑩⁨潣汬灡敳敟捸牧畯獰⤨ഺ †簠†䘠汩⁥䌢尺獕牥屳整档屡灁䑰瑡屡潌慣屬牐杯慲獭停瑹潨屮祐桴湯ㄳ尲楌屢潣瑮硥汴扩瀮≹‬楬敮ㄠ㠵‬湩张敟楸彴ൟ †簠††猠汥⹦敧⹮桴潲⡷慶畬⥥਍††⁼†楆敬∠㩃啜敳獲瑜捥慨䅜灰慄慴䱜捯污停潲牧浡屳祐桴湯停瑹潨㍮㈱䱜扩獜瑩ⵥ慰正条獥獜慴汲瑥整彜瑵汩⹳祰Ⱒ氠湩⁥㌹‬湩挠汯慬獰彥硥杣潲灵൳ †簠††爠楡敳攠捸਍††⁼†楆敬∠㩃啜敳獲瑜捥慨䅜灰慄慴䱜捯污停潲牧浡屳祐桴湯停瑹潨㍮㈱䱜扩獜瑩ⵥ慰正条獥獜慴汲瑥整浜摩汤睥牡履慢敳瀮≹‬楬敮ㄠㄹ‬湩张损污彬ൟ †簠††爠獥潰獮⁥‽睡楡⁴敳晬搮獩慰捴彨畦据爨煥敵瑳‬慣汬湟硥⥴਍††⁼†††††††帠幞幞幞幞幞幞幞幞幞幞幞幞幞幞幞幞幞幞幞幞幞൞ †簠†䘠汩⁥䌢尺獕牥屳整档屡湏䑥楲敶䑜獥瑫灯獜污獥愠⁩汰瑡牦浯扜捡敫摮慜灰浜摩汤睥牡履敳畣楲祴瀮≹‬楬敮㈠㈳‬湩搠獩慰捴൨ †簠††爠獥潰獮⁥‽睡楡⁴慣汬湟硥⡴敲畱獥⥴਍††⁼†††††††帠幞幞幞幞幞幞幞幞幞幞幞൞ †簠†䘠汩⁥䌢尺獕牥屳整档屡灁䑰瑡屡潌慣屬牐杯慲獭停瑹潨屮祐桴湯ㄳ尲楌屢楳整瀭捡慫敧屳瑳牡敬瑴履業摤敬慷敲扜獡⹥祰Ⱒ氠湩⁥㘱ⰵ椠⁮慣汬湟硥൴ †簠††爠楡敳愠灰敟捸਍††⁼†楆敬∠㩃啜敳獲瑜捥慨䅜灰慄慴䱜捯污停潲牧浡屳祐桴湯停瑹潨㍮㈱䱜扩獜瑩ⵥ慰正条獥獜慴汲瑥整浜摩汤睥牡履慢敳瀮≹‬楬敮ㄠㄵ‬湩挠牯൯ †簠††愠慷瑩猠汥⹦灡⡰捳灯ⱥ爠捥楥敶潟彲楤捳湯敮瑣‬敳摮湟彯牥潲⥲਍††⁼†楆敬∠㩃啜敳獲瑜捥慨䅜灰慄慴䱜捯污停潲牧浡屳祐桴湯停瑹潨㍮㈱䱜扩獜瑩ⵥ慰正条獥獜慴汲瑥整浜摩汤睥牡履慢敳瀮≹‬楬敮ㄠ㤸‬湩张损污彬ൟ †簠††眠瑩⁨潣汬灡敳敟捸牧畯獰⤨ഺ †簠†䘠汩⁥䌢尺獕牥屳整档屡灁䑰瑡屡潌慣屬牐杯慲獭停瑹潨屮祐桴湯ㄳ尲楌屢潣瑮硥汴扩瀮≹‬楬敮ㄠ㠵‬湩张敟楸彴ൟ †簠††猠汥⹦敧⹮桴潲⡷慶畬⥥਍††⁼†楆敬∠㩃啜敳獲瑜捥慨䅜灰慄慴䱜捯污停潲牧浡屳祐桴湯停瑹潨㍮㈱䱜扩獜瑩ⵥ慰正条獥獜慴汲瑥整彜瑵汩⹳祰Ⱒ氠湩⁥㌹‬湩挠汯慬獰彥硥杣潲灵൳ †簠††爠楡敳攠捸਍††⁼†楆敬∠㩃啜敳獲瑜捥慨䅜灰慄慴䱜捯污停潲牧浡屳祐桴湯停瑹潨㍮㈱䱜扩獜瑩ⵥ慰正条獥獜慴汲瑥整浜摩汤睥牡履慢敳瀮≹‬楬敮ㄠㄹ‬湩张损污彬ൟ †簠††爠獥潰獮⁥‽睡楡⁴敳晬搮獩慰捴彨畦据爨煥敵瑳‬慣汬湟硥⥴਍††⁼†††††††帠幞幞幞幞幞幞幞幞幞幞幞幞幞幞幞幞幞幞幞幞幞൞ †簠†䘠汩⁥䌢尺獕牥屳整档屡湏䑥楲敶䑜獥瑫灯獜污獥愠⁩汰瑡牦浯扜捡敫摮慜灰浜摩汤睥牡履敳畣楲祴瀮≹‬楬敮㈠㜱‬湩搠獩慰捴൨ †簠††爠獥潰獮⁥‽睡楡⁴慣汬湟硥⡴敲畱獥⥴਍††⁼†††††††帠幞幞幞幞幞幞幞幞幞幞幞൞ †簠†䘠汩⁥䌢尺獕牥屳整档屡灁䑰瑡屡潌慣屬牐杯慲獭停瑹潨屮祐桴湯ㄳ尲楌屢楳整瀭捡慫敧屳瑳牡敬瑴履業摤敬慷敲扜獡⹥祰Ⱒ氠湩⁥㘱ⰵ椠⁮慣汬湟硥൴ †簠††爠楡敳愠灰敟捸਍††⁼†楆敬∠㩃啜敳獲瑜捥慨䅜灰慄慴䱜捯污停潲牧浡屳祐桴湯停瑹潨㍮㈱䱜扩獜瑩ⵥ慰正条獥獜慴汲瑥整浜摩汤睥牡履慢敳瀮≹‬楬敮ㄠㄵ‬湩挠牯൯ †簠††愠慷瑩猠汥⹦灡⡰捳灯ⱥ爠捥楥敶潟彲楤捳湯敮瑣‬敳摮湟彯牥潲⥲਍††⁼†楆敬∠㩃啜敳獲瑜捥慨䅜灰慄慴䱜捯污停潲牧浡屳祐桴湯停瑹潨㍮㈱䱜扩獜瑩ⵥ慰正条獥獜慴汲瑥整浜摩汤睥牡履慢敳瀮≹‬楬敮ㄠ㤸‬湩张损污彬ൟ †簠††眠瑩⁨潣汬灡敳敟捸牧畯獰⤨ഺ †簠†䘠汩⁥䌢尺獕牥屳整档屡灁䑰瑡屡潌慣屬牐杯慲獭停瑹潨屮祐桴湯ㄳ尲楌屢潣瑮硥汴扩瀮≹‬楬敮ㄠ㠵‬湩张敟楸彴ൟ †簠††猠汥⹦敧⹮桴潲⡷慶畬⥥਍††⁼†楆敬∠㩃啜敳獲瑜捥慨䅜灰慄慴䱜捯污停潲牧浡屳祐桴湯停瑹潨㍮㈱䱜扩獜瑩ⵥ慰正条獥獜慴汲瑥整彜瑵汩⹳祰Ⱒ氠湩⁥㌹‬湩挠汯慬獰彥硥杣潲灵൳ †簠††爠楡敳攠捸਍††⁼†楆敬∠㩃啜敳獲瑜捥慨䅜灰慄慴䱜捯污停潲牧浡屳祐桴湯停瑹潨㍮㈱䱜扩獜瑩ⵥ慰正条獥獜慴汲瑥整浜摩汤睥牡履慢敳瀮≹‬楬敮ㄠㄹ‬湩张损污彬ൟ †簠††爠獥潰獮⁥‽睡楡⁴敳晬搮獩慰捴彨畦据爨煥敵瑳‬慣汬湟硥⥴਍††⁼†††††††帠幞幞幞幞幞幞幞幞幞幞幞幞幞幞幞幞幞幞幞幞幞൞ †簠†䘠汩⁥䌢尺獕牥屳整档屡湏䑥楲敶䑜獥瑫灯獜污獥愠⁩汰瑡牦浯扜捡敫摮慜灰浜摩汤睥牡履整慮瑮敟普牯散敭瑮瀮≹‬楬敮㔠ⰸ椠⁮楤灳瑡档਍††⁼††敲畴湲愠慷瑩挠污彬敮瑸爨煥敵瑳ഩ †簠††††††幞幞幞幞幞幞幞幞幞幞幞幞਍††⁼†楆敬∠㩃啜敳獲瑜捥慨䅜灰慄慴䱜捯污停潲牧浡屳祐桴湯停瑹潨㍮㈱䱜扩獜瑩ⵥ慰正条獥獜慴汲瑥整浜摩汤睥牡履慢敳瀮≹‬楬敮ㄠ㔶‬湩挠污彬敮瑸਍††⁼††慲獩⁥灡彰硥ൣ †簠†䘠汩⁥䌢尺獕牥屳整档屡灁䑰瑡屡潌慣屬牐杯慲獭停瑹潨屮祐桴湯ㄳ尲楌屢楳整瀭捡慫敧屳瑳牡敬瑴履業摤敬慷敲扜獡⹥祰Ⱒ氠湩⁥㔱ⰱ椠⁮潣潲਍††⁼††睡楡⁴敳晬愮灰猨潣数‬敲散癩彥牯摟獩潣湮捥ⱴ猠湥彤潮敟牲牯ഩ †簠†䘠汩⁥䌢尺獕牥屳整档屡灁䑰瑡屡潌慣屬牐杯慲獭停瑹潨屮祐桴湯ㄳ尲楌屢楳整瀭捡慫敧屳瑳牡敬瑴履業摤敬慷敲捜牯⹳祰Ⱒ氠湩⁥㔸‬湩张损污彬ൟ †簠††愠慷瑩猠汥⹦灡⡰捳灯ⱥ爠捥楥敶‬敳摮ഩ †簠†䘠汩⁥䌢尺獕牥屳整档屡灁䑰瑡屡潌慣屬牐杯慲獭停瑹潨屮祐桴湯ㄳ尲楌屢楳整瀭捡慫敧屳瑳牡敬瑴履業摤敬慷敲敜捸灥楴湯⹳祰Ⱒ氠湩⁥㔶‬湩张损污彬ൟ †簠††愠慷瑩眠慲彰灡彰慨摮楬杮敟捸灥楴湯⡳敳晬愮灰‬潣湮⠩捳灯ⱥ爠捥楥敶‬敳摮ഩ †簠†䘠汩⁥䌢尺獕牥屳整档屡灁䑰瑡屡潌慣屬牐杯慲獭停瑹潨屮祐桴湯ㄳ尲楌屢楳整瀭捡慫敧屳瑳牡敬瑴履敟捸灥楴湯桟湡汤牥瀮≹‬楬敮㘠ⰴ椠⁮牷灡数彤灡൰ †簠††爠楡敳攠捸਍††⁼†楆敬∠㩃啜敳獲瑜捥慨䅜灰慄慴䱜捯污停潲牧浡屳祐桴湯停瑹潨㍮㈱䱜扩獜瑩ⵥ慰正条獥獜慴汲瑥整彜硥散瑰潩彮慨摮敬⹲祰Ⱒ氠湩⁥㌵‬湩眠慲灰摥慟灰਍††⁼††睡楡⁴灡⡰捳灯ⱥ爠捥楥敶‬敳摮牥ഩ †簠†䘠汩⁥䌢尺獕牥屳整档屡灁䑰瑡屡潌慣屬牐杯慲獭停瑹潨屮祐桴湯ㄳ尲楌屢楳整瀭捡慫敧屳瑳牡敬瑴履潲瑵湩⹧祰Ⱒ氠湩⁥㔷ⰶ椠⁮彟慣汬彟਍††⁼††睡楡⁴敳晬洮摩汤睥牡彥瑳捡⡫捳灯ⱥ爠捥楥敶‬敳摮ഩ †簠†䘠汩⁥䌢尺獕牥屳整档屡灁䑰瑡屡潌慣屬牐杯慲獭停瑹潨屮祐桴湯ㄳ尲楌屢楳整瀭捡慫敧屳瑳牡敬瑴履潲瑵湩⹧祰Ⱒ氠湩⁥㜷ⰶ椠⁮灡൰ †簠††愠慷瑩爠畯整栮湡汤⡥捳灯ⱥ爠捥楥敶‬敳摮ഩ †簠†䘠汩⁥䌢尺獕牥屳整档屡灁䑰瑡屡潌慣屬牐杯慲獭停瑹潨屮祐桴湯ㄳ尲楌屢楳整瀭捡慫敧屳瑳牡敬瑴履潲瑵湩⹧祰Ⱒ氠湩⁥㤲ⰷ椠⁮慨摮敬਍††⁼††睡楡⁴敳晬愮灰猨潣数‬敲散癩ⱥ猠湥⥤਍††⁼†楆敬∠㩃啜敳獲瑜捥慨䅜灰慄慴䱜捯污停潲牧浡屳祐桴湯停瑹潨㍮㈱䱜扩獜瑩ⵥ慰正条獥獜慴汲瑥整牜畯楴杮瀮≹‬楬敮㜠ⰷ椠⁮灡൰ †簠††愠慷瑩眠慲彰灡彰慨摮楬杮敟捸灥楴湯⡳灡Ɒ爠煥敵瑳⠩捳灯ⱥ爠捥楥敶‬敳摮ഩ †簠†䘠汩⁥䌢尺獕牥屳整档屡灁䑰瑡屡潌慣屬牐杯慲獭停瑹潨屮祐桴湯ㄳ尲楌屢楳整瀭捡慫敧屳瑳牡敬瑴履敟捸灥楴湯桟湡汤牥瀮≹‬楬敮㘠ⰴ椠⁮牷灡数彤灡൰ †簠††爠楡敳攠捸਍††⁼†楆敬∠㩃啜敳獲瑜捥慨䅜灰慄慴䱜捯污停潲牧浡屳祐桴湯停瑹潨㍮㈱䱜扩獜瑩ⵥ慰正条獥獜慴汲瑥整彜硥散瑰潩彮慨摮敬⹲祰Ⱒ氠湩⁥㌵‬湩眠慲灰摥慟灰਍††⁼††睡楡⁴灡⡰捳灯ⱥ爠捥楥敶‬敳摮牥ഩ †簠†䘠汩⁥䌢尺獕牥屳整档屡灁䑰瑡屡潌慣屬牐杯慲獭停瑹潨屮祐桴湯ㄳ尲楌屢楳整瀭捡慫敧屳瑳牡敬瑴履潲瑵湩⹧祰Ⱒ氠湩⁥㈷‬湩愠灰਍††⁼††敲灳湯敳㴠愠慷瑩映湵⡣敲畱獥⥴਍††⁼†††††††帠幞幞幞幞幞幞幞幞幞਍††⁼†楆敬∠㩃啜敳獲瑜捥慨䅜灰慄慴䱜捯污停潲牧浡屳祐桴湯停瑹潨㍮㈱䱜扩獜瑩ⵥ慰正条獥晜獡慴楰牜畯楴杮瀮≹‬楬敮㈠㠷‬湩愠灰਍††⁼††慲彷敲灳湯敳㴠愠慷瑩爠湵敟摮潰湩彴畦据楴湯ന †簠††††††††††幞幞幞幞幞幞幞幞幞幞幞幞幞幞਍††⁼†楆敬∠㩃啜敳獲瑜捥慨䅜灰慄慴䱜捯污停潲牧浡屳祐桴湯停瑹潨㍮㈱䱜扩獜瑩ⵥ慰正条獥晜獡慴楰牜畯楴杮瀮≹‬楬敮ㄠㄹ‬湩爠湵敟摮潰湩彴畦据楴湯਍††⁼††敲畴湲愠慷瑩搠灥湥慤瑮挮污⡬⨪慶畬獥ഩ †簠††††††幞幞幞幞幞幞幞幞幞幞幞幞幞幞幞਍††⁼†楆敬∠㩃啜敳獲瑜捥慨作敮牄癩履敄歳潴屰慳敬⁳楡瀠慬晴潲屭慢正湥層灡屰潲瑵獥浜獩楳杮牟畯整⹳祰Ⱒ氠湩⁥〱㤲‬湩氠獩彴楦慮据彥畢杤瑥൳ †簠††戠摵敧獴㴠搠形畱牥⡹匢䱅䍅⁔‪剆䵏戠摵敧獴圠䕈䕒挠浯慰祮楟⁤‽‿剏䕄⁒奂映獩慣彬敹牡䐠卅≃‬挨浯慰祮楟Ɽ⤩਍††⁼†††††††幞幞幞幞幞幞幞幞幞幞幞幞幞幞幞幞幞幞幞幞幞幞幞幞幞幞幞幞幞幞幞幞幞幞幞幞幞幞幞幞幞幞幞幞幞幞幞൞ †簠†䘠汩⁥䌢尺獕牥屳整档屡湏䑥楲敶䑜獥瑫灯獜污獥愠⁩汰瑡牦浯扜捡敫摮慜灰牜畯整屳業獳湩彧潲瑵獥瀮≹‬楬敮㜠ⰶ椠⁮扤煟敵祲਍††⁼††慲獩⁥൥ †簠†䘠汩⁥䌢尺獕牥屳整档屡湏䑥楲敶䑜獥瑫灯獜污獥愠⁩汰瑡牦浯扜捡敫摮慜灰牜畯整屳業獳湩彧潲瑵獥瀮≹‬楬敮㘠ⰹ椠⁮扤煟敵祲਍††⁼††畣⹲硥捥瑵⡥畱牥ⱹ愠杲⥳਍††⁼煳楬整⸳灏牥瑡潩慮䕬牲牯›潮猠捵⁨慴汢㩥戠摵敧獴਍††⴫ⴭⴭⴭⴭⴭⴭⴭⴭⴭⴭⴭⴭⴭⴭⴭⴭⴭഭഊ䐊牵湩⁧慨摮楬杮漠⁦桴⁥扡癯⁥硥散瑰潩Ɱ愠潮桴牥攠捸灥楴湯漠捣牵敲㩤਍਍牔捡扥捡⁫洨獯⁴敲散瑮挠污⁬慬瑳㨩਍†楆敬∠㩃啜敳獲瑜捥慨䅜灰慄慴䱜捯污停潲牧浡屳祐桴湯停瑹潨㍮㈱䱜扩獜瑩ⵥ慰正条獥獜慴汲瑥整浜摩汤睥牡履牥潲獲瀮≹‬楬敮ㄠ㐶‬湩张损污彬ൟ †愠慷瑩猠汥⹦灡⡰捳灯ⱥ爠捥楥敶‬獟湥⥤਍†楆敬∠㩃啜敳獲瑜捥慨䅜灰慄慴䱜捯污停潲牧浡屳祐桴湯停瑹潨㍮㈱䱜扩獜瑩ⵥ慰正条獥獜慴汲瑥整浜摩汤睥牡履慢敳瀮≹‬楬敮ㄠ㤸‬湩张损污彬ൟ †眠瑩⁨潣汬灡敳敟捸牧畯獰⤨ഺ 䘠汩⁥䌢尺獕牥屳整档屡灁䑰瑡屡潌慣屬牐杯慲獭停瑹潨屮祐桴湯ㄳ尲楌屢潣瑮硥汴扩瀮≹‬楬敮ㄠ㠵‬湩张敟楸彴ൟ †猠汥⹦敧⹮桴潲⡷慶畬⥥਍†楆敬∠㩃啜敳獲瑜捥慨䅜灰慄慴䱜捯污停潲牧浡屳祐桴湯停瑹潨㍮㈱䱜扩獜瑩ⵥ慰正条獥獜慴汲瑥整彜瑵汩⹳祰Ⱒ氠湩⁥㌹‬湩挠汯慬獰彥硥杣潲灵൳ †爠楡敳攠捸਍†楆敬∠㩃啜敳獲瑜捥慨䅜灰慄慴䱜捯污停潲牧浡屳祐桴湯停瑹潨㍮㈱䱜扩獜瑩ⵥ慰正条獥獜慴汲瑥整浜摩汤睥牡履慢敳瀮≹‬楬敮ㄠㄹ‬湩张损污彬ൟ †爠獥潰獮⁥‽睡楡⁴敳晬搮獩慰捴彨畦据爨煥敵瑳‬慣汬湟硥⥴਍†††††††帠幞幞幞幞幞幞幞幞幞幞幞幞幞幞幞幞幞幞幞幞幞൞ 䘠汩⁥䌢尺獕牥屳整档屡湏䑥楲敶䑜獥瑫灯獜污獥愠⁩汰瑡牦浯扜捡敫摮慜灰浜摩汤睥牡履敲畱獥彴潣瑮硥⹴祰Ⱒ氠湩⁥㘵‬湩搠獩慰捴൨ †爠楡敳攠਍†楆敬∠㩃啜敳獲瑜捥慨作敮牄癩履敄歳潴屰慳敬⁳楡瀠慬晴潲屭慢正湥層灡屰業摤敬慷敲牜煥敵瑳损湯整瑸瀮≹‬楬敮㔠ⰰ椠⁮楤灳瑡档਍††敲灳湯敳㴠愠慷瑩挠污彬敮瑸爨煥敵瑳ഩ †††††††幞幞幞幞幞幞幞幞幞幞幞幞਍†楆敬∠㩃啜敳獲瑜捥慨䅜灰慄慴䱜捯污停潲牧浡屳祐桴湯停瑹潨㍮㈱䱜扩獜瑩ⵥ慰正条獥獜慴汲瑥整浜摩汤睥牡履慢敳瀮≹‬楬敮ㄠ㔶‬湩挠污彬敮瑸਍††慲獩⁥灡彰硥ൣ 䘠汩⁥䌢尺獕牥屳整档屡灁䑰瑡屡潌慣屬牐杯慲獭停瑹潨屮祐桴湯ㄳ尲楌屢楳整瀭捡慫敧屳瑳牡敬瑴履業摤敬慷敲扜獡⹥祰Ⱒ氠湩⁥㔱ⰱ椠⁮潣潲਍††睡楡⁴敳晬愮灰猨潣数‬敲散癩彥牯摟獩潣湮捥ⱴ猠湥彤潮敟牲牯ഩ 䘠汩⁥䌢尺獕牥屳整档屡灁䑰瑡屡潌慣屬牐杯慲獭停瑹潨屮祐桴湯ㄳ尲楌屢楳整瀭捡慫敧屳瑳牡敬瑴履業摤敬慷敲扜獡⹥祰Ⱒ氠湩⁥㠱ⰹ椠⁮彟慣汬彟਍††楷桴挠汯慬獰彥硥杣潲灵⡳㨩਍†楆敬∠㩃啜敳獲瑜捥慨䅜灰慄慴䱜捯污停潲牧浡屳祐桴湯停瑹潨㍮㈱䱜扩捜湯整瑸楬⹢祰Ⱒ氠湩⁥㔱ⰸ椠⁮彟硥瑩彟਍††敳晬朮湥琮牨睯瘨污敵ഩ 䘠汩⁥䌢尺獕牥屳整档屡灁䑰瑡屡潌慣屬牐杯慲獭停瑹潨屮祐桴湯ㄳ尲楌屢楳整瀭捡慫敧屳瑳牡敬瑴履畟楴獬瀮≹‬楬敮㤠ⰳ椠⁮潣汬灡敳敟捸牧畯獰਍††慲獩⁥硥ൣ 䘠汩⁥䌢尺獕牥屳整档屡灁䑰瑡屡潌慣屬牐杯慲獭停瑹潨屮祐桴湯ㄳ尲楌屢楳整瀭捡慫敧屳瑳牡敬瑴履業摤敬慷敲扜獡⹥祰Ⱒ氠湩⁥㤱ⰱ椠⁮彟慣汬彟਍††敲灳湯敳㴠愠慷瑩猠汥⹦楤灳瑡档晟湵⡣敲畱獥ⱴ挠污彬敮瑸ഩ †††††††幞幞幞幞幞幞幞幞幞幞幞幞幞幞幞幞幞幞幞幞幞幞਍†楆敬∠㩃啜敳獲瑜捥慨作敮牄癩履敄歳潴屰慳敬⁳楡瀠慬晴潲屭慢正湥層灡屰業摤敬慷敲獜捥牵瑩⹹祰Ⱒ氠湩⁥㌲ⰲ椠⁮楤灳瑡档਍††敲灳湯敳㴠愠慷瑩挠污彬敮瑸爨煥敵瑳ഩ †††††††幞幞幞幞幞幞幞幞幞幞幞幞਍†楆敬∠㩃啜敳獲瑜捥慨䅜灰慄慴䱜捯污停潲牧浡屳祐桴湯停瑹潨㍮㈱䱜扩獜瑩ⵥ慰正条獥獜慴汲瑥整浜摩汤睥牡履慢敳瀮≹‬楬敮ㄠ㔶‬湩挠污彬敮瑸਍††慲獩⁥灡彰硥ൣ 䘠汩⁥䌢尺獕牥屳整档屡灁䑰瑡屡潌慣屬牐杯慲獭停瑹潨屮祐桴湯ㄳ尲楌屢楳整瀭捡慫敧屳瑳牡敬瑴履業摤敬慷敲扜獡⹥祰Ⱒ氠湩⁥㔱ⰱ椠⁮潣潲਍††睡楡⁴敳晬愮灰猨潣数‬敲散癩彥牯摟獩潣湮捥ⱴ猠湥彤潮敟牲牯ഩ 䘠汩⁥䌢尺獕牥屳整档屡灁䑰瑡屡潌慣屬牐杯慲獭停瑹潨屮祐桴湯ㄳ尲楌屢楳整瀭捡慫敧屳瑳牡敬瑴履業摤敬慷敲扜獡⹥祰Ⱒ氠湩⁥㠱ⰹ椠⁮彟慣汬彟਍††楷桴挠汯慬獰彥硥杣潲灵⡳㨩਍†楆敬∠㩃啜敳獲瑜捥慨䅜灰慄慴䱜捯污停潲牧浡屳祐桴湯停瑹潨㍮㈱䱜扩捜湯整瑸楬⹢祰Ⱒ氠湩⁥㔱ⰸ椠⁮彟硥瑩彟਍††敳晬朮湥琮牨睯瘨污敵ഩ 䘠汩⁥䌢尺獕牥屳整档屡灁䑰瑡屡潌慣屬牐杯慲獭停瑹潨屮祐桴湯ㄳ尲楌屢楳整瀭捡慫敧屳瑳牡敬瑴履畟楴獬瀮≹‬楬敮㤠ⰳ椠⁮潣汬灡敳敟捸牧畯獰਍††慲獩⁥硥ൣ 䘠汩⁥䌢尺獕牥屳整档屡灁䑰瑡屡潌慣屬牐杯慲獭停瑹潨屮祐桴湯ㄳ尲楌屢楳整瀭捡慫敧屳瑳牡敬瑴履業摤敬慷敲扜獡⹥祰Ⱒ氠湩⁥㤱ⰱ椠⁮彟慣汬彟਍††敲灳湯敳㴠愠慷瑩猠汥⹦楤灳瑡档晟湵⡣敲畱獥ⱴ挠污彬敮瑸ഩ †††††††幞幞幞幞幞幞幞幞幞幞幞幞幞幞幞幞幞幞幞幞幞幞਍†楆敬∠㩃啜敳獲瑜捥慨作敮牄癩履敄歳潴屰慳敬⁳楡瀠慬晴潲屭慢正湥層灡屰業摤敬慷敲獜捥牵瑩⹹祰Ⱒ氠湩⁥ㄲⰷ椠⁮楤灳瑡档਍††敲灳湯敳㴠愠慷瑩挠污彬敮瑸爨煥敵瑳ഩ †††††††幞幞幞幞幞幞幞幞幞幞幞幞਍†楆敬∠㩃啜敳獲瑜捥慨䅜灰慄慴䱜捯污停潲牧浡屳祐桴湯停瑹潨㍮㈱䱜扩獜瑩ⵥ慰正条獥獜慴汲瑥整浜摩汤睥牡履慢敳瀮≹‬楬敮ㄠ㔶‬湩挠污彬敮瑸਍††慲獩⁥灡彰硥ൣ 䘠汩⁥䌢尺獕牥屳整档屡灁䑰瑡屡潌慣屬牐杯慲獭停瑹潨屮祐桴湯ㄳ尲楌屢楳整瀭捡慫敧屳瑳牡敬瑴履業摤敬慷敲扜獡⹥祰Ⱒ氠湩⁥㔱ⰱ椠⁮潣潲਍††睡楡⁴敳晬愮灰猨潣数‬敲散癩彥牯摟獩潣湮捥ⱴ猠湥彤潮敟牲牯ഩ 䘠汩⁥䌢尺獕牥屳整档屡灁䑰瑡屡潌慣屬牐杯慲獭停瑹潨屮祐桴湯ㄳ尲楌屢楳整瀭捡慫敧屳瑳牡敬瑴履業摤敬慷敲扜獡⹥祰Ⱒ氠湩⁥㠱ⰹ椠⁮彟慣汬彟਍††楷桴挠汯慬獰彥硥杣潲灵⡳㨩਍†楆敬∠㩃啜敳獲瑜捥慨䅜灰慄慴䱜捯污停潲牧浡屳祐桴湯停瑹潨㍮㈱䱜扩捜湯整瑸楬⹢祰Ⱒ氠湩⁥㔱ⰸ椠⁮彟硥瑩彟਍††敳晬朮湥琮牨睯瘨污敵ഩ 䘠汩⁥䌢尺獕牥屳整档屡灁䑰瑡屡潌慣屬牐杯慲獭停瑹潨屮祐桴湯ㄳ尲楌屢楳整瀭捡慫敧屳瑳牡敬瑴履畟楴獬瀮≹‬楬敮㤠ⰳ椠⁮潣汬灡敳敟捸牧畯獰਍††慲獩⁥硥ൣ 䘠汩⁥䌢尺獕牥屳整档屡灁䑰瑡屡潌慣屬牐杯慲獭停瑹潨屮祐桴湯ㄳ尲楌屢楳整瀭捡慫敧屳瑳牡敬瑴履業摤敬慷敲扜獡⹥祰Ⱒ氠湩⁥㤱ⰱ椠⁮彟慣汬彟਍††敲灳湯敳㴠愠慷瑩猠汥⹦楤灳瑡档晟湵⡣敲畱獥ⱴ挠污彬敮瑸ഩ †††††††幞幞幞幞幞幞幞幞幞幞幞幞幞幞幞幞幞幞幞幞幞幞਍†楆敬∠㩃啜敳獲瑜捥慨作敮牄癩履敄歳潴屰慳敬⁳楡瀠慬晴潲屭慢正湥層灡屰業摤敬慷敲瑜湥湡彴湥潦捲浥湥⹴祰Ⱒ氠湩⁥㠵‬湩搠獩慰捴൨ †爠瑥牵⁮睡楡⁴慣汬湟硥⡴敲畱獥⥴਍†††††帠幞幞幞幞幞幞幞幞幞幞幞൞ 䘠汩⁥䌢尺獕牥屳整档屡灁䑰瑡屡潌慣屬牐杯慲獭停瑹潨屮祐桴湯ㄳ尲楌屢楳整瀭捡慫敧屳瑳牡敬瑴履業摤敬慷敲扜獡⹥祰Ⱒ氠湩⁥㘱ⰵ椠⁮慣汬湟硥൴ †爠楡敳愠灰敟捸਍†楆敬∠㩃啜敳獲瑜捥慨䅜灰慄慴䱜捯污停潲牧浡屳祐桴湯停瑹潨㍮㈱䱜扩獜瑩ⵥ慰正条獥獜慴汲瑥整浜摩汤睥牡履慢敳瀮≹‬楬敮ㄠㄵ‬湩挠牯൯ †愠慷瑩猠汥⹦灡⡰捳灯ⱥ爠捥楥敶潟彲楤捳湯敮瑣‬敳摮湟彯牥潲⥲਍†楆敬∠㩃啜敳獲瑜捥慨䅜灰慄慴䱜捯污停潲牧浡屳祐桴湯停瑹潨㍮㈱䱜扩獜瑩ⵥ慰正条獥獜慴汲瑥整浜摩汤睥牡履潣獲瀮≹‬楬敮㠠ⰵ椠⁮彟慣汬彟਍††睡楡⁴敳晬愮灰猨潣数‬敲散癩ⱥ猠湥⥤਍†楆敬∠㩃啜敳獲瑜捥慨䅜灰慄慴䱜捯污停潲牧浡屳祐桴湯停瑹潨㍮㈱䱜扩獜瑩ⵥ慰正条獥獜慴汲瑥整浜摩汤睥牡履硥散瑰潩獮瀮≹‬楬敮㘠ⰵ椠⁮彟慣汬彟਍††睡楡⁴牷灡慟灰桟湡汤湩彧硥散瑰潩獮猨汥⹦灡Ɒ挠湯⥮猨潣数‬敲散癩ⱥ猠湥⥤਍†楆敬∠㩃啜敳獲瑜捥慨䅜灰慄慴䱜捯污停潲牧浡屳祐桴湯停瑹潨㍮㈱䱜扩獜瑩ⵥ慰正条獥獜慴汲瑥整彜硥散瑰潩彮慨摮敬⹲祰Ⱒ氠湩⁥㐶‬湩眠慲灰摥慟灰਍††慲獩⁥硥ൣ 䘠汩⁥䌢尺獕牥屳整档屡灁䑰瑡屡潌慣屬牐杯慲獭停瑹潨屮祐桴湯ㄳ尲楌屢楳整瀭捡慫敧屳瑳牡敬瑴履敟捸灥楴湯桟湡汤牥瀮≹‬楬敮㔠ⰳ椠⁮牷灡数彤灡൰ †愠慷瑩愠灰猨潣数‬敲散癩ⱥ猠湥敤⥲਍†楆敬∠㩃啜敳獲瑜捥慨䅜灰慄慴䱜捯污停潲牧浡屳祐桴湯停瑹潨㍮㈱䱜扩獜瑩ⵥ慰正条獥獜慴汲瑥整牜畯楴杮瀮≹‬楬敮㜠㘵‬湩张损污彬ൟ †愠慷瑩猠汥⹦業摤敬慷敲獟慴正猨潣数‬敲散癩ⱥ猠湥⥤਍†楆敬∠㩃啜敳獲瑜捥慨䅜灰慄慴䱜捯污停潲牧浡屳祐桴湯停瑹潨㍮㈱䱜扩獜瑩ⵥ慰正条獥獜慴汲瑥整牜畯楴杮瀮≹‬楬敮㜠㘷‬湩愠灰਍††睡楡⁴潲瑵⹥慨摮敬猨潣数‬敲散癩ⱥ猠湥⥤਍†楆敬∠㩃啜敳獲瑜捥慨䅜灰慄慴䱜捯污停潲牧浡屳祐桴湯停瑹潨㍮㈱䱜扩獜瑩ⵥ慰正条獥獜慴汲瑥整牜畯楴杮瀮≹‬楬敮㈠㜹‬湩栠湡汤൥ †愠慷瑩猠汥⹦灡⡰捳灯ⱥ爠捥楥敶‬敳摮ഩ 䘠汩⁥䌢尺獕牥屳整档屡灁䑰瑡屡潌慣屬牐杯慲獭停瑹潨屮祐桴湯ㄳ尲楌屢楳整瀭捡慫敧屳瑳牡敬瑴履潲瑵湩⹧祰Ⱒ氠湩⁥㜷‬湩愠灰਍††睡楡⁴牷灡慟灰桟湡汤湩彧硥散瑰潩獮愨灰‬敲畱獥⥴猨潣数‬敲散癩ⱥ猠湥⥤਍†楆敬∠㩃啜敳獲瑜捥慨䅜灰慄慴䱜捯污停潲牧浡屳祐桴湯停瑹潨㍮㈱䱜扩獜瑩ⵥ慰正条獥獜慴汲瑥整彜硥散瑰潩彮慨摮敬⹲祰Ⱒ氠湩⁥㐶‬湩眠慲灰摥慟灰਍††慲獩⁥硥ൣ 䘠汩⁥䌢尺獕牥屳整档屡灁䑰瑡屡潌慣屬牐杯慲獭停瑹潨屮祐桴湯ㄳ尲楌屢楳整瀭捡慫敧屳瑳牡敬瑴履敟捸灥楴湯桟湡汤牥瀮≹‬楬敮㔠ⰳ椠⁮牷灡数彤灡൰ †愠慷瑩愠灰猨潣数‬敲散癩ⱥ猠湥敤⥲਍†楆敬∠㩃啜敳獲瑜捥慨䅜灰慄慴䱜捯污停潲牧浡屳祐桴湯停瑹潨㍮㈱䱜扩獜瑩ⵥ慰正条獥獜慴汲瑥整牜畯楴杮瀮≹‬楬敮㜠ⰲ椠⁮灡൰ †爠獥潰獮⁥‽睡楡⁴畦据爨煥敵瑳ഩ †††††††幞幞幞幞幞幞幞幞幞൞ 䘠汩⁥䌢尺獕牥屳整档屡灁䑰瑡屡潌慣屬牐杯慲獭停瑹潨屮祐桴湯ㄳ尲楌屢楳整瀭捡慫敧屳慦瑳灡屩潲瑵湩⹧祰Ⱒ氠湩⁥㜲ⰸ椠⁮灡൰ †爠睡牟獥潰獮⁥‽睡楡⁴畲彮湥灤楯瑮晟湵瑣潩⡮਍†††††††††帠幞幞幞幞幞幞幞幞幞幞幞幞幞൞ 䘠汩⁥䌢尺獕牥屳整档屡灁䑰瑡屡潌慣屬牐杯慲獭停瑹潨屮祐桴湯ㄳ尲楌屢楳整瀭捡慫敧屳慦瑳灡屩潲瑵湩⹧祰Ⱒ氠湩⁥㤱ⰱ椠⁮畲彮湥灤楯瑮晟湵瑣潩൮ †爠瑥牵⁮睡楡⁴敤数摮湡⹴慣汬⨨瘪污敵⥳਍†††††帠幞幞幞幞幞幞幞幞幞幞幞幞幞幞൞ 䘠汩⁥䌢尺獕牥屳整档屡湏䑥楲敶䑜獥瑫灯獜污獥愠⁩汰瑡牦浯扜捡敫摮慜灰牜畯整屳業獳湩彧潲瑵獥瀮≹‬楬敮ㄠ㈰ⰹ椠⁮楬瑳晟湩湡散扟摵敧獴਍††畢杤瑥⁳‽扤煟敵祲∨䕓䕌呃⨠䘠佒⁍畢杤瑥⁳䡗剅⁅潣灭湡役摩㴠㼠传䑒剅䈠⁙楦捳污祟慥⁲䕄䍓Ⱒ⠠潣灭湡役摩⤬ഩ ††††††帠幞幞幞幞幞幞幞幞幞幞幞幞幞幞幞幞幞幞幞幞幞幞幞幞幞幞幞幞幞幞幞幞幞幞幞幞幞幞幞幞幞幞幞幞幞幞幞਍†楆敬∠㩃啜敳獲瑜捥慨作敮牄癩履敄歳潴屰慳敬⁳楡瀠慬晴潲屭慢正湥層灡屰潲瑵獥浜獩楳杮牟畯整⹳祰Ⱒ氠湩⁥㘷‬湩搠形畱牥൹ †爠楡敳攠਍†楆敬∠㩃啜敳獲瑜捥慨作敮牄癩履敄歳潴屰慳敬⁳楡瀠慬晴潲屭慢正湥層灡屰潲瑵獥浜獩楳杮牟畯整⹳祰Ⱒ氠湩⁥㤶‬湩搠形畱牥൹ †挠牵攮數畣整焨敵祲‬牡獧ഩ猊汱瑩㍥伮数慲楴湯污牅潲㩲渠⁯畳档琠扡敬›畢杤瑥൳ഊ嬊〲㘲〭ⴳ㤲㈠㨰〳〺⸸㘲ㄷ㘸⁝䥛㩄㥣㌵搸捣㈭戶ⴸ㠴㐶戭㥤ⴷ愴㥦㘵〰摢㌴⁝剅㩒圠牯獫慰散湅楧敮朮瑥楟癮湥潴祲桟慥瑬⡨ 潧⁴湡甠敮灸捥整⁤敫睹牯⁤牡畧敭瑮✠潣灭湡役摩ധ ⬠䔠捸灥楴湯䜠潲灵吠慲散慢正⠠潭瑳爠捥湥⁴慣汬氠獡⥴ഺ 簠†䘠汩⁥䌢尺獕牥屳整档屡灁䑰瑡屡潌慣屬牐杯慲獭停瑹潨屮祐桴湯ㄳ尲楌屢楳整瀭捡慫敧屳瑳牡敬瑴履畟楴獬瀮≹‬楬敮㠠ⰷ椠⁮潣汬灡敳敟捸牧畯獰਍†⁼††楹汥൤ 簠†䘠汩⁥䌢尺獕牥屳整档屡灁䑰瑡屡潌慣屬牐杯慲獭停瑹潨屮祐桴湯ㄳ尲楌屢楳整瀭捡慫敧屳瑳牡敬瑴履業摤敬慷敲扜獡⹥祰Ⱒ氠湩⁥㤱ⰰ椠⁮彟慣汬彟਍†⁼††獡湹⁣楷桴愠祮潩挮敲瑡彥慴歳束潲灵⤨愠⁳慴歳束潲灵ഺ 簠†䘠汩⁥䌢尺獕牥屳整档屡灁䑰瑡屡潌慣屬牐杯慲獭停瑹潨屮祐桴湯ㄳ尲楌屢楳整瀭捡慫敧屳湡楹屯扟捡敫摮屳慟祳据潩瀮≹‬楬敮㘠㠷‬湩张慟硥瑩彟਍†⁼††慲獩⁥慂敳硅散瑰潩䝮潲灵ന 簠䔠捸灥楴湯片畯㩰甠桮湡汤摥攠牲牯⁳湩愠吠獡䝫潲灵⠠‱畳ⵢ硥散瑰潩⥮਍†⴫⴫ⴭⴭⴭⴭⴭⴭⴭ‭‱ⴭⴭⴭⴭⴭⴭⴭⴭ਍††⁼牔捡扥捡⁫洨獯⁴敲散瑮挠污⁬慬瑳㨩਍††⁼†楆敬∠㩃啜敳獲瑜捥慨䅜灰慄慴䱜捯污停潲牧浡屳祐桴湯停瑹潨㍮㈱䱜扩獜瑩ⵥ慰正条獥獜慴汲瑥整浜摩汤睥牡履牥潲獲瀮≹‬楬敮ㄠ㐶‬湩张损污彬ൟ †簠††愠慷瑩猠汥⹦灡⡰捳灯ⱥ爠捥楥敶‬獟湥⥤਍††⁼†楆敬∠㩃啜敳獲瑜捥慨䅜灰慄慴䱜捯污停潲牧浡屳祐桴湯停瑹潨㍮㈱䱜扩獜瑩ⵥ慰正条獥獜慴汲瑥整浜摩汤睥牡履慢敳瀮≹‬楬敮ㄠ㤸‬湩张损污彬ൟ †簠††眠瑩⁨潣汬灡敳敟捸牧畯獰⤨ഺ †簠†䘠汩⁥䌢尺獕牥屳整档屡灁䑰瑡屡潌慣屬牐杯慲獭停瑹潨屮祐桴湯ㄳ尲楌屢潣瑮硥汴扩瀮≹‬楬敮ㄠ㠵‬湩张敟楸彴ൟ †簠††猠汥⹦敧⹮桴潲⡷慶畬⥥਍††⁼†楆敬∠㩃啜敳獲瑜捥慨䅜灰慄慴䱜捯污停潲牧浡屳祐桴湯停瑹潨㍮㈱䱜扩獜瑩ⵥ慰正条獥獜慴汲瑥整彜瑵汩⹳祰Ⱒ氠湩⁥㌹‬湩挠汯慬獰彥硥杣潲灵൳ †簠††爠楡敳攠捸਍††⁼†楆敬∠㩃啜敳獲瑜捥慨䅜灰慄慴䱜捯污停潲牧浡屳祐桴湯停瑹潨㍮㈱䱜扩獜瑩ⵥ慰正条獥獜慴汲瑥整浜摩汤睥牡履慢敳瀮≹‬楬敮ㄠㄹ‬湩张损污彬ൟ †簠††爠獥潰獮⁥‽睡楡⁴敳晬搮獩慰捴彨畦据爨煥敵瑳‬慣汬湟硥⥴਍††⁼†††††††帠幞幞幞幞幞幞幞幞幞幞幞幞幞幞幞幞幞幞幞幞幞൞ †簠†䘠汩⁥䌢尺獕牥屳整档屡湏䑥楲敶䑜獥瑫灯獜污獥愠⁩汰瑡牦浯扜捡敫摮慜灰浜摩汤睥牡履敲畱獥彴潣瑮硥⹴祰Ⱒ氠湩⁥㘵‬湩搠獩慰捴൨ †簠††爠楡敳攠਍††⁼†楆敬∠㩃啜敳獲瑜捥慨作敮牄癩履敄歳潴屰慳敬⁳楡瀠慬晴潲屭慢正湥層灡屰業摤敬慷敲牜煥敵瑳损湯整瑸瀮≹‬楬敮㔠ⰰ椠⁮楤灳瑡档਍††⁼††敲灳湯敳㴠愠慷瑩挠污彬敮瑸爨煥敵瑳ഩ †簠††††††††幞幞幞幞幞幞幞幞幞幞幞幞਍††⁼†楆敬∠㩃啜敳獲瑜捥慨䅜灰慄慴䱜捯污停潲牧浡屳祐桴湯停瑹潨㍮㈱䱜扩獜瑩ⵥ慰正条獥獜慴汲瑥整浜摩汤睥牡履慢敳瀮≹‬楬敮ㄠ㔶‬湩挠污彬敮瑸਍††⁼††慲獩⁥灡彰硥ൣ †簠†䘠汩⁥䌢尺獕牥屳整档屡灁䑰瑡屡潌慣屬牐杯慲獭停瑹潨屮祐桴湯ㄳ尲楌屢楳整瀭捡慫敧屳瑳牡敬瑴履業摤敬慷敲扜獡⹥祰Ⱒ氠湩⁥㔱ⰱ椠⁮潣潲਍††⁼††睡楡⁴敳晬愮灰猨潣数‬敲散癩彥牯摟獩潣湮捥ⱴ猠湥彤潮敟牲牯ഩ †簠†䘠汩⁥䌢尺獕牥屳整档屡灁䑰瑡屡潌慣屬牐杯慲獭停瑹潨屮祐桴湯ㄳ尲楌屢楳整瀭捡慫敧屳瑳牡敬瑴履業摤敬慷敲扜獡⹥祰Ⱒ氠湩⁥㠱ⰹ椠⁮彟慣汬彟਍††⁼††楷桴挠汯慬獰彥硥杣潲灵⡳㨩਍††⁼†楆敬∠㩃啜敳獲瑜捥慨䅜灰慄慴䱜捯污停潲牧浡屳祐桴湯停瑹潨㍮㈱䱜扩捜湯整瑸楬⹢祰Ⱒ氠湩⁥㔱ⰸ椠⁮彟硥瑩彟਍††⁼††敳晬朮湥琮牨睯瘨污敵ഩ †簠†䘠汩⁥䌢尺獕牥屳整档屡灁䑰瑡屡潌慣屬牐杯慲獭停瑹潨屮祐桴湯ㄳ尲楌屢楳整瀭捡慫敧屳瑳牡敬瑴履畟楴獬瀮≹‬楬敮㤠ⰳ椠⁮潣汬灡敳敟捸牧畯獰਍††⁼††慲獩⁥硥ൣ †簠†䘠汩⁥䌢尺獕牥屳整档屡灁䑰瑡屡潌慣屬牐杯慲獭停瑹潨屮祐桴湯ㄳ尲楌屢楳整瀭捡慫敧屳瑳牡敬瑴履業摤敬慷敲扜獡⹥祰Ⱒ氠湩⁥㤱ⰱ椠⁮彟慣汬彟਍††⁼††敲灳湯敳㴠愠慷瑩猠汥⹦楤灳瑡档晟湵⡣敲畱獥ⱴ挠污彬敮瑸ഩ †簠††††††††幞幞幞幞幞幞幞幞幞幞幞幞幞幞幞幞幞幞幞幞幞幞਍††⁼†楆敬∠㩃啜敳獲瑜捥慨作敮牄癩履敄歳潴屰慳敬⁳楡瀠慬晴潲屭慢正湥層灡屰業摤敬慷敲獜捥牵瑩⹹祰Ⱒ氠湩⁥㌲ⰲ椠⁮楤灳瑡档਍††⁼††敲灳湯敳㴠愠慷瑩挠污彬敮瑸爨煥敵瑳ഩ †簠††††††††幞幞幞幞幞幞幞幞幞幞幞幞਍††⁼†楆敬∠㩃啜敳獲瑜捥慨䅜灰慄慴䱜捯污停潲牧浡屳祐桴湯停瑹潨㍮㈱䱜扩獜瑩ⵥ慰正条獥獜慴汲瑥整浜摩汤睥牡履慢敳瀮≹‬楬敮ㄠ㔶‬湩挠污彬敮瑸਍††⁼††慲獩⁥灡彰硥ൣ †簠†䘠汩⁥䌢尺獕牥屳整档屡灁䑰瑡屡潌慣屬牐杯慲獭停瑹潨屮祐桴湯ㄳ尲楌屢楳整瀭捡慫敧屳瑳牡敬瑴履業摤敬慷敲扜獡⹥祰Ⱒ氠湩⁥㔱ⰱ椠⁮潣潲਍††⁼††睡楡⁴敳晬愮灰猨潣数‬敲散癩彥牯摟獩潣湮捥ⱴ猠湥彤潮敟牲牯ഩ †簠†䘠汩⁥䌢尺獕牥屳整档屡灁䑰瑡屡潌慣屬牐杯慲獭停瑹潨屮祐桴湯ㄳ尲楌屢楳整瀭捡慫敧屳瑳牡敬瑴履業摤敬慷敲扜獡⹥祰Ⱒ氠湩⁥㠱ⰹ椠⁮彟慣汬彟਍††⁼††楷桴挠汯慬獰彥硥杣潲灵⡳㨩਍††⁼†楆敬∠㩃啜敳獲瑜捥慨䅜灰慄慴䱜捯污停潲牧浡屳祐桴湯停瑹潨㍮㈱䱜扩捜湯整瑸楬⹢祰Ⱒ氠湩⁥㔱ⰸ椠⁮彟硥瑩彟਍††⁼††敳晬朮湥琮牨睯瘨污敵ഩ †簠†䘠汩⁥䌢尺獕牥屳整档屡灁䑰瑡屡潌慣屬牐杯慲獭停瑹潨屮祐桴湯ㄳ尲楌屢楳整瀭捡慫敧屳瑳牡敬瑴履畟楴獬瀮≹‬楬敮㤠ⰳ椠⁮潣汬灡敳敟捸牧畯獰਍††⁼††慲獩⁥硥ൣ †簠†䘠汩⁥䌢尺獕牥屳整档屡灁䑰瑡屡潌慣屬牐杯慲獭停瑹潨屮祐桴湯ㄳ尲楌屢楳整瀭捡慫敧屳瑳牡敬瑴履業摤敬慷敲扜獡⹥祰Ⱒ氠湩⁥㤱ⰱ椠⁮彟慣汬彟਍††⁼††敲灳湯敳㴠愠慷瑩猠汥⹦楤灳瑡档晟湵⡣敲畱獥ⱴ挠污彬敮瑸ഩ †簠††††††††幞幞幞幞幞幞幞幞幞幞幞幞幞幞幞幞幞幞幞幞幞幞਍††⁼†楆敬∠㩃啜敳獲瑜捥慨作敮牄癩履敄歳潴屰慳敬⁳楡瀠慬晴潲屭慢正湥層灡屰業摤敬慷敲獜捥牵瑩⹹祰Ⱒ氠湩⁥ㄲⰷ椠⁮楤灳瑡档਍††⁼††敲灳湯敳㴠愠慷瑩挠污彬敮瑸爨煥敵瑳ഩ †簠††††††††幞幞幞幞幞幞幞幞幞幞幞幞਍††⁼†楆敬∠㩃啜敳獲瑜捥慨䅜灰慄慴䱜捯污停潲牧浡屳祐桴湯停瑹潨㍮㈱䱜扩獜瑩ⵥ慰正条獥獜慴汲瑥整浜摩汤睥牡履慢敳瀮≹‬楬敮ㄠ㔶‬湩挠污彬敮瑸਍††⁼††慲獩⁥灡彰硥ൣ †簠†䘠汩⁥䌢尺獕牥屳整档屡灁䑰瑡屡潌慣屬牐杯慲獭停瑹潨屮祐桴湯ㄳ尲楌屢楳整瀭捡慫敧屳瑳牡敬瑴履業摤敬慷敲扜獡⹥祰Ⱒ氠湩⁥㔱ⰱ椠⁮潣潲਍††⁼††睡楡⁴敳晬愮灰猨潣数‬敲散癩彥牯摟獩潣湮捥ⱴ猠湥彤潮敟牲牯ഩ †簠†䘠汩⁥䌢尺獕牥屳整档屡灁䑰瑡屡潌慣屬牐杯慲獭停瑹潨屮祐桴湯ㄳ尲楌屢楳整瀭捡慫敧屳瑳牡敬瑴履業摤敬慷敲扜獡⹥祰Ⱒ氠湩⁥㠱ⰹ椠⁮彟慣汬彟਍††⁼††楷桴挠汯慬獰彥硥杣潲灵⡳㨩਍††⁼†楆敬∠㩃啜敳獲瑜捥慨䅜灰慄慴䱜捯污停潲牧浡屳祐桴湯停瑹潨㍮㈱䱜扩捜湯整瑸楬⹢祰Ⱒ氠湩⁥㔱ⰸ椠⁮彟硥瑩彟਍††⁼††敳晬朮湥琮牨睯瘨污敵ഩ †簠†䘠汩⁥䌢尺獕牥屳整档屡灁䑰瑡屡潌慣屬牐杯慲獭停瑹潨屮祐桴湯ㄳ尲楌屢楳整瀭捡慫敧屳瑳牡敬瑴履畟楴獬瀮≹‬楬敮㤠ⰳ椠⁮潣汬灡敳敟捸牧畯獰਍††⁼††慲獩⁥硥ൣ †簠†䘠汩⁥䌢尺獕牥屳整档屡灁䑰瑡屡潌慣屬牐杯慲獭停瑹潨屮祐桴湯ㄳ尲楌屢楳整瀭捡慫敧屳瑳牡敬瑴履業摤敬慷敲扜獡⹥祰Ⱒ氠湩⁥㤱ⰱ椠⁮彟慣汬彟਍††⁼††敲灳湯敳㴠愠慷瑩猠汥⹦楤灳瑡档晟湵⡣敲畱獥ⱴ挠污彬敮瑸ഩ †簠††††††††幞幞幞幞幞幞幞幞幞幞幞幞幞幞幞幞幞幞幞幞幞幞਍††⁼†楆敬∠㩃啜敳獲瑜捥慨作敮牄癩履敄歳潴屰慳敬⁳楡瀠慬晴潲屭慢正湥層灡屰業摤敬慷敲瑜湥湡彴湥潦捲浥湥⹴祰Ⱒ氠湩⁥㠵‬湩搠獩慰捴൨ †簠††爠瑥牵⁮睡楡⁴慣汬湟硥⡴敲畱獥⥴਍††⁼†††††帠幞幞幞幞幞幞幞幞幞幞幞൞ †簠†䘠汩⁥䌢尺獕牥屳整档屡灁䑰瑡屡潌慣屬牐杯慲獭停瑹潨屮祐桴湯ㄳ尲楌屢楳整瀭捡慫敧屳瑳牡敬瑴履業摤敬慷敲扜獡⹥祰Ⱒ氠湩⁥㘱ⰵ椠⁮慣汬湟硥൴ †簠††爠楡敳愠灰敟捸਍††⁼†楆敬∠㩃啜敳獲瑜捥慨䅜灰慄慴䱜捯污停潲牧浡屳祐桴湯停瑹潨㍮㈱䱜扩獜瑩ⵥ慰正条獥獜慴汲瑥整浜摩汤睥牡履慢敳瀮≹‬楬敮ㄠㄵ‬湩挠牯൯ †簠††愠慷瑩猠汥⹦灡⡰捳灯ⱥ爠捥楥敶潟彲楤捳湯敮瑣‬敳摮湟彯牥潲⥲਍††⁼†楆敬∠㩃啜敳獲瑜捥慨䅜灰慄慴䱜捯污停潲牧浡屳祐桴湯停瑹潨㍮㈱䱜扩獜瑩ⵥ慰正条獥獜慴汲瑥整浜摩汤睥牡履潣獲瀮≹‬楬敮㠠ⰵ椠⁮彟慣汬彟਍††⁼††睡楡⁴敳晬愮灰猨潣数‬敲散癩ⱥ猠湥⥤਍††⁼†楆敬∠㩃啜敳獲瑜捥慨䅜灰慄慴䱜捯污停潲牧浡屳祐桴湯停瑹潨㍮㈱䱜扩獜瑩ⵥ慰正条獥獜慴汲瑥整浜摩汤睥牡履硥散瑰潩獮瀮≹‬楬敮㘠ⰵ椠⁮彟慣汬彟਍††⁼††睡楡⁴牷灡慟灰桟湡汤湩彧硥散瑰潩獮猨汥⹦灡Ɒ挠湯⥮猨潣数‬敲散癩ⱥ猠湥⥤਍††⁼†楆敬∠㩃啜敳獲瑜捥慨䅜灰慄慴䱜捯污停潲牧浡屳祐桴湯停瑹潨㍮㈱䱜扩獜瑩ⵥ慰正条獥獜慴汲瑥整彜硥散瑰潩彮慨摮敬⹲祰Ⱒ氠湩⁥㐶‬湩眠慲灰摥慟灰਍††⁼††慲獩⁥硥ൣ †簠†䘠汩⁥䌢尺獕牥屳整档屡灁䑰瑡屡潌慣屬牐杯慲獭停瑹潨屮祐桴湯ㄳ尲楌屢楳整瀭捡慫敧屳瑳牡敬瑴履敟捸灥楴湯桟湡汤牥瀮≹‬楬敮㔠ⰳ椠⁮牷灡数彤灡൰ †簠††愠慷瑩愠灰猨潣数‬敲散癩ⱥ猠湥敤⥲਍††⁼†楆敬∠㩃啜敳獲瑜捥慨䅜灰慄慴䱜捯污停潲牧浡屳祐桴湯停瑹潨㍮㈱䱜扩獜瑩ⵥ慰正条獥獜慴汲瑥整牜畯楴杮瀮≹‬楬敮㜠㘵‬湩张损污彬ൟ †簠††愠慷瑩猠汥⹦業摤敬慷敲獟慴正猨潣数‬敲散癩ⱥ猠湥⥤਍††⁼†楆敬∠㩃啜敳獲瑜捥慨䅜灰慄慴䱜捯污停潲牧浡屳祐桴湯停瑹潨㍮㈱䱜扩獜瑩ⵥ慰正条獥獜慴汲瑥整牜畯楴杮瀮≹‬楬敮㜠㘷‬湩愠灰਍††⁼††睡楡⁴潲瑵⹥慨摮敬猨潣数‬敲散癩ⱥ猠湥⥤਍††⁼†楆敬∠㩃啜敳獲瑜捥慨䅜灰慄慴䱜捯污停潲牧浡屳祐桴湯停瑹潨㍮㈱䱜扩獜瑩ⵥ慰正条獥獜慴汲瑥整牜畯楴杮瀮≹‬楬敮㈠㜹‬湩栠湡汤൥ †簠††愠慷瑩猠汥⹦灡⡰捳灯ⱥ爠捥楥敶‬敳摮ഩ †簠†䘠汩⁥䌢尺獕牥屳整档屡灁䑰瑡屡潌慣屬牐杯慲獭停瑹潨屮祐桴湯ㄳ尲楌屢楳整瀭捡慫敧屳瑳牡敬瑴履潲瑵湩⹧祰Ⱒ氠湩⁥㜷‬湩愠灰਍††⁼††睡楡⁴牷灡慟灰桟湡汤湩彧硥散瑰潩獮愨灰‬敲畱獥⥴猨潣数‬敲散癩ⱥ猠湥⥤਍††⁼†楆敬∠㩃啜敳獲瑜捥慨䅜灰慄慴䱜捯污停潲牧浡屳祐桴湯停瑹潨㍮㈱䱜扩獜瑩ⵥ慰正条獥獜慴汲瑥整彜硥散瑰潩彮慨摮敬⹲祰Ⱒ氠湩⁥㐶‬湩眠慲灰摥慟灰਍††⁼††慲獩⁥硥ൣ †簠†䘠汩⁥䌢尺獕牥屳整档屡灁䑰瑡屡潌慣屬牐杯慲獭停瑹潨屮祐桴湯ㄳ尲楌屢楳整瀭捡慫敧屳瑳牡敬瑴履敟捸灥楴湯桟湡汤牥瀮≹‬楬敮㔠ⰳ椠⁮牷灡数彤灡൰ †簠††愠慷瑩愠灰猨潣数‬敲散癩ⱥ猠湥敤⥲਍††⁼†楆敬∠㩃啜敳獲瑜捥慨䅜灰慄慴䱜捯污停潲牧浡屳祐桴湯停瑹潨㍮㈱䱜扩獜瑩ⵥ慰正条獥獜慴汲瑥整牜畯楴杮瀮≹‬楬敮㜠ⰲ椠⁮灡൰ †簠††爠獥潰獮⁥‽睡楡⁴畦据爨煥敵瑳ഩ †簠††††††††幞幞幞幞幞幞幞幞幞൞ †簠†䘠汩⁥䌢尺獕牥屳整档屡灁䑰瑡屡潌慣屬牐杯慲獭停瑹潨屮祐桴湯ㄳ尲楌屢楳整瀭捡慫敧屳慦瑳灡屩潲瑵湩⹧祰Ⱒ氠湩⁥㜲ⰸ椠⁮灡൰ †簠††爠睡牟獥潰獮⁥‽睡楡⁴畲彮湥灤楯瑮晟湵瑣潩⡮਍††⁼†††††††††帠幞幞幞幞幞幞幞幞幞幞幞幞幞൞ †簠†䘠汩⁥䌢尺獕牥屳整档屡灁䑰瑡屡潌慣屬牐杯慲獭停瑹潨屮祐桴湯ㄳ尲楌屢楳整瀭捡慫敧屳慦瑳灡屩潲瑵湩⹧祰Ⱒ氠湩⁥㤱ⰱ椠⁮畲彮湥灤楯瑮晟湵瑣潩൮ †簠††爠瑥牵⁮睡楡⁴敤数摮湡⹴慣汬⨨瘪污敵⥳਍††⁼†††††帠幞幞幞幞幞幞幞幞幞幞幞幞幞幞൞ †簠†䘠汩⁥䌢尺獕牥屳整档屡湏䑥楲敶䑜獥瑫灯獜污獥愠⁩汰瑡牦浯扜捡敫摮慜灰慜楰癜就湥灤楯瑮屳潷歲灳捡⹥祰Ⱒ氠湩⁥㐳ⰱ椠⁮敧彴湩敶瑮牯役敨污桴਍††⁼††敲畴湲圠牯獫慰散湅楧敮朮瑥楟癮湥潴祲桟慥瑬⡨潣灭湡役摩挽浯慰祮楟⥤਍††⁼†††††帠幞幞幞幞幞幞幞幞幞幞幞幞幞幞幞幞幞幞幞幞幞幞幞幞幞幞幞幞幞਍††⁼祔数牅潲㩲圠牯獫慰散湅楧敮朮瑥楟癮湥潴祲桟慥瑬⡨ 潧⁴湡甠敮灸捥整⁤敫睹牯⁤牡畧敭瑮✠潣灭湡役摩ധ †⬠ⴭⴭⴭⴭⴭⴭⴭⴭⴭⴭⴭⴭⴭⴭⴭⴭⴭⴭ਍਍畄楲杮栠湡汤湩⁧景琠敨愠潢敶攠捸灥楴湯‬湡瑯敨⁲硥散瑰潩⁮捯畣牲摥ഺഊ吊慲散慢正⠠潭瑳爠捥湥⁴慣汬氠獡⥴ഺ 䘠汩⁥䌢尺獕牥屳整档屡灁䑰瑡屡潌慣屬牐杯慲獭停瑹潨屮祐桴湯ㄳ尲楌屢楳整瀭捡慫敧屳瑳牡敬瑴履業摤敬慷敲敜牲牯⹳祰Ⱒ氠湩⁥㘱ⰴ椠⁮彟慣汬彟਍††睡楡⁴敳晬愮灰猨潣数‬敲散癩ⱥ张敳摮ഩ 䘠汩⁥䌢尺獕牥屳整档屡灁䑰瑡屡潌慣屬牐杯慲獭停瑹潨屮祐桴湯ㄳ尲楌屢楳整瀭捡慫敧屳瑳牡敬瑴履業摤敬慷敲扜獡⹥祰Ⱒ氠湩⁥㠱ⰹ椠⁮彟慣汬彟਍††楷桴挠汯慬獰彥硥杣潲灵⡳㨩਍†楆敬∠㩃啜敳獲瑜捥慨䅜灰慄慴䱜捯污停潲牧浡屳祐桴湯停瑹潨㍮㈱䱜扩捜湯整瑸楬⹢祰Ⱒ氠湩⁥㔱ⰸ椠⁮彟硥瑩彟਍††敳晬朮湥琮牨睯瘨污敵ഩ 䘠汩⁥䌢尺獕牥屳整档屡灁䑰瑡屡潌慣屬牐杯慲獭停瑹潨屮祐桴湯ㄳ尲楌屢楳整瀭捡慫敧屳瑳牡敬瑴履畟楴獬瀮≹‬楬敮㤠ⰳ椠⁮潣汬灡敳敟捸牧畯獰਍††慲獩⁥硥ൣ 䘠汩⁥䌢尺獕牥屳整档屡灁䑰瑡屡潌慣屬牐杯慲獭停瑹潨屮祐桴湯ㄳ尲楌屢楳整瀭捡慫敧屳瑳牡敬瑴履業摤敬慷敲扜獡⹥祰Ⱒ氠湩⁥㤱ⰱ椠⁮彟慣汬彟਍††敲灳湯敳㴠愠慷瑩猠汥⹦楤灳瑡档晟湵⡣敲畱獥ⱴ挠污彬敮瑸ഩ †††††††幞幞幞幞幞幞幞幞幞幞幞幞幞幞幞幞幞幞幞幞幞幞਍†楆敬∠㩃啜敳獲瑜捥慨作敮牄癩履敄歳潴屰慳敬⁳楡瀠慬晴潲屭慢正湥層灡屰業摤敬慷敲牜煥敵瑳损湯整瑸瀮≹‬楬敮㔠ⰶ椠⁮楤灳瑡档਍††慲獩⁥൥ 䘠汩⁥䌢尺獕牥屳整档屡湏䑥楲敶䑜獥瑫灯獜污獥愠⁩汰瑡牦浯扜捡敫摮慜灰浜摩汤睥牡履敲畱獥彴潣瑮硥⹴祰Ⱒ氠湩⁥〵‬湩搠獩慰捴൨ †爠獥潰獮⁥‽睡楡⁴慣汬湟硥⡴敲畱獥⥴਍†††††††帠幞幞幞幞幞幞幞幞幞幞幞൞ 䘠汩⁥䌢尺獕牥屳整档屡灁䑰瑡屡潌慣屬牐杯慲獭停瑹潨屮祐桴湯ㄳ尲楌屢楳整瀭捡慫敧屳瑳牡敬瑴履業摤敬慷敲扜獡⹥祰Ⱒ氠湩⁥㘱ⰵ椠⁮慣汬湟硥൴ †爠楡敳愠灰敟捸਍†楆敬∠㩃啜敳獲瑜捥慨䅜灰慄慴䱜捯污停潲牧浡屳祐桴湯停瑹潨㍮㈱䱜扩獜瑩ⵥ慰正条獥獜慴汲瑥整浜摩汤睥牡履慢敳瀮≹‬楬敮ㄠㄵ‬湩挠牯൯ †愠慷瑩猠汥⹦灡⡰捳灯ⱥ爠捥楥敶潟彲楤捳湯敮瑣‬敳摮湟彯牥潲⥲਍†楆敬∠㩃啜敳獲瑜捥慨䅜灰慄慴䱜捯污停潲牧浡屳祐桴湯停瑹潨㍮㈱䱜扩獜瑩ⵥ慰正条獥獜慴汲瑥整浜摩汤睥牡履慢敳瀮≹‬楬敮ㄠ㤸‬湩张损污彬ൟ †眠瑩⁨潣汬灡敳敟捸牧畯獰⤨ഺ 䘠汩⁥䌢尺獕牥屳整档屡灁䑰瑡屡潌慣屬牐杯慲獭停瑹潨屮祐桴湯ㄳ尲楌屢潣瑮硥汴扩瀮≹‬楬敮ㄠ㠵‬湩张敟楸彴ൟ †猠汥⹦敧⹮桴潲⡷慶畬⥥਍†楆敬∠㩃啜敳獲瑜捥慨䅜灰慄慴䱜捯污停潲牧浡屳祐桴湯停瑹潨㍮㈱䱜扩獜瑩ⵥ慰正条獥獜慴汲瑥整彜瑵汩⹳祰Ⱒ氠湩⁥㌹‬湩挠汯慬獰彥硥杣潲灵൳ †爠楡敳攠捸਍†楆敬∠㩃啜敳獲瑜捥慨䅜灰慄慴䱜捯污停潲牧浡屳祐桴湯停瑹潨㍮㈱䱜扩獜瑩ⵥ慰正条獥獜慴汲瑥整浜摩汤睥牡履慢敳瀮≹‬楬敮ㄠㄹ‬湩张损污彬ൟ †爠獥潰獮⁥‽睡楡⁴敳晬搮獩慰捴彨畦据爨煥敵瑳‬慣汬湟硥⥴਍†††††††帠幞幞幞幞幞幞幞幞幞幞幞幞幞幞幞幞幞幞幞幞幞൞ 䘠汩⁥䌢尺獕牥屳整档屡湏䑥楲敶䑜獥瑫灯獜污獥愠⁩汰瑡牦浯扜捡敫摮慜灰浜摩汤睥牡履敳畣楲祴瀮≹‬楬敮㈠㈳‬湩搠獩慰捴൨ †爠獥潰獮⁥‽睡楡⁴慣汬湟硥⡴敲畱獥⥴਍†††††††帠幞幞幞幞幞幞幞幞幞幞幞൞ 䘠汩⁥䌢尺獕牥屳整档屡灁䑰瑡屡潌慣屬牐杯慲獭停瑹潨屮祐桴湯ㄳ尲楌屢楳整瀭捡慫敧屳瑳牡敬瑴履業摤敬慷敲扜獡⹥祰Ⱒ氠湩⁥㘱ⰵ椠⁮慣汬湟硥൴ †爠楡敳愠灰敟捸਍†楆敬∠㩃啜敳獲瑜捥慨䅜灰慄慴䱜捯污停潲牧浡屳祐桴湯停瑹潨㍮㈱䱜扩獜瑩ⵥ慰正条獥獜慴汲瑥整浜摩汤睥牡履慢敳瀮≹‬楬敮ㄠㄵ‬湩挠牯൯ †愠慷瑩猠汥⹦灡⡰捳灯ⱥ爠捥楥敶潟彲楤捳湯敮瑣‬敳摮湟彯牥潲⥲਍†楆敬∠㩃啜敳獲瑜捥慨䅜灰慄慴䱜捯污停潲牧浡屳祐桴湯停瑹潨㍮㈱䱜扩獜瑩ⵥ慰正条獥獜慴汲瑥整浜摩汤睥牡履慢敳瀮≹‬楬敮ㄠ㤸‬湩张损污彬ൟ †眠瑩⁨潣汬灡敳敟捸牧畯獰⤨ഺ 䘠汩⁥䌢尺獕牥屳整档屡灁䑰瑡屡潌慣屬牐杯慲獭停瑹潨屮祐桴湯ㄳ尲楌屢潣瑮硥汴扩瀮≹‬楬敮ㄠ㠵‬湩张敟楸彴ൟ †猠汥⹦敧⹮桴潲⡷慶畬⥥਍†楆敬∠㩃啜敳獲瑜捥慨䅜灰慄慴䱜捯污停潲牧浡屳祐桴湯停瑹潨㍮㈱䱜扩獜瑩ⵥ慰正条獥獜慴汲瑥整彜瑵汩⹳祰Ⱒ氠湩⁥㌹‬湩挠汯慬獰彥硥杣潲灵൳ †爠楡敳攠捸਍†楆敬∠㩃啜敳獲瑜捥慨䅜灰慄慴䱜捯污停潲牧浡屳祐桴湯停瑹潨㍮㈱䱜扩獜瑩ⵥ慰正条獥獜慴汲瑥整浜摩汤睥牡履慢敳瀮≹‬楬敮ㄠㄹ‬湩张损污彬ൟ †爠獥潰獮⁥‽睡楡⁴敳晬搮獩慰捴彨畦据爨煥敵瑳‬慣汬湟硥⥴਍†††††††帠幞幞幞幞幞幞幞幞幞幞幞幞幞幞幞幞幞幞幞幞幞൞ 䘠汩⁥䌢尺獕牥屳整档屡湏䑥楲敶䑜獥瑫灯獜污獥愠⁩汰瑡牦浯扜捡敫摮慜灰浜摩汤睥牡履敳畣楲祴瀮≹‬楬敮㈠㜱‬湩搠獩慰捴൨ †爠獥潰獮⁥‽睡楡⁴慣汬湟硥⡴敲畱獥⥴਍†††††††帠幞幞幞幞幞幞幞幞幞幞幞൞ 䘠汩⁥䌢尺獕牥屳整档屡灁䑰瑡屡潌慣屬牐杯慲獭停瑹潨屮祐桴湯ㄳ尲楌屢楳整瀭捡慫敧屳瑳牡敬瑴履業摤敬慷敲扜獡⹥祰Ⱒ氠湩⁥㘱ⰵ椠⁮慣汬湟硥൴ †爠楡敳愠灰敟捸਍†楆敬∠㩃啜敳獲瑜捥慨䅜灰慄慴䱜捯污停潲牧浡屳祐桴湯停瑹潨㍮㈱䱜扩獜瑩ⵥ慰正条獥獜慴汲瑥整浜摩汤睥牡履慢敳瀮≹‬楬敮ㄠㄵ‬湩挠牯൯ †愠慷瑩猠汥⹦灡⡰捳灯ⱥ爠捥楥敶潟彲楤捳湯敮瑣‬敳摮湟彯牥潲⥲਍†楆敬∠㩃啜敳獲瑜捥慨䅜灰慄慴䱜捯污停潲牧浡屳祐桴湯停瑹潨㍮㈱䱜扩獜瑩ⵥ慰正条獥獜慴汲瑥整浜摩汤睥牡履慢敳瀮≹‬楬敮ㄠ㤸‬湩张损污彬ൟ †眠瑩⁨潣汬灡敳敟捸牧畯獰⤨ഺ 䘠汩⁥䌢尺獕牥屳整档屡灁䑰瑡屡潌慣屬牐杯慲獭停瑹潨屮祐桴湯ㄳ尲楌屢潣瑮硥汴扩瀮≹‬楬敮ㄠ㠵‬湩张敟楸彴ൟ †猠汥⹦敧⹮桴潲⡷慶畬⥥਍†楆敬∠㩃啜敳獲瑜捥慨䅜灰慄慴䱜捯污停潲牧浡屳祐桴湯停瑹潨㍮㈱䱜扩獜瑩ⵥ慰正条獥獜慴汲瑥整彜瑵汩⹳祰Ⱒ氠湩⁥㌹‬湩挠汯慬獰彥硥杣潲灵൳ †爠楡敳攠捸਍†楆敬∠㩃啜敳獲瑜捥慨䅜灰慄慴䱜捯污停潲牧浡屳祐桴湯停瑹潨㍮㈱䱜扩獜瑩ⵥ慰正条獥獜慴汲瑥整浜摩汤睥牡履慢敳瀮≹‬楬敮ㄠㄹ‬湩张损污彬ൟ †爠獥潰獮⁥‽睡楡⁴敳晬搮獩慰捴彨畦据爨煥敵瑳‬慣汬湟硥⥴਍†††††††帠幞幞幞幞幞幞幞幞幞幞幞幞幞幞幞幞幞幞幞幞幞൞ 䘠汩⁥䌢尺獕牥屳整档屡湏䑥楲敶䑜獥瑫灯獜污獥愠⁩汰瑡牦浯扜捡敫摮慜灰浜摩汤睥牡履整慮瑮敟普牯散敭瑮瀮≹‬楬敮㔠ⰸ椠⁮楤灳瑡档਍††敲畴湲愠慷瑩挠污彬敮瑸爨煥敵瑳ഩ †††††幞幞幞幞幞幞幞幞幞幞幞幞਍†楆敬∠㩃啜敳獲瑜捥慨䅜灰慄慴䱜捯污停潲牧浡屳祐桴湯停瑹潨㍮㈱䱜扩獜瑩ⵥ慰正条獥獜慴汲瑥整浜摩汤睥牡履慢敳瀮≹‬楬敮ㄠ㔶‬湩挠污彬敮瑸਍††慲獩⁥灡彰硥ൣ 䘠汩⁥䌢尺獕牥屳整档屡灁䑰瑡屡潌慣屬牐杯慲獭停瑹潨屮祐桴湯ㄳ尲楌屢楳整瀭捡慫敧屳瑳牡敬瑴履業摤敬慷敲扜獡⹥祰Ⱒ氠湩⁥㔱ⰱ椠⁮潣潲਍††睡楡⁴敳晬愮灰猨潣数‬敲散癩彥牯摟獩潣湮捥ⱴ猠湥彤潮敟牲牯ഩ 䘠汩⁥䌢尺獕牥屳整档屡灁䑰瑡屡潌慣屬牐杯慲獭停瑹潨屮祐桴湯ㄳ尲楌屢楳整瀭捡慫敧屳瑳牡敬瑴履業摤敬慷敲捜牯⹳祰Ⱒ氠湩⁥㔸‬湩张损污彬ൟ †愠慷瑩猠汥⹦灡⡰捳灯ⱥ爠捥楥敶‬敳摮ഩ 䘠汩⁥䌢尺獕牥屳整档屡灁䑰瑡屡潌慣屬牐杯慲獭停瑹潨屮祐桴湯ㄳ尲楌屢楳整瀭捡慫敧屳瑳牡敬瑴履業摤敬慷敲敜捸灥楴湯⹳祰Ⱒ氠湩⁥㔶‬湩张损污彬ൟ †愠慷瑩眠慲彰灡彰慨摮楬杮敟捸灥楴湯⡳敳晬愮灰‬潣湮⠩捳灯ⱥ爠捥楥敶‬敳摮ഩ 䘠汩⁥䌢尺獕牥屳整档屡灁䑰瑡屡潌慣屬牐杯慲獭停瑹潨屮祐桴湯ㄳ尲楌屢楳整瀭捡慫敧屳瑳牡敬瑴履敟捸灥楴湯桟湡汤牥瀮≹‬楬敮㘠ⰴ椠⁮牷灡数彤灡൰ †爠楡敳攠捸਍†楆敬∠㩃啜敳獲瑜捥慨䅜灰慄慴䱜捯污停潲牧浡屳祐桴湯停瑹潨㍮㈱䱜扩獜瑩ⵥ慰正条獥獜慴汲瑥整彜硥散瑰潩彮慨摮敬⹲祰Ⱒ氠湩⁥㌵‬湩眠慲灰摥慟灰਍††睡楡⁴灡⡰捳灯ⱥ爠捥楥敶‬敳摮牥ഩ 䘠汩⁥䌢尺獕牥屳整档屡灁䑰瑡屡潌慣屬牐杯慲獭停瑹潨屮祐桴湯ㄳ尲楌屢楳整瀭捡慫敧屳瑳牡敬瑴履潲瑵湩⹧祰Ⱒ氠湩⁥㔷ⰶ椠⁮彟慣汬彟਍††睡楡⁴敳晬洮摩汤睥牡彥瑳捡⡫捳灯ⱥ爠捥楥敶‬敳摮ഩ 䘠汩⁥䌢尺獕牥屳整档屡灁䑰瑡屡潌慣屬牐杯慲獭停瑹潨屮祐桴湯ㄳ尲楌屢楳整瀭捡慫敧屳瑳牡敬瑴履潲瑵湩⹧祰Ⱒ氠湩⁥㜷ⰶ椠⁮灡൰ †愠慷瑩爠畯整栮湡汤⡥捳灯ⱥ爠捥楥敶‬敳摮ഩ 䘠汩⁥䌢尺獕牥屳整档屡灁䑰瑡屡潌慣屬牐杯慲獭停瑹潨屮祐桴湯ㄳ尲楌屢楳整瀭捡慫敧屳瑳牡敬瑴履潲瑵湩⹧祰Ⱒ氠湩⁥㤲ⰷ椠⁮慨摮敬਍††睡楡⁴敳晬愮灰猨潣数‬敲散癩ⱥ猠湥⥤਍†楆敬∠㩃啜敳獲瑜捥慨䅜灰慄慴䱜捯污停潲牧浡屳祐桴湯停瑹潨㍮㈱䱜扩獜瑩ⵥ慰正条獥獜慴汲瑥整牜畯楴杮瀮≹‬楬敮㜠ⰷ椠⁮灡൰ †愠慷瑩眠慲彰灡彰慨摮楬杮敟捸灥楴湯⡳灡Ɒ爠煥敵瑳⠩捳灯ⱥ爠捥楥敶‬敳摮ഩ 䘠汩⁥䌢尺獕牥屳整档屡灁䑰瑡屡潌慣屬牐杯慲獭停瑹潨屮祐桴湯ㄳ尲楌屢楳整瀭捡慫敧屳瑳牡敬瑴履敟捸灥楴湯桟湡汤牥瀮≹‬楬敮㘠ⰴ椠⁮牷灡数彤灡൰ †爠楡敳攠捸਍†楆敬∠㩃啜敳獲瑜捥慨䅜灰慄慴䱜捯污停潲牧浡屳祐桴湯停瑹潨㍮㈱䱜扩獜瑩ⵥ慰正条獥獜慴汲瑥整彜硥散瑰潩彮慨摮敬⹲祰Ⱒ氠湩⁥㌵‬湩眠慲灰摥慟灰਍††睡楡⁴灡⡰捳灯ⱥ爠捥楥敶‬敳摮牥ഩ 䘠汩⁥䌢尺獕牥屳整档屡灁䑰瑡屡潌慣屬牐杯慲獭停瑹潨屮祐桴湯ㄳ尲楌屢楳整瀭捡慫敧屳瑳牡敬瑴履潲瑵湩⹧祰Ⱒ氠湩⁥㈷‬湩愠灰਍††敲灳湯敳㴠愠慷瑩映湵⡣敲畱獥⥴਍†††††††帠幞幞幞幞幞幞幞幞幞਍†楆敬∠㩃啜敳獲瑜捥慨䅜灰慄慴䱜捯污停潲牧浡屳祐桴湯停瑹潨㍮㈱䱜扩獜瑩ⵥ慰正条獥晜獡慴楰牜畯楴杮瀮≹‬楬敮㈠㠷‬湩愠灰਍††慲彷敲灳湯敳㴠愠慷瑩爠湵敟摮潰湩彴畦据楴湯ന †††††††††幞幞幞幞幞幞幞幞幞幞幞幞幞幞਍†楆敬∠㩃啜敳獲瑜捥慨䅜灰慄慴䱜捯污停潲牧浡屳祐桴湯停瑹潨㍮㈱䱜扩獜瑩ⵥ慰正条獥晜獡慴楰牜畯楴杮瀮≹‬楬敮ㄠㄹ‬湩爠湵敟摮潰湩彴畦据楴湯਍††敲畴湲愠慷瑩搠灥湥慤瑮挮污⡬⨪慶畬獥ഩ †††††幞幞幞幞幞幞幞幞幞幞幞幞幞幞幞਍†楆敬∠㩃啜敳獲瑜捥慨作敮牄癩履敄歳潴屰慳敬⁳楡瀠慬晴潲屭慢正湥層灡屰灡屩ㅶ敜摮潰湩獴睜牯獫慰散瀮≹‬楬敮㌠ㄴ‬湩朠瑥楟癮湥潴祲桟慥瑬൨ †爠瑥牵⁮潗歲灳捡䕥杮湩⹥敧彴湩敶瑮牯役敨污桴挨浯慰祮楟㵤潣灭湡役摩ഩ †††††幞幞幞幞幞幞幞幞幞幞幞幞幞幞幞幞幞幞幞幞幞幞幞幞幞幞幞幞幞൞吊灹䕥牲牯›潗歲灳捡䕥杮湩⹥敧彴湩敶瑮牯役敨污桴⤨朠瑯愠⁮湵硥数瑣摥欠祥潷摲愠杲浵湥⁴挧浯慰祮楟❤਍਍㉛㈰ⴶ㌰㈭‹〲㌺㨰㠰㈮㘸㈷崹嬠䑉愺ぢ〸挹ⴱ㈴㐳㐭㥢ⴲ㥡㈰㠭㤴㔸晣㝣挲嵤䔠剒›㈴㨹吠潯洠湡⁹敲畱獥獴‮慍楸畭⁭〶爠煥敵瑳⁳数⁲業畮整愠汬睯摥മ ⬠䔠捸灥楴湯䜠潲灵吠慲散慢正⠠潭瑳爠捥湥⁴慣汬氠獡⥴ഺ 簠†䘠汩⁥䌢尺獕牥屳整档屡灁䑰瑡屡潌慣屬牐杯慲獭停瑹潨屮祐桴湯ㄳ尲楌屢楳整瀭捡慫敧屳瑳牡敬瑴履畟楴獬瀮≹‬楬敮㠠ⰷ椠⁮潣汬灡敳敟捸牧畯獰਍†⁼††楹汥൤ 簠†䘠汩⁥䌢尺獕牥屳整档屡灁䑰瑡屡潌慣屬牐杯慲獭停瑹潨屮祐桴湯ㄳ尲楌屢楳整瀭捡慫敧屳瑳牡敬瑴履業摤敬慷敲扜獡⹥祰Ⱒ氠湩⁥㤱ⰰ椠⁮彟慣汬彟਍†⁼††獡湹⁣楷桴愠祮潩挮敲瑡彥慴歳束潲灵⤨愠⁳慴歳束潲灵ഺ 簠†䘠汩⁥䌢尺獕牥屳整档屡灁䑰瑡屡潌慣屬牐杯慲獭停瑹潨屮祐桴湯ㄳ尲楌屢楳整瀭捡慫敧屳湡楹屯扟捡敫摮屳慟祳据潩瀮≹‬楬敮㘠㠷‬湩张慟硥瑩彟਍†⁼††慲獩⁥慂敳硅散瑰潩䝮潲灵ന 簠䔠捸灥楴湯片畯㩰甠桮湡汤摥攠牲牯⁳湩愠吠獡䝫潲灵⠠‱畳ⵢ硥散瑰潩⥮਍†⴫⴫ⴭⴭⴭⴭⴭⴭⴭ‭‱ⴭⴭⴭⴭⴭⴭⴭⴭ਍††⁼牔捡扥捡⁫洨獯⁴敲散瑮挠污⁬慬瑳㨩਍††⁼†楆敬∠㩃啜敳獲瑜捥慨䅜灰慄慴䱜捯污停潲牧浡屳祐桴湯停瑹潨㍮㈱䱜扩獜瑩ⵥ慰正条獥獜慴汲瑥整浜摩汤睥牡履牥潲獲瀮≹‬楬敮ㄠ㐶‬湩张损污彬ൟ †簠††愠慷瑩猠汥⹦灡⡰捳灯ⱥ爠捥楥敶‬獟湥⥤਍††⁼†楆敬∠㩃啜敳獲瑜捥慨䅜灰慄慴䱜捯污停潲牧浡屳祐桴湯停瑹潨㍮㈱䱜扩獜瑩ⵥ慰正条獥獜慴汲瑥整浜摩汤睥牡履慢敳瀮≹‬楬敮ㄠ㤸‬湩张损污彬ൟ †簠††眠瑩⁨潣汬灡敳敟捸牧畯獰⤨ഺ †簠†䘠汩⁥䌢尺獕牥屳整档屡灁䑰瑡屡潌慣屬牐杯慲獭停瑹潨屮祐桴湯ㄳ尲楌屢潣瑮硥汴扩瀮≹‬楬敮ㄠ㠵‬湩张敟楸彴ൟ †簠††猠汥⹦敧⹮桴潲⡷慶畬⥥਍††⁼†楆敬∠㩃啜敳獲瑜捥慨䅜灰慄慴䱜捯污停潲牧浡屳祐桴湯停瑹潨㍮㈱䱜扩獜瑩ⵥ慰正条獥獜慴汲瑥整彜瑵汩⹳祰Ⱒ氠湩⁥㌹‬湩挠汯慬獰彥硥杣潲灵൳ †簠††爠楡敳攠捸਍††⁼†楆敬∠㩃啜敳獲瑜捥慨䅜灰慄慴䱜捯污停潲牧浡屳祐桴湯停瑹潨㍮㈱䱜扩獜瑩ⵥ慰正条獥獜慴汲瑥整浜摩汤睥牡履慢敳瀮≹‬楬敮ㄠㄹ‬湩张损污彬ൟ †簠††爠獥潰獮⁥‽睡楡⁴敳晬搮獩慰捴彨畦据爨煥敵瑳‬慣汬湟硥⥴਍††⁼†††††††帠幞幞幞幞幞幞幞幞幞幞幞幞幞幞幞幞幞幞幞幞幞൞ †簠†䘠汩⁥䌢尺獕牥屳整档屡湏䑥楲敶䑜獥瑫灯獜污獥愠⁩汰瑡牦浯扜捡敫摮慜灰浜摩汤睥牡履敲畱獥彴潣瑮硥⹴祰Ⱒ氠湩⁥㘵‬湩搠獩慰捴൨ †簠††爠楡敳攠਍††⁼†楆敬∠㩃啜敳獲瑜捥慨作敮牄癩履敄歳潴屰慳敬⁳楡瀠慬晴潲屭慢正湥層灡屰業摤敬慷敲牜煥敵瑳损湯整瑸瀮≹‬楬敮㔠ⰰ椠⁮楤灳瑡档਍††⁼††敲灳湯敳㴠愠慷瑩挠污彬敮瑸爨煥敵瑳ഩ †簠††††††††幞幞幞幞幞幞幞幞幞幞幞幞਍††⁼†楆敬∠㩃啜敳獲瑜捥慨䅜灰慄慴䱜捯污停潲牧浡屳祐桴湯停瑹潨㍮㈱䱜扩獜瑩ⵥ慰正条獥獜慴汲瑥整浜摩汤睥牡履慢敳瀮≹‬楬敮ㄠ㔶‬湩挠污彬敮瑸਍††⁼††慲獩⁥灡彰硥ൣ †簠†䘠汩⁥䌢尺獕牥屳整档屡灁䑰瑡屡潌慣屬牐杯慲獭停瑹潨屮祐桴湯ㄳ尲楌屢楳整瀭捡慫敧屳瑳牡敬瑴履業摤敬慷敲扜獡⹥祰Ⱒ氠湩⁥㔱ⰱ椠⁮潣潲਍††⁼††睡楡⁴敳晬愮灰猨潣数‬敲散癩彥牯摟獩潣湮捥ⱴ猠湥彤潮敟牲牯ഩ †簠†䘠汩⁥䌢尺獕牥屳整档屡灁䑰瑡屡潌慣屬牐杯慲獭停瑹潨屮祐桴湯ㄳ尲楌屢楳整瀭捡慫敧屳瑳牡敬瑴履業摤敬慷敲扜獡⹥祰Ⱒ氠湩⁥㠱ⰹ椠⁮彟慣汬彟਍††⁼††楷桴挠汯慬獰彥硥杣潲灵⡳㨩਍††⁼†楆敬∠㩃啜敳獲瑜捥慨䅜灰慄慴䱜捯污停潲牧浡屳祐桴湯停瑹潨㍮㈱䱜扩捜湯整瑸楬⹢祰Ⱒ氠湩⁥㔱ⰸ椠⁮彟硥瑩彟਍††⁼††敳晬朮湥琮牨睯瘨污敵ഩ †簠†䘠汩⁥䌢尺獕牥屳整档屡灁䑰瑡屡潌慣屬牐杯慲獭停瑹潨屮祐桴湯ㄳ尲楌屢楳整瀭捡慫敧屳瑳牡敬瑴履畟楴獬瀮≹‬楬敮㤠ⰳ椠⁮潣汬灡敳敟捸牧畯獰਍††⁼††慲獩⁥硥ൣ †簠†䘠汩⁥䌢尺獕牥屳整档屡灁䑰瑡屡潌慣屬牐杯慲獭停瑹潨屮祐桴湯ㄳ尲楌屢楳整瀭捡慫敧屳瑳牡敬瑴履業摤敬慷敲扜獡⹥祰Ⱒ氠湩⁥㤱ⰱ椠⁮彟慣汬彟਍††⁼††敲灳湯敳㴠愠慷瑩猠汥⹦楤灳瑡档晟湵⡣敲畱獥ⱴ挠污彬敮瑸ഩ †簠††††††††幞幞幞幞幞幞幞幞幞幞幞幞幞幞幞幞幞幞幞幞幞幞਍††⁼†楆敬∠㩃啜敳獲瑜捥慨作敮牄癩履敄歳潴屰慳敬⁳楡瀠慬晴潲屭慢正湥層灡屰業摤敬慷敲獜捥牵瑩⹹祰Ⱒ氠湩⁥㌲ⰲ椠⁮楤灳瑡档਍††⁼††敲灳湯敳㴠愠慷瑩挠污彬敮瑸爨煥敵瑳ഩ †簠††††††††幞幞幞幞幞幞幞幞幞幞幞幞਍††⁼†楆敬∠㩃啜敳獲瑜捥慨䅜灰慄慴䱜捯污停潲牧浡屳祐桴湯停瑹潨㍮㈱䱜扩獜瑩ⵥ慰正条獥獜慴汲瑥整浜摩汤睥牡履慢敳瀮≹‬楬敮ㄠ㔶‬湩挠污彬敮瑸਍††⁼††慲獩⁥灡彰硥ൣ †簠†䘠汩⁥䌢尺獕牥屳整档屡灁䑰瑡屡潌慣屬牐杯慲獭停瑹潨屮祐桴湯ㄳ尲楌屢楳整瀭捡慫敧屳瑳牡敬瑴履業摤敬慷敲扜獡⹥祰Ⱒ氠湩⁥㔱ⰱ椠⁮潣潲਍††⁼††睡楡⁴敳晬愮灰猨潣数‬敲散癩彥牯摟獩潣湮捥ⱴ猠湥彤潮敟牲牯ഩ †簠†䘠汩⁥䌢尺獕牥屳整档屡灁䑰瑡屡潌慣屬牐杯慲獭停瑹潨屮祐桴湯ㄳ尲楌屢楳整瀭捡慫敧屳瑳牡敬瑴履業摤敬慷敲扜獡⹥祰Ⱒ氠湩⁥㠱ⰹ椠⁮彟慣汬彟਍††⁼††楷桴挠汯慬獰彥硥杣潲灵⡳㨩਍††⁼†楆敬∠㩃啜敳獲瑜捥慨䅜灰慄慴䱜捯污停潲牧浡屳祐桴湯停瑹潨㍮㈱䱜扩捜湯整瑸楬⹢祰Ⱒ氠湩⁥㔱ⰸ椠⁮彟硥瑩彟਍††⁼††敳晬朮湥琮牨睯瘨污敵ഩ †簠†䘠汩⁥䌢尺獕牥屳整档屡灁䑰瑡屡潌慣屬牐杯慲獭停瑹潨屮祐桴湯ㄳ尲楌屢楳整瀭捡慫敧屳瑳牡敬瑴履畟楴獬瀮≹‬楬敮㤠ⰳ椠⁮潣汬灡敳敟捸牧畯獰਍††⁼††慲獩⁥硥ൣ †簠†䘠汩⁥䌢尺獕牥屳整档屡灁䑰瑡屡潌慣屬牐杯慲獭停瑹潨屮祐桴湯ㄳ尲楌屢楳整瀭捡慫敧屳瑳牡敬瑴履業摤敬慷敲扜獡⹥祰Ⱒ氠湩⁥㤱ⰱ椠⁮彟慣汬彟਍††⁼††敲灳湯敳㴠愠慷瑩猠汥⹦楤灳瑡档晟湵⡣敲畱獥ⱴ挠污彬敮瑸ഩ †簠††††††††幞幞幞幞幞幞幞幞幞幞幞幞幞幞幞幞幞幞幞幞幞幞਍††⁼†楆敬∠㩃啜敳獲瑜捥慨作敮牄癩履敄歳潴屰慳敬⁳楡瀠慬晴潲屭慢正湥層灡屰業摤敬慷敲獜捥牵瑩⹹祰Ⱒ氠湩⁥ㄲⰲ椠⁮楤灳瑡档਍††⁼††慲獩⁥呈偔硅散瑰潩⡮਍††⁼慦瑳灡⹩硥散瑰潩獮䠮呔䕐捸灥楴湯›㈴㨹吠潯洠湡⁹敲畱獥獴‮慍楸畭⁭〶爠煥敵瑳⁳数⁲業畮整愠汬睯摥മ †⬠ⴭⴭⴭⴭⴭⴭⴭⴭⴭⴭⴭⴭⴭⴭⴭⴭⴭⴭ਍਍畄楲杮栠湡汤湩⁧景琠敨愠潢敶攠捸灥楴湯‬湡瑯敨⁲硥散瑰潩⁮捯畣牲摥ഺഊ吊慲散慢正⠠潭瑳爠捥湥⁴慣汬氠獡⥴ഺ 䘠汩⁥䌢尺獕牥屳整档屡灁䑰瑡屡潌慣屬牐杯慲獭停瑹潨屮祐桴湯ㄳ尲楌屢楳整瀭捡慫敧屳瑳牡敬瑴履業摤敬慷敲敜牲牯⹳祰Ⱒ氠湩⁥㘱ⰴ椠⁮彟慣汬彟਍††睡楡⁴敳晬愮灰猨潣数‬敲散癩ⱥ张敳摮ഩ 䘠汩⁥䌢尺獕牥屳整档屡灁䑰瑡屡潌慣屬牐杯慲獭停瑹潨屮祐桴湯ㄳ尲楌屢楳整瀭捡慫敧屳瑳牡敬瑴履業摤敬慷敲扜獡⹥祰Ⱒ氠湩⁥㠱ⰹ椠⁮彟慣汬彟਍††楷桴挠汯慬獰彥硥杣潲灵⡳㨩਍†楆敬∠㩃啜敳獲瑜捥慨䅜灰慄慴䱜捯污停潲牧浡屳祐桴湯停瑹潨㍮㈱䱜扩捜湯整瑸楬⹢祰Ⱒ氠湩⁥㔱ⰸ椠⁮彟硥瑩彟਍††敳晬朮湥琮牨睯瘨污敵ഩ 䘠汩⁥䌢尺獕牥屳整档屡灁䑰瑡屡潌慣屬牐杯慲獭停瑹潨屮祐桴湯ㄳ尲楌屢楳整瀭捡慫敧屳瑳牡敬瑴履畟楴獬瀮≹‬楬敮㤠ⰳ椠⁮潣汬灡敳敟捸牧畯獰਍††慲獩⁥硥ൣ 䘠汩⁥䌢尺獕牥屳整档屡灁䑰瑡屡潌慣屬牐杯慲獭停瑹潨屮祐桴湯ㄳ尲楌屢楳整瀭捡慫敧屳瑳牡敬瑴履業摤敬慷敲扜獡⹥祰Ⱒ氠湩⁥㤱ⰱ椠⁮彟慣汬彟਍††敲灳湯敳㴠愠慷瑩猠汥⹦楤灳瑡档晟湵⡣敲畱獥ⱴ挠污彬敮瑸ഩ †††††††幞幞幞幞幞幞幞幞幞幞幞幞幞幞幞幞幞幞幞幞幞幞਍†楆敬∠㩃啜敳獲瑜捥慨作敮牄癩履敄歳潴屰慳敬⁳楡瀠慬晴潲屭慢正湥層灡屰業摤敬慷敲牜煥敵瑳损湯整瑸瀮≹‬楬敮㔠ⰶ椠⁮楤灳瑡档਍††慲獩⁥൥ 䘠汩⁥䌢尺獕牥屳整档屡湏䑥楲敶䑜獥瑫灯獜污獥愠⁩汰瑡牦浯扜捡敫摮慜灰浜摩汤睥牡履敲畱獥彴潣瑮硥⹴祰Ⱒ氠湩⁥〵‬湩搠獩慰捴൨ †爠獥潰獮⁥‽睡楡⁴慣汬湟硥⡴敲畱獥⥴਍†††††††帠幞幞幞幞幞幞幞幞幞幞幞൞ 䘠汩⁥䌢尺獕牥屳整档屡灁䑰瑡屡潌慣屬牐杯慲獭停瑹潨屮祐桴湯ㄳ尲楌屢楳整瀭捡慫敧屳瑳牡敬瑴履業摤敬慷敲扜獡⹥祰Ⱒ氠湩⁥㘱ⰵ椠⁮慣汬湟硥൴ †爠楡敳愠灰敟捸਍†楆敬∠㩃啜敳獲瑜捥慨䅜灰慄慴䱜捯污停潲牧浡屳祐桴湯停瑹潨㍮㈱䱜扩獜瑩ⵥ慰正条獥獜慴汲瑥整浜摩汤睥牡履慢敳瀮≹‬楬敮ㄠㄵ‬湩挠牯൯ †愠慷瑩猠汥⹦灡⡰捳灯ⱥ爠捥楥敶潟彲楤捳湯敮瑣‬敳摮湟彯牥潲⥲਍†楆敬∠㩃啜敳獲瑜捥慨䅜灰慄慴䱜捯污停潲牧浡屳祐桴湯停瑹潨㍮㈱䱜扩獜瑩ⵥ慰正条獥獜慴汲瑥整浜摩汤睥牡履慢敳瀮≹‬楬敮ㄠ㤸‬湩张损污彬ൟ †眠瑩⁨潣汬灡敳敟捸牧畯獰⤨ഺ 䘠汩⁥䌢尺獕牥屳整档屡灁䑰瑡屡潌慣屬牐杯慲獭停瑹潨屮祐桴湯ㄳ尲楌屢潣瑮硥汴扩瀮≹‬楬敮ㄠ㠵‬湩张敟楸彴ൟ †猠汥⹦敧⹮桴潲⡷慶畬⥥਍†楆敬∠㩃啜敳獲瑜捥慨䅜灰慄慴䱜捯污停潲牧浡屳祐桴湯停瑹潨㍮㈱䱜扩獜瑩ⵥ慰正条獥獜慴汲瑥整彜瑵汩⹳祰Ⱒ氠湩⁥㌹‬湩挠汯慬獰彥硥杣潲灵൳ †爠楡敳攠捸਍†楆敬∠㩃啜敳獲瑜捥慨䅜灰慄慴䱜捯污停潲牧浡屳祐桴湯停瑹潨㍮㈱䱜扩獜瑩ⵥ慰正条獥獜慴汲瑥整浜摩汤睥牡履慢敳瀮≹‬楬敮ㄠㄹ‬湩张损污彬ൟ †爠獥潰獮⁥‽睡楡⁴敳晬搮獩慰捴彨畦据爨煥敵瑳‬慣汬湟硥⥴਍†††††††帠幞幞幞幞幞幞幞幞幞幞幞幞幞幞幞幞幞幞幞幞幞൞ 䘠汩⁥䌢尺獕牥屳整档屡湏䑥楲敶䑜獥瑫灯獜污獥愠⁩汰瑡牦浯扜捡敫摮慜灰浜摩汤睥牡履敳畣楲祴瀮≹‬楬敮㈠㈳‬湩搠獩慰捴൨ †爠獥潰獮⁥‽睡楡⁴慣汬湟硥⡴敲畱獥⥴਍†††††††帠幞幞幞幞幞幞幞幞幞幞幞൞ 䘠汩⁥䌢尺獕牥屳整档屡灁䑰瑡屡潌慣屬牐杯慲獭停瑹潨屮祐桴湯ㄳ尲楌屢楳整瀭捡慫敧屳瑳牡敬瑴履業摤敬慷敲扜獡⹥祰Ⱒ氠湩⁥㘱ⰵ椠⁮慣汬湟硥൴ †爠楡敳愠灰敟捸਍†楆敬∠㩃啜敳獲瑜捥慨䅜灰慄慴䱜捯污停潲牧浡屳祐桴湯停瑹潨㍮㈱䱜扩獜瑩ⵥ慰正条獥獜慴汲瑥整浜摩汤睥牡履慢敳瀮≹‬楬敮ㄠㄵ‬湩挠牯൯ †愠慷瑩猠汥⹦灡⡰捳灯ⱥ爠捥楥敶潟彲楤捳湯敮瑣‬敳摮湟彯牥潲⥲਍†楆敬∠㩃啜敳獲瑜捥慨䅜灰慄慴䱜捯污停潲牧浡屳祐桴湯停瑹潨㍮㈱䱜扩獜瑩ⵥ慰正条獥獜慴汲瑥整浜摩汤睥牡履慢敳瀮≹‬楬敮ㄠ㤸‬湩张损污彬ൟ †眠瑩⁨潣汬灡敳敟捸牧畯獰⤨ഺ 䘠汩⁥䌢尺獕牥屳整档屡灁䑰瑡屡潌慣屬牐杯慲獭停瑹潨屮祐桴湯ㄳ尲楌屢潣瑮硥汴扩瀮≹‬楬敮ㄠ㠵‬湩张敟楸彴ൟ †猠汥⹦敧⹮桴潲⡷慶畬⥥਍†楆敬∠㩃啜敳獲瑜捥慨䅜灰慄慴䱜捯污停潲牧浡屳祐桴湯停瑹潨㍮㈱䱜扩獜瑩ⵥ慰正条獥獜慴汲瑥整彜瑵汩⹳祰Ⱒ氠湩⁥㌹‬湩挠汯慬獰彥硥杣潲灵൳ †爠楡敳攠捸਍†楆敬∠㩃啜敳獲瑜捥慨䅜灰慄慴䱜捯污停潲牧浡屳祐桴湯停瑹潨㍮㈱䱜扩獜瑩ⵥ慰正条獥獜慴汲瑥整浜摩汤睥牡履慢敳瀮≹‬楬敮ㄠㄹ‬湩张损污彬ൟ †爠獥潰獮⁥‽睡楡⁴敳晬搮獩慰捴彨畦据爨煥敵瑳‬慣汬湟硥⥴਍†††††††帠幞幞幞幞幞幞幞幞幞幞幞幞幞幞幞幞幞幞幞幞幞൞ 䘠汩⁥䌢尺獕牥屳整档屡湏䑥楲敶䑜獥瑫灯獜污獥愠⁩汰瑡牦浯扜捡敫摮慜灰浜摩汤睥牡履敳畣楲祴瀮≹‬楬敮㈠㈱‬湩搠獩慰捴൨ †爠楡敳䠠呔䕐捸灥楴湯ന昊獡慴楰攮捸灥楴湯⹳呈偔硅散瑰潩㩮㐠㤲›潔⁯慭祮爠煥敵瑳⹳䴠硡浩浵㘠‰敲畱獥獴瀠牥洠湩瑵⁥污潬敷⹤਍਍㉛㈰ⴶ㌰㈭‹〲㌺㨰㠰㈮㜹㈷崵嬠䑉携㠹搲㍣ⵥ㔳㥦㐭挳ⵦㄸ㈰ㄭ挲㕤㙦㌹㡡崱䔠剒›㈴㨹吠潯洠湡⁹敲畱獥獴‮慍楸畭⁭〶爠煥敵瑳⁳数⁲業畮整愠汬睯摥മ ⬠䔠捸灥楴湯䜠潲灵吠慲散慢正⠠潭瑳爠捥湥⁴慣汬氠獡⥴ഺ 簠†䘠汩⁥䌢尺獕牥屳整档屡灁䑰瑡屡潌慣屬牐杯慲獭停瑹潨屮祐桴湯ㄳ尲楌屢楳整瀭捡慫敧屳瑳牡敬瑴履畟楴獬瀮≹‬楬敮㠠ⰷ椠⁮潣汬灡敳敟捸牧畯獰਍†⁼††楹汥൤ 簠†䘠汩⁥䌢尺獕牥屳整档屡灁䑰瑡屡潌慣屬牐杯慲獭停瑹潨屮祐桴湯ㄳ尲楌屢楳整瀭捡慫敧屳瑳牡敬瑴履業摤敬慷敲扜獡⹥祰Ⱒ氠湩⁥㤱ⰰ椠⁮彟慣汬彟਍†⁼††獡湹⁣楷桴愠祮潩挮敲瑡彥慴歳束潲灵⤨愠⁳慴歳束潲灵ഺ 簠†䘠汩⁥䌢尺獕牥屳整档屡灁䑰瑡屡潌慣屬牐杯慲獭停瑹潨屮祐桴湯ㄳ尲楌屢楳整瀭捡慫敧屳湡楹屯扟捡敫摮屳慟祳据潩瀮≹‬楬敮㘠㠷‬湩张慟硥瑩彟਍†⁼††慲獩⁥慂敳硅散瑰潩䝮潲灵ന 簠䔠捸灥楴湯片畯㩰甠桮湡汤摥攠牲牯⁳湩愠吠獡䝫潲灵⠠‱畳ⵢ硥散瑰潩⥮਍†⴫⴫ⴭⴭⴭⴭⴭⴭⴭ‭‱ⴭⴭⴭⴭⴭⴭⴭⴭ਍††⁼牔捡扥捡⁫洨獯⁴敲散瑮挠污⁬慬瑳㨩਍††⁼†楆敬∠㩃啜敳獲瑜捥慨䅜灰慄慴䱜捯污停潲牧浡屳祐桴湯停瑹潨㍮㈱䱜扩獜瑩ⵥ慰正条獥獜慴汲瑥整浜摩汤睥牡履牥潲獲瀮≹‬楬敮ㄠ㐶‬湩张损污彬ൟ †簠††愠慷瑩猠汥⹦灡⡰捳灯ⱥ爠捥楥敶‬獟湥⥤਍††⁼†楆敬∠㩃啜敳獲瑜捥慨䅜灰慄慴䱜捯污停潲牧浡屳祐桴湯停瑹潨㍮㈱䱜扩獜瑩ⵥ慰正条獥獜慴汲瑥整浜摩汤睥牡履慢敳瀮≹‬楬敮ㄠ㤸‬湩张损污彬ൟ †簠††眠瑩⁨潣汬灡敳敟捸牧畯獰⤨ഺ †簠†䘠汩⁥䌢尺獕牥屳整档屡灁䑰瑡屡潌慣屬牐杯慲獭停瑹潨屮祐桴湯ㄳ尲楌屢潣瑮硥汴扩瀮≹‬楬敮ㄠ㠵‬湩张敟楸彴ൟ †簠††猠汥⹦敧⹮桴潲⡷慶畬⥥਍††⁼†楆敬∠㩃啜敳獲瑜捥慨䅜灰慄慴䱜捯污停潲牧浡屳祐桴湯停瑹潨㍮㈱䱜扩獜瑩ⵥ慰正条獥獜慴汲瑥整彜瑵汩⹳祰Ⱒ氠湩⁥㌹‬湩挠汯慬獰彥硥杣潲灵൳ †簠††爠楡敳攠捸਍††⁼†楆敬∠㩃啜敳獲瑜捥慨䅜灰慄慴䱜捯污停潲牧浡屳祐桴湯停瑹潨㍮㈱䱜扩獜瑩ⵥ慰正条獥獜慴汲瑥整浜摩汤睥牡履慢敳瀮≹‬楬敮ㄠㄹ‬湩张损污彬ൟ †簠††爠獥潰獮⁥‽睡楡⁴敳晬搮獩慰捴彨畦据爨煥敵瑳‬慣汬湟硥⥴਍††⁼†††††††帠幞幞幞幞幞幞幞幞幞幞幞幞幞幞幞幞幞幞幞幞幞൞ †簠†䘠汩⁥䌢尺獕牥屳整档屡湏䑥楲敶䑜獥瑫灯獜污獥愠⁩汰瑡牦浯扜捡敫摮慜灰浜摩汤睥牡履敲畱獥彴潣瑮硥⹴祰Ⱒ氠湩⁥㘵‬湩搠獩慰捴൨ †簠††爠楡敳攠਍††⁼†楆敬∠㩃啜敳獲瑜捥慨作敮牄癩履敄歳潴屰慳敬⁳楡瀠慬晴潲屭慢正湥層灡屰業摤敬慷敲牜煥敵瑳损湯整瑸瀮≹‬楬敮㔠ⰰ椠⁮楤灳瑡档਍††⁼††敲灳湯敳㴠愠慷瑩挠污彬敮瑸爨煥敵瑳ഩ †簠††††††††幞幞幞幞幞幞幞幞幞幞幞幞਍††⁼†楆敬∠㩃啜敳獲瑜捥慨䅜灰慄慴䱜捯污停潲牧浡屳祐桴湯停瑹潨㍮㈱䱜扩獜瑩ⵥ慰正条獥獜慴汲瑥整浜摩汤睥牡履慢敳瀮≹‬楬敮ㄠ㔶‬湩挠污彬敮瑸਍††⁼††慲獩⁥灡彰硥ൣ †簠†䘠汩⁥䌢尺獕牥屳整档屡灁䑰瑡屡潌慣屬牐杯慲獭停瑹潨屮祐桴湯ㄳ尲楌屢楳整瀭捡慫敧屳瑳牡敬瑴履業摤敬慷敲扜獡⹥祰Ⱒ氠湩⁥㔱ⰱ椠⁮潣潲਍††⁼††睡楡⁴敳晬愮灰猨潣数‬敲散癩彥牯摟獩潣湮捥ⱴ猠湥彤潮敟牲牯ഩ †簠†䘠汩⁥䌢尺獕牥屳整档屡灁䑰瑡屡潌慣屬牐杯慲獭停瑹潨屮祐桴湯ㄳ尲楌屢楳整瀭捡慫敧屳瑳牡敬瑴履業摤敬慷敲扜獡⹥祰Ⱒ氠湩⁥㠱ⰹ椠⁮彟慣汬彟਍††⁼††楷桴挠汯慬獰彥硥杣潲灵⡳㨩਍††⁼†楆敬∠㩃啜敳獲瑜捥慨䅜灰慄慴䱜捯污停潲牧浡屳祐桴湯停瑹潨㍮㈱䱜扩捜湯整瑸楬⹢祰Ⱒ氠湩⁥㔱ⰸ椠⁮彟硥瑩彟਍††⁼††敳晬朮湥琮牨睯瘨污敵ഩ †簠†䘠汩⁥䌢尺獕牥屳整档屡灁䑰瑡屡潌慣屬牐杯慲獭停瑹潨屮祐桴湯ㄳ尲楌屢楳整瀭捡慫敧屳瑳牡敬瑴履畟楴獬瀮≹‬楬敮㤠ⰳ椠⁮潣汬灡敳敟捸牧畯獰਍††⁼††慲獩⁥硥ൣ †簠†䘠汩⁥䌢尺獕牥屳整档屡灁䑰瑡屡潌慣屬牐杯慲獭停瑹潨屮祐桴湯ㄳ尲楌屢楳整瀭捡慫敧屳瑳牡敬瑴履業摤敬慷敲扜獡⹥祰Ⱒ氠湩⁥㤱ⰱ椠⁮彟慣汬彟਍††⁼††敲灳湯敳㴠愠慷瑩猠汥⹦楤灳瑡档晟湵⡣敲畱獥ⱴ挠污彬敮瑸ഩ †簠††††††††幞幞幞幞幞幞幞幞幞幞幞幞幞幞幞幞幞幞幞幞幞幞਍††⁼†楆敬∠㩃啜敳獲瑜捥慨作敮牄癩履敄歳潴屰慳敬⁳楡瀠慬晴潲屭慢正湥層灡屰業摤敬慷敲獜捥牵瑩⹹祰Ⱒ氠湩⁥㌲ⰲ椠⁮楤灳瑡档਍††⁼††敲灳湯敳㴠愠慷瑩挠污彬敮瑸爨煥敵瑳ഩ †簠††††††††幞幞幞幞幞幞幞幞幞幞幞幞਍††⁼†楆敬∠㩃啜敳獲瑜捥慨䅜灰慄慴䱜捯污停潲牧浡屳祐桴湯停瑹潨㍮㈱䱜扩獜瑩ⵥ慰正条獥獜慴汲瑥整浜摩汤睥牡履慢敳瀮≹‬楬敮ㄠ㔶‬湩挠污彬敮瑸਍††⁼††慲獩⁥灡彰硥ൣ †簠†䘠汩⁥䌢尺獕牥屳整档屡灁䑰瑡屡潌慣屬牐杯慲獭停瑹潨屮祐桴湯ㄳ尲楌屢楳整瀭捡慫敧屳瑳牡敬瑴履業摤敬慷敲扜獡⹥祰Ⱒ氠湩⁥㔱ⰱ椠⁮潣潲਍††⁼††睡楡⁴敳晬愮灰猨潣数‬敲散癩彥牯摟獩潣湮捥ⱴ猠湥彤潮敟牲牯ഩ †簠†䘠汩⁥䌢尺獕牥屳整档屡灁䑰瑡屡潌慣屬牐杯慲獭停瑹潨屮祐桴湯ㄳ尲楌屢楳整瀭捡慫敧屳瑳牡敬瑴履業摤敬慷敲扜獡⹥祰Ⱒ氠湩⁥㠱ⰹ椠⁮彟慣汬彟਍††⁼††楷桴挠汯慬獰彥硥杣潲灵⡳㨩਍††⁼†楆敬∠㩃啜敳獲瑜捥慨䅜灰慄慴䱜捯污停潲牧浡屳祐桴湯停瑹潨㍮㈱䱜扩捜湯整瑸楬⹢祰Ⱒ氠湩⁥㔱ⰸ椠⁮彟硥瑩彟਍††⁼††敳晬朮湥琮牨睯瘨污敵ഩ †簠†䘠汩⁥䌢尺獕牥屳整档屡灁䑰瑡屡潌慣屬牐杯慲獭停瑹潨屮祐桴湯ㄳ尲楌屢楳整瀭捡慫敧屳瑳牡敬瑴履畟楴獬瀮≹‬楬敮㤠ⰳ椠⁮潣汬灡敳敟捸牧畯獰਍††⁼††慲獩⁥硥ൣ †簠†䘠汩⁥䌢尺獕牥屳整档屡灁䑰瑡屡潌慣屬牐杯慲獭停瑹潨屮祐桴湯ㄳ尲楌屢楳整瀭捡慫敧屳瑳牡敬瑴履業摤敬慷敲扜獡⹥祰Ⱒ氠湩⁥㤱ⰱ椠⁮彟慣汬彟਍††⁼††敲灳湯敳㴠愠慷瑩猠汥⹦楤灳瑡档晟湵⡣敲畱獥ⱴ挠污彬敮瑸ഩ †簠††††††††幞幞幞幞幞幞幞幞幞幞幞幞幞幞幞幞幞幞幞幞幞幞਍††⁼†楆敬∠㩃啜敳獲瑜捥慨作敮牄癩履敄歳潴屰慳敬⁳楡瀠慬晴潲屭慢正湥層灡屰業摤敬慷敲獜捥牵瑩⹹祰Ⱒ氠湩⁥ㄲⰲ椠⁮楤灳瑡档਍††⁼††慲獩⁥呈偔硅散瑰潩⡮਍††⁼慦瑳灡⹩硥散瑰潩獮䠮呔䕐捸灥楴湯›㈴㨹吠潯洠湡⁹敲畱獥獴‮慍楸畭⁭〶爠煥敵瑳⁳数⁲業畮整愠汬睯摥മ †⬠ⴭⴭⴭⴭⴭⴭⴭⴭⴭⴭⴭⴭⴭⴭⴭⴭⴭⴭ਍਍畄楲杮栠湡汤湩⁧景琠敨愠潢敶攠捸灥楴湯‬湡瑯敨⁲硥散瑰潩⁮捯畣牲摥ഺഊ吊慲散慢正⠠潭瑳爠捥湥⁴慣汬氠獡⥴ഺ 䘠汩⁥䌢尺獕牥屳整档屡灁䑰瑡屡潌慣屬牐杯慲獭停瑹潨屮祐桴湯ㄳ尲楌屢楳整瀭捡慫敧屳瑳牡敬瑴履業摤敬慷敲敜牲牯⹳祰Ⱒ氠湩⁥㘱ⰴ椠⁮彟慣汬彟਍††睡楡⁴敳晬愮灰猨潣数‬敲散癩ⱥ张敳摮ഩ 䘠汩⁥䌢尺獕牥屳整档屡灁䑰瑡屡潌慣屬牐杯慲獭停瑹潨屮祐桴湯ㄳ尲楌屢楳整瀭捡慫敧屳瑳牡敬瑴履業摤敬慷敲扜獡⹥祰Ⱒ氠湩⁥㠱ⰹ椠⁮彟慣汬彟਍††楷桴挠汯慬獰彥硥杣潲灵⡳㨩਍†楆敬∠㩃啜敳獲瑜捥慨䅜灰慄慴䱜捯污停潲牧浡屳祐桴湯停瑹潨㍮㈱䱜扩捜湯整瑸楬⹢祰Ⱒ氠湩⁥㔱ⰸ椠⁮彟硥瑩彟਍††敳晬朮湥琮牨睯瘨污敵ഩ 䘠汩⁥䌢尺獕牥屳整档屡灁䑰瑡屡潌慣屬牐杯慲獭停瑹潨屮祐桴湯ㄳ尲楌屢楳整瀭捡慫敧屳瑳牡敬瑴履畟楴獬瀮≹‬楬敮㤠ⰳ椠⁮潣汬灡敳敟捸牧畯獰਍††慲獩⁥硥ൣ 䘠汩⁥䌢尺獕牥屳整档屡灁䑰瑡屡潌慣屬牐杯慲獭停瑹潨屮祐桴湯ㄳ尲楌屢楳整瀭捡慫敧屳瑳牡敬瑴履業摤敬慷敲扜獡⹥祰Ⱒ氠湩⁥㤱ⰱ椠⁮彟慣汬彟਍††敲灳湯敳㴠愠慷瑩猠汥⹦楤灳瑡档晟湵⡣敲畱獥ⱴ挠污彬敮瑸ഩ †††††††幞幞幞幞幞幞幞幞幞幞幞幞幞幞幞幞幞幞幞幞幞幞਍†楆敬∠㩃啜敳獲瑜捥慨作敮牄癩履敄歳潴屰慳敬⁳楡瀠慬晴潲屭慢正湥層灡屰業摤敬慷敲牜煥敵瑳损湯整瑸瀮≹‬楬敮㔠ⰶ椠⁮楤灳瑡档਍††慲獩⁥൥ 䘠汩⁥䌢尺獕牥屳整档屡湏䑥楲敶䑜獥瑫灯獜污獥愠⁩汰瑡牦浯扜捡敫摮慜灰浜摩汤睥牡履敲畱獥彴潣瑮硥⹴祰Ⱒ氠湩⁥〵‬湩搠獩慰捴൨ †爠獥潰獮⁥‽睡楡⁴慣汬湟硥⡴敲畱獥⥴਍†††††††帠幞幞幞幞幞幞幞幞幞幞幞൞ 䘠汩⁥䌢尺獕牥屳整档屡灁䑰瑡屡潌慣屬牐杯慲獭停瑹潨屮祐桴湯ㄳ尲楌屢楳整瀭捡慫敧屳瑳牡敬瑴履業摤敬慷敲扜獡⹥祰Ⱒ氠湩⁥㘱ⰵ椠⁮慣汬湟硥൴ †爠楡敳愠灰敟捸਍†楆敬∠㩃啜敳獲瑜捥慨䅜灰慄慴䱜捯污停潲牧浡屳祐桴湯停瑹潨㍮㈱䱜扩獜瑩ⵥ慰正条獥獜慴汲瑥整浜摩汤睥牡履慢敳瀮≹‬楬敮ㄠㄵ‬湩挠牯൯ †愠慷瑩猠汥⹦灡⡰捳灯ⱥ爠捥楥敶潟彲楤捳湯敮瑣‬敳摮湟彯牥潲⥲਍†楆敬∠㩃啜敳獲瑜捥慨䅜灰慄慴䱜捯污停潲牧浡屳祐桴湯停瑹潨㍮㈱䱜扩獜瑩ⵥ慰正条獥獜慴汲瑥整浜摩汤睥牡履慢敳瀮≹‬楬敮ㄠ㤸‬湩张损污彬ൟ †眠瑩⁨潣汬灡敳敟捸牧畯獰⤨ഺ 䘠汩⁥䌢尺獕牥屳整档屡灁䑰瑡屡潌慣屬牐杯慲獭停瑹潨屮祐桴湯ㄳ尲楌屢潣瑮硥汴扩瀮≹‬楬敮ㄠ㠵‬湩张敟楸彴ൟ †猠汥⹦敧⹮桴潲⡷慶畬⥥਍†楆敬∠㩃啜敳獲瑜捥慨䅜灰慄慴䱜捯污停潲牧浡屳祐桴湯停瑹潨㍮㈱䱜扩獜瑩ⵥ慰正条獥獜慴汲瑥整彜瑵汩⹳祰Ⱒ氠湩⁥㌹‬湩挠汯慬獰彥硥杣潲灵൳ †爠楡敳攠捸਍†楆敬∠㩃啜敳獲瑜捥慨䅜灰慄慴䱜捯污停潲牧浡屳祐桴湯停瑹潨㍮㈱䱜扩獜瑩ⵥ慰正条獥獜慴汲瑥整浜摩汤睥牡履慢敳瀮≹‬楬敮ㄠㄹ‬湩张损污彬ൟ †爠獥潰獮⁥‽睡楡⁴敳晬搮獩慰捴彨畦据爨煥敵瑳‬慣汬湟硥⥴਍†††††††帠幞幞幞幞幞幞幞幞幞幞幞幞幞幞幞幞幞幞幞幞幞൞ 䘠汩⁥䌢尺獕牥屳整档屡湏䑥楲敶䑜獥瑫灯獜污獥愠⁩汰瑡牦浯扜捡敫摮慜灰浜摩汤睥牡履敳畣楲祴瀮≹‬楬敮㈠㈳‬湩搠獩慰捴൨ †爠獥潰獮⁥‽睡楡⁴慣汬湟硥⡴敲畱獥⥴਍†††††††帠幞幞幞幞幞幞幞幞幞幞幞൞ 䘠汩⁥䌢尺獕牥屳整档屡灁䑰瑡屡潌慣屬牐杯慲獭停瑹潨屮祐桴湯ㄳ尲楌屢楳整瀭捡慫敧屳瑳牡敬瑴履業摤敬慷敲扜獡⹥祰Ⱒ氠湩⁥㘱ⰵ椠⁮慣汬湟硥൴ †爠楡敳愠灰敟捸਍†楆敬∠㩃啜敳獲瑜捥慨䅜灰慄慴䱜捯污停潲牧浡屳祐桴湯停瑹潨㍮㈱䱜扩獜瑩ⵥ慰正条獥獜慴汲瑥整浜摩汤睥牡履慢敳瀮≹‬楬敮ㄠㄵ‬湩挠牯൯ †愠慷瑩猠汥⹦灡⡰捳灯ⱥ爠捥楥敶潟彲楤捳湯敮瑣‬敳摮湟彯牥潲⥲਍†楆敬∠㩃啜敳獲瑜捥慨䅜灰慄慴䱜捯污停潲牧浡屳祐桴湯停瑹潨㍮㈱䱜扩獜瑩ⵥ慰正条獥獜慴汲瑥整浜摩汤睥牡履慢敳瀮≹‬楬敮ㄠ㤸‬湩张损污彬ൟ †眠瑩⁨潣汬灡敳敟捸牧畯獰⤨ഺ 䘠汩⁥䌢尺獕牥屳整档屡灁䑰瑡屡潌慣屬牐杯慲獭停瑹潨屮祐桴湯ㄳ尲楌屢潣瑮硥汴扩瀮≹‬楬敮ㄠ㠵‬湩张敟楸彴ൟ †猠汥⹦敧⹮桴潲⡷慶畬⥥਍†楆敬∠㩃啜敳獲瑜捥慨䅜灰慄慴䱜捯污停潲牧浡屳祐桴湯停瑹潨㍮㈱䱜扩獜瑩ⵥ慰正条獥獜慴汲瑥整彜瑵汩⹳祰Ⱒ氠湩⁥㌹‬湩挠汯慬獰彥硥杣潲灵൳ †爠楡敳攠捸਍†楆敬∠㩃啜敳獲瑜捥慨䅜灰慄慴䱜捯污停潲牧浡屳祐桴湯停瑹潨㍮㈱䱜扩獜瑩ⵥ慰正条獥獜慴汲瑥整浜摩汤睥牡履慢敳瀮≹‬楬敮ㄠㄹ‬湩张损污彬ൟ †爠獥潰獮⁥‽睡楡⁴敳晬搮獩慰捴彨畦据爨煥敵瑳‬慣汬湟硥⥴਍†††††††帠幞幞幞幞幞幞幞幞幞幞幞幞幞幞幞幞幞幞幞幞幞൞ 䘠汩⁥䌢尺獕牥屳整档屡湏䑥楲敶䑜獥瑫灯獜污獥愠⁩汰瑡牦浯扜捡敫摮慜灰浜摩汤睥牡履敳畣楲祴瀮≹‬楬敮㈠㈱‬湩搠獩慰捴൨ †爠楡敳䠠呔䕐捸灥楴湯ന昊獡慴楰攮捸灥楴湯⹳呈偔硅散瑰潩㩮㐠㤲›潔⁯慭祮爠煥敵瑳⹳䴠硡浩浵㘠‰敲畱獥獴瀠牥洠湩瑵⁥污潬敷⹤਍਍㉛㈰ⴶ㌰㈭‹〲㌺㨰㠰㌮〱㔲崲嬠䑉〺搱ㄷ㙣ⵣ戶慤㐭㙥ⴸ昹〱㠭㡦㝣㤴搶㤷崴䔠剒›㈴㨹吠潯洠湡⁹敲畱獥獴‮慍楸畭⁭〶爠煥敵瑳⁳数⁲業畮整愠汬睯摥മ ⬠䔠捸灥楴湯䜠潲灵吠慲散慢正⠠潭瑳爠捥湥⁴慣汬氠獡⥴ഺ 簠†䘠汩⁥䌢尺獕牥屳整档屡灁䑰瑡屡潌慣屬牐杯慲獭停瑹潨屮祐桴湯ㄳ尲楌屢楳整瀭捡慫敧屳瑳牡敬瑴履畟楴獬瀮≹‬楬敮㠠ⰷ椠⁮潣汬灡敳敟捸牧畯獰਍†⁼††楹汥൤ 簠†䘠汩⁥䌢尺獕牥屳整档屡灁䑰瑡屡潌慣屬牐杯慲獭停瑹潨屮祐桴湯ㄳ尲楌屢楳整瀭捡慫敧屳瑳牡敬瑴履業摤敬慷敲扜獡⹥祰Ⱒ氠湩⁥㤱ⰰ椠⁮彟慣汬彟਍†⁼††獡湹⁣楷桴愠祮潩挮敲瑡彥慴歳束潲灵⤨愠⁳慴歳束潲灵ഺ 簠†䘠汩⁥䌢尺獕牥屳整档屡灁䑰瑡屡潌慣屬牐杯慲獭停瑹潨屮祐桴湯ㄳ尲楌屢楳整瀭捡慫敧屳湡楹屯扟捡敫摮屳慟祳据潩瀮≹‬楬敮㘠㠷‬湩张慟硥瑩彟਍†⁼††慲獩⁥慂敳硅散瑰潩䝮潲灵ന 簠䔠捸灥楴湯片畯㩰甠桮湡汤摥攠牲牯⁳湩愠吠獡䝫潲灵⠠‱畳ⵢ硥散瑰潩⥮਍†⴫⴫ⴭⴭⴭⴭⴭⴭⴭ‭‱ⴭⴭⴭⴭⴭⴭⴭⴭ਍††⁼牔捡扥捡⁫洨獯⁴敲散瑮挠污⁬慬瑳㨩਍††⁼†楆敬∠㩃啜敳獲瑜捥慨䅜灰慄慴䱜捯污停潲牧浡屳祐桴湯停瑹潨㍮㈱䱜扩獜瑩ⵥ慰正条獥獜慴汲瑥整浜摩汤睥牡履牥潲獲瀮≹‬楬敮ㄠ㐶‬湩张损污彬ൟ †簠††愠慷瑩猠汥⹦灡⡰捳灯ⱥ爠捥楥敶‬獟湥⥤਍††⁼†楆敬∠㩃啜敳獲瑜捥慨䅜灰慄慴䱜捯污停潲牧浡屳祐桴湯停瑹潨㍮㈱䱜扩獜瑩ⵥ慰正条獥獜慴汲瑥整浜摩汤睥牡履慢敳瀮≹‬楬敮ㄠ㤸‬湩张损污彬ൟ †簠††眠瑩⁨潣汬灡敳敟捸牧畯獰⤨ഺ †簠†䘠汩⁥䌢尺獕牥屳整档屡灁䑰瑡屡潌慣屬牐杯慲獭停瑹潨屮祐桴湯ㄳ尲楌屢潣瑮硥汴扩瀮≹‬楬敮ㄠ㠵‬湩张敟楸彴ൟ †簠††猠汥⹦敧⹮桴潲⡷慶畬⥥਍††⁼†楆敬∠㩃啜敳獲瑜捥慨䅜灰慄慴䱜捯污停潲牧浡屳祐桴湯停瑹潨㍮㈱䱜扩獜瑩ⵥ慰正条獥獜慴汲瑥整彜瑵汩⹳祰Ⱒ氠湩⁥㌹‬湩挠汯慬獰彥硥杣潲灵൳ †簠††爠楡敳攠捸਍††⁼†楆敬∠㩃啜敳獲瑜捥慨䅜灰慄慴䱜捯污停潲牧浡屳祐桴湯停瑹潨㍮㈱䱜扩獜瑩ⵥ慰正条獥獜慴汲瑥整浜摩汤睥牡履慢敳瀮≹‬楬敮ㄠㄹ‬湩张损污彬ൟ †簠††爠獥潰獮⁥‽睡楡⁴敳晬搮獩慰捴彨畦据爨煥敵瑳‬慣汬湟硥⥴਍††⁼†††††††帠幞幞幞幞幞幞幞幞幞幞幞幞幞幞幞幞幞幞幞幞幞൞ †簠†䘠汩⁥䌢尺獕牥屳整档屡湏䑥楲敶䑜獥瑫灯獜污獥愠⁩汰瑡牦浯扜捡敫摮慜灰浜摩汤睥牡履敲畱獥彴潣瑮硥⹴祰Ⱒ氠湩⁥㘵‬湩搠獩慰捴൨ †簠††爠楡敳攠਍††⁼†楆敬∠㩃啜敳獲瑜捥慨作敮牄癩履敄歳潴屰慳敬⁳楡瀠慬晴潲屭慢正湥層灡屰業摤敬慷敲牜煥敵瑳损湯整瑸瀮≹‬楬敮㔠ⰰ椠⁮楤灳瑡档਍††⁼††敲灳湯敳㴠愠慷瑩挠污彬敮瑸爨煥敵瑳ഩ †簠††††††††幞幞幞幞幞幞幞幞幞幞幞幞਍††⁼†楆敬∠㩃啜敳獲瑜捥慨䅜灰慄慴䱜捯污停潲牧浡屳祐桴湯停瑹潨㍮㈱䱜扩獜瑩ⵥ慰正条獥獜慴汲瑥整浜摩汤睥牡履慢敳瀮≹‬楬敮ㄠ㔶‬湩挠污彬敮瑸਍††⁼††慲獩⁥灡彰硥ൣ †簠†䘠汩⁥䌢尺獕牥屳整档屡灁䑰瑡屡潌慣屬牐杯慲獭停瑹潨屮祐桴湯ㄳ尲楌屢楳整瀭捡慫敧屳瑳牡敬瑴履業摤敬慷敲扜獡⹥祰Ⱒ氠湩⁥㔱ⰱ椠⁮潣潲਍††⁼††睡楡⁴敳晬愮灰猨潣数‬敲散癩彥牯摟獩潣湮捥ⱴ猠湥彤潮敟牲牯ഩ †簠†䘠汩⁥䌢尺獕牥屳整档屡灁䑰瑡屡潌慣屬牐杯慲獭停瑹潨屮祐桴湯ㄳ尲楌屢楳整瀭捡慫敧屳瑳牡敬瑴履業摤敬慷敲扜獡⹥祰Ⱒ氠湩⁥㠱ⰹ椠⁮彟慣汬彟਍††⁼††楷桴挠汯慬獰彥硥杣潲灵⡳㨩਍††⁼†楆敬∠㩃啜敳獲瑜捥慨䅜灰慄慴䱜捯污停潲牧浡屳祐桴湯停瑹潨㍮㈱䱜扩捜湯整瑸楬⹢祰Ⱒ氠湩⁥㔱ⰸ椠⁮彟硥瑩彟਍††⁼††敳晬朮湥琮牨睯瘨污敵ഩ †簠†䘠汩⁥䌢尺獕牥屳整档屡灁䑰瑡屡潌慣屬牐杯慲獭停瑹潨屮祐桴湯ㄳ尲楌屢楳整瀭捡慫敧屳瑳牡敬瑴履畟楴獬瀮≹‬楬敮㤠ⰳ椠⁮潣汬灡敳敟捸牧畯獰਍††⁼††慲獩⁥硥ൣ †簠†䘠汩⁥䌢尺獕牥屳整档屡灁䑰瑡屡潌慣屬牐杯慲獭停瑹潨屮祐桴湯ㄳ尲楌屢楳整瀭捡慫敧屳瑳牡敬瑴履業摤敬慷敲扜獡⹥祰Ⱒ氠湩⁥㤱ⰱ椠⁮彟慣汬彟਍††⁼††敲灳湯敳㴠愠慷瑩猠汥⹦楤灳瑡档晟湵⡣敲畱獥ⱴ挠污彬敮瑸ഩ †簠††††††††幞幞幞幞幞幞幞幞幞幞幞幞幞幞幞幞幞幞幞幞幞幞਍††⁼†楆敬∠㩃啜敳獲瑜捥慨作敮牄癩履敄歳潴屰慳敬⁳楡瀠慬晴潲屭慢正湥層灡屰業摤敬慷敲獜捥牵瑩⹹祰Ⱒ氠湩⁥㌲ⰲ椠⁮楤灳瑡档਍††⁼††敲灳湯敳㴠愠慷瑩挠污彬敮瑸爨煥敵瑳ഩ †簠††††††††幞幞幞幞幞幞幞幞幞幞幞幞਍††⁼†楆敬∠㩃啜敳獲瑜捥慨䅜灰慄慴䱜捯污停潲牧浡屳祐桴湯停瑹潨㍮㈱䱜扩獜瑩ⵥ慰正条獥獜慴汲瑥整浜摩汤睥牡履慢敳瀮≹‬楬敮ㄠ㔶‬湩挠污彬敮瑸਍††⁼††慲獩⁥灡彰硥ൣ †簠†䘠汩⁥䌢尺獕牥屳整档屡灁䑰瑡屡潌慣屬牐杯慲獭停瑹潨屮祐桴湯ㄳ尲楌屢楳整瀭捡慫敧屳瑳牡敬瑴履業摤敬慷敲扜獡⹥祰Ⱒ氠湩⁥㔱ⰱ椠⁮潣潲਍††⁼††睡楡⁴敳晬愮灰猨潣数‬敲散癩彥牯摟獩潣湮捥ⱴ猠湥彤潮敟牲牯ഩ †簠†䘠汩⁥䌢尺獕牥屳整档屡灁䑰瑡屡潌慣屬牐杯慲獭停瑹潨屮祐桴湯ㄳ尲楌屢楳整瀭捡慫敧屳瑳牡敬瑴履業摤敬慷敲扜獡⹥祰Ⱒ氠湩⁥㠱ⰹ椠⁮彟慣汬彟਍††⁼††楷桴挠汯慬獰彥硥杣潲灵⡳㨩਍††⁼†楆敬∠㩃啜敳獲瑜捥慨䅜灰慄慴䱜捯污停潲牧浡屳祐桴湯停瑹潨㍮㈱䱜扩捜湯整瑸楬⹢祰Ⱒ氠湩⁥㔱ⰸ椠⁮彟硥瑩彟਍††⁼††敳晬朮湥琮牨睯瘨污敵ഩ †簠†䘠汩⁥䌢尺獕牥屳整档屡灁䑰瑡屡潌慣屬牐杯慲獭停瑹潨屮祐桴湯ㄳ尲楌屢楳整瀭捡慫敧屳瑳牡敬瑴履畟楴獬瀮≹‬楬敮㤠ⰳ椠⁮潣汬灡敳敟捸牧畯獰਍††⁼††慲獩⁥硥ൣ †簠†䘠汩⁥䌢尺獕牥屳整档屡灁䑰瑡屡潌慣屬牐杯慲獭停瑹潨屮祐桴湯ㄳ尲楌屢楳整瀭捡慫敧屳瑳牡敬瑴履業摤敬慷敲扜獡⹥祰Ⱒ氠湩⁥㤱ⰱ椠⁮彟慣汬彟਍††⁼††敲灳湯敳㴠愠慷瑩猠汥⹦楤灳瑡档晟湵⡣敲畱獥ⱴ挠污彬敮瑸ഩ †簠††††††††幞幞幞幞幞幞幞幞幞幞幞幞幞幞幞幞幞幞幞幞幞幞਍††⁼†楆敬∠㩃啜敳獲瑜捥慨作敮牄癩履敄歳潴屰慳敬⁳楡瀠慬晴潲屭慢正湥層灡屰業摤敬慷敲獜捥牵瑩⹹祰Ⱒ氠湩⁥ㄲⰲ椠⁮楤灳瑡档਍††⁼††慲獩⁥呈偔硅散瑰潩⡮਍††⁼慦瑳灡⹩硥散瑰潩獮䠮呔䕐捸灥楴湯›㈴㨹吠潯洠湡⁹敲畱獥獴‮慍楸畭⁭〶爠煥敵瑳⁳数⁲業畮整愠汬睯摥മ †⬠ⴭⴭⴭⴭⴭⴭⴭⴭⴭⴭⴭⴭⴭⴭⴭⴭⴭⴭ਍਍畄楲杮栠湡汤湩⁧景琠敨愠潢敶攠捸灥楴湯‬湡瑯敨⁲硥散瑰潩⁮捯畣牲摥ഺഊ吊慲散慢正⠠潭瑳爠捥湥⁴慣汬氠獡⥴ഺ 䘠汩⁥䌢尺獕牥屳整档屡灁䑰瑡屡潌慣屬牐杯慲獭停瑹潨屮祐桴湯ㄳ尲楌屢楳整瀭捡慫敧屳瑳牡敬瑴履業摤敬慷敲敜牲牯⹳祰Ⱒ氠湩⁥㘱ⰴ椠⁮彟慣汬彟਍††睡楡⁴敳晬愮灰猨潣数‬敲散癩ⱥ张敳摮ഩ 䘠汩⁥䌢尺獕牥屳整档屡灁䑰瑡屡潌慣屬牐杯慲獭停瑹潨屮祐桴湯ㄳ尲楌屢楳整瀭捡慫敧屳瑳牡敬瑴履業摤敬慷敲扜獡⹥祰Ⱒ氠湩⁥㠱ⰹ椠⁮彟慣汬彟਍††楷桴挠汯慬獰彥硥杣潲灵⡳㨩਍†楆敬∠㩃啜敳獲瑜捥慨䅜灰慄慴䱜捯污停潲牧浡屳祐桴湯停瑹潨㍮㈱䱜扩捜湯整瑸楬⹢祰Ⱒ氠湩⁥㔱ⰸ椠⁮彟硥瑩彟਍††敳晬朮湥琮牨睯瘨污敵ഩ 䘠汩⁥䌢尺獕牥屳整档屡灁䑰瑡屡潌慣屬牐杯慲獭停瑹潨屮祐桴湯ㄳ尲楌屢楳整瀭捡慫敧屳瑳牡敬瑴履畟楴獬瀮≹‬楬敮㤠ⰳ椠⁮潣汬灡敳敟捸牧畯獰਍††慲獩⁥硥ൣ 䘠汩⁥䌢尺獕牥屳整档屡灁䑰瑡屡潌慣屬牐杯慲獭停瑹潨屮祐桴湯ㄳ尲楌屢楳整瀭捡慫敧屳瑳牡敬瑴履業摤敬慷敲扜獡⹥祰Ⱒ氠湩⁥㤱ⰱ椠⁮彟慣汬彟਍††敲灳湯敳㴠愠慷瑩猠汥⹦楤灳瑡档晟湵⡣敲畱獥ⱴ挠污彬敮瑸ഩ †††††††幞幞幞幞幞幞幞幞幞幞幞幞幞幞幞幞幞幞幞幞幞幞਍†楆敬∠㩃啜敳獲瑜捥慨作敮牄癩履敄歳潴屰慳敬⁳楡瀠慬晴潲屭慢正湥層灡屰業摤敬慷敲牜煥敵瑳损湯整瑸瀮≹‬楬敮㔠ⰶ椠⁮楤灳瑡档਍††慲獩⁥൥ 䘠汩⁥䌢尺獕牥屳整档屡湏䑥楲敶䑜獥瑫灯獜污獥愠⁩汰瑡牦浯扜捡敫摮慜灰浜摩汤睥牡履敲畱獥彴潣瑮硥⹴祰Ⱒ氠湩⁥〵‬湩搠獩慰捴൨ †爠獥潰獮⁥‽睡楡⁴慣汬湟硥⡴敲畱獥⥴਍†††††††帠幞幞幞幞幞幞幞幞幞幞幞൞ 䘠汩⁥䌢尺獕牥屳整档屡灁䑰瑡屡潌慣屬牐杯慲獭停瑹潨屮祐桴湯ㄳ尲楌屢楳整瀭捡慫敧屳瑳牡敬瑴履業摤敬慷敲扜獡⹥祰Ⱒ氠湩⁥㘱ⰵ椠⁮慣汬湟硥൴ †爠楡敳愠灰敟捸਍†楆敬∠㩃啜敳獲瑜捥慨䅜灰慄慴䱜捯污停潲牧浡屳祐桴湯停瑹潨㍮㈱䱜扩獜瑩ⵥ慰正条獥獜慴汲瑥整浜摩汤睥牡履慢敳瀮≹‬楬敮ㄠㄵ‬湩挠牯൯ †愠慷瑩猠汥⹦灡⡰捳灯ⱥ爠捥楥敶潟彲楤捳湯敮瑣‬敳摮湟彯牥潲⥲਍†楆敬∠㩃啜敳獲瑜捥慨䅜灰慄慴䱜捯污停潲牧浡屳祐桴湯停瑹潨㍮㈱䱜扩獜瑩ⵥ慰正条獥獜慴汲瑥整浜摩汤睥牡履慢敳瀮≹‬楬敮ㄠ㤸‬湩张损污彬ൟ †眠瑩⁨潣汬灡敳敟捸牧畯獰⤨ഺ 䘠汩⁥䌢尺獕牥屳整档屡灁䑰瑡屡潌慣屬牐杯慲獭停瑹潨屮祐桴湯ㄳ尲楌屢潣瑮硥汴扩瀮≹‬楬敮ㄠ㠵‬湩张敟楸彴ൟ †猠汥⹦敧⹮桴潲⡷慶畬⥥਍†楆敬∠㩃啜敳獲瑜捥慨䅜灰慄慴䱜捯污停潲牧浡屳祐桴湯停瑹潨㍮㈱䱜扩獜瑩ⵥ慰正条獥獜慴汲瑥整彜瑵汩⹳祰Ⱒ氠湩⁥㌹‬湩挠汯慬獰彥硥杣潲灵൳ †爠楡敳攠捸਍†楆敬∠㩃啜敳獲瑜捥慨䅜灰慄慴䱜捯污停潲牧浡屳祐桴湯停瑹潨㍮㈱䱜扩獜瑩ⵥ慰正条獥獜慴汲瑥整浜摩汤睥牡履慢敳瀮≹‬楬敮ㄠㄹ‬湩张损污彬ൟ †爠獥潰獮⁥‽睡楡⁴敳晬搮獩慰捴彨畦据爨煥敵瑳‬慣汬湟硥⥴਍†††††††帠幞幞幞幞幞幞幞幞幞幞幞幞幞幞幞幞幞幞幞幞幞൞ 䘠汩⁥䌢尺獕牥屳整档屡湏䑥楲敶䑜獥瑫灯獜污獥愠⁩汰瑡牦浯扜捡敫摮慜灰浜摩汤睥牡履敳畣楲祴瀮≹‬楬敮㈠㈳‬湩搠獩慰捴൨ †爠獥潰獮⁥‽睡楡⁴慣汬湟硥⡴敲畱獥⥴਍†††††††帠幞幞幞幞幞幞幞幞幞幞幞൞ 䘠汩⁥䌢尺獕牥屳整档屡灁䑰瑡屡潌慣屬牐杯慲獭停瑹潨屮祐桴湯ㄳ尲楌屢楳整瀭捡慫敧屳瑳牡敬瑴履業摤敬慷敲扜獡⹥祰Ⱒ氠湩⁥㘱ⰵ椠⁮慣汬湟硥൴ †爠楡敳愠灰敟捸਍†楆敬∠㩃啜敳獲瑜捥慨䅜灰慄慴䱜捯污停潲牧浡屳祐桴湯停瑹潨㍮㈱䱜扩獜瑩ⵥ慰正条獥獜慴汲瑥整浜摩汤睥牡履慢敳瀮≹‬楬敮ㄠㄵ‬湩挠牯൯ †愠慷瑩猠汥⹦灡⡰捳灯ⱥ爠捥楥敶潟彲楤捳湯敮瑣‬敳摮湟彯牥潲⥲਍†楆敬∠㩃啜敳獲瑜捥慨䅜灰慄慴䱜捯污停潲牧浡屳祐桴湯停瑹潨㍮㈱䱜扩獜瑩ⵥ慰正条獥獜慴汲瑥整浜摩汤睥牡履慢敳瀮≹‬楬敮ㄠ㤸‬湩张损污彬ൟ †眠瑩⁨潣汬灡敳敟捸牧畯獰⤨ഺ 䘠汩⁥䌢尺獕牥屳整档屡灁䑰瑡屡潌慣屬牐杯慲獭停瑹潨屮祐桴湯ㄳ尲楌屢潣瑮硥汴扩瀮≹‬楬敮ㄠ㠵‬湩张敟楸彴ൟ †猠汥⹦敧⹮桴潲⡷慶畬⥥਍†楆敬∠㩃啜敳獲瑜捥慨䅜灰慄慴䱜捯污停潲牧浡屳祐桴湯停瑹潨㍮㈱䱜扩獜瑩ⵥ慰正条獥獜慴汲瑥整彜瑵汩⹳祰Ⱒ氠湩⁥㌹‬湩挠汯慬獰彥硥杣潲灵൳ †爠楡敳攠捸਍†楆敬∠㩃啜敳獲瑜捥慨䅜灰慄慴䱜捯污停潲牧浡屳祐桴湯停瑹潨㍮㈱䱜扩獜瑩ⵥ慰正条獥獜慴汲瑥整浜摩汤睥牡履慢敳瀮≹‬楬敮ㄠㄹ‬湩张损污彬ൟ †爠獥潰獮⁥‽睡楡⁴敳晬搮獩慰捴彨畦据爨煥敵瑳‬慣汬湟硥⥴਍†††††††帠幞幞幞幞幞幞幞幞幞幞幞幞幞幞幞幞幞幞幞幞幞൞ 䘠汩⁥䌢尺獕牥屳整档屡湏䑥楲敶䑜獥瑫灯獜污獥愠⁩汰瑡牦浯扜捡敫摮慜灰浜摩汤睥牡履敳畣楲祴瀮≹‬楬敮㈠㈱‬湩搠獩慰捴൨ †爠楡敳䠠呔䕐捸灥楴湯ന昊獡慴楰攮捸灥楴湯⹳呈偔硅散瑰潩㩮㐠㤲›潔⁯慭祮爠煥敵瑳⹳䴠硡浩浵㘠‰敲畱獥獴瀠牥洠湩瑵⁥污潬敷⹤਍਍㉛㈰ⴶ㌰㈭‹〲㌺㨰㠰㌮㐲㘷崸嬠䑉携散㤸愲ⵢ㔵㤱㐭挳ⵢ㍡昴㠭搲㌴捥㔷㑣嵣䔠剒›㈴㨹吠潯洠湡⁹敲畱獥獴‮慍楸畭⁭〶爠煥敵瑳⁳数⁲業畮整愠汬睯摥മ ⬠䔠捸灥楴湯䜠潲灵吠慲散慢正⠠潭瑳爠捥湥⁴慣汬氠獡⥴ഺ 簠†䘠汩⁥䌢尺獕牥屳整档屡灁䑰瑡屡潌慣屬牐杯慲獭停瑹潨屮祐桴湯ㄳ尲楌屢楳整瀭捡慫敧屳瑳牡敬瑴履畟楴獬瀮≹‬楬敮㠠ⰷ椠⁮潣汬灡敳敟捸牧畯獰਍†⁼††楹汥൤ 簠†䘠汩⁥䌢尺獕牥屳整档屡灁䑰瑡屡潌慣屬牐杯慲獭停瑹潨屮祐桴湯ㄳ尲楌屢楳整瀭捡慫敧屳瑳牡敬瑴履業摤敬慷敲扜獡⹥祰Ⱒ氠湩⁥㤱ⰰ椠⁮彟慣汬彟਍†⁼††獡湹⁣楷桴愠祮潩挮敲瑡彥慴歳束潲灵⤨愠⁳慴歳束潲灵ഺ 簠†䘠汩⁥䌢尺獕牥屳整档屡灁䑰瑡屡潌慣屬牐杯慲獭停瑹潨屮祐桴湯ㄳ尲楌屢楳整瀭捡慫敧屳湡楹屯扟捡敫摮屳慟祳据潩瀮≹‬楬敮㘠㠷‬湩张慟硥瑩彟਍†⁼††慲獩⁥慂敳硅散瑰潩䝮潲灵ന 簠䔠捸灥楴湯片畯㩰甠桮湡汤摥攠牲牯⁳湩愠吠獡䝫潲灵⠠‱畳ⵢ硥散瑰潩⥮਍†⴫⴫ⴭⴭⴭⴭⴭⴭⴭ‭‱ⴭⴭⴭⴭⴭⴭⴭⴭ਍††⁼牔捡扥捡⁫洨獯⁴敲散瑮挠污⁬慬瑳㨩਍††⁼†楆敬∠㩃啜敳獲瑜捥慨䅜灰慄慴䱜捯污停潲牧浡屳祐桴湯停瑹潨㍮㈱䱜扩獜瑩ⵥ慰正条獥獜慴汲瑥整浜摩汤睥牡履牥潲獲瀮≹‬楬敮ㄠ㐶‬湩张损污彬ൟ †簠††愠慷瑩猠汥⹦灡⡰捳灯ⱥ爠捥楥敶‬獟湥⥤਍††⁼†楆敬∠㩃啜敳獲瑜捥慨䅜灰慄慴䱜捯污停潲牧浡屳祐桴湯停瑹潨㍮㈱䱜扩獜瑩ⵥ慰正条獥獜慴汲瑥整浜摩汤睥牡履慢敳瀮≹‬楬敮ㄠ㤸‬湩张损污彬ൟ †簠††眠瑩⁨潣汬灡敳敟捸牧畯獰⤨ഺ †簠†䘠汩⁥䌢尺獕牥屳整档屡灁䑰瑡屡潌慣屬牐杯慲獭停瑹潨屮祐桴湯ㄳ尲楌屢潣瑮硥汴扩瀮≹‬楬敮ㄠ㠵‬湩张敟楸彴ൟ †簠††猠汥⹦敧⹮桴潲⡷慶畬⥥਍††⁼†楆敬∠㩃啜敳獲瑜捥慨䅜灰慄慴䱜捯污停潲牧浡屳祐桴湯停瑹潨㍮㈱䱜扩獜瑩ⵥ慰正条獥獜慴汲瑥整彜瑵汩⹳祰Ⱒ氠湩⁥㌹‬湩挠汯慬獰彥硥杣潲灵൳ †簠††爠楡敳攠捸਍††⁼†楆敬∠㩃啜敳獲瑜捥慨䅜灰慄慴䱜捯污停潲牧浡屳祐桴湯停瑹潨㍮㈱䱜扩獜瑩ⵥ慰正条獥獜慴汲瑥整浜摩汤睥牡履慢敳瀮≹‬楬敮ㄠㄹ‬湩张损污彬ൟ †簠††爠獥潰獮⁥‽睡楡⁴敳晬搮獩慰捴彨畦据爨煥敵瑳‬慣汬湟硥⥴਍††⁼†††††††帠幞幞幞幞幞幞幞幞幞幞幞幞幞幞幞幞幞幞幞幞幞൞ †簠†䘠汩⁥䌢尺獕牥屳整档屡湏䑥楲敶䑜獥瑫灯獜污獥愠⁩汰瑡牦浯扜捡敫摮慜灰浜摩汤睥牡履敲畱獥彴潣瑮硥⹴祰Ⱒ氠湩⁥㘵‬湩搠獩慰捴൨ †簠††爠楡敳攠਍††⁼†楆敬∠㩃啜敳獲瑜捥慨作敮牄癩履敄歳潴屰慳敬⁳楡瀠慬晴潲屭慢正湥層灡屰業摤敬慷敲牜煥敵瑳损湯整瑸瀮≹‬楬敮㔠ⰰ椠⁮楤灳瑡档਍††⁼††敲灳湯敳㴠愠慷瑩挠污彬敮瑸爨煥敵瑳ഩ †簠††††††††幞幞幞幞幞幞幞幞幞幞幞幞਍††⁼†楆敬∠㩃啜敳獲瑜捥慨䅜灰慄慴䱜捯污停潲牧浡屳祐桴湯停瑹潨㍮㈱䱜扩獜瑩ⵥ慰正条獥獜慴汲瑥整浜摩汤睥牡履慢敳瀮≹‬楬敮ㄠ㔶‬湩挠污彬敮瑸਍††⁼††慲獩⁥灡彰硥ൣ †簠†䘠汩⁥䌢尺獕牥屳整档屡灁䑰瑡屡潌慣屬牐杯慲獭停瑹潨屮祐桴湯ㄳ尲楌屢楳整瀭捡慫敧屳瑳牡敬瑴履業摤敬慷敲扜獡⹥祰Ⱒ氠湩⁥㔱ⰱ椠⁮潣潲਍††⁼††睡楡⁴敳晬愮灰猨潣数‬敲散癩彥牯摟獩潣湮捥ⱴ猠湥彤潮敟牲牯ഩ †簠†䘠汩⁥䌢尺獕牥屳整档屡灁䑰瑡屡潌慣屬牐杯慲獭停瑹潨屮祐桴湯ㄳ尲楌屢楳整瀭捡慫敧屳瑳牡敬瑴履業摤敬慷敲扜獡⹥祰Ⱒ氠湩⁥㠱ⰹ椠⁮彟慣汬彟਍††⁼††楷桴挠汯慬獰彥硥杣潲灵⡳㨩਍††⁼†楆敬∠㩃啜敳獲瑜捥慨䅜灰慄慴䱜捯污停潲牧浡屳祐桴湯停瑹潨㍮㈱䱜扩捜湯整瑸楬⹢祰Ⱒ氠湩⁥㔱ⰸ椠⁮彟硥瑩彟਍††⁼††敳晬朮湥琮牨睯瘨污敵ഩ †簠†䘠汩⁥䌢尺獕牥屳整档屡灁䑰瑡屡潌慣屬牐杯慲獭停瑹潨屮祐桴湯ㄳ尲楌屢楳整瀭捡慫敧屳瑳牡敬瑴履畟楴獬瀮≹‬楬敮㤠ⰳ椠⁮潣汬灡敳敟捸牧畯獰਍††⁼††慲獩⁥硥ൣ †簠†䘠汩⁥䌢尺獕牥屳整档屡灁䑰瑡屡潌慣屬牐杯慲獭停瑹潨屮祐桴湯ㄳ尲楌屢楳整瀭捡慫敧屳瑳牡敬瑴履業摤敬慷敲扜獡⹥祰Ⱒ氠湩⁥㤱ⰱ椠⁮彟慣汬彟਍††⁼††敲灳湯敳㴠愠慷瑩猠汥⹦楤灳瑡档晟湵⡣敲畱獥ⱴ挠污彬敮瑸ഩ †簠††††††††幞幞幞幞幞幞幞幞幞幞幞幞幞幞幞幞幞幞幞幞幞幞਍††⁼†楆敬∠㩃啜敳獲瑜捥慨作敮牄癩履敄歳潴屰慳敬⁳楡瀠慬晴潲屭慢正湥層灡屰業摤敬慷敲獜捥牵瑩⹹祰Ⱒ氠湩⁥㌲ⰲ椠⁮楤灳瑡档਍††⁼††敲灳湯敳㴠愠慷瑩挠污彬敮瑸爨煥敵瑳ഩ †簠††††††††幞幞幞幞幞幞幞幞幞幞幞幞਍††⁼†楆敬∠㩃啜敳獲瑜捥慨䅜灰慄慴䱜捯污停潲牧浡屳祐桴湯停瑹潨㍮㈱䱜扩獜瑩ⵥ慰正条獥獜慴汲瑥整浜摩汤睥牡履慢敳瀮≹‬楬敮ㄠ㔶‬湩挠污彬敮瑸਍††⁼††慲獩⁥灡彰硥ൣ †簠†䘠汩⁥䌢尺獕牥屳整档屡灁䑰瑡屡潌慣屬牐杯慲獭停瑹潨屮祐桴湯ㄳ尲楌屢楳整瀭捡慫敧屳瑳牡敬瑴履業摤敬慷敲扜獡⹥祰Ⱒ氠湩⁥㔱ⰱ椠⁮潣潲਍††⁼††睡楡⁴敳晬愮灰猨潣数‬敲散癩彥牯摟獩潣湮捥ⱴ猠湥彤潮敟牲牯ഩ †簠†䘠汩⁥䌢尺獕牥屳整档屡灁䑰瑡屡潌慣屬牐杯慲獭停瑹潨屮祐桴湯ㄳ尲楌屢楳整瀭捡慫敧屳瑳牡敬瑴履業摤敬慷敲扜獡⹥祰Ⱒ氠湩⁥㠱ⰹ椠⁮彟慣汬彟਍††⁼††楷桴挠汯慬獰彥硥杣潲灵⡳㨩਍††⁼†楆敬∠㩃啜敳獲瑜捥慨䅜灰慄慴䱜捯污停潲牧浡屳祐桴湯停瑹潨㍮㈱䱜扩捜湯整瑸楬⹢祰Ⱒ氠湩⁥㔱ⰸ椠⁮彟硥瑩彟਍††⁼††敳晬朮湥琮牨睯瘨污敵ഩ †簠†䘠汩⁥䌢尺獕牥屳整档屡灁䑰瑡屡潌慣屬牐杯慲獭停瑹潨屮祐桴湯ㄳ尲楌屢楳整瀭捡慫敧屳瑳牡敬瑴履畟楴獬瀮≹‬楬敮㤠ⰳ椠⁮潣汬灡敳敟捸牧畯獰਍††⁼††慲獩⁥硥ൣ †簠†䘠汩⁥䌢尺獕牥屳整档屡灁䑰瑡屡潌慣屬牐杯慲獭停瑹潨屮祐桴湯ㄳ尲楌屢楳整瀭捡慫敧屳瑳牡敬瑴履業摤敬慷敲扜獡⹥祰Ⱒ氠湩⁥㤱ⰱ椠⁮彟慣汬彟਍††⁼††敲灳湯敳㴠愠慷瑩猠汥⹦楤灳瑡档晟湵⡣敲畱獥ⱴ挠污彬敮瑸ഩ †簠††††††††幞幞幞幞幞幞幞幞幞幞幞幞幞幞幞幞幞幞幞幞幞幞਍††⁼†楆敬∠㩃啜敳獲瑜捥慨作敮牄癩履敄歳潴屰慳敬⁳楡瀠慬晴潲屭慢正湥層灡屰業摤敬慷敲獜捥牵瑩⹹祰Ⱒ氠湩⁥ㄲⰲ椠⁮楤灳瑡档਍††⁼††慲獩⁥呈偔硅散瑰潩⡮਍††⁼慦瑳灡⹩硥散瑰潩獮䠮呔䕐捸灥楴湯›㈴㨹吠潯洠湡⁹敲畱獥獴‮慍楸畭⁭〶爠煥敵瑳⁳数⁲業畮整愠汬睯摥മ †⬠ⴭⴭⴭⴭⴭⴭⴭⴭⴭⴭⴭⴭⴭⴭⴭⴭⴭⴭ਍਍畄楲杮栠湡汤湩⁧景琠敨愠潢敶攠捸灥楴湯‬湡瑯敨⁲硥散瑰潩⁮捯畣牲摥ഺഊ吊慲散慢正⠠潭瑳爠捥湥⁴慣汬氠獡⥴ഺ 䘠汩⁥䌢尺獕牥屳整档屡灁䑰瑡屡潌慣屬牐杯慲獭停瑹潨屮祐桴湯ㄳ尲楌屢楳整瀭捡慫敧屳瑳牡敬瑴履業摤敬慷敲敜牲牯⹳祰Ⱒ氠湩⁥㘱ⰴ椠⁮彟慣汬彟਍††睡楡⁴敳晬愮灰猨潣数‬敲散癩ⱥ张敳摮ഩ 䘠汩⁥䌢尺獕牥屳整档屡灁䑰瑡屡潌慣屬牐杯慲獭停瑹潨屮祐桴湯ㄳ尲楌屢楳整瀭捡慫敧屳瑳牡敬瑴履業摤敬慷敲扜獡⹥祰Ⱒ氠湩⁥㠱ⰹ椠⁮彟慣汬彟਍††楷桴挠汯慬獰彥硥杣潲灵⡳㨩਍†楆敬∠㩃啜敳獲瑜捥慨䅜灰慄慴䱜捯污停潲牧浡屳祐桴湯停瑹潨㍮㈱䱜扩捜湯整瑸楬⹢祰Ⱒ氠湩⁥㔱ⰸ椠⁮彟硥瑩彟਍††敳晬朮湥琮牨睯瘨污敵ഩ 䘠汩⁥䌢尺獕牥屳整档屡灁䑰瑡屡潌慣屬牐杯慲獭停瑹潨屮祐桴湯ㄳ尲楌屢楳整瀭捡慫敧屳瑳牡敬瑴履畟楴獬瀮≹‬楬敮㤠ⰳ椠⁮潣汬灡敳敟捸牧畯獰਍††慲獩⁥硥ൣ 䘠汩⁥䌢尺獕牥屳整档屡灁䑰瑡屡潌慣屬牐杯慲獭停瑹潨屮祐桴湯ㄳ尲楌屢楳整瀭捡慫敧屳瑳牡敬瑴履業摤敬慷敲扜獡⹥祰Ⱒ氠湩⁥㤱ⰱ椠⁮彟慣汬彟਍††敲灳湯敳㴠愠慷瑩猠汥⹦楤灳瑡档晟湵⡣敲畱獥ⱴ挠污彬敮瑸ഩ †††††††幞幞幞幞幞幞幞幞幞幞幞幞幞幞幞幞幞幞幞幞幞幞਍†楆敬∠㩃啜敳獲瑜捥慨作敮牄癩履敄歳潴屰慳敬⁳楡瀠慬晴潲屭慢正湥層灡屰業摤敬慷敲牜煥敵瑳损湯整瑸瀮≹‬楬敮㔠ⰶ椠⁮楤灳瑡档਍††慲獩⁥൥ 䘠汩⁥䌢尺獕牥屳整档屡湏䑥楲敶䑜獥瑫灯獜污獥愠⁩汰瑡牦浯扜捡敫摮慜灰浜摩汤睥牡履敲畱獥彴潣瑮硥⹴祰Ⱒ氠湩⁥〵‬湩搠獩慰捴൨ †爠獥潰獮⁥‽睡楡⁴慣汬湟硥⡴敲畱獥⥴਍†††††††帠幞幞幞幞幞幞幞幞幞幞幞൞ 䘠汩⁥䌢尺獕牥屳整档屡灁䑰瑡屡潌慣屬牐杯慲獭停瑹潨屮祐桴湯ㄳ尲楌屢楳整瀭捡慫敧屳瑳牡敬瑴履業摤敬慷敲扜獡⹥祰Ⱒ氠湩⁥㘱ⰵ椠⁮慣汬湟硥൴ †爠楡敳愠灰敟捸਍†楆敬∠㩃啜敳獲瑜捥慨䅜灰慄慴䱜捯污停潲牧浡屳祐桴湯停瑹潨㍮㈱䱜扩獜瑩ⵥ慰正条獥獜慴汲瑥整浜摩汤睥牡履慢敳瀮≹‬楬敮ㄠㄵ‬湩挠牯൯ †愠慷瑩猠汥⹦灡⡰捳灯ⱥ爠捥楥敶潟彲楤捳湯敮瑣‬敳摮湟彯牥潲⥲਍†楆敬∠㩃啜敳獲瑜捥慨䅜灰慄慴䱜捯污停潲牧浡屳祐桴湯停瑹潨㍮㈱䱜扩獜瑩ⵥ慰正条獥獜慴汲瑥整浜摩汤睥牡履慢敳瀮≹‬楬敮ㄠ㤸‬湩张损污彬ൟ †眠瑩⁨潣汬灡敳敟捸牧畯獰⤨ഺ 䘠汩⁥䌢尺獕牥屳整档屡灁䑰瑡屡潌慣屬牐杯慲獭停瑹潨屮祐桴湯ㄳ尲楌屢潣瑮硥汴扩瀮≹‬楬敮ㄠ㠵‬湩张敟楸彴ൟ †猠汥⹦敧⹮桴潲⡷慶畬⥥਍†楆敬∠㩃啜敳獲瑜捥慨䅜灰慄慴䱜捯污停潲牧浡屳祐桴湯停瑹潨㍮㈱䱜扩獜瑩ⵥ慰正条獥獜慴汲瑥整彜瑵汩⹳祰Ⱒ氠湩⁥㌹‬湩挠汯慬獰彥硥杣潲灵൳ †爠楡敳攠捸਍†楆敬∠㩃啜敳獲瑜捥慨䅜灰慄慴䱜捯污停潲牧浡屳祐桴湯停瑹潨㍮㈱䱜扩獜瑩ⵥ慰正条獥獜慴汲瑥整浜摩汤睥牡履慢敳瀮≹‬楬敮ㄠㄹ‬湩张损污彬ൟ †爠獥潰獮⁥‽睡楡⁴敳晬搮獩慰捴彨畦据爨煥敵瑳‬慣汬湟硥⥴਍†††††††帠幞幞幞幞幞幞幞幞幞幞幞幞幞幞幞幞幞幞幞幞幞൞ 䘠汩⁥䌢尺獕牥屳整档屡湏䑥楲敶䑜獥瑫灯獜污獥愠⁩汰瑡牦浯扜捡敫摮慜灰浜摩汤睥牡履敳畣楲祴瀮≹‬楬敮㈠㈳‬湩搠獩慰捴൨ †爠獥潰獮⁥‽睡楡⁴慣汬湟硥⡴敲畱獥⥴਍†††††††帠幞幞幞幞幞幞幞幞幞幞幞൞ 䘠汩⁥䌢尺獕牥屳整档屡灁䑰瑡屡潌慣屬牐杯慲獭停瑹潨屮祐桴湯ㄳ尲楌屢楳整瀭捡慫敧屳瑳牡敬瑴履業摤敬慷敲扜獡⹥祰Ⱒ氠湩⁥㘱ⰵ椠⁮慣汬湟硥൴ †爠楡敳愠灰敟捸਍†楆敬∠㩃啜敳獲瑜捥慨䅜灰慄慴䱜捯污停潲牧浡屳祐桴湯停瑹潨㍮㈱䱜扩獜瑩ⵥ慰正条獥獜慴汲瑥整浜摩汤睥牡履慢敳瀮≹‬楬敮ㄠㄵ‬湩挠牯൯ †愠慷瑩猠汥⹦灡⡰捳灯ⱥ爠捥楥敶潟彲楤捳湯敮瑣‬敳摮湟彯牥潲⥲਍†楆敬∠㩃啜敳獲瑜捥慨䅜灰慄慴䱜捯污停潲牧浡屳祐桴湯停瑹潨㍮㈱䱜扩獜瑩ⵥ慰正条獥獜慴汲瑥整浜摩汤睥牡履慢敳瀮≹‬楬敮ㄠ㤸‬湩张损污彬ൟ †眠瑩⁨潣汬灡敳敟捸牧畯獰⤨ഺ 䘠汩⁥䌢尺獕牥屳整档屡灁䑰瑡屡潌慣屬牐杯慲獭停瑹潨屮祐桴湯ㄳ尲楌屢潣瑮硥汴扩瀮≹‬楬敮ㄠ㠵‬湩张敟楸彴ൟ †猠汥⹦敧⹮桴潲⡷慶畬⥥਍†楆敬∠㩃啜敳獲瑜捥慨䅜灰慄慴䱜捯污停潲牧浡屳祐桴湯停瑹潨㍮㈱䱜扩獜瑩ⵥ慰正条獥獜慴汲瑥整彜瑵汩⹳祰Ⱒ氠湩⁥㌹‬湩挠汯慬獰彥硥杣潲灵൳ †爠楡敳攠捸਍†楆敬∠㩃啜敳獲瑜捥慨䅜灰慄慴䱜捯污停潲牧浡屳祐桴湯停瑹潨㍮㈱䱜扩獜瑩ⵥ慰正条獥獜慴汲瑥整浜摩汤睥牡履慢敳瀮≹‬楬敮ㄠㄹ‬湩张损污彬ൟ †爠獥潰獮⁥‽睡楡⁴敳晬搮獩慰捴彨畦据爨煥敵瑳‬慣汬湟硥⥴਍†††††††帠幞幞幞幞幞幞幞幞幞幞幞幞幞幞幞幞幞幞幞幞幞൞ 䘠汩⁥䌢尺獕牥屳整档屡湏䑥楲敶䑜獥瑫灯獜污獥愠⁩汰瑡牦浯扜捡敫摮慜灰浜摩汤睥牡履敳畣楲祴瀮≹‬楬敮㈠㈱‬湩搠獩慰捴൨ †爠楡敳䠠呔䕐捸灥楴湯ന昊獡慴楰攮捸灥楴湯⹳呈偔硅散瑰潩㩮㐠㤲›潔⁯慭祮爠煥敵瑳⹳䴠硡浩浵㘠‰敲畱獥獴瀠牥洠湩瑵⁥污潬敷⹤਍਍㉛㈰ⴶ㌰㈭‹〲㌺㨰㠰㌮㘳㠲崷嬠䑉攺㜱㍡挹ⵥ㘴〷㐭攵ⵤ㙡捤挭挴㔴ㄱ㔹攵嵦䔠剒›㈴㨹吠潯洠湡⁹敲畱獥獴‮慍楸畭⁭〶爠煥敵瑳⁳数⁲業畮整愠汬睯摥മ ⬠䔠捸灥楴湯䜠潲灵吠慲散慢正⠠潭瑳爠捥湥⁴慣汬氠獡⥴ഺ 簠†䘠汩⁥䌢尺獕牥屳整档屡灁䑰瑡屡潌慣屬牐杯慲獭停瑹潨屮祐桴湯ㄳ尲楌屢楳整瀭捡慫敧屳瑳牡敬瑴履畟楴獬瀮≹‬楬敮㠠ⰷ椠⁮潣汬灡敳敟捸牧畯獰਍†⁼††楹汥൤ 簠†䘠汩⁥䌢尺獕牥屳整档屡灁䑰瑡屡潌慣屬牐杯慲獭停瑹潨屮祐桴湯ㄳ尲楌屢楳整瀭捡慫敧屳瑳牡敬瑴履業摤敬慷敲扜獡⹥祰Ⱒ氠湩⁥㤱ⰰ椠⁮彟慣汬彟਍†⁼††獡湹⁣楷桴愠祮潩挮敲瑡彥慴歳束潲灵⤨愠⁳慴歳束潲灵ഺ 簠†䘠汩⁥䌢尺獕牥屳整档屡灁䑰瑡屡潌慣屬牐杯慲獭停瑹潨屮祐桴湯ㄳ尲楌屢楳整瀭捡慫敧屳湡楹屯扟捡敫摮屳慟祳据潩瀮≹‬楬敮㘠㠷‬湩张慟硥瑩彟਍†⁼††慲獩⁥慂敳硅散瑰潩䝮潲灵ന 簠䔠捸灥楴湯片畯㩰甠桮湡汤摥攠牲牯⁳湩愠吠獡䝫潲灵⠠‱畳ⵢ硥散瑰潩⥮਍†⴫⴫ⴭⴭⴭⴭⴭⴭⴭ‭‱ⴭⴭⴭⴭⴭⴭⴭⴭ਍††⁼牔捡扥捡⁫洨獯⁴敲散瑮挠污⁬慬瑳㨩਍††⁼†楆敬∠㩃啜敳獲瑜捥慨䅜灰慄慴䱜捯污停潲牧浡屳祐桴湯停瑹潨㍮㈱䱜扩獜瑩ⵥ慰正条獥獜慴汲瑥整浜摩汤睥牡履牥潲獲瀮≹‬楬敮ㄠ㐶‬湩张损污彬ൟ †簠††愠慷瑩猠汥⹦灡⡰捳灯ⱥ爠捥楥敶‬獟湥⥤਍††⁼†楆敬∠㩃啜敳獲瑜捥慨䅜灰慄慴䱜捯污停潲牧浡屳祐桴湯停瑹潨㍮㈱䱜扩獜瑩ⵥ慰正条獥獜慴汲瑥整浜摩汤睥牡履慢敳瀮≹‬楬敮ㄠ㤸‬湩张损污彬ൟ †簠††眠瑩⁨潣汬灡敳敟捸牧畯獰⤨ഺ †簠†䘠汩⁥䌢尺獕牥屳整档屡灁䑰瑡屡潌慣屬牐杯慲獭停瑹潨屮祐桴湯ㄳ尲楌屢潣瑮硥汴扩瀮≹‬楬敮ㄠ㠵‬湩张敟楸彴ൟ †簠††猠汥⹦敧⹮桴潲⡷慶畬⥥਍††⁼†楆敬∠㩃啜敳獲瑜捥慨䅜灰慄慴䱜捯污停潲牧浡屳祐桴湯停瑹潨㍮㈱䱜扩獜瑩ⵥ慰正条獥獜慴汲瑥整彜瑵汩⹳祰Ⱒ氠湩⁥㌹‬湩挠汯慬獰彥硥杣潲灵൳ †簠††爠楡敳攠捸਍††⁼†楆敬∠㩃啜敳獲瑜捥慨䅜灰慄慴䱜捯污停潲牧浡屳祐桴湯停瑹潨㍮㈱䱜扩獜瑩ⵥ慰正条獥獜慴汲瑥整浜摩汤睥牡履慢敳瀮≹‬楬敮ㄠㄹ‬湩张损污彬ൟ †簠††爠獥潰獮⁥‽睡楡⁴敳晬搮獩慰捴彨畦据爨煥敵瑳‬慣汬湟硥⥴਍††⁼†††††††帠幞幞幞幞幞幞幞幞幞幞幞幞幞幞幞幞幞幞幞幞幞൞ †簠†䘠汩⁥䌢尺獕牥屳整档屡湏䑥楲敶䑜獥瑫灯獜污獥愠⁩汰瑡牦浯扜捡敫摮慜灰浜摩汤睥牡履敲畱獥彴潣瑮硥⹴祰Ⱒ氠湩⁥㘵‬湩搠獩慰捴൨ †簠††爠楡敳攠਍††⁼†楆敬∠㩃啜敳獲瑜捥慨作敮牄癩履敄歳潴屰慳敬⁳楡瀠慬晴潲屭慢正湥層灡屰業摤敬慷敲牜煥敵瑳损湯整瑸瀮≹‬楬敮㔠ⰰ椠⁮楤灳瑡档਍††⁼††敲灳湯敳㴠愠慷瑩挠污彬敮瑸爨煥敵瑳ഩ †簠††††††††幞幞幞幞幞幞幞幞幞幞幞幞਍††⁼†楆敬∠㩃啜敳獲瑜捥慨䅜灰慄慴䱜捯污停潲牧浡屳祐桴湯停瑹潨㍮㈱䱜扩獜瑩ⵥ慰正条獥獜慴汲瑥整浜摩汤睥牡履慢敳瀮≹‬楬敮ㄠ㔶‬湩挠污彬敮瑸਍††⁼††慲獩⁥灡彰硥ൣ †簠†䘠汩⁥䌢尺獕牥屳整档屡灁䑰瑡屡潌慣屬牐杯慲獭停瑹潨屮祐桴湯ㄳ尲楌屢楳整瀭捡慫敧屳瑳牡敬瑴履業摤敬慷敲扜獡⹥祰Ⱒ氠湩⁥㔱ⰱ椠⁮潣潲਍††⁼††睡楡⁴敳晬愮灰猨潣数‬敲散癩彥牯摟獩潣湮捥ⱴ猠湥彤潮敟牲牯ഩ †簠†䘠汩⁥䌢尺獕牥屳整档屡灁䑰瑡屡潌慣屬牐杯慲獭停瑹潨屮祐桴湯ㄳ尲楌屢楳整瀭捡慫敧屳瑳牡敬瑴履業摤敬慷敲扜獡⹥祰Ⱒ氠湩⁥㠱ⰹ椠⁮彟慣汬彟਍††⁼††楷桴挠汯慬獰彥硥杣潲灵⡳㨩਍††⁼†楆敬∠㩃啜敳獲瑜捥慨䅜灰慄慴䱜捯污停潲牧浡屳祐桴湯停瑹潨㍮㈱䱜扩捜湯整瑸楬⹢祰Ⱒ氠湩⁥㔱ⰸ椠⁮彟硥瑩彟਍††⁼††敳晬朮湥琮牨睯瘨污敵ഩ †簠†䘠汩⁥䌢尺獕牥屳整档屡灁䑰瑡屡潌慣屬牐杯慲獭停瑹潨屮祐桴湯ㄳ尲楌屢楳整瀭捡慫敧屳瑳牡敬瑴履畟楴獬瀮≹‬楬敮㤠ⰳ椠⁮潣汬灡敳敟捸牧畯獰਍††⁼††慲獩⁥硥ൣ †簠†䘠汩⁥䌢尺獕牥屳整档屡灁䑰瑡屡潌慣屬牐杯慲獭停瑹潨屮祐桴湯ㄳ尲楌屢楳整瀭捡慫敧屳瑳牡敬瑴履業摤敬慷敲扜獡⹥祰Ⱒ氠湩⁥㤱ⰱ椠⁮彟慣汬彟਍††⁼††敲灳湯敳㴠愠慷瑩猠汥⹦楤灳瑡档晟湵⡣敲畱獥ⱴ挠污彬敮瑸ഩ †簠††††††††幞幞幞幞幞幞幞幞幞幞幞幞幞幞幞幞幞幞幞幞幞幞਍††⁼†楆敬∠㩃啜敳獲瑜捥慨作敮牄癩履敄歳潴屰慳敬⁳楡瀠慬晴潲屭慢正湥層灡屰業摤敬慷敲獜捥牵瑩⹹祰Ⱒ氠湩⁥㌲ⰲ椠⁮楤灳瑡档਍††⁼††敲灳湯敳㴠愠慷瑩挠污彬敮瑸爨煥敵瑳ഩ †簠††††††††幞幞幞幞幞幞幞幞幞幞幞幞਍††⁼†楆敬∠㩃啜敳獲瑜捥慨䅜灰慄慴䱜捯污停潲牧浡屳祐桴湯停瑹潨㍮㈱䱜扩獜瑩ⵥ慰正条獥獜慴汲瑥整浜摩汤睥牡履慢敳瀮≹‬楬敮ㄠ㔶‬湩挠污彬敮瑸਍††⁼††慲獩⁥灡彰硥ൣ †簠†䘠汩⁥䌢尺獕牥屳整档屡灁䑰瑡屡潌慣屬牐杯慲獭停瑹潨屮祐桴湯ㄳ尲楌屢楳整瀭捡慫敧屳瑳牡敬瑴履業摤敬慷敲扜獡⹥祰Ⱒ氠湩⁥㔱ⰱ椠⁮潣潲਍††⁼††睡楡⁴敳晬愮灰猨潣数‬敲散癩彥牯摟獩潣湮捥ⱴ猠湥彤潮敟牲牯ഩ †簠†䘠汩⁥䌢尺獕牥屳整档屡灁䑰瑡屡潌慣屬牐杯慲獭停瑹潨屮祐桴湯ㄳ尲楌屢楳整瀭捡慫敧屳瑳牡敬瑴履業摤敬慷敲扜獡⹥祰Ⱒ氠湩⁥㠱ⰹ椠⁮彟慣汬彟਍††⁼††楷桴挠汯慬獰彥硥杣潲灵⡳㨩਍††⁼†楆敬∠㩃啜敳獲瑜捥慨䅜灰慄慴䱜捯污停潲牧浡屳祐桴湯停瑹潨㍮㈱䱜扩捜湯整瑸楬⹢祰Ⱒ氠湩⁥㔱ⰸ椠⁮彟硥瑩彟਍††⁼††敳晬朮湥琮牨睯瘨污敵ഩ †簠†䘠汩⁥䌢尺獕牥屳整档屡灁䑰瑡屡潌慣屬牐杯慲獭停瑹潨屮祐桴湯ㄳ尲楌屢楳整瀭捡慫敧屳瑳牡敬瑴履畟楴獬瀮≹‬楬敮㤠ⰳ椠⁮潣汬灡敳敟捸牧畯獰਍††⁼††慲獩⁥硥ൣ †簠†䘠汩⁥䌢尺獕牥屳整档屡灁䑰瑡屡潌慣屬牐杯慲獭停瑹潨屮祐桴湯ㄳ尲楌屢楳整瀭捡慫敧屳瑳牡敬瑴履業摤敬慷敲扜獡⹥祰Ⱒ氠湩⁥㤱ⰱ椠⁮彟慣汬彟਍††⁼††敲灳湯敳㴠愠慷瑩猠汥⹦楤灳瑡档晟湵⡣敲畱獥ⱴ挠污彬敮瑸ഩ †簠††††††††幞幞幞幞幞幞幞幞幞幞幞幞幞幞幞幞幞幞幞幞幞幞਍††⁼†楆敬∠㩃啜敳獲瑜捥慨作敮牄癩履敄歳潴屰慳敬⁳楡瀠慬晴潲屭慢正湥層灡屰業摤敬慷敲獜捥牵瑩⹹祰Ⱒ氠湩⁥ㄲⰲ椠⁮楤灳瑡档਍††⁼††慲獩⁥呈偔硅散瑰潩⡮਍††⁼慦瑳灡⹩硥散瑰潩獮䠮呔䕐捸灥楴湯›㈴㨹吠潯洠湡⁹敲畱獥獴‮慍楸畭⁭〶爠煥敵瑳⁳数⁲業畮整愠汬睯摥മ †⬠ⴭⴭⴭⴭⴭⴭⴭⴭⴭⴭⴭⴭⴭⴭⴭⴭⴭⴭ਍਍畄楲杮栠湡汤湩⁧景琠敨愠潢敶攠捸灥楴湯‬湡瑯敨⁲硥散瑰潩⁮捯畣牲摥ഺഊ吊慲散慢正⠠潭瑳爠捥湥⁴慣汬氠獡⥴ഺ 䘠汩⁥䌢尺獕牥屳整档屡灁䑰瑡屡潌慣屬牐杯慲獭停瑹潨屮祐桴湯ㄳ尲楌屢楳整瀭捡慫敧屳瑳牡敬瑴履業摤敬慷敲敜牲牯⹳祰Ⱒ氠湩⁥㘱ⰴ椠⁮彟慣汬彟਍††睡楡⁴敳晬愮灰猨潣数‬敲散癩ⱥ张敳摮ഩ 䘠汩⁥䌢尺獕牥屳整档屡灁䑰瑡屡潌慣屬牐杯慲獭停瑹潨屮祐桴湯ㄳ尲楌屢楳整瀭捡慫敧屳瑳牡敬瑴履業摤敬慷敲扜獡⹥祰Ⱒ氠湩⁥㠱ⰹ椠⁮彟慣汬彟਍††楷桴挠汯慬獰彥硥杣潲灵⡳㨩਍†楆敬∠㩃啜敳獲瑜捥慨䅜灰慄慴䱜捯污停潲牧浡屳祐桴湯停瑹潨㍮㈱䱜扩捜湯整瑸楬⹢祰Ⱒ氠湩⁥㔱ⰸ椠⁮彟硥瑩彟਍††敳晬朮湥琮牨睯瘨污敵ഩ 䘠汩⁥䌢尺獕牥屳整档屡灁䑰瑡屡潌慣屬牐杯慲獭停瑹潨屮祐桴湯ㄳ尲楌屢楳整瀭捡慫敧屳瑳牡敬瑴履畟楴獬瀮≹‬楬敮㤠ⰳ椠⁮潣汬灡敳敟捸牧畯獰਍††慲獩⁥硥ൣ 䘠汩⁥䌢尺獕牥屳整档屡灁䑰瑡屡潌慣屬牐杯慲獭停瑹潨屮祐桴湯ㄳ尲楌屢楳整瀭捡慫敧屳瑳牡敬瑴履業摤敬慷敲扜獡⹥祰Ⱒ氠湩⁥㤱ⰱ椠⁮彟慣汬彟਍††敲灳湯敳㴠愠慷瑩猠汥⹦楤灳瑡档晟湵⡣敲畱獥ⱴ挠污彬敮瑸ഩ †††††††幞幞幞幞幞幞幞幞幞幞幞幞幞幞幞幞幞幞幞幞幞幞਍†楆敬∠㩃啜敳獲瑜捥慨作敮牄癩履敄歳潴屰慳敬⁳楡瀠慬晴潲屭慢正湥層灡屰業摤敬慷敲牜煥敵瑳损湯整瑸瀮≹‬楬敮㔠ⰶ椠⁮楤灳瑡档਍††慲獩⁥൥ 䘠汩⁥䌢尺獕牥屳整档屡湏䑥楲敶䑜獥瑫灯獜污獥愠⁩汰瑡牦浯扜捡敫摮慜灰浜摩汤睥牡履敲畱獥彴潣瑮硥⹴祰Ⱒ氠湩⁥〵‬湩搠獩慰捴൨ †爠獥潰獮⁥‽睡楡⁴慣汬湟硥⡴敲畱獥⥴਍†††††††帠幞幞幞幞幞幞幞幞幞幞幞൞ 䘠汩⁥䌢尺獕牥屳整档屡灁䑰瑡屡潌慣屬牐杯慲獭停瑹潨屮祐桴湯ㄳ尲楌屢楳整瀭捡慫敧屳瑳牡敬瑴履業摤敬慷敲扜獡⹥祰Ⱒ氠湩⁥㘱ⰵ椠⁮慣汬湟硥൴ †爠楡敳愠灰敟捸਍†楆敬∠㩃啜敳獲瑜捥慨䅜灰慄慴䱜捯污停潲牧浡屳祐桴湯停瑹潨㍮㈱䱜扩獜瑩ⵥ慰正条獥獜慴汲瑥整浜摩汤睥牡履慢敳瀮≹‬楬敮ㄠㄵ‬湩挠牯൯ †愠慷瑩猠汥⹦灡⡰捳灯ⱥ爠捥楥敶潟彲楤捳湯敮瑣‬敳摮湟彯牥潲⥲਍†楆敬∠㩃啜敳獲瑜捥慨䅜灰慄慴䱜捯污停潲牧浡屳祐桴湯停瑹潨㍮㈱䱜扩獜瑩ⵥ慰正条獥獜慴汲瑥整浜摩汤睥牡履慢敳瀮≹‬楬敮ㄠ㤸‬湩张损污彬ൟ †眠瑩⁨潣汬灡敳敟捸牧畯獰⤨ഺ 䘠汩⁥䌢尺獕牥屳整档屡灁䑰瑡屡潌慣屬牐杯慲獭停瑹潨屮祐桴湯ㄳ尲楌屢潣瑮硥汴扩瀮≹‬楬敮ㄠ㠵‬湩张敟楸彴ൟ †猠汥⹦敧⹮桴潲⡷慶畬⥥਍†楆敬∠㩃啜敳獲瑜捥慨䅜灰慄慴䱜捯污停潲牧浡屳祐桴湯停瑹潨㍮㈱䱜扩獜瑩ⵥ慰正条獥獜慴汲瑥整彜瑵汩⹳祰Ⱒ氠湩⁥㌹‬湩挠汯慬獰彥硥杣潲灵൳ †爠楡敳攠捸਍†楆敬∠㩃啜敳獲瑜捥慨䅜灰慄慴䱜捯污停潲牧浡屳祐桴湯停瑹潨㍮㈱䱜扩獜瑩ⵥ慰正条獥獜慴汲瑥整浜摩汤睥牡履慢敳瀮≹‬楬敮ㄠㄹ‬湩张损污彬ൟ †爠獥潰獮⁥‽睡楡⁴敳晬搮獩慰捴彨畦据爨煥敵瑳‬慣汬湟硥⥴਍†††††††帠幞幞幞幞幞幞幞幞幞幞幞幞幞幞幞幞幞幞幞幞幞൞ 䘠汩⁥䌢尺獕牥屳整档屡湏䑥楲敶䑜獥瑫灯獜污獥愠⁩汰瑡牦浯扜捡敫摮慜灰浜摩汤睥牡履敳畣楲祴瀮≹‬楬敮㈠㈳‬湩搠獩慰捴൨ †爠獥潰獮⁥‽睡楡⁴慣汬湟硥⡴敲畱獥⥴਍†††††††帠幞幞幞幞幞幞幞幞幞幞幞൞ 䘠汩⁥䌢尺獕牥屳整档屡灁䑰瑡屡潌慣屬牐杯慲獭停瑹潨屮祐桴湯ㄳ尲楌屢楳整瀭捡慫敧屳瑳牡敬瑴履業摤敬慷敲扜獡⹥祰Ⱒ氠湩⁥㘱ⰵ椠⁮慣汬湟硥൴ †爠楡敳愠灰敟捸਍†楆敬∠㩃啜敳獲瑜捥慨䅜灰慄慴䱜捯污停潲牧浡屳祐桴湯停瑹潨㍮㈱䱜扩獜瑩ⵥ慰正条獥獜慴汲瑥整浜摩汤睥牡履慢敳瀮≹‬楬敮ㄠㄵ‬湩挠牯൯ †愠慷瑩猠汥⹦灡⡰捳灯ⱥ爠捥楥敶潟彲楤捳湯敮瑣‬敳摮湟彯牥潲⥲਍†楆敬∠㩃啜敳獲瑜捥慨䅜灰慄慴䱜捯污停潲牧浡屳祐桴湯停瑹潨㍮㈱䱜扩獜瑩ⵥ慰正条獥獜慴汲瑥整浜摩汤睥牡履慢敳瀮≹‬楬敮ㄠ㤸‬湩张损污彬ൟ †眠瑩⁨潣汬灡敳敟捸牧畯獰⤨ഺ 䘠汩⁥䌢尺獕牥屳整档屡灁䑰瑡屡潌慣屬牐杯慲獭停瑹潨屮祐桴湯ㄳ尲楌屢潣瑮硥汴扩瀮≹‬楬敮ㄠ㠵‬湩张敟楸彴ൟ †猠汥⹦敧⹮桴潲⡷慶畬⥥਍†楆敬∠㩃啜敳獲瑜捥慨䅜灰慄慴䱜捯污停潲牧浡屳祐桴湯停瑹潨㍮㈱䱜扩獜瑩ⵥ慰正条獥獜慴汲瑥整彜瑵汩⹳祰Ⱒ氠湩⁥㌹‬湩挠汯慬獰彥硥杣潲灵൳ †爠楡敳攠捸਍†楆敬∠㩃啜敳獲瑜捥慨䅜灰慄慴䱜捯污停潲牧浡屳祐桴湯停瑹潨㍮㈱䱜扩獜瑩ⵥ慰正条獥獜慴汲瑥整浜摩汤睥牡履慢敳瀮≹‬楬敮ㄠㄹ‬湩张损污彬ൟ †爠獥潰獮⁥‽睡楡⁴敳晬搮獩慰捴彨畦据爨煥敵瑳‬慣汬湟硥⥴਍†††††††帠幞幞幞幞幞幞幞幞幞幞幞幞幞幞幞幞幞幞幞幞幞൞ 䘠汩⁥䌢尺獕牥屳整档屡湏䑥楲敶䑜獥瑫灯獜污獥愠⁩汰瑡牦浯扜捡敫摮慜灰浜摩汤睥牡履敳畣楲祴瀮≹‬楬敮㈠㈱‬湩搠獩慰捴൨ †爠楡敳䠠呔䕐捸灥楴湯ന昊獡慴楰攮捸灥楴湯⹳呈偔硅散瑰潩㩮㐠㤲›潔⁯慭祮爠煥敵瑳⹳䴠硡浩浵㘠‰敲畱獥獴瀠牥洠湩瑵⁥污潬敷⹤਍਍㉛㈰ⴶ㌰㈭‹〲㌺㨰㠰㌮㤴㤲崶嬠䑉㤺戹㈲挳ⵡ昴户㐭㔷ⴷ㕡〲㜭捡㈴㜳㜸扤崰䔠剒›㈴㨹吠潯洠湡⁹敲畱獥獴‮慍楸畭⁭〶爠煥敵瑳⁳数⁲業畮整愠汬睯摥മ ⬠䔠捸灥楴湯䜠潲灵吠慲散慢正⠠潭瑳爠捥湥⁴慣汬氠獡⥴ഺ 簠†䘠汩⁥䌢尺獕牥屳整档屡灁䑰瑡屡潌慣屬牐杯慲獭停瑹潨屮祐桴湯ㄳ尲楌屢楳整瀭捡慫敧屳瑳牡敬瑴履畟楴獬瀮≹‬楬敮㠠ⰷ椠⁮潣汬灡敳敟捸牧畯獰਍†⁼††楹汥൤ 簠†䘠汩⁥䌢尺獕牥屳整档屡灁䑰瑡屡潌慣屬牐杯慲獭停瑹潨屮祐桴湯ㄳ尲楌屢楳整瀭捡慫敧屳瑳牡敬瑴履業摤敬慷敲扜獡⹥祰Ⱒ氠湩⁥㤱ⰰ椠⁮彟慣汬彟਍†⁼††獡湹⁣楷桴愠祮潩挮敲瑡彥慴歳束潲灵⤨愠⁳慴歳束潲灵ഺ 簠†䘠汩⁥䌢尺獕牥屳整档屡灁䑰瑡屡潌慣屬牐杯慲獭停瑹潨屮祐桴湯ㄳ尲楌屢楳整瀭捡慫敧屳湡楹屯扟捡敫摮屳慟祳据潩瀮≹‬楬敮㘠㠷‬湩张慟硥瑩彟਍†⁼††慲獩⁥慂敳硅散瑰潩䝮潲灵ന 簠䔠捸灥楴湯片畯㩰甠桮湡汤摥攠牲牯⁳湩愠吠獡䝫潲灵⠠‱畳ⵢ硥散瑰潩⥮਍†⴫⴫ⴭⴭⴭⴭⴭⴭⴭ‭‱ⴭⴭⴭⴭⴭⴭⴭⴭ਍††⁼牔捡扥捡⁫洨獯⁴敲散瑮挠污⁬慬瑳㨩਍††⁼†楆敬∠㩃啜敳獲瑜捥慨䅜灰慄慴䱜捯污停潲牧浡屳祐桴湯停瑹潨㍮㈱䱜扩獜瑩ⵥ慰正条獥獜慴汲瑥整浜摩汤睥牡履牥潲獲瀮≹‬楬敮ㄠ㐶‬湩张损污彬ൟ †簠††愠慷瑩猠汥⹦灡⡰捳灯ⱥ爠捥楥敶‬獟湥⥤਍††⁼†楆敬∠㩃啜敳獲瑜捥慨䅜灰慄慴䱜捯污停潲牧浡屳祐桴湯停瑹潨㍮㈱䱜扩獜瑩ⵥ慰正条獥獜慴汲瑥整浜摩汤睥牡履慢敳瀮≹‬楬敮ㄠ㤸‬湩张损污彬ൟ †簠††眠瑩⁨潣汬灡敳敟捸牧畯獰⤨ഺ †簠†䘠汩⁥䌢尺獕牥屳整档屡灁䑰瑡屡潌慣屬牐杯慲獭停瑹潨屮祐桴湯ㄳ尲楌屢潣瑮硥汴扩瀮≹‬楬敮ㄠ㠵‬湩张敟楸彴ൟ †簠††猠汥⹦敧⹮桴潲⡷慶畬⥥਍††⁼†楆敬∠㩃啜敳獲瑜捥慨䅜灰慄慴䱜捯污停潲牧浡屳祐桴湯停瑹潨㍮㈱䱜扩獜瑩ⵥ慰正条獥獜慴汲瑥整彜瑵汩⹳祰Ⱒ氠湩⁥㌹‬湩挠汯慬獰彥硥杣潲灵൳ †簠††爠楡敳攠捸਍††⁼†楆敬∠㩃啜敳獲瑜捥慨䅜灰慄慴䱜捯污停潲牧浡屳祐桴湯停瑹潨㍮㈱䱜扩獜瑩ⵥ慰正条獥獜慴汲瑥整浜摩汤睥牡履慢敳瀮≹‬楬敮ㄠㄹ‬湩张损污彬ൟ †簠††爠獥潰獮⁥‽睡楡⁴敳晬搮獩慰捴彨畦据爨煥敵瑳‬慣汬湟硥⥴਍††⁼†††††††帠幞幞幞幞幞幞幞幞幞幞幞幞幞幞幞幞幞幞幞幞幞൞ †簠†䘠汩⁥䌢尺獕牥屳整档屡湏䑥楲敶䑜獥瑫灯獜污獥愠⁩汰瑡牦浯扜捡敫摮慜灰浜摩汤睥牡履敲畱獥彴潣瑮硥⹴祰Ⱒ氠湩⁥㘵‬湩搠獩慰捴൨ †簠††爠楡敳攠਍††⁼†楆敬∠㩃啜敳獲瑜捥慨作敮牄癩履敄歳潴屰慳敬⁳楡瀠慬晴潲屭慢正湥層灡屰業摤敬慷敲牜煥敵瑳损湯整瑸瀮≹‬楬敮㔠ⰰ椠⁮楤灳瑡档਍††⁼††敲灳湯敳㴠愠慷瑩挠污彬敮瑸爨煥敵瑳ഩ †簠††††††††幞幞幞幞幞幞幞幞幞幞幞幞਍††⁼†楆敬∠㩃啜敳獲瑜捥慨䅜灰慄慴䱜捯污停潲牧浡屳祐桴湯停瑹潨㍮㈱䱜扩獜瑩ⵥ慰正条獥獜慴汲瑥整浜摩汤睥牡履慢敳瀮≹‬楬敮ㄠ㔶‬湩挠污彬敮瑸਍††⁼††慲獩⁥灡彰硥ൣ †簠†䘠汩⁥䌢尺獕牥屳整档屡灁䑰瑡屡潌慣屬牐杯慲獭停瑹潨屮祐桴湯ㄳ尲楌屢楳整瀭捡慫敧屳瑳牡敬瑴履業摤敬慷敲扜獡⹥祰Ⱒ氠湩⁥㔱ⰱ椠⁮潣潲਍††⁼††睡楡⁴敳晬愮灰猨潣数‬敲散癩彥牯摟獩潣湮捥ⱴ猠湥彤潮敟牲牯ഩ †簠†䘠汩⁥䌢尺獕牥屳整档屡灁䑰瑡屡潌慣屬牐杯慲獭停瑹潨屮祐桴湯ㄳ尲楌屢楳整瀭捡慫敧屳瑳牡敬瑴履業摤敬慷敲扜獡⹥祰Ⱒ氠湩⁥㠱ⰹ椠⁮彟慣汬彟਍††⁼††楷桴挠汯慬獰彥硥杣潲灵⡳㨩਍††⁼†楆敬∠㩃啜敳獲瑜捥慨䅜灰慄慴䱜捯污停潲牧浡屳祐桴湯停瑹潨㍮㈱䱜扩捜湯整瑸楬⹢祰Ⱒ氠湩⁥㔱ⰸ椠⁮彟硥瑩彟਍††⁼††敳晬朮湥琮牨睯瘨污敵ഩ †簠†䘠汩⁥䌢尺獕牥屳整档屡灁䑰瑡屡潌慣屬牐杯慲獭停瑹潨屮祐桴湯ㄳ尲楌屢楳整瀭捡慫敧屳瑳牡敬瑴履畟楴獬瀮≹‬楬敮㤠ⰳ椠⁮潣汬灡敳敟捸牧畯獰਍††⁼††慲獩⁥硥ൣ †簠†䘠汩⁥䌢尺獕牥屳整档屡灁䑰瑡屡潌慣屬牐杯慲獭停瑹潨屮祐桴湯ㄳ尲楌屢楳整瀭捡慫敧屳瑳牡敬瑴履業摤敬慷敲扜獡⹥祰Ⱒ氠湩⁥㤱ⰱ椠⁮彟慣汬彟਍††⁼††敲灳湯敳㴠愠慷瑩猠汥⹦楤灳瑡档晟湵⡣敲畱獥ⱴ挠污彬敮瑸ഩ †簠††††††††幞幞幞幞幞幞幞幞幞幞幞幞幞幞幞幞幞幞幞幞幞幞਍††⁼†楆敬∠㩃啜敳獲瑜捥慨作敮牄癩履敄歳潴屰慳敬⁳楡瀠慬晴潲屭慢正湥層灡屰業摤敬慷敲獜捥牵瑩⹹祰Ⱒ氠湩⁥㌲ⰲ椠⁮楤灳瑡档਍††⁼††敲灳湯敳㴠愠慷瑩挠污彬敮瑸爨煥敵瑳ഩ †簠††††††††幞幞幞幞幞幞幞幞幞幞幞幞਍††⁼†楆敬∠㩃啜敳獲瑜捥慨䅜灰慄慴䱜捯污停潲牧浡屳祐桴湯停瑹潨㍮㈱䱜扩獜瑩ⵥ慰正条獥獜慴汲瑥整浜摩汤睥牡履慢敳瀮≹‬楬敮ㄠ㔶‬湩挠污彬敮瑸਍††⁼††慲獩⁥灡彰硥ൣ †簠†䘠汩⁥䌢尺獕牥屳整档屡灁䑰瑡屡潌慣屬牐杯慲獭停瑹潨屮祐桴湯ㄳ尲楌屢楳整瀭捡慫敧屳瑳牡敬瑴履業摤敬慷敲扜獡⹥祰Ⱒ氠湩⁥㔱ⰱ椠⁮潣潲਍††⁼††睡楡⁴敳晬愮灰猨潣数‬敲散癩彥牯摟獩潣湮捥ⱴ猠湥彤潮敟牲牯ഩ †簠†䘠汩⁥䌢尺獕牥屳整档屡灁䑰瑡屡潌慣屬牐杯慲獭停瑹潨屮祐桴湯ㄳ尲楌屢楳整瀭捡慫敧屳瑳牡敬瑴履業摤敬慷敲扜獡⹥祰Ⱒ氠湩⁥㠱ⰹ椠⁮彟慣汬彟਍††⁼††楷桴挠汯慬獰彥硥杣潲灵⡳㨩਍††⁼†楆敬∠㩃啜敳獲瑜捥慨䅜灰慄慴䱜捯污停潲牧浡屳祐桴湯停瑹潨㍮㈱䱜扩捜湯整瑸楬⹢祰Ⱒ氠湩⁥㔱ⰸ椠⁮彟硥瑩彟਍††⁼††敳晬朮湥琮牨睯瘨污敵ഩ †簠†䘠汩⁥䌢尺獕牥屳整档屡灁䑰瑡屡潌慣屬牐杯慲獭停瑹潨屮祐桴湯ㄳ尲楌屢楳整瀭捡慫敧屳瑳牡敬瑴履畟楴獬瀮≹‬楬敮㤠ⰳ椠⁮潣汬灡敳敟捸牧畯獰਍††⁼††慲獩⁥硥ൣ †簠†䘠汩⁥䌢尺獕牥屳整档屡灁䑰瑡屡潌慣屬牐杯慲獭停瑹潨屮祐桴湯ㄳ尲楌屢楳整瀭捡慫敧屳瑳牡敬瑴履業摤敬慷敲扜獡⹥祰Ⱒ氠湩⁥㤱ⰱ椠⁮彟慣汬彟਍††⁼††敲灳湯敳㴠愠慷瑩猠汥⹦楤灳瑡档晟湵⡣敲畱獥ⱴ挠污彬敮瑸ഩ †簠††††††††幞幞幞幞幞幞幞幞幞幞幞幞幞幞幞幞幞幞幞幞幞幞਍††⁼†楆敬∠㩃啜敳獲瑜捥慨作敮牄癩履敄歳潴屰慳敬⁳楡瀠慬晴潲屭慢正湥層灡屰業摤敬慷敲獜捥牵瑩⹹祰Ⱒ氠湩⁥ㄲⰲ椠⁮楤灳瑡档਍††⁼††慲獩⁥呈偔硅散瑰潩⡮਍††⁼慦瑳灡⹩硥散瑰潩獮䠮呔䕐捸灥楴湯›㈴㨹吠潯洠湡⁹敲畱獥獴‮慍楸畭⁭〶爠煥敵瑳⁳数⁲業畮整愠汬睯摥മ †⬠ⴭⴭⴭⴭⴭⴭⴭⴭⴭⴭⴭⴭⴭⴭⴭⴭⴭⴭ਍਍畄楲杮栠湡汤湩⁧景琠敨愠潢敶攠捸灥楴湯‬湡瑯敨⁲硥散瑰潩⁮捯畣牲摥ഺഊ吊慲散慢正⠠潭瑳爠捥湥⁴慣汬氠獡⥴ഺ 䘠汩⁥䌢尺獕牥屳整档屡灁䑰瑡屡潌慣屬牐杯慲獭停瑹潨屮祐桴湯ㄳ尲楌屢楳整瀭捡慫敧屳瑳牡敬瑴履業摤敬慷敲敜牲牯⹳祰Ⱒ氠湩⁥㘱ⰴ椠⁮彟慣汬彟਍††睡楡⁴敳晬愮灰猨潣数‬敲散癩ⱥ张敳摮ഩ 䘠汩⁥䌢尺獕牥屳整档屡灁䑰瑡屡潌慣屬牐杯慲獭停瑹潨屮祐桴湯ㄳ尲楌屢楳整瀭捡慫敧屳瑳牡敬瑴履業摤敬慷敲扜獡⹥祰Ⱒ氠湩⁥㠱ⰹ椠⁮彟慣汬彟਍††楷桴挠汯慬獰彥硥杣潲灵⡳㨩਍†楆敬∠㩃啜敳獲瑜捥慨䅜灰慄慴䱜捯污停潲牧浡屳祐桴湯停瑹潨㍮㈱䱜扩捜湯整瑸楬⹢祰Ⱒ氠湩⁥㔱ⰸ椠⁮彟硥瑩彟਍††敳晬朮湥琮牨睯瘨污敵ഩ 䘠汩⁥䌢尺獕牥屳整档屡灁䑰瑡屡潌慣屬牐杯慲獭停瑹潨屮祐桴湯ㄳ尲楌屢楳整瀭捡慫敧屳瑳牡敬瑴履畟楴獬瀮≹‬楬敮㤠ⰳ椠⁮潣汬灡敳敟捸牧畯獰਍††慲獩⁥硥ൣ 䘠汩⁥䌢尺獕牥屳整档屡灁䑰瑡屡潌慣屬牐杯慲獭停瑹潨屮祐桴湯ㄳ尲楌屢楳整瀭捡慫敧屳瑳牡敬瑴履業摤敬慷敲扜獡⹥祰Ⱒ氠湩⁥㤱ⰱ椠⁮彟慣汬彟਍††敲灳湯敳㴠愠慷瑩猠汥⹦楤灳瑡档晟湵⡣敲畱獥ⱴ挠污彬敮瑸ഩ †††††††幞幞幞幞幞幞幞幞幞幞幞幞幞幞幞幞幞幞幞幞幞幞਍†楆敬∠㩃啜敳獲瑜捥慨作敮牄癩履敄歳潴屰慳敬⁳楡瀠慬晴潲屭慢正湥層灡屰業摤敬慷敲牜煥敵瑳损湯整瑸瀮≹‬楬敮㔠ⰶ椠⁮楤灳瑡档਍††慲獩⁥൥ 䘠汩⁥䌢尺獕牥屳整档屡湏䑥楲敶䑜獥瑫灯獜污獥愠⁩汰瑡牦浯扜捡敫摮慜灰浜摩汤睥牡履敲畱獥彴潣瑮硥⹴祰Ⱒ氠湩⁥〵‬湩搠獩慰捴൨ †爠獥潰獮⁥‽睡楡⁴慣汬湟硥⡴敲畱獥⥴਍†††††††帠幞幞幞幞幞幞幞幞幞幞幞൞ 䘠汩⁥䌢尺獕牥屳整档屡灁䑰瑡屡潌慣屬牐杯慲獭停瑹潨屮祐桴湯ㄳ尲楌屢楳整瀭捡慫敧屳瑳牡敬瑴履業摤敬慷敲扜獡⹥祰Ⱒ氠湩⁥㘱ⰵ椠⁮慣汬湟硥൴ †爠楡敳愠灰敟捸਍†楆敬∠㩃啜敳獲瑜捥慨䅜灰慄慴䱜捯污停潲牧浡屳祐桴湯停瑹潨㍮㈱䱜扩獜瑩ⵥ慰正条獥獜慴汲瑥整浜摩汤睥牡履慢敳瀮≹‬楬敮ㄠㄵ‬湩挠牯൯ †愠慷瑩猠汥⹦灡⡰捳灯ⱥ爠捥楥敶潟彲楤捳湯敮瑣‬敳摮湟彯牥潲⥲਍†楆敬∠㩃啜敳獲瑜捥慨䅜灰慄慴䱜捯污停潲牧浡屳祐桴湯停瑹潨㍮㈱䱜扩獜瑩ⵥ慰正条獥獜慴汲瑥整浜摩汤睥牡履慢敳瀮≹‬楬敮ㄠ㤸‬湩张损污彬ൟ †眠瑩⁨潣汬灡敳敟捸牧畯獰⤨ഺ 䘠汩⁥䌢尺獕牥屳整档屡灁䑰瑡屡潌慣屬牐杯慲獭停瑹潨屮祐桴湯ㄳ尲楌屢潣瑮硥汴扩瀮≹‬楬敮ㄠ㠵‬湩张敟楸彴ൟ †猠汥⹦敧⹮桴潲⡷慶畬⥥਍†楆敬∠㩃啜敳獲瑜捥慨䅜灰慄慴䱜捯污停潲牧浡屳祐桴湯停瑹潨㍮㈱䱜扩獜瑩ⵥ慰正条獥獜慴汲瑥整彜瑵汩⹳祰Ⱒ氠湩⁥㌹‬湩挠汯慬獰彥硥杣潲灵൳ †爠楡敳攠捸਍†楆敬∠㩃啜敳獲瑜捥慨䅜灰慄慴䱜捯污停潲牧浡屳祐桴湯停瑹潨㍮㈱䱜扩獜瑩ⵥ慰正条獥獜慴汲瑥整浜摩汤睥牡履慢敳瀮≹‬楬敮ㄠㄹ‬湩张损污彬ൟ †爠獥潰獮⁥‽睡楡⁴敳晬搮獩慰捴彨畦据爨煥敵瑳‬慣汬湟硥⥴਍†††††††帠幞幞幞幞幞幞幞幞幞幞幞幞幞幞幞幞幞幞幞幞幞൞ 䘠汩⁥䌢尺獕牥屳整档屡湏䑥楲敶䑜獥瑫灯獜污獥愠⁩汰瑡牦浯扜捡敫摮慜灰浜摩汤睥牡履敳畣楲祴瀮≹‬楬敮㈠㈳‬湩搠獩慰捴൨ †爠獥潰獮⁥‽睡楡⁴慣汬湟硥⡴敲畱獥⥴਍†††††††帠幞幞幞幞幞幞幞幞幞幞幞൞ 䘠汩⁥䌢尺獕牥屳整档屡灁䑰瑡屡潌慣屬牐杯慲獭停瑹潨屮祐桴湯ㄳ尲楌屢楳整瀭捡慫敧屳瑳牡敬瑴履業摤敬慷敲扜獡⹥祰Ⱒ氠湩⁥㘱ⰵ椠⁮慣汬湟硥൴ †爠楡敳愠灰敟捸਍†楆敬∠㩃啜敳獲瑜捥慨䅜灰慄慴䱜捯污停潲牧浡屳祐桴湯停瑹潨㍮㈱䱜扩獜瑩ⵥ慰正条獥獜慴汲瑥整浜摩汤睥牡履慢敳瀮≹‬楬敮ㄠㄵ‬湩挠牯൯ †愠慷瑩猠汥⹦灡⡰捳灯ⱥ爠捥楥敶潟彲楤捳湯敮瑣‬敳摮湟彯牥潲⥲਍†楆敬∠㩃啜敳獲瑜捥慨䅜灰慄慴䱜捯污停潲牧浡屳祐桴湯停瑹潨㍮㈱䱜扩獜瑩ⵥ慰正条獥獜慴汲瑥整浜摩汤睥牡履慢敳瀮≹‬楬敮ㄠ㤸‬湩张损污彬ൟ †眠瑩⁨潣汬灡敳敟捸牧畯獰⤨ഺ 䘠汩⁥䌢尺獕牥屳整档屡灁䑰瑡屡潌慣屬牐杯慲獭停瑹潨屮祐桴湯ㄳ尲楌屢潣瑮硥汴扩瀮≹‬楬敮ㄠ㠵‬湩张敟楸彴ൟ †猠汥⹦敧⹮桴潲⡷慶畬⥥਍†楆敬∠㩃啜敳獲瑜捥慨䅜灰慄慴䱜捯污停潲牧浡屳祐桴湯停瑹潨㍮㈱䱜扩獜瑩ⵥ慰正条獥獜慴汲瑥整彜瑵汩⹳祰Ⱒ氠湩⁥㌹‬湩挠汯慬獰彥硥杣潲灵൳ †爠楡敳攠捸਍†楆敬∠㩃啜敳獲瑜捥慨䅜灰慄慴䱜捯污停潲牧浡屳祐桴湯停瑹潨㍮㈱䱜扩獜瑩ⵥ慰正条獥獜慴汲瑥整浜摩汤睥牡履慢敳瀮≹‬楬敮ㄠㄹ‬湩张损污彬ൟ †爠獥潰獮⁥‽睡楡⁴敳晬搮獩慰捴彨畦据爨煥敵瑳‬慣汬湟硥⥴਍†††††††帠幞幞幞幞幞幞幞幞幞幞幞幞幞幞幞幞幞幞幞幞幞൞ 䘠汩⁥䌢尺獕牥屳整档屡湏䑥楲敶䑜獥瑫灯獜污獥愠⁩汰瑡牦浯扜捡敫摮慜灰浜摩汤睥牡履敳畣楲祴瀮≹‬楬敮㈠㈱‬湩搠獩慰捴൨ †爠楡敳䠠呔䕐捸灥楴湯ന昊獡慴楰攮捸灥楴湯⹳呈偔硅散瑰潩㩮㐠㤲›潔⁯慭祮爠煥敵瑳⹳䴠硡浩浵㘠‰敲畱獥獴瀠牥洠湩瑵⁥污潬敷⹤਍਍㉛㈰ⴶ㌰㈭‹〲㌺㨰㠰㌮㤵㈸崳嬠䑉戺㠷ㅢ㈳ⴲ晡つ㐭昵ⵢ扡㔴搭攵㔸㝡ㅢ㈹崶䔠剒›㈴㨹吠潯洠湡⁹敲畱獥獴‮慍楸畭⁭〶爠煥敵瑳⁳数⁲業畮整愠汬睯摥മ ⬠䔠捸灥楴湯䜠潲灵吠慲散慢正⠠潭瑳爠捥湥⁴慣汬氠獡⥴ഺ 簠†䘠汩⁥䌢尺獕牥屳整档屡灁䑰瑡屡潌慣屬牐杯慲獭停瑹潨屮祐桴湯ㄳ尲楌屢楳整瀭捡慫敧屳瑳牡敬瑴履畟楴獬瀮≹‬楬敮㠠ⰷ椠⁮潣汬灡敳敟捸牧畯獰਍†⁼††楹汥൤ 簠†䘠汩⁥䌢尺獕牥屳整档屡灁䑰瑡屡潌慣屬牐杯慲獭停瑹潨屮祐桴湯ㄳ尲楌屢楳整瀭捡慫敧屳瑳牡敬瑴履業摤敬慷敲扜獡⹥祰Ⱒ氠湩⁥㤱ⰰ椠⁮彟慣汬彟਍†⁼††獡湹⁣楷桴愠祮潩挮敲瑡彥慴歳束潲灵⤨愠⁳慴歳束潲灵ഺ 簠†䘠汩⁥䌢尺獕牥屳整档屡灁䑰瑡屡潌慣屬牐杯慲獭停瑹潨屮祐桴湯ㄳ尲楌屢楳整瀭捡慫敧屳湡楹屯扟捡敫摮屳慟祳据潩瀮≹‬楬敮㘠㠷‬湩张慟硥瑩彟਍†⁼††慲獩⁥慂敳硅散瑰潩䝮潲灵ന 簠䔠捸灥楴湯片畯㩰甠桮湡汤摥攠牲牯⁳湩愠吠獡䝫潲灵⠠‱畳ⵢ硥散瑰潩⥮਍†⴫⴫ⴭⴭⴭⴭⴭⴭⴭ‭‱ⴭⴭⴭⴭⴭⴭⴭⴭ਍††⁼牔捡扥捡⁫洨獯⁴敲散瑮挠污⁬慬瑳㨩਍††⁼†楆敬∠㩃啜敳獲瑜捥慨䅜灰慄慴䱜捯污停潲牧浡屳祐桴湯停瑹潨㍮㈱䱜扩獜瑩ⵥ慰正条獥獜慴汲瑥整浜摩汤睥牡履牥潲獲瀮≹‬楬敮ㄠ㐶‬湩张损污彬ൟ †簠††愠慷瑩猠汥⹦灡⡰捳灯ⱥ爠捥楥敶‬獟湥⥤਍††⁼†楆敬∠㩃啜敳獲瑜捥慨䅜灰慄慴䱜捯污停潲牧浡屳祐桴湯停瑹潨㍮㈱䱜扩獜瑩ⵥ慰正条獥獜慴汲瑥整浜摩汤睥牡履慢敳瀮≹‬楬敮ㄠ㤸‬湩张损污彬ൟ †簠††眠瑩⁨潣汬灡敳敟捸牧畯獰⤨ഺ †簠†䘠汩⁥䌢尺獕牥屳整档屡灁䑰瑡屡潌慣屬牐杯慲獭停瑹潨屮祐桴湯ㄳ尲楌屢潣瑮硥汴扩瀮≹‬楬敮ㄠ㠵‬湩张敟楸彴ൟ †簠††猠汥⹦敧⹮桴潲⡷慶畬⥥਍††⁼†楆敬∠㩃啜敳獲瑜捥慨䅜灰慄慴䱜捯污停潲牧浡屳祐桴湯停瑹潨㍮㈱䱜扩獜瑩ⵥ慰正条獥獜慴汲瑥整彜瑵汩⹳祰Ⱒ氠湩⁥㌹‬湩挠汯慬獰彥硥杣潲灵൳ †簠††爠楡敳攠捸਍††⁼†楆敬∠㩃啜敳獲瑜捥慨䅜灰慄慴䱜捯污停潲牧浡屳祐桴湯停瑹潨㍮㈱䱜扩獜瑩ⵥ慰正条獥獜慴汲瑥整浜摩汤睥牡履慢敳瀮≹‬楬敮ㄠㄹ‬湩张损污彬ൟ †簠††爠獥潰獮⁥‽睡楡⁴敳晬搮獩慰捴彨畦据爨煥敵瑳‬慣汬湟硥⥴਍††⁼†††††††帠幞幞幞幞幞幞幞幞幞幞幞幞幞幞幞幞幞幞幞幞幞൞ †簠†䘠汩⁥䌢尺獕牥屳整档屡湏䑥楲敶䑜獥瑫灯獜污獥愠⁩汰瑡牦浯扜捡敫摮慜灰浜摩汤睥牡履敲畱獥彴潣瑮硥⹴祰Ⱒ氠湩⁥㘵‬湩搠獩慰捴൨ †簠††爠楡敳攠਍††⁼†楆敬∠㩃啜敳獲瑜捥慨作敮牄癩履敄歳潴屰慳敬⁳楡瀠慬晴潲屭慢正湥層灡屰業摤敬慷敲牜煥敵瑳损湯整瑸瀮≹‬楬敮㔠ⰰ椠⁮楤灳瑡档਍††⁼††敲灳湯敳㴠愠慷瑩挠污彬敮瑸爨煥敵瑳ഩ †簠††††††††幞幞幞幞幞幞幞幞幞幞幞幞਍††⁼†楆敬∠㩃啜敳獲瑜捥慨䅜灰慄慴䱜捯污停潲牧浡屳祐桴湯停瑹潨㍮㈱䱜扩獜瑩ⵥ慰正条獥獜慴汲瑥整浜摩汤睥牡履慢敳瀮≹‬楬敮ㄠ㔶‬湩挠污彬敮瑸਍††⁼††慲獩⁥灡彰硥ൣ †簠†䘠汩⁥䌢尺獕牥屳整档屡灁䑰瑡屡潌慣屬牐杯慲獭停瑹潨屮祐桴湯ㄳ尲楌屢楳整瀭捡慫敧屳瑳牡敬瑴履業摤敬慷敲扜獡⹥祰Ⱒ氠湩⁥㔱ⰱ椠⁮潣潲਍††⁼††睡楡⁴敳晬愮灰猨潣数‬敲散癩彥牯摟獩潣湮捥ⱴ猠湥彤潮敟牲牯ഩ †簠†䘠汩⁥䌢尺獕牥屳整档屡灁䑰瑡屡潌慣屬牐杯慲獭停瑹潨屮祐桴湯ㄳ尲楌屢楳整瀭捡慫敧屳瑳牡敬瑴履業摤敬慷敲扜獡⹥祰Ⱒ氠湩⁥㠱ⰹ椠⁮彟慣汬彟਍††⁼††楷桴挠汯慬獰彥硥杣潲灵⡳㨩਍††⁼†楆敬∠㩃啜敳獲瑜捥慨䅜灰慄慴䱜捯污停潲牧浡屳祐桴湯停瑹潨㍮㈱䱜扩捜湯整瑸楬⹢祰Ⱒ氠湩⁥㔱ⰸ椠⁮彟硥瑩彟਍††⁼††敳晬朮湥琮牨睯瘨污敵ഩ †簠†䘠汩⁥䌢尺獕牥屳整档屡灁䑰瑡屡潌慣屬牐杯慲獭停瑹潨屮祐桴湯ㄳ尲楌屢楳整瀭捡慫敧屳瑳牡敬瑴履畟楴獬瀮≹‬楬敮㤠ⰳ椠⁮潣汬灡敳敟捸牧畯獰਍††⁼††慲獩⁥硥ൣ †簠†䘠汩⁥䌢尺獕牥屳整档屡灁䑰瑡屡潌慣屬牐杯慲獭停瑹潨屮祐桴湯ㄳ尲楌屢楳整瀭捡慫敧屳瑳牡敬瑴履業摤敬慷敲扜獡⹥祰Ⱒ氠湩⁥㤱ⰱ椠⁮彟慣汬彟਍††⁼††敲灳湯敳㴠愠慷瑩猠汥⹦楤灳瑡档晟湵⡣敲畱獥ⱴ挠污彬敮瑸ഩ †簠††††††††幞幞幞幞幞幞幞幞幞幞幞幞幞幞幞幞幞幞幞幞幞幞਍††⁼†楆敬∠㩃啜敳獲瑜捥慨作敮牄癩履敄歳潴屰慳敬⁳楡瀠慬晴潲屭慢正湥層灡屰業摤敬慷敲獜捥牵瑩⹹祰Ⱒ氠湩⁥㌲ⰲ椠⁮楤灳瑡档਍††⁼††敲灳湯敳㴠愠慷瑩挠污彬敮瑸爨煥敵瑳ഩ †簠††††††††幞幞幞幞幞幞幞幞幞幞幞幞਍††⁼†楆敬∠㩃啜敳獲瑜捥慨䅜灰慄慴䱜捯污停潲牧浡屳祐桴湯停瑹潨㍮㈱䱜扩獜瑩ⵥ慰正条獥獜慴汲瑥整浜摩汤睥牡履慢敳瀮≹‬楬敮ㄠ㔶‬湩挠污彬敮瑸਍††⁼††慲獩⁥灡彰硥ൣ †簠†䘠汩⁥䌢尺獕牥屳整档屡灁䑰瑡屡潌慣屬牐杯慲獭停瑹潨屮祐桴湯ㄳ尲楌屢楳整瀭捡慫敧屳瑳牡敬瑴履業摤敬慷敲扜獡⹥祰Ⱒ氠湩⁥㔱ⰱ椠⁮潣潲਍††⁼††睡楡⁴敳晬愮灰猨潣数‬敲散癩彥牯摟獩潣湮捥ⱴ猠湥彤潮敟牲牯ഩ †簠†䘠汩⁥䌢尺獕牥屳整档屡灁䑰瑡屡潌慣屬牐杯慲獭停瑹潨屮祐桴湯ㄳ尲楌屢楳整瀭捡慫敧屳瑳牡敬瑴履業摤敬慷敲扜獡⹥祰Ⱒ氠湩⁥㠱ⰹ椠⁮彟慣汬彟਍††⁼††楷桴挠汯慬獰彥硥杣潲灵⡳㨩਍††⁼†楆敬∠㩃啜敳獲瑜捥慨䅜灰慄慴䱜捯污停潲牧浡屳祐桴湯停瑹潨㍮㈱䱜扩捜湯整瑸楬⹢祰Ⱒ氠湩⁥㔱ⰸ椠⁮彟硥瑩彟਍††⁼††敳晬朮湥琮牨睯瘨污敵ഩ †簠†䘠汩⁥䌢尺獕牥屳整档屡灁䑰瑡屡潌慣屬牐杯慲獭停瑹潨屮祐桴湯ㄳ尲楌屢楳整瀭捡慫敧屳瑳牡敬瑴履畟楴獬瀮≹‬楬敮㤠ⰳ椠⁮潣汬灡敳敟捸牧畯獰਍††⁼††慲獩⁥硥ൣ †簠†䘠汩⁥䌢尺獕牥屳整档屡灁䑰瑡屡潌慣屬牐杯慲獭停瑹潨屮祐桴湯ㄳ尲楌屢楳整瀭捡慫敧屳瑳牡敬瑴履業摤敬慷敲扜獡⹥祰Ⱒ氠湩⁥㤱ⰱ椠⁮彟慣汬彟਍††⁼††敲灳湯敳㴠愠慷瑩猠汥⹦楤灳瑡档晟湵⡣敲畱獥ⱴ挠污彬敮瑸ഩ †簠††††††††幞幞幞幞幞幞幞幞幞幞幞幞幞幞幞幞幞幞幞幞幞幞਍††⁼†楆敬∠㩃啜敳獲瑜捥慨作敮牄癩履敄歳潴屰慳敬⁳楡瀠慬晴潲屭慢正湥層灡屰業摤敬慷敲獜捥牵瑩⹹祰Ⱒ氠湩⁥ㄲⰲ椠⁮楤灳瑡档਍††⁼††慲獩⁥呈偔硅散瑰潩⡮਍††⁼慦瑳灡⹩硥散瑰潩獮䠮呔䕐捸灥楴湯›㈴㨹吠潯洠湡⁹敲畱獥獴‮慍楸畭⁭〶爠煥敵瑳⁳数⁲業畮整愠汬睯摥മ †⬠ⴭⴭⴭⴭⴭⴭⴭⴭⴭⴭⴭⴭⴭⴭⴭⴭⴭⴭ਍਍畄楲杮栠湡汤湩⁧景琠敨愠潢敶攠捸灥楴湯‬湡瑯敨⁲硥散瑰潩⁮捯畣牲摥ഺഊ吊慲散慢正⠠潭瑳爠捥湥⁴慣汬氠獡⥴ഺ 䘠汩⁥䌢尺獕牥屳整档屡灁䑰瑡屡潌慣屬牐杯慲獭停瑹潨屮祐桴湯ㄳ尲楌屢楳整瀭捡慫敧屳瑳牡敬瑴履業摤敬慷敲敜牲牯⹳祰Ⱒ氠湩⁥㘱ⰴ椠⁮彟慣汬彟਍††睡楡⁴敳晬愮灰猨潣数‬敲散癩ⱥ张敳摮ഩ 䘠汩⁥䌢尺獕牥屳整档屡灁䑰瑡屡潌慣屬牐杯慲獭停瑹潨屮祐桴湯ㄳ尲楌屢楳整瀭捡慫敧屳瑳牡敬瑴履業摤敬慷敲扜獡⹥祰Ⱒ氠湩⁥㠱ⰹ椠⁮彟慣汬彟਍††楷桴挠汯慬獰彥硥杣潲灵⡳㨩਍†楆敬∠㩃啜敳獲瑜捥慨䅜灰慄慴䱜捯污停潲牧浡屳祐桴湯停瑹潨㍮㈱䱜扩捜湯整瑸楬⹢祰Ⱒ氠湩⁥㔱ⰸ椠⁮彟硥瑩彟਍††敳晬朮湥琮牨睯瘨污敵ഩ 䘠汩⁥䌢尺獕牥屳整档屡灁䑰瑡屡潌慣屬牐杯慲獭停瑹潨屮祐桴湯ㄳ尲楌屢楳整瀭捡慫敧屳瑳牡敬瑴履畟楴獬瀮≹‬楬敮㤠ⰳ椠⁮潣汬灡敳敟捸牧畯獰਍††慲獩⁥硥ൣ 䘠汩⁥䌢尺獕牥屳整档屡灁䑰瑡屡潌慣屬牐杯慲獭停瑹潨屮祐桴湯ㄳ尲楌屢楳整瀭捡慫敧屳瑳牡敬瑴履業摤敬慷敲扜獡⹥祰Ⱒ氠湩⁥㤱ⰱ椠⁮彟慣汬彟਍††敲灳湯敳㴠愠慷瑩猠汥⹦楤灳瑡档晟湵⡣敲畱獥ⱴ挠污彬敮瑸ഩ †††††††幞幞幞幞幞幞幞幞幞幞幞幞幞幞幞幞幞幞幞幞幞幞਍†楆敬∠㩃啜敳獲瑜捥慨作敮牄癩履敄歳潴屰慳敬⁳楡瀠慬晴潲屭慢正湥層灡屰業摤敬慷敲牜煥敵瑳损湯整瑸瀮≹‬楬敮㔠ⰶ椠⁮楤灳瑡档਍††慲獩⁥൥ 䘠汩⁥䌢尺獕牥屳整档屡湏䑥楲敶䑜獥瑫灯獜污獥愠⁩汰瑡牦浯扜捡敫摮慜灰浜摩汤睥牡履敲畱獥彴潣瑮硥⹴祰Ⱒ氠湩⁥〵‬湩搠獩慰捴൨ †爠獥潰獮⁥‽睡楡⁴慣汬湟硥⡴敲畱獥⥴਍†††††††帠幞幞幞幞幞幞幞幞幞幞幞൞ 䘠汩⁥䌢尺獕牥屳整档屡灁䑰瑡屡潌慣屬牐杯慲獭停瑹潨屮祐桴湯ㄳ尲楌屢楳整瀭捡慫敧屳瑳牡敬瑴履業摤敬慷敲扜獡⹥祰Ⱒ氠湩⁥㘱ⰵ椠⁮慣汬湟硥൴ †爠楡敳愠灰敟捸਍†楆敬∠㩃啜敳獲瑜捥慨䅜灰慄慴䱜捯污停潲牧浡屳祐桴湯停瑹潨㍮㈱䱜扩獜瑩ⵥ慰正条獥獜慴汲瑥整浜摩汤睥牡履慢敳瀮≹‬楬敮ㄠㄵ‬湩挠牯൯ †愠慷瑩猠汥⹦灡⡰捳灯ⱥ爠捥楥敶潟彲楤捳湯敮瑣‬敳摮湟彯牥潲⥲਍†楆敬∠㩃啜敳獲瑜捥慨䅜灰慄慴䱜捯污停潲牧浡屳祐桴湯停瑹潨㍮㈱䱜扩獜瑩ⵥ慰正条獥獜慴汲瑥整浜摩汤睥牡履慢敳瀮≹‬楬敮ㄠ㤸‬湩张损污彬ൟ †眠瑩⁨潣汬灡敳敟捸牧畯獰⤨ഺ 䘠汩⁥䌢尺獕牥屳整档屡灁䑰瑡屡潌慣屬牐杯慲獭停瑹潨屮祐桴湯ㄳ尲楌屢潣瑮硥汴扩瀮≹‬楬敮ㄠ㠵‬湩张敟楸彴ൟ †猠汥⹦敧⹮桴潲⡷慶畬⥥਍†楆敬∠㩃啜敳獲瑜捥慨䅜灰慄慴䱜捯污停潲牧浡屳祐桴湯停瑹潨㍮㈱䱜扩獜瑩ⵥ慰正条獥獜慴汲瑥整彜瑵汩⹳祰Ⱒ氠湩⁥㌹‬湩挠汯慬獰彥硥杣潲灵൳ †爠楡敳攠捸਍†楆敬∠㩃啜敳獲瑜捥慨䅜灰慄慴䱜捯污停潲牧浡屳祐桴湯停瑹潨㍮㈱䱜扩獜瑩ⵥ慰正条獥獜慴汲瑥整浜摩汤睥牡履慢敳瀮≹‬楬敮ㄠㄹ‬湩张损污彬ൟ †爠獥潰獮⁥‽睡楡⁴敳晬搮獩慰捴彨畦据爨煥敵瑳‬慣汬湟硥⥴਍†††††††帠幞幞幞幞幞幞幞幞幞幞幞幞幞幞幞幞幞幞幞幞幞൞ 䘠汩⁥䌢尺獕牥屳整档屡湏䑥楲敶䑜獥瑫灯獜污獥愠⁩汰瑡牦浯扜捡敫摮慜灰浜摩汤睥牡履敳畣楲祴瀮≹‬楬敮㈠㈳‬湩搠獩慰捴൨ †爠獥潰獮⁥‽睡楡⁴慣汬湟硥⡴敲畱獥⥴਍†††††††帠幞幞幞幞幞幞幞幞幞幞幞൞ 䘠汩⁥䌢尺獕牥屳整档屡灁䑰瑡屡潌慣屬牐杯慲獭停瑹潨屮祐桴湯ㄳ尲楌屢楳整瀭捡慫敧屳瑳牡敬瑴履業摤敬慷敲扜獡⹥祰Ⱒ氠湩⁥㘱ⰵ椠⁮慣汬湟硥൴ †爠楡敳愠灰敟捸਍†楆敬∠㩃啜敳獲瑜捥慨䅜灰慄慴䱜捯污停潲牧浡屳祐桴湯停瑹潨㍮㈱䱜扩獜瑩ⵥ慰正条獥獜慴汲瑥整浜摩汤睥牡履慢敳瀮≹‬楬敮ㄠㄵ‬湩挠牯൯ †愠慷瑩猠汥⹦灡⡰捳灯ⱥ爠捥楥敶潟彲楤捳湯敮瑣‬敳摮湟彯牥潲⥲਍†楆敬∠㩃啜敳獲瑜捥慨䅜灰慄慴䱜捯污停潲牧浡屳祐桴湯停瑹潨㍮㈱䱜扩獜瑩ⵥ慰正条獥獜慴汲瑥整浜摩汤睥牡履慢敳瀮≹‬楬敮ㄠ㤸‬湩张损污彬ൟ †眠瑩⁨潣汬灡敳敟捸牧畯獰⤨ഺ 䘠汩⁥䌢尺獕牥屳整档屡灁䑰瑡屡潌慣屬牐杯慲獭停瑹潨屮祐桴湯ㄳ尲楌屢潣瑮硥汴扩瀮≹‬楬敮ㄠ㠵‬湩张敟楸彴ൟ †猠汥⹦敧⹮桴潲⡷慶畬⥥਍†楆敬∠㩃啜敳獲瑜捥慨䅜灰慄慴䱜捯污停潲牧浡屳祐桴湯停瑹潨㍮㈱䱜扩獜瑩ⵥ慰正条獥獜慴汲瑥整彜瑵汩⹳祰Ⱒ氠湩⁥㌹‬湩挠汯慬獰彥硥杣潲灵൳ †爠楡敳攠捸਍†楆敬∠㩃啜敳獲瑜捥慨䅜灰慄慴䱜捯污停潲牧浡屳祐桴湯停瑹潨㍮㈱䱜扩獜瑩ⵥ慰正条獥獜慴汲瑥整浜摩汤睥牡履慢敳瀮≹‬楬敮ㄠㄹ‬湩张损污彬ൟ †爠獥潰獮⁥‽睡楡⁴敳晬搮獩慰捴彨畦据爨煥敵瑳‬慣汬湟硥⥴਍†††††††帠幞幞幞幞幞幞幞幞幞幞幞幞幞幞幞幞幞幞幞幞幞൞ 䘠汩⁥䌢尺獕牥屳整档屡湏䑥楲敶䑜獥瑫灯獜污獥愠⁩汰瑡牦浯扜捡敫摮慜灰浜摩汤睥牡履敳畣楲祴瀮≹‬楬敮㈠㈱‬湩搠獩慰捴൨ †爠楡敳䠠呔䕐捸灥楴湯ന昊獡慴楰攮捸灥楴湯⹳呈偔硅散瑰潩㩮㐠㤲›潔⁯慭祮爠煥敵瑳⹳䴠硡浩浵㘠‰敲畱獥獴瀠牥洠湩瑵⁥污潬敷⹤਍਍㉛㈰ⴶ㌰㈭‹〲㌺㨰㠰㌮㈷㈸崰嬠䑉攺挴昱戱ⴳ扢换㐭㑦ⴶ㍡㡣㤭㔴㤲捣㐸愷嵥䔠剒›㈴㨹吠潯洠湡⁹敲畱獥獴‮慍楸畭⁭〶爠煥敵瑳⁳数⁲業畮整愠汬睯摥മ ⬠䔠捸灥楴湯䜠潲灵吠慲散慢正⠠潭瑳爠捥湥⁴慣汬氠獡⥴ഺ 簠†䘠汩⁥䌢尺獕牥屳整档屡灁䑰瑡屡潌慣屬牐杯慲獭停瑹潨屮祐桴湯ㄳ尲楌屢楳整瀭捡慫敧屳瑳牡敬瑴履畟楴獬瀮≹‬楬敮㠠ⰷ椠⁮潣汬灡敳敟捸牧畯獰਍†⁼††楹汥൤ 簠†䘠汩⁥䌢尺獕牥屳整档屡灁䑰瑡屡潌慣屬牐杯慲獭停瑹潨屮祐桴湯ㄳ尲楌屢楳整瀭捡慫敧屳瑳牡敬瑴履業摤敬慷敲扜獡⹥祰Ⱒ氠湩⁥㤱ⰰ椠⁮彟慣汬彟਍†⁼††獡湹⁣楷桴愠祮潩挮敲瑡彥慴歳束潲灵⤨愠⁳慴歳束潲灵ഺ 簠†䘠汩⁥䌢尺獕牥屳整档屡灁䑰瑡屡潌慣屬牐杯慲獭停瑹潨屮祐桴湯ㄳ尲楌屢楳整瀭捡慫敧屳湡楹屯扟捡敫摮屳慟祳据潩瀮≹‬楬敮㘠㠷‬湩张慟硥瑩彟਍†⁼††慲獩⁥慂敳硅散瑰潩䝮潲灵ന 簠䔠捸灥楴湯片畯㩰甠桮湡汤摥攠牲牯⁳湩愠吠獡䝫潲灵⠠‱畳ⵢ硥散瑰潩⥮਍†⴫⴫ⴭⴭⴭⴭⴭⴭⴭ‭‱ⴭⴭⴭⴭⴭⴭⴭⴭ਍††⁼牔捡扥捡⁫洨獯⁴敲散瑮挠污⁬慬瑳㨩਍††⁼†楆敬∠㩃啜敳獲瑜捥慨䅜灰慄慴䱜捯污停潲牧浡屳祐桴湯停瑹潨㍮㈱䱜扩獜瑩ⵥ慰正条獥獜慴汲瑥整浜摩汤睥牡履牥潲獲瀮≹‬楬敮ㄠ㐶‬湩张损污彬ൟ †簠††愠慷瑩猠汥⹦灡⡰捳灯ⱥ爠捥楥敶‬獟湥⥤਍††⁼†楆敬∠㩃啜敳獲瑜捥慨䅜灰慄慴䱜捯污停潲牧浡屳祐桴湯停瑹潨㍮㈱䱜扩獜瑩ⵥ慰正条獥獜慴汲瑥整浜摩汤睥牡履慢敳瀮≹‬楬敮ㄠ㤸‬湩张损污彬ൟ †簠††眠瑩⁨潣汬灡敳敟捸牧畯獰⤨ഺ †簠†䘠汩⁥䌢尺獕牥屳整档屡灁䑰瑡屡潌慣屬牐杯慲獭停瑹潨屮祐桴湯ㄳ尲楌屢潣瑮硥汴扩瀮≹‬楬敮ㄠ㠵‬湩张敟楸彴ൟ †簠††猠汥⹦敧⹮桴潲⡷慶畬⥥਍††⁼†楆敬∠㩃啜敳獲瑜捥慨䅜灰慄慴䱜捯污停潲牧浡屳祐桴湯停瑹潨㍮㈱䱜扩獜瑩ⵥ慰正条獥獜慴汲瑥整彜瑵汩⹳祰Ⱒ氠湩⁥㌹‬湩挠汯慬獰彥硥杣潲灵൳ †簠††爠楡敳攠捸਍††⁼†楆敬∠㩃啜敳獲瑜捥慨䅜灰慄慴䱜捯污停潲牧浡屳祐桴湯停瑹潨㍮㈱䱜扩獜瑩ⵥ慰正条獥獜慴汲瑥整浜摩汤睥牡履慢敳瀮≹‬楬敮ㄠㄹ‬湩张损污彬ൟ †簠††爠獥潰獮⁥‽睡楡⁴敳晬搮獩慰捴彨畦据爨煥敵瑳‬慣汬湟硥⥴਍††⁼†††††††帠幞幞幞幞幞幞幞幞幞幞幞幞幞幞幞幞幞幞幞幞幞൞ †簠†䘠汩⁥䌢尺獕牥屳整档屡湏䑥楲敶䑜獥瑫灯獜污獥愠⁩汰瑡牦浯扜捡敫摮慜灰浜摩汤睥牡履敲畱獥彴潣瑮硥⹴祰Ⱒ氠湩⁥㘵‬湩搠獩慰捴൨ †簠††爠楡敳攠਍††⁼†楆敬∠㩃啜敳獲瑜捥慨作敮牄癩履敄歳潴屰慳敬⁳楡瀠慬晴潲屭慢正湥層灡屰業摤敬慷敲牜煥敵瑳损湯整瑸瀮≹‬楬敮㔠ⰰ椠⁮楤灳瑡档਍††⁼††敲灳湯敳㴠愠慷瑩挠污彬敮瑸爨煥敵瑳ഩ †簠††††††††幞幞幞幞幞幞幞幞幞幞幞幞਍††⁼†楆敬∠㩃啜敳獲瑜捥慨䅜灰慄慴䱜捯污停潲牧浡屳祐桴湯停瑹潨㍮㈱䱜扩獜瑩ⵥ慰正条獥獜慴汲瑥整浜摩汤睥牡履慢敳瀮≹‬楬敮ㄠ㔶‬湩挠污彬敮瑸਍††⁼††慲獩⁥灡彰硥ൣ †簠†䘠汩⁥䌢尺獕牥屳整档屡灁䑰瑡屡潌慣屬牐杯慲獭停瑹潨屮祐桴湯ㄳ尲楌屢楳整瀭捡慫敧屳瑳牡敬瑴履業摤敬慷敲扜獡⹥祰Ⱒ氠湩⁥㔱ⰱ椠⁮潣潲਍††⁼††睡楡⁴敳晬愮灰猨潣数‬敲散癩彥牯摟獩潣湮捥ⱴ猠湥彤潮敟牲牯ഩ †簠†䘠汩⁥䌢尺獕牥屳整档屡灁䑰瑡屡潌慣屬牐杯慲獭停瑹潨屮祐桴湯ㄳ尲楌屢楳整瀭捡慫敧屳瑳牡敬瑴履業摤敬慷敲扜獡⹥祰Ⱒ氠湩⁥㠱ⰹ椠⁮彟慣汬彟਍††⁼††楷桴挠汯慬獰彥硥杣潲灵⡳㨩਍††⁼†楆敬∠㩃啜敳獲瑜捥慨䅜灰慄慴䱜捯污停潲牧浡屳祐桴湯停瑹潨㍮㈱䱜扩捜湯整瑸楬⹢祰Ⱒ氠湩⁥㔱ⰸ椠⁮彟硥瑩彟਍††⁼††敳晬朮湥琮牨睯瘨污敵ഩ †簠†䘠汩⁥䌢尺獕牥屳整档屡灁䑰瑡屡潌慣屬牐杯慲獭停瑹潨屮祐桴湯ㄳ尲楌屢楳整瀭捡慫敧屳瑳牡敬瑴履畟楴獬瀮≹‬楬敮㤠ⰳ椠⁮潣汬灡敳敟捸牧畯獰਍††⁼††慲獩⁥硥ൣ †簠†䘠汩⁥䌢尺獕牥屳整档屡灁䑰瑡屡潌慣屬牐杯慲獭停瑹潨屮祐桴湯ㄳ尲楌屢楳整瀭捡慫敧屳瑳牡敬瑴履業摤敬慷敲扜獡⹥祰Ⱒ氠湩⁥㤱ⰱ椠⁮彟慣汬彟਍††⁼††敲灳湯敳㴠愠慷瑩猠汥⹦楤灳瑡档晟湵⡣敲畱獥ⱴ挠污彬敮瑸ഩ †簠††††††††幞幞幞幞幞幞幞幞幞幞幞幞幞幞幞幞幞幞幞幞幞幞਍††⁼†楆敬∠㩃啜敳獲瑜捥慨作敮牄癩履敄歳潴屰慳敬⁳楡瀠慬晴潲屭慢正湥層灡屰業摤敬慷敲獜捥牵瑩⹹祰Ⱒ氠湩⁥㌲ⰲ椠⁮楤灳瑡档਍††⁼††敲灳湯敳㴠愠慷瑩挠污彬敮瑸爨煥敵瑳ഩ †簠††††††††幞幞幞幞幞幞幞幞幞幞幞幞਍††⁼†楆敬∠㩃啜敳獲瑜捥慨䅜灰慄慴䱜捯污停潲牧浡屳祐桴湯停瑹潨㍮㈱䱜扩獜瑩ⵥ慰正条獥獜慴汲瑥整浜摩汤睥牡履慢敳瀮≹‬楬敮ㄠ㔶‬湩挠污彬敮瑸਍††⁼††慲獩⁥灡彰硥ൣ †簠†䘠汩⁥䌢尺獕牥屳整档屡灁䑰瑡屡潌慣屬牐杯慲獭停瑹潨屮祐桴湯ㄳ尲楌屢楳整瀭捡慫敧屳瑳牡敬瑴履業摤敬慷敲扜獡⹥祰Ⱒ氠湩⁥㔱ⰱ椠⁮潣潲਍††⁼††睡楡⁴敳晬愮灰猨潣数‬敲散癩彥牯摟獩潣湮捥ⱴ猠湥彤潮敟牲牯ഩ †簠†䘠汩⁥䌢尺獕牥屳整档屡灁䑰瑡屡潌慣屬牐杯慲獭停瑹潨屮祐桴湯ㄳ尲楌屢楳整瀭捡慫敧屳瑳牡敬瑴履業摤敬慷敲扜獡⹥祰Ⱒ氠湩⁥㠱ⰹ椠⁮彟慣汬彟਍††⁼††楷桴挠汯慬獰彥硥杣潲灵⡳㨩਍††⁼†楆敬∠㩃啜敳獲瑜捥慨䅜灰慄慴䱜捯污停潲牧浡屳祐桴湯停瑹潨㍮㈱䱜扩捜湯整瑸楬⹢祰Ⱒ氠湩⁥㔱ⰸ椠⁮彟硥瑩彟਍††⁼††敳晬朮湥琮牨睯瘨污敵ഩ †簠†䘠汩⁥䌢尺獕牥屳整档屡灁䑰瑡屡潌慣屬牐杯慲獭停瑹潨屮祐桴湯ㄳ尲楌屢楳整瀭捡慫敧屳瑳牡敬瑴履畟楴獬瀮≹‬楬敮㤠ⰳ椠⁮潣汬灡敳敟捸牧畯獰਍††⁼††慲獩⁥硥ൣ †簠†䘠汩⁥䌢尺獕牥屳整档屡灁䑰瑡屡潌慣屬牐杯慲獭停瑹潨屮祐桴湯ㄳ尲楌屢楳整瀭捡慫敧屳瑳牡敬瑴履業摤敬慷敲扜獡⹥祰Ⱒ氠湩⁥㤱ⰱ椠⁮彟慣汬彟਍††⁼††敲灳湯敳㴠愠慷瑩猠汥⹦楤灳瑡档晟湵⡣敲畱獥ⱴ挠污彬敮瑸ഩ †簠††††††††幞幞幞幞幞幞幞幞幞幞幞幞幞幞幞幞幞幞幞幞幞幞਍††⁼†楆敬∠㩃啜敳獲瑜捥慨作敮牄癩履敄歳潴屰慳敬⁳楡瀠慬晴潲屭慢正湥層灡屰業摤敬慷敲獜捥牵瑩⹹祰Ⱒ氠湩⁥ㄲⰲ椠⁮楤灳瑡档਍††⁼††慲獩⁥呈偔硅散瑰潩⡮਍††⁼慦瑳灡⹩硥散瑰潩獮䠮呔䕐捸灥楴湯›㈴㨹吠潯洠湡⁹敲畱獥獴‮慍楸畭⁭〶爠煥敵瑳⁳数⁲業畮整愠汬睯摥മ †⬠ⴭⴭⴭⴭⴭⴭⴭⴭⴭⴭⴭⴭⴭⴭⴭⴭⴭⴭ਍਍畄楲杮栠湡汤湩⁧景琠敨愠潢敶攠捸灥楴湯‬湡瑯敨⁲硥散瑰潩⁮捯畣牲摥ഺഊ吊慲散慢正⠠潭瑳爠捥湥⁴慣汬氠獡⥴ഺ 䘠汩⁥䌢尺獕牥屳整档屡灁䑰瑡屡潌慣屬牐杯慲獭停瑹潨屮祐桴湯ㄳ尲楌屢楳整瀭捡慫敧屳瑳牡敬瑴履業摤敬慷敲敜牲牯⹳祰Ⱒ氠湩⁥㘱ⰴ椠⁮彟慣汬彟਍††睡楡⁴敳晬愮灰猨潣数‬敲散癩ⱥ张敳摮ഩ 䘠汩⁥䌢尺獕牥屳整档屡灁䑰瑡屡潌慣屬牐杯慲獭停瑹潨屮祐桴湯ㄳ尲楌屢楳整瀭捡慫敧屳瑳牡敬瑴履業摤敬慷敲扜獡⹥祰Ⱒ氠湩⁥㠱ⰹ椠⁮彟慣汬彟਍††楷桴挠汯慬獰彥硥杣潲灵⡳㨩਍†楆敬∠㩃啜敳獲瑜捥慨䅜灰慄慴䱜捯污停潲牧浡屳祐桴湯停瑹潨㍮㈱䱜扩捜湯整瑸楬⹢祰Ⱒ氠湩⁥㔱ⰸ椠⁮彟硥瑩彟਍††敳晬朮湥琮牨睯瘨污敵ഩ 䘠汩⁥䌢尺獕牥屳整档屡灁䑰瑡屡潌慣屬牐杯慲獭停瑹潨屮祐桴湯ㄳ尲楌屢楳整瀭捡慫敧屳瑳牡敬瑴履畟楴獬瀮≹‬楬敮㤠ⰳ椠⁮潣汬灡敳敟捸牧畯獰਍††慲獩⁥硥ൣ 䘠汩⁥䌢尺獕牥屳整档屡灁䑰瑡屡潌慣屬牐杯慲獭停瑹潨屮祐桴湯ㄳ尲楌屢楳整瀭捡慫敧屳瑳牡敬瑴履業摤敬慷敲扜獡⹥祰Ⱒ氠湩⁥㤱ⰱ椠⁮彟慣汬彟਍††敲灳湯敳㴠愠慷瑩猠汥⹦楤灳瑡档晟湵⡣敲畱獥ⱴ挠污彬敮瑸ഩ †††††††幞幞幞幞幞幞幞幞幞幞幞幞幞幞幞幞幞幞幞幞幞幞਍†楆敬∠㩃啜敳獲瑜捥慨作敮牄癩履敄歳潴屰慳敬⁳楡瀠慬晴潲屭慢正湥層灡屰業摤敬慷敲牜煥敵瑳损湯整瑸瀮≹‬楬敮㔠ⰶ椠⁮楤灳瑡档਍††慲獩⁥൥ 䘠汩⁥䌢尺獕牥屳整档屡湏䑥楲敶䑜獥瑫灯獜污獥愠⁩汰瑡牦浯扜捡敫摮慜灰浜摩汤睥牡履敲畱獥彴潣瑮硥⹴祰Ⱒ氠湩⁥〵‬湩搠獩慰捴൨ †爠獥潰獮⁥‽睡楡⁴慣汬湟硥⡴敲畱獥⥴਍†††††††帠幞幞幞幞幞幞幞幞幞幞幞൞ 䘠汩⁥䌢尺獕牥屳整档屡灁䑰瑡屡潌慣屬牐杯慲獭停瑹潨屮祐桴湯ㄳ尲楌屢楳整瀭捡慫敧屳瑳牡敬瑴履業摤敬慷敲扜獡⹥祰Ⱒ氠湩⁥㘱ⰵ椠⁮慣汬湟硥൴ †爠楡敳愠灰敟捸਍†楆敬∠㩃啜敳獲瑜捥慨䅜灰慄慴䱜捯污停潲牧浡屳祐桴湯停瑹潨㍮㈱䱜扩獜瑩ⵥ慰正条獥獜慴汲瑥整浜摩汤睥牡履慢敳瀮≹‬楬敮ㄠㄵ‬湩挠牯൯ †愠慷瑩猠汥⹦灡⡰捳灯ⱥ爠捥楥敶潟彲楤捳湯敮瑣‬敳摮湟彯牥潲⥲਍†楆敬∠㩃啜敳獲瑜捥慨䅜灰慄慴䱜捯污停潲牧浡屳祐桴湯停瑹潨㍮㈱䱜扩獜瑩ⵥ慰正条獥獜慴汲瑥整浜摩汤睥牡履慢敳瀮≹‬楬敮ㄠ㤸‬湩张损污彬ൟ †眠瑩⁨潣汬灡敳敟捸牧畯獰⤨ഺ 䘠汩⁥䌢尺獕牥屳整档屡灁䑰瑡屡潌慣屬牐杯慲獭停瑹潨屮祐桴湯ㄳ尲楌屢潣瑮硥汴扩瀮≹‬楬敮ㄠ㠵‬湩张敟楸彴ൟ †猠汥⹦敧⹮桴潲⡷慶畬⥥਍†楆敬∠㩃啜敳獲瑜捥慨䅜灰慄慴䱜捯污停潲牧浡屳祐桴湯停瑹潨㍮㈱䱜扩獜瑩ⵥ慰正条獥獜慴汲瑥整彜瑵汩⹳祰Ⱒ氠湩⁥㌹‬湩挠汯慬獰彥硥杣潲灵൳ †爠楡敳攠捸਍†楆敬∠㩃啜敳獲瑜捥慨䅜灰慄慴䱜捯污停潲牧浡屳祐桴湯停瑹潨㍮㈱䱜扩獜瑩ⵥ慰正条獥獜慴汲瑥整浜摩汤睥牡履慢敳瀮≹‬楬敮ㄠㄹ‬湩张损污彬ൟ †爠獥潰獮⁥‽睡楡⁴敳晬搮獩慰捴彨畦据爨煥敵瑳‬慣汬湟硥⥴਍†††††††帠幞幞幞幞幞幞幞幞幞幞幞幞幞幞幞幞幞幞幞幞幞൞ 䘠汩⁥䌢尺獕牥屳整档屡湏䑥楲敶䑜獥瑫灯獜污獥愠⁩汰瑡牦浯扜捡敫摮慜灰浜摩汤睥牡履敳畣楲祴瀮≹‬楬敮㈠㈳‬湩搠獩慰捴൨ †爠獥潰獮⁥‽睡楡⁴慣汬湟硥⡴敲畱獥⥴਍†††††††帠幞幞幞幞幞幞幞幞幞幞幞൞ 䘠汩⁥䌢尺獕牥屳整档屡灁䑰瑡屡潌慣屬牐杯慲獭停瑹潨屮祐桴湯ㄳ尲楌屢楳整瀭捡慫敧屳瑳牡敬瑴履業摤敬慷敲扜獡⹥祰Ⱒ氠湩⁥㘱ⰵ椠⁮慣汬湟硥൴ †爠楡敳愠灰敟捸਍†楆敬∠㩃啜敳獲瑜捥慨䅜灰慄慴䱜捯污停潲牧浡屳祐桴湯停瑹潨㍮㈱䱜扩獜瑩ⵥ慰正条獥獜慴汲瑥整浜摩汤睥牡履慢敳瀮≹‬楬敮ㄠㄵ‬湩挠牯൯ †愠慷瑩猠汥⹦灡⡰捳灯ⱥ爠捥楥敶潟彲楤捳湯敮瑣‬敳摮湟彯牥潲⥲਍†楆敬∠㩃啜敳獲瑜捥慨䅜灰慄慴䱜捯污停潲牧浡屳祐桴湯停瑹潨㍮㈱䱜扩獜瑩ⵥ慰正条獥獜慴汲瑥整浜摩汤睥牡履慢敳瀮≹‬楬敮ㄠ㤸‬湩张损污彬ൟ †眠瑩⁨潣汬灡敳敟捸牧畯獰⤨ഺ 䘠汩⁥䌢尺獕牥屳整档屡灁䑰瑡屡潌慣屬牐杯慲獭停瑹潨屮祐桴湯ㄳ尲楌屢潣瑮硥汴扩瀮≹‬楬敮ㄠ㠵‬湩张敟楸彴ൟ †猠汥⹦敧⹮桴潲⡷慶畬⥥਍†楆敬∠㩃啜敳獲瑜捥慨䅜灰慄慴䱜捯污停潲牧浡屳祐桴湯停瑹潨㍮㈱䱜扩獜瑩ⵥ慰正条獥獜慴汲瑥整彜瑵汩⹳祰Ⱒ氠湩⁥㌹‬湩挠汯慬獰彥硥杣潲灵൳ †爠楡敳攠捸਍†楆敬∠㩃啜敳獲瑜捥慨䅜灰慄慴䱜捯污停潲牧浡屳祐桴湯停瑹潨㍮㈱䱜扩獜瑩ⵥ慰正条獥獜慴汲瑥整浜摩汤睥牡履慢敳瀮≹‬楬敮ㄠㄹ‬湩张损污彬ൟ †爠獥潰獮⁥‽睡楡⁴敳晬搮獩慰捴彨畦据爨煥敵瑳‬慣汬湟硥⥴਍†††††††帠幞幞幞幞幞幞幞幞幞幞幞幞幞幞幞幞幞幞幞幞幞൞ 䘠汩⁥䌢尺獕牥屳整档屡湏䑥楲敶䑜獥瑫灯獜污獥愠⁩汰瑡牦浯扜捡敫摮慜灰浜摩汤睥牡履敳畣楲祴瀮≹‬楬敮㈠㈱‬湩搠獩慰捴൨ †爠楡敳䠠呔䕐捸灥楴湯ന昊獡慴楰攮捸灥楴湯⹳呈偔硅散瑰潩㩮㐠㤲›潔⁯慭祮爠煥敵瑳⹳䴠硡浩浵㘠‰敲畱獥獴瀠牥洠湩瑵⁥污潬敷⹤਍਍㉛㈰ⴶ㌰㈭‹〲㌺㨰㠰㌮㘸㈸崱嬠䑉㌺㝤敤㑡ⵡ攵㘱㐭㝥ⴳ㥢〶〭㌷㤰戳挲㍢崵䔠剒›㈴㨹吠潯洠湡⁹敲畱獥獴‮慍楸畭⁭〶爠煥敵瑳⁳数⁲業畮整愠汬睯摥മ ⬠䔠捸灥楴湯䜠潲灵吠慲散慢正⠠潭瑳爠捥湥⁴慣汬氠獡⥴ഺ 簠†䘠汩⁥䌢尺獕牥屳整档屡灁䑰瑡屡潌慣屬牐杯慲獭停瑹潨屮祐桴湯ㄳ尲楌屢楳整瀭捡慫敧屳瑳牡敬瑴履畟楴獬瀮≹‬楬敮㠠ⰷ椠⁮潣汬灡敳敟捸牧畯獰਍†⁼††楹汥൤ 簠†䘠汩⁥䌢尺獕牥屳整档屡灁䑰瑡屡潌慣屬牐杯慲獭停瑹潨屮祐桴湯ㄳ尲楌屢楳整瀭捡慫敧屳瑳牡敬瑴履業摤敬慷敲扜獡⹥祰Ⱒ氠湩⁥㤱ⰰ椠⁮彟慣汬彟਍†⁼††獡湹⁣楷桴愠祮潩挮敲瑡彥慴歳束潲灵⤨愠⁳慴歳束潲灵ഺ 簠†䘠汩⁥䌢尺獕牥屳整档屡灁䑰瑡屡潌慣屬牐杯慲獭停瑹潨屮祐桴湯ㄳ尲楌屢楳整瀭捡慫敧屳湡楹屯扟捡敫摮屳慟祳据潩瀮≹‬楬敮㘠㠷‬湩张慟硥瑩彟਍†⁼††慲獩⁥慂敳硅散瑰潩䝮潲灵ന 簠䔠捸灥楴湯片畯㩰甠桮湡汤摥攠牲牯⁳湩愠吠獡䝫潲灵⠠‱畳ⵢ硥散瑰潩⥮਍†⴫⴫ⴭⴭⴭⴭⴭⴭⴭ‭‱ⴭⴭⴭⴭⴭⴭⴭⴭ਍††⁼牔捡扥捡⁫洨獯⁴敲散瑮挠污⁬慬瑳㨩਍††⁼†楆敬∠㩃啜敳獲瑜捥慨䅜灰慄慴䱜捯污停潲牧浡屳祐桴湯停瑹潨㍮㈱䱜扩獜瑩ⵥ慰正条獥獜慴汲瑥整浜摩汤睥牡履牥潲獲瀮≹‬楬敮ㄠ㐶‬湩张损污彬ൟ †簠††愠慷瑩猠汥⹦灡⡰捳灯ⱥ爠捥楥敶‬獟湥⥤਍††⁼†楆敬∠㩃啜敳獲瑜捥慨䅜灰慄慴䱜捯污停潲牧浡屳祐桴湯停瑹潨㍮㈱䱜扩獜瑩ⵥ慰正条獥獜慴汲瑥整浜摩汤睥牡履慢敳瀮≹‬楬敮ㄠ㤸‬湩张损污彬ൟ †簠††眠瑩⁨潣汬灡敳敟捸牧畯獰⤨ഺ †簠†䘠汩⁥䌢尺獕牥屳整档屡灁䑰瑡屡潌慣屬牐杯慲獭停瑹潨屮祐桴湯ㄳ尲楌屢潣瑮硥汴扩瀮≹‬楬敮ㄠ㠵‬湩张敟楸彴ൟ †簠††猠汥⹦敧⹮桴潲⡷慶畬⥥਍††⁼†楆敬∠㩃啜敳獲瑜捥慨䅜灰慄慴䱜捯污停潲牧浡屳祐桴湯停瑹潨㍮㈱䱜扩獜瑩ⵥ慰正条獥獜慴汲瑥整彜瑵汩⹳祰Ⱒ氠湩⁥㌹‬湩挠汯慬獰彥硥杣潲灵൳ †簠††爠楡敳攠捸਍††⁼†楆敬∠㩃啜敳獲瑜捥慨䅜灰慄慴䱜捯污停潲牧浡屳祐桴湯停瑹潨㍮㈱䱜扩獜瑩ⵥ慰正条獥獜慴汲瑥整浜摩汤睥牡履慢敳瀮≹‬楬敮ㄠㄹ‬湩张损污彬ൟ †簠††爠獥潰獮⁥‽睡楡⁴敳晬搮獩慰捴彨畦据爨煥敵瑳‬慣汬湟硥⥴਍††⁼†††††††帠幞幞幞幞幞幞幞幞幞幞幞幞幞幞幞幞幞幞幞幞幞൞ †簠†䘠汩⁥䌢尺獕牥屳整档屡湏䑥楲敶䑜獥瑫灯獜污獥愠⁩汰瑡牦浯扜捡敫摮慜灰浜摩汤睥牡履敲畱獥彴潣瑮硥⹴祰Ⱒ氠湩⁥㘵‬湩搠獩慰捴൨ †簠††爠楡敳攠਍††⁼†楆敬∠㩃啜敳獲瑜捥慨作敮牄癩履敄歳潴屰慳敬⁳楡瀠慬晴潲屭慢正湥層灡屰業摤敬慷敲牜煥敵瑳损湯整瑸瀮≹‬楬敮㔠ⰰ椠⁮楤灳瑡档਍††⁼††敲灳湯敳㴠愠慷瑩挠污彬敮瑸爨煥敵瑳ഩ †簠††††††††幞幞幞幞幞幞幞幞幞幞幞幞਍††⁼†楆敬∠㩃啜敳獲瑜捥慨䅜灰慄慴䱜捯污停潲牧浡屳祐桴湯停瑹潨㍮㈱䱜扩獜瑩ⵥ慰正条獥獜慴汲瑥整浜摩汤睥牡履慢敳瀮≹‬楬敮ㄠ㔶‬湩挠污彬敮瑸਍††⁼††慲獩⁥灡彰硥ൣ †簠†䘠汩⁥䌢尺獕牥屳整档屡灁䑰瑡屡潌慣屬牐杯慲獭停瑹潨屮祐桴湯ㄳ尲楌屢楳整瀭捡慫敧屳瑳牡敬瑴履業摤敬慷敲扜獡⹥祰Ⱒ氠湩⁥㔱ⰱ椠⁮潣潲਍††⁼††睡楡⁴敳晬愮灰猨潣数‬敲散癩彥牯摟獩潣湮捥ⱴ猠湥彤潮敟牲牯ഩ †簠†䘠汩⁥䌢尺獕牥屳整档屡灁䑰瑡屡潌慣屬牐杯慲獭停瑹潨屮祐桴湯ㄳ尲楌屢楳整瀭捡慫敧屳瑳牡敬瑴履業摤敬慷敲扜獡⹥祰Ⱒ氠湩⁥㠱ⰹ椠⁮彟慣汬彟਍††⁼††楷桴挠汯慬獰彥硥杣潲灵⡳㨩਍††⁼†楆敬∠㩃啜敳獲瑜捥慨䅜灰慄慴䱜捯污停潲牧浡屳祐桴湯停瑹潨㍮㈱䱜扩捜湯整瑸楬⹢祰Ⱒ氠湩⁥㔱ⰸ椠⁮彟硥瑩彟਍††⁼††敳晬朮湥琮牨睯瘨污敵ഩ †簠†䘠汩⁥䌢尺獕牥屳整档屡灁䑰瑡屡潌慣屬牐杯慲獭停瑹潨屮祐桴湯ㄳ尲楌屢楳整瀭捡慫敧屳瑳牡敬瑴履畟楴獬瀮≹‬楬敮㤠ⰳ椠⁮潣汬灡敳敟捸牧畯獰਍††⁼††慲獩⁥硥ൣ †簠†䘠汩⁥䌢尺獕牥屳整档屡灁䑰瑡屡潌慣屬牐杯慲獭停瑹潨屮祐桴湯ㄳ尲楌屢楳整瀭捡慫敧屳瑳牡敬瑴履業摤敬慷敲扜獡⹥祰Ⱒ氠湩⁥㤱ⰱ椠⁮彟慣汬彟਍††⁼††敲灳湯敳㴠愠慷瑩猠汥⹦楤灳瑡档晟湵⡣敲畱獥ⱴ挠污彬敮瑸ഩ †簠††††††††幞幞幞幞幞幞幞幞幞幞幞幞幞幞幞幞幞幞幞幞幞幞਍††⁼†楆敬∠㩃啜敳獲瑜捥慨作敮牄癩履敄歳潴屰慳敬⁳楡瀠慬晴潲屭慢正湥層灡屰業摤敬慷敲獜捥牵瑩⹹祰Ⱒ氠湩⁥㌲ⰲ椠⁮楤灳瑡档਍††⁼††敲灳湯敳㴠愠慷瑩挠污彬敮瑸爨煥敵瑳ഩ †簠††††††††幞幞幞幞幞幞幞幞幞幞幞幞਍††⁼†楆敬∠㩃啜敳獲瑜捥慨䅜灰慄慴䱜捯污停潲牧浡屳祐桴湯停瑹潨㍮㈱䱜扩獜瑩ⵥ慰正条獥獜慴汲瑥整浜摩汤睥牡履慢敳瀮≹‬楬敮ㄠ㔶‬湩挠污彬敮瑸਍††⁼††慲獩⁥灡彰硥ൣ †簠†䘠汩⁥䌢尺獕牥屳整档屡灁䑰瑡屡潌慣屬牐杯慲獭停瑹潨屮祐桴湯ㄳ尲楌屢楳整瀭捡慫敧屳瑳牡敬瑴履業摤敬慷敲扜獡⹥祰Ⱒ氠湩⁥㔱ⰱ椠⁮潣潲਍††⁼††睡楡⁴敳晬愮灰猨潣数‬敲散癩彥牯摟獩潣湮捥ⱴ猠湥彤潮敟牲牯ഩ †簠†䘠汩⁥䌢尺獕牥屳整档屡灁䑰瑡屡潌慣屬牐杯慲獭停瑹潨屮祐桴湯ㄳ尲楌屢楳整瀭捡慫敧屳瑳牡敬瑴履業摤敬慷敲扜獡⹥祰Ⱒ氠湩⁥㠱ⰹ椠⁮彟慣汬彟਍††⁼††楷桴挠汯慬獰彥硥杣潲灵⡳㨩਍††⁼†楆敬∠㩃啜敳獲瑜捥慨䅜灰慄慴䱜捯污停潲牧浡屳祐桴湯停瑹潨㍮㈱䱜扩捜湯整瑸楬⹢祰Ⱒ氠湩⁥㔱ⰸ椠⁮彟硥瑩彟਍††⁼††敳晬朮湥琮牨睯瘨污敵ഩ †簠†䘠汩⁥䌢尺獕牥屳整档屡灁䑰瑡屡潌慣屬牐杯慲獭停瑹潨屮祐桴湯ㄳ尲楌屢楳整瀭捡慫敧屳瑳牡敬瑴履畟楴獬瀮≹‬楬敮㤠ⰳ椠⁮潣汬灡敳敟捸牧畯獰਍††⁼††慲獩⁥硥ൣ †簠†䘠汩⁥䌢尺獕牥屳整档屡灁䑰瑡屡潌慣屬牐杯慲獭停瑹潨屮祐桴湯ㄳ尲楌屢楳整瀭捡慫敧屳瑳牡敬瑴履業摤敬慷敲扜獡⹥祰Ⱒ氠湩⁥㤱ⰱ椠⁮彟慣汬彟਍††⁼††敲灳湯敳㴠愠慷瑩猠汥⹦楤灳瑡档晟湵⡣敲畱獥ⱴ挠污彬敮瑸ഩ †簠††††††††幞幞幞幞幞幞幞幞幞幞幞幞幞幞幞幞幞幞幞幞幞幞਍††⁼†楆敬∠㩃啜敳獲瑜捥慨作敮牄癩履敄歳潴屰慳敬⁳楡瀠慬晴潲屭慢正湥層灡屰業摤敬慷敲獜捥牵瑩⹹祰Ⱒ氠湩⁥ㄲⰲ椠⁮楤灳瑡档਍††⁼††慲獩⁥呈偔硅散瑰潩⡮਍††⁼慦瑳灡⹩硥散瑰潩獮䠮呔䕐捸灥楴湯›㈴㨹吠潯洠湡⁹敲畱獥獴‮慍楸畭⁭〶爠煥敵瑳⁳数⁲業畮整愠汬睯摥മ †⬠ⴭⴭⴭⴭⴭⴭⴭⴭⴭⴭⴭⴭⴭⴭⴭⴭⴭⴭ਍਍畄楲杮栠湡汤湩⁧景琠敨愠潢敶攠捸灥楴湯‬湡瑯敨⁲硥散瑰潩⁮捯畣牲摥ഺഊ吊慲散慢正⠠潭瑳爠捥湥⁴慣汬氠獡⥴ഺ 䘠汩⁥䌢尺獕牥屳整档屡灁䑰瑡屡潌慣屬牐杯慲獭停瑹潨屮祐桴湯ㄳ尲楌屢楳整瀭捡慫敧屳瑳牡敬瑴履業摤敬慷敲敜牲牯⹳祰Ⱒ氠湩⁥㘱ⰴ椠⁮彟慣汬彟਍††睡楡⁴敳晬愮灰猨潣数‬敲散癩ⱥ张敳摮ഩ 䘠汩⁥䌢尺獕牥屳整档屡灁䑰瑡屡潌慣屬牐杯慲獭停瑹潨屮祐桴湯ㄳ尲楌屢楳整瀭捡慫敧屳瑳牡敬瑴履業摤敬慷敲扜獡⹥祰Ⱒ氠湩⁥㠱ⰹ椠⁮彟慣汬彟਍††楷桴挠汯慬獰彥硥杣潲灵⡳㨩਍†楆敬∠㩃啜敳獲瑜捥慨䅜灰慄慴䱜捯污停潲牧浡屳祐桴湯停瑹潨㍮㈱䱜扩捜湯整瑸楬⹢祰Ⱒ氠湩⁥㔱ⰸ椠⁮彟硥瑩彟਍††敳晬朮湥琮牨睯瘨污敵ഩ 䘠汩⁥䌢尺獕牥屳整档屡灁䑰瑡屡潌慣屬牐杯慲獭停瑹潨屮祐桴湯ㄳ尲楌屢楳整瀭捡慫敧屳瑳牡敬瑴履畟楴獬瀮≹‬楬敮㤠ⰳ椠⁮潣汬灡敳敟捸牧畯獰਍††慲獩⁥硥ൣ 䘠汩⁥䌢尺獕牥屳整档屡灁䑰瑡屡潌慣屬牐杯慲獭停瑹潨屮祐桴湯ㄳ尲楌屢楳整瀭捡慫敧屳瑳牡敬瑴履業摤敬慷敲扜獡⹥祰Ⱒ氠湩⁥㤱ⰱ椠⁮彟慣汬彟਍††敲灳湯敳㴠愠慷瑩猠汥⹦楤灳瑡档晟湵⡣敲畱獥ⱴ挠污彬敮瑸ഩ †††††††幞幞幞幞幞幞幞幞幞幞幞幞幞幞幞幞幞幞幞幞幞幞਍†楆敬∠㩃啜敳獲瑜捥慨作敮牄癩履敄歳潴屰慳敬⁳楡瀠慬晴潲屭慢正湥層灡屰業摤敬慷敲牜煥敵瑳损湯整瑸瀮≹‬楬敮㔠ⰶ椠⁮楤灳瑡档਍††慲獩⁥൥ 䘠汩⁥䌢尺獕牥屳整档屡湏䑥楲敶䑜獥瑫灯獜污獥愠⁩汰瑡牦浯扜捡敫摮慜灰浜摩汤睥牡履敲畱獥彴潣瑮硥⹴祰Ⱒ氠湩⁥〵‬湩搠獩慰捴൨ †爠獥潰獮⁥‽睡楡⁴慣汬湟硥⡴敲畱獥⥴਍†††††††帠幞幞幞幞幞幞幞幞幞幞幞൞ 䘠汩⁥䌢尺獕牥屳整档屡灁䑰瑡屡潌慣屬牐杯慲獭停瑹潨屮祐桴湯ㄳ尲楌屢楳整瀭捡慫敧屳瑳牡敬瑴履業摤敬慷敲扜獡⹥祰Ⱒ氠湩⁥㘱ⰵ椠⁮慣汬湟硥൴ †爠楡敳愠灰敟捸਍†楆敬∠㩃啜敳獲瑜捥慨䅜灰慄慴䱜捯污停潲牧浡屳祐桴湯停瑹潨㍮㈱䱜扩獜瑩ⵥ慰正条獥獜慴汲瑥整浜摩汤睥牡履慢敳瀮≹‬楬敮ㄠㄵ‬湩挠牯൯ †愠慷瑩猠汥⹦灡⡰捳灯ⱥ爠捥楥敶潟彲楤捳湯敮瑣‬敳摮湟彯牥潲⥲਍†楆敬∠㩃啜敳獲瑜捥慨䅜灰慄慴䱜捯污停潲牧浡屳祐桴湯停瑹潨㍮㈱䱜扩獜瑩ⵥ慰正条獥獜慴汲瑥整浜摩汤睥牡履慢敳瀮≹‬楬敮ㄠ㤸‬湩张损污彬ൟ †眠瑩⁨潣汬灡敳敟捸牧畯獰⤨ഺ 䘠汩⁥䌢尺獕牥屳整档屡灁䑰瑡屡潌慣屬牐杯慲獭停瑹潨屮祐桴湯ㄳ尲楌屢潣瑮硥汴扩瀮≹‬楬敮ㄠ㠵‬湩张敟楸彴ൟ †猠汥⹦敧⹮桴潲⡷慶畬⥥਍†楆敬∠㩃啜敳獲瑜捥慨䅜灰慄慴䱜捯污停潲牧浡屳祐桴湯停瑹潨㍮㈱䱜扩獜瑩ⵥ慰正条獥獜慴汲瑥整彜瑵汩⹳祰Ⱒ氠湩⁥㌹‬湩挠汯慬獰彥硥杣潲灵൳ †爠楡敳攠捸਍†楆敬∠㩃啜敳獲瑜捥慨䅜灰慄慴䱜捯污停潲牧浡屳祐桴湯停瑹潨㍮㈱䱜扩獜瑩ⵥ慰正条獥獜慴汲瑥整浜摩汤睥牡履慢敳瀮≹‬楬敮ㄠㄹ‬湩张损污彬ൟ †爠獥潰獮⁥‽睡楡⁴敳晬搮獩慰捴彨畦据爨煥敵瑳‬慣汬湟硥⥴਍†††††††帠幞幞幞幞幞幞幞幞幞幞幞幞幞幞幞幞幞幞幞幞幞൞ 䘠汩⁥䌢尺獕牥屳整档屡湏䑥楲敶䑜獥瑫灯獜污獥愠⁩汰瑡牦浯扜捡敫摮慜灰浜摩汤睥牡履敳畣楲祴瀮≹‬楬敮㈠㈳‬湩搠獩慰捴൨ †爠獥潰獮⁥‽睡楡⁴慣汬湟硥⡴敲畱獥⥴਍†††††††帠幞幞幞幞幞幞幞幞幞幞幞൞ 䘠汩⁥䌢尺獕牥屳整档屡灁䑰瑡屡潌慣屬牐杯慲獭停瑹潨屮祐桴湯ㄳ尲楌屢楳整瀭捡慫敧屳瑳牡敬瑴履業摤敬慷敲扜獡⹥祰Ⱒ氠湩⁥㘱ⰵ椠⁮慣汬湟硥൴ †爠楡敳愠灰敟捸਍†楆敬∠㩃啜敳獲瑜捥慨䅜灰慄慴䱜捯污停潲牧浡屳祐桴湯停瑹潨㍮㈱䱜扩獜瑩ⵥ慰正条獥獜慴汲瑥整浜摩汤睥牡履慢敳瀮≹‬楬敮ㄠㄵ‬湩挠牯൯ †愠慷瑩猠汥⹦灡⡰捳灯ⱥ爠捥楥敶潟彲楤捳湯敮瑣‬敳摮湟彯牥潲⥲਍†楆敬∠㩃啜敳獲瑜捥慨䅜灰慄慴䱜捯污停潲牧浡屳祐桴湯停瑹潨㍮㈱䱜扩獜瑩ⵥ慰正条獥獜慴汲瑥整浜摩汤睥牡履慢敳瀮≹‬楬敮ㄠ㤸‬湩张损污彬ൟ †眠瑩⁨潣汬灡敳敟捸牧畯獰⤨ഺ 䘠汩⁥䌢尺獕牥屳整档屡灁䑰瑡屡潌慣屬牐杯慲獭停瑹潨屮祐桴湯ㄳ尲楌屢潣瑮硥汴扩瀮≹‬楬敮ㄠ㠵‬湩张敟楸彴ൟ †猠汥⹦敧⹮桴潲⡷慶畬⥥਍†楆敬∠㩃啜敳獲瑜捥慨䅜灰慄慴䱜捯污停潲牧浡屳祐桴湯停瑹潨㍮㈱䱜扩獜瑩ⵥ慰正条獥獜慴汲瑥整彜瑵汩⹳祰Ⱒ氠湩⁥㌹‬湩挠汯慬獰彥硥杣潲灵൳ †爠楡敳攠捸਍†楆敬∠㩃啜敳獲瑜捥慨䅜灰慄慴䱜捯污停潲牧浡屳祐桴湯停瑹潨㍮㈱䱜扩獜瑩ⵥ慰正条獥獜慴汲瑥整浜摩汤睥牡履慢敳瀮≹‬楬敮ㄠㄹ‬湩张损污彬ൟ †爠獥潰獮⁥‽睡楡⁴敳晬搮獩慰捴彨畦据爨煥敵瑳‬慣汬湟硥⥴਍†††††††帠幞幞幞幞幞幞幞幞幞幞幞幞幞幞幞幞幞幞幞幞幞൞ 䘠汩⁥䌢尺獕牥屳整档屡湏䑥楲敶䑜獥瑫灯獜污獥愠⁩汰瑡牦浯扜捡敫摮慜灰浜摩汤睥牡履敳畣楲祴瀮≹‬楬敮㈠㈱‬湩搠獩慰捴൨ †爠楡敳䠠呔䕐捸灥楴湯ന昊獡慴楰攮捸灥楴湯⹳呈偔硅散瑰潩㩮㐠㤲›潔⁯慭祮爠煥敵瑳⹳䴠硡浩浵㘠‰敲畱獥獴瀠牥洠湩瑵⁥污潬敷⹤਍਍㉛㈰ⴶ㌰㈭‹〲㌺㨰㠰㘮㌰〵崸嬠䑉挺攱㜰摥ⴷ㑥㤶㐭㡤ⵤ愹慥㈭戸㉣捣挴㝥嵡䔠剒›㈴㨹吠潯洠湡⁹敲畱獥獴‮慍楸畭⁭〶爠煥敵瑳⁳数⁲業畮整愠汬睯摥മ ⬠䔠捸灥楴湯䜠潲灵吠慲散慢正⠠潭瑳爠捥湥⁴慣汬氠獡⥴ഺ 簠†䘠汩⁥䌢尺獕牥屳整档屡灁䑰瑡屡潌慣屬牐杯慲獭停瑹潨屮祐桴湯ㄳ尲楌屢楳整瀭捡慫敧屳瑳牡敬瑴履畟楴獬瀮≹‬楬敮㠠ⰷ椠⁮潣汬灡敳敟捸牧畯獰਍†⁼††楹汥൤ 簠†䘠汩⁥䌢尺獕牥屳整档屡灁䑰瑡屡潌慣屬牐杯慲獭停瑹潨屮祐桴湯ㄳ尲楌屢楳整瀭捡慫敧屳瑳牡敬瑴履業摤敬慷敲扜獡⹥祰Ⱒ氠湩⁥㤱ⰰ椠⁮彟慣汬彟਍†⁼††獡湹⁣楷桴愠祮潩挮敲瑡彥慴歳束潲灵⤨愠⁳慴歳束潲灵ഺ 簠†䘠汩⁥䌢尺獕牥屳整档屡灁䑰瑡屡潌慣屬牐杯慲獭停瑹潨屮祐桴湯ㄳ尲楌屢楳整瀭捡慫敧屳湡楹屯扟捡敫摮屳慟祳据潩瀮≹‬楬敮㘠㠷‬湩张慟硥瑩彟਍†⁼††慲獩⁥慂敳硅散瑰潩䝮潲灵ന 簠䔠捸灥楴湯片畯㩰甠桮湡汤摥攠牲牯⁳湩愠吠獡䝫潲灵⠠‱畳ⵢ硥散瑰潩⥮਍†⴫⴫ⴭⴭⴭⴭⴭⴭⴭ‭‱ⴭⴭⴭⴭⴭⴭⴭⴭ਍††⁼牔捡扥捡⁫洨獯⁴敲散瑮挠污⁬慬瑳㨩਍††⁼†楆敬∠㩃啜敳獲瑜捥慨䅜灰慄慴䱜捯污停潲牧浡屳祐桴湯停瑹潨㍮㈱䱜扩獜瑩ⵥ慰正条獥獜慴汲瑥整浜摩汤睥牡履牥潲獲瀮≹‬楬敮ㄠ㐶‬湩张损污彬ൟ †簠††愠慷瑩猠汥⹦灡⡰捳灯ⱥ爠捥楥敶‬獟湥⥤਍††⁼†楆敬∠㩃啜敳獲瑜捥慨䅜灰慄慴䱜捯污停潲牧浡屳祐桴湯停瑹潨㍮㈱䱜扩獜瑩ⵥ慰正条獥獜慴汲瑥整浜摩汤睥牡履慢敳瀮≹‬楬敮ㄠ㤸‬湩张损污彬ൟ †簠††眠瑩⁨潣汬灡敳敟捸牧畯獰⤨ഺ †簠†䘠汩⁥䌢尺獕牥屳整档屡灁䑰瑡屡潌慣屬牐杯慲獭停瑹潨屮祐桴湯ㄳ尲楌屢潣瑮硥汴扩瀮≹‬楬敮ㄠ㠵‬湩张敟楸彴ൟ †簠††猠汥⹦敧⹮桴潲⡷慶畬⥥਍††⁼†楆敬∠㩃啜敳獲瑜捥慨䅜灰慄慴䱜捯污停潲牧浡屳祐桴湯停瑹潨㍮㈱䱜扩獜瑩ⵥ慰正条獥獜慴汲瑥整彜瑵汩⹳祰Ⱒ氠湩⁥㌹‬湩挠汯慬獰彥硥杣潲灵൳ †簠††爠楡敳攠捸਍††⁼†楆敬∠㩃啜敳獲瑜捥慨䅜灰慄慴䱜捯污停潲牧浡屳祐桴湯停瑹潨㍮㈱䱜扩獜瑩ⵥ慰正条獥獜慴汲瑥整浜摩汤睥牡履慢敳瀮≹‬楬敮ㄠㄹ‬湩张损污彬ൟ †簠††爠獥潰獮⁥‽睡楡⁴敳晬搮獩慰捴彨畦据爨煥敵瑳‬慣汬湟硥⥴਍††⁼†††††††帠幞幞幞幞幞幞幞幞幞幞幞幞幞幞幞幞幞幞幞幞幞൞ †簠†䘠汩⁥䌢尺獕牥屳整档屡湏䑥楲敶䑜獥瑫灯獜污獥愠⁩汰瑡牦浯扜捡敫摮慜灰浜摩汤睥牡履敲畱獥彴潣瑮硥⹴祰Ⱒ氠湩⁥㘵‬湩搠獩慰捴൨ †簠††爠楡敳攠਍††⁼†楆敬∠㩃啜敳獲瑜捥慨作敮牄癩履敄歳潴屰慳敬⁳楡瀠慬晴潲屭慢正湥層灡屰業摤敬慷敲牜煥敵瑳损湯整瑸瀮≹‬楬敮㔠ⰰ椠⁮楤灳瑡档਍††⁼††敲灳湯敳㴠愠慷瑩挠污彬敮瑸爨煥敵瑳ഩ †簠††††††††幞幞幞幞幞幞幞幞幞幞幞幞਍††⁼†楆敬∠㩃啜敳獲瑜捥慨䅜灰慄慴䱜捯污停潲牧浡屳祐桴湯停瑹潨㍮㈱䱜扩獜瑩ⵥ慰正条獥獜慴汲瑥整浜摩汤睥牡履慢敳瀮≹‬楬敮ㄠ㔶‬湩挠污彬敮瑸਍††⁼††慲獩⁥灡彰硥ൣ †簠†䘠汩⁥䌢尺獕牥屳整档屡灁䑰瑡屡潌慣屬牐杯慲獭停瑹潨屮祐桴湯ㄳ尲楌屢楳整瀭捡慫敧屳瑳牡敬瑴履業摤敬慷敲扜獡⹥祰Ⱒ氠湩⁥㔱ⰱ椠⁮潣潲਍††⁼††睡楡⁴敳晬愮灰猨潣数‬敲散癩彥牯摟獩潣湮捥ⱴ猠湥彤潮敟牲牯ഩ †簠†䘠汩⁥䌢尺獕牥屳整档屡灁䑰瑡屡潌慣屬牐杯慲獭停瑹潨屮祐桴湯ㄳ尲楌屢楳整瀭捡慫敧屳瑳牡敬瑴履業摤敬慷敲扜獡⹥祰Ⱒ氠湩⁥㠱ⰹ椠⁮彟慣汬彟਍††⁼††楷桴挠汯慬獰彥硥杣潲灵⡳㨩਍††⁼†楆敬∠㩃啜敳獲瑜捥慨䅜灰慄慴䱜捯污停潲牧浡屳祐桴湯停瑹潨㍮㈱䱜扩捜湯整瑸楬⹢祰Ⱒ氠湩⁥㔱ⰸ椠⁮彟硥瑩彟਍††⁼††敳晬朮湥琮牨睯瘨污敵ഩ †簠†䘠汩⁥䌢尺獕牥屳整档屡灁䑰瑡屡潌慣屬牐杯慲獭停瑹潨屮祐桴湯ㄳ尲楌屢楳整瀭捡慫敧屳瑳牡敬瑴履畟楴獬瀮≹‬楬敮㤠ⰳ椠⁮潣汬灡敳敟捸牧畯獰਍††⁼††慲獩⁥硥ൣ †簠†䘠汩⁥䌢尺獕牥屳整档屡灁䑰瑡屡潌慣屬牐杯慲獭停瑹潨屮祐桴湯ㄳ尲楌屢楳整瀭捡慫敧屳瑳牡敬瑴履業摤敬慷敲扜獡⹥祰Ⱒ氠湩⁥㤱ⰱ椠⁮彟慣汬彟਍††⁼††敲灳湯敳㴠愠慷瑩猠汥⹦楤灳瑡档晟湵⡣敲畱獥ⱴ挠污彬敮瑸ഩ †簠††††††††幞幞幞幞幞幞幞幞幞幞幞幞幞幞幞幞幞幞幞幞幞幞਍††⁼†楆敬∠㩃啜敳獲瑜捥慨作敮牄癩履敄歳潴屰慳敬⁳楡瀠慬晴潲屭慢正湥層灡屰業摤敬慷敲獜捥牵瑩⹹祰Ⱒ氠湩⁥㌲ⰲ椠⁮楤灳瑡档਍††⁼††敲灳湯敳㴠愠慷瑩挠污彬敮瑸爨煥敵瑳ഩ †簠††††††††幞幞幞幞幞幞幞幞幞幞幞幞਍††⁼†楆敬∠㩃啜敳獲瑜捥慨䅜灰慄慴䱜捯污停潲牧浡屳祐桴湯停瑹潨㍮㈱䱜扩獜瑩ⵥ慰正条獥獜慴汲瑥整浜摩汤睥牡履慢敳瀮≹‬楬敮ㄠ㔶‬湩挠污彬敮瑸਍††⁼††慲獩⁥灡彰硥ൣ †簠†䘠汩⁥䌢尺獕牥屳整档屡灁䑰瑡屡潌慣屬牐杯慲獭停瑹潨屮祐桴湯ㄳ尲楌屢楳整瀭捡慫敧屳瑳牡敬瑴履業摤敬慷敲扜獡⹥祰Ⱒ氠湩⁥㔱ⰱ椠⁮潣潲਍††⁼††睡楡⁴敳晬愮灰猨潣数‬敲散癩彥牯摟獩潣湮捥ⱴ猠湥彤潮敟牲牯ഩ †簠†䘠汩⁥䌢尺獕牥屳整档屡灁䑰瑡屡潌慣屬牐杯慲獭停瑹潨屮祐桴湯ㄳ尲楌屢楳整瀭捡慫敧屳瑳牡敬瑴履業摤敬慷敲扜獡⹥祰Ⱒ氠湩⁥㠱ⰹ椠⁮彟慣汬彟਍††⁼††楷桴挠汯慬獰彥硥杣潲灵⡳㨩਍††⁼†楆敬∠㩃啜敳獲瑜捥慨䅜灰慄慴䱜捯污停潲牧浡屳祐桴湯停瑹潨㍮㈱䱜扩捜湯整瑸楬⹢祰Ⱒ氠湩⁥㔱ⰸ椠⁮彟硥瑩彟਍††⁼††敳晬朮湥琮牨睯瘨污敵ഩ †簠†䘠汩⁥䌢尺獕牥屳整档屡灁䑰瑡屡潌慣屬牐杯慲獭停瑹潨屮祐桴湯ㄳ尲楌屢楳整瀭捡慫敧屳瑳牡敬瑴履畟楴獬瀮≹‬楬敮㤠ⰳ椠⁮潣汬灡敳敟捸牧畯獰਍††⁼††慲獩⁥硥ൣ †簠†䘠汩⁥䌢尺獕牥屳整档屡灁䑰瑡屡潌慣屬牐杯慲獭停瑹潨屮祐桴湯ㄳ尲楌屢楳整瀭捡慫敧屳瑳牡敬瑴履業摤敬慷敲扜獡⹥祰Ⱒ氠湩⁥㤱ⰱ椠⁮彟慣汬彟਍††⁼††敲灳湯敳㴠愠慷瑩猠汥⹦楤灳瑡档晟湵⡣敲畱獥ⱴ挠污彬敮瑸ഩ †簠††††††††幞幞幞幞幞幞幞幞幞幞幞幞幞幞幞幞幞幞幞幞幞幞਍††⁼†楆敬∠㩃啜敳獲瑜捥慨作敮牄癩履敄歳潴屰慳敬⁳楡瀠慬晴潲屭慢正湥層灡屰業摤敬慷敲獜捥牵瑩⹹祰Ⱒ氠湩⁥ㄲⰲ椠⁮楤灳瑡档਍††⁼††慲獩⁥呈偔硅散瑰潩⡮਍††⁼慦瑳灡⹩硥散瑰潩獮䠮呔䕐捸灥楴湯›㈴㨹吠潯洠湡⁹敲畱獥獴‮慍楸畭⁭〶爠煥敵瑳⁳数⁲業畮整愠汬睯摥മ †⬠ⴭⴭⴭⴭⴭⴭⴭⴭⴭⴭⴭⴭⴭⴭⴭⴭⴭⴭ਍਍畄楲杮栠湡汤湩⁧景琠敨愠潢敶攠捸灥楴湯‬湡瑯敨⁲硥散瑰潩⁮捯畣牲摥ഺഊ吊慲散慢正⠠潭瑳爠捥湥⁴慣汬氠獡⥴ഺ 䘠汩⁥䌢尺獕牥屳整档屡灁䑰瑡屡潌慣屬牐杯慲獭停瑹潨屮祐桴湯ㄳ尲楌屢楳整瀭捡慫敧屳瑳牡敬瑴履業摤敬慷敲敜牲牯⹳祰Ⱒ氠湩⁥㘱ⰴ椠⁮彟慣汬彟਍††睡楡⁴敳晬愮灰猨潣数‬敲散癩ⱥ张敳摮ഩ 䘠汩⁥䌢尺獕牥屳整档屡灁䑰瑡屡潌慣屬牐杯慲獭停瑹潨屮祐桴湯ㄳ尲楌屢楳整瀭捡慫敧屳瑳牡敬瑴履業摤敬慷敲扜獡⹥祰Ⱒ氠湩⁥㠱ⰹ椠⁮彟慣汬彟਍††楷桴挠汯慬獰彥硥杣潲灵⡳㨩਍†楆敬∠㩃啜敳獲瑜捥慨䅜灰慄慴䱜捯污停潲牧浡屳祐桴湯停瑹潨㍮㈱䱜扩捜湯整瑸楬⹢祰Ⱒ氠湩⁥㔱ⰸ椠⁮彟硥瑩彟਍††敳晬朮湥琮牨睯瘨污敵ഩ 䘠汩⁥䌢尺獕牥屳整档屡灁䑰瑡屡潌慣屬牐杯慲獭停瑹潨屮祐桴湯ㄳ尲楌屢楳整瀭捡慫敧屳瑳牡敬瑴履畟楴獬瀮≹‬楬敮㤠ⰳ椠⁮潣汬灡敳敟捸牧畯獰਍††慲獩⁥硥ൣ 䘠汩⁥䌢尺獕牥屳整档屡灁䑰瑡屡潌慣屬牐杯慲獭停瑹潨屮祐桴湯ㄳ尲楌屢楳整瀭捡慫敧屳瑳牡敬瑴履業摤敬慷敲扜獡⹥祰Ⱒ氠湩⁥㤱ⰱ椠⁮彟慣汬彟਍††敲灳湯敳㴠愠慷瑩猠汥⹦楤灳瑡档晟湵⡣敲畱獥ⱴ挠污彬敮瑸ഩ †††††††幞幞幞幞幞幞幞幞幞幞幞幞幞幞幞幞幞幞幞幞幞幞਍†楆敬∠㩃啜敳獲瑜捥慨作敮牄癩履敄歳潴屰慳敬⁳楡瀠慬晴潲屭慢正湥層灡屰業摤敬慷敲牜煥敵瑳损湯整瑸瀮≹‬楬敮㔠ⰶ椠⁮楤灳瑡档਍††慲獩⁥൥ 䘠汩⁥䌢尺獕牥屳整档屡湏䑥楲敶䑜獥瑫灯獜污獥愠⁩汰瑡牦浯扜捡敫摮慜灰浜摩汤睥牡履敲畱獥彴潣瑮硥⹴祰Ⱒ氠湩⁥〵‬湩搠獩慰捴൨ †爠獥潰獮⁥‽睡楡⁴慣汬湟硥⡴敲畱獥⥴਍†††††††帠幞幞幞幞幞幞幞幞幞幞幞൞ 䘠汩⁥䌢尺獕牥屳整档屡灁䑰瑡屡潌慣屬牐杯慲獭停瑹潨屮祐桴湯ㄳ尲楌屢楳整瀭捡慫敧屳瑳牡敬瑴履業摤敬慷敲扜獡⹥祰Ⱒ氠湩⁥㘱ⰵ椠⁮慣汬湟硥൴ †爠楡敳愠灰敟捸਍†楆敬∠㩃啜敳獲瑜捥慨䅜灰慄慴䱜捯污停潲牧浡屳祐桴湯停瑹潨㍮㈱䱜扩獜瑩ⵥ慰正条獥獜慴汲瑥整浜摩汤睥牡履慢敳瀮≹‬楬敮ㄠㄵ‬湩挠牯൯ †愠慷瑩猠汥⹦灡⡰捳灯ⱥ爠捥楥敶潟彲楤捳湯敮瑣‬敳摮湟彯牥潲⥲਍†楆敬∠㩃啜敳獲瑜捥慨䅜灰慄慴䱜捯污停潲牧浡屳祐桴湯停瑹潨㍮㈱䱜扩獜瑩ⵥ慰正条獥獜慴汲瑥整浜摩汤睥牡履慢敳瀮≹‬楬敮ㄠ㤸‬湩张损污彬ൟ †眠瑩⁨潣汬灡敳敟捸牧畯獰⤨ഺ 䘠汩⁥䌢尺獕牥屳整档屡灁䑰瑡屡潌慣屬牐杯慲獭停瑹潨屮祐桴湯ㄳ尲楌屢潣瑮硥汴扩瀮≹‬楬敮ㄠ㠵‬湩张敟楸彴ൟ †猠汥⹦敧⹮桴潲⡷慶畬⥥਍†楆敬∠㩃啜敳獲瑜捥慨䅜灰慄慴䱜捯污停潲牧浡屳祐桴湯停瑹潨㍮㈱䱜扩獜瑩ⵥ慰正条獥獜慴汲瑥整彜瑵汩⹳祰Ⱒ氠湩⁥㌹‬湩挠汯慬獰彥硥杣潲灵൳ †爠楡敳攠捸਍†楆敬∠㩃啜敳獲瑜捥慨䅜灰慄慴䱜捯污停潲牧浡屳祐桴湯停瑹潨㍮㈱䱜扩獜瑩ⵥ慰正条獥獜慴汲瑥整浜摩汤睥牡履慢敳瀮≹‬楬敮ㄠㄹ‬湩张损污彬ൟ †爠獥潰獮⁥‽睡楡⁴敳晬搮獩慰捴彨畦据爨煥敵瑳‬慣汬湟硥⥴਍†††††††帠幞幞幞幞幞幞幞幞幞幞幞幞幞幞幞幞幞幞幞幞幞൞ 䘠汩⁥䌢尺獕牥屳整档屡湏䑥楲敶䑜獥瑫灯獜污獥愠⁩汰瑡牦浯扜捡敫摮慜灰浜摩汤睥牡履敳畣楲祴瀮≹‬楬敮㈠㈳‬湩搠獩慰捴൨ †爠獥潰獮⁥‽睡楡⁴慣汬湟硥⡴敲畱獥⥴਍†††††††帠幞幞幞幞幞幞幞幞幞幞幞൞ 䘠汩⁥䌢尺獕牥屳整档屡灁䑰瑡屡潌慣屬牐杯慲獭停瑹潨屮祐桴湯ㄳ尲楌屢楳整瀭捡慫敧屳瑳牡敬瑴履業摤敬慷敲扜獡⹥祰Ⱒ氠湩⁥㘱ⰵ椠⁮慣汬湟硥൴ †爠楡敳愠灰敟捸਍†楆敬∠㩃啜敳獲瑜捥慨䅜灰慄慴䱜捯污停潲牧浡屳祐桴湯停瑹潨㍮㈱䱜扩獜瑩ⵥ慰正条獥獜慴汲瑥整浜摩汤睥牡履慢敳瀮≹‬楬敮ㄠㄵ‬湩挠牯൯ †愠慷瑩猠汥⹦灡⡰捳灯ⱥ爠捥楥敶潟彲楤捳湯敮瑣‬敳摮湟彯牥潲⥲਍†楆敬∠㩃啜敳獲瑜捥慨䅜灰慄慴䱜捯污停潲牧浡屳祐桴湯停瑹潨㍮㈱䱜扩獜瑩ⵥ慰正条獥獜慴汲瑥整浜摩汤睥牡履慢敳瀮≹‬楬敮ㄠ㤸‬湩张损污彬ൟ †眠瑩⁨潣汬灡敳敟捸牧畯獰⤨ഺ 䘠汩⁥䌢尺獕牥屳整档屡灁䑰瑡屡潌慣屬牐杯慲獭停瑹潨屮祐桴湯ㄳ尲楌屢潣瑮硥汴扩瀮≹‬楬敮ㄠ㠵‬湩张敟楸彴ൟ †猠汥⹦敧⹮桴潲⡷慶畬⥥਍†楆敬∠㩃啜敳獲瑜捥慨䅜灰慄慴䱜捯污停潲牧浡屳祐桴湯停瑹潨㍮㈱䱜扩獜瑩ⵥ慰正条獥獜慴汲瑥整彜瑵汩⹳祰Ⱒ氠湩⁥㌹‬湩挠汯慬獰彥硥杣潲灵൳ †爠楡敳攠捸਍†楆敬∠㩃啜敳獲瑜捥慨䅜灰慄慴䱜捯污停潲牧浡屳祐桴湯停瑹潨㍮㈱䱜扩獜瑩ⵥ慰正条獥獜慴汲瑥整浜摩汤睥牡履慢敳瀮≹‬楬敮ㄠㄹ‬湩张损污彬ൟ †爠獥潰獮⁥‽睡楡⁴敳晬搮獩慰捴彨畦据爨煥敵瑳‬慣汬湟硥⥴਍†††††††帠幞幞幞幞幞幞幞幞幞幞幞幞幞幞幞幞幞幞幞幞幞൞ 䘠汩⁥䌢尺獕牥屳整档屡湏䑥楲敶䑜獥瑫灯獜污獥愠⁩汰瑡牦浯扜捡敫摮慜灰浜摩汤睥牡履敳畣楲祴瀮≹‬楬敮㈠㈱‬湩搠獩慰捴൨ †爠楡敳䠠呔䕐捸灥楴湯ന昊獡慴楰攮捸灥楴湯⹳呈偔硅散瑰潩㩮㐠㤲›潔⁯慭祮爠煥敵瑳⹳䴠硡浩浵㘠‰敲畱獥獴瀠牥洠湩瑵⁥污潬敷⹤਍਍㉛㈰ⴶ㌰㈭‹〲㌺㨰㠰㘮ㄲㄵ崷嬠䑉㈺晡㜵〱ⴰ㤵㜳㐭㙢ⴶ㌸戲愭㝦て〶㥦愱崳䔠剒›㈴㨹吠潯洠湡⁹敲畱獥獴‮慍楸畭⁭〶爠煥敵瑳⁳数⁲業畮整愠汬睯摥മ ⬠䔠捸灥楴湯䜠潲灵吠慲散慢正⠠潭瑳爠捥湥⁴慣汬氠獡⥴ഺ 簠†䘠汩⁥䌢尺獕牥屳整档屡灁䑰瑡屡潌慣屬牐杯慲獭停瑹潨屮祐桴湯ㄳ尲楌屢楳整瀭捡慫敧屳瑳牡敬瑴履畟楴獬瀮≹‬楬敮㠠ⰷ椠⁮潣汬灡敳敟捸牧畯獰਍†⁼††楹汥൤ 簠†䘠汩⁥䌢尺獕牥屳整档屡灁䑰瑡屡潌慣屬牐杯慲獭停瑹潨屮祐桴湯ㄳ尲楌屢楳整瀭捡慫敧屳瑳牡敬瑴履業摤敬慷敲扜獡⹥祰Ⱒ氠湩⁥㤱ⰰ椠⁮彟慣汬彟਍†⁼††獡湹⁣楷桴愠祮潩挮敲瑡彥慴歳束潲灵⤨愠⁳慴歳束潲灵ഺ 簠†䘠汩⁥䌢尺獕牥屳整档屡灁䑰瑡屡潌慣屬牐杯慲獭停瑹潨屮祐桴湯ㄳ尲楌屢楳整瀭捡慫敧屳湡楹屯扟捡敫摮屳慟祳据潩瀮≹‬楬敮㘠㠷‬湩张慟硥瑩彟਍†⁼††慲獩⁥慂敳硅散瑰潩䝮潲灵ന 簠䔠捸灥楴湯片畯㩰甠桮湡汤摥攠牲牯⁳湩愠吠獡䝫潲灵⠠‱畳ⵢ硥散瑰潩⥮਍†⴫⴫ⴭⴭⴭⴭⴭⴭⴭ‭‱ⴭⴭⴭⴭⴭⴭⴭⴭ਍††⁼牔捡扥捡⁫洨獯⁴敲散瑮挠污⁬慬瑳㨩਍††⁼†楆敬∠㩃啜敳獲瑜捥慨䅜灰慄慴䱜捯污停潲牧浡屳祐桴湯停瑹潨㍮㈱䱜扩獜瑩ⵥ慰正条獥獜慴汲瑥整浜摩汤睥牡履牥潲獲瀮≹‬楬敮ㄠ㐶‬湩张损污彬ൟ †簠††愠慷瑩猠汥⹦灡⡰捳灯ⱥ爠捥楥敶‬獟湥⥤਍††⁼†楆敬∠㩃啜敳獲瑜捥慨䅜灰慄慴䱜捯污停潲牧浡屳祐桴湯停瑹潨㍮㈱䱜扩獜瑩ⵥ慰正条獥獜慴汲瑥整浜摩汤睥牡履慢敳瀮≹‬楬敮ㄠ㤸‬湩张损污彬ൟ †簠††眠瑩⁨潣汬灡敳敟捸牧畯獰⤨ഺ †簠†䘠汩⁥䌢尺獕牥屳整档屡灁䑰瑡屡潌慣屬牐杯慲獭停瑹潨屮祐桴湯ㄳ尲楌屢潣瑮硥汴扩瀮≹‬楬敮ㄠ㠵‬湩张敟楸彴ൟ †簠††猠汥⹦敧⹮桴潲⡷慶畬⥥਍††⁼†楆敬∠㩃啜敳獲瑜捥慨䅜灰慄慴䱜捯污停潲牧浡屳祐桴湯停瑹潨㍮㈱䱜扩獜瑩ⵥ慰正条獥獜慴汲瑥整彜瑵汩⹳祰Ⱒ氠湩⁥㌹‬湩挠汯慬獰彥硥杣潲灵൳ †簠††爠楡敳攠捸਍††⁼†楆敬∠㩃啜敳獲瑜捥慨䅜灰慄慴䱜捯污停潲牧浡屳祐桴湯停瑹潨㍮㈱䱜扩獜瑩ⵥ慰正条獥獜慴汲瑥整浜摩汤睥牡履慢敳瀮≹‬楬敮ㄠㄹ‬湩张损污彬ൟ †簠††爠獥潰獮⁥‽睡楡⁴敳晬搮獩慰捴彨畦据爨煥敵瑳‬慣汬湟硥⥴਍††⁼†††††††帠幞幞幞幞幞幞幞幞幞幞幞幞幞幞幞幞幞幞幞幞幞൞ †簠†䘠汩⁥䌢尺獕牥屳整档屡湏䑥楲敶䑜獥瑫灯獜污獥愠⁩汰瑡牦浯扜捡敫摮慜灰浜摩汤睥牡履敲畱獥彴潣瑮硥⹴祰Ⱒ氠湩⁥㘵‬湩搠獩慰捴൨ †簠††爠楡敳攠਍††⁼†楆敬∠㩃啜敳獲瑜捥慨作敮牄癩履敄歳潴屰慳敬⁳楡瀠慬晴潲屭慢正湥層灡屰業摤敬慷敲牜煥敵瑳损湯整瑸瀮≹‬楬敮㔠ⰰ椠⁮楤灳瑡档਍††⁼††敲灳湯敳㴠愠慷瑩挠污彬敮瑸爨煥敵瑳ഩ †簠††††††††幞幞幞幞幞幞幞幞幞幞幞幞਍††⁼†楆敬∠㩃啜敳獲瑜捥慨䅜灰慄慴䱜捯污停潲牧浡屳祐桴湯停瑹潨㍮㈱䱜扩獜瑩ⵥ慰正条獥獜慴汲瑥整浜摩汤睥牡履慢敳瀮≹‬楬敮ㄠ㔶‬湩挠污彬敮瑸਍††⁼††慲獩⁥灡彰硥ൣ †簠†䘠汩⁥䌢尺獕牥屳整档屡灁䑰瑡屡潌慣屬牐杯慲獭停瑹潨屮祐桴湯ㄳ尲楌屢楳整瀭捡慫敧屳瑳牡敬瑴履業摤敬慷敲扜獡⹥祰Ⱒ氠湩⁥㔱ⰱ椠⁮潣潲਍††⁼††睡楡⁴敳晬愮灰猨潣数‬敲散癩彥牯摟獩潣湮捥ⱴ猠湥彤潮敟牲牯ഩ †簠†䘠汩⁥䌢尺獕牥屳整档屡灁䑰瑡屡潌慣屬牐杯慲獭停瑹潨屮祐桴湯ㄳ尲楌屢楳整瀭捡慫敧屳瑳牡敬瑴履業摤敬慷敲扜獡⹥祰Ⱒ氠湩⁥㠱ⰹ椠⁮彟慣汬彟਍††⁼††楷桴挠汯慬獰彥硥杣潲灵⡳㨩਍††⁼†楆敬∠㩃啜敳獲瑜捥慨䅜灰慄慴䱜捯污停潲牧浡屳祐桴湯停瑹潨㍮㈱䱜扩捜湯整瑸楬⹢祰Ⱒ氠湩⁥㔱ⰸ椠⁮彟硥瑩彟਍††⁼††敳晬朮湥琮牨睯瘨污敵ഩ †簠†䘠汩⁥䌢尺獕牥屳整档屡灁䑰瑡屡潌慣屬牐杯慲獭停瑹潨屮祐桴湯ㄳ尲楌屢楳整瀭捡慫敧屳瑳牡敬瑴履畟楴獬瀮≹‬楬敮㤠ⰳ椠⁮潣汬灡敳敟捸牧畯獰਍††⁼††慲獩⁥硥ൣ †簠†䘠汩⁥䌢尺獕牥屳整档屡灁䑰瑡屡潌慣屬牐杯慲獭停瑹潨屮祐桴湯ㄳ尲楌屢楳整瀭捡慫敧屳瑳牡敬瑴履業摤敬慷敲扜獡⹥祰Ⱒ氠湩⁥㤱ⰱ椠⁮彟慣汬彟਍††⁼††敲灳湯敳㴠愠慷瑩猠汥⹦楤灳瑡档晟湵⡣敲畱獥ⱴ挠污彬敮瑸ഩ †簠††††††††幞幞幞幞幞幞幞幞幞幞幞幞幞幞幞幞幞幞幞幞幞幞਍††⁼†楆敬∠㩃啜敳獲瑜捥慨作敮牄癩履敄歳潴屰慳敬⁳楡瀠慬晴潲屭慢正湥層灡屰業摤敬慷敲獜捥牵瑩⹹祰Ⱒ氠湩⁥㌲ⰲ椠⁮楤灳瑡档਍††⁼††敲灳湯敳㴠愠慷瑩挠污彬敮瑸爨煥敵瑳ഩ †簠††††††††幞幞幞幞幞幞幞幞幞幞幞幞਍††⁼†楆敬∠㩃啜敳獲瑜捥慨䅜灰慄慴䱜捯污停潲牧浡屳祐桴湯停瑹潨㍮㈱䱜扩獜瑩ⵥ慰正条獥獜慴汲瑥整浜摩汤睥牡履慢敳瀮≹‬楬敮ㄠ㔶‬湩挠污彬敮瑸਍††⁼††慲獩⁥灡彰硥ൣ †簠†䘠汩⁥䌢尺獕牥屳整档屡灁䑰瑡屡潌慣屬牐杯慲獭停瑹潨屮祐桴湯ㄳ尲楌屢楳整瀭捡慫敧屳瑳牡敬瑴履業摤敬慷敲扜獡⹥祰Ⱒ氠湩⁥㔱ⰱ椠⁮潣潲਍††⁼††睡楡⁴敳晬愮灰猨潣数‬敲散癩彥牯摟獩潣湮捥ⱴ猠湥彤潮敟牲牯ഩ †簠†䘠汩⁥䌢尺獕牥屳整档屡灁䑰瑡屡潌慣屬牐杯慲獭停瑹潨屮祐桴湯ㄳ尲楌屢楳整瀭捡慫敧屳瑳牡敬瑴履業摤敬慷敲扜獡⹥祰Ⱒ氠湩⁥㠱ⰹ椠⁮彟慣汬彟਍††⁼††楷桴挠汯慬獰彥硥杣潲灵⡳㨩਍††⁼†楆敬∠㩃啜敳獲瑜捥慨䅜灰慄慴䱜捯污停潲牧浡屳祐桴湯停瑹潨㍮㈱䱜扩捜湯整瑸楬⹢祰Ⱒ氠湩⁥㔱ⰸ椠⁮彟硥瑩彟਍††⁼††敳晬朮湥琮牨睯瘨污敵ഩ †簠†䘠汩⁥䌢尺獕牥屳整档屡灁䑰瑡屡潌慣屬牐杯慲獭停瑹潨屮祐桴湯ㄳ尲楌屢楳整瀭捡慫敧屳瑳牡敬瑴履畟楴獬瀮≹‬楬敮㤠ⰳ椠⁮潣汬灡敳敟捸牧畯獰਍††⁼††慲獩⁥硥ൣ †簠†䘠汩⁥䌢尺獕牥屳整档屡灁䑰瑡屡潌慣屬牐杯慲獭停瑹潨屮祐桴湯ㄳ尲楌屢楳整瀭捡慫敧屳瑳牡敬瑴履業摤敬慷敲扜獡⹥祰Ⱒ氠湩⁥㤱ⰱ椠⁮彟慣汬彟਍††⁼††敲灳湯敳㴠愠慷瑩猠汥⹦楤灳瑡档晟湵⡣敲畱獥ⱴ挠污彬敮瑸ഩ †簠††††††††幞幞幞幞幞幞幞幞幞幞幞幞幞幞幞幞幞幞幞幞幞幞਍††⁼†楆敬∠㩃啜敳獲瑜捥慨作敮牄癩履敄歳潴屰慳敬⁳楡瀠慬晴潲屭慢正湥層灡屰業摤敬慷敲獜捥牵瑩⹹祰Ⱒ氠湩⁥ㄲⰲ椠⁮楤灳瑡档਍††⁼††慲獩⁥呈偔硅散瑰潩⡮਍††⁼慦瑳灡⹩硥散瑰潩獮䠮呔䕐捸灥楴湯›㈴㨹吠潯洠湡⁹敲畱獥獴‮慍楸畭⁭〶爠煥敵瑳⁳数⁲業畮整愠汬睯摥മ †⬠ⴭⴭⴭⴭⴭⴭⴭⴭⴭⴭⴭⴭⴭⴭⴭⴭⴭⴭ਍਍畄楲杮栠湡汤湩⁧景琠敨愠潢敶攠捸灥楴湯‬湡瑯敨⁲硥散瑰潩⁮捯畣牲摥ഺഊ吊慲散慢正⠠潭瑳爠捥湥⁴慣汬氠獡⥴ഺ 䘠汩⁥䌢尺獕牥屳整档屡灁䑰瑡屡潌慣屬牐杯慲獭停瑹潨屮祐桴湯ㄳ尲楌屢楳整瀭捡慫敧屳瑳牡敬瑴履業摤敬慷敲敜牲牯⹳祰Ⱒ氠湩⁥㘱ⰴ椠⁮彟慣汬彟਍††睡楡⁴敳晬愮灰猨潣数‬敲散癩ⱥ张敳摮ഩ 䘠汩⁥䌢尺獕牥屳整档屡灁䑰瑡屡潌慣屬牐杯慲獭停瑹潨屮祐桴湯ㄳ尲楌屢楳整瀭捡慫敧屳瑳牡敬瑴履業摤敬慷敲扜獡⹥祰Ⱒ氠湩⁥㠱ⰹ椠⁮彟慣汬彟਍††楷桴挠汯慬獰彥硥杣潲灵⡳㨩਍†楆敬∠㩃啜敳獲瑜捥慨䅜灰慄慴䱜捯污停潲牧浡屳祐桴湯停瑹潨㍮㈱䱜扩捜湯整瑸楬⹢祰Ⱒ氠湩⁥㔱ⰸ椠⁮彟硥瑩彟਍††敳晬朮湥琮牨睯瘨污敵ഩ 䘠汩⁥䌢尺獕牥屳整档屡灁䑰瑡屡潌慣屬牐杯慲獭停瑹潨屮祐桴湯ㄳ尲楌屢楳整瀭捡慫敧屳瑳牡敬瑴履畟楴獬瀮≹‬楬敮㤠ⰳ椠⁮潣汬灡敳敟捸牧畯獰਍††慲獩⁥硥ൣ 䘠汩⁥䌢尺獕牥屳整档屡灁䑰瑡屡潌慣屬牐杯慲獭停瑹潨屮祐桴湯ㄳ尲楌屢楳整瀭捡慫敧屳瑳牡敬瑴履業摤敬慷敲扜獡⹥祰Ⱒ氠湩⁥㤱ⰱ椠⁮彟慣汬彟਍††敲灳湯敳㴠愠慷瑩猠汥⹦楤灳瑡档晟湵⡣敲畱獥ⱴ挠污彬敮瑸ഩ †††††††幞幞幞幞幞幞幞幞幞幞幞幞幞幞幞幞幞幞幞幞幞幞਍†楆敬∠㩃啜敳獲瑜捥慨作敮牄癩履敄歳潴屰慳敬⁳楡瀠慬晴潲屭慢正湥層灡屰業摤敬慷敲牜煥敵瑳损湯整瑸瀮≹‬楬敮㔠ⰶ椠⁮楤灳瑡档਍††慲獩⁥൥ 䘠汩⁥䌢尺獕牥屳整档屡湏䑥楲敶䑜獥瑫灯獜污獥愠⁩汰瑡牦浯扜捡敫摮慜灰浜摩汤睥牡履敲畱獥彴潣瑮硥⹴祰Ⱒ氠湩⁥〵‬湩搠獩慰捴൨ †爠獥潰獮⁥‽睡楡⁴慣汬湟硥⡴敲畱獥⥴਍†††††††帠幞幞幞幞幞幞幞幞幞幞幞൞ 䘠汩⁥䌢尺獕牥屳整档屡灁䑰瑡屡潌慣屬牐杯慲獭停瑹潨屮祐桴湯ㄳ尲楌屢楳整瀭捡慫敧屳瑳牡敬瑴履業摤敬慷敲扜獡⹥祰Ⱒ氠湩⁥㘱ⰵ椠⁮慣汬湟硥൴ †爠楡敳愠灰敟捸਍†楆敬∠㩃啜敳獲瑜捥慨䅜灰慄慴䱜捯污停潲牧浡屳祐桴湯停瑹潨㍮㈱䱜扩獜瑩ⵥ慰正条獥獜慴汲瑥整浜摩汤睥牡履慢敳瀮≹‬楬敮ㄠㄵ‬湩挠牯൯ †愠慷瑩猠汥⹦灡⡰捳灯ⱥ爠捥楥敶潟彲楤捳湯敮瑣‬敳摮湟彯牥潲⥲਍†楆敬∠㩃啜敳獲瑜捥慨䅜灰慄慴䱜捯污停潲牧浡屳祐桴湯停瑹潨㍮㈱䱜扩獜瑩ⵥ慰正条獥獜慴汲瑥整浜摩汤睥牡履慢敳瀮≹‬楬敮ㄠ㤸‬湩张损污彬ൟ †眠瑩⁨潣汬灡敳敟捸牧畯獰⤨ഺ 䘠汩⁥䌢尺獕牥屳整档屡灁䑰瑡屡潌慣屬牐杯慲獭停瑹潨屮祐桴湯ㄳ尲楌屢潣瑮硥汴扩瀮≹‬楬敮ㄠ㠵‬湩张敟楸彴ൟ †猠汥⹦敧⹮桴潲⡷慶畬⥥਍†楆敬∠㩃啜敳獲瑜捥慨䅜灰慄慴䱜捯污停潲牧浡屳祐桴湯停瑹潨㍮㈱䱜扩獜瑩ⵥ慰正条獥獜慴汲瑥整彜瑵汩⹳祰Ⱒ氠湩⁥㌹‬湩挠汯慬獰彥硥杣潲灵൳ †爠楡敳攠捸਍†楆敬∠㩃啜敳獲瑜捥慨䅜灰慄慴䱜捯污停潲牧浡屳祐桴湯停瑹潨㍮㈱䱜扩獜瑩ⵥ慰正条獥獜慴汲瑥整浜摩汤睥牡履慢敳瀮≹‬楬敮ㄠㄹ‬湩张损污彬ൟ †爠獥潰獮⁥‽睡楡⁴敳晬搮獩慰捴彨畦据爨煥敵瑳‬慣汬湟硥⥴਍†††††††帠幞幞幞幞幞幞幞幞幞幞幞幞幞幞幞幞幞幞幞幞幞൞ 䘠汩⁥䌢尺獕牥屳整档屡湏䑥楲敶䑜獥瑫灯獜污獥愠⁩汰瑡牦浯扜捡敫摮慜灰浜摩汤睥牡履敳畣楲祴瀮≹‬楬敮㈠㈳‬湩搠獩慰捴൨ †爠獥潰獮⁥‽睡楡⁴慣汬湟硥⡴敲畱獥⥴਍†††††††帠幞幞幞幞幞幞幞幞幞幞幞൞ 䘠汩⁥䌢尺獕牥屳整档屡灁䑰瑡屡潌慣屬牐杯慲獭停瑹潨屮祐桴湯ㄳ尲楌屢楳整瀭捡慫敧屳瑳牡敬瑴履業摤敬慷敲扜獡⹥祰Ⱒ氠湩⁥㘱ⰵ椠⁮慣汬湟硥൴ †爠楡敳愠灰敟捸਍†楆敬∠㩃啜敳獲瑜捥慨䅜灰慄慴䱜捯污停潲牧浡屳祐桴湯停瑹潨㍮㈱䱜扩獜瑩ⵥ慰正条獥獜慴汲瑥整浜摩汤睥牡履慢敳瀮≹‬楬敮ㄠㄵ‬湩挠牯൯ †愠慷瑩猠汥⹦灡⡰捳灯ⱥ爠捥楥敶潟彲楤捳湯敮瑣‬敳摮湟彯牥潲⥲਍†楆敬∠㩃啜敳獲瑜捥慨䅜灰慄慴䱜捯污停潲牧浡屳祐桴湯停瑹潨㍮㈱䱜扩獜瑩ⵥ慰正条獥獜慴汲瑥整浜摩汤睥牡履慢敳瀮≹‬楬敮ㄠ㤸‬湩张损污彬ൟ †眠瑩⁨潣汬灡敳敟捸牧畯獰⤨ഺ 䘠汩⁥䌢尺獕牥屳整档屡灁䑰瑡屡潌慣屬牐杯慲獭停瑹潨屮祐桴湯ㄳ尲楌屢潣瑮硥汴扩瀮≹‬楬敮ㄠ㠵‬湩张敟楸彴ൟ †猠汥⹦敧⹮桴潲⡷慶畬⥥਍†楆敬∠㩃啜敳獲瑜捥慨䅜灰慄慴䱜捯污停潲牧浡屳祐桴湯停瑹潨㍮㈱䱜扩獜瑩ⵥ慰正条獥獜慴汲瑥整彜瑵汩⹳祰Ⱒ氠湩⁥㌹‬湩挠汯慬獰彥硥杣潲灵൳ †爠楡敳攠捸਍†楆敬∠㩃啜敳獲瑜捥慨䅜灰慄慴䱜捯污停潲牧浡屳祐桴湯停瑹潨㍮㈱䱜扩獜瑩ⵥ慰正条獥獜慴汲瑥整浜摩汤睥牡履慢敳瀮≹‬楬敮ㄠㄹ‬湩张损污彬ൟ †爠獥潰獮⁥‽睡楡⁴敳晬搮獩慰捴彨畦据爨煥敵瑳‬慣汬湟硥⥴਍†††††††帠幞幞幞幞幞幞幞幞幞幞幞幞幞幞幞幞幞幞幞幞幞൞ 䘠汩⁥䌢尺獕牥屳整档屡湏䑥楲敶䑜獥瑫灯獜污獥愠⁩汰瑡牦浯扜捡敫摮慜灰浜摩汤睥牡履敳畣楲祴瀮≹‬楬敮㈠㈱‬湩搠獩慰捴൨ †爠楡敳䠠呔䕐捸灥楴湯ന昊獡慴楰攮捸灥楴湯⹳呈偔硅散瑰潩㩮㐠㤲›潔⁯慭祮爠煥敵瑳⹳䴠硡浩浵㘠‰敲畱獥獴瀠牥洠湩瑵⁥污潬敷⹤਍਍㉛㈰ⴶ㌰㈭‹〲㌺㨰㠰㘮㤳㘵崷嬠䑉戺㡦て扡ⴸ㜹攲㐭㑢ⴴㄹ㠳㘭捦㐲てㅡ㝢嵦䔠剒›㈴㨹吠潯洠湡⁹敲畱獥獴‮慍楸畭⁭〶爠煥敵瑳⁳数⁲業畮整愠汬睯摥മ ⬠䔠捸灥楴湯䜠潲灵吠慲散慢正⠠潭瑳爠捥湥⁴慣汬氠獡⥴ഺ 簠†䘠汩⁥䌢尺獕牥屳整档屡灁䑰瑡屡潌慣屬牐杯慲獭停瑹潨屮祐桴湯ㄳ尲楌屢楳整瀭捡慫敧屳瑳牡敬瑴履畟楴獬瀮≹‬楬敮㠠ⰷ椠⁮潣汬灡敳敟捸牧畯獰਍†⁼††楹汥൤ 簠†䘠汩⁥䌢尺獕牥屳整档屡灁䑰瑡屡潌慣屬牐杯慲獭停瑹潨屮祐桴湯ㄳ尲楌屢楳整瀭捡慫敧屳瑳牡敬瑴履業摤敬慷敲扜獡⹥祰Ⱒ氠湩⁥㤱ⰰ椠⁮彟慣汬彟਍†⁼††獡湹⁣楷桴愠祮潩挮敲瑡彥慴歳束潲灵⤨愠⁳慴歳束潲灵ഺ 簠†䘠汩⁥䌢尺獕牥屳整档屡灁䑰瑡屡潌慣屬牐杯慲獭停瑹潨屮祐桴湯ㄳ尲楌屢楳整瀭捡慫敧屳湡楹屯扟捡敫摮屳慟祳据潩瀮≹‬楬敮㘠㠷‬湩张慟硥瑩彟਍†⁼††慲獩⁥慂敳硅散瑰潩䝮潲灵ന 簠䔠捸灥楴湯片畯㩰甠桮湡汤摥攠牲牯⁳湩愠吠獡䝫潲灵⠠‱畳ⵢ硥散瑰潩⥮਍†⴫⴫ⴭⴭⴭⴭⴭⴭⴭ‭‱ⴭⴭⴭⴭⴭⴭⴭⴭ਍††⁼牔捡扥捡⁫洨獯⁴敲散瑮挠污⁬慬瑳㨩਍††⁼†楆敬∠㩃啜敳獲瑜捥慨䅜灰慄慴䱜捯污停潲牧浡屳祐桴湯停瑹潨㍮㈱䱜扩獜瑩ⵥ慰正条獥獜慴汲瑥整浜摩汤睥牡履牥潲獲瀮≹‬楬敮ㄠ㐶‬湩张损污彬ൟ †簠††愠慷瑩猠汥⹦灡⡰捳灯ⱥ爠捥楥敶‬獟湥⥤਍††⁼†楆敬∠㩃啜敳獲瑜捥慨䅜灰慄慴䱜捯污停潲牧浡屳祐桴湯停瑹潨㍮㈱䱜扩獜瑩ⵥ慰正条獥獜慴汲瑥整浜摩汤睥牡履慢敳瀮≹‬楬敮ㄠ㤸‬湩张损污彬ൟ †簠††眠瑩⁨潣汬灡敳敟捸牧畯獰⤨ഺ †簠†䘠汩⁥䌢尺獕牥屳整档屡灁䑰瑡屡潌慣屬牐杯慲獭停瑹潨屮祐桴湯ㄳ尲楌屢潣瑮硥汴扩瀮≹‬楬敮ㄠ㠵‬湩张敟楸彴ൟ †簠††猠汥⹦敧⹮桴潲⡷慶畬⥥਍††⁼†楆敬∠㩃啜敳獲瑜捥慨䅜灰慄慴䱜捯污停潲牧浡屳祐桴湯停瑹潨㍮㈱䱜扩獜瑩ⵥ慰正条獥獜慴汲瑥整彜瑵汩⹳祰Ⱒ氠湩⁥㌹‬湩挠汯慬獰彥硥杣潲灵൳ †簠††爠楡敳攠捸਍††⁼†楆敬∠㩃啜敳獲瑜捥慨䅜灰慄慴䱜捯污停潲牧浡屳祐桴湯停瑹潨㍮㈱䱜扩獜瑩ⵥ慰正条獥獜慴汲瑥整浜摩汤睥牡履慢敳瀮≹‬楬敮ㄠㄹ‬湩张损污彬ൟ †簠††爠獥潰獮⁥‽睡楡⁴敳晬搮獩慰捴彨畦据爨煥敵瑳‬慣汬湟硥⥴਍††⁼†††††††帠幞幞幞幞幞幞幞幞幞幞幞幞幞幞幞幞幞幞幞幞幞൞ †簠†䘠汩⁥䌢尺獕牥屳整档屡湏䑥楲敶䑜獥瑫灯獜污獥愠⁩汰瑡牦浯扜捡敫摮慜灰浜摩汤睥牡履敲畱獥彴潣瑮硥⹴祰Ⱒ氠湩⁥㘵‬湩搠獩慰捴൨ †簠††爠楡敳攠਍††⁼†楆敬∠㩃啜敳獲瑜捥慨作敮牄癩履敄歳潴屰慳敬⁳楡瀠慬晴潲屭慢正湥層灡屰業摤敬慷敲牜煥敵瑳损湯整瑸瀮≹‬楬敮㔠ⰰ椠⁮楤灳瑡档਍††⁼††敲灳湯敳㴠愠慷瑩挠污彬敮瑸爨煥敵瑳ഩ †簠††††††††幞幞幞幞幞幞幞幞幞幞幞幞਍††⁼†楆敬∠㩃啜敳獲瑜捥慨䅜灰慄慴䱜捯污停潲牧浡屳祐桴湯停瑹潨㍮㈱䱜扩獜瑩ⵥ慰正条獥獜慴汲瑥整浜摩汤睥牡履慢敳瀮≹‬楬敮ㄠ㔶‬湩挠污彬敮瑸਍††⁼††慲獩⁥灡彰硥ൣ †簠†䘠汩⁥䌢尺獕牥屳整档屡灁䑰瑡屡潌慣屬牐杯慲獭停瑹潨屮祐桴湯ㄳ尲楌屢楳整瀭捡慫敧屳瑳牡敬瑴履業摤敬慷敲扜獡⹥祰Ⱒ氠湩⁥㔱ⰱ椠⁮潣潲਍††⁼††睡楡⁴敳晬愮灰猨潣数‬敲散癩彥牯摟獩潣湮捥ⱴ猠湥彤潮敟牲牯ഩ †簠†䘠汩⁥䌢尺獕牥屳整档屡灁䑰瑡屡潌慣屬牐杯慲獭停瑹潨屮祐桴湯ㄳ尲楌屢楳整瀭捡慫敧屳瑳牡敬瑴履業摤敬慷敲扜獡⹥祰Ⱒ氠湩⁥㠱ⰹ椠⁮彟慣汬彟਍††⁼††楷桴挠汯慬獰彥硥杣潲灵⡳㨩਍††⁼†楆敬∠㩃啜敳獲瑜捥慨䅜灰慄慴䱜捯污停潲牧浡屳祐桴湯停瑹潨㍮㈱䱜扩捜湯整瑸楬⹢祰Ⱒ氠湩⁥㔱ⰸ椠⁮彟硥瑩彟਍††⁼††敳晬朮湥琮牨睯瘨污敵ഩ †簠†䘠汩⁥䌢尺獕牥屳整档屡灁䑰瑡屡潌慣屬牐杯慲獭停瑹潨屮祐桴湯ㄳ尲楌屢楳整瀭捡慫敧屳瑳牡敬瑴履畟楴獬瀮≹‬楬敮㤠ⰳ椠⁮潣汬灡敳敟捸牧畯獰਍††⁼††慲獩⁥硥ൣ †簠†䘠汩⁥䌢尺獕牥屳整档屡灁䑰瑡屡潌慣屬牐杯慲獭停瑹潨屮祐桴湯ㄳ尲楌屢楳整瀭捡慫敧屳瑳牡敬瑴履業摤敬慷敲扜獡⹥祰Ⱒ氠湩⁥㤱ⰱ椠⁮彟慣汬彟਍††⁼††敲灳湯敳㴠愠慷瑩猠汥⹦楤灳瑡档晟湵⡣敲畱獥ⱴ挠污彬敮瑸ഩ †簠††††††††幞幞幞幞幞幞幞幞幞幞幞幞幞幞幞幞幞幞幞幞幞幞਍††⁼†楆敬∠㩃啜敳獲瑜捥慨作敮牄癩履敄歳潴屰慳敬⁳楡瀠慬晴潲屭慢正湥層灡屰業摤敬慷敲獜捥牵瑩⹹祰Ⱒ氠湩⁥㌲ⰲ椠⁮楤灳瑡档਍††⁼††敲灳湯敳㴠愠慷瑩挠污彬敮瑸爨煥敵瑳ഩ †簠††††††††幞幞幞幞幞幞幞幞幞幞幞幞਍††⁼†楆敬∠㩃啜敳獲瑜捥慨䅜灰慄慴䱜捯污停潲牧浡屳祐桴湯停瑹潨㍮㈱䱜扩獜瑩ⵥ慰正条獥獜慴汲瑥整浜摩汤睥牡履慢敳瀮≹‬楬敮ㄠ㔶‬湩挠污彬敮瑸਍††⁼††慲獩⁥灡彰硥ൣ †簠†䘠汩⁥䌢尺獕牥屳整档屡灁䑰瑡屡潌慣屬牐杯慲獭停瑹潨屮祐桴湯ㄳ尲楌屢楳整瀭捡慫敧屳瑳牡敬瑴履業摤敬慷敲扜獡⹥祰Ⱒ氠湩⁥㔱ⰱ椠⁮潣潲਍††⁼††睡楡⁴敳晬愮灰猨潣数‬敲散癩彥牯摟獩潣湮捥ⱴ猠湥彤潮敟牲牯ഩ †簠†䘠汩⁥䌢尺獕牥屳整档屡灁䑰瑡屡潌慣屬牐杯慲獭停瑹潨屮祐桴湯ㄳ尲楌屢楳整瀭捡慫敧屳瑳牡敬瑴履業摤敬慷敲扜獡⹥祰Ⱒ氠湩⁥㠱ⰹ椠⁮彟慣汬彟਍††⁼††楷桴挠汯慬獰彥硥杣潲灵⡳㨩਍††⁼†楆敬∠㩃啜敳獲瑜捥慨䅜灰慄慴䱜捯污停潲牧浡屳祐桴湯停瑹潨㍮㈱䱜扩捜湯整瑸楬⹢祰Ⱒ氠湩⁥㔱ⰸ椠⁮彟硥瑩彟਍††⁼††敳晬朮湥琮牨睯瘨污敵ഩ †簠†䘠汩⁥䌢尺獕牥屳整档屡灁䑰瑡屡潌慣屬牐杯慲獭停瑹潨屮祐桴湯ㄳ尲楌屢楳整瀭捡慫敧屳瑳牡敬瑴履畟楴獬瀮≹‬楬敮㤠ⰳ椠⁮潣汬灡敳敟捸牧畯獰਍††⁼††慲獩⁥硥ൣ †簠†䘠汩⁥䌢尺獕牥屳整档屡灁䑰瑡屡潌慣屬牐杯慲獭停瑹潨屮祐桴湯ㄳ尲楌屢楳整瀭捡慫敧屳瑳牡敬瑴履業摤敬慷敲扜獡⹥祰Ⱒ氠湩⁥㤱ⰱ椠⁮彟慣汬彟਍††⁼††敲灳湯敳㴠愠慷瑩猠汥⹦楤灳瑡档晟湵⡣敲畱獥ⱴ挠污彬敮瑸ഩ †簠††††††††幞幞幞幞幞幞幞幞幞幞幞幞幞幞幞幞幞幞幞幞幞幞਍††⁼†楆敬∠㩃啜敳獲瑜捥慨作敮牄癩履敄歳潴屰慳敬⁳楡瀠慬晴潲屭慢正湥層灡屰業摤敬慷敲獜捥牵瑩⹹祰Ⱒ氠湩⁥ㄲⰲ椠⁮楤灳瑡档਍††⁼††慲獩⁥呈偔硅散瑰潩⡮਍††⁼慦瑳灡⹩硥散瑰潩獮䠮呔䕐捸灥楴湯›㈴㨹吠潯洠湡⁹敲畱獥獴‮慍楸畭⁭〶爠煥敵瑳⁳数⁲業畮整愠汬睯摥മ †⬠ⴭⴭⴭⴭⴭⴭⴭⴭⴭⴭⴭⴭⴭⴭⴭⴭⴭⴭ਍਍畄楲杮栠湡汤湩⁧景琠敨愠潢敶攠捸灥楴湯‬湡瑯敨⁲硥散瑰潩⁮捯畣牲摥ഺഊ吊慲散慢正⠠潭瑳爠捥湥⁴慣汬氠獡⥴ഺ 䘠汩⁥䌢尺獕牥屳整档屡灁䑰瑡屡潌慣屬牐杯慲獭停瑹潨屮祐桴湯ㄳ尲楌屢楳整瀭捡慫敧屳瑳牡敬瑴履業摤敬慷敲敜牲牯⹳祰Ⱒ氠湩⁥㘱ⰴ椠⁮彟慣汬彟਍††睡楡⁴敳晬愮灰猨潣数‬敲散癩ⱥ张敳摮ഩ 䘠汩⁥䌢尺獕牥屳整档屡灁䑰瑡屡潌慣屬牐杯慲獭停瑹潨屮祐桴湯ㄳ尲楌屢楳整瀭捡慫敧屳瑳牡敬瑴履業摤敬慷敲扜獡⹥祰Ⱒ氠湩⁥㠱ⰹ椠⁮彟慣汬彟਍††楷桴挠汯慬獰彥硥杣潲灵⡳㨩਍†楆敬∠㩃啜敳獲瑜捥慨䅜灰慄慴䱜捯污停潲牧浡屳祐桴湯停瑹潨㍮㈱䱜扩捜湯整瑸楬⹢祰Ⱒ氠湩⁥㔱ⰸ椠⁮彟硥瑩彟਍††敳晬朮湥琮牨睯瘨污敵ഩ 䘠汩⁥䌢尺獕牥屳整档屡灁䑰瑡屡潌慣屬牐杯慲獭停瑹潨屮祐桴湯ㄳ尲楌屢楳整瀭捡慫敧屳瑳牡敬瑴履畟楴獬瀮≹‬楬敮㤠ⰳ椠⁮潣汬灡敳敟捸牧畯獰਍††慲獩⁥硥ൣ 䘠汩⁥䌢尺獕牥屳整档屡灁䑰瑡屡潌慣屬牐杯慲獭停瑹潨屮祐桴湯ㄳ尲楌屢楳整瀭捡慫敧屳瑳牡敬瑴履業摤敬慷敲扜獡⹥祰Ⱒ氠湩⁥㤱ⰱ椠⁮彟慣汬彟਍††敲灳湯敳㴠愠慷瑩猠汥⹦楤灳瑡档晟湵⡣敲畱獥ⱴ挠污彬敮瑸ഩ †††††††幞幞幞幞幞幞幞幞幞幞幞幞幞幞幞幞幞幞幞幞幞幞਍†楆敬∠㩃啜敳獲瑜捥慨作敮牄癩履敄歳潴屰慳敬⁳楡瀠慬晴潲屭慢正湥層灡屰業摤敬慷敲牜煥敵瑳损湯整瑸瀮≹‬楬敮㔠ⰶ椠⁮楤灳瑡档਍††慲獩⁥൥ 䘠汩⁥䌢尺獕牥屳整档屡湏䑥楲敶䑜獥瑫灯獜污獥愠⁩汰瑡牦浯扜捡敫摮慜灰浜摩汤睥牡履敲畱獥彴潣瑮硥⹴祰Ⱒ氠湩⁥〵‬湩搠獩慰捴൨ †爠獥潰獮⁥‽睡楡⁴慣汬湟硥⡴敲畱獥⥴਍†††††††帠幞幞幞幞幞幞幞幞幞幞幞൞ 䘠汩⁥䌢尺獕牥屳整档屡灁䑰瑡屡潌慣屬牐杯慲獭停瑹潨屮祐桴湯ㄳ尲楌屢楳整瀭捡慫敧屳瑳牡敬瑴履業摤敬慷敲扜獡⹥祰Ⱒ氠湩⁥㘱ⰵ椠⁮慣汬湟硥൴ †爠楡敳愠灰敟捸਍†楆敬∠㩃啜敳獲瑜捥慨䅜灰慄慴䱜捯污停潲牧浡屳祐桴湯停瑹潨㍮㈱䱜扩獜瑩ⵥ慰正条獥獜慴汲瑥整浜摩汤睥牡履慢敳瀮≹‬楬敮ㄠㄵ‬湩挠牯൯ †愠慷瑩猠汥⹦灡⡰捳灯ⱥ爠捥楥敶潟彲楤捳湯敮瑣‬敳摮湟彯牥潲⥲਍†楆敬∠㩃啜敳獲瑜捥慨䅜灰慄慴䱜捯污停潲牧浡屳祐桴湯停瑹潨㍮㈱䱜扩獜瑩ⵥ慰正条獥獜慴汲瑥整浜摩汤睥牡履慢敳瀮≹‬楬敮ㄠ㤸‬湩张损污彬ൟ †眠瑩⁨潣汬灡敳敟捸牧畯獰⤨ഺ 䘠汩⁥䌢尺獕牥屳整档屡灁䑰瑡屡潌慣屬牐杯慲獭停瑹潨屮祐桴湯ㄳ尲楌屢潣瑮硥汴扩瀮≹‬楬敮ㄠ㠵‬湩张敟楸彴ൟ †猠汥⹦敧⹮桴潲⡷慶畬⥥਍†楆敬∠㩃啜敳獲瑜捥慨䅜灰慄慴䱜捯污停潲牧浡屳祐桴湯停瑹潨㍮㈱䱜扩獜瑩ⵥ慰正条獥獜慴汲瑥整彜瑵汩⹳祰Ⱒ氠湩⁥㌹‬湩挠汯慬獰彥硥杣潲灵൳ †爠楡敳攠捸਍†楆敬∠㩃啜敳獲瑜捥慨䅜灰慄慴䱜捯污停潲牧浡屳祐桴湯停瑹潨㍮㈱䱜扩獜瑩ⵥ慰正条獥獜慴汲瑥整浜摩汤睥牡履慢敳瀮≹‬楬敮ㄠㄹ‬湩张损污彬ൟ †爠獥潰獮⁥‽睡楡⁴敳晬搮獩慰捴彨畦据爨煥敵瑳‬慣汬湟硥⥴਍†††††††帠幞幞幞幞幞幞幞幞幞幞幞幞幞幞幞幞幞幞幞幞幞൞ 䘠汩⁥䌢尺獕牥屳整档屡湏䑥楲敶䑜獥瑫灯獜污獥愠⁩汰瑡牦浯扜捡敫摮慜灰浜摩汤睥牡履敳畣楲祴瀮≹‬楬敮㈠㈳‬湩搠獩慰捴൨ †爠獥潰獮⁥‽睡楡⁴慣汬湟硥⡴敲畱獥⥴਍†††††††帠幞幞幞幞幞幞幞幞幞幞幞൞ 䘠汩⁥䌢尺獕牥屳整档屡灁䑰瑡屡潌慣屬牐杯慲獭停瑹潨屮祐桴湯ㄳ尲楌屢楳整瀭捡慫敧屳瑳牡敬瑴履業摤敬慷敲扜獡⹥祰Ⱒ氠湩⁥㘱ⰵ椠⁮慣汬湟硥൴ †爠楡敳愠灰敟捸਍†楆敬∠㩃啜敳獲瑜捥慨䅜灰慄慴䱜捯污停潲牧浡屳祐桴湯停瑹潨㍮㈱䱜扩獜瑩ⵥ慰正条獥獜慴汲瑥整浜摩汤睥牡履慢敳瀮≹‬楬敮ㄠㄵ‬湩挠牯൯ †愠慷瑩猠汥⹦灡⡰捳灯ⱥ爠捥楥敶潟彲楤捳湯敮瑣‬敳摮湟彯牥潲⥲਍†楆敬∠㩃啜敳獲瑜捥慨䅜灰慄慴䱜捯污停潲牧浡屳祐桴湯停瑹潨㍮㈱䱜扩獜瑩ⵥ慰正条獥獜慴汲瑥整浜摩汤睥牡履慢敳瀮≹‬楬敮ㄠ㤸‬湩张损污彬ൟ †眠瑩⁨潣汬灡敳敟捸牧畯獰⤨ഺ 䘠汩⁥䌢尺獕牥屳整档屡灁䑰瑡屡潌慣屬牐杯慲獭停瑹潨屮祐桴湯ㄳ尲楌屢潣瑮硥汴扩瀮≹‬楬敮ㄠ㠵‬湩张敟楸彴ൟ †猠汥⹦敧⹮桴潲⡷慶畬⥥਍†楆敬∠㩃啜敳獲瑜捥慨䅜灰慄慴䱜捯污停潲牧浡屳祐桴湯停瑹潨㍮㈱䱜扩獜瑩ⵥ慰正条獥獜慴汲瑥整彜瑵汩⹳祰Ⱒ氠湩⁥㌹‬湩挠汯慬獰彥硥杣潲灵൳ †爠楡敳攠捸਍†楆敬∠㩃啜敳獲瑜捥慨䅜灰慄慴䱜捯污停潲牧浡屳祐桴湯停瑹潨㍮㈱䱜扩獜瑩ⵥ慰正条獥獜慴汲瑥整浜摩汤睥牡履慢敳瀮≹‬楬敮ㄠㄹ‬湩张损污彬ൟ †爠獥潰獮⁥‽睡楡⁴敳晬搮獩慰捴彨畦据爨煥敵瑳‬慣汬湟硥⥴਍†††††††帠幞幞幞幞幞幞幞幞幞幞幞幞幞幞幞幞幞幞幞幞幞൞ 䘠汩⁥䌢尺獕牥屳整档屡湏䑥楲敶䑜獥瑫灯獜污獥愠⁩汰瑡牦浯扜捡敫摮慜灰浜摩汤睥牡履敳畣楲祴瀮≹‬楬敮㈠㈱‬湩搠獩慰捴൨ †爠楡敳䠠呔䕐捸灥楴湯ന昊獡慴楰攮捸灥楴湯⹳呈偔硅散瑰潩㩮㐠㤲›潔⁯慭祮爠煥敵瑳⹳䴠硡浩浵㘠‰敲畱獥獴瀠牥洠湩瑵⁥污潬敷⹤਍਍㉛㈰ⴶ㌰㈭‹〲㌺㨰㠰㘮㈷㜵崶嬠䑉㔺搲㤷扢ⴸ㘱ㄶ㐭挷ⵥ晢扢㘭〲㡢㐷㥢攴崰䔠剒›㈴㨹吠潯洠湡⁹敲畱獥獴‮慍楸畭⁭〶爠煥敵瑳⁳数⁲業畮整愠汬睯摥മ ⬠䔠捸灥楴湯䜠潲灵吠慲散慢正⠠潭瑳爠捥湥⁴慣汬氠獡⥴ഺ 簠†䘠汩⁥䌢尺獕牥屳整档屡灁䑰瑡屡潌慣屬牐杯慲獭停瑹潨屮祐桴湯ㄳ尲楌屢楳整瀭捡慫敧屳瑳牡敬瑴履畟楴獬瀮≹‬楬敮㠠ⰷ椠⁮潣汬灡敳敟捸牧畯獰਍†⁼††楹汥൤ 簠†䘠汩⁥䌢尺獕牥屳整档屡灁䑰瑡屡潌慣屬牐杯慲獭停瑹潨屮祐桴湯ㄳ尲楌屢楳整瀭捡慫敧屳瑳牡敬瑴履業摤敬慷敲扜獡⹥祰Ⱒ氠湩⁥㤱ⰰ椠⁮彟慣汬彟਍†⁼††獡湹⁣楷桴愠祮潩挮敲瑡彥慴歳束潲灵⤨愠⁳慴歳束潲灵ഺ 簠†䘠汩⁥䌢尺獕牥屳整档屡灁䑰瑡屡潌慣屬牐杯慲獭停瑹潨屮祐桴湯ㄳ尲楌屢楳整瀭捡慫敧屳湡楹屯扟捡敫摮屳慟祳据潩瀮≹‬楬敮㘠㠷‬湩张慟硥瑩彟਍†⁼††慲獩⁥慂敳硅散瑰潩䝮潲灵ന 簠䔠捸灥楴湯片畯㩰甠桮湡汤摥攠牲牯⁳湩愠吠獡䝫潲灵⠠‱畳ⵢ硥散瑰潩⥮਍†⴫⴫ⴭⴭⴭⴭⴭⴭⴭ‭‱ⴭⴭⴭⴭⴭⴭⴭⴭ਍††⁼牔捡扥捡⁫洨獯⁴敲散瑮挠污⁬慬瑳㨩਍††⁼†楆敬∠㩃啜敳獲瑜捥慨䅜灰慄慴䱜捯污停潲牧浡屳祐桴湯停瑹潨㍮㈱䱜扩獜瑩ⵥ慰正条獥獜慴汲瑥整浜摩汤睥牡履牥潲獲瀮≹‬楬敮ㄠ㐶‬湩张损污彬ൟ †簠††愠慷瑩猠汥⹦灡⡰捳灯ⱥ爠捥楥敶‬獟湥⥤਍††⁼†楆敬∠㩃啜敳獲瑜捥慨䅜灰慄慴䱜捯污停潲牧浡屳祐桴湯停瑹潨㍮㈱䱜扩獜瑩ⵥ慰正条獥獜慴汲瑥整浜摩汤睥牡履慢敳瀮≹‬楬敮ㄠ㤸‬湩张损污彬ൟ †簠††眠瑩⁨潣汬灡敳敟捸牧畯獰⤨ഺ †簠†䘠汩⁥䌢尺獕牥屳整档屡灁䑰瑡屡潌慣屬牐杯慲獭停瑹潨屮祐桴湯ㄳ尲楌屢潣瑮硥汴扩瀮≹‬楬敮ㄠ㠵‬湩张敟楸彴ൟ †簠††猠汥⹦敧⹮桴潲⡷慶畬⥥਍††⁼†楆敬∠㩃啜敳獲瑜捥慨䅜灰慄慴䱜捯污停潲牧浡屳祐桴湯停瑹潨㍮㈱䱜扩獜瑩ⵥ慰正条獥獜慴汲瑥整彜瑵汩⹳祰Ⱒ氠湩⁥㌹‬湩挠汯慬獰彥硥杣潲灵൳ †簠††爠楡敳攠捸਍††⁼†楆敬∠㩃啜敳獲瑜捥慨䅜灰慄慴䱜捯污停潲牧浡屳祐桴湯停瑹潨㍮㈱䱜扩獜瑩ⵥ慰正条獥獜慴汲瑥整浜摩汤睥牡履慢敳瀮≹‬楬敮ㄠㄹ‬湩张损污彬ൟ †簠††爠獥潰獮⁥‽睡楡⁴敳晬搮獩慰捴彨畦据爨煥敵瑳‬慣汬湟硥⥴਍††⁼†††††††帠幞幞幞幞幞幞幞幞幞幞幞幞幞幞幞幞幞幞幞幞幞൞ †簠†䘠汩⁥䌢尺獕牥屳整档屡湏䑥楲敶䑜獥瑫灯獜污獥愠⁩汰瑡牦浯扜捡敫摮慜灰浜摩汤睥牡履敲畱獥彴潣瑮硥⹴祰Ⱒ氠湩⁥㘵‬湩搠獩慰捴൨ †簠††爠楡敳攠਍††⁼†楆敬∠㩃啜敳獲瑜捥慨作敮牄癩履敄歳潴屰慳敬⁳楡瀠慬晴潲屭慢正湥層灡屰業摤敬慷敲牜煥敵瑳损湯整瑸瀮≹‬楬敮㔠ⰰ椠⁮楤灳瑡档਍††⁼††敲灳湯敳㴠愠慷瑩挠污彬敮瑸爨煥敵瑳ഩ †簠††††††††幞幞幞幞幞幞幞幞幞幞幞幞਍††⁼†楆敬∠㩃啜敳獲瑜捥慨䅜灰慄慴䱜捯污停潲牧浡屳祐桴湯停瑹潨㍮㈱䱜扩獜瑩ⵥ慰正条獥獜慴汲瑥整浜摩汤睥牡履慢敳瀮≹‬楬敮ㄠ㔶‬湩挠污彬敮瑸਍††⁼††慲獩⁥灡彰硥ൣ †簠†䘠汩⁥䌢尺獕牥屳整档屡灁䑰瑡屡潌慣屬牐杯慲獭停瑹潨屮祐桴湯ㄳ尲楌屢楳整瀭捡慫敧屳瑳牡敬瑴履業摤敬慷敲扜獡⹥祰Ⱒ氠湩⁥㔱ⰱ椠⁮潣潲਍††⁼††睡楡⁴敳晬愮灰猨潣数‬敲散癩彥牯摟獩潣湮捥ⱴ猠湥彤潮敟牲牯ഩ †簠†䘠汩⁥䌢尺獕牥屳整档屡灁䑰瑡屡潌慣屬牐杯慲獭停瑹潨屮祐桴湯ㄳ尲楌屢楳整瀭捡慫敧屳瑳牡敬瑴履業摤敬慷敲扜獡⹥祰Ⱒ氠湩⁥㠱ⰹ椠⁮彟慣汬彟਍††⁼††楷桴挠汯慬獰彥硥杣潲灵⡳㨩਍††⁼†楆敬∠㩃啜敳獲瑜捥慨䅜灰慄慴䱜捯污停潲牧浡屳祐桴湯停瑹潨㍮㈱䱜扩捜湯整瑸楬⹢祰Ⱒ氠湩⁥㔱ⰸ椠⁮彟硥瑩彟਍††⁼††敳晬朮湥琮牨睯瘨污敵ഩ †簠†䘠汩⁥䌢尺獕牥屳整档屡灁䑰瑡屡潌慣屬牐杯慲獭停瑹潨屮祐桴湯ㄳ尲楌屢楳整瀭捡慫敧屳瑳牡敬瑴履畟楴獬瀮≹‬楬敮㤠ⰳ椠⁮潣汬灡敳敟捸牧畯獰਍††⁼††慲獩⁥硥ൣ †簠†䘠汩⁥䌢尺獕牥屳整档屡灁䑰瑡屡潌慣屬牐杯慲獭停瑹潨屮祐桴湯ㄳ尲楌屢楳整瀭捡慫敧屳瑳牡敬瑴履業摤敬慷敲扜獡⹥祰Ⱒ氠湩⁥㤱ⰱ椠⁮彟慣汬彟਍††⁼††敲灳湯敳㴠愠慷瑩猠汥⹦楤灳瑡档晟湵⡣敲畱獥ⱴ挠污彬敮瑸ഩ †簠††††††††幞幞幞幞幞幞幞幞幞幞幞幞幞幞幞幞幞幞幞幞幞幞਍††⁼†楆敬∠㩃啜敳獲瑜捥慨作敮牄癩履敄歳潴屰慳敬⁳楡瀠慬晴潲屭慢正湥層灡屰業摤敬慷敲獜捥牵瑩⹹祰Ⱒ氠湩⁥㌲ⰲ椠⁮楤灳瑡档਍††⁼††敲灳湯敳㴠愠慷瑩挠污彬敮瑸爨煥敵瑳ഩ †簠††††††††幞幞幞幞幞幞幞幞幞幞幞幞਍††⁼†楆敬∠㩃啜敳獲瑜捥慨䅜灰慄慴䱜捯污停潲牧浡屳祐桴湯停瑹潨㍮㈱䱜扩獜瑩ⵥ慰正条獥獜慴汲瑥整浜摩汤睥牡履慢敳瀮≹‬楬敮ㄠ㔶‬湩挠污彬敮瑸਍††⁼††慲獩⁥灡彰硥ൣ †簠†䘠汩⁥䌢尺獕牥屳整档屡灁䑰瑡屡潌慣屬牐杯慲獭停瑹潨屮祐桴湯ㄳ尲楌屢楳整瀭捡慫敧屳瑳牡敬瑴履業摤敬慷敲扜獡⹥祰Ⱒ氠湩⁥㔱ⰱ椠⁮潣潲਍††⁼††睡楡⁴敳晬愮灰猨潣数‬敲散癩彥牯摟獩潣湮捥ⱴ猠湥彤潮敟牲牯ഩ †簠†䘠汩⁥䌢尺獕牥屳整档屡灁䑰瑡屡潌慣屬牐杯慲獭停瑹潨屮祐桴湯ㄳ尲楌屢楳整瀭捡慫敧屳瑳牡敬瑴履業摤敬慷敲扜獡⹥祰Ⱒ氠湩⁥㠱ⰹ椠⁮彟慣汬彟਍††⁼††楷桴挠汯慬獰彥硥杣潲灵⡳㨩਍††⁼†楆敬∠㩃啜敳獲瑜捥慨䅜灰慄慴䱜捯污停潲牧浡屳祐桴湯停瑹潨㍮㈱䱜扩捜湯整瑸楬⹢祰Ⱒ氠湩⁥㔱ⰸ椠⁮彟硥瑩彟਍††⁼††敳晬朮湥琮牨睯瘨污敵ഩ †簠†䘠汩⁥䌢尺獕牥屳整档屡灁䑰瑡屡潌慣屬牐杯慲獭停瑹潨屮祐桴湯ㄳ尲楌屢楳整瀭捡慫敧屳瑳牡敬瑴履畟楴獬瀮≹‬楬敮㤠ⰳ椠⁮潣汬灡敳敟捸牧畯獰਍††⁼††慲獩⁥硥ൣ †簠†䘠汩⁥䌢尺獕牥屳整档屡灁䑰瑡屡潌慣屬牐杯慲獭停瑹潨屮祐桴湯ㄳ尲楌屢楳整瀭捡慫敧屳瑳牡敬瑴履業摤敬慷敲扜獡⹥祰Ⱒ氠湩⁥㤱ⰱ椠⁮彟慣汬彟਍††⁼††敲灳湯敳㴠愠慷瑩猠汥⹦楤灳瑡档晟湵⡣敲畱獥ⱴ挠污彬敮瑸ഩ †簠††††††††幞幞幞幞幞幞幞幞幞幞幞幞幞幞幞幞幞幞幞幞幞幞਍††⁼†楆敬∠㩃啜敳獲瑜捥慨作敮牄癩履敄歳潴屰慳敬⁳楡瀠慬晴潲屭慢正湥層灡屰業摤敬慷敲獜捥牵瑩⹹祰Ⱒ氠湩⁥ㄲⰲ椠⁮楤灳瑡档਍††⁼††慲獩⁥呈偔硅散瑰潩⡮਍††⁼慦瑳灡⹩硥散瑰潩獮䠮呔䕐捸灥楴湯›㈴㨹吠潯洠湡⁹敲畱獥獴‮慍楸畭⁭〶爠煥敵瑳⁳数⁲業畮整愠汬睯摥മ †⬠ⴭⴭⴭⴭⴭⴭⴭⴭⴭⴭⴭⴭⴭⴭⴭⴭⴭⴭ਍਍畄楲杮栠湡汤湩⁧景琠敨愠潢敶攠捸灥楴湯‬湡瑯敨⁲硥散瑰潩⁮捯畣牲摥ഺഊ吊慲散慢正⠠潭瑳爠捥湥⁴慣汬氠獡⥴ഺ 䘠汩⁥䌢尺獕牥屳整档屡灁䑰瑡屡潌慣屬牐杯慲獭停瑹潨屮祐桴湯ㄳ尲楌屢楳整瀭捡慫敧屳瑳牡敬瑴履業摤敬慷敲敜牲牯⹳祰Ⱒ氠湩⁥㘱ⰴ椠⁮彟慣汬彟਍††睡楡⁴敳晬愮灰猨潣数‬敲散癩ⱥ张敳摮ഩ 䘠汩⁥䌢尺獕牥屳整档屡灁䑰瑡屡潌慣屬牐杯慲獭停瑹潨屮祐桴湯ㄳ尲楌屢楳整瀭捡慫敧屳瑳牡敬瑴履業摤敬慷敲扜獡⹥祰Ⱒ氠湩⁥㠱ⰹ椠⁮彟慣汬彟਍††楷桴挠汯慬獰彥硥杣潲灵⡳㨩਍†楆敬∠㩃啜敳獲瑜捥慨䅜灰慄慴䱜捯污停潲牧浡屳祐桴湯停瑹潨㍮㈱䱜扩捜湯整瑸楬⹢祰Ⱒ氠湩⁥㔱ⰸ椠⁮彟硥瑩彟਍††敳晬朮湥琮牨睯瘨污敵ഩ 䘠汩⁥䌢尺獕牥屳整档屡灁䑰瑡屡潌慣屬牐杯慲獭停瑹潨屮祐桴湯ㄳ尲楌屢楳整瀭捡慫敧屳瑳牡敬瑴履畟楴獬瀮≹‬楬敮㤠ⰳ椠⁮潣汬灡敳敟捸牧畯獰਍††慲獩⁥硥ൣ 䘠汩⁥䌢尺獕牥屳整档屡灁䑰瑡屡潌慣屬牐杯慲獭停瑹潨屮祐桴湯ㄳ尲楌屢楳整瀭捡慫敧屳瑳牡敬瑴履業摤敬慷敲扜獡⹥祰Ⱒ氠湩⁥㤱ⰱ椠⁮彟慣汬彟਍††敲灳湯敳㴠愠慷瑩猠汥⹦楤灳瑡档晟湵⡣敲畱獥ⱴ挠污彬敮瑸ഩ †††††††幞幞幞幞幞幞幞幞幞幞幞幞幞幞幞幞幞幞幞幞幞幞਍†楆敬∠㩃啜敳獲瑜捥慨作敮牄癩履敄歳潴屰慳敬⁳楡瀠慬晴潲屭慢正湥層灡屰業摤敬慷敲牜煥敵瑳损湯整瑸瀮≹‬楬敮㔠ⰶ椠⁮楤灳瑡档਍††慲獩⁥൥ 䘠汩⁥䌢尺獕牥屳整档屡湏䑥楲敶䑜獥瑫灯獜污獥愠⁩汰瑡牦浯扜捡敫摮慜灰浜摩汤睥牡履敲畱獥彴潣瑮硥⹴祰Ⱒ氠湩⁥〵‬湩搠獩慰捴൨ †爠獥潰獮⁥‽睡楡⁴慣汬湟硥⡴敲畱獥⥴਍†††††††帠幞幞幞幞幞幞幞幞幞幞幞൞ 䘠汩⁥䌢尺獕牥屳整档屡灁䑰瑡屡潌慣屬牐杯慲獭停瑹潨屮祐桴湯ㄳ尲楌屢楳整瀭捡慫敧屳瑳牡敬瑴履業摤敬慷敲扜獡⹥祰Ⱒ氠湩⁥㘱ⰵ椠⁮慣汬湟硥൴ †爠楡敳愠灰敟捸਍†楆敬∠㩃啜敳獲瑜捥慨䅜灰慄慴䱜捯污停潲牧浡屳祐桴湯停瑹潨㍮㈱䱜扩獜瑩ⵥ慰正条獥獜慴汲瑥整浜摩汤睥牡履慢敳瀮≹‬楬敮ㄠㄵ‬湩挠牯൯ †愠慷瑩猠汥⹦灡⡰捳灯ⱥ爠捥楥敶潟彲楤捳湯敮瑣‬敳摮湟彯牥潲⥲਍†楆敬∠㩃啜敳獲瑜捥慨䅜灰慄慴䱜捯污停潲牧浡屳祐桴湯停瑹潨㍮㈱䱜扩獜瑩ⵥ慰正条獥獜慴汲瑥整浜摩汤睥牡履慢敳瀮≹‬楬敮ㄠ㤸‬湩张损污彬ൟ †眠瑩⁨潣汬灡敳敟捸牧畯獰⤨ഺ 䘠汩⁥䌢尺獕牥屳整档屡灁䑰瑡屡潌慣屬牐杯慲獭停瑹潨屮祐桴湯ㄳ尲楌屢潣瑮硥汴扩瀮≹‬楬敮ㄠ㠵‬湩张敟楸彴ൟ †猠汥⹦敧⹮桴潲⡷慶畬⥥਍†楆敬∠㩃啜敳獲瑜捥慨䅜灰慄慴䱜捯污停潲牧浡屳祐桴湯停瑹潨㍮㈱䱜扩獜瑩ⵥ慰正条獥獜慴汲瑥整彜瑵汩⹳祰Ⱒ氠湩⁥㌹‬湩挠汯慬獰彥硥杣潲灵൳ †爠楡敳攠捸਍†楆敬∠㩃啜敳獲瑜捥慨䅜灰慄慴䱜捯污停潲牧浡屳祐桴湯停瑹潨㍮㈱䱜扩獜瑩ⵥ慰正条獥獜慴汲瑥整浜摩汤睥牡履慢敳瀮≹‬楬敮ㄠㄹ‬湩张损污彬ൟ †爠獥潰獮⁥‽睡楡⁴敳晬搮獩慰捴彨畦据爨煥敵瑳‬慣汬湟硥⥴਍†††††††帠幞幞幞幞幞幞幞幞幞幞幞幞幞幞幞幞幞幞幞幞幞൞ 䘠汩⁥䌢尺獕牥屳整档屡湏䑥楲敶䑜獥瑫灯獜污獥愠⁩汰瑡牦浯扜捡敫摮慜灰浜摩汤睥牡履敳畣楲祴瀮≹‬楬敮㈠㈳‬湩搠獩慰捴൨ †爠獥潰獮⁥‽睡楡⁴慣汬湟硥⡴敲畱獥⥴਍†††††††帠幞幞幞幞幞幞幞幞幞幞幞൞ 䘠汩⁥䌢尺獕牥屳整档屡灁䑰瑡屡潌慣屬牐杯慲獭停瑹潨屮祐桴湯ㄳ尲楌屢楳整瀭捡慫敧屳瑳牡敬瑴履業摤敬慷敲扜獡⹥祰Ⱒ氠湩⁥㘱ⰵ椠⁮慣汬湟硥൴ †爠楡敳愠灰敟捸਍†楆敬∠㩃啜敳獲瑜捥慨䅜灰慄慴䱜捯污停潲牧浡屳祐桴湯停瑹潨㍮㈱䱜扩獜瑩ⵥ慰正条獥獜慴汲瑥整浜摩汤睥牡履慢敳瀮≹‬楬敮ㄠㄵ‬湩挠牯൯ †愠慷瑩猠汥⹦灡⡰捳灯ⱥ爠捥楥敶潟彲楤捳湯敮瑣‬敳摮湟彯牥潲⥲਍†楆敬∠㩃啜敳獲瑜捥慨䅜灰慄慴䱜捯污停潲牧浡屳祐桴湯停瑹潨㍮㈱䱜扩獜瑩ⵥ慰正条獥獜慴汲瑥整浜摩汤睥牡履慢敳瀮≹‬楬敮ㄠ㤸‬湩张损污彬ൟ †眠瑩⁨潣汬灡敳敟捸牧畯獰⤨ഺ 䘠汩⁥䌢尺獕牥屳整档屡灁䑰瑡屡潌慣屬牐杯慲獭停瑹潨屮祐桴湯ㄳ尲楌屢潣瑮硥汴扩瀮≹‬楬敮ㄠ㠵‬湩张敟楸彴ൟ †猠汥⹦敧⹮桴潲⡷慶畬⥥਍†楆敬∠㩃啜敳獲瑜捥慨䅜灰慄慴䱜捯污停潲牧浡屳祐桴湯停瑹潨㍮㈱䱜扩獜瑩ⵥ慰正条獥獜慴汲瑥整彜瑵汩⹳祰Ⱒ氠湩⁥㌹‬湩挠汯慬獰彥硥杣潲灵൳ †爠楡敳攠捸਍†楆敬∠㩃啜敳獲瑜捥慨䅜灰慄慴䱜捯污停潲牧浡屳祐桴湯停瑹潨㍮㈱䱜扩獜瑩ⵥ慰正条獥獜慴汲瑥整浜摩汤睥牡履慢敳瀮≹‬楬敮ㄠㄹ‬湩张损污彬ൟ †爠獥潰獮⁥‽睡楡⁴敳晬搮獩慰捴彨畦据爨煥敵瑳‬慣汬湟硥⥴਍†††††††帠幞幞幞幞幞幞幞幞幞幞幞幞幞幞幞幞幞幞幞幞幞൞ 䘠汩⁥䌢尺獕牥屳整档屡湏䑥楲敶䑜獥瑫灯獜污獥愠⁩汰瑡牦浯扜捡敫摮慜灰浜摩汤睥牡履敳畣楲祴瀮≹‬楬敮㈠㈱‬湩搠獩慰捴൨ †爠楡敳䠠呔䕐捸灥楴湯ന昊獡慴楰攮捸灥楴湯⹳呈偔硅散瑰潩㩮㐠㤲›潔⁯慭祮爠煥敵瑳⹳䴠硡浩浵㘠‰敲畱獥獴瀠牥洠湩瑵⁥污潬敷⹤਍਍㉛㈰ⴶ㌰㈭‹〲㌺㨰㠰㜮㠷㐶崹嬠䑉㤺㈳㉥扡ⵥ㔲搸㐭㔰ⴶ㠹攸㘭㐹㐴て㔰㤴嵤䔠剒›㈴㨹吠潯洠湡⁹敲畱獥獴‮慍楸畭⁭〶爠煥敵瑳⁳数⁲業畮整愠汬睯摥മ ⬠䔠捸灥楴湯䜠潲灵吠慲散慢正⠠潭瑳爠捥湥⁴慣汬氠獡⥴ഺ 簠†䘠汩⁥䌢尺獕牥屳整档屡灁䑰瑡屡潌慣屬牐杯慲獭停瑹潨屮祐桴湯ㄳ尲楌屢楳整瀭捡慫敧屳瑳牡敬瑴履畟楴獬瀮≹‬楬敮㠠ⰷ椠⁮潣汬灡敳敟捸牧畯獰਍†⁼††楹汥൤ 簠†䘠汩⁥䌢尺獕牥屳整档屡灁䑰瑡屡潌慣屬牐杯慲獭停瑹潨屮祐桴湯ㄳ尲楌屢楳整瀭捡慫敧屳瑳牡敬瑴履業摤敬慷敲扜獡⹥祰Ⱒ氠湩⁥㤱ⰰ椠⁮彟慣汬彟਍†⁼††獡湹⁣楷桴愠祮潩挮敲瑡彥慴歳束潲灵⤨愠⁳慴歳束潲灵ഺ 簠†䘠汩⁥䌢尺獕牥屳整档屡灁䑰瑡屡潌慣屬牐杯慲獭停瑹潨屮祐桴湯ㄳ尲楌屢楳整瀭捡慫敧屳湡楹屯扟捡敫摮屳慟祳据潩瀮≹‬楬敮㘠㠷‬湩张慟硥瑩彟਍†⁼††慲獩⁥慂敳硅散瑰潩䝮潲灵ന 簠䔠捸灥楴湯片畯㩰甠桮湡汤摥攠牲牯⁳湩愠吠獡䝫潲灵⠠‱畳ⵢ硥散瑰潩⥮਍†⴫⴫ⴭⴭⴭⴭⴭⴭⴭ‭‱ⴭⴭⴭⴭⴭⴭⴭⴭ਍††⁼牔捡扥捡⁫洨獯⁴敲散瑮挠污⁬慬瑳㨩਍††⁼†楆敬∠㩃啜敳獲瑜捥慨䅜灰慄慴䱜捯污停潲牧浡屳祐桴湯停瑹潨㍮㈱䱜扩獜瑩ⵥ慰正条獥獜慴汲瑥整浜摩汤睥牡履牥潲獲瀮≹‬楬敮ㄠ㐶‬湩张损污彬ൟ †簠††愠慷瑩猠汥⹦灡⡰捳灯ⱥ爠捥楥敶‬獟湥⥤਍††⁼†楆敬∠㩃啜敳獲瑜捥慨䅜灰慄慴䱜捯污停潲牧浡屳祐桴湯停瑹潨㍮㈱䱜扩獜瑩ⵥ慰正条獥獜慴汲瑥整浜摩汤睥牡履慢敳瀮≹‬楬敮ㄠ㤸‬湩张损污彬ൟ †簠††眠瑩⁨潣汬灡敳敟捸牧畯獰⤨ഺ †簠†䘠汩⁥䌢尺獕牥屳整档屡灁䑰瑡屡潌慣屬牐杯慲獭停瑹潨屮祐桴湯ㄳ尲楌屢潣瑮硥汴扩瀮≹‬楬敮ㄠ㠵‬湩张敟楸彴ൟ †簠††猠汥⹦敧⹮桴潲⡷慶畬⥥਍††⁼†楆敬∠㩃啜敳獲瑜捥慨䅜灰慄慴䱜捯污停潲牧浡屳祐桴湯停瑹潨㍮㈱䱜扩獜瑩ⵥ慰正条獥獜慴汲瑥整彜瑵汩⹳祰Ⱒ氠湩⁥㌹‬湩挠汯慬獰彥硥杣潲灵൳ †簠††爠楡敳攠捸਍††⁼†楆敬∠㩃啜敳獲瑜捥慨䅜灰慄慴䱜捯污停潲牧浡屳祐桴湯停瑹潨㍮㈱䱜扩獜瑩ⵥ慰正条獥獜慴汲瑥整浜摩汤睥牡履慢敳瀮≹‬楬敮ㄠㄹ‬湩张损污彬ൟ †簠††爠獥潰獮⁥‽睡楡⁴敳晬搮獩慰捴彨畦据爨煥敵瑳‬慣汬湟硥⥴਍††⁼†††††††帠幞幞幞幞幞幞幞幞幞幞幞幞幞幞幞幞幞幞幞幞幞൞ †簠†䘠汩⁥䌢尺獕牥屳整档屡湏䑥楲敶䑜獥瑫灯獜污獥愠⁩汰瑡牦浯扜捡敫摮慜灰浜摩汤睥牡履敲畱獥彴潣瑮硥⹴祰Ⱒ氠湩⁥㘵‬湩搠獩慰捴൨ †簠††爠楡敳攠਍††⁼†楆敬∠㩃啜敳獲瑜捥慨作敮牄癩履敄歳潴屰慳敬⁳楡瀠慬晴潲屭慢正湥層灡屰業摤敬慷敲牜煥敵瑳损湯整瑸瀮≹‬楬敮㔠ⰰ椠⁮楤灳瑡档਍††⁼††敲灳湯敳㴠愠慷瑩挠污彬敮瑸爨煥敵瑳ഩ †簠††††††††幞幞幞幞幞幞幞幞幞幞幞幞਍††⁼†楆敬∠㩃啜敳獲瑜捥慨䅜灰慄慴䱜捯污停潲牧浡屳祐桴湯停瑹潨㍮㈱䱜扩獜瑩ⵥ慰正条獥獜慴汲瑥整浜摩汤睥牡履慢敳瀮≹‬楬敮ㄠ㔶‬湩挠污彬敮瑸਍††⁼††慲獩⁥灡彰硥ൣ †簠†䘠汩⁥䌢尺獕牥屳整档屡灁䑰瑡屡潌慣屬牐杯慲獭停瑹潨屮祐桴湯ㄳ尲楌屢楳整瀭捡慫敧屳瑳牡敬瑴履業摤敬慷敲扜獡⹥祰Ⱒ氠湩⁥㔱ⰱ椠⁮潣潲਍††⁼††睡楡⁴敳晬愮灰猨潣数‬敲散癩彥牯摟獩潣湮捥ⱴ猠湥彤潮敟牲牯ഩ †簠†䘠汩⁥䌢尺獕牥屳整档屡灁䑰瑡屡潌慣屬牐杯慲獭停瑹潨屮祐桴湯ㄳ尲楌屢楳整瀭捡慫敧屳瑳牡敬瑴履業摤敬慷敲扜獡⹥祰Ⱒ氠湩⁥㠱ⰹ椠⁮彟慣汬彟਍††⁼††楷桴挠汯慬獰彥硥杣潲灵⡳㨩਍††⁼†楆敬∠㩃啜敳獲瑜捥慨䅜灰慄慴䱜捯污停潲牧浡屳祐桴湯停瑹潨㍮㈱䱜扩捜湯整瑸楬⹢祰Ⱒ氠湩⁥㔱ⰸ椠⁮彟硥瑩彟਍††⁼††敳晬朮湥琮牨睯瘨污敵ഩ †簠†䘠汩⁥䌢尺獕牥屳整档屡灁䑰瑡屡潌慣屬牐杯慲獭停瑹潨屮祐桴湯ㄳ尲楌屢楳整瀭捡慫敧屳瑳牡敬瑴履畟楴獬瀮≹‬楬敮㤠ⰳ椠⁮潣汬灡敳敟捸牧畯獰਍††⁼††慲獩⁥硥ൣ †簠†䘠汩⁥䌢尺獕牥屳整档屡灁䑰瑡屡潌慣屬牐杯慲獭停瑹潨屮祐桴湯ㄳ尲楌屢楳整瀭捡慫敧屳瑳牡敬瑴履業摤敬慷敲扜獡⹥祰Ⱒ氠湩⁥㤱ⰱ椠⁮彟慣汬彟਍††⁼††敲灳湯敳㴠愠慷瑩猠汥⹦楤灳瑡档晟湵⡣敲畱獥ⱴ挠污彬敮瑸ഩ †簠††††††††幞幞幞幞幞幞幞幞幞幞幞幞幞幞幞幞幞幞幞幞幞幞਍††⁼†楆敬∠㩃啜敳獲瑜捥慨作敮牄癩履敄歳潴屰慳敬⁳楡瀠慬晴潲屭慢正湥層灡屰業摤敬慷敲獜捥牵瑩⹹祰Ⱒ氠湩⁥㌲ⰲ椠⁮楤灳瑡档਍††⁼††敲灳湯敳㴠愠慷瑩挠污彬敮瑸爨煥敵瑳ഩ †簠††††††††幞幞幞幞幞幞幞幞幞幞幞幞਍††⁼†楆敬∠㩃啜敳獲瑜捥慨䅜灰慄慴䱜捯污停潲牧浡屳祐桴湯停瑹潨㍮㈱䱜扩獜瑩ⵥ慰正条獥獜慴汲瑥整浜摩汤睥牡履慢敳瀮≹‬楬敮ㄠ㔶‬湩挠污彬敮瑸਍††⁼††慲獩⁥灡彰硥ൣ †簠†䘠汩⁥䌢尺獕牥屳整档屡灁䑰瑡屡潌慣屬牐杯慲獭停瑹潨屮祐桴湯ㄳ尲楌屢楳整瀭捡慫敧屳瑳牡敬瑴履業摤敬慷敲扜獡⹥祰Ⱒ氠湩⁥㔱ⰱ椠⁮潣潲਍††⁼††睡楡⁴敳晬愮灰猨潣数‬敲散癩彥牯摟獩潣湮捥ⱴ猠湥彤潮敟牲牯ഩ †簠†䘠汩⁥䌢尺獕牥屳整档屡灁䑰瑡屡潌慣屬牐杯慲獭停瑹潨屮祐桴湯ㄳ尲楌屢楳整瀭捡慫敧屳瑳牡敬瑴履業摤敬慷敲扜獡⹥祰Ⱒ氠湩⁥㠱ⰹ椠⁮彟慣汬彟਍††⁼††楷桴挠汯慬獰彥硥杣潲灵⡳㨩਍††⁼†楆敬∠㩃啜敳獲瑜捥慨䅜灰慄慴䱜捯污停潲牧浡屳祐桴湯停瑹潨㍮㈱䱜扩捜湯整瑸楬⹢祰Ⱒ氠湩⁥㔱ⰸ椠⁮彟硥瑩彟਍††⁼††敳晬朮湥琮牨睯瘨污敵ഩ †簠†䘠汩⁥䌢尺獕牥屳整档屡灁䑰瑡屡潌慣屬牐杯慲獭停瑹潨屮祐桴湯ㄳ尲楌屢楳整瀭捡慫敧屳瑳牡敬瑴履畟楴獬瀮≹‬楬敮㤠ⰳ椠⁮潣汬灡敳敟捸牧畯獰਍††⁼††慲獩⁥硥ൣ †簠†䘠汩⁥䌢尺獕牥屳整档屡灁䑰瑡屡潌慣屬牐杯慲獭停瑹潨屮祐桴湯ㄳ尲楌屢楳整瀭捡慫敧屳瑳牡敬瑴履業摤敬慷敲扜獡⹥祰Ⱒ氠湩⁥㤱ⰱ椠⁮彟慣汬彟਍††⁼††敲灳湯敳㴠愠慷瑩猠汥⹦楤灳瑡档晟湵⡣敲畱獥ⱴ挠污彬敮瑸ഩ †簠††††††††幞幞幞幞幞幞幞幞幞幞幞幞幞幞幞幞幞幞幞幞幞幞਍††⁼†楆敬∠㩃啜敳獲瑜捥慨作敮牄癩履敄歳潴屰慳敬⁳楡瀠慬晴潲屭慢正湥層灡屰業摤敬慷敲獜捥牵瑩⹹祰Ⱒ氠湩⁥ㄲⰲ椠⁮楤灳瑡档਍††⁼††慲獩⁥呈偔硅散瑰潩⡮਍††⁼慦瑳灡⹩硥散瑰潩獮䠮呔䕐捸灥楴湯›㈴㨹吠潯洠湡⁹敲畱獥獴‮慍楸畭⁭〶爠煥敵瑳⁳数⁲業畮整愠汬睯摥മ †⬠ⴭⴭⴭⴭⴭⴭⴭⴭⴭⴭⴭⴭⴭⴭⴭⴭⴭⴭ਍਍畄楲杮栠湡汤湩⁧景琠敨愠潢敶攠捸灥楴湯‬湡瑯敨⁲硥散瑰潩⁮捯畣牲摥ഺഊ吊慲散慢正⠠潭瑳爠捥湥⁴慣汬氠獡⥴ഺ 䘠汩⁥䌢尺獕牥屳整档屡灁䑰瑡屡潌慣屬牐杯慲獭停瑹潨屮祐桴湯ㄳ尲楌屢楳整瀭捡慫敧屳瑳牡敬瑴履業摤敬慷敲敜牲牯⹳祰Ⱒ氠湩⁥㘱ⰴ椠⁮彟慣汬彟਍††睡楡⁴敳晬愮灰猨潣数‬敲散癩ⱥ张敳摮ഩ 䘠汩⁥䌢尺獕牥屳整档屡灁䑰瑡屡潌慣屬牐杯慲獭停瑹潨屮祐桴湯ㄳ尲楌屢楳整瀭捡慫敧屳瑳牡敬瑴履業摤敬慷敲扜獡⹥祰Ⱒ氠湩⁥㠱ⰹ椠⁮彟慣汬彟਍††楷桴挠汯慬獰彥硥杣潲灵⡳㨩਍†楆敬∠㩃啜敳獲瑜捥慨䅜灰慄慴䱜捯污停潲牧浡屳祐桴湯停瑹潨㍮㈱䱜扩捜湯整瑸楬⹢祰Ⱒ氠湩⁥㔱ⰸ椠⁮彟硥瑩彟਍††敳晬朮湥琮牨睯瘨污敵ഩ 䘠汩⁥䌢尺獕牥屳整档屡灁䑰瑡屡潌慣屬牐杯慲獭停瑹潨屮祐桴湯ㄳ尲楌屢楳整瀭捡慫敧屳瑳牡敬瑴履畟楴獬瀮≹‬楬敮㤠ⰳ椠⁮潣汬灡敳敟捸牧畯獰਍††慲獩⁥硥ൣ 䘠汩⁥䌢尺獕牥屳整档屡灁䑰瑡屡潌慣屬牐杯慲獭停瑹潨屮祐桴湯ㄳ尲楌屢楳整瀭捡慫敧屳瑳牡敬瑴履業摤敬慷敲扜獡⹥祰Ⱒ氠湩⁥㤱ⰱ椠⁮彟慣汬彟਍††敲灳湯敳㴠愠慷瑩猠汥⹦楤灳瑡档晟湵⡣敲畱獥ⱴ挠污彬敮瑸ഩ †††††††幞幞幞幞幞幞幞幞幞幞幞幞幞幞幞幞幞幞幞幞幞幞਍†楆敬∠㩃啜敳獲瑜捥慨作敮牄癩履敄歳潴屰慳敬⁳楡瀠慬晴潲屭慢正湥層灡屰業摤敬慷敲牜煥敵瑳损湯整瑸瀮≹‬楬敮㔠ⰶ椠⁮楤灳瑡档਍††慲獩⁥൥ 䘠汩⁥䌢尺獕牥屳整档屡湏䑥楲敶䑜獥瑫灯獜污獥愠⁩汰瑡牦浯扜捡敫摮慜灰浜摩汤睥牡履敲畱獥彴潣瑮硥⹴祰Ⱒ氠湩⁥〵‬湩搠獩慰捴൨ †爠獥潰獮⁥‽睡楡⁴慣汬湟硥⡴敲畱獥⥴਍†††††††帠幞幞幞幞幞幞幞幞幞幞幞൞ 䘠汩⁥䌢尺獕牥屳整档屡灁䑰瑡屡潌慣屬牐杯慲獭停瑹潨屮祐桴湯ㄳ尲楌屢楳整瀭捡慫敧屳瑳牡敬瑴履業摤敬慷敲扜獡⹥祰Ⱒ氠湩⁥㘱ⰵ椠⁮慣汬湟硥൴ †爠楡敳愠灰敟捸਍†楆敬∠㩃啜敳獲瑜捥慨䅜灰慄慴䱜捯污停潲牧浡屳祐桴湯停瑹潨㍮㈱䱜扩獜瑩ⵥ慰正条獥獜慴汲瑥整浜摩汤睥牡履慢敳瀮≹‬楬敮ㄠㄵ‬湩挠牯൯ †愠慷瑩猠汥⹦灡⡰捳灯ⱥ爠捥楥敶潟彲楤捳湯敮瑣‬敳摮湟彯牥潲⥲਍†楆敬∠㩃啜敳獲瑜捥慨䅜灰慄慴䱜捯污停潲牧浡屳祐桴湯停瑹潨㍮㈱䱜扩獜瑩ⵥ慰正条獥獜慴汲瑥整浜摩汤睥牡履慢敳瀮≹‬楬敮ㄠ㤸‬湩张损污彬ൟ †眠瑩⁨潣汬灡敳敟捸牧畯獰⤨ഺ 䘠汩⁥䌢尺獕牥屳整档屡灁䑰瑡屡潌慣屬牐杯慲獭停瑹潨屮祐桴湯ㄳ尲楌屢潣瑮硥汴扩瀮≹‬楬敮ㄠ㠵‬湩张敟楸彴ൟ †猠汥⹦敧⹮桴潲⡷慶畬⥥਍†楆敬∠㩃啜敳獲瑜捥慨䅜灰慄慴䱜捯污停潲牧浡屳祐桴湯停瑹潨㍮㈱䱜扩獜瑩ⵥ慰正条獥獜慴汲瑥整彜瑵汩⹳祰Ⱒ氠湩⁥㌹‬湩挠汯慬獰彥硥杣潲灵൳ †爠楡敳攠捸਍†楆敬∠㩃啜敳獲瑜捥慨䅜灰慄慴䱜捯污停潲牧浡屳祐桴湯停瑹潨㍮㈱䱜扩獜瑩ⵥ慰正条獥獜慴汲瑥整浜摩汤睥牡履慢敳瀮≹‬楬敮ㄠㄹ‬湩张损污彬ൟ †爠獥潰獮⁥‽睡楡⁴敳晬搮獩慰捴彨畦据爨煥敵瑳‬慣汬湟硥⥴਍†††††††帠幞幞幞幞幞幞幞幞幞幞幞幞幞幞幞幞幞幞幞幞幞൞ 䘠汩⁥䌢尺獕牥屳整档屡湏䑥楲敶䑜獥瑫灯獜污獥愠⁩汰瑡牦浯扜捡敫摮慜灰浜摩汤睥牡履敳畣楲祴瀮≹‬楬敮㈠㈳‬湩搠獩慰捴൨ †爠獥潰獮⁥‽睡楡⁴慣汬湟硥⡴敲畱獥⥴਍†††††††帠幞幞幞幞幞幞幞幞幞幞幞൞ 䘠汩⁥䌢尺獕牥屳整档屡灁䑰瑡屡潌慣屬牐杯慲獭停瑹潨屮祐桴湯ㄳ尲楌屢楳整瀭捡慫敧屳瑳牡敬瑴履業摤敬慷敲扜獡⹥祰Ⱒ氠湩⁥㘱ⰵ椠⁮慣汬湟硥൴ †爠楡敳愠灰敟捸਍†楆敬∠㩃啜敳獲瑜捥慨䅜灰慄慴䱜捯污停潲牧浡屳祐桴湯停瑹潨㍮㈱䱜扩獜瑩ⵥ慰正条獥獜慴汲瑥整浜摩汤睥牡履慢敳瀮≹‬楬敮ㄠㄵ‬湩挠牯൯ †愠慷瑩猠汥⹦灡⡰捳灯ⱥ爠捥楥敶潟彲楤捳湯敮瑣‬敳摮湟彯牥潲⥲਍†楆敬∠㩃啜敳獲瑜捥慨䅜灰慄慴䱜捯污停潲牧浡屳祐桴湯停瑹潨㍮㈱䱜扩獜瑩ⵥ慰正条獥獜慴汲瑥整浜摩汤睥牡履慢敳瀮≹‬楬敮ㄠ㤸‬湩张损污彬ൟ †眠瑩⁨潣汬灡敳敟捸牧畯獰⤨ഺ 䘠汩⁥䌢尺獕牥屳整档屡灁䑰瑡屡潌慣屬牐杯慲獭停瑹潨屮祐桴湯ㄳ尲楌屢潣瑮硥汴扩瀮≹‬楬敮ㄠ㠵‬湩张敟楸彴ൟ †猠汥⹦敧⹮桴潲⡷慶畬⥥਍†楆敬∠㩃啜敳獲瑜捥慨䅜灰慄慴䱜捯污停潲牧浡屳祐桴湯停瑹潨㍮㈱䱜扩獜瑩ⵥ慰正条獥獜慴汲瑥整彜瑵汩⹳祰Ⱒ氠湩⁥㌹‬湩挠汯慬獰彥硥杣潲灵൳ †爠楡敳攠捸਍†楆敬∠㩃啜敳獲瑜捥慨䅜灰慄慴䱜捯污停潲牧浡屳祐桴湯停瑹潨㍮㈱䱜扩獜瑩ⵥ慰正条獥獜慴汲瑥整浜摩汤睥牡履慢敳瀮≹‬楬敮ㄠㄹ‬湩张损污彬ൟ †爠獥潰獮⁥‽睡楡⁴敳晬搮獩慰捴彨畦据爨煥敵瑳‬慣汬湟硥⥴਍†††††††帠幞幞幞幞幞幞幞幞幞幞幞幞幞幞幞幞幞幞幞幞幞൞ 䘠汩⁥䌢尺獕牥屳整档屡湏䑥楲敶䑜獥瑫灯獜污獥愠⁩汰瑡牦浯扜捡敫摮慜灰浜摩汤睥牡履敳畣楲祴瀮≹‬楬敮㈠㈱‬湩搠獩慰捴൨ †爠楡敳䠠呔䕐捸灥楴湯ന昊獡慴楰攮捸灥楴湯⹳呈偔硅散瑰潩㩮㐠㤲›潔⁯慭祮爠煥敵瑳⹳䴠硡浩浵㘠‰敲畱獥獴瀠牥洠湩瑵⁥污潬敷⹤਍਍㉛㈰ⴶ㌰㈭‹〲㌺㨰㠰㜮㐹㔶崱嬠䑉㌺换摦㤳ⴷ㘹㥦㐭㐰ⴰ戹慣攭㘹攸㑥挵㈸嵡䔠剒›㈴㨹吠潯洠湡⁹敲畱獥獴‮慍楸畭⁭〶爠煥敵瑳⁳数⁲業畮整愠汬睯摥മ ⬠䔠捸灥楴湯䜠潲灵吠慲散慢正⠠潭瑳爠捥湥⁴慣汬氠獡⥴ഺ 簠†䘠汩⁥䌢尺獕牥屳整档屡灁䑰瑡屡潌慣屬牐杯慲獭停瑹潨屮祐桴湯ㄳ尲楌屢楳整瀭捡慫敧屳瑳牡敬瑴履畟楴獬瀮≹‬楬敮㠠ⰷ椠⁮潣汬灡敳敟捸牧畯獰਍†⁼††楹汥൤ 簠†䘠汩⁥䌢尺獕牥屳整档屡灁䑰瑡屡潌慣屬牐杯慲獭停瑹潨屮祐桴湯ㄳ尲楌屢楳整瀭捡慫敧屳瑳牡敬瑴履業摤敬慷敲扜獡⹥祰Ⱒ氠湩⁥㤱ⰰ椠⁮彟慣汬彟਍†⁼††獡湹⁣楷桴愠祮潩挮敲瑡彥慴歳束潲灵⤨愠⁳慴歳束潲灵ഺ 簠†䘠汩⁥䌢尺獕牥屳整档屡灁䑰瑡屡潌慣屬牐杯慲獭停瑹潨屮祐桴湯ㄳ尲楌屢楳整瀭捡慫敧屳湡楹屯扟捡敫摮屳慟祳据潩瀮≹‬楬敮㘠㠷‬湩张慟硥瑩彟਍†⁼††慲獩⁥慂敳硅散瑰潩䝮潲灵ന 簠䔠捸灥楴湯片畯㩰甠桮湡汤摥攠牲牯⁳湩愠吠獡䝫潲灵⠠‱畳ⵢ硥散瑰潩⥮਍†⴫⴫ⴭⴭⴭⴭⴭⴭⴭ‭‱ⴭⴭⴭⴭⴭⴭⴭⴭ਍††⁼牔捡扥捡⁫洨獯⁴敲散瑮挠污⁬慬瑳㨩਍††⁼†楆敬∠㩃啜敳獲瑜捥慨䅜灰慄慴䱜捯污停潲牧浡屳祐桴湯停瑹潨㍮㈱䱜扩獜瑩ⵥ慰正条獥獜慴汲瑥整浜摩汤睥牡履牥潲獲瀮≹‬楬敮ㄠ㐶‬湩张损污彬ൟ †簠††愠慷瑩猠汥⹦灡⡰捳灯ⱥ爠捥楥敶‬獟湥⥤਍††⁼†楆敬∠㩃啜敳獲瑜捥慨䅜灰慄慴䱜捯污停潲牧浡屳祐桴湯停瑹潨㍮㈱䱜扩獜瑩ⵥ慰正条獥獜慴汲瑥整浜摩汤睥牡履慢敳瀮≹‬楬敮ㄠ㤸‬湩张损污彬ൟ †簠††眠瑩⁨潣汬灡敳敟捸牧畯獰⤨ഺ †簠†䘠汩⁥䌢尺獕牥屳整档屡灁䑰瑡屡潌慣屬牐杯慲獭停瑹潨屮祐桴湯ㄳ尲楌屢潣瑮硥汴扩瀮≹‬楬敮ㄠ㠵‬湩张敟楸彴ൟ †簠††猠汥⹦敧⹮桴潲⡷慶畬⥥਍††⁼†楆敬∠㩃啜敳獲瑜捥慨䅜灰慄慴䱜捯污停潲牧浡屳祐桴湯停瑹潨㍮㈱䱜扩獜瑩ⵥ慰正条獥獜慴汲瑥整彜瑵汩⹳祰Ⱒ氠湩⁥㌹‬湩挠汯慬獰彥硥杣潲灵൳ †簠††爠楡敳攠捸਍††⁼†楆敬∠㩃啜敳獲瑜捥慨䅜灰慄慴䱜捯污停潲牧浡屳祐桴湯停瑹潨㍮㈱䱜扩獜瑩ⵥ慰正条獥獜慴汲瑥整浜摩汤睥牡履慢敳瀮≹‬楬敮ㄠㄹ‬湩张损污彬ൟ †簠††爠獥潰獮⁥‽睡楡⁴敳晬搮獩慰捴彨畦据爨煥敵瑳‬慣汬湟硥⥴਍††⁼†††††††帠幞幞幞幞幞幞幞幞幞幞幞幞幞幞幞幞幞幞幞幞幞൞ †簠†䘠汩⁥䌢尺獕牥屳整档屡湏䑥楲敶䑜獥瑫灯獜污獥愠⁩汰瑡牦浯扜捡敫摮慜灰浜摩汤睥牡履敲畱獥彴潣瑮硥⹴祰Ⱒ氠湩⁥㘵‬湩搠獩慰捴൨ †簠††爠楡敳攠਍††⁼†楆敬∠㩃啜敳獲瑜捥慨作敮牄癩履敄歳潴屰慳敬⁳楡瀠慬晴潲屭慢正湥層灡屰業摤敬慷敲牜煥敵瑳损湯整瑸瀮≹‬楬敮㔠ⰰ椠⁮楤灳瑡档਍††⁼††敲灳湯敳㴠愠慷瑩挠污彬敮瑸爨煥敵瑳ഩ †簠††††††††幞幞幞幞幞幞幞幞幞幞幞幞਍††⁼†楆敬∠㩃啜敳獲瑜捥慨䅜灰慄慴䱜捯污停潲牧浡屳祐桴湯停瑹潨㍮㈱䱜扩獜瑩ⵥ慰正条獥獜慴汲瑥整浜摩汤睥牡履慢敳瀮≹‬楬敮ㄠ㔶‬湩挠污彬敮瑸਍††⁼††慲獩⁥灡彰硥ൣ †簠†䘠汩⁥䌢尺獕牥屳整档屡灁䑰瑡屡潌慣屬牐杯慲獭停瑹潨屮祐桴湯ㄳ尲楌屢楳整瀭捡慫敧屳瑳牡敬瑴履業摤敬慷敲扜獡⹥祰Ⱒ氠湩⁥㔱ⰱ椠⁮潣潲਍††⁼††睡楡⁴敳晬愮灰猨潣数‬敲散癩彥牯摟獩潣湮捥ⱴ猠湥彤潮敟牲牯ഩ †簠†䘠汩⁥䌢尺獕牥屳整档屡灁䑰瑡屡潌慣屬牐杯慲獭停瑹潨屮祐桴湯ㄳ尲楌屢楳整瀭捡慫敧屳瑳牡敬瑴履業摤敬慷敲扜獡⹥祰Ⱒ氠湩⁥㠱ⰹ椠⁮彟慣汬彟਍††⁼††楷桴挠汯慬獰彥硥杣潲灵⡳㨩਍††⁼†楆敬∠㩃啜敳獲瑜捥慨䅜灰慄慴䱜捯污停潲牧浡屳祐桴湯停瑹潨㍮㈱䱜扩捜湯整瑸楬⹢祰Ⱒ氠湩⁥㔱ⰸ椠⁮彟硥瑩彟਍††⁼††敳晬朮湥琮牨睯瘨污敵ഩ †簠†䘠汩⁥䌢尺獕牥屳整档屡灁䑰瑡屡潌慣屬牐杯慲獭停瑹潨屮祐桴湯ㄳ尲楌屢楳整瀭捡慫敧屳瑳牡敬瑴履畟楴獬瀮≹‬楬敮㤠ⰳ椠⁮潣汬灡敳敟捸牧畯獰਍††⁼††慲獩⁥硥ൣ †簠†䘠汩⁥䌢尺獕牥屳整档屡灁䑰瑡屡潌慣屬牐杯慲獭停瑹潨屮祐桴湯ㄳ尲楌屢楳整瀭捡慫敧屳瑳牡敬瑴履業摤敬慷敲扜獡⹥祰Ⱒ氠湩⁥㤱ⰱ椠⁮彟慣汬彟਍††⁼††敲灳湯敳㴠愠慷瑩猠汥⹦楤灳瑡档晟湵⡣敲畱獥ⱴ挠污彬敮瑸ഩ †簠††††††††幞幞幞幞幞幞幞幞幞幞幞幞幞幞幞幞幞幞幞幞幞幞਍††⁼†楆敬∠㩃啜敳獲瑜捥慨作敮牄癩履敄歳潴屰慳敬⁳楡瀠慬晴潲屭慢正湥層灡屰業摤敬慷敲獜捥牵瑩⹹祰Ⱒ氠湩⁥㌲ⰲ椠⁮楤灳瑡档਍††⁼††敲灳湯敳㴠愠慷瑩挠污彬敮瑸爨煥敵瑳ഩ †簠††††††††幞幞幞幞幞幞幞幞幞幞幞幞਍††⁼†楆敬∠㩃啜敳獲瑜捥慨䅜灰慄慴䱜捯污停潲牧浡屳祐桴湯停瑹潨㍮㈱䱜扩獜瑩ⵥ慰正条獥獜慴汲瑥整浜摩汤睥牡履慢敳瀮≹‬楬敮ㄠ㔶‬湩挠污彬敮瑸਍††⁼††慲獩⁥灡彰硥ൣ †簠†䘠汩⁥䌢尺獕牥屳整档屡灁䑰瑡屡潌慣屬牐杯慲獭停瑹潨屮祐桴湯ㄳ尲楌屢楳整瀭捡慫敧屳瑳牡敬瑴履業摤敬慷敲扜獡⹥祰Ⱒ氠湩⁥㔱ⰱ椠⁮潣潲਍††⁼††睡楡⁴敳晬愮灰猨潣数‬敲散癩彥牯摟獩潣湮捥ⱴ猠湥彤潮敟牲牯ഩ †簠†䘠汩⁥䌢尺獕牥屳整档屡灁䑰瑡屡潌慣屬牐杯慲獭停瑹潨屮祐桴湯ㄳ尲楌屢楳整瀭捡慫敧屳瑳牡敬瑴履業摤敬慷敲扜獡⹥祰Ⱒ氠湩⁥㠱ⰹ椠⁮彟慣汬彟਍††⁼††楷桴挠汯慬獰彥硥杣潲灵⡳㨩਍††⁼†楆敬∠㩃啜敳獲瑜捥慨䅜灰慄慴䱜捯污停潲牧浡屳祐桴湯停瑹潨㍮㈱䱜扩捜湯整瑸楬⹢祰Ⱒ氠湩⁥㔱ⰸ椠⁮彟硥瑩彟਍††⁼††敳晬朮湥琮牨睯瘨污敵ഩ †簠†䘠汩⁥䌢尺獕牥屳整档屡灁䑰瑡屡潌慣屬牐杯慲獭停瑹潨屮祐桴湯ㄳ尲楌屢楳整瀭捡慫敧屳瑳牡敬瑴履畟楴獬瀮≹‬楬敮㤠ⰳ椠⁮潣汬灡敳敟捸牧畯獰਍††⁼††慲獩⁥硥ൣ †簠†䘠汩⁥䌢尺獕牥屳整档屡灁䑰瑡屡潌慣屬牐杯慲獭停瑹潨屮祐桴湯ㄳ尲楌屢楳整瀭捡慫敧屳瑳牡敬瑴履業摤敬慷敲扜獡⹥祰Ⱒ氠湩⁥㤱ⰱ椠⁮彟慣汬彟਍††⁼††敲灳湯敳㴠愠慷瑩猠汥⹦楤灳瑡档晟湵⡣敲畱獥ⱴ挠污彬敮瑸ഩ †簠††††††††幞幞幞幞幞幞幞幞幞幞幞幞幞幞幞幞幞幞幞幞幞幞਍††⁼†楆敬∠㩃啜敳獲瑜捥慨作敮牄癩履敄歳潴屰慳敬⁳楡瀠慬晴潲屭慢正湥層灡屰業摤敬慷敲獜捥牵瑩⹹祰Ⱒ氠湩⁥ㄲⰲ椠⁮楤灳瑡档਍††⁼††慲獩⁥呈偔硅散瑰潩⡮਍††⁼慦瑳灡⹩硥散瑰潩獮䠮呔䕐捸灥楴湯›㈴㨹吠潯洠湡⁹敲畱獥獴‮慍楸畭⁭〶爠煥敵瑳⁳数⁲業畮整愠汬睯摥മ †⬠ⴭⴭⴭⴭⴭⴭⴭⴭⴭⴭⴭⴭⴭⴭⴭⴭⴭⴭ਍਍畄楲杮栠湡汤湩⁧景琠敨愠潢敶攠捸灥楴湯‬湡瑯敨⁲硥散瑰潩⁮捯畣牲摥ഺഊ吊慲散慢正⠠潭瑳爠捥湥⁴慣汬氠獡⥴ഺ 䘠汩⁥䌢尺獕牥屳整档屡灁䑰瑡屡潌慣屬牐杯慲獭停瑹潨屮祐桴湯ㄳ尲楌屢楳整瀭捡慫敧屳瑳牡敬瑴履業摤敬慷敲敜牲牯⹳祰Ⱒ氠湩⁥㘱ⰴ椠⁮彟慣汬彟਍††睡楡⁴敳晬愮灰猨潣数‬敲散癩ⱥ张敳摮ഩ 䘠汩⁥䌢尺獕牥屳整档屡灁䑰瑡屡潌慣屬牐杯慲獭停瑹潨屮祐桴湯ㄳ尲楌屢楳整瀭捡慫敧屳瑳牡敬瑴履業摤敬慷敲扜獡⹥祰Ⱒ氠湩⁥㠱ⰹ椠⁮彟慣汬彟਍††楷桴挠汯慬獰彥硥杣潲灵⡳㨩਍†楆敬∠㩃啜敳獲瑜捥慨䅜灰慄慴䱜捯污停潲牧浡屳祐桴湯停瑹潨㍮㈱䱜扩捜湯整瑸楬⹢祰Ⱒ氠湩⁥㔱ⰸ椠⁮彟硥瑩彟਍††敳晬朮湥琮牨睯瘨污敵ഩ 䘠汩⁥䌢尺獕牥屳整档屡灁䑰瑡屡潌慣屬牐杯慲獭停瑹潨屮祐桴湯ㄳ尲楌屢楳整瀭捡慫敧屳瑳牡敬瑴履畟楴獬瀮≹‬楬敮㤠ⰳ椠⁮潣汬灡敳敟捸牧畯獰਍††慲獩⁥硥ൣ 䘠汩⁥䌢尺獕牥屳整档屡灁䑰瑡屡潌慣屬牐杯慲獭停瑹潨屮祐桴湯ㄳ尲楌屢楳整瀭捡慫敧屳瑳牡敬瑴履業摤敬慷敲扜獡⹥祰Ⱒ氠湩⁥㤱ⰱ椠⁮彟慣汬彟਍††敲灳湯敳㴠愠慷瑩猠汥⹦楤灳瑡档晟湵⡣敲畱獥ⱴ挠污彬敮瑸ഩ †††††††幞幞幞幞幞幞幞幞幞幞幞幞幞幞幞幞幞幞幞幞幞幞਍†楆敬∠㩃啜敳獲瑜捥慨作敮牄癩履敄歳潴屰慳敬⁳楡瀠慬晴潲屭慢正湥層灡屰業摤敬慷敲牜煥敵瑳损湯整瑸瀮≹‬楬敮㔠ⰶ椠⁮楤灳瑡档਍††慲獩⁥൥ 䘠汩⁥䌢尺獕牥屳整档屡湏䑥楲敶䑜獥瑫灯獜污獥愠⁩汰瑡牦浯扜捡敫摮慜灰浜摩汤睥牡履敲畱獥彴潣瑮硥⹴祰Ⱒ氠湩⁥〵‬湩搠獩慰捴൨ †爠獥潰獮⁥‽睡楡⁴慣汬湟硥⡴敲畱獥⥴਍†††††††帠幞幞幞幞幞幞幞幞幞幞幞൞ 䘠汩⁥䌢尺獕牥屳整档屡灁䑰瑡屡潌慣屬牐杯慲獭停瑹潨屮祐桴湯ㄳ尲楌屢楳整瀭捡慫敧屳瑳牡敬瑴履業摤敬慷敲扜獡⹥祰Ⱒ氠湩⁥㘱ⰵ椠⁮慣汬湟硥൴ †爠楡敳愠灰敟捸਍†楆敬∠㩃啜敳獲瑜捥慨䅜灰慄慴䱜捯污停潲牧浡屳祐桴湯停瑹潨㍮㈱䱜扩獜瑩ⵥ慰正条獥獜慴汲瑥整浜摩汤睥牡履慢敳瀮≹‬楬敮ㄠㄵ‬湩挠牯൯ †愠慷瑩猠汥⹦灡⡰捳灯ⱥ爠捥楥敶潟彲楤捳湯敮瑣‬敳摮湟彯牥潲⥲਍†楆敬∠㩃啜敳獲瑜捥慨䅜灰慄慴䱜捯污停潲牧浡屳祐桴湯停瑹潨㍮㈱䱜扩獜瑩ⵥ慰正条獥獜慴汲瑥整浜摩汤睥牡履慢敳瀮≹‬楬敮ㄠ㤸‬湩张损污彬ൟ †眠瑩⁨潣汬灡敳敟捸牧畯獰⤨ഺ 䘠汩⁥䌢尺獕牥屳整档屡灁䑰瑡屡潌慣屬牐杯慲獭停瑹潨屮祐桴湯ㄳ尲楌屢潣瑮硥汴扩瀮≹‬楬敮ㄠ㠵‬湩张敟楸彴ൟ †猠汥⹦敧⹮桴潲⡷慶畬⥥਍†楆敬∠㩃啜敳獲瑜捥慨䅜灰慄慴䱜捯污停潲牧浡屳祐桴湯停瑹潨㍮㈱䱜扩獜瑩ⵥ慰正条獥獜慴汲瑥整彜瑵汩⹳祰Ⱒ氠湩⁥㌹‬湩挠汯慬獰彥硥杣潲灵൳ †爠楡敳攠捸਍†楆敬∠㩃啜敳獲瑜捥慨䅜灰慄慴䱜捯污停潲牧浡屳祐桴湯停瑹潨㍮㈱䱜扩獜瑩ⵥ慰正条獥獜慴汲瑥整浜摩汤睥牡履慢敳瀮≹‬楬敮ㄠㄹ‬湩张损污彬ൟ †爠獥潰獮⁥‽睡楡⁴敳晬搮獩慰捴彨畦据爨煥敵瑳‬慣汬湟硥⥴਍†††††††帠幞幞幞幞幞幞幞幞幞幞幞幞幞幞幞幞幞幞幞幞幞൞ 䘠汩⁥䌢尺獕牥屳整档屡湏䑥楲敶䑜獥瑫灯獜污獥愠⁩汰瑡牦浯扜捡敫摮慜灰浜摩汤睥牡履敳畣楲祴瀮≹‬楬敮㈠㈳‬湩搠獩慰捴൨ †爠獥潰獮⁥‽睡楡⁴慣汬湟硥⡴敲畱獥⥴਍†††††††帠幞幞幞幞幞幞幞幞幞幞幞൞ 䘠汩⁥䌢尺獕牥屳整档屡灁䑰瑡屡潌慣屬牐杯慲獭停瑹潨屮祐桴湯ㄳ尲楌屢楳整瀭捡慫敧屳瑳牡敬瑴履業摤敬慷敲扜獡⹥祰Ⱒ氠湩⁥㘱ⰵ椠⁮慣汬湟硥൴ †爠楡敳愠灰敟捸਍†楆敬∠㩃啜敳獲瑜捥慨䅜灰慄慴䱜捯污停潲牧浡屳祐桴湯停瑹潨㍮㈱䱜扩獜瑩ⵥ慰正条獥獜慴汲瑥整浜摩汤睥牡履慢敳瀮≹‬楬敮ㄠㄵ‬湩挠牯൯ †愠慷瑩猠汥⹦灡⡰捳灯ⱥ爠捥楥敶潟彲楤捳湯敮瑣‬敳摮湟彯牥潲⥲਍†楆敬∠㩃啜敳獲瑜捥慨䅜灰慄慴䱜捯污停潲牧浡屳祐桴湯停瑹潨㍮㈱䱜扩獜瑩ⵥ慰正条獥獜慴汲瑥整浜摩汤睥牡履慢敳瀮≹‬楬敮ㄠ㤸‬湩张损污彬ൟ †眠瑩⁨潣汬灡敳敟捸牧畯獰⤨ഺ 䘠汩⁥䌢尺獕牥屳整档屡灁䑰瑡屡潌慣屬牐杯慲獭停瑹潨屮祐桴湯ㄳ尲楌屢潣瑮硥汴扩瀮≹‬楬敮ㄠ㠵‬湩张敟楸彴ൟ †猠汥⹦敧⹮桴潲⡷慶畬⥥਍†楆敬∠㩃啜敳獲瑜捥慨䅜灰慄慴䱜捯污停潲牧浡屳祐桴湯停瑹潨㍮㈱䱜扩獜瑩ⵥ慰正条獥獜慴汲瑥整彜瑵汩⹳祰Ⱒ氠湩⁥㌹‬湩挠汯慬獰彥硥杣潲灵൳ †爠楡敳攠捸਍†楆敬∠㩃啜敳獲瑜捥慨䅜灰慄慴䱜捯污停潲牧浡屳祐桴湯停瑹潨㍮㈱䱜扩獜瑩ⵥ慰正条獥獜慴汲瑥整浜摩汤睥牡履慢敳瀮≹‬楬敮ㄠㄹ‬湩张损污彬ൟ †爠獥潰獮⁥‽睡楡⁴敳晬搮獩慰捴彨畦据爨煥敵瑳‬慣汬湟硥⥴਍†††††††帠幞幞幞幞幞幞幞幞幞幞幞幞幞幞幞幞幞幞幞幞幞൞ 䘠汩⁥䌢尺獕牥屳整档屡湏䑥楲敶䑜獥瑫灯獜污獥愠⁩汰瑡牦浯扜捡敫摮慜灰浜摩汤睥牡履敳畣楲祴瀮≹‬楬敮㈠㈱‬湩搠獩慰捴൨ †爠楡敳䠠呔䕐捸灥楴湯ന昊獡慴楰攮捸灥楴湯⹳呈偔硅散瑰潩㩮㐠㤲›潔⁯慭祮爠煥敵瑳⹳䴠硡浩浵㘠‰敲畱獥獴瀠牥洠湩瑵⁥污潬敷⹤਍਍㉛㈰ⴶ㌰㈭‹〲㌺㨰㠰㠮㜳〸崱嬠䑉㘺㙥搱㤷ⴹ㜳〷㐭攳ⴹ慡㘰㌭㔳〵㉤㈰㍤崲䔠剒›㈴㨹吠潯洠湡⁹敲畱獥獴‮慍楸畭⁭〶爠煥敵瑳⁳数⁲業畮整愠汬睯摥മ ⬠䔠捸灥楴湯䜠潲灵吠慲散慢正⠠潭瑳爠捥湥⁴慣汬氠獡⥴ഺ 簠†䘠汩⁥䌢尺獕牥屳整档屡灁䑰瑡屡潌慣屬牐杯慲獭停瑹潨屮祐桴湯ㄳ尲楌屢楳整瀭捡慫敧屳瑳牡敬瑴履畟楴獬瀮≹‬楬敮㠠ⰷ椠⁮潣汬灡敳敟捸牧畯獰਍†⁼††楹汥൤ 簠†䘠汩⁥䌢尺獕牥屳整档屡灁䑰瑡屡潌慣屬牐杯慲獭停瑹潨屮祐桴湯ㄳ尲楌屢楳整瀭捡慫敧屳瑳牡敬瑴履業摤敬慷敲扜獡⹥祰Ⱒ氠湩⁥㤱ⰰ椠⁮彟慣汬彟਍†⁼††獡湹⁣楷桴愠祮潩挮敲瑡彥慴歳束潲灵⤨愠⁳慴歳束潲灵ഺ 簠†䘠汩⁥䌢尺獕牥屳整档屡灁䑰瑡屡潌慣屬牐杯慲獭停瑹潨屮祐桴湯ㄳ尲楌屢楳整瀭捡慫敧屳湡楹屯扟捡敫摮屳慟祳据潩瀮≹‬楬敮㘠㠷‬湩张慟硥瑩彟਍†⁼††慲獩⁥慂敳硅散瑰潩䝮潲灵ന 簠䔠捸灥楴湯片畯㩰甠桮湡汤摥攠牲牯⁳湩愠吠獡䝫潲灵⠠‱畳ⵢ硥散瑰潩⥮਍†⴫⴫ⴭⴭⴭⴭⴭⴭⴭ‭‱ⴭⴭⴭⴭⴭⴭⴭⴭ਍††⁼牔捡扥捡⁫洨獯⁴敲散瑮挠污⁬慬瑳㨩਍††⁼†楆敬∠㩃啜敳獲瑜捥慨䅜灰慄慴䱜捯污停潲牧浡屳祐桴湯停瑹潨㍮㈱䱜扩獜瑩ⵥ慰正条獥獜慴汲瑥整浜摩汤睥牡履牥潲獲瀮≹‬楬敮ㄠ㐶‬湩张损污彬ൟ †簠††愠慷瑩猠汥⹦灡⡰捳灯ⱥ爠捥楥敶‬獟湥⥤਍††⁼†楆敬∠㩃啜敳獲瑜捥慨䅜灰慄慴䱜捯污停潲牧浡屳祐桴湯停瑹潨㍮㈱䱜扩獜瑩ⵥ慰正条獥獜慴汲瑥整浜摩汤睥牡履慢敳瀮≹‬楬敮ㄠ㤸‬湩张损污彬ൟ †簠††眠瑩⁨潣汬灡敳敟捸牧畯獰⤨ഺ †簠†䘠汩⁥䌢尺獕牥屳整档屡灁䑰瑡屡潌慣屬牐杯慲獭停瑹潨屮祐桴湯ㄳ尲楌屢潣瑮硥汴扩瀮≹‬楬敮ㄠ㠵‬湩张敟楸彴ൟ †簠††猠汥⹦敧⹮桴潲⡷慶畬⥥਍††⁼†楆敬∠㩃啜敳獲瑜捥慨䅜灰慄慴䱜捯污停潲牧浡屳祐桴湯停瑹潨㍮㈱䱜扩獜瑩ⵥ慰正条獥獜慴汲瑥整彜瑵汩⹳祰Ⱒ氠湩⁥㌹‬湩挠汯慬獰彥硥杣潲灵൳ †簠††爠楡敳攠捸਍††⁼†楆敬∠㩃啜敳獲瑜捥慨䅜灰慄慴䱜捯污停潲牧浡屳祐桴湯停瑹潨㍮㈱䱜扩獜瑩ⵥ慰正条獥獜慴汲瑥整浜摩汤睥牡履慢敳瀮≹‬楬敮ㄠㄹ‬湩张损污彬ൟ †簠††爠獥潰獮⁥‽睡楡⁴敳晬搮獩慰捴彨畦据爨煥敵瑳‬慣汬湟硥⥴਍††⁼†††††††帠幞幞幞幞幞幞幞幞幞幞幞幞幞幞幞幞幞幞幞幞幞൞ †簠†䘠汩⁥䌢尺獕牥屳整档屡湏䑥楲敶䑜獥瑫灯獜污獥愠⁩汰瑡牦浯扜捡敫摮慜灰浜摩汤睥牡履敲畱獥彴潣瑮硥⹴祰Ⱒ氠湩⁥㘵‬湩搠獩慰捴൨ †簠††爠楡敳攠਍††⁼†楆敬∠㩃啜敳獲瑜捥慨作敮牄癩履敄歳潴屰慳敬⁳楡瀠慬晴潲屭慢正湥層灡屰業摤敬慷敲牜煥敵瑳损湯整瑸瀮≹‬楬敮㔠ⰰ椠⁮楤灳瑡档਍††⁼††敲灳湯敳㴠愠慷瑩挠污彬敮瑸爨煥敵瑳ഩ †簠††††††††幞幞幞幞幞幞幞幞幞幞幞幞਍††⁼†楆敬∠㩃啜敳獲瑜捥慨䅜灰慄慴䱜捯污停潲牧浡屳祐桴湯停瑹潨㍮㈱䱜扩獜瑩ⵥ慰正条獥獜慴汲瑥整浜摩汤睥牡履慢敳瀮≹‬楬敮ㄠ㔶‬湩挠污彬敮瑸਍††⁼††慲獩⁥灡彰硥ൣ †簠†䘠汩⁥䌢尺獕牥屳整档屡灁䑰瑡屡潌慣屬牐杯慲獭停瑹潨屮祐桴湯ㄳ尲楌屢楳整瀭捡慫敧屳瑳牡敬瑴履業摤敬慷敲扜獡⹥祰Ⱒ氠湩⁥㔱ⰱ椠⁮潣潲਍††⁼††睡楡⁴敳晬愮灰猨潣数‬敲散癩彥牯摟獩潣湮捥ⱴ猠湥彤潮敟牲牯ഩ †簠†䘠汩⁥䌢尺獕牥屳整档屡灁䑰瑡屡潌慣屬牐杯慲獭停瑹潨屮祐桴湯ㄳ尲楌屢楳整瀭捡慫敧屳瑳牡敬瑴履業摤敬慷敲扜獡⹥祰Ⱒ氠湩⁥㠱ⰹ椠⁮彟慣汬彟਍††⁼††楷桴挠汯慬獰彥硥杣潲灵⡳㨩਍††⁼†楆敬∠㩃啜敳獲瑜捥慨䅜灰慄慴䱜捯污停潲牧浡屳祐桴湯停瑹潨㍮㈱䱜扩捜湯整瑸楬⹢祰Ⱒ氠湩⁥㔱ⰸ椠⁮彟硥瑩彟਍††⁼††敳晬朮湥琮牨睯瘨污敵ഩ †簠†䘠汩⁥䌢尺獕牥屳整档屡灁䑰瑡屡潌慣屬牐杯慲獭停瑹潨屮祐桴湯ㄳ尲楌屢楳整瀭捡慫敧屳瑳牡敬瑴履畟楴獬瀮≹‬楬敮㤠ⰳ椠⁮潣汬灡敳敟捸牧畯獰਍††⁼††慲獩⁥硥ൣ †簠†䘠汩⁥䌢尺獕牥屳整档屡灁䑰瑡屡潌慣屬牐杯慲獭停瑹潨屮祐桴湯ㄳ尲楌屢楳整瀭捡慫敧屳瑳牡敬瑴履業摤敬慷敲扜獡⹥祰Ⱒ氠湩⁥㤱ⰱ椠⁮彟慣汬彟਍††⁼††敲灳湯敳㴠愠慷瑩猠汥⹦楤灳瑡档晟湵⡣敲畱獥ⱴ挠污彬敮瑸ഩ †簠††††††††幞幞幞幞幞幞幞幞幞幞幞幞幞幞幞幞幞幞幞幞幞幞਍††⁼†楆敬∠㩃啜敳獲瑜捥慨作敮牄癩履敄歳潴屰慳敬⁳楡瀠慬晴潲屭慢正湥層灡屰業摤敬慷敲獜捥牵瑩⹹祰Ⱒ氠湩⁥㌲ⰲ椠⁮楤灳瑡档਍††⁼††敲灳湯敳㴠愠慷瑩挠污彬敮瑸爨煥敵瑳ഩ †簠††††††††幞幞幞幞幞幞幞幞幞幞幞幞਍††⁼†楆敬∠㩃啜敳獲瑜捥慨䅜灰慄慴䱜捯污停潲牧浡屳祐桴湯停瑹潨㍮㈱䱜扩獜瑩ⵥ慰正条獥獜慴汲瑥整浜摩汤睥牡履慢敳瀮≹‬楬敮ㄠ㔶‬湩挠污彬敮瑸਍††⁼††慲獩⁥灡彰硥ൣ †簠†䘠汩⁥䌢尺獕牥屳整档屡灁䑰瑡屡潌慣屬牐杯慲獭停瑹潨屮祐桴湯ㄳ尲楌屢楳整瀭捡慫敧屳瑳牡敬瑴履業摤敬慷敲扜獡⹥祰Ⱒ氠湩⁥㔱ⰱ椠⁮潣潲਍††⁼††睡楡⁴敳晬愮灰猨潣数‬敲散癩彥牯摟獩潣湮捥ⱴ猠湥彤潮敟牲牯ഩ †簠†䘠汩⁥䌢尺獕牥屳整档屡灁䑰瑡屡潌慣屬牐杯慲獭停瑹潨屮祐桴湯ㄳ尲楌屢楳整瀭捡慫敧屳瑳牡敬瑴履業摤敬慷敲扜獡⹥祰Ⱒ氠湩⁥㠱ⰹ椠⁮彟慣汬彟਍††⁼††楷桴挠汯慬獰彥硥杣潲灵⡳㨩਍††⁼†楆敬∠㩃啜敳獲瑜捥慨䅜灰慄慴䱜捯污停潲牧浡屳祐桴湯停瑹潨㍮㈱䱜扩捜湯整瑸楬⹢祰Ⱒ氠湩⁥㔱ⰸ椠⁮彟硥瑩彟਍††⁼††敳晬朮湥琮牨睯瘨污敵ഩ †簠†䘠汩⁥䌢尺獕牥屳整档屡灁䑰瑡屡潌慣屬牐杯慲獭停瑹潨屮祐桴湯ㄳ尲楌屢楳整瀭捡慫敧屳瑳牡敬瑴履畟楴獬瀮≹‬楬敮㤠ⰳ椠⁮潣汬灡敳敟捸牧畯獰਍††⁼††慲獩⁥硥ൣ †簠†䘠汩⁥䌢尺獕牥屳整档屡灁䑰瑡屡潌慣屬牐杯慲獭停瑹潨屮祐桴湯ㄳ尲楌屢楳整瀭捡慫敧屳瑳牡敬瑴履業摤敬慷敲扜獡⹥祰Ⱒ氠湩⁥㤱ⰱ椠⁮彟慣汬彟਍††⁼††敲灳湯敳㴠愠慷瑩猠汥⹦楤灳瑡档晟湵⡣敲畱獥ⱴ挠污彬敮瑸ഩ †簠††††††††幞幞幞幞幞幞幞幞幞幞幞幞幞幞幞幞幞幞幞幞幞幞਍††⁼†楆敬∠㩃啜敳獲瑜捥慨作敮牄癩履敄歳潴屰慳敬⁳楡瀠慬晴潲屭慢正湥層灡屰業摤敬慷敲獜捥牵瑩⹹祰Ⱒ氠湩⁥ㄲⰲ椠⁮楤灳瑡档਍††⁼††慲獩⁥呈偔硅散瑰潩⡮਍††⁼慦瑳灡⹩硥散瑰潩獮䠮呔䕐捸灥楴湯›㈴㨹吠潯洠湡⁹敲畱獥獴‮慍楸畭⁭〶爠煥敵瑳⁳数⁲業畮整愠汬睯摥മ †⬠ⴭⴭⴭⴭⴭⴭⴭⴭⴭⴭⴭⴭⴭⴭⴭⴭⴭⴭ਍਍畄楲杮栠湡汤湩⁧景琠敨愠潢敶攠捸灥楴湯‬湡瑯敨⁲硥散瑰潩⁮捯畣牲摥ഺഊ吊慲散慢正⠠潭瑳爠捥湥⁴慣汬氠獡⥴ഺ 䘠汩⁥䌢尺獕牥屳整档屡灁䑰瑡屡潌慣屬牐杯慲獭停瑹潨屮祐桴湯ㄳ尲楌屢楳整瀭捡慫敧屳瑳牡敬瑴履業摤敬慷敲敜牲牯⹳祰Ⱒ氠湩⁥㘱ⰴ椠⁮彟慣汬彟਍††睡楡⁴敳晬愮灰猨潣数‬敲散癩ⱥ张敳摮ഩ 䘠汩⁥䌢尺獕牥屳整档屡灁䑰瑡屡潌慣屬牐杯慲獭停瑹潨屮祐桴湯ㄳ尲楌屢楳整瀭捡慫敧屳瑳牡敬瑴履業摤敬慷敲扜獡⹥祰Ⱒ氠湩⁥㠱ⰹ椠⁮彟慣汬彟਍††楷桴挠汯慬獰彥硥杣潲灵⡳㨩਍†楆敬∠㩃啜敳獲瑜捥慨䅜灰慄慴䱜捯污停潲牧浡屳祐桴湯停瑹潨㍮㈱䱜扩捜湯整瑸楬⹢祰Ⱒ氠湩⁥㔱ⰸ椠⁮彟硥瑩彟਍††敳晬朮湥琮牨睯瘨污敵ഩ 䘠汩⁥䌢尺獕牥屳整档屡灁䑰瑡屡潌慣屬牐杯慲獭停瑹潨屮祐桴湯ㄳ尲楌屢楳整瀭捡慫敧屳瑳牡敬瑴履畟楴獬瀮≹‬楬敮㤠ⰳ椠⁮潣汬灡敳敟捸牧畯獰਍††慲獩⁥硥ൣ 䘠汩⁥䌢尺獕牥屳整档屡灁䑰瑡屡潌慣屬牐杯慲獭停瑹潨屮祐桴湯ㄳ尲楌屢楳整瀭捡慫敧屳瑳牡敬瑴履業摤敬慷敲扜獡⹥祰Ⱒ氠湩⁥㤱ⰱ椠⁮彟慣汬彟਍††敲灳湯敳㴠愠慷瑩猠汥⹦楤灳瑡档晟湵⡣敲畱獥ⱴ挠污彬敮瑸ഩ †††††††幞幞幞幞幞幞幞幞幞幞幞幞幞幞幞幞幞幞幞幞幞幞਍†楆敬∠㩃啜敳獲瑜捥慨作敮牄癩履敄歳潴屰慳敬⁳楡瀠慬晴潲屭慢正湥層灡屰業摤敬慷敲牜煥敵瑳损湯整瑸瀮≹‬楬敮㔠ⰶ椠⁮楤灳瑡档਍††慲獩⁥൥ 䘠汩⁥䌢尺獕牥屳整档屡湏䑥楲敶䑜獥瑫灯獜污獥愠⁩汰瑡牦浯扜捡敫摮慜灰浜摩汤睥牡履敲畱獥彴潣瑮硥⹴祰Ⱒ氠湩⁥〵‬湩搠獩慰捴൨ †爠獥潰獮⁥‽睡楡⁴慣汬湟硥⡴敲畱獥⥴਍†††††††帠幞幞幞幞幞幞幞幞幞幞幞൞ 䘠汩⁥䌢尺獕牥屳整档屡灁䑰瑡屡潌慣屬牐杯慲獭停瑹潨屮祐桴湯ㄳ尲楌屢楳整瀭捡慫敧屳瑳牡敬瑴履業摤敬慷敲扜獡⹥祰Ⱒ氠湩⁥㘱ⰵ椠⁮慣汬湟硥൴ †爠楡敳愠灰敟捸਍†楆敬∠㩃啜敳獲瑜捥慨䅜灰慄慴䱜捯污停潲牧浡屳祐桴湯停瑹潨㍮㈱䱜扩獜瑩ⵥ慰正条獥獜慴汲瑥整浜摩汤睥牡履慢敳瀮≹‬楬敮ㄠㄵ‬湩挠牯൯ †愠慷瑩猠汥⹦灡⡰捳灯ⱥ爠捥楥敶潟彲楤捳湯敮瑣‬敳摮湟彯牥潲⥲਍†楆敬∠㩃啜敳獲瑜捥慨䅜灰慄慴䱜捯污停潲牧浡屳祐桴湯停瑹潨㍮㈱䱜扩獜瑩ⵥ慰正条獥獜慴汲瑥整浜摩汤睥牡履慢敳瀮≹‬楬敮ㄠ㤸‬湩张损污彬ൟ †眠瑩⁨潣汬灡敳敟捸牧畯獰⤨ഺ 䘠汩⁥䌢尺獕牥屳整档屡灁䑰瑡屡潌慣屬牐杯慲獭停瑹潨屮祐桴湯ㄳ尲楌屢潣瑮硥汴扩瀮≹‬楬敮ㄠ㠵‬湩张敟楸彴ൟ †猠汥⹦敧⹮桴潲⡷慶畬⥥਍†楆敬∠㩃啜敳獲瑜捥慨䅜灰慄慴䱜捯污停潲牧浡屳祐桴湯停瑹潨㍮㈱䱜扩獜瑩ⵥ慰正条獥獜慴汲瑥整彜瑵汩⹳祰Ⱒ氠湩⁥㌹‬湩挠汯慬獰彥硥杣潲灵൳ †爠楡敳攠捸਍†楆敬∠㩃啜敳獲瑜捥慨䅜灰慄慴䱜捯污停潲牧浡屳祐桴湯停瑹潨㍮㈱䱜扩獜瑩ⵥ慰正条獥獜慴汲瑥整浜摩汤睥牡履慢敳瀮≹‬楬敮ㄠㄹ‬湩张损污彬ൟ †爠獥潰獮⁥‽睡楡⁴敳晬搮獩慰捴彨畦据爨煥敵瑳‬慣汬湟硥⥴਍†††††††帠幞幞幞幞幞幞幞幞幞幞幞幞幞幞幞幞幞幞幞幞幞൞ 䘠汩⁥䌢尺獕牥屳整档屡湏䑥楲敶䑜獥瑫灯獜污獥愠⁩汰瑡牦浯扜捡敫摮慜灰浜摩汤睥牡履敳畣楲祴瀮≹‬楬敮㈠㈳‬湩搠獩慰捴൨ †爠獥潰獮⁥‽睡楡⁴慣汬湟硥⡴敲畱獥⥴਍†††††††帠幞幞幞幞幞幞幞幞幞幞幞൞ 䘠汩⁥䌢尺獕牥屳整档屡灁䑰瑡屡潌慣屬牐杯慲獭停瑹潨屮祐桴湯ㄳ尲楌屢楳整瀭捡慫敧屳瑳牡敬瑴履業摤敬慷敲扜獡⹥祰Ⱒ氠湩⁥㘱ⰵ椠⁮慣汬湟硥൴ †爠楡敳愠灰敟捸਍†楆敬∠㩃啜敳獲瑜捥慨䅜灰慄慴䱜捯污停潲牧浡屳祐桴湯停瑹潨㍮㈱䱜扩獜瑩ⵥ慰正条獥獜慴汲瑥整浜摩汤睥牡履慢敳瀮≹‬楬敮ㄠㄵ‬湩挠牯൯ †愠慷瑩猠汥⹦灡⡰捳灯ⱥ爠捥楥敶潟彲楤捳湯敮瑣‬敳摮湟彯牥潲⥲਍†楆敬∠㩃啜敳獲瑜捥慨䅜灰慄慴䱜捯污停潲牧浡屳祐桴湯停瑹潨㍮㈱䱜扩獜瑩ⵥ慰正条獥獜慴汲瑥整浜摩汤睥牡履慢敳瀮≹‬楬敮ㄠ㤸‬湩张损污彬ൟ †眠瑩⁨潣汬灡敳敟捸牧畯獰⤨ഺ 䘠汩⁥䌢尺獕牥屳整档屡灁䑰瑡屡潌慣屬牐杯慲獭停瑹潨屮祐桴湯ㄳ尲楌屢潣瑮硥汴扩瀮≹‬楬敮ㄠ㠵‬湩张敟楸彴ൟ †猠汥⹦敧⹮桴潲⡷慶畬⥥਍†楆敬∠㩃啜敳獲瑜捥慨䅜灰慄慴䱜捯污停潲牧浡屳祐桴湯停瑹潨㍮㈱䱜扩獜瑩ⵥ慰正条獥獜慴汲瑥整彜瑵汩⹳祰Ⱒ氠湩⁥㌹‬湩挠汯慬獰彥硥杣潲灵൳ †爠楡敳攠捸਍†楆敬∠㩃啜敳獲瑜捥慨䅜灰慄慴䱜捯污停潲牧浡屳祐桴湯停瑹潨㍮㈱䱜扩獜瑩ⵥ慰正条獥獜慴汲瑥整浜摩汤睥牡履慢敳瀮≹‬楬敮ㄠㄹ‬湩张损污彬ൟ †爠獥潰獮⁥‽睡楡⁴敳晬搮獩慰捴彨畦据爨煥敵瑳‬慣汬湟硥⥴਍†††††††帠幞幞幞幞幞幞幞幞幞幞幞幞幞幞幞幞幞幞幞幞幞൞ 䘠汩⁥䌢尺獕牥屳整档屡湏䑥楲敶䑜獥瑫灯獜污獥愠⁩汰瑡牦浯扜捡敫摮慜灰浜摩汤睥牡履敳畣楲祴瀮≹‬楬敮㈠㈱‬湩搠獩慰捴൨ †爠楡敳䠠呔䕐捸灥楴湯ന昊獡慴楰攮捸灥楴湯⹳呈偔硅散瑰潩㩮㐠㤲›潔⁯慭祮爠煥敵瑳⹳䴠硡浩浵㘠‰敲畱獥獴瀠牥洠湩瑵⁥污潬敷⹤਍਍㉛㈰ⴶ㌰㈭‹〲㌺㨰㠰㠮〵〸崴嬠䑉携慡戲㉢ⴹ㈷㑤㐭㙤ⴶ㐹㥥ㄭ㉢㝡㔲㈸㕥崷䔠剒›㈴㨹吠潯洠湡⁹敲畱獥獴‮慍楸畭⁭〶爠煥敵瑳⁳数⁲業畮整愠汬睯摥മ ⬠䔠捸灥楴湯䜠潲灵吠慲散慢正⠠潭瑳爠捥湥⁴慣汬氠獡⥴ഺ 簠†䘠汩⁥䌢尺獕牥屳整档屡灁䑰瑡屡潌慣屬牐杯慲獭停瑹潨屮祐桴湯ㄳ尲楌屢楳整瀭捡慫敧屳瑳牡敬瑴履畟楴獬瀮≹‬楬敮㠠ⰷ椠⁮潣汬灡敳敟捸牧畯獰਍†⁼††楹汥൤ 簠†䘠汩⁥䌢尺獕牥屳整档屡灁䑰瑡屡潌慣屬牐杯慲獭停瑹潨屮祐桴湯ㄳ尲楌屢楳整瀭捡慫敧屳瑳牡敬瑴履業摤敬慷敲扜獡⹥祰Ⱒ氠湩⁥㤱ⰰ椠⁮彟慣汬彟਍†⁼††獡湹⁣楷桴愠祮潩挮敲瑡彥慴歳束潲灵⤨愠⁳慴歳束潲灵ഺ 簠†䘠汩⁥䌢尺獕牥屳整档屡灁䑰瑡屡潌慣屬牐杯慲獭停瑹潨屮祐桴湯ㄳ尲楌屢楳整瀭捡慫敧屳湡楹屯扟捡敫摮屳慟祳据潩瀮≹‬楬敮㘠㠷‬湩张慟硥瑩彟਍†⁼††慲獩⁥慂敳硅散瑰潩䝮潲灵ന 簠䔠捸灥楴湯片畯㩰甠桮湡汤摥攠牲牯⁳湩愠吠獡䝫潲灵⠠‱畳ⵢ硥散瑰潩⥮਍†⴫⴫ⴭⴭⴭⴭⴭⴭⴭ‭‱ⴭⴭⴭⴭⴭⴭⴭⴭ਍††⁼牔捡扥捡⁫洨獯⁴敲散瑮挠污⁬慬瑳㨩਍††⁼†楆敬∠㩃啜敳獲瑜捥慨䅜灰慄慴䱜捯污停潲牧浡屳祐桴湯停瑹潨㍮㈱䱜扩獜瑩ⵥ慰正条獥獜慴汲瑥整浜摩汤睥牡履牥潲獲瀮≹‬楬敮ㄠ㐶‬湩张损污彬ൟ †簠††愠慷瑩猠汥⹦灡⡰捳灯ⱥ爠捥楥敶‬獟湥⥤਍††⁼†楆敬∠㩃啜敳獲瑜捥慨䅜灰慄慴䱜捯污停潲牧浡屳祐桴湯停瑹潨㍮㈱䱜扩獜瑩ⵥ慰正条獥獜慴汲瑥整浜摩汤睥牡履慢敳瀮≹‬楬敮ㄠ㤸‬湩张损污彬ൟ †簠††眠瑩⁨潣汬灡敳敟捸牧畯獰⤨ഺ †簠†䘠汩⁥䌢尺獕牥屳整档屡灁䑰瑡屡潌慣屬牐杯慲獭停瑹潨屮祐桴湯ㄳ尲楌屢潣瑮硥汴扩瀮≹‬楬敮ㄠ㠵‬湩张敟楸彴ൟ †簠††猠汥⹦敧⹮桴潲⡷慶畬⥥਍††⁼†楆敬∠㩃啜敳獲瑜捥慨䅜灰慄慴䱜捯污停潲牧浡屳祐桴湯停瑹潨㍮㈱䱜扩獜瑩ⵥ慰正条獥獜慴汲瑥整彜瑵汩⹳祰Ⱒ氠湩⁥㌹‬湩挠汯慬獰彥硥杣潲灵൳ †簠††爠楡敳攠捸਍††⁼†楆敬∠㩃啜敳獲瑜捥慨䅜灰慄慴䱜捯污停潲牧浡屳祐桴湯停瑹潨㍮㈱䱜扩獜瑩ⵥ慰正条獥獜慴汲瑥整浜摩汤睥牡履慢敳瀮≹‬楬敮ㄠㄹ‬湩张损污彬ൟ †簠††爠獥潰獮⁥‽睡楡⁴敳晬搮獩慰捴彨畦据爨煥敵瑳‬慣汬湟硥⥴਍††⁼†††††††帠幞幞幞幞幞幞幞幞幞幞幞幞幞幞幞幞幞幞幞幞幞൞ †簠†䘠汩⁥䌢尺獕牥屳整档屡湏䑥楲敶䑜獥瑫灯獜污獥愠⁩汰瑡牦浯扜捡敫摮慜灰浜摩汤睥牡履敲畱獥彴潣瑮硥⹴祰Ⱒ氠湩⁥㘵‬湩搠獩慰捴൨ †簠††爠楡敳攠਍††⁼†楆敬∠㩃啜敳獲瑜捥慨作敮牄癩履敄歳潴屰慳敬⁳楡瀠慬晴潲屭慢正湥層灡屰業摤敬慷敲牜煥敵瑳损湯整瑸瀮≹‬楬敮㔠ⰰ椠⁮楤灳瑡档਍††⁼††敲灳湯敳㴠愠慷瑩挠污彬敮瑸爨煥敵瑳ഩ †簠††††††††幞幞幞幞幞幞幞幞幞幞幞幞਍††⁼†楆敬∠㩃啜敳獲瑜捥慨䅜灰慄慴䱜捯污停潲牧浡屳祐桴湯停瑹潨㍮㈱䱜扩獜瑩ⵥ慰正条獥獜慴汲瑥整浜摩汤睥牡履慢敳瀮≹‬楬敮ㄠ㔶‬湩挠污彬敮瑸਍††⁼††慲獩⁥灡彰硥ൣ †簠†䘠汩⁥䌢尺獕牥屳整档屡灁䑰瑡屡潌慣屬牐杯慲獭停瑹潨屮祐桴湯ㄳ尲楌屢楳整瀭捡慫敧屳瑳牡敬瑴履業摤敬慷敲扜獡⹥祰Ⱒ氠湩⁥㔱ⰱ椠⁮潣潲਍††⁼††睡楡⁴敳晬愮灰猨潣数‬敲散癩彥牯摟獩潣湮捥ⱴ猠湥彤潮敟牲牯ഩ †簠†䘠汩⁥䌢尺獕牥屳整档屡灁䑰瑡屡潌慣屬牐杯慲獭停瑹潨屮祐桴湯ㄳ尲楌屢楳整瀭捡慫敧屳瑳牡敬瑴履業摤敬慷敲扜獡⹥祰Ⱒ氠湩⁥㠱ⰹ椠⁮彟慣汬彟਍††⁼††楷桴挠汯慬獰彥硥杣潲灵⡳㨩਍††⁼†楆敬∠㩃啜敳獲瑜捥慨䅜灰慄慴䱜捯污停潲牧浡屳祐桴湯停瑹潨㍮㈱䱜扩捜湯整瑸楬⹢祰Ⱒ氠湩⁥㔱ⰸ椠⁮彟硥瑩彟਍††⁼††敳晬朮湥琮牨睯瘨污敵ഩ †簠†䘠汩⁥䌢尺獕牥屳整档屡灁䑰瑡屡潌慣屬牐杯慲獭停瑹潨屮祐桴湯ㄳ尲楌屢楳整瀭捡慫敧屳瑳牡敬瑴履畟楴獬瀮≹‬楬敮㤠ⰳ椠⁮潣汬灡敳敟捸牧畯獰਍††⁼††慲獩⁥硥ൣ †簠†䘠汩⁥䌢尺獕牥屳整档屡灁䑰瑡屡潌慣屬牐杯慲獭停瑹潨屮祐桴湯ㄳ尲楌屢楳整瀭捡慫敧屳瑳牡敬瑴履業摤敬慷敲扜獡⹥祰Ⱒ氠湩⁥㤱ⰱ椠⁮彟慣汬彟਍††⁼††敲灳湯敳㴠愠慷瑩猠汥⹦楤灳瑡档晟湵⡣敲畱獥ⱴ挠污彬敮瑸ഩ †簠††††††††幞幞幞幞幞幞幞幞幞幞幞幞幞幞幞幞幞幞幞幞幞幞਍††⁼†楆敬∠㩃啜敳獲瑜捥慨作敮牄癩履敄歳潴屰慳敬⁳楡瀠慬晴潲屭慢正湥層灡屰業摤敬慷敲獜捥牵瑩⹹祰Ⱒ氠湩⁥㌲ⰲ椠⁮楤灳瑡档਍††⁼††敲灳湯敳㴠愠慷瑩挠污彬敮瑸爨煥敵瑳ഩ †簠††††††††幞幞幞幞幞幞幞幞幞幞幞幞਍††⁼†楆敬∠㩃啜敳獲瑜捥慨䅜灰慄慴䱜捯污停潲牧浡屳祐桴湯停瑹潨㍮㈱䱜扩獜瑩ⵥ慰正条獥獜慴汲瑥整浜摩汤睥牡履慢敳瀮≹‬楬敮ㄠ㔶‬湩挠污彬敮瑸਍††⁼††慲獩⁥灡彰硥ൣ †簠†䘠汩⁥䌢尺獕牥屳整档屡灁䑰瑡屡潌慣屬牐杯慲獭停瑹潨屮祐桴湯ㄳ尲楌屢楳整瀭捡慫敧屳瑳牡敬瑴履業摤敬慷敲扜獡⹥祰Ⱒ氠湩⁥㔱ⰱ椠⁮潣潲਍††⁼††睡楡⁴敳晬愮灰猨潣数‬敲散癩彥牯摟獩潣湮捥ⱴ猠湥彤潮敟牲牯ഩ †簠†䘠汩⁥䌢尺獕牥屳整档屡灁䑰瑡屡潌慣屬牐杯慲獭停瑹潨屮祐桴湯ㄳ尲楌屢楳整瀭捡慫敧屳瑳牡敬瑴履業摤敬慷敲扜獡⹥祰Ⱒ氠湩⁥㠱ⰹ椠⁮彟慣汬彟਍††⁼††楷桴挠汯慬獰彥硥杣潲灵⡳㨩਍††⁼†楆敬∠㩃啜敳獲瑜捥慨䅜灰慄慴䱜捯污停潲牧浡屳祐桴湯停瑹潨㍮㈱䱜扩捜湯整瑸楬⹢祰Ⱒ氠湩⁥㔱ⰸ椠⁮彟硥瑩彟਍††⁼††敳晬朮湥琮牨睯瘨污敵ഩ †簠†䘠汩⁥䌢尺獕牥屳整档屡灁䑰瑡屡潌慣屬牐杯慲獭停瑹潨屮祐桴湯ㄳ尲楌屢楳整瀭捡慫敧屳瑳牡敬瑴履畟楴獬瀮≹‬楬敮㤠ⰳ椠⁮潣汬灡敳敟捸牧畯獰਍††⁼††慲獩⁥硥ൣ †簠†䘠汩⁥䌢尺獕牥屳整档屡灁䑰瑡屡潌慣屬牐杯慲獭停瑹潨屮祐桴湯ㄳ尲楌屢楳整瀭捡慫敧屳瑳牡敬瑴履業摤敬慷敲扜獡⹥祰Ⱒ氠湩⁥㤱ⰱ椠⁮彟慣汬彟਍††⁼††敲灳湯敳㴠愠慷瑩猠汥⹦楤灳瑡档晟湵⡣敲畱獥ⱴ挠污彬敮瑸ഩ †簠††††††††幞幞幞幞幞幞幞幞幞幞幞幞幞幞幞幞幞幞幞幞幞幞਍††⁼†楆敬∠㩃啜敳獲瑜捥慨作敮牄癩履敄歳潴屰慳敬⁳楡瀠慬晴潲屭慢正湥層灡屰業摤敬慷敲獜捥牵瑩⹹祰Ⱒ氠湩⁥ㄲⰲ椠⁮楤灳瑡档਍††⁼††慲獩⁥呈偔硅散瑰潩⡮਍††⁼慦瑳灡⹩硥散瑰潩獮䠮呔䕐捸灥楴湯›㈴㨹吠潯洠湡⁹敲畱獥獴‮慍楸畭⁭〶爠煥敵瑳⁳数⁲業畮整愠汬睯摥മ †⬠ⴭⴭⴭⴭⴭⴭⴭⴭⴭⴭⴭⴭⴭⴭⴭⴭⴭⴭ਍਍畄楲杮栠湡汤湩⁧景琠敨愠潢敶攠捸灥楴湯‬湡瑯敨⁲硥散瑰潩⁮捯畣牲摥ഺഊ吊慲散慢正⠠潭瑳爠捥湥⁴慣汬氠獡⥴ഺ 䘠汩⁥䌢尺獕牥屳整档屡灁䑰瑡屡潌慣屬牐杯慲獭停瑹潨屮祐桴湯ㄳ尲楌屢楳整瀭捡慫敧屳瑳牡敬瑴履業摤敬慷敲敜牲牯⹳祰Ⱒ氠湩⁥㘱ⰴ椠⁮彟慣汬彟਍††睡楡⁴敳晬愮灰猨潣数‬敲散癩ⱥ张敳摮ഩ 䘠汩⁥䌢尺獕牥屳整档屡灁䑰瑡屡潌慣屬牐杯慲獭停瑹潨屮祐桴湯ㄳ尲楌屢楳整瀭捡慫敧屳瑳牡敬瑴履業摤敬慷敲扜獡⹥祰Ⱒ氠湩⁥㠱ⰹ椠⁮彟慣汬彟਍††楷桴挠汯慬獰彥硥杣潲灵⡳㨩਍†楆敬∠㩃啜敳獲瑜捥慨䅜灰慄慴䱜捯污停潲牧浡屳祐桴湯停瑹潨㍮㈱䱜扩捜湯整瑸楬⹢祰Ⱒ氠湩⁥㔱ⰸ椠⁮彟硥瑩彟਍††敳晬朮湥琮牨睯瘨污敵ഩ 䘠汩⁥䌢尺獕牥屳整档屡灁䑰瑡屡潌慣屬牐杯慲獭停瑹潨屮祐桴湯ㄳ尲楌屢楳整瀭捡慫敧屳瑳牡敬瑴履畟楴獬瀮≹‬楬敮㤠ⰳ椠⁮潣汬灡敳敟捸牧畯獰਍††慲獩⁥硥ൣ 䘠汩⁥䌢尺獕牥屳整档屡灁䑰瑡屡潌慣屬牐杯慲獭停瑹潨屮祐桴湯ㄳ尲楌屢楳整瀭捡慫敧屳瑳牡敬瑴履業摤敬慷敲扜獡⹥祰Ⱒ氠湩⁥㤱ⰱ椠⁮彟慣汬彟਍††敲灳湯敳㴠愠慷瑩猠汥⹦楤灳瑡档晟湵⡣敲畱獥ⱴ挠污彬敮瑸ഩ †††††††幞幞幞幞幞幞幞幞幞幞幞幞幞幞幞幞幞幞幞幞幞幞਍†楆敬∠㩃啜敳獲瑜捥慨作敮牄癩履敄歳潴屰慳敬⁳楡瀠慬晴潲屭慢正湥層灡屰業摤敬慷敲牜煥敵瑳损湯整瑸瀮≹‬楬敮㔠ⰶ椠⁮楤灳瑡档਍††慲獩⁥൥ 䘠汩⁥䌢尺獕牥屳整档屡湏䑥楲敶䑜獥瑫灯獜污獥愠⁩汰瑡牦浯扜捡敫摮慜灰浜摩汤睥牡履敲畱獥彴潣瑮硥⹴祰Ⱒ氠湩⁥〵‬湩搠獩慰捴൨ †爠獥潰獮⁥‽睡楡⁴慣汬湟硥⡴敲畱獥⥴਍†††††††帠幞幞幞幞幞幞幞幞幞幞幞൞ 䘠汩⁥䌢尺獕牥屳整档屡灁䑰瑡屡潌慣屬牐杯慲獭停瑹潨屮祐桴湯ㄳ尲楌屢楳整瀭捡慫敧屳瑳牡敬瑴履業摤敬慷敲扜獡⹥祰Ⱒ氠湩⁥㘱ⰵ椠⁮慣汬湟硥൴ †爠楡敳愠灰敟捸਍†楆敬∠㩃啜敳獲瑜捥慨䅜灰慄慴䱜捯污停潲牧浡屳祐桴湯停瑹潨㍮㈱䱜扩獜瑩ⵥ慰正条獥獜慴汲瑥整浜摩汤睥牡履慢敳瀮≹‬楬敮ㄠㄵ‬湩挠牯൯ †愠慷瑩猠汥⹦灡⡰捳灯ⱥ爠捥楥敶潟彲楤捳湯敮瑣‬敳摮湟彯牥潲⥲਍†楆敬∠㩃啜敳獲瑜捥慨䅜灰慄慴䱜捯污停潲牧浡屳祐桴湯停瑹潨㍮㈱䱜扩獜瑩ⵥ慰正条獥獜慴汲瑥整浜摩汤睥牡履慢敳瀮≹‬楬敮ㄠ㤸‬湩张损污彬ൟ †眠瑩⁨潣汬灡敳敟捸牧畯獰⤨ഺ 䘠汩⁥䌢尺獕牥屳整档屡灁䑰瑡屡潌慣屬牐杯慲獭停瑹潨屮祐桴湯ㄳ尲楌屢潣瑮硥汴扩瀮≹‬楬敮ㄠ㠵‬湩张敟楸彴ൟ †猠汥⹦敧⹮桴潲⡷慶畬⥥਍†楆敬∠㩃啜敳獲瑜捥慨䅜灰慄慴䱜捯污停潲牧浡屳祐桴湯停瑹潨㍮㈱䱜扩獜瑩ⵥ慰正条獥獜慴汲瑥整彜瑵汩⹳祰Ⱒ氠湩⁥㌹‬湩挠汯慬獰彥硥杣潲灵൳ †爠楡敳攠捸਍†楆敬∠㩃啜敳獲瑜捥慨䅜灰慄慴䱜捯污停潲牧浡屳祐桴湯停瑹潨㍮㈱䱜扩獜瑩ⵥ慰正条獥獜慴汲瑥整浜摩汤睥牡履慢敳瀮≹‬楬敮ㄠㄹ‬湩张损污彬ൟ †爠獥潰獮⁥‽睡楡⁴敳晬搮獩慰捴彨畦据爨煥敵瑳‬慣汬湟硥⥴਍†††††††帠幞幞幞幞幞幞幞幞幞幞幞幞幞幞幞幞幞幞幞幞幞൞ 䘠汩⁥䌢尺獕牥屳整档屡湏䑥楲敶䑜獥瑫灯獜污獥愠⁩汰瑡牦浯扜捡敫摮慜灰浜摩汤睥牡履敳畣楲祴瀮≹‬楬敮㈠㈳‬湩搠獩慰捴൨ †爠獥潰獮⁥‽睡楡⁴慣汬湟硥⡴敲畱獥⥴਍†††††††帠幞幞幞幞幞幞幞幞幞幞幞൞ 䘠汩⁥䌢尺獕牥屳整档屡灁䑰瑡屡潌慣屬牐杯慲獭停瑹潨屮祐桴湯ㄳ尲楌屢楳整瀭捡慫敧屳瑳牡敬瑴履業摤敬慷敲扜獡⹥祰Ⱒ氠湩⁥㘱ⰵ椠⁮慣汬湟硥൴ †爠楡敳愠灰敟捸਍†楆敬∠㩃啜敳獲瑜捥慨䅜灰慄慴䱜捯污停潲牧浡屳祐桴湯停瑹潨㍮㈱䱜扩獜瑩ⵥ慰正条獥獜慴汲瑥整浜摩汤睥牡履慢敳瀮≹‬楬敮ㄠㄵ‬湩挠牯൯ †愠慷瑩猠汥⹦灡⡰捳灯ⱥ爠捥楥敶潟彲楤捳湯敮瑣‬敳摮湟彯牥潲⥲਍†楆敬∠㩃啜敳獲瑜捥慨䅜灰慄慴䱜捯污停潲牧浡屳祐桴湯停瑹潨㍮㈱䱜扩獜瑩ⵥ慰正条獥獜慴汲瑥整浜摩汤睥牡履慢敳瀮≹‬楬敮ㄠ㤸‬湩张损污彬ൟ †眠瑩⁨潣汬灡敳敟捸牧畯獰⤨ഺ 䘠汩⁥䌢尺獕牥屳整档屡灁䑰瑡屡潌慣屬牐杯慲獭停瑹潨屮祐桴湯ㄳ尲楌屢潣瑮硥汴扩瀮≹‬楬敮ㄠ㠵‬湩张敟楸彴ൟ †猠汥⹦敧⹮桴潲⡷慶畬⥥਍†楆敬∠㩃啜敳獲瑜捥慨䅜灰慄慴䱜捯污停潲牧浡屳祐桴湯停瑹潨㍮㈱䱜扩獜瑩ⵥ慰正条獥獜慴汲瑥整彜瑵汩⹳祰Ⱒ氠湩⁥㌹‬湩挠汯慬獰彥硥杣潲灵൳ †爠楡敳攠捸਍†楆敬∠㩃啜敳獲瑜捥慨䅜灰慄慴䱜捯污停潲牧浡屳祐桴湯停瑹潨㍮㈱䱜扩獜瑩ⵥ慰正条獥獜慴汲瑥整浜摩汤睥牡履慢敳瀮≹‬楬敮ㄠㄹ‬湩张损污彬ൟ †爠獥潰獮⁥‽睡楡⁴敳晬搮獩慰捴彨畦据爨煥敵瑳‬慣汬湟硥⥴਍†††††††帠幞幞幞幞幞幞幞幞幞幞幞幞幞幞幞幞幞幞幞幞幞൞ 䘠汩⁥䌢尺獕牥屳整档屡湏䑥楲敶䑜獥瑫灯獜污獥愠⁩汰瑡牦浯扜捡敫摮慜灰浜摩汤睥牡履敳畣楲祴瀮≹‬楬敮㈠㈱‬湩搠獩慰捴൨ †爠楡敳䠠呔䕐捸灥楴湯ന昊獡慴楰攮捸灥楴湯⹳呈偔硅散瑰潩㩮㐠㤲›潔⁯慭祮爠煥敵瑳⹳䴠硡浩浵㘠‰敲畱獥獴瀠牥洠湩瑵⁥污潬敷⹤਍਍㉛㈰ⴶ㌰㈭‹〲㌺㨰㠰㠮㘶〸崴嬠䑉戺㘹ち㍢ⴸ搱挰㐭愹ⵥ昸㘸昭昰㑣㘳㍣ㅦ嵣䔠剒›㈴㨹吠潯洠湡⁹敲畱獥獴‮慍楸畭⁭〶爠煥敵瑳⁳数⁲業畮整愠汬睯摥മ ⬠䔠捸灥楴湯䜠潲灵吠慲散慢正⠠潭瑳爠捥湥⁴慣汬氠獡⥴ഺ 簠†䘠汩⁥䌢尺獕牥屳整档屡灁䑰瑡屡潌慣屬牐杯慲獭停瑹潨屮祐桴湯ㄳ尲楌屢楳整瀭捡慫敧屳瑳牡敬瑴履畟楴獬瀮≹‬楬敮㠠ⰷ椠⁮潣汬灡敳敟捸牧畯獰਍†⁼††楹汥൤ 簠†䘠汩⁥䌢尺獕牥屳整档屡灁䑰瑡屡潌慣屬牐杯慲獭停瑹潨屮祐桴湯ㄳ尲楌屢楳整瀭捡慫敧屳瑳牡敬瑴履業摤敬慷敲扜獡⹥祰Ⱒ氠湩⁥㤱ⰰ椠⁮彟慣汬彟਍†⁼††獡湹⁣楷桴愠祮潩挮敲瑡彥慴歳束潲灵⤨愠⁳慴歳束潲灵ഺ 簠†䘠汩⁥䌢尺獕牥屳整档屡灁䑰瑡屡潌慣屬牐杯慲獭停瑹潨屮祐桴湯ㄳ尲楌屢楳整瀭捡慫敧屳湡楹屯扟捡敫摮屳慟祳据潩瀮≹‬楬敮㘠㠷‬湩张慟硥瑩彟਍†⁼††慲獩⁥慂敳硅散瑰潩䝮潲灵ന 簠䔠捸灥楴湯片畯㩰甠桮湡汤摥攠牲牯⁳湩愠吠獡䝫潲灵⠠‱畳ⵢ硥散瑰潩⥮਍†⴫⴫ⴭⴭⴭⴭⴭⴭⴭ‭‱ⴭⴭⴭⴭⴭⴭⴭⴭ਍††⁼牔捡扥捡⁫洨獯⁴敲散瑮挠污⁬慬瑳㨩਍††⁼†楆敬∠㩃啜敳獲瑜捥慨䅜灰慄慴䱜捯污停潲牧浡屳祐桴湯停瑹潨㍮㈱䱜扩獜瑩ⵥ慰正条獥獜慴汲瑥整浜摩汤睥牡履牥潲獲瀮≹‬楬敮ㄠ㐶‬湩张损污彬ൟ †簠††愠慷瑩猠汥⹦灡⡰捳灯ⱥ爠捥楥敶‬獟湥⥤਍††⁼†楆敬∠㩃啜敳獲瑜捥慨䅜灰慄慴䱜捯污停潲牧浡屳祐桴湯停瑹潨㍮㈱䱜扩獜瑩ⵥ慰正条獥獜慴汲瑥整浜摩汤睥牡履慢敳瀮≹‬楬敮ㄠ㤸‬湩张损污彬ൟ †簠††眠瑩⁨潣汬灡敳敟捸牧畯獰⤨ഺ †簠†䘠汩⁥䌢尺獕牥屳整档屡灁䑰瑡屡潌慣屬牐杯慲獭停瑹潨屮祐桴湯ㄳ尲楌屢潣瑮硥汴扩瀮≹‬楬敮ㄠ㠵‬湩张敟楸彴ൟ †簠††猠汥⹦敧⹮桴潲⡷慶畬⥥਍††⁼†楆敬∠㩃啜敳獲瑜捥慨䅜灰慄慴䱜捯污停潲牧浡屳祐桴湯停瑹潨㍮㈱䱜扩獜瑩ⵥ慰正条獥獜慴汲瑥整彜瑵汩⹳祰Ⱒ氠湩⁥㌹‬湩挠汯慬獰彥硥杣潲灵൳ †簠††爠楡敳攠捸਍††⁼†楆敬∠㩃啜敳獲瑜捥慨䅜灰慄慴䱜捯污停潲牧浡屳祐桴湯停瑹潨㍮㈱䱜扩獜瑩ⵥ慰正条獥獜慴汲瑥整浜摩汤睥牡履慢敳瀮≹‬楬敮ㄠㄹ‬湩张损污彬ൟ †簠††爠獥潰獮⁥‽睡楡⁴敳晬搮獩慰捴彨畦据爨煥敵瑳‬慣汬湟硥⥴਍††⁼†††††††帠幞幞幞幞幞幞幞幞幞幞幞幞幞幞幞幞幞幞幞幞幞൞ †簠†䘠汩⁥䌢尺獕牥屳整档屡湏䑥楲敶䑜獥瑫灯獜污獥愠⁩汰瑡牦浯扜捡敫摮慜灰浜摩汤睥牡履敲畱獥彴潣瑮硥⹴祰Ⱒ氠湩⁥㘵‬湩搠獩慰捴൨ †簠††爠楡敳攠਍††⁼†楆敬∠㩃啜敳獲瑜捥慨作敮牄癩履敄歳潴屰慳敬⁳楡瀠慬晴潲屭慢正湥層灡屰業摤敬慷敲牜煥敵瑳损湯整瑸瀮≹‬楬敮㔠ⰰ椠⁮楤灳瑡档਍††⁼††敲灳湯敳㴠愠慷瑩挠污彬敮瑸爨煥敵瑳ഩ †簠††††††††幞幞幞幞幞幞幞幞幞幞幞幞਍††⁼†楆敬∠㩃啜敳獲瑜捥慨䅜灰慄慴䱜捯污停潲牧浡屳祐桴湯停瑹潨㍮㈱䱜扩獜瑩ⵥ慰正条獥獜慴汲瑥整浜摩汤睥牡履慢敳瀮≹‬楬敮ㄠ㔶‬湩挠污彬敮瑸਍††⁼††慲獩⁥灡彰硥ൣ †簠†䘠汩⁥䌢尺獕牥屳整档屡灁䑰瑡屡潌慣屬牐杯慲獭停瑹潨屮祐桴湯ㄳ尲楌屢楳整瀭捡慫敧屳瑳牡敬瑴履業摤敬慷敲扜獡⹥祰Ⱒ氠湩⁥㔱ⰱ椠⁮潣潲਍††⁼††睡楡⁴敳晬愮灰猨潣数‬敲散癩彥牯摟獩潣湮捥ⱴ猠湥彤潮敟牲牯ഩ †簠†䘠汩⁥䌢尺獕牥屳整档屡灁䑰瑡屡潌慣屬牐杯慲獭停瑹潨屮祐桴湯ㄳ尲楌屢楳整瀭捡慫敧屳瑳牡敬瑴履業摤敬慷敲扜獡⹥祰Ⱒ氠湩⁥㠱ⰹ椠⁮彟慣汬彟਍††⁼††楷桴挠汯慬獰彥硥杣潲灵⡳㨩਍††⁼†楆敬∠㩃啜敳獲瑜捥慨䅜灰慄慴䱜捯污停潲牧浡屳祐桴湯停瑹潨㍮㈱䱜扩捜湯整瑸楬⹢祰Ⱒ氠湩⁥㔱ⰸ椠⁮彟硥瑩彟਍††⁼††敳晬朮湥琮牨睯瘨污敵ഩ †簠†䘠汩⁥䌢尺獕牥屳整档屡灁䑰瑡屡潌慣屬牐杯慲獭停瑹潨屮祐桴湯ㄳ尲楌屢楳整瀭捡慫敧屳瑳牡敬瑴履畟楴獬瀮≹‬楬敮㤠ⰳ椠⁮潣汬灡敳敟捸牧畯獰਍††⁼††慲獩⁥硥ൣ †簠†䘠汩⁥䌢尺獕牥屳整档屡灁䑰瑡屡潌慣屬牐杯慲獭停瑹潨屮祐桴湯ㄳ尲楌屢楳整瀭捡慫敧屳瑳牡敬瑴履業摤敬慷敲扜獡⹥祰Ⱒ氠湩⁥㤱ⰱ椠⁮彟慣汬彟਍††⁼††敲灳湯敳㴠愠慷瑩猠汥⹦楤灳瑡档晟湵⡣敲畱獥ⱴ挠污彬敮瑸ഩ †簠††††††††幞幞幞幞幞幞幞幞幞幞幞幞幞幞幞幞幞幞幞幞幞幞਍††⁼†楆敬∠㩃啜敳獲瑜捥慨作敮牄癩履敄歳潴屰慳敬⁳楡瀠慬晴潲屭慢正湥層灡屰業摤敬慷敲獜捥牵瑩⹹祰Ⱒ氠湩⁥㌲ⰲ椠⁮楤灳瑡档਍††⁼††敲灳湯敳㴠愠慷瑩挠污彬敮瑸爨煥敵瑳ഩ †簠††††††††幞幞幞幞幞幞幞幞幞幞幞幞਍††⁼†楆敬∠㩃啜敳獲瑜捥慨䅜灰慄慴䱜捯污停潲牧浡屳祐桴湯停瑹潨㍮㈱䱜扩獜瑩ⵥ慰正条獥獜慴汲瑥整浜摩汤睥牡履慢敳瀮≹‬楬敮ㄠ㔶‬湩挠污彬敮瑸਍††⁼††慲獩⁥灡彰硥ൣ †簠†䘠汩⁥䌢尺獕牥屳整档屡灁䑰瑡屡潌慣屬牐杯慲獭停瑹潨屮祐桴湯ㄳ尲楌屢楳整瀭捡慫敧屳瑳牡敬瑴履業摤敬慷敲扜獡⹥祰Ⱒ氠湩⁥㔱ⰱ椠⁮潣潲਍††⁼††睡楡⁴敳晬愮灰猨潣数‬敲散癩彥牯摟獩潣湮捥ⱴ猠湥彤潮敟牲牯ഩ †簠†䘠汩⁥䌢尺獕牥屳整档屡灁䑰瑡屡潌慣屬牐杯慲獭停瑹潨屮祐桴湯ㄳ尲楌屢楳整瀭捡慫敧屳瑳牡敬瑴履業摤敬慷敲扜獡⹥祰Ⱒ氠湩⁥㠱ⰹ椠⁮彟慣汬彟਍††⁼††楷桴挠汯慬獰彥硥杣潲灵⡳㨩਍††⁼†楆敬∠㩃啜敳獲瑜捥慨䅜灰慄慴䱜捯污停潲牧浡屳祐桴湯停瑹潨㍮㈱䱜扩捜湯整瑸楬⹢祰Ⱒ氠湩⁥㔱ⰸ椠⁮彟硥瑩彟਍††⁼††敳晬朮湥琮牨睯瘨污敵ഩ †簠†䘠汩⁥䌢尺獕牥屳整档屡灁䑰瑡屡潌慣屬牐杯慲獭停瑹潨屮祐桴湯ㄳ尲楌屢楳整瀭捡慫敧屳瑳牡敬瑴履畟楴獬瀮≹‬楬敮㤠ⰳ椠⁮潣汬灡敳敟捸牧畯獰਍††⁼††慲獩⁥硥ൣ †簠†䘠汩⁥䌢尺獕牥屳整档屡灁䑰瑡屡潌慣屬牐杯慲獭停瑹潨屮祐桴湯ㄳ尲楌屢楳整瀭捡慫敧屳瑳牡敬瑴履業摤敬慷敲扜獡⹥祰Ⱒ氠湩⁥㤱ⰱ椠⁮彟慣汬彟਍††⁼††敲灳湯敳㴠愠慷瑩猠汥⹦楤灳瑡档晟湵⡣敲畱獥ⱴ挠污彬敮瑸ഩ †簠††††††††幞幞幞幞幞幞幞幞幞幞幞幞幞幞幞幞幞幞幞幞幞幞਍††⁼†楆敬∠㩃啜敳獲瑜捥慨作敮牄癩履敄歳潴屰慳敬⁳楡瀠慬晴潲屭慢正湥層灡屰業摤敬慷敲獜捥牵瑩⹹祰Ⱒ氠湩⁥ㄲⰲ椠⁮楤灳瑡档਍††⁼††慲獩⁥呈偔硅散瑰潩⡮਍††⁼慦瑳灡⹩硥散瑰潩獮䠮呔䕐捸灥楴湯›㈴㨹吠潯洠湡⁹敲畱獥獴‮慍楸畭⁭〶爠煥敵瑳⁳数⁲業畮整愠汬睯摥മ †⬠ⴭⴭⴭⴭⴭⴭⴭⴭⴭⴭⴭⴭⴭⴭⴭⴭⴭⴭ਍਍畄楲杮栠湡汤湩⁧景琠敨愠潢敶攠捸灥楴湯‬湡瑯敨⁲硥散瑰潩⁮捯畣牲摥ഺഊ吊慲散慢正⠠潭瑳爠捥湥⁴慣汬氠獡⥴ഺ 䘠汩⁥䌢尺獕牥屳整档屡灁䑰瑡屡潌慣屬牐杯慲獭停瑹潨屮祐桴湯ㄳ尲楌屢楳整瀭捡慫敧屳瑳牡敬瑴履業摤敬慷敲敜牲牯⹳祰Ⱒ氠湩⁥㘱ⰴ椠⁮彟慣汬彟਍††睡楡⁴敳晬愮灰猨潣数‬敲散癩ⱥ张敳摮ഩ 䘠汩⁥䌢尺獕牥屳整档屡灁䑰瑡屡潌慣屬牐杯慲獭停瑹潨屮祐桴湯ㄳ尲楌屢楳整瀭捡慫敧屳瑳牡敬瑴履業摤敬慷敲扜獡⹥祰Ⱒ氠湩⁥㠱ⰹ椠⁮彟慣汬彟਍††楷桴挠汯慬獰彥硥杣潲灵⡳㨩਍†楆敬∠㩃啜敳獲瑜捥慨䅜灰慄慴䱜捯污停潲牧浡屳祐桴湯停瑹潨㍮㈱䱜扩捜湯整瑸楬⹢祰Ⱒ氠湩⁥㔱ⰸ椠⁮彟硥瑩彟਍††敳晬朮湥琮牨睯瘨污敵ഩ 䘠汩⁥䌢尺獕牥屳整档屡灁䑰瑡屡潌慣屬牐杯慲獭停瑹潨屮祐桴湯ㄳ尲楌屢楳整瀭捡慫敧屳瑳牡敬瑴履畟楴獬瀮≹‬楬敮㤠ⰳ椠⁮潣汬灡敳敟捸牧畯獰਍††慲獩⁥硥ൣ 䘠汩⁥䌢尺獕牥屳整档屡灁䑰瑡屡潌慣屬牐杯慲獭停瑹潨屮祐桴湯ㄳ尲楌屢楳整瀭捡慫敧屳瑳牡敬瑴履業摤敬慷敲扜獡⹥祰Ⱒ氠湩⁥㤱ⰱ椠⁮彟慣汬彟਍††敲灳湯敳㴠愠慷瑩猠汥⹦楤灳瑡档晟湵⡣敲畱獥ⱴ挠污彬敮瑸ഩ †††††††幞幞幞幞幞幞幞幞幞幞幞幞幞幞幞幞幞幞幞幞幞幞਍†楆敬∠㩃啜敳獲瑜捥慨作敮牄癩履敄歳潴屰慳敬⁳楡瀠慬晴潲屭慢正湥層灡屰業摤敬慷敲牜煥敵瑳损湯整瑸瀮≹‬楬敮㔠ⰶ椠⁮楤灳瑡档਍††慲獩⁥൥ 䘠汩⁥䌢尺獕牥屳整档屡湏䑥楲敶䑜獥瑫灯獜污獥愠⁩汰瑡牦浯扜捡敫摮慜灰浜摩汤睥牡履敲畱獥彴潣瑮硥⹴祰Ⱒ氠湩⁥〵‬湩搠獩慰捴൨ †爠獥潰獮⁥‽睡楡⁴慣汬湟硥⡴敲畱獥⥴਍†††††††帠幞幞幞幞幞幞幞幞幞幞幞൞ 䘠汩⁥䌢尺獕牥屳整档屡灁䑰瑡屡潌慣屬牐杯慲獭停瑹潨屮祐桴湯ㄳ尲楌屢楳整瀭捡慫敧屳瑳牡敬瑴履業摤敬慷敲扜獡⹥祰Ⱒ氠湩⁥㘱ⰵ椠⁮慣汬湟硥൴ †爠楡敳愠灰敟捸਍†楆敬∠㩃啜敳獲瑜捥慨䅜灰慄慴䱜捯污停潲牧浡屳祐桴湯停瑹潨㍮㈱䱜扩獜瑩ⵥ慰正条獥獜慴汲瑥整浜摩汤睥牡履慢敳瀮≹‬楬敮ㄠㄵ‬湩挠牯൯ †愠慷瑩猠汥⹦灡⡰捳灯ⱥ爠捥楥敶潟彲楤捳湯敮瑣‬敳摮湟彯牥潲⥲਍†楆敬∠㩃啜敳獲瑜捥慨䅜灰慄慴䱜捯污停潲牧浡屳祐桴湯停瑹潨㍮㈱䱜扩獜瑩ⵥ慰正条獥獜慴汲瑥整浜摩汤睥牡履慢敳瀮≹‬楬敮ㄠ㤸‬湩张损污彬ൟ †眠瑩⁨潣汬灡敳敟捸牧畯獰⤨ഺ 䘠汩⁥䌢尺獕牥屳整档屡灁䑰瑡屡潌慣屬牐杯慲獭停瑹潨屮祐桴湯ㄳ尲楌屢潣瑮硥汴扩瀮≹‬楬敮ㄠ㠵‬湩张敟楸彴ൟ †猠汥⹦敧⹮桴潲⡷慶畬⥥਍†楆敬∠㩃啜敳獲瑜捥慨䅜灰慄慴䱜捯污停潲牧浡屳祐桴湯停瑹潨㍮㈱䱜扩獜瑩ⵥ慰正条獥獜慴汲瑥整彜瑵汩⹳祰Ⱒ氠湩⁥㌹‬湩挠汯慬獰彥硥杣潲灵൳ †爠楡敳攠捸਍†楆敬∠㩃啜敳獲瑜捥慨䅜灰慄慴䱜捯污停潲牧浡屳祐桴湯停瑹潨㍮㈱䱜扩獜瑩ⵥ慰正条獥獜慴汲瑥整浜摩汤睥牡履慢敳瀮≹‬楬敮ㄠㄹ‬湩张损污彬ൟ †爠獥潰獮⁥‽睡楡⁴敳晬搮獩慰捴彨畦据爨煥敵瑳‬慣汬湟硥⥴਍†††††††帠幞幞幞幞幞幞幞幞幞幞幞幞幞幞幞幞幞幞幞幞幞൞ 䘠汩⁥䌢尺獕牥屳整档屡湏䑥楲敶䑜獥瑫灯獜污獥愠⁩汰瑡牦浯扜捡敫摮慜灰浜摩汤睥牡履敳畣楲祴瀮≹‬楬敮㈠㈳‬湩搠獩慰捴൨ †爠獥潰獮⁥‽睡楡⁴慣汬湟硥⡴敲畱獥⥴਍†††††††帠幞幞幞幞幞幞幞幞幞幞幞൞ 䘠汩⁥䌢尺獕牥屳整档屡灁䑰瑡屡潌慣屬牐杯慲獭停瑹潨屮祐桴湯ㄳ尲楌屢楳整瀭捡慫敧屳瑳牡敬瑴履業摤敬慷敲扜獡⹥祰Ⱒ氠湩⁥㘱ⰵ椠⁮慣汬湟硥൴ †爠楡敳愠灰敟捸਍†楆敬∠㩃啜敳獲瑜捥慨䅜灰慄慴䱜捯污停潲牧浡屳祐桴湯停瑹潨㍮㈱䱜扩獜瑩ⵥ慰正条獥獜慴汲瑥整浜摩汤睥牡履慢敳瀮≹‬楬敮ㄠㄵ‬湩挠牯൯ †愠慷瑩猠汥⹦灡⡰捳灯ⱥ爠捥楥敶潟彲楤捳湯敮瑣‬敳摮湟彯牥潲⥲਍†楆敬∠㩃啜敳獲瑜捥慨䅜灰慄慴䱜捯污停潲牧浡屳祐桴湯停瑹潨㍮㈱䱜扩獜瑩ⵥ慰正条獥獜慴汲瑥整浜摩汤睥牡履慢敳瀮≹‬楬敮ㄠ㤸‬湩张损污彬ൟ †眠瑩⁨潣汬灡敳敟捸牧畯獰⤨ഺ 䘠汩⁥䌢尺獕牥屳整档屡灁䑰瑡屡潌慣屬牐杯慲獭停瑹潨屮祐桴湯ㄳ尲楌屢潣瑮硥汴扩瀮≹‬楬敮ㄠ㠵‬湩张敟楸彴ൟ †猠汥⹦敧⹮桴潲⡷慶畬⥥਍†楆敬∠㩃啜敳獲瑜捥慨䅜灰慄慴䱜捯污停潲牧浡屳祐桴湯停瑹潨㍮㈱䱜扩獜瑩ⵥ慰正条獥獜慴汲瑥整彜瑵汩⹳祰Ⱒ氠湩⁥㌹‬湩挠汯慬獰彥硥杣潲灵൳ †爠楡敳攠捸਍†楆敬∠㩃啜敳獲瑜捥慨䅜灰慄慴䱜捯污停潲牧浡屳祐桴湯停瑹潨㍮㈱䱜扩獜瑩ⵥ慰正条獥獜慴汲瑥整浜摩汤睥牡履慢敳瀮≹‬楬敮ㄠㄹ‬湩张损污彬ൟ †爠獥潰獮⁥‽睡楡⁴敳晬搮獩慰捴彨畦据爨煥敵瑳‬慣汬湟硥⥴਍†††††††帠幞幞幞幞幞幞幞幞幞幞幞幞幞幞幞幞幞幞幞幞幞൞ 䘠汩⁥䌢尺獕牥屳整档屡湏䑥楲敶䑜獥瑫灯獜污獥愠⁩汰瑡牦浯扜捡敫摮慜灰浜摩汤睥牡履敳畣楲祴瀮≹‬楬敮㈠㈱‬湩搠獩慰捴൨ †爠楡敳䠠呔䕐捸灥楴湯ന昊獡慴楰攮捸灥楴湯⹳呈偔硅散瑰潩㩮㐠㤲›潔⁯慭祮爠煥敵瑳⹳䴠硡浩浵㘠‰敲畱獥獴瀠牥洠湩瑵⁥污潬敷⹤਍਍㉛㈰ⴶ㌰㈭‹〲㌺㨰㠰㠮㜷〸崰嬠䑉昺㑤慢㝥ⵡ㤳㠶㐭晢ⴴ㈹㠰㠭搹㔵㠷㙤㥥嵤䔠剒›㈴㨹吠潯洠湡⁹敲畱獥獴‮慍楸畭⁭〶爠煥敵瑳⁳数⁲業畮整愠汬睯摥മ ⬠䔠捸灥楴湯䜠潲灵吠慲散慢正⠠潭瑳爠捥湥⁴慣汬氠獡⥴ഺ 簠†䘠汩⁥䌢尺獕牥屳整档屡灁䑰瑡屡潌慣屬牐杯慲獭停瑹潨屮祐桴湯ㄳ尲楌屢楳整瀭捡慫敧屳瑳牡敬瑴履畟楴獬瀮≹‬楬敮㠠ⰷ椠⁮潣汬灡敳敟捸牧畯獰਍†⁼††楹汥൤ 簠†䘠汩⁥䌢尺獕牥屳整档屡灁䑰瑡屡潌慣屬牐杯慲獭停瑹潨屮祐桴湯ㄳ尲楌屢楳整瀭捡慫敧屳瑳牡敬瑴履業摤敬慷敲扜獡⹥祰Ⱒ氠湩⁥㤱ⰰ椠⁮彟慣汬彟਍†⁼††獡湹⁣楷桴愠祮潩挮敲瑡彥慴歳束潲灵⤨愠⁳慴歳束潲灵ഺ 簠†䘠汩⁥䌢尺獕牥屳整档屡灁䑰瑡屡潌慣屬牐杯慲獭停瑹潨屮祐桴湯ㄳ尲楌屢楳整瀭捡慫敧屳湡楹屯扟捡敫摮屳慟祳据潩瀮≹‬楬敮㘠㠷‬湩张慟硥瑩彟਍†⁼††慲獩⁥慂敳硅散瑰潩䝮潲灵ന 簠䔠捸灥楴湯片畯㩰甠桮湡汤摥攠牲牯⁳湩愠吠獡䝫潲灵⠠‱畳ⵢ硥散瑰潩⥮਍†⴫⴫ⴭⴭⴭⴭⴭⴭⴭ‭‱ⴭⴭⴭⴭⴭⴭⴭⴭ਍††⁼牔捡扥捡⁫洨獯⁴敲散瑮挠污⁬慬瑳㨩਍††⁼†楆敬∠㩃啜敳獲瑜捥慨䅜灰慄慴䱜捯污停潲牧浡屳祐桴湯停瑹潨㍮㈱䱜扩獜瑩ⵥ慰正条獥獜慴汲瑥整浜摩汤睥牡履牥潲獲瀮≹‬楬敮ㄠ㐶‬湩张损污彬ൟ †簠††愠慷瑩猠汥⹦灡⡰捳灯ⱥ爠捥楥敶‬獟湥⥤਍††⁼†楆敬∠㩃啜敳獲瑜捥慨䅜灰慄慴䱜捯污停潲牧浡屳祐桴湯停瑹潨㍮㈱䱜扩獜瑩ⵥ慰正条獥獜慴汲瑥整浜摩汤睥牡履慢敳瀮≹‬楬敮ㄠ㤸‬湩张损污彬ൟ †簠††眠瑩⁨潣汬灡敳敟捸牧畯獰⤨ഺ †簠†䘠汩⁥䌢尺獕牥屳整档屡灁䑰瑡屡潌慣屬牐杯慲獭停瑹潨屮祐桴湯ㄳ尲楌屢潣瑮硥汴扩瀮≹‬楬敮ㄠ㠵‬湩张敟楸彴ൟ †簠††猠汥⹦敧⹮桴潲⡷慶畬⥥਍††⁼†楆敬∠㩃啜敳獲瑜捥慨䅜灰慄慴䱜捯污停潲牧浡屳祐桴湯停瑹潨㍮㈱䱜扩獜瑩ⵥ慰正条獥獜慴汲瑥整彜瑵汩⹳祰Ⱒ氠湩⁥㌹‬湩挠汯慬獰彥硥杣潲灵൳ †簠††爠楡敳攠捸਍††⁼†楆敬∠㩃啜敳獲瑜捥慨䅜灰慄慴䱜捯污停潲牧浡屳祐桴湯停瑹潨㍮㈱䱜扩獜瑩ⵥ慰正条獥獜慴汲瑥整浜摩汤睥牡履慢敳瀮≹‬楬敮ㄠㄹ‬湩张损污彬ൟ †簠††爠獥潰獮⁥‽睡楡⁴敳晬搮獩慰捴彨畦据爨煥敵瑳‬慣汬湟硥⥴਍††⁼†††††††帠幞幞幞幞幞幞幞幞幞幞幞幞幞幞幞幞幞幞幞幞幞൞ †簠†䘠汩⁥䌢尺獕牥屳整档屡湏䑥楲敶䑜獥瑫灯獜污獥愠⁩汰瑡牦浯扜捡敫摮慜灰浜摩汤睥牡履敲畱獥彴潣瑮硥⹴祰Ⱒ氠湩⁥㘵‬湩搠獩慰捴൨ †簠††爠楡敳攠਍††⁼†楆敬∠㩃啜敳獲瑜捥慨作敮牄癩履敄歳潴屰慳敬⁳楡瀠慬晴潲屭慢正湥層灡屰業摤敬慷敲牜煥敵瑳损湯整瑸瀮≹‬楬敮㔠ⰰ椠⁮楤灳瑡档਍††⁼††敲灳湯敳㴠愠慷瑩挠污彬敮瑸爨煥敵瑳ഩ †簠††††††††幞幞幞幞幞幞幞幞幞幞幞幞਍††⁼†楆敬∠㩃啜敳獲瑜捥慨䅜灰慄慴䱜捯污停潲牧浡屳祐桴湯停瑹潨㍮㈱䱜扩獜瑩ⵥ慰正条獥獜慴汲瑥整浜摩汤睥牡履慢敳瀮≹‬楬敮ㄠ㔶‬湩挠污彬敮瑸਍††⁼††慲獩⁥灡彰硥ൣ †簠†䘠汩⁥䌢尺獕牥屳整档屡灁䑰瑡屡潌慣屬牐杯慲獭停瑹潨屮祐桴湯ㄳ尲楌屢楳整瀭捡慫敧屳瑳牡敬瑴履業摤敬慷敲扜獡⹥祰Ⱒ氠湩⁥㔱ⰱ椠⁮潣潲਍††⁼††睡楡⁴敳晬愮灰猨潣数‬敲散癩彥牯摟獩潣湮捥ⱴ猠湥彤潮敟牲牯ഩ †簠†䘠汩⁥䌢尺獕牥屳整档屡灁䑰瑡屡潌慣屬牐杯慲獭停瑹潨屮祐桴湯ㄳ尲楌屢楳整瀭捡慫敧屳瑳牡敬瑴履業摤敬慷敲扜獡⹥祰Ⱒ氠湩⁥㠱ⰹ椠⁮彟慣汬彟਍††⁼††楷桴挠汯慬獰彥硥杣潲灵⡳㨩਍††⁼†楆敬∠㩃啜敳獲瑜捥慨䅜灰慄慴䱜捯污停潲牧浡屳祐桴湯停瑹潨㍮㈱䱜扩捜湯整瑸楬⹢祰Ⱒ氠湩⁥㔱ⰸ椠⁮彟硥瑩彟਍††⁼††敳晬朮湥琮牨睯瘨污敵ഩ †簠†䘠汩⁥䌢尺獕牥屳整档屡灁䑰瑡屡潌慣屬牐杯慲獭停瑹潨屮祐桴湯ㄳ尲楌屢楳整瀭捡慫敧屳瑳牡敬瑴履畟楴獬瀮≹‬楬敮㤠ⰳ椠⁮潣汬灡敳敟捸牧畯獰਍††⁼††慲獩⁥硥ൣ †簠†䘠汩⁥䌢尺獕牥屳整档屡灁䑰瑡屡潌慣屬牐杯慲獭停瑹潨屮祐桴湯ㄳ尲楌屢楳整瀭捡慫敧屳瑳牡敬瑴履業摤敬慷敲扜獡⹥祰Ⱒ氠湩⁥㤱ⰱ椠⁮彟慣汬彟਍††⁼††敲灳湯敳㴠愠慷瑩猠汥⹦楤灳瑡档晟湵⡣敲畱獥ⱴ挠污彬敮瑸ഩ †簠††††††††幞幞幞幞幞幞幞幞幞幞幞幞幞幞幞幞幞幞幞幞幞幞਍††⁼†楆敬∠㩃啜敳獲瑜捥慨作敮牄癩履敄歳潴屰慳敬⁳楡瀠慬晴潲屭慢正湥層灡屰業摤敬慷敲獜捥牵瑩⹹祰Ⱒ氠湩⁥㌲ⰲ椠⁮楤灳瑡档਍††⁼††敲灳湯敳㴠愠慷瑩挠污彬敮瑸爨煥敵瑳ഩ †簠††††††††幞幞幞幞幞幞幞幞幞幞幞幞਍††⁼†楆敬∠㩃啜敳獲瑜捥慨䅜灰慄慴䱜捯污停潲牧浡屳祐桴湯停瑹潨㍮㈱䱜扩獜瑩ⵥ慰正条獥獜慴汲瑥整浜摩汤睥牡履慢敳瀮≹‬楬敮ㄠ㔶‬湩挠污彬敮瑸਍††⁼††慲獩⁥灡彰硥ൣ †簠†䘠汩⁥䌢尺獕牥屳整档屡灁䑰瑡屡潌慣屬牐杯慲獭停瑹潨屮祐桴湯ㄳ尲楌屢楳整瀭捡慫敧屳瑳牡敬瑴履業摤敬慷敲扜獡⹥祰Ⱒ氠湩⁥㔱ⰱ椠⁮潣潲਍††⁼††睡楡⁴敳晬愮灰猨潣数‬敲散癩彥牯摟獩潣湮捥ⱴ猠湥彤潮敟牲牯ഩ †簠†䘠汩⁥䌢尺獕牥屳整档屡灁䑰瑡屡潌慣屬牐杯慲獭停瑹潨屮祐桴湯ㄳ尲楌屢楳整瀭捡慫敧屳瑳牡敬瑴履業摤敬慷敲扜獡⹥祰Ⱒ氠湩⁥㠱ⰹ椠⁮彟慣汬彟਍††⁼††楷桴挠汯慬獰彥硥杣潲灵⡳㨩਍††⁼†楆敬∠㩃啜敳獲瑜捥慨䅜灰慄慴䱜捯污停潲牧浡屳祐桴湯停瑹潨㍮㈱䱜扩捜湯整瑸楬⹢祰Ⱒ氠湩⁥㔱ⰸ椠⁮彟硥瑩彟਍††⁼††敳晬朮湥琮牨睯瘨污敵ഩ †簠†䘠汩⁥䌢尺獕牥屳整档屡灁䑰瑡屡潌慣屬牐杯慲獭停瑹潨屮祐桴湯ㄳ尲楌屢楳整瀭捡慫敧屳瑳牡敬瑴履畟楴獬瀮≹‬楬敮㤠ⰳ椠⁮潣汬灡敳敟捸牧畯獰਍††⁼††慲獩⁥硥ൣ †簠†䘠汩⁥䌢尺獕牥屳整档屡灁䑰瑡屡潌慣屬牐杯慲獭停瑹潨屮祐桴湯ㄳ尲楌屢楳整瀭捡慫敧屳瑳牡敬瑴履業摤敬慷敲扜獡⹥祰Ⱒ氠湩⁥㤱ⰱ椠⁮彟慣汬彟਍††⁼††敲灳湯敳㴠愠慷瑩猠汥⹦楤灳瑡档晟湵⡣敲畱獥ⱴ挠污彬敮瑸ഩ †簠††††††††幞幞幞幞幞幞幞幞幞幞幞幞幞幞幞幞幞幞幞幞幞幞਍††⁼†楆敬∠㩃啜敳獲瑜捥慨作敮牄癩履敄歳潴屰慳敬⁳楡瀠慬晴潲屭慢正湥層灡屰業摤敬慷敲獜捥牵瑩⹹祰Ⱒ氠湩⁥ㄲⰲ椠⁮楤灳瑡档਍††⁼††慲獩⁥呈偔硅散瑰潩⡮਍††⁼慦瑳灡⹩硥散瑰潩獮䠮呔䕐捸灥楴湯›㈴㨹吠潯洠湡⁹敲畱獥獴‮慍楸畭⁭〶爠煥敵瑳⁳数⁲業畮整愠汬睯摥മ †⬠ⴭⴭⴭⴭⴭⴭⴭⴭⴭⴭⴭⴭⴭⴭⴭⴭⴭⴭ਍਍畄楲杮栠湡汤湩⁧景琠敨愠潢敶攠捸灥楴湯‬湡瑯敨⁲硥散瑰潩⁮捯畣牲摥ഺഊ吊慲散慢正⠠潭瑳爠捥湥⁴慣汬氠獡⥴ഺ 䘠汩⁥䌢尺獕牥屳整档屡灁䑰瑡屡潌慣屬牐杯慲獭停瑹潨屮祐桴湯ㄳ尲楌屢楳整瀭捡慫敧屳瑳牡敬瑴履業摤敬慷敲敜牲牯⹳祰Ⱒ氠湩⁥㘱ⰴ椠⁮彟慣汬彟਍††睡楡⁴敳晬愮灰猨潣数‬敲散癩ⱥ张敳摮ഩ 䘠汩⁥䌢尺獕牥屳整档屡灁䑰瑡屡潌慣屬牐杯慲獭停瑹潨屮祐桴湯ㄳ尲楌屢楳整瀭捡慫敧屳瑳牡敬瑴履業摤敬慷敲扜獡⹥祰Ⱒ氠湩⁥㠱ⰹ椠⁮彟慣汬彟਍††楷桴挠汯慬獰彥硥杣潲灵⡳㨩਍†楆敬∠㩃啜敳獲瑜捥慨䅜灰慄慴䱜捯污停潲牧浡屳祐桴湯停瑹潨㍮㈱䱜扩捜湯整瑸楬⹢祰Ⱒ氠湩⁥㔱ⰸ椠⁮彟硥瑩彟਍††敳晬朮湥琮牨睯瘨污敵ഩ 䘠汩⁥䌢尺獕牥屳整档屡灁䑰瑡屡潌慣屬牐杯慲獭停瑹潨屮祐桴湯ㄳ尲楌屢楳整瀭捡慫敧屳瑳牡敬瑴履畟楴獬瀮≹‬楬敮㤠ⰳ椠⁮潣汬灡敳敟捸牧畯獰਍††慲獩⁥硥ൣ 䘠汩⁥䌢尺獕牥屳整档屡灁䑰瑡屡潌慣屬牐杯慲獭停瑹潨屮祐桴湯ㄳ尲楌屢楳整瀭捡慫敧屳瑳牡敬瑴履業摤敬慷敲扜獡⹥祰Ⱒ氠湩⁥㤱ⰱ椠⁮彟慣汬彟਍††敲灳湯敳㴠愠慷瑩猠汥⹦楤灳瑡档晟湵⡣敲畱獥ⱴ挠污彬敮瑸ഩ †††††††幞幞幞幞幞幞幞幞幞幞幞幞幞幞幞幞幞幞幞幞幞幞਍†楆敬∠㩃啜敳獲瑜捥慨作敮牄癩履敄歳潴屰慳敬⁳楡瀠慬晴潲屭慢正湥層灡屰業摤敬慷敲牜煥敵瑳损湯整瑸瀮≹‬楬敮㔠ⰶ椠⁮楤灳瑡档਍††慲獩⁥൥ 䘠汩⁥䌢尺獕牥屳整档屡湏䑥楲敶䑜獥瑫灯獜污獥愠⁩汰瑡牦浯扜捡敫摮慜灰浜摩汤睥牡履敲畱獥彴潣瑮硥⹴祰Ⱒ氠湩⁥〵‬湩搠獩慰捴൨ †爠獥潰獮⁥‽睡楡⁴慣汬湟硥⡴敲畱獥⥴਍†††††††帠幞幞幞幞幞幞幞幞幞幞幞൞ 䘠汩⁥䌢尺獕牥屳整档屡灁䑰瑡屡潌慣屬牐杯慲獭停瑹潨屮祐桴湯ㄳ尲楌屢楳整瀭捡慫敧屳瑳牡敬瑴履業摤敬慷敲扜獡⹥祰Ⱒ氠湩⁥㘱ⰵ椠⁮慣汬湟硥൴ †爠楡敳愠灰敟捸਍†楆敬∠㩃啜敳獲瑜捥慨䅜灰慄慴䱜捯污停潲牧浡屳祐桴湯停瑹潨㍮㈱䱜扩獜瑩ⵥ慰正条獥獜慴汲瑥整浜摩汤睥牡履慢敳瀮≹‬楬敮ㄠㄵ‬湩挠牯൯ †愠慷瑩猠汥⹦灡⡰捳灯ⱥ爠捥楥敶潟彲楤捳湯敮瑣‬敳摮湟彯牥潲⥲਍†楆敬∠㩃啜敳獲瑜捥慨䅜灰慄慴䱜捯污停潲牧浡屳祐桴湯停瑹潨㍮㈱䱜扩獜瑩ⵥ慰正条獥獜慴汲瑥整浜摩汤睥牡履慢敳瀮≹‬楬敮ㄠ㤸‬湩张损污彬ൟ †眠瑩⁨潣汬灡敳敟捸牧畯獰⤨ഺ 䘠汩⁥䌢尺獕牥屳整档屡灁䑰瑡屡潌慣屬牐杯慲獭停瑹潨屮祐桴湯ㄳ尲楌屢潣瑮硥汴扩瀮≹‬楬敮ㄠ㠵‬湩张敟楸彴ൟ †猠汥⹦敧⹮桴潲⡷慶畬⥥਍†楆敬∠㩃啜敳獲瑜捥慨䅜灰慄慴䱜捯污停潲牧浡屳祐桴湯停瑹潨㍮㈱䱜扩獜瑩ⵥ慰正条獥獜慴汲瑥整彜瑵汩⹳祰Ⱒ氠湩⁥㌹‬湩挠汯慬獰彥硥杣潲灵൳ †爠楡敳攠捸਍†楆敬∠㩃啜敳獲瑜捥慨䅜灰慄慴䱜捯污停潲牧浡屳祐桴湯停瑹潨㍮㈱䱜扩獜瑩ⵥ慰正条獥獜慴汲瑥整浜摩汤睥牡履慢敳瀮≹‬楬敮ㄠㄹ‬湩张损污彬ൟ †爠獥潰獮⁥‽睡楡⁴敳晬搮獩慰捴彨畦据爨煥敵瑳‬慣汬湟硥⥴਍†††††††帠幞幞幞幞幞幞幞幞幞幞幞幞幞幞幞幞幞幞幞幞幞൞ 䘠汩⁥䌢尺獕牥屳整档屡湏䑥楲敶䑜獥瑫灯獜污獥愠⁩汰瑡牦浯扜捡敫摮慜灰浜摩汤睥牡履敳畣楲祴瀮≹‬楬敮㈠㈳‬湩搠獩慰捴൨ †爠獥潰獮⁥‽睡楡⁴慣汬湟硥⡴敲畱獥⥴਍†††††††帠幞幞幞幞幞幞幞幞幞幞幞൞ 䘠汩⁥䌢尺獕牥屳整档屡灁䑰瑡屡潌慣屬牐杯慲獭停瑹潨屮祐桴湯ㄳ尲楌屢楳整瀭捡慫敧屳瑳牡敬瑴履業摤敬慷敲扜獡⹥祰Ⱒ氠湩⁥㘱ⰵ椠⁮慣汬湟硥൴ †爠楡敳愠灰敟捸਍†楆敬∠㩃啜敳獲瑜捥慨䅜灰慄慴䱜捯污停潲牧浡屳祐桴湯停瑹潨㍮㈱䱜扩獜瑩ⵥ慰正条獥獜慴汲瑥整浜摩汤睥牡履慢敳瀮≹‬楬敮ㄠㄵ‬湩挠牯൯ †愠慷瑩猠汥⹦灡⡰捳灯ⱥ爠捥楥敶潟彲楤捳湯敮瑣‬敳摮湟彯牥潲⥲਍†楆敬∠㩃啜敳獲瑜捥慨䅜灰慄慴䱜捯污停潲牧浡屳祐桴湯停瑹潨㍮㈱䱜扩獜瑩ⵥ慰正条獥獜慴汲瑥整浜摩汤睥牡履慢敳瀮≹‬楬敮ㄠ㤸‬湩张损污彬ൟ †眠瑩⁨潣汬灡敳敟捸牧畯獰⤨ഺ 䘠汩⁥䌢尺獕牥屳整档屡灁䑰瑡屡潌慣屬牐杯慲獭停瑹潨屮祐桴湯ㄳ尲楌屢潣瑮硥汴扩瀮≹‬楬敮ㄠ㠵‬湩张敟楸彴ൟ †猠汥⹦敧⹮桴潲⡷慶畬⥥਍†楆敬∠㩃啜敳獲瑜捥慨䅜灰慄慴䱜捯污停潲牧浡屳祐桴湯停瑹潨㍮㈱䱜扩獜瑩ⵥ慰正条獥獜慴汲瑥整彜瑵汩⹳祰Ⱒ氠湩⁥㌹‬湩挠汯慬獰彥硥杣潲灵൳ †爠楡敳攠捸਍†楆敬∠㩃啜敳獲瑜捥慨䅜灰慄慴䱜捯污停潲牧浡屳祐桴湯停瑹潨㍮㈱䱜扩獜瑩ⵥ慰正条獥獜慴汲瑥整浜摩汤睥牡履慢敳瀮≹‬楬敮ㄠㄹ‬湩张损污彬ൟ †爠獥潰獮⁥‽睡楡⁴敳晬搮獩慰捴彨畦据爨煥敵瑳‬慣汬湟硥⥴਍†††††††帠幞幞幞幞幞幞幞幞幞幞幞幞幞幞幞幞幞幞幞幞幞൞ 䘠汩⁥䌢尺獕牥屳整档屡湏䑥楲敶䑜獥瑫灯獜污獥愠⁩汰瑡牦浯扜捡敫摮慜灰浜摩汤睥牡履敳畣楲祴瀮≹‬楬敮㈠㈱‬湩搠獩慰捴൨ †爠楡敳䠠呔䕐捸灥楴湯ന昊獡慴楰攮捸灥楴湯⹳呈偔硅散瑰潩㩮㐠㤲›潔⁯慭祮爠煥敵瑳⹳䴠硡浩浵㘠‰敲畱獥獴瀠牥洠湩瑵⁥污潬敷⹤਍਍㉛㈰ⴶ㌰㈭‹〲㌺㨰㠰㠮㈹〸崵嬠䑉㘺㑦㐵ㄱⴵ挴戹㐭㙥ⴸ㐹慢㘭㥤㤱扤戸㉣嵢䔠剒›㈴㨹吠潯洠湡⁹敲畱獥獴‮慍楸畭⁭〶爠煥敵瑳⁳数⁲業畮整愠汬睯摥മ ⬠䔠捸灥楴湯䜠潲灵吠慲散慢正⠠潭瑳爠捥湥⁴慣汬氠獡⥴ഺ 簠†䘠汩⁥䌢尺獕牥屳整档屡灁䑰瑡屡潌慣屬牐杯慲獭停瑹潨屮祐桴湯ㄳ尲楌屢楳整瀭捡慫敧屳瑳牡敬瑴履畟楴獬瀮≹‬楬敮㠠ⰷ椠⁮潣汬灡敳敟捸牧畯獰਍†⁼††楹汥൤ 簠†䘠汩⁥䌢尺獕牥屳整档屡灁䑰瑡屡潌慣屬牐杯慲獭停瑹潨屮祐桴湯ㄳ尲楌屢楳整瀭捡慫敧屳瑳牡敬瑴履業摤敬慷敲扜獡⹥祰Ⱒ氠湩⁥㤱ⰰ椠⁮彟慣汬彟਍†⁼††獡湹⁣楷桴愠祮潩挮敲瑡彥慴歳束潲灵⤨愠⁳慴歳束潲灵ഺ 簠†䘠汩⁥䌢尺獕牥屳整档屡灁䑰瑡屡潌慣屬牐杯慲獭停瑹潨屮祐桴湯ㄳ尲楌屢楳整瀭捡慫敧屳湡楹屯扟捡敫摮屳慟祳据潩瀮≹‬楬敮㘠㠷‬湩张慟硥瑩彟਍†⁼††慲獩⁥慂敳硅散瑰潩䝮潲灵ന 簠䔠捸灥楴湯片畯㩰甠桮湡汤摥攠牲牯⁳湩愠吠獡䝫潲灵⠠‱畳ⵢ硥散瑰潩⥮਍†⴫⴫ⴭⴭⴭⴭⴭⴭⴭ‭‱ⴭⴭⴭⴭⴭⴭⴭⴭ਍††⁼牔捡扥捡⁫洨獯⁴敲散瑮挠污⁬慬瑳㨩਍††⁼†楆敬∠㩃啜敳獲瑜捥慨䅜灰慄慴䱜捯污停潲牧浡屳祐桴湯停瑹潨㍮㈱䱜扩獜瑩ⵥ慰正条獥獜慴汲瑥整浜摩汤睥牡履牥潲獲瀮≹‬楬敮ㄠ㐶‬湩张损污彬ൟ †簠††愠慷瑩猠汥⹦灡⡰捳灯ⱥ爠捥楥敶‬獟湥⥤਍††⁼†楆敬∠㩃啜敳獲瑜捥慨䅜灰慄慴䱜捯污停潲牧浡屳祐桴湯停瑹潨㍮㈱䱜扩獜瑩ⵥ慰正条獥獜慴汲瑥整浜摩汤睥牡履慢敳瀮≹‬楬敮ㄠ㤸‬湩张损污彬ൟ †簠††眠瑩⁨潣汬灡敳敟捸牧畯獰⤨ഺ †簠†䘠汩⁥䌢尺獕牥屳整档屡灁䑰瑡屡潌慣屬牐杯慲獭停瑹潨屮祐桴湯ㄳ尲楌屢潣瑮硥汴扩瀮≹‬楬敮ㄠ㠵‬湩张敟楸彴ൟ †簠††猠汥⹦敧⹮桴潲⡷慶畬⥥਍††⁼†楆敬∠㩃啜敳獲瑜捥慨䅜灰慄慴䱜捯污停潲牧浡屳祐桴湯停瑹潨㍮㈱䱜扩獜瑩ⵥ慰正条獥獜慴汲瑥整彜瑵汩⹳祰Ⱒ氠湩⁥㌹‬湩挠汯慬獰彥硥杣潲灵൳ †簠††爠楡敳攠捸਍††⁼†楆敬∠㩃啜敳獲瑜捥慨䅜灰慄慴䱜捯污停潲牧浡屳祐桴湯停瑹潨㍮㈱䱜扩獜瑩ⵥ慰正条獥獜慴汲瑥整浜摩汤睥牡履慢敳瀮≹‬楬敮ㄠㄹ‬湩张损污彬ൟ †簠††爠獥潰獮⁥‽睡楡⁴敳晬搮獩慰捴彨畦据爨煥敵瑳‬慣汬湟硥⥴਍††⁼†††††††帠幞幞幞幞幞幞幞幞幞幞幞幞幞幞幞幞幞幞幞幞幞൞ †簠†䘠汩⁥䌢尺獕牥屳整档屡湏䑥楲敶䑜獥瑫灯獜污獥愠⁩汰瑡牦浯扜捡敫摮慜灰浜摩汤睥牡履敲畱獥彴潣瑮硥⹴祰Ⱒ氠湩⁥㘵‬湩搠獩慰捴൨ †簠††爠楡敳攠਍††⁼†楆敬∠㩃啜敳獲瑜捥慨作敮牄癩履敄歳潴屰慳敬⁳楡瀠慬晴潲屭慢正湥層灡屰業摤敬慷敲牜煥敵瑳损湯整瑸瀮≹‬楬敮㔠ⰰ椠⁮楤灳瑡档਍††⁼††敲灳湯敳㴠愠慷瑩挠污彬敮瑸爨煥敵瑳ഩ †簠††††††††幞幞幞幞幞幞幞幞幞幞幞幞਍††⁼†楆敬∠㩃啜敳獲瑜捥慨䅜灰慄慴䱜捯污停潲牧浡屳祐桴湯停瑹潨㍮㈱䱜扩獜瑩ⵥ慰正条獥獜慴汲瑥整浜摩汤睥牡履慢敳瀮≹‬楬敮ㄠ㔶‬湩挠污彬敮瑸਍††⁼††慲獩⁥灡彰硥ൣ †簠†䘠汩⁥䌢尺獕牥屳整档屡灁䑰瑡屡潌慣屬牐杯慲獭停瑹潨屮祐桴湯ㄳ尲楌屢楳整瀭捡慫敧屳瑳牡敬瑴履業摤敬慷敲扜獡⹥祰Ⱒ氠湩⁥㔱ⰱ椠⁮潣潲਍††⁼††睡楡⁴敳晬愮灰猨潣数‬敲散癩彥牯摟獩潣湮捥ⱴ猠湥彤潮敟牲牯ഩ †簠†䘠汩⁥䌢尺獕牥屳整档屡灁䑰瑡屡潌慣屬牐杯慲獭停瑹潨屮祐桴湯ㄳ尲楌屢楳整瀭捡慫敧屳瑳牡敬瑴履業摤敬慷敲扜獡⹥祰Ⱒ氠湩⁥㠱ⰹ椠⁮彟慣汬彟਍††⁼††楷桴挠汯慬獰彥硥杣潲灵⡳㨩਍††⁼†楆敬∠㩃啜敳獲瑜捥慨䅜灰慄慴䱜捯污停潲牧浡屳祐桴湯停瑹潨㍮㈱䱜扩捜湯整瑸楬⹢祰Ⱒ氠湩⁥㔱ⰸ椠⁮彟硥瑩彟਍††⁼††敳晬朮湥琮牨睯瘨污敵ഩ †簠†䘠汩⁥䌢尺獕牥屳整档屡灁䑰瑡屡潌慣屬牐杯慲獭停瑹潨屮祐桴湯ㄳ尲楌屢楳整瀭捡慫敧屳瑳牡敬瑴履畟楴獬瀮≹‬楬敮㤠ⰳ椠⁮潣汬灡敳敟捸牧畯獰਍††⁼††慲獩⁥硥ൣ †簠†䘠汩⁥䌢尺獕牥屳整档屡灁䑰瑡屡潌慣屬牐杯慲獭停瑹潨屮祐桴湯ㄳ尲楌屢楳整瀭捡慫敧屳瑳牡敬瑴履業摤敬慷敲扜獡⹥祰Ⱒ氠湩⁥㤱ⰱ椠⁮彟慣汬彟਍††⁼††敲灳湯敳㴠愠慷瑩猠汥⹦楤灳瑡档晟湵⡣敲畱獥ⱴ挠污彬敮瑸ഩ †簠††††††††幞幞幞幞幞幞幞幞幞幞幞幞幞幞幞幞幞幞幞幞幞幞਍††⁼†楆敬∠㩃啜敳獲瑜捥慨作敮牄癩履敄歳潴屰慳敬⁳楡瀠慬晴潲屭慢正湥層灡屰業摤敬慷敲獜捥牵瑩⹹祰Ⱒ氠湩⁥㌲ⰲ椠⁮楤灳瑡档਍††⁼††敲灳湯敳㴠愠慷瑩挠污彬敮瑸爨煥敵瑳ഩ †簠††††††††幞幞幞幞幞幞幞幞幞幞幞幞਍††⁼†楆敬∠㩃啜敳獲瑜捥慨䅜灰慄慴䱜捯污停潲牧浡屳祐桴湯停瑹潨㍮㈱䱜扩獜瑩ⵥ慰正条獥獜慴汲瑥整浜摩汤睥牡履慢敳瀮≹‬楬敮ㄠ㔶‬湩挠污彬敮瑸਍††⁼††慲獩⁥灡彰硥ൣ †簠†䘠汩⁥䌢尺獕牥屳整档屡灁䑰瑡屡潌慣屬牐杯慲獭停瑹潨屮祐桴湯ㄳ尲楌屢楳整瀭捡慫敧屳瑳牡敬瑴履業摤敬慷敲扜獡⹥祰Ⱒ氠湩⁥㔱ⰱ椠⁮潣潲਍††⁼††睡楡⁴敳晬愮灰猨潣数‬敲散癩彥牯摟獩潣湮捥ⱴ猠湥彤潮敟牲牯ഩ †簠†䘠汩⁥䌢尺獕牥屳整档屡灁䑰瑡屡潌慣屬牐杯慲獭停瑹潨屮祐桴湯ㄳ尲楌屢楳整瀭捡慫敧屳瑳牡敬瑴履業摤敬慷敲扜獡⹥祰Ⱒ氠湩⁥㠱ⰹ椠⁮彟慣汬彟਍††⁼††楷桴挠汯慬獰彥硥杣潲灵⡳㨩਍††⁼†楆敬∠㩃啜敳獲瑜捥慨䅜灰慄慴䱜捯污停潲牧浡屳祐桴湯停瑹潨㍮㈱䱜扩捜湯整瑸楬⹢祰Ⱒ氠湩⁥㔱ⰸ椠⁮彟硥瑩彟਍††⁼††敳晬朮湥琮牨睯瘨污敵ഩ †簠†䘠汩⁥䌢尺獕牥屳整档屡灁䑰瑡屡潌慣屬牐杯慲獭停瑹潨屮祐桴湯ㄳ尲楌屢楳整瀭捡慫敧屳瑳牡敬瑴履畟楴獬瀮≹‬楬敮㤠ⰳ椠⁮潣汬灡敳敟捸牧畯獰਍††⁼††慲獩⁥硥ൣ †簠†䘠汩⁥䌢尺獕牥屳整档屡灁䑰瑡屡潌慣屬牐杯慲獭停瑹潨屮祐桴湯ㄳ尲楌屢楳整瀭捡慫敧屳瑳牡敬瑴履業摤敬慷敲扜獡⹥祰Ⱒ氠湩⁥㤱ⰱ椠⁮彟慣汬彟਍††⁼††敲灳湯敳㴠愠慷瑩猠汥⹦楤灳瑡档晟湵⡣敲畱獥ⱴ挠污彬敮瑸ഩ †簠††††††††幞幞幞幞幞幞幞幞幞幞幞幞幞幞幞幞幞幞幞幞幞幞਍††⁼†楆敬∠㩃啜敳獲瑜捥慨作敮牄癩履敄歳潴屰慳敬⁳楡瀠慬晴潲屭慢正湥層灡屰業摤敬慷敲獜捥牵瑩⹹祰Ⱒ氠湩⁥ㄲⰲ椠⁮楤灳瑡档਍††⁼††慲獩⁥呈偔硅散瑰潩⡮਍††⁼慦瑳灡⹩硥散瑰潩獮䠮呔䕐捸灥楴湯›㈴㨹吠潯洠湡⁹敲畱獥獴‮慍楸畭⁭〶爠煥敵瑳⁳数⁲業畮整愠汬睯摥മ †⬠ⴭⴭⴭⴭⴭⴭⴭⴭⴭⴭⴭⴭⴭⴭⴭⴭⴭⴭ਍਍畄楲杮栠湡汤湩⁧景琠敨愠潢敶攠捸灥楴湯‬湡瑯敨⁲硥散瑰潩⁮捯畣牲摥ഺഊ吊慲散慢正⠠潭瑳爠捥湥⁴慣汬氠獡⥴ഺ 䘠汩⁥䌢尺獕牥屳整档屡灁䑰瑡屡潌慣屬牐杯慲獭停瑹潨屮祐桴湯ㄳ尲楌屢楳整瀭捡慫敧屳瑳牡敬瑴履業摤敬慷敲敜牲牯⹳祰Ⱒ氠湩⁥㘱ⰴ椠⁮彟慣汬彟਍††睡楡⁴敳晬愮灰猨潣数‬敲散癩ⱥ张敳摮ഩ 䘠汩⁥䌢尺獕牥屳整档屡灁䑰瑡屡潌慣屬牐杯慲獭停瑹潨屮祐桴湯ㄳ尲楌屢楳整瀭捡慫敧屳瑳牡敬瑴履業摤敬慷敲扜獡⹥祰Ⱒ氠湩⁥㠱ⰹ椠⁮彟慣汬彟਍††楷桴挠汯慬獰彥硥杣潲灵⡳㨩਍†楆敬∠㩃啜敳獲瑜捥慨䅜灰慄慴䱜捯污停潲牧浡屳祐桴湯停瑹潨㍮㈱䱜扩捜湯整瑸楬⹢祰Ⱒ氠湩⁥㔱ⰸ椠⁮彟硥瑩彟਍††敳晬朮湥琮牨睯瘨污敵ഩ 䘠汩⁥䌢尺獕牥屳整档屡灁䑰瑡屡潌慣屬牐杯慲獭停瑹潨屮祐桴湯ㄳ尲楌屢楳整瀭捡慫敧屳瑳牡敬瑴履畟楴獬瀮≹‬楬敮㤠ⰳ椠⁮潣汬灡敳敟捸牧畯獰਍††慲獩⁥硥ൣ 䘠汩⁥䌢尺獕牥屳整档屡灁䑰瑡屡潌慣屬牐杯慲獭停瑹潨屮祐桴湯ㄳ尲楌屢楳整瀭捡慫敧屳瑳牡敬瑴履業摤敬慷敲扜獡⹥祰Ⱒ氠湩⁥㤱ⰱ椠⁮彟慣汬彟਍††敲灳湯敳㴠愠慷瑩猠汥⹦楤灳瑡档晟湵⡣敲畱獥ⱴ挠污彬敮瑸ഩ †††††††幞幞幞幞幞幞幞幞幞幞幞幞幞幞幞幞幞幞幞幞幞幞਍†楆敬∠㩃啜敳獲瑜捥慨作敮牄癩履敄歳潴屰慳敬⁳楡瀠慬晴潲屭慢正湥層灡屰業摤敬慷敲牜煥敵瑳损湯整瑸瀮≹‬楬敮㔠ⰶ椠⁮楤灳瑡档਍††慲獩⁥൥ 䘠汩⁥䌢尺獕牥屳整档屡湏䑥楲敶䑜獥瑫灯獜污獥愠⁩汰瑡牦浯扜捡敫摮慜灰浜摩汤睥牡履敲畱獥彴潣瑮硥⹴祰Ⱒ氠湩⁥〵‬湩搠獩慰捴൨ †爠獥潰獮⁥‽睡楡⁴慣汬湟硥⡴敲畱獥⥴਍†††††††帠幞幞幞幞幞幞幞幞幞幞幞൞ 䘠汩⁥䌢尺獕牥屳整档屡灁䑰瑡屡潌慣屬牐杯慲獭停瑹潨屮祐桴湯ㄳ尲楌屢楳整瀭捡慫敧屳瑳牡敬瑴履業摤敬慷敲扜獡⹥祰Ⱒ氠湩⁥㘱ⰵ椠⁮慣汬湟硥൴ †爠楡敳愠灰敟捸਍†楆敬∠㩃啜敳獲瑜捥慨䅜灰慄慴䱜捯污停潲牧浡屳祐桴湯停瑹潨㍮㈱䱜扩獜瑩ⵥ慰正条獥獜慴汲瑥整浜摩汤睥牡履慢敳瀮≹‬楬敮ㄠㄵ‬湩挠牯൯ †愠慷瑩猠汥⹦灡⡰捳灯ⱥ爠捥楥敶潟彲楤捳湯敮瑣‬敳摮湟彯牥潲⥲਍†楆敬∠㩃啜敳獲瑜捥慨䅜灰慄慴䱜捯污停潲牧浡屳祐桴湯停瑹潨㍮㈱䱜扩獜瑩ⵥ慰正条獥獜慴汲瑥整浜摩汤睥牡履慢敳瀮≹‬楬敮ㄠ㤸‬湩张损污彬ൟ †眠瑩⁨潣汬灡敳敟捸牧畯獰⤨ഺ 䘠汩⁥䌢尺獕牥屳整档屡灁䑰瑡屡潌慣屬牐杯慲獭停瑹潨屮祐桴湯ㄳ尲楌屢潣瑮硥汴扩瀮≹‬楬敮ㄠ㠵‬湩张敟楸彴ൟ †猠汥⹦敧⹮桴潲⡷慶畬⥥਍†楆敬∠㩃啜敳獲瑜捥慨䅜灰慄慴䱜捯污停潲牧浡屳祐桴湯停瑹潨㍮㈱䱜扩獜瑩ⵥ慰正条獥獜慴汲瑥整彜瑵汩⹳祰Ⱒ氠湩⁥㌹‬湩挠汯慬獰彥硥杣潲灵൳ †爠楡敳攠捸਍†楆敬∠㩃啜敳獲瑜捥慨䅜灰慄慴䱜捯污停潲牧浡屳祐桴湯停瑹潨㍮㈱䱜扩獜瑩ⵥ慰正条獥獜慴汲瑥整浜摩汤睥牡履慢敳瀮≹‬楬敮ㄠㄹ‬湩张损污彬ൟ †爠獥潰獮⁥‽睡楡⁴敳晬搮獩慰捴彨畦据爨煥敵瑳‬慣汬湟硥⥴਍†††††††帠幞幞幞幞幞幞幞幞幞幞幞幞幞幞幞幞幞幞幞幞幞൞ 䘠汩⁥䌢尺獕牥屳整档屡湏䑥楲敶䑜獥瑫灯獜污獥愠⁩汰瑡牦浯扜捡敫摮慜灰浜摩汤睥牡履敳畣楲祴瀮≹‬楬敮㈠㈳‬湩搠獩慰捴൨ †爠獥潰獮⁥‽睡楡⁴慣汬湟硥⡴敲畱獥⥴਍†††††††帠幞幞幞幞幞幞幞幞幞幞幞൞ 䘠汩⁥䌢尺獕牥屳整档屡灁䑰瑡屡潌慣屬牐杯慲獭停瑹潨屮祐桴湯ㄳ尲楌屢楳整瀭捡慫敧屳瑳牡敬瑴履業摤敬慷敲扜獡⹥祰Ⱒ氠湩⁥㘱ⰵ椠⁮慣汬湟硥൴ †爠楡敳愠灰敟捸਍†楆敬∠㩃啜敳獲瑜捥慨䅜灰慄慴䱜捯污停潲牧浡屳祐桴湯停瑹潨㍮㈱䱜扩獜瑩ⵥ慰正条獥獜慴汲瑥整浜摩汤睥牡履慢敳瀮≹‬楬敮ㄠㄵ‬湩挠牯൯ †愠慷瑩猠汥⹦灡⡰捳灯ⱥ爠捥楥敶潟彲楤捳湯敮瑣‬敳摮湟彯牥潲⥲਍†楆敬∠㩃啜敳獲瑜捥慨䅜灰慄慴䱜捯污停潲牧浡屳祐桴湯停瑹潨㍮㈱䱜扩獜瑩ⵥ慰正条獥獜慴汲瑥整浜摩汤睥牡履慢敳瀮≹‬楬敮ㄠ㤸‬湩张损污彬ൟ †眠瑩⁨潣汬灡敳敟捸牧畯獰⤨ഺ 䘠汩⁥䌢尺獕牥屳整档屡灁䑰瑡屡潌慣屬牐杯慲獭停瑹潨屮祐桴湯ㄳ尲楌屢潣瑮硥汴扩瀮≹‬楬敮ㄠ㠵‬湩张敟楸彴ൟ †猠汥⹦敧⹮桴潲⡷慶畬⥥਍†楆敬∠㩃啜敳獲瑜捥慨䅜灰慄慴䱜捯污停潲牧浡屳祐桴湯停瑹潨㍮㈱䱜扩獜瑩ⵥ慰正条獥獜慴汲瑥整彜瑵汩⹳祰Ⱒ氠湩⁥㌹‬湩挠汯慬獰彥硥杣潲灵൳ †爠楡敳攠捸਍†楆敬∠㩃啜敳獲瑜捥慨䅜灰慄慴䱜捯污停潲牧浡屳祐桴湯停瑹潨㍮㈱䱜扩獜瑩ⵥ慰正条獥獜慴汲瑥整浜摩汤睥牡履慢敳瀮≹‬楬敮ㄠㄹ‬湩张损污彬ൟ †爠獥潰獮⁥‽睡楡⁴敳晬搮獩慰捴彨畦据爨煥敵瑳‬慣汬湟硥⥴਍†††††††帠幞幞幞幞幞幞幞幞幞幞幞幞幞幞幞幞幞幞幞幞幞൞ 䘠汩⁥䌢尺獕牥屳整档屡湏䑥楲敶䑜獥瑫灯獜污獥愠⁩汰瑡牦浯扜捡敫摮慜灰浜摩汤睥牡履敳畣楲祴瀮≹‬楬敮㈠㈱‬湩搠獩慰捴൨ †爠楡敳䠠呔䕐捸灥楴湯ന昊獡慴楰攮捸灥楴湯⹳呈偔硅散瑰潩㩮㐠㤲›潔⁯慭祮爠煥敵瑳⹳䴠硡浩浵㘠‰敲畱獥獴瀠牥洠湩瑵⁥污潬敷⹤਍਍㉛㈰ⴶ㌰㈭‹〲㌺㨰㤰ㄮ㌲㔹崱嬠䑉㔺㌱㝤㐳ⴸ敦戵㐭㉣ⵤㄹ㉤愭㍡ㄵ㡥ㄳ搷嵣䔠剒›㈴㨹吠潯洠湡⁹敲畱獥獴‮慍楸畭⁭〶爠煥敵瑳⁳数⁲業畮整愠汬睯摥മ ⬠䔠捸灥楴湯䜠潲灵吠慲散慢正⠠潭瑳爠捥湥⁴慣汬氠獡⥴ഺ 簠†䘠汩⁥䌢尺獕牥屳整档屡灁䑰瑡屡潌慣屬牐杯慲獭停瑹潨屮祐桴湯ㄳ尲楌屢楳整瀭捡慫敧屳瑳牡敬瑴履畟楴獬瀮≹‬楬敮㠠ⰷ椠⁮潣汬灡敳敟捸牧畯獰਍†⁼††楹汥൤ 簠†䘠汩⁥䌢尺獕牥屳整档屡灁䑰瑡屡潌慣屬牐杯慲獭停瑹潨屮祐桴湯ㄳ尲楌屢楳整瀭捡慫敧屳瑳牡敬瑴履業摤敬慷敲扜獡⹥祰Ⱒ氠湩⁥㤱ⰰ椠⁮彟慣汬彟਍†⁼††獡湹⁣楷桴愠祮潩挮敲瑡彥慴歳束潲灵⤨愠⁳慴歳束潲灵ഺ 簠†䘠汩⁥䌢尺獕牥屳整档屡灁䑰瑡屡潌慣屬牐杯慲獭停瑹潨屮祐桴湯ㄳ尲楌屢楳整瀭捡慫敧屳湡楹屯扟捡敫摮屳慟祳据潩瀮≹‬楬敮㘠㠷‬湩张慟硥瑩彟਍†⁼††慲獩⁥慂敳硅散瑰潩䝮潲灵ന 簠䔠捸灥楴湯片畯㩰甠桮湡汤摥攠牲牯⁳湩愠吠獡䝫潲灵⠠‱畳ⵢ硥散瑰潩⥮਍†⴫⴫ⴭⴭⴭⴭⴭⴭⴭ‭‱ⴭⴭⴭⴭⴭⴭⴭⴭ਍††⁼牔捡扥捡⁫洨獯⁴敲散瑮挠污⁬慬瑳㨩਍††⁼†楆敬∠㩃啜敳獲瑜捥慨䅜灰慄慴䱜捯污停潲牧浡屳祐桴湯停瑹潨㍮㈱䱜扩獜瑩ⵥ慰正条獥獜慴汲瑥整浜摩汤睥牡履牥潲獲瀮≹‬楬敮ㄠ㐶‬湩张损污彬ൟ †簠††愠慷瑩猠汥⹦灡⡰捳灯ⱥ爠捥楥敶‬獟湥⥤਍††⁼†楆敬∠㩃啜敳獲瑜捥慨䅜灰慄慴䱜捯污停潲牧浡屳祐桴湯停瑹潨㍮㈱䱜扩獜瑩ⵥ慰正条獥獜慴汲瑥整浜摩汤睥牡履慢敳瀮≹‬楬敮ㄠ㤸‬湩张损污彬ൟ †簠††眠瑩⁨潣汬灡敳敟捸牧畯獰⤨ഺ †簠†䘠汩⁥䌢尺獕牥屳整档屡灁䑰瑡屡潌慣屬牐杯慲獭停瑹潨屮祐桴湯ㄳ尲楌屢潣瑮硥汴扩瀮≹‬楬敮ㄠ㠵‬湩张敟楸彴ൟ †簠††猠汥⹦敧⹮桴潲⡷慶畬⥥਍††⁼†楆敬∠㩃啜敳獲瑜捥慨䅜灰慄慴䱜捯污停潲牧浡屳祐桴湯停瑹潨㍮㈱䱜扩獜瑩ⵥ慰正条獥獜慴汲瑥整彜瑵汩⹳祰Ⱒ氠湩⁥㌹‬湩挠汯慬獰彥硥杣潲灵൳ †簠††爠楡敳攠捸਍††⁼†楆敬∠㩃啜敳獲瑜捥慨䅜灰慄慴䱜捯污停潲牧浡屳祐桴湯停瑹潨㍮㈱䱜扩獜瑩ⵥ慰正条獥獜慴汲瑥整浜摩汤睥牡履慢敳瀮≹‬楬敮ㄠㄹ‬湩张损污彬ൟ †簠††爠獥潰獮⁥‽睡楡⁴敳晬搮獩慰捴彨畦据爨煥敵瑳‬慣汬湟硥⥴਍††⁼†††††††帠幞幞幞幞幞幞幞幞幞幞幞幞幞幞幞幞幞幞幞幞幞൞ †簠†䘠汩⁥䌢尺獕牥屳整档屡湏䑥楲敶䑜獥瑫灯獜污獥愠⁩汰瑡牦浯扜捡敫摮慜灰浜摩汤睥牡履敲畱獥彴潣瑮硥⹴祰Ⱒ氠湩⁥㘵‬湩搠獩慰捴൨ †簠††爠楡敳攠਍††⁼†楆敬∠㩃啜敳獲瑜捥慨作敮牄癩履敄歳潴屰慳敬⁳楡瀠慬晴潲屭慢正湥層灡屰業摤敬慷敲牜煥敵瑳损湯整瑸瀮≹‬楬敮㔠ⰰ椠⁮楤灳瑡档਍††⁼††敲灳湯敳㴠愠慷瑩挠污彬敮瑸爨煥敵瑳ഩ †簠††††††††幞幞幞幞幞幞幞幞幞幞幞幞਍††⁼†楆敬∠㩃啜敳獲瑜捥慨䅜灰慄慴䱜捯污停潲牧浡屳祐桴湯停瑹潨㍮㈱䱜扩獜瑩ⵥ慰正条獥獜慴汲瑥整浜摩汤睥牡履慢敳瀮≹‬楬敮ㄠ㔶‬湩挠污彬敮瑸਍††⁼††慲獩⁥灡彰硥ൣ †簠†䘠汩⁥䌢尺獕牥屳整档屡灁䑰瑡屡潌慣屬牐杯慲獭停瑹潨屮祐桴湯ㄳ尲楌屢楳整瀭捡慫敧屳瑳牡敬瑴履業摤敬慷敲扜獡⹥祰Ⱒ氠湩⁥㔱ⰱ椠⁮潣潲਍††⁼††睡楡⁴敳晬愮灰猨潣数‬敲散癩彥牯摟獩潣湮捥ⱴ猠湥彤潮敟牲牯ഩ †簠†䘠汩⁥䌢尺獕牥屳整档屡灁䑰瑡屡潌慣屬牐杯慲獭停瑹潨屮祐桴湯ㄳ尲楌屢楳整瀭捡慫敧屳瑳牡敬瑴履業摤敬慷敲扜獡⹥祰Ⱒ氠湩⁥㠱ⰹ椠⁮彟慣汬彟਍††⁼††楷桴挠汯慬獰彥硥杣潲灵⡳㨩਍††⁼†楆敬∠㩃啜敳獲瑜捥慨䅜灰慄慴䱜捯污停潲牧浡屳祐桴湯停瑹潨㍮㈱䱜扩捜湯整瑸楬⹢祰Ⱒ氠湩⁥㔱ⰸ椠⁮彟硥瑩彟਍††⁼††敳晬朮湥琮牨睯瘨污敵ഩ †簠†䘠汩⁥䌢尺獕牥屳整档屡灁䑰瑡屡潌慣屬牐杯慲獭停瑹潨屮祐桴湯ㄳ尲楌屢楳整瀭捡慫敧屳瑳牡敬瑴履畟楴獬瀮≹‬楬敮㤠ⰳ椠⁮潣汬灡敳敟捸牧畯獰਍††⁼††慲獩⁥硥ൣ †簠†䘠汩⁥䌢尺獕牥屳整档屡灁䑰瑡屡潌慣屬牐杯慲獭停瑹潨屮祐桴湯ㄳ尲楌屢楳整瀭捡慫敧屳瑳牡敬瑴履業摤敬慷敲扜獡⹥祰Ⱒ氠湩⁥㤱ⰱ椠⁮彟慣汬彟਍††⁼††敲灳湯敳㴠愠慷瑩猠汥⹦楤灳瑡档晟湵⡣敲畱獥ⱴ挠污彬敮瑸ഩ †簠††††††††幞幞幞幞幞幞幞幞幞幞幞幞幞幞幞幞幞幞幞幞幞幞਍††⁼†楆敬∠㩃啜敳獲瑜捥慨作敮牄癩履敄歳潴屰慳敬⁳楡瀠慬晴潲屭慢正湥層灡屰業摤敬慷敲獜捥牵瑩⹹祰Ⱒ氠湩⁥㌲ⰲ椠⁮楤灳瑡档਍††⁼††敲灳湯敳㴠愠慷瑩挠污彬敮瑸爨煥敵瑳ഩ †簠††††††††幞幞幞幞幞幞幞幞幞幞幞幞਍††⁼†楆敬∠㩃啜敳獲瑜捥慨䅜灰慄慴䱜捯污停潲牧浡屳祐桴湯停瑹潨㍮㈱䱜扩獜瑩ⵥ慰正条獥獜慴汲瑥整浜摩汤睥牡履慢敳瀮≹‬楬敮ㄠ㔶‬湩挠污彬敮瑸਍††⁼††慲獩⁥灡彰硥ൣ †簠†䘠汩⁥䌢尺獕牥屳整档屡灁䑰瑡屡潌慣屬牐杯慲獭停瑹潨屮祐桴湯ㄳ尲楌屢楳整瀭捡慫敧屳瑳牡敬瑴履業摤敬慷敲扜獡⹥祰Ⱒ氠湩⁥㔱ⰱ椠⁮潣潲਍††⁼††睡楡⁴敳晬愮灰猨潣数‬敲散癩彥牯摟獩潣湮捥ⱴ猠湥彤潮敟牲牯ഩ †簠†䘠汩⁥䌢尺獕牥屳整档屡灁䑰瑡屡潌慣屬牐杯慲獭停瑹潨屮祐桴湯ㄳ尲楌屢楳整瀭捡慫敧屳瑳牡敬瑴履業摤敬慷敲扜獡⹥祰Ⱒ氠湩⁥㠱ⰹ椠⁮彟慣汬彟਍††⁼††楷桴挠汯慬獰彥硥杣潲灵⡳㨩਍††⁼†楆敬∠㩃啜敳獲瑜捥慨䅜灰慄慴䱜捯污停潲牧浡屳祐桴湯停瑹潨㍮㈱䱜扩捜湯整瑸楬⹢祰Ⱒ氠湩⁥㔱ⰸ椠⁮彟硥瑩彟਍††⁼††敳晬朮湥琮牨睯瘨污敵ഩ †簠†䘠汩⁥䌢尺獕牥屳整档屡灁䑰瑡屡潌慣屬牐杯慲獭停瑹潨屮祐桴湯ㄳ尲楌屢楳整瀭捡慫敧屳瑳牡敬瑴履畟楴獬瀮≹‬楬敮㤠ⰳ椠⁮潣汬灡敳敟捸牧畯獰਍††⁼††慲獩⁥硥ൣ †簠†䘠汩⁥䌢尺獕牥屳整档屡灁䑰瑡屡潌慣屬牐杯慲獭停瑹潨屮祐桴湯ㄳ尲楌屢楳整瀭捡慫敧屳瑳牡敬瑴履業摤敬慷敲扜獡⹥祰Ⱒ氠湩⁥㤱ⰱ椠⁮彟慣汬彟਍††⁼††敲灳湯敳㴠愠慷瑩猠汥⹦楤灳瑡档晟湵⡣敲畱獥ⱴ挠污彬敮瑸ഩ †簠††††††††幞幞幞幞幞幞幞幞幞幞幞幞幞幞幞幞幞幞幞幞幞幞਍††⁼†楆敬∠㩃啜敳獲瑜捥慨作敮牄癩履敄歳潴屰慳敬⁳楡瀠慬晴潲屭慢正湥層灡屰業摤敬慷敲獜捥牵瑩⹹祰Ⱒ氠湩⁥ㄲⰲ椠⁮楤灳瑡档਍††⁼††慲獩⁥呈偔硅散瑰潩⡮਍††⁼慦瑳灡⹩硥散瑰潩獮䠮呔䕐捸灥楴湯›㈴㨹吠潯洠湡⁹敲畱獥獴‮慍楸畭⁭〶爠煥敵瑳⁳数⁲業畮整愠汬睯摥മ †⬠ⴭⴭⴭⴭⴭⴭⴭⴭⴭⴭⴭⴭⴭⴭⴭⴭⴭⴭ਍਍畄楲杮栠湡汤湩⁧景琠敨愠潢敶攠捸灥楴湯‬湡瑯敨⁲硥散瑰潩⁮捯畣牲摥ഺഊ吊慲散慢正⠠潭瑳爠捥湥⁴慣汬氠獡⥴ഺ 䘠汩⁥䌢尺獕牥屳整档屡灁䑰瑡屡潌慣屬牐杯慲獭停瑹潨屮祐桴湯ㄳ尲楌屢楳整瀭捡慫敧屳瑳牡敬瑴履業摤敬慷敲敜牲牯⹳祰Ⱒ氠湩⁥㘱ⰴ椠⁮彟慣汬彟਍††睡楡⁴敳晬愮灰猨潣数‬敲散癩ⱥ张敳摮ഩ 䘠汩⁥䌢尺獕牥屳整档屡灁䑰瑡屡潌慣屬牐杯慲獭停瑹潨屮祐桴湯ㄳ尲楌屢楳整瀭捡慫敧屳瑳牡敬瑴履業摤敬慷敲扜獡⹥祰Ⱒ氠湩⁥㠱ⰹ椠⁮彟慣汬彟਍††楷桴挠汯慬獰彥硥杣潲灵⡳㨩਍†楆敬∠㩃啜敳獲瑜捥慨䅜灰慄慴䱜捯污停潲牧浡屳祐桴湯停瑹潨㍮㈱䱜扩捜湯整瑸楬⹢祰Ⱒ氠湩⁥㔱ⰸ椠⁮彟硥瑩彟਍††敳晬朮湥琮牨睯瘨污敵ഩ 䘠汩⁥䌢尺獕牥屳整档屡灁䑰瑡屡潌慣屬牐杯慲獭停瑹潨屮祐桴湯ㄳ尲楌屢楳整瀭捡慫敧屳瑳牡敬瑴履畟楴獬瀮≹‬楬敮㤠ⰳ椠⁮潣汬灡敳敟捸牧畯獰਍††慲獩⁥硥ൣ 䘠汩⁥䌢尺獕牥屳整档屡灁䑰瑡屡潌慣屬牐杯慲獭停瑹潨屮祐桴湯ㄳ尲楌屢楳整瀭捡慫敧屳瑳牡敬瑴履業摤敬慷敲扜獡⹥祰Ⱒ氠湩⁥㤱ⰱ椠⁮彟慣汬彟਍††敲灳湯敳㴠愠慷瑩猠汥⹦楤灳瑡档晟湵⡣敲畱獥ⱴ挠污彬敮瑸ഩ †††††††幞幞幞幞幞幞幞幞幞幞幞幞幞幞幞幞幞幞幞幞幞幞਍†楆敬∠㩃啜敳獲瑜捥慨作敮牄癩履敄歳潴屰慳敬⁳楡瀠慬晴潲屭慢正湥層灡屰業摤敬慷敲牜煥敵瑳损湯整瑸瀮≹‬楬敮㔠ⰶ椠⁮楤灳瑡档਍††慲獩⁥൥ 䘠汩⁥䌢尺獕牥屳整档屡湏䑥楲敶䑜獥瑫灯獜污獥愠⁩汰瑡牦浯扜捡敫摮慜灰浜摩汤睥牡履敲畱獥彴潣瑮硥⹴祰Ⱒ氠湩⁥〵‬湩搠獩慰捴൨ †爠獥潰獮⁥‽睡楡⁴慣汬湟硥⡴敲畱獥⥴਍†††††††帠幞幞幞幞幞幞幞幞幞幞幞൞ 䘠汩⁥䌢尺獕牥屳整档屡灁䑰瑡屡潌慣屬牐杯慲獭停瑹潨屮祐桴湯ㄳ尲楌屢楳整瀭捡慫敧屳瑳牡敬瑴履業摤敬慷敲扜獡⹥祰Ⱒ氠湩⁥㘱ⰵ椠⁮慣汬湟硥൴ †爠楡敳愠灰敟捸਍†楆敬∠㩃啜敳獲瑜捥慨䅜灰慄慴䱜捯污停潲牧浡屳祐桴湯停瑹潨㍮㈱䱜扩獜瑩ⵥ慰正条獥獜慴汲瑥整浜摩汤睥牡履慢敳瀮≹‬楬敮ㄠㄵ‬湩挠牯൯ †愠慷瑩猠汥⹦灡⡰捳灯ⱥ爠捥楥敶潟彲楤捳湯敮瑣‬敳摮湟彯牥潲⥲਍†楆敬∠㩃啜敳獲瑜捥慨䅜灰慄慴䱜捯污停潲牧浡屳祐桴湯停瑹潨㍮㈱䱜扩獜瑩ⵥ慰正条獥獜慴汲瑥整浜摩汤睥牡履慢敳瀮≹‬楬敮ㄠ㤸‬湩张损污彬ൟ †眠瑩⁨潣汬灡敳敟捸牧畯獰⤨ഺ 䘠汩⁥䌢尺獕牥屳整档屡灁䑰瑡屡潌慣屬牐杯慲獭停瑹潨屮祐桴湯ㄳ尲楌屢潣瑮硥汴扩瀮≹‬楬敮ㄠ㠵‬湩张敟楸彴ൟ †猠汥⹦敧⹮桴潲⡷慶畬⥥਍†楆敬∠㩃啜敳獲瑜捥慨䅜灰慄慴䱜捯污停潲牧浡屳祐桴湯停瑹潨㍮㈱䱜扩獜瑩ⵥ慰正条獥獜慴汲瑥整彜瑵汩⹳祰Ⱒ氠湩⁥㌹‬湩挠汯慬獰彥硥杣潲灵൳ †爠楡敳攠捸਍†楆敬∠㩃啜敳獲瑜捥慨䅜灰慄慴䱜捯污停潲牧浡屳祐桴湯停瑹潨㍮㈱䱜扩獜瑩ⵥ慰正条獥獜慴汲瑥整浜摩汤睥牡履慢敳瀮≹‬楬敮ㄠㄹ‬湩张损污彬ൟ †爠獥潰獮⁥‽睡楡⁴敳晬搮獩慰捴彨畦据爨煥敵瑳‬慣汬湟硥⥴਍†††††††帠幞幞幞幞幞幞幞幞幞幞幞幞幞幞幞幞幞幞幞幞幞൞ 䘠汩⁥䌢尺獕牥屳整档屡湏䑥楲敶䑜獥瑫灯獜污獥愠⁩汰瑡牦浯扜捡敫摮慜灰浜摩汤睥牡履敳畣楲祴瀮≹‬楬敮㈠㈳‬湩搠獩慰捴൨ †爠獥潰獮⁥‽睡楡⁴慣汬湟硥⡴敲畱獥⥴਍†††††††帠幞幞幞幞幞幞幞幞幞幞幞൞ 䘠汩⁥䌢尺獕牥屳整档屡灁䑰瑡屡潌慣屬牐杯慲獭停瑹潨屮祐桴湯ㄳ尲楌屢楳整瀭捡慫敧屳瑳牡敬瑴履業摤敬慷敲扜獡⹥祰Ⱒ氠湩⁥㘱ⰵ椠⁮慣汬湟硥൴ †爠楡敳愠灰敟捸਍†楆敬∠㩃啜敳獲瑜捥慨䅜灰慄慴䱜捯污停潲牧浡屳祐桴湯停瑹潨㍮㈱䱜扩獜瑩ⵥ慰正条獥獜慴汲瑥整浜摩汤睥牡履慢敳瀮≹‬楬敮ㄠㄵ‬湩挠牯൯ †愠慷瑩猠汥⹦灡⡰捳灯ⱥ爠捥楥敶潟彲楤捳湯敮瑣‬敳摮湟彯牥潲⥲਍†楆敬∠㩃啜敳獲瑜捥慨䅜灰慄慴䱜捯污停潲牧浡屳祐桴湯停瑹潨㍮㈱䱜扩獜瑩ⵥ慰正条獥獜慴汲瑥整浜摩汤睥牡履慢敳瀮≹‬楬敮ㄠ㤸‬湩张损污彬ൟ †眠瑩⁨潣汬灡敳敟捸牧畯獰⤨ഺ 䘠汩⁥䌢尺獕牥屳整档屡灁䑰瑡屡潌慣屬牐杯慲獭停瑹潨屮祐桴湯ㄳ尲楌屢潣瑮硥汴扩瀮≹‬楬敮ㄠ㠵‬湩张敟楸彴ൟ †猠汥⹦敧⹮桴潲⡷慶畬⥥਍†楆敬∠㩃啜敳獲瑜捥慨䅜灰慄慴䱜捯污停潲牧浡屳祐桴湯停瑹潨㍮㈱䱜扩獜瑩ⵥ慰正条獥獜慴汲瑥整彜瑵汩⹳祰Ⱒ氠湩⁥㌹‬湩挠汯慬獰彥硥杣潲灵൳ †爠楡敳攠捸਍†楆敬∠㩃啜敳獲瑜捥慨䅜灰慄慴䱜捯污停潲牧浡屳祐桴湯停瑹潨㍮㈱䱜扩獜瑩ⵥ慰正条獥獜慴汲瑥整浜摩汤睥牡履慢敳瀮≹‬楬敮ㄠㄹ‬湩张损污彬ൟ †爠獥潰獮⁥‽睡楡⁴敳晬搮獩慰捴彨畦据爨煥敵瑳‬慣汬湟硥⥴਍†††††††帠幞幞幞幞幞幞幞幞幞幞幞幞幞幞幞幞幞幞幞幞幞൞ 䘠汩⁥䌢尺獕牥屳整档屡湏䑥楲敶䑜獥瑫灯獜污獥愠⁩汰瑡牦浯扜捡敫摮慜灰浜摩汤睥牡履敳畣楲祴瀮≹‬楬敮㈠㈱‬湩搠獩慰捴൨ †爠楡敳䠠呔䕐捸灥楴湯ന昊獡慴楰攮捸灥楴湯⹳呈偔硅散瑰潩㩮㐠㤲›潔⁯慭祮爠煥敵瑳⹳䴠硡浩浵㘠‰敲畱獥獴瀠牥洠湩瑵⁥污潬敷⹤਍਍㉛㈰ⴶ㌰㈭‹〲㌺㨰㤰ㄮ㔳〰崸嬠䑉㘺㔸㈳愱ⴵぢ昵㐭㉤ⴹ㡢愱㔭㐷㝡晤㌳㑤崴䔠剒›㈴㨹吠潯洠湡⁹敲畱獥獴‮慍楸畭⁭〶爠煥敵瑳⁳数⁲業畮整愠汬睯摥മ ⬠䔠捸灥楴湯䜠潲灵吠慲散慢正⠠潭瑳爠捥湥⁴慣汬氠獡⥴ഺ 簠†䘠汩⁥䌢尺獕牥屳整档屡灁䑰瑡屡潌慣屬牐杯慲獭停瑹潨屮祐桴湯ㄳ尲楌屢楳整瀭捡慫敧屳瑳牡敬瑴履畟楴獬瀮≹‬楬敮㠠ⰷ椠⁮潣汬灡敳敟捸牧畯獰਍†⁼††楹汥൤ 簠†䘠汩⁥䌢尺獕牥屳整档屡灁䑰瑡屡潌慣屬牐杯慲獭停瑹潨屮祐桴湯ㄳ尲楌屢楳整瀭捡慫敧屳瑳牡敬瑴履業摤敬慷敲扜獡⹥祰Ⱒ氠湩⁥㤱ⰰ椠⁮彟慣汬彟਍†⁼††獡湹⁣楷桴愠祮潩挮敲瑡彥慴歳束潲灵⤨愠⁳慴歳束潲灵ഺ 簠†䘠汩⁥䌢尺獕牥屳整档屡灁䑰瑡屡潌慣屬牐杯慲獭停瑹潨屮祐桴湯ㄳ尲楌屢楳整瀭捡慫敧屳湡楹屯扟捡敫摮屳慟祳据潩瀮≹‬楬敮㘠㠷‬湩张慟硥瑩彟਍†⁼††慲獩⁥慂敳硅散瑰潩䝮潲灵ന 簠䔠捸灥楴湯片畯㩰甠桮湡汤摥攠牲牯⁳湩愠吠獡䝫潲灵⠠‱畳ⵢ硥散瑰潩⥮਍†⴫⴫ⴭⴭⴭⴭⴭⴭⴭ‭‱ⴭⴭⴭⴭⴭⴭⴭⴭ਍††⁼牔捡扥捡⁫洨獯⁴敲散瑮挠污⁬慬瑳㨩਍††⁼†楆敬∠㩃啜敳獲瑜捥慨䅜灰慄慴䱜捯污停潲牧浡屳祐桴湯停瑹潨㍮㈱䱜扩獜瑩ⵥ慰正条獥獜慴汲瑥整浜摩汤睥牡履牥潲獲瀮≹‬楬敮ㄠ㐶‬湩张损污彬ൟ †簠††愠慷瑩猠汥⹦灡⡰捳灯ⱥ爠捥楥敶‬獟湥⥤਍††⁼†楆敬∠㩃啜敳獲瑜捥慨䅜灰慄慴䱜捯污停潲牧浡屳祐桴湯停瑹潨㍮㈱䱜扩獜瑩ⵥ慰正条獥獜慴汲瑥整浜摩汤睥牡履慢敳瀮≹‬楬敮ㄠ㤸‬湩张损污彬ൟ †簠††眠瑩⁨潣汬灡敳敟捸牧畯獰⤨ഺ †簠†䘠汩⁥䌢尺獕牥屳整档屡灁䑰瑡屡潌慣屬牐杯慲獭停瑹潨屮祐桴湯ㄳ尲楌屢潣瑮硥汴扩瀮≹‬楬敮ㄠ㠵‬湩张敟楸彴ൟ †簠††猠汥⹦敧⹮桴潲⡷慶畬⥥਍††⁼†楆敬∠㩃啜敳獲瑜捥慨䅜灰慄慴䱜捯污停潲牧浡屳祐桴湯停瑹潨㍮㈱䱜扩獜瑩ⵥ慰正条獥獜慴汲瑥整彜瑵汩⹳祰Ⱒ氠湩⁥㌹‬湩挠汯慬獰彥硥杣潲灵൳ †簠††爠楡敳攠捸਍††⁼†楆敬∠㩃啜敳獲瑜捥慨䅜灰慄慴䱜捯污停潲牧浡屳祐桴湯停瑹潨㍮㈱䱜扩獜瑩ⵥ慰正条獥獜慴汲瑥整浜摩汤睥牡履慢敳瀮≹‬楬敮ㄠㄹ‬湩张损污彬ൟ †簠††爠獥潰獮⁥‽睡楡⁴敳晬搮獩慰捴彨畦据爨煥敵瑳‬慣汬湟硥⥴਍††⁼†††††††帠幞幞幞幞幞幞幞幞幞幞幞幞幞幞幞幞幞幞幞幞幞൞ †簠†䘠汩⁥䌢尺獕牥屳整档屡湏䑥楲敶䑜獥瑫灯獜污獥愠⁩汰瑡牦浯扜捡敫摮慜灰浜摩汤睥牡履敲畱獥彴潣瑮硥⹴祰Ⱒ氠湩⁥㘵‬湩搠獩慰捴൨ †簠††爠楡敳攠਍††⁼†楆敬∠㩃啜敳獲瑜捥慨作敮牄癩履敄歳潴屰慳敬⁳楡瀠慬晴潲屭慢正湥層灡屰業摤敬慷敲牜煥敵瑳损湯整瑸瀮≹‬楬敮㔠ⰰ椠⁮楤灳瑡档਍††⁼††敲灳湯敳㴠愠慷瑩挠污彬敮瑸爨煥敵瑳ഩ †簠††††††††幞幞幞幞幞幞幞幞幞幞幞幞਍††⁼†楆敬∠㩃啜敳獲瑜捥慨䅜灰慄慴䱜捯污停潲牧浡屳祐桴湯停瑹潨㍮㈱䱜扩獜瑩ⵥ慰正条獥獜慴汲瑥整浜摩汤睥牡履慢敳瀮≹‬楬敮ㄠ㔶‬湩挠污彬敮瑸਍††⁼††慲獩⁥灡彰硥ൣ †簠†䘠汩⁥䌢尺獕牥屳整档屡灁䑰瑡屡潌慣屬牐杯慲獭停瑹潨屮祐桴湯ㄳ尲楌屢楳整瀭捡慫敧屳瑳牡敬瑴履業摤敬慷敲扜獡⹥祰Ⱒ氠湩⁥㔱ⰱ椠⁮潣潲਍††⁼††睡楡⁴敳晬愮灰猨潣数‬敲散癩彥牯摟獩潣湮捥ⱴ猠湥彤潮敟牲牯ഩ †簠†䘠汩⁥䌢尺獕牥屳整档屡灁䑰瑡屡潌慣屬牐杯慲獭停瑹潨屮祐桴湯ㄳ尲楌屢楳整瀭捡慫敧屳瑳牡敬瑴履業摤敬慷敲扜獡⹥祰Ⱒ氠湩⁥㠱ⰹ椠⁮彟慣汬彟਍††⁼††楷桴挠汯慬獰彥硥杣潲灵⡳㨩਍††⁼†楆敬∠㩃啜敳獲瑜捥慨䅜灰慄慴䱜捯污停潲牧浡屳祐桴湯停瑹潨㍮㈱䱜扩捜湯整瑸楬⹢祰Ⱒ氠湩⁥㔱ⰸ椠⁮彟硥瑩彟਍††⁼††敳晬朮湥琮牨睯瘨污敵ഩ †簠†䘠汩⁥䌢尺獕牥屳整档屡灁䑰瑡屡潌慣屬牐杯慲獭停瑹潨屮祐桴湯ㄳ尲楌屢楳整瀭捡慫敧屳瑳牡敬瑴履畟楴獬瀮≹‬楬敮㤠ⰳ椠⁮潣汬灡敳敟捸牧畯獰਍††⁼††慲獩⁥硥ൣ †簠†䘠汩⁥䌢尺獕牥屳整档屡灁䑰瑡屡潌慣屬牐杯慲獭停瑹潨屮祐桴湯ㄳ尲楌屢楳整瀭捡慫敧屳瑳牡敬瑴履業摤敬慷敲扜獡⹥祰Ⱒ氠湩⁥㤱ⰱ椠⁮彟慣汬彟਍††⁼††敲灳湯敳㴠愠慷瑩猠汥⹦楤灳瑡档晟湵⡣敲畱獥ⱴ挠污彬敮瑸ഩ †簠††††††††幞幞幞幞幞幞幞幞幞幞幞幞幞幞幞幞幞幞幞幞幞幞਍††⁼†楆敬∠㩃啜敳獲瑜捥慨作敮牄癩履敄歳潴屰慳敬⁳楡瀠慬晴潲屭慢正湥層灡屰業摤敬慷敲獜捥牵瑩⹹祰Ⱒ氠湩⁥㌲ⰲ椠⁮楤灳瑡档਍††⁼††敲灳湯敳㴠愠慷瑩挠污彬敮瑸爨煥敵瑳ഩ †簠††††††††幞幞幞幞幞幞幞幞幞幞幞幞਍††⁼†楆敬∠㩃啜敳獲瑜捥慨䅜灰慄慴䱜捯污停潲牧浡屳祐桴湯停瑹潨㍮㈱䱜扩獜瑩ⵥ慰正条獥獜慴汲瑥整浜摩汤睥牡履慢敳瀮≹‬楬敮ㄠ㔶‬湩挠污彬敮瑸਍††⁼††慲獩⁥灡彰硥ൣ †簠†䘠汩⁥䌢尺獕牥屳整档屡灁䑰瑡屡潌慣屬牐杯慲獭停瑹潨屮祐桴湯ㄳ尲楌屢楳整瀭捡慫敧屳瑳牡敬瑴履業摤敬慷敲扜獡⹥祰Ⱒ氠湩⁥㔱ⰱ椠⁮潣潲਍††⁼††睡楡⁴敳晬愮灰猨潣数‬敲散癩彥牯摟獩潣湮捥ⱴ猠湥彤潮敟牲牯ഩ †簠†䘠汩⁥䌢尺獕牥屳整档屡灁䑰瑡屡潌慣屬牐杯慲獭停瑹潨屮祐桴湯ㄳ尲楌屢楳整瀭捡慫敧屳瑳牡敬瑴履業摤敬慷敲扜獡⹥祰Ⱒ氠湩⁥㠱ⰹ椠⁮彟慣汬彟਍††⁼††楷桴挠汯慬獰彥硥杣潲灵⡳㨩਍††⁼†楆敬∠㩃啜敳獲瑜捥慨䅜灰慄慴䱜捯污停潲牧浡屳祐桴湯停瑹潨㍮㈱䱜扩捜湯整瑸楬⹢祰Ⱒ氠湩⁥㔱ⰸ椠⁮彟硥瑩彟਍††⁼††敳晬朮湥琮牨睯瘨污敵ഩ †簠†䘠汩⁥䌢尺獕牥屳整档屡灁䑰瑡屡潌慣屬牐杯慲獭停瑹潨屮祐桴湯ㄳ尲楌屢楳整瀭捡慫敧屳瑳牡敬瑴履畟楴獬瀮≹‬楬敮㤠ⰳ椠⁮潣汬灡敳敟捸牧畯獰਍††⁼††慲獩⁥硥ൣ †簠†䘠汩⁥䌢尺獕牥屳整档屡灁䑰瑡屡潌慣屬牐杯慲獭停瑹潨屮祐桴湯ㄳ尲楌屢楳整瀭捡慫敧屳瑳牡敬瑴履業摤敬慷敲扜獡⹥祰Ⱒ氠湩⁥㤱ⰱ椠⁮彟慣汬彟਍††⁼††敲灳湯敳㴠愠慷瑩猠汥⹦楤灳瑡档晟湵⡣敲畱獥ⱴ挠污彬敮瑸ഩ †簠††††††††幞幞幞幞幞幞幞幞幞幞幞幞幞幞幞幞幞幞幞幞幞幞਍††⁼†楆敬∠㩃啜敳獲瑜捥慨作敮牄癩履敄歳潴屰慳敬⁳楡瀠慬晴潲屭慢正湥層灡屰業摤敬慷敲獜捥牵瑩⹹祰Ⱒ氠湩⁥ㄲⰲ椠⁮楤灳瑡档਍††⁼††慲獩⁥呈偔硅散瑰潩⡮਍††⁼慦瑳灡⹩硥散瑰潩獮䠮呔䕐捸灥楴湯›㈴㨹吠潯洠湡⁹敲畱獥獴‮慍楸畭⁭〶爠煥敵瑳⁳数⁲業畮整愠汬睯摥മ †⬠ⴭⴭⴭⴭⴭⴭⴭⴭⴭⴭⴭⴭⴭⴭⴭⴭⴭⴭ਍਍畄楲杮栠湡汤湩⁧景琠敨愠潢敶攠捸灥楴湯‬湡瑯敨⁲硥散瑰潩⁮捯畣牲摥ഺഊ吊慲散慢正⠠潭瑳爠捥湥⁴慣汬氠獡⥴ഺ 䘠汩⁥䌢尺獕牥屳整档屡灁䑰瑡屡潌慣屬牐杯慲獭停瑹潨屮祐桴湯ㄳ尲楌屢楳整瀭捡慫敧屳瑳牡敬瑴履業摤敬慷敲敜牲牯⹳祰Ⱒ氠湩⁥㘱ⰴ椠⁮彟慣汬彟਍††睡楡⁴敳晬愮灰猨潣数‬敲散癩ⱥ张敳摮ഩ 䘠汩⁥䌢尺獕牥屳整档屡灁䑰瑡屡潌慣屬牐杯慲獭停瑹潨屮祐桴湯ㄳ尲楌屢楳整瀭捡慫敧屳瑳牡敬瑴履業摤敬慷敲扜獡⹥祰Ⱒ氠湩⁥㠱ⰹ椠⁮彟慣汬彟਍††楷桴挠汯慬獰彥硥杣潲灵⡳㨩਍†楆敬∠㩃啜敳獲瑜捥慨䅜灰慄慴䱜捯污停潲牧浡屳祐桴湯停瑹潨㍮㈱䱜扩捜湯整瑸楬⹢祰Ⱒ氠湩⁥㔱ⰸ椠⁮彟硥瑩彟਍††敳晬朮湥琮牨睯瘨污敵ഩ 䘠汩⁥䌢尺獕牥屳整档屡灁䑰瑡屡潌慣屬牐杯慲獭停瑹潨屮祐桴湯ㄳ尲楌屢楳整瀭捡慫敧屳瑳牡敬瑴履畟楴獬瀮≹‬楬敮㤠ⰳ椠⁮潣汬灡敳敟捸牧畯獰਍††慲獩⁥硥ൣ 䘠汩⁥䌢尺獕牥屳整档屡灁䑰瑡屡潌慣屬牐杯慲獭停瑹潨屮祐桴湯ㄳ尲楌屢楳整瀭捡慫敧屳瑳牡敬瑴履業摤敬慷敲扜獡⹥祰Ⱒ氠湩⁥㤱ⰱ椠⁮彟慣汬彟਍††敲灳湯敳㴠愠慷瑩猠汥⹦楤灳瑡档晟湵⡣敲畱獥ⱴ挠污彬敮瑸ഩ †††††††幞幞幞幞幞幞幞幞幞幞幞幞幞幞幞幞幞幞幞幞幞幞਍†楆敬∠㩃啜敳獲瑜捥慨作敮牄癩履敄歳潴屰慳敬⁳楡瀠慬晴潲屭慢正湥層灡屰業摤敬慷敲牜煥敵瑳损湯整瑸瀮≹‬楬敮㔠ⰶ椠⁮楤灳瑡档਍††慲獩⁥൥ 䘠汩⁥䌢尺獕牥屳整档屡湏䑥楲敶䑜獥瑫灯獜污獥愠⁩汰瑡牦浯扜捡敫摮慜灰浜摩汤睥牡履敲畱獥彴潣瑮硥⹴祰Ⱒ氠湩⁥〵‬湩搠獩慰捴൨ †爠獥潰獮⁥‽睡楡⁴慣汬湟硥⡴敲畱獥⥴਍†††††††帠幞幞幞幞幞幞幞幞幞幞幞൞ 䘠汩⁥䌢尺獕牥屳整档屡灁䑰瑡屡潌慣屬牐杯慲獭停瑹潨屮祐桴湯ㄳ尲楌屢楳整瀭捡慫敧屳瑳牡敬瑴履業摤敬慷敲扜獡⹥祰Ⱒ氠湩⁥㘱ⰵ椠⁮慣汬湟硥൴ †爠楡敳愠灰敟捸਍†楆敬∠㩃啜敳獲瑜捥慨䅜灰慄慴䱜捯污停潲牧浡屳祐桴湯停瑹潨㍮㈱䱜扩獜瑩ⵥ慰正条獥獜慴汲瑥整浜摩汤睥牡履慢敳瀮≹‬楬敮ㄠㄵ‬湩挠牯൯ †愠慷瑩猠汥⹦灡⡰捳灯ⱥ爠捥楥敶潟彲楤捳湯敮瑣‬敳摮湟彯牥潲⥲਍†楆敬∠㩃啜敳獲瑜捥慨䅜灰慄慴䱜捯污停潲牧浡屳祐桴湯停瑹潨㍮㈱䱜扩獜瑩ⵥ慰正条獥獜慴汲瑥整浜摩汤睥牡履慢敳瀮≹‬楬敮ㄠ㤸‬湩张损污彬ൟ †眠瑩⁨潣汬灡敳敟捸牧畯獰⤨ഺ 䘠汩⁥䌢尺獕牥屳整档屡灁䑰瑡屡潌慣屬牐杯慲獭停瑹潨屮祐桴湯ㄳ尲楌屢潣瑮硥汴扩瀮≹‬楬敮ㄠ㠵‬湩张敟楸彴ൟ †猠汥⹦敧⹮桴潲⡷慶畬⥥਍†楆敬∠㩃啜敳獲瑜捥慨䅜灰慄慴䱜捯污停潲牧浡屳祐桴湯停瑹潨㍮㈱䱜扩獜瑩ⵥ慰正条獥獜慴汲瑥整彜瑵汩⹳祰Ⱒ氠湩⁥㌹‬湩挠汯慬獰彥硥杣潲灵൳ †爠楡敳攠捸਍†楆敬∠㩃啜敳獲瑜捥慨䅜灰慄慴䱜捯污停潲牧浡屳祐桴湯停瑹潨㍮㈱䱜扩獜瑩ⵥ慰正条獥獜慴汲瑥整浜摩汤睥牡履慢敳瀮≹‬楬敮ㄠㄹ‬湩张损污彬ൟ †爠獥潰獮⁥‽睡楡⁴敳晬搮獩慰捴彨畦据爨煥敵瑳‬慣汬湟硥⥴਍†††††††帠幞幞幞幞幞幞幞幞幞幞幞幞幞幞幞幞幞幞幞幞幞൞ 䘠汩⁥䌢尺獕牥屳整档屡湏䑥楲敶䑜獥瑫灯獜污獥愠⁩汰瑡牦浯扜捡敫摮慜灰浜摩汤睥牡履敳畣楲祴瀮≹‬楬敮㈠㈳‬湩搠獩慰捴൨ †爠獥潰獮⁥‽睡楡⁴慣汬湟硥⡴敲畱獥⥴਍†††††††帠幞幞幞幞幞幞幞幞幞幞幞൞ 䘠汩⁥䌢尺獕牥屳整档屡灁䑰瑡屡潌慣屬牐杯慲獭停瑹潨屮祐桴湯ㄳ尲楌屢楳整瀭捡慫敧屳瑳牡敬瑴履業摤敬慷敲扜獡⹥祰Ⱒ氠湩⁥㘱ⰵ椠⁮慣汬湟硥൴ †爠楡敳愠灰敟捸਍†楆敬∠㩃啜敳獲瑜捥慨䅜灰慄慴䱜捯污停潲牧浡屳祐桴湯停瑹潨㍮㈱䱜扩獜瑩ⵥ慰正条獥獜慴汲瑥整浜摩汤睥牡履慢敳瀮≹‬楬敮ㄠㄵ‬湩挠牯൯ †愠慷瑩猠汥⹦灡⡰捳灯ⱥ爠捥楥敶潟彲楤捳湯敮瑣‬敳摮湟彯牥潲⥲਍†楆敬∠㩃啜敳獲瑜捥慨䅜灰慄慴䱜捯污停潲牧浡屳祐桴湯停瑹潨㍮㈱䱜扩獜瑩ⵥ慰正条獥獜慴汲瑥整浜摩汤睥牡履慢敳瀮≹‬楬敮ㄠ㤸‬湩张损污彬ൟ †眠瑩⁨潣汬灡敳敟捸牧畯獰⤨ഺ 䘠汩⁥䌢尺獕牥屳整档屡灁䑰瑡屡潌慣屬牐杯慲獭停瑹潨屮祐桴湯ㄳ尲楌屢潣瑮硥汴扩瀮≹‬楬敮ㄠ㠵‬湩张敟楸彴ൟ †猠汥⹦敧⹮桴潲⡷慶畬⥥਍†楆敬∠㩃啜敳獲瑜捥慨䅜灰慄慴䱜捯污停潲牧浡屳祐桴湯停瑹潨㍮㈱䱜扩獜瑩ⵥ慰正条獥獜慴汲瑥整彜瑵汩⹳祰Ⱒ氠湩⁥㌹‬湩挠汯慬獰彥硥杣潲灵൳ †爠楡敳攠捸਍†楆敬∠㩃啜敳獲瑜捥慨䅜灰慄慴䱜捯污停潲牧浡屳祐桴湯停瑹潨㍮㈱䱜扩獜瑩ⵥ慰正条獥獜慴汲瑥整浜摩汤睥牡履慢敳瀮≹‬楬敮ㄠㄹ‬湩张损污彬ൟ †爠獥潰獮⁥‽睡楡⁴敳晬搮獩慰捴彨畦据爨煥敵瑳‬慣汬湟硥⥴਍†††††††帠幞幞幞幞幞幞幞幞幞幞幞幞幞幞幞幞幞幞幞幞幞൞ 䘠汩⁥䌢尺獕牥屳整档屡湏䑥楲敶䑜獥瑫灯獜污獥愠⁩汰瑡牦浯扜捡敫摮慜灰浜摩汤睥牡履敳畣楲祴瀮≹‬楬敮㈠㈱‬湩搠獩慰捴൨ †爠楡敳䠠呔䕐捸灥楴湯ന昊獡慴楰攮捸灥楴湯⹳呈偔硅散瑰潩㩮㐠㤲›潔⁯慭祮爠煥敵瑳⹳䴠硡浩浵㘠‰敲畱獥獴瀠牥洠湩瑵⁥污潬敷⹤਍਍㉛㈰ⴶ㌰㈭‹〲㌺㨰㤰ㄮ㠴〰崴嬠䑉攺ㄳ㔲㡤ⴳ㄰㐵㐭㡡ⴳ㉢愹㘭㙣挹㈳昳挲崹䔠剒›㈴㨹吠潯洠湡⁹敲畱獥獴‮慍楸畭⁭〶爠煥敵瑳⁳数⁲業畮整愠汬睯摥മ ⬠䔠捸灥楴湯䜠潲灵吠慲散慢正⠠潭瑳爠捥湥⁴慣汬氠獡⥴ഺ 簠†䘠汩⁥䌢尺獕牥屳整档屡灁䑰瑡屡潌慣屬牐杯慲獭停瑹潨屮祐桴湯ㄳ尲楌屢楳整瀭捡慫敧屳瑳牡敬瑴履畟楴獬瀮≹‬楬敮㠠ⰷ椠⁮潣汬灡敳敟捸牧畯獰਍†⁼††楹汥൤ 簠†䘠汩⁥䌢尺獕牥屳整档屡灁䑰瑡屡潌慣屬牐杯慲獭停瑹潨屮祐桴湯ㄳ尲楌屢楳整瀭捡慫敧屳瑳牡敬瑴履業摤敬慷敲扜獡⹥祰Ⱒ氠湩⁥㤱ⰰ椠⁮彟慣汬彟਍†⁼††獡湹⁣楷桴愠祮潩挮敲瑡彥慴歳束潲灵⤨愠⁳慴歳束潲灵ഺ 簠†䘠汩⁥䌢尺獕牥屳整档屡灁䑰瑡屡潌慣屬牐杯慲獭停瑹潨屮祐桴湯ㄳ尲楌屢楳整瀭捡慫敧屳湡楹屯扟捡敫摮屳慟祳据潩瀮≹‬楬敮㘠㠷‬湩张慟硥瑩彟਍†⁼††慲獩⁥慂敳硅散瑰潩䝮潲灵ന 簠䔠捸灥楴湯片畯㩰甠桮湡汤摥攠牲牯⁳湩愠吠獡䝫潲灵⠠‱畳ⵢ硥散瑰潩⥮਍†⴫⴫ⴭⴭⴭⴭⴭⴭⴭ‭‱ⴭⴭⴭⴭⴭⴭⴭⴭ਍††⁼牔捡扥捡⁫洨獯⁴敲散瑮挠污⁬慬瑳㨩਍††⁼†楆敬∠㩃啜敳獲瑜捥慨䅜灰慄慴䱜捯污停潲牧浡屳祐桴湯停瑹潨㍮㈱䱜扩獜瑩ⵥ慰正条獥獜慴汲瑥整浜摩汤睥牡履牥潲獲瀮≹‬楬敮ㄠ㐶‬湩张损污彬ൟ †簠††愠慷瑩猠汥⹦灡⡰捳灯ⱥ爠捥楥敶‬獟湥⥤਍††⁼†楆敬∠㩃啜敳獲瑜捥慨䅜灰慄慴䱜捯污停潲牧浡屳祐桴湯停瑹潨㍮㈱䱜扩獜瑩ⵥ慰正条獥獜慴汲瑥整浜摩汤睥牡履慢敳瀮≹‬楬敮ㄠ㤸‬湩张损污彬ൟ †簠††眠瑩⁨潣汬灡敳敟捸牧畯獰⤨ഺ †簠†䘠汩⁥䌢尺獕牥屳整档屡灁䑰瑡屡潌慣屬牐杯慲獭停瑹潨屮祐桴湯ㄳ尲楌屢潣瑮硥汴扩瀮≹‬楬敮ㄠ㠵‬湩张敟楸彴ൟ †簠††猠汥⹦敧⹮桴潲⡷慶畬⥥਍††⁼†楆敬∠㩃啜敳獲瑜捥慨䅜灰慄慴䱜捯污停潲牧浡屳祐桴湯停瑹潨㍮㈱䱜扩獜瑩ⵥ慰正条獥獜慴汲瑥整彜瑵汩⹳祰Ⱒ氠湩⁥㌹‬湩挠汯慬獰彥硥杣潲灵൳ †簠††爠楡敳攠捸਍††⁼†楆敬∠㩃啜敳獲瑜捥慨䅜灰慄慴䱜捯污停潲牧浡屳祐桴湯停瑹潨㍮㈱䱜扩獜瑩ⵥ慰正条獥獜慴汲瑥整浜摩汤睥牡履慢敳瀮≹‬楬敮ㄠㄹ‬湩张损污彬ൟ †簠††爠獥潰獮⁥‽睡楡⁴敳晬搮獩慰捴彨畦据爨煥敵瑳‬慣汬湟硥⥴਍††⁼†††††††帠幞幞幞幞幞幞幞幞幞幞幞幞幞幞幞幞幞幞幞幞幞൞ †簠†䘠汩⁥䌢尺獕牥屳整档屡湏䑥楲敶䑜獥瑫灯獜污獥愠⁩汰瑡牦浯扜捡敫摮慜灰浜摩汤睥牡履敲畱獥彴潣瑮硥⹴祰Ⱒ氠湩⁥㘵‬湩搠獩慰捴൨ †簠††爠楡敳攠਍††⁼†楆敬∠㩃啜敳獲瑜捥慨作敮牄癩履敄歳潴屰慳敬⁳楡瀠慬晴潲屭慢正湥層灡屰業摤敬慷敲牜煥敵瑳损湯整瑸瀮≹‬楬敮㔠ⰰ椠⁮楤灳瑡档਍††⁼††敲灳湯敳㴠愠慷瑩挠污彬敮瑸爨煥敵瑳ഩ †簠††††††††幞幞幞幞幞幞幞幞幞幞幞幞਍††⁼†楆敬∠㩃啜敳獲瑜捥慨䅜灰慄慴䱜捯污停潲牧浡屳祐桴湯停瑹潨㍮㈱䱜扩獜瑩ⵥ慰正条獥獜慴汲瑥整浜摩汤睥牡履慢敳瀮≹‬楬敮ㄠ㔶‬湩挠污彬敮瑸਍††⁼††慲獩⁥灡彰硥ൣ †簠†䘠汩⁥䌢尺獕牥屳整档屡灁䑰瑡屡潌慣屬牐杯慲獭停瑹潨屮祐桴湯ㄳ尲楌屢楳整瀭捡慫敧屳瑳牡敬瑴履業摤敬慷敲扜獡⹥祰Ⱒ氠湩⁥㔱ⰱ椠⁮潣潲਍††⁼††睡楡⁴敳晬愮灰猨潣数‬敲散癩彥牯摟獩潣湮捥ⱴ猠湥彤潮敟牲牯ഩ †簠†䘠汩⁥䌢尺獕牥屳整档屡灁䑰瑡屡潌慣屬牐杯慲獭停瑹潨屮祐桴湯ㄳ尲楌屢楳整瀭捡慫敧屳瑳牡敬瑴履業摤敬慷敲扜獡⹥祰Ⱒ氠湩⁥㠱ⰹ椠⁮彟慣汬彟਍††⁼††楷桴挠汯慬獰彥硥杣潲灵⡳㨩਍††⁼†楆敬∠㩃啜敳獲瑜捥慨䅜灰慄慴䱜捯污停潲牧浡屳祐桴湯停瑹潨㍮㈱䱜扩捜湯整瑸楬⹢祰Ⱒ氠湩⁥㔱ⰸ椠⁮彟硥瑩彟਍††⁼††敳晬朮湥琮牨睯瘨污敵ഩ †簠†䘠汩⁥䌢尺獕牥屳整档屡灁䑰瑡屡潌慣屬牐杯慲獭停瑹潨屮祐桴湯ㄳ尲楌屢楳整瀭捡慫敧屳瑳牡敬瑴履畟楴獬瀮≹‬楬敮㤠ⰳ椠⁮潣汬灡敳敟捸牧畯獰਍††⁼††慲獩⁥硥ൣ †簠†䘠汩⁥䌢尺獕牥屳整档屡灁䑰瑡屡潌慣屬牐杯慲獭停瑹潨屮祐桴湯ㄳ尲楌屢楳整瀭捡慫敧屳瑳牡敬瑴履業摤敬慷敲扜獡⹥祰Ⱒ氠湩⁥㤱ⰱ椠⁮彟慣汬彟਍††⁼††敲灳湯敳㴠愠慷瑩猠汥⹦楤灳瑡档晟湵⡣敲畱獥ⱴ挠污彬敮瑸ഩ †簠††††††††幞幞幞幞幞幞幞幞幞幞幞幞幞幞幞幞幞幞幞幞幞幞਍††⁼†楆敬∠㩃啜敳獲瑜捥慨作敮牄癩履敄歳潴屰慳敬⁳楡瀠慬晴潲屭慢正湥層灡屰業摤敬慷敲獜捥牵瑩⹹祰Ⱒ氠湩⁥㌲ⰲ椠⁮楤灳瑡档਍††⁼††敲灳湯敳㴠愠慷瑩挠污彬敮瑸爨煥敵瑳ഩ †簠††††††††幞幞幞幞幞幞幞幞幞幞幞幞਍††⁼†楆敬∠㩃啜敳獲瑜捥慨䅜灰慄慴䱜捯污停潲牧浡屳祐桴湯停瑹潨㍮㈱䱜扩獜瑩ⵥ慰正条獥獜慴汲瑥整浜摩汤睥牡履慢敳瀮≹‬楬敮ㄠ㔶‬湩挠污彬敮瑸਍††⁼††慲獩⁥灡彰硥ൣ †簠†䘠汩⁥䌢尺獕牥屳整档屡灁䑰瑡屡潌慣屬牐杯慲獭停瑹潨屮祐桴湯ㄳ尲楌屢楳整瀭捡慫敧屳瑳牡敬瑴履業摤敬慷敲扜獡⹥祰Ⱒ氠湩⁥㔱ⰱ椠⁮潣潲਍††⁼††睡楡⁴敳晬愮灰猨潣数‬敲散癩彥牯摟獩潣湮捥ⱴ猠湥彤潮敟牲牯ഩ †簠†䘠汩⁥䌢尺獕牥屳整档屡灁䑰瑡屡潌慣屬牐杯慲獭停瑹潨屮祐桴湯ㄳ尲楌屢楳整瀭捡慫敧屳瑳牡敬瑴履業摤敬慷敲扜獡⹥祰Ⱒ氠湩⁥㠱ⰹ椠⁮彟慣汬彟਍††⁼††楷桴挠汯慬獰彥硥杣潲灵⡳㨩਍††⁼†楆敬∠㩃啜敳獲瑜捥慨䅜灰慄慴䱜捯污停潲牧浡屳祐桴湯停瑹潨㍮㈱䱜扩捜湯整瑸楬⹢祰Ⱒ氠湩⁥㔱ⰸ椠⁮彟硥瑩彟਍††⁼††敳晬朮湥琮牨睯瘨污敵ഩ †簠†䘠汩⁥䌢尺獕牥屳整档屡灁䑰瑡屡潌慣屬牐杯慲獭停瑹潨屮祐桴湯ㄳ尲楌屢楳整瀭捡慫敧屳瑳牡敬瑴履畟楴獬瀮≹‬楬敮㤠ⰳ椠⁮潣汬灡敳敟捸牧畯獰਍††⁼††慲獩⁥硥ൣ †簠†䘠汩⁥䌢尺獕牥屳整档屡灁䑰瑡屡潌慣屬牐杯慲獭停瑹潨屮祐桴湯ㄳ尲楌屢楳整瀭捡慫敧屳瑳牡敬瑴履業摤敬慷敲扜獡⹥祰Ⱒ氠湩⁥㤱ⰱ椠⁮彟慣汬彟਍††⁼††敲灳湯敳㴠愠慷瑩猠汥⹦楤灳瑡档晟湵⡣敲畱獥ⱴ挠污彬敮瑸ഩ †簠††††††††幞幞幞幞幞幞幞幞幞幞幞幞幞幞幞幞幞幞幞幞幞幞਍††⁼†楆敬∠㩃啜敳獲瑜捥慨作敮牄癩履敄歳潴屰慳敬⁳楡瀠慬晴潲屭慢正湥層灡屰業摤敬慷敲獜捥牵瑩⹹祰Ⱒ氠湩⁥ㄲⰲ椠⁮楤灳瑡档਍††⁼††慲獩⁥呈偔硅散瑰潩⡮਍††⁼慦瑳灡⹩硥散瑰潩獮䠮呔䕐捸灥楴湯›㈴㨹吠潯洠湡⁹敲畱獥獴‮慍楸畭⁭〶爠煥敵瑳⁳数⁲業畮整愠汬睯摥മ †⬠ⴭⴭⴭⴭⴭⴭⴭⴭⴭⴭⴭⴭⴭⴭⴭⴭⴭⴭ਍਍畄楲杮栠湡汤湩⁧景琠敨愠潢敶攠捸灥楴湯‬湡瑯敨⁲硥散瑰潩⁮捯畣牲摥ഺഊ吊慲散慢正⠠潭瑳爠捥湥⁴慣汬氠獡⥴ഺ 䘠汩⁥䌢尺獕牥屳整档屡灁䑰瑡屡潌慣屬牐杯慲獭停瑹潨屮祐桴湯ㄳ尲楌屢楳整瀭捡慫敧屳瑳牡敬瑴履業摤敬慷敲敜牲牯⹳祰Ⱒ氠湩⁥㘱ⰴ椠⁮彟慣汬彟਍††睡楡⁴敳晬愮灰猨潣数‬敲散癩ⱥ张敳摮ഩ 䘠汩⁥䌢尺獕牥屳整档屡灁䑰瑡屡潌慣屬牐杯慲獭停瑹潨屮祐桴湯ㄳ尲楌屢楳整瀭捡慫敧屳瑳牡敬瑴履業摤敬慷敲扜獡⹥祰Ⱒ氠湩⁥㠱ⰹ椠⁮彟慣汬彟਍††楷桴挠汯慬獰彥硥杣潲灵⡳㨩਍†楆敬∠㩃啜敳獲瑜捥慨䅜灰慄慴䱜捯污停潲牧浡屳祐桴湯停瑹潨㍮㈱䱜扩捜湯整瑸楬⹢祰Ⱒ氠湩⁥㔱ⰸ椠⁮彟硥瑩彟਍††敳晬朮湥琮牨睯瘨污敵ഩ 䘠汩⁥䌢尺獕牥屳整档屡灁䑰瑡屡潌慣屬牐杯慲獭停瑹潨屮祐桴湯ㄳ尲楌屢楳整瀭捡慫敧屳瑳牡敬瑴履畟楴獬瀮≹‬楬敮㤠ⰳ椠⁮潣汬灡敳敟捸牧畯獰਍††慲獩⁥硥ൣ 䘠汩⁥䌢尺獕牥屳整档屡灁䑰瑡屡潌慣屬牐杯慲獭停瑹潨屮祐桴湯ㄳ尲楌屢楳整瀭捡慫敧屳瑳牡敬瑴履業摤敬慷敲扜獡⹥祰Ⱒ氠湩⁥㤱ⰱ椠⁮彟慣汬彟਍††敲灳湯敳㴠愠慷瑩猠汥⹦楤灳瑡档晟湵⡣敲畱獥ⱴ挠污彬敮瑸ഩ †††††††幞幞幞幞幞幞幞幞幞幞幞幞幞幞幞幞幞幞幞幞幞幞਍†楆敬∠㩃啜敳獲瑜捥慨作敮牄癩履敄歳潴屰慳敬⁳楡瀠慬晴潲屭慢正湥層灡屰業摤敬慷敲牜煥敵瑳损湯整瑸瀮≹‬楬敮㔠ⰶ椠⁮楤灳瑡档਍††慲獩⁥൥ 䘠汩⁥䌢尺獕牥屳整档屡湏䑥楲敶䑜獥瑫灯獜污獥愠⁩汰瑡牦浯扜捡敫摮慜灰浜摩汤睥牡履敲畱獥彴潣瑮硥⹴祰Ⱒ氠湩⁥〵‬湩搠獩慰捴൨ †爠獥潰獮⁥‽睡楡⁴慣汬湟硥⡴敲畱獥⥴਍†††††††帠幞幞幞幞幞幞幞幞幞幞幞൞ 䘠汩⁥䌢尺獕牥屳整档屡灁䑰瑡屡潌慣屬牐杯慲獭停瑹潨屮祐桴湯ㄳ尲楌屢楳整瀭捡慫敧屳瑳牡敬瑴履業摤敬慷敲扜獡⹥祰Ⱒ氠湩⁥㘱ⰵ椠⁮慣汬湟硥൴ †爠楡敳愠灰敟捸਍†楆敬∠㩃啜敳獲瑜捥慨䅜灰慄慴䱜捯污停潲牧浡屳祐桴湯停瑹潨㍮㈱䱜扩獜瑩ⵥ慰正条獥獜慴汲瑥整浜摩汤睥牡履慢敳瀮≹‬楬敮ㄠㄵ‬湩挠牯൯ †愠慷瑩猠汥⹦灡⡰捳灯ⱥ爠捥楥敶潟彲楤捳湯敮瑣‬敳摮湟彯牥潲⥲਍†楆敬∠㩃啜敳獲瑜捥慨䅜灰慄慴䱜捯污停潲牧浡屳祐桴湯停瑹潨㍮㈱䱜扩獜瑩ⵥ慰正条獥獜慴汲瑥整浜摩汤睥牡履慢敳瀮≹‬楬敮ㄠ㤸‬湩张损污彬ൟ †眠瑩⁨潣汬灡敳敟捸牧畯獰⤨ഺ 䘠汩⁥䌢尺獕牥屳整档屡灁䑰瑡屡潌慣屬牐杯慲獭停瑹潨屮祐桴湯ㄳ尲楌屢潣瑮硥汴扩瀮≹‬楬敮ㄠ㠵‬湩张敟楸彴ൟ †猠汥⹦敧⹮桴潲⡷慶畬⥥਍†楆敬∠㩃啜敳獲瑜捥慨䅜灰慄慴䱜捯污停潲牧浡屳祐桴湯停瑹潨㍮㈱䱜扩獜瑩ⵥ慰正条獥獜慴汲瑥整彜瑵汩⹳祰Ⱒ氠湩⁥㌹‬湩挠汯慬獰彥硥杣潲灵൳ †爠楡敳攠捸਍†楆敬∠㩃啜敳獲瑜捥慨䅜灰慄慴䱜捯污停潲牧浡屳祐桴湯停瑹潨㍮㈱䱜扩獜瑩ⵥ慰正条獥獜慴汲瑥整浜摩汤睥牡履慢敳瀮≹‬楬敮ㄠㄹ‬湩张损污彬ൟ †爠獥潰獮⁥‽睡楡⁴敳晬搮獩慰捴彨畦据爨煥敵瑳‬慣汬湟硥⥴਍†††††††帠幞幞幞幞幞幞幞幞幞幞幞幞幞幞幞幞幞幞幞幞幞൞ 䘠汩⁥䌢尺獕牥屳整档屡湏䑥楲敶䑜獥瑫灯獜污獥愠⁩汰瑡牦浯扜捡敫摮慜灰浜摩汤睥牡履敳畣楲祴瀮≹‬楬敮㈠㈳‬湩搠獩慰捴൨ †爠獥潰獮⁥‽睡楡⁴慣汬湟硥⡴敲畱獥⥴਍†††††††帠幞幞幞幞幞幞幞幞幞幞幞൞ 䘠汩⁥䌢尺獕牥屳整档屡灁䑰瑡屡潌慣屬牐杯慲獭停瑹潨屮祐桴湯ㄳ尲楌屢楳整瀭捡慫敧屳瑳牡敬瑴履業摤敬慷敲扜獡⹥祰Ⱒ氠湩⁥㘱ⰵ椠⁮慣汬湟硥൴ †爠楡敳愠灰敟捸਍†楆敬∠㩃啜敳獲瑜捥慨䅜灰慄慴䱜捯污停潲牧浡屳祐桴湯停瑹潨㍮㈱䱜扩獜瑩ⵥ慰正条獥獜慴汲瑥整浜摩汤睥牡履慢敳瀮≹‬楬敮ㄠㄵ‬湩挠牯൯ †愠慷瑩猠汥⹦灡⡰捳灯ⱥ爠捥楥敶潟彲楤捳湯敮瑣‬敳摮湟彯牥潲⥲਍†楆敬∠㩃啜敳獲瑜捥慨䅜灰慄慴䱜捯污停潲牧浡屳祐桴湯停瑹潨㍮㈱䱜扩獜瑩ⵥ慰正条獥獜慴汲瑥整浜摩汤睥牡履慢敳瀮≹‬楬敮ㄠ㤸‬湩张损污彬ൟ †眠瑩⁨潣汬灡敳敟捸牧畯獰⤨ഺ 䘠汩⁥䌢尺獕牥屳整档屡灁䑰瑡屡潌慣屬牐杯慲獭停瑹潨屮祐桴湯ㄳ尲楌屢潣瑮硥汴扩瀮≹‬楬敮ㄠ㠵‬湩张敟楸彴ൟ †猠汥⹦敧⹮桴潲⡷慶畬⥥਍†楆敬∠㩃啜敳獲瑜捥慨䅜灰慄慴䱜捯污停潲牧浡屳祐桴湯停瑹潨㍮㈱䱜扩獜瑩ⵥ慰正条獥獜慴汲瑥整彜瑵汩⹳祰Ⱒ氠湩⁥㌹‬湩挠汯慬獰彥硥杣潲灵൳ †爠楡敳攠捸਍†楆敬∠㩃啜敳獲瑜捥慨䅜灰慄慴䱜捯污停潲牧浡屳祐桴湯停瑹潨㍮㈱䱜扩獜瑩ⵥ慰正条獥獜慴汲瑥整浜摩汤睥牡履慢敳瀮≹‬楬敮ㄠㄹ‬湩张损污彬ൟ †爠獥潰獮⁥‽睡楡⁴敳晬搮獩慰捴彨畦据爨煥敵瑳‬慣汬湟硥⥴਍†††††††帠幞幞幞幞幞幞幞幞幞幞幞幞幞幞幞幞幞幞幞幞幞൞ 䘠汩⁥䌢尺獕牥屳整档屡湏䑥楲敶䑜獥瑫灯獜污獥愠⁩汰瑡牦浯扜捡敫摮慜灰浜摩汤睥牡履敳畣楲祴瀮≹‬楬敮㈠㈱‬湩搠獩慰捴൨ †爠楡敳䠠呔䕐捸灥楴湯ന昊獡慴楰攮捸灥楴湯⹳呈偔硅散瑰潩㩮㐠㤲›潔⁯慭祮爠煥敵瑳⹳䴠硡浩浵㘠‰敲畱獥獴瀠牥洠湩瑵⁥污潬敷⹤਍਍㉛㈰ⴶ㌰㈭‹〲㌺㨰㤰ㄮ㌸〰崶嬠䑉㌺㌴扡㍤ⴹ㉦晥㐭攷ⵡ挸挵挭愲㜰昳戵散崳䔠剒›㈴㨹吠潯洠湡⁹敲畱獥獴‮慍楸畭⁭〶爠煥敵瑳⁳数⁲業畮整愠汬睯摥മ ⬠䔠捸灥楴湯䜠潲灵吠慲散慢正⠠潭瑳爠捥湥⁴慣汬氠獡⥴ഺ 簠†䘠汩⁥䌢尺獕牥屳整档屡灁䑰瑡屡潌慣屬牐杯慲獭停瑹潨屮祐桴湯ㄳ尲楌屢楳整瀭捡慫敧屳瑳牡敬瑴履畟楴獬瀮≹‬楬敮㠠ⰷ椠⁮潣汬灡敳敟捸牧畯獰਍†⁼††楹汥൤ 簠†䘠汩⁥䌢尺獕牥屳整档屡灁䑰瑡屡潌慣屬牐杯慲獭停瑹潨屮祐桴湯ㄳ尲楌屢楳整瀭捡慫敧屳瑳牡敬瑴履業摤敬慷敲扜獡⹥祰Ⱒ氠湩⁥㤱ⰰ椠⁮彟慣汬彟਍†⁼††獡湹⁣楷桴愠祮潩挮敲瑡彥慴歳束潲灵⤨愠⁳慴歳束潲灵ഺ 簠†䘠汩⁥䌢尺獕牥屳整档屡灁䑰瑡屡潌慣屬牐杯慲獭停瑹潨屮祐桴湯ㄳ尲楌屢楳整瀭捡慫敧屳湡楹屯扟捡敫摮屳慟祳据潩瀮≹‬楬敮㘠㠷‬湩张慟硥瑩彟਍†⁼††慲獩⁥慂敳硅散瑰潩䝮潲灵ന 簠䔠捸灥楴湯片畯㩰甠桮湡汤摥攠牲牯⁳湩愠吠獡䝫潲灵⠠‱畳ⵢ硥散瑰潩⥮਍†⴫⴫ⴭⴭⴭⴭⴭⴭⴭ‭‱ⴭⴭⴭⴭⴭⴭⴭⴭ਍††⁼牔捡扥捡⁫洨獯⁴敲散瑮挠污⁬慬瑳㨩਍††⁼†楆敬∠㩃啜敳獲瑜捥慨䅜灰慄慴䱜捯污停潲牧浡屳祐桴湯停瑹潨㍮㈱䱜扩獜瑩ⵥ慰正条獥獜慴汲瑥整浜摩汤睥牡履牥潲獲瀮≹‬楬敮ㄠ㐶‬湩张损污彬ൟ †簠††愠慷瑩猠汥⹦灡⡰捳灯ⱥ爠捥楥敶‬獟湥⥤਍††⁼†楆敬∠㩃啜敳獲瑜捥慨䅜灰慄慴䱜捯污停潲牧浡屳祐桴湯停瑹潨㍮㈱䱜扩獜瑩ⵥ慰正条獥獜慴汲瑥整浜摩汤睥牡履慢敳瀮≹‬楬敮ㄠ㤸‬湩张损污彬ൟ †簠††眠瑩⁨潣汬灡敳敟捸牧畯獰⤨ഺ †簠†䘠汩⁥䌢尺獕牥屳整档屡灁䑰瑡屡潌慣屬牐杯慲獭停瑹潨屮祐桴湯ㄳ尲楌屢潣瑮硥汴扩瀮≹‬楬敮ㄠ㠵‬湩张敟楸彴ൟ †簠††猠汥⹦敧⹮桴潲⡷慶畬⥥਍††⁼†楆敬∠㩃啜敳獲瑜捥慨䅜灰慄慴䱜捯污停潲牧浡屳祐桴湯停瑹潨㍮㈱䱜扩獜瑩ⵥ慰正条獥獜慴汲瑥整彜瑵汩⹳祰Ⱒ氠湩⁥㌹‬湩挠汯慬獰彥硥杣潲灵൳ †簠††爠楡敳攠捸਍††⁼†楆敬∠㩃啜敳獲瑜捥慨䅜灰慄慴䱜捯污停潲牧浡屳祐桴湯停瑹潨㍮㈱䱜扩獜瑩ⵥ慰正条獥獜慴汲瑥整浜摩汤睥牡履慢敳瀮≹‬楬敮ㄠㄹ‬湩张损污彬ൟ †簠††爠獥潰獮⁥‽睡楡⁴敳晬搮獩慰捴彨畦据爨煥敵瑳‬慣汬湟硥⥴਍††⁼†††††††帠幞幞幞幞幞幞幞幞幞幞幞幞幞幞幞幞幞幞幞幞幞൞ †簠†䘠汩⁥䌢尺獕牥屳整档屡湏䑥楲敶䑜獥瑫灯獜污獥愠⁩汰瑡牦浯扜捡敫摮慜灰浜摩汤睥牡履敲畱獥彴潣瑮硥⹴祰Ⱒ氠湩⁥㘵‬湩搠獩慰捴൨ †簠††爠楡敳攠਍††⁼†楆敬∠㩃啜敳獲瑜捥慨作敮牄癩履敄歳潴屰慳敬⁳楡瀠慬晴潲屭慢正湥層灡屰業摤敬慷敲牜煥敵瑳损湯整瑸瀮≹‬楬敮㔠ⰰ椠⁮楤灳瑡档਍††⁼††敲灳湯敳㴠愠慷瑩挠污彬敮瑸爨煥敵瑳ഩ †簠††††††††幞幞幞幞幞幞幞幞幞幞幞幞਍††⁼†楆敬∠㩃啜敳獲瑜捥慨䅜灰慄慴䱜捯污停潲牧浡屳祐桴湯停瑹潨㍮㈱䱜扩獜瑩ⵥ慰正条獥獜慴汲瑥整浜摩汤睥牡履慢敳瀮≹‬楬敮ㄠ㔶‬湩挠污彬敮瑸਍††⁼††慲獩⁥灡彰硥ൣ †簠†䘠汩⁥䌢尺獕牥屳整档屡灁䑰瑡屡潌慣屬牐杯慲獭停瑹潨屮祐桴湯ㄳ尲楌屢楳整瀭捡慫敧屳瑳牡敬瑴履業摤敬慷敲扜獡⹥祰Ⱒ氠湩⁥㔱ⰱ椠⁮潣潲਍††⁼††睡楡⁴敳晬愮灰猨潣数‬敲散癩彥牯摟獩潣湮捥ⱴ猠湥彤潮敟牲牯ഩ †簠†䘠汩⁥䌢尺獕牥屳整档屡灁䑰瑡屡潌慣屬牐杯慲獭停瑹潨屮祐桴湯ㄳ尲楌屢楳整瀭捡慫敧屳瑳牡敬瑴履業摤敬慷敲扜獡⹥祰Ⱒ氠湩⁥㠱ⰹ椠⁮彟慣汬彟਍††⁼††楷桴挠汯慬獰彥硥杣潲灵⡳㨩਍††⁼†楆敬∠㩃啜敳獲瑜捥慨䅜灰慄慴䱜捯污停潲牧浡屳祐桴湯停瑹潨㍮㈱䱜扩捜湯整瑸楬⹢祰Ⱒ氠湩⁥㔱ⰸ椠⁮彟硥瑩彟਍††⁼††敳晬朮湥琮牨睯瘨污敵ഩ †簠†䘠汩⁥䌢尺獕牥屳整档屡灁䑰瑡屡潌慣屬牐杯慲獭停瑹潨屮祐桴湯ㄳ尲楌屢楳整瀭捡慫敧屳瑳牡敬瑴履畟楴獬瀮≹‬楬敮㤠ⰳ椠⁮潣汬灡敳敟捸牧畯獰਍††⁼††慲獩⁥硥ൣ †簠†䘠汩⁥䌢尺獕牥屳整档屡灁䑰瑡屡潌慣屬牐杯慲獭停瑹潨屮祐桴湯ㄳ尲楌屢楳整瀭捡慫敧屳瑳牡敬瑴履業摤敬慷敲扜獡⹥祰Ⱒ氠湩⁥㤱ⰱ椠⁮彟慣汬彟਍††⁼††敲灳湯敳㴠愠慷瑩猠汥⹦楤灳瑡档晟湵⡣敲畱獥ⱴ挠污彬敮瑸ഩ †簠††††††††幞幞幞幞幞幞幞幞幞幞幞幞幞幞幞幞幞幞幞幞幞幞਍††⁼†楆敬∠㩃啜敳獲瑜捥慨作敮牄癩履敄歳潴屰慳敬⁳楡瀠慬晴潲屭慢正湥層灡屰業摤敬慷敲獜捥牵瑩⹹祰Ⱒ氠湩⁥㌲ⰲ椠⁮楤灳瑡档਍††⁼††敲灳湯敳㴠愠慷瑩挠污彬敮瑸爨煥敵瑳ഩ †簠††††††††幞幞幞幞幞幞幞幞幞幞幞幞਍††⁼†楆敬∠㩃啜敳獲瑜捥慨䅜灰慄慴䱜捯污停潲牧浡屳祐桴湯停瑹潨㍮㈱䱜扩獜瑩ⵥ慰正条獥獜慴汲瑥整浜摩汤睥牡履慢敳瀮≹‬楬敮ㄠ㔶‬湩挠污彬敮瑸਍††⁼††慲獩⁥灡彰硥ൣ †簠†䘠汩⁥䌢尺獕牥屳整档屡灁䑰瑡屡潌慣屬牐杯慲獭停瑹潨屮祐桴湯ㄳ尲楌屢楳整瀭捡慫敧屳瑳牡敬瑴履業摤敬慷敲扜獡⹥祰Ⱒ氠湩⁥㔱ⰱ椠⁮潣潲਍††⁼††睡楡⁴敳晬愮灰猨潣数‬敲散癩彥牯摟獩潣湮捥ⱴ猠湥彤潮敟牲牯ഩ †簠†䘠汩⁥䌢尺獕牥屳整档屡灁䑰瑡屡潌慣屬牐杯慲獭停瑹潨屮祐桴湯ㄳ尲楌屢楳整瀭捡慫敧屳瑳牡敬瑴履業摤敬慷敲扜獡⹥祰Ⱒ氠湩⁥㠱ⰹ椠⁮彟慣汬彟਍††⁼††楷桴挠汯慬獰彥硥杣潲灵⡳㨩਍††⁼†楆敬∠㩃啜敳獲瑜捥慨䅜灰慄慴䱜捯污停潲牧浡屳祐桴湯停瑹潨㍮㈱䱜扩捜湯整瑸楬⹢祰Ⱒ氠湩⁥㔱ⰸ椠⁮彟硥瑩彟਍††⁼††敳晬朮湥琮牨睯瘨污敵ഩ †簠†䘠汩⁥䌢尺獕牥屳整档屡灁䑰瑡屡潌慣屬牐杯慲獭停瑹潨屮祐桴湯ㄳ尲楌屢楳整瀭捡慫敧屳瑳牡敬瑴履畟楴獬瀮≹‬楬敮㤠ⰳ椠⁮潣汬灡敳敟捸牧畯獰਍††⁼††慲獩⁥硥ൣ †簠†䘠汩⁥䌢尺獕牥屳整档屡灁䑰瑡屡潌慣屬牐杯慲獭停瑹潨屮祐桴湯ㄳ尲楌屢楳整瀭捡慫敧屳瑳牡敬瑴履業摤敬慷敲扜獡⹥祰Ⱒ氠湩⁥㤱ⰱ椠⁮彟慣汬彟਍††⁼††敲灳湯敳㴠愠慷瑩猠汥⹦楤灳瑡档晟湵⡣敲畱獥ⱴ挠污彬敮瑸ഩ †簠††††††††幞幞幞幞幞幞幞幞幞幞幞幞幞幞幞幞幞幞幞幞幞幞਍††⁼†楆敬∠㩃啜敳獲瑜捥慨作敮牄癩履敄歳潴屰慳敬⁳楡瀠慬晴潲屭慢正湥層灡屰業摤敬慷敲獜捥牵瑩⹹祰Ⱒ氠湩⁥ㄲⰲ椠⁮楤灳瑡档਍††⁼††慲獩⁥呈偔硅散瑰潩⡮਍††⁼慦瑳灡⹩硥散瑰潩獮䠮呔䕐捸灥楴湯›㈴㨹吠潯洠湡⁹敲畱獥獴‮慍楸畭⁭〶爠煥敵瑳⁳数⁲業畮整愠汬睯摥മ †⬠ⴭⴭⴭⴭⴭⴭⴭⴭⴭⴭⴭⴭⴭⴭⴭⴭⴭⴭ਍਍畄楲杮栠湡汤湩⁧景琠敨愠潢敶攠捸灥楴湯‬湡瑯敨⁲硥散瑰潩⁮捯畣牲摥ഺഊ吊慲散慢正⠠潭瑳爠捥湥⁴慣汬氠獡⥴ഺ 䘠汩⁥䌢尺獕牥屳整档屡灁䑰瑡屡潌慣屬牐杯慲獭停瑹潨屮祐桴湯ㄳ尲楌屢楳整瀭捡慫敧屳瑳牡敬瑴履業摤敬慷敲敜牲牯⹳祰Ⱒ氠湩⁥㘱ⰴ椠⁮彟慣汬彟਍††睡楡⁴敳晬愮灰猨潣数‬敲散癩ⱥ张敳摮ഩ 䘠汩⁥䌢尺獕牥屳整档屡灁䑰瑡屡潌慣屬牐杯慲獭停瑹潨屮祐桴湯ㄳ尲楌屢楳整瀭捡慫敧屳瑳牡敬瑴履業摤敬慷敲扜獡⹥祰Ⱒ氠湩⁥㠱ⰹ椠⁮彟慣汬彟਍††楷桴挠汯慬獰彥硥杣潲灵⡳㨩਍†楆敬∠㩃啜敳獲瑜捥慨䅜灰慄慴䱜捯污停潲牧浡屳祐桴湯停瑹潨㍮㈱䱜扩捜湯整瑸楬⹢祰Ⱒ氠湩⁥㔱ⰸ椠⁮彟硥瑩彟਍††敳晬朮湥琮牨睯瘨污敵ഩ 䘠汩⁥䌢尺獕牥屳整档屡灁䑰瑡屡潌慣屬牐杯慲獭停瑹潨屮祐桴湯ㄳ尲楌屢楳整瀭捡慫敧屳瑳牡敬瑴履畟楴獬瀮≹‬楬敮㤠ⰳ椠⁮潣汬灡敳敟捸牧畯獰਍††慲獩⁥硥ൣ 䘠汩⁥䌢尺獕牥屳整档屡灁䑰瑡屡潌慣屬牐杯慲獭停瑹潨屮祐桴湯ㄳ尲楌屢楳整瀭捡慫敧屳瑳牡敬瑴履業摤敬慷敲扜獡⹥祰Ⱒ氠湩⁥㤱ⰱ椠⁮彟慣汬彟਍††敲灳湯敳㴠愠慷瑩猠汥⹦楤灳瑡档晟湵⡣敲畱獥ⱴ挠污彬敮瑸ഩ †††††††幞幞幞幞幞幞幞幞幞幞幞幞幞幞幞幞幞幞幞幞幞幞਍†楆敬∠㩃啜敳獲瑜捥慨作敮牄癩履敄歳潴屰慳敬⁳楡瀠慬晴潲屭慢正湥層灡屰業摤敬慷敲牜煥敵瑳损湯整瑸瀮≹‬楬敮㔠ⰶ椠⁮楤灳瑡档਍††慲獩⁥൥ 䘠汩⁥䌢尺獕牥屳整档屡湏䑥楲敶䑜獥瑫灯獜污獥愠⁩汰瑡牦浯扜捡敫摮慜灰浜摩汤睥牡履敲畱獥彴潣瑮硥⹴祰Ⱒ氠湩⁥〵‬湩搠獩慰捴൨ †爠獥潰獮⁥‽睡楡⁴慣汬湟硥⡴敲畱獥⥴਍†††††††帠幞幞幞幞幞幞幞幞幞幞幞൞ 䘠汩⁥䌢尺獕牥屳整档屡灁䑰瑡屡潌慣屬牐杯慲獭停瑹潨屮祐桴湯ㄳ尲楌屢楳整瀭捡慫敧屳瑳牡敬瑴履業摤敬慷敲扜獡⹥祰Ⱒ氠湩⁥㘱ⰵ椠⁮慣汬湟硥൴ †爠楡敳愠灰敟捸਍†楆敬∠㩃啜敳獲瑜捥慨䅜灰慄慴䱜捯污停潲牧浡屳祐桴湯停瑹潨㍮㈱䱜扩獜瑩ⵥ慰正条獥獜慴汲瑥整浜摩汤睥牡履慢敳瀮≹‬楬敮ㄠㄵ‬湩挠牯൯ †愠慷瑩猠汥⹦灡⡰捳灯ⱥ爠捥楥敶潟彲楤捳湯敮瑣‬敳摮湟彯牥潲⥲਍†楆敬∠㩃啜敳獲瑜捥慨䅜灰慄慴䱜捯污停潲牧浡屳祐桴湯停瑹潨㍮㈱䱜扩獜瑩ⵥ慰正条獥獜慴汲瑥整浜摩汤睥牡履慢敳瀮≹‬楬敮ㄠ㤸‬湩张损污彬ൟ †眠瑩⁨潣汬灡敳敟捸牧畯獰⤨ഺ 䘠汩⁥䌢尺獕牥屳整档屡灁䑰瑡屡潌慣屬牐杯慲獭停瑹潨屮祐桴湯ㄳ尲楌屢潣瑮硥汴扩瀮≹‬楬敮ㄠ㠵‬湩张敟楸彴ൟ †猠汥⹦敧⹮桴潲⡷慶畬⥥਍†楆敬∠㩃啜敳獲瑜捥慨䅜灰慄慴䱜捯污停潲牧浡屳祐桴湯停瑹潨㍮㈱䱜扩獜瑩ⵥ慰正条獥獜慴汲瑥整彜瑵汩⹳祰Ⱒ氠湩⁥㌹‬湩挠汯慬獰彥硥杣潲灵൳ †爠楡敳攠捸਍†楆敬∠㩃啜敳獲瑜捥慨䅜灰慄慴䱜捯污停潲牧浡屳祐桴湯停瑹潨㍮㈱䱜扩獜瑩ⵥ慰正条獥獜慴汲瑥整浜摩汤睥牡履慢敳瀮≹‬楬敮ㄠㄹ‬湩张损污彬ൟ †爠獥潰獮⁥‽睡楡⁴敳晬搮獩慰捴彨畦据爨煥敵瑳‬慣汬湟硥⥴਍†††††††帠幞幞幞幞幞幞幞幞幞幞幞幞幞幞幞幞幞幞幞幞幞൞ 䘠汩⁥䌢尺獕牥屳整档屡湏䑥楲敶䑜獥瑫灯獜污獥愠⁩汰瑡牦浯扜捡敫摮慜灰浜摩汤睥牡履敳畣楲祴瀮≹‬楬敮㈠㈳‬湩搠獩慰捴൨ †爠獥潰獮⁥‽睡楡⁴慣汬湟硥⡴敲畱獥⥴਍†††††††帠幞幞幞幞幞幞幞幞幞幞幞൞ 䘠汩⁥䌢尺獕牥屳整档屡灁䑰瑡屡潌慣屬牐杯慲獭停瑹潨屮祐桴湯ㄳ尲楌屢楳整瀭捡慫敧屳瑳牡敬瑴履業摤敬慷敲扜獡⹥祰Ⱒ氠湩⁥㘱ⰵ椠⁮慣汬湟硥൴ †爠楡敳愠灰敟捸਍†楆敬∠㩃啜敳獲瑜捥慨䅜灰慄慴䱜捯污停潲牧浡屳祐桴湯停瑹潨㍮㈱䱜扩獜瑩ⵥ慰正条獥獜慴汲瑥整浜摩汤睥牡履慢敳瀮≹‬楬敮ㄠㄵ‬湩挠牯൯ †愠慷瑩猠汥⹦灡⡰捳灯ⱥ爠捥楥敶潟彲楤捳湯敮瑣‬敳摮湟彯牥潲⥲਍†楆敬∠㩃啜敳獲瑜捥慨䅜灰慄慴䱜捯污停潲牧浡屳祐桴湯停瑹潨㍮㈱䱜扩獜瑩ⵥ慰正条獥獜慴汲瑥整浜摩汤睥牡履慢敳瀮≹‬楬敮ㄠ㤸‬湩张损污彬ൟ †眠瑩⁨潣汬灡敳敟捸牧畯獰⤨ഺ 䘠汩⁥䌢尺獕牥屳整档屡灁䑰瑡屡潌慣屬牐杯慲獭停瑹潨屮祐桴湯ㄳ尲楌屢潣瑮硥汴扩瀮≹‬楬敮ㄠ㠵‬湩张敟楸彴ൟ †猠汥⹦敧⹮桴潲⡷慶畬⥥਍†楆敬∠㩃啜敳獲瑜捥慨䅜灰慄慴䱜捯污停潲牧浡屳祐桴湯停瑹潨㍮㈱䱜扩獜瑩ⵥ慰正条獥獜慴汲瑥整彜瑵汩⹳祰Ⱒ氠湩⁥㌹‬湩挠汯慬獰彥硥杣潲灵൳ †爠楡敳攠捸਍†楆敬∠㩃啜敳獲瑜捥慨䅜灰慄慴䱜捯污停潲牧浡屳祐桴湯停瑹潨㍮㈱䱜扩獜瑩ⵥ慰正条獥獜慴汲瑥整浜摩汤睥牡履慢敳瀮≹‬楬敮ㄠㄹ‬湩张损污彬ൟ †爠獥潰獮⁥‽睡楡⁴敳晬搮獩慰捴彨畦据爨煥敵瑳‬慣汬湟硥⥴਍†††††††帠幞幞幞幞幞幞幞幞幞幞幞幞幞幞幞幞幞幞幞幞幞൞ 䘠汩⁥䌢尺獕牥屳整档屡湏䑥楲敶䑜獥瑫灯獜污獥愠⁩汰瑡牦浯扜捡敫摮慜灰浜摩汤睥牡履敳畣楲祴瀮≹‬楬敮㈠㈱‬湩搠獩慰捴൨ †爠楡敳䠠呔䕐捸灥楴湯ന昊獡慴楰攮捸灥楴湯⹳呈偔硅散瑰潩㩮㐠㤲›潔⁯慭祮爠煥敵瑳⹳䴠硡浩浵㘠‰敲畱獥獴瀠牥洠湩瑵⁥污潬敷⹤਍਍㉛㈰ⴶ㌰㈭‹〲㌺㨰㤰㈮㤱㈰崳嬠䑉㤺挰〵戹ⴸ昶㌲㐭㡥ⴹ挸戲㤭摦〲㙣㜹㌷崹䔠剒›㈴㨹吠潯洠湡⁹敲畱獥獴‮慍楸畭⁭〶爠煥敵瑳⁳数⁲業畮整愠汬睯摥മ ⬠䔠捸灥楴湯䜠潲灵吠慲散慢正⠠潭瑳爠捥湥⁴慣汬氠獡⥴ഺ 簠†䘠汩⁥䌢尺獕牥屳整档屡灁䑰瑡屡潌慣屬牐杯慲獭停瑹潨屮祐桴湯ㄳ尲楌屢楳整瀭捡慫敧屳瑳牡敬瑴履畟楴獬瀮≹‬楬敮㠠ⰷ椠⁮潣汬灡敳敟捸牧畯獰਍†⁼††楹汥൤ 簠†䘠汩⁥䌢尺獕牥屳整档屡灁䑰瑡屡潌慣屬牐杯慲獭停瑹潨屮祐桴湯ㄳ尲楌屢楳整瀭捡慫敧屳瑳牡敬瑴履業摤敬慷敲扜獡⹥祰Ⱒ氠湩⁥㤱ⰰ椠⁮彟慣汬彟਍†⁼††獡湹⁣楷桴愠祮潩挮敲瑡彥慴歳束潲灵⤨愠⁳慴歳束潲灵ഺ 簠†䘠汩⁥䌢尺獕牥屳整档屡灁䑰瑡屡潌慣屬牐杯慲獭停瑹潨屮祐桴湯ㄳ尲楌屢楳整瀭捡慫敧屳湡楹屯扟捡敫摮屳慟祳据潩瀮≹‬楬敮㘠㠷‬湩张慟硥瑩彟਍†⁼††慲獩⁥慂敳硅散瑰潩䝮潲灵ന 簠䔠捸灥楴湯片畯㩰甠桮湡汤摥攠牲牯⁳湩愠吠獡䝫潲灵⠠‱畳ⵢ硥散瑰潩⥮਍†⴫⴫ⴭⴭⴭⴭⴭⴭⴭ‭‱ⴭⴭⴭⴭⴭⴭⴭⴭ਍††⁼牔捡扥捡⁫洨獯⁴敲散瑮挠污⁬慬瑳㨩਍††⁼†楆敬∠㩃啜敳獲瑜捥慨䅜灰慄慴䱜捯污停潲牧浡屳祐桴湯停瑹潨㍮㈱䱜扩獜瑩ⵥ慰正条獥獜慴汲瑥整浜摩汤睥牡履牥潲獲瀮≹‬楬敮ㄠ㐶‬湩张损污彬ൟ †簠††愠慷瑩猠汥⹦灡⡰捳灯ⱥ爠捥楥敶‬獟湥⥤਍††⁼†楆敬∠㩃啜敳獲瑜捥慨䅜灰慄慴䱜捯污停潲牧浡屳祐桴湯停瑹潨㍮㈱䱜扩獜瑩ⵥ慰正条獥獜慴汲瑥整浜摩汤睥牡履慢敳瀮≹‬楬敮ㄠ㤸‬湩张损污彬ൟ †簠††眠瑩⁨潣汬灡敳敟捸牧畯獰⤨ഺ †簠†䘠汩⁥䌢尺獕牥屳整档屡灁䑰瑡屡潌慣屬牐杯慲獭停瑹潨屮祐桴湯ㄳ尲楌屢潣瑮硥汴扩瀮≹‬楬敮ㄠ㠵‬湩张敟楸彴ൟ †簠††猠汥⹦敧⹮桴潲⡷慶畬⥥਍††⁼†楆敬∠㩃啜敳獲瑜捥慨䅜灰慄慴䱜捯污停潲牧浡屳祐桴湯停瑹潨㍮㈱䱜扩獜瑩ⵥ慰正条獥獜慴汲瑥整彜瑵汩⹳祰Ⱒ氠湩⁥㌹‬湩挠汯慬獰彥硥杣潲灵൳ †簠††爠楡敳攠捸਍††⁼†楆敬∠㩃啜敳獲瑜捥慨䅜灰慄慴䱜捯污停潲牧浡屳祐桴湯停瑹潨㍮㈱䱜扩獜瑩ⵥ慰正条獥獜慴汲瑥整浜摩汤睥牡履慢敳瀮≹‬楬敮ㄠㄹ‬湩张损污彬ൟ †簠††爠獥潰獮⁥‽睡楡⁴敳晬搮獩慰捴彨畦据爨煥敵瑳‬慣汬湟硥⥴਍††⁼†††††††帠幞幞幞幞幞幞幞幞幞幞幞幞幞幞幞幞幞幞幞幞幞൞ †簠†䘠汩⁥䌢尺獕牥屳整档屡湏䑥楲敶䑜獥瑫灯獜污獥愠⁩汰瑡牦浯扜捡敫摮慜灰浜摩汤睥牡履敲畱獥彴潣瑮硥⹴祰Ⱒ氠湩⁥㘵‬湩搠獩慰捴൨ †簠††爠楡敳攠਍††⁼†楆敬∠㩃啜敳獲瑜捥慨作敮牄癩履敄歳潴屰慳敬⁳楡瀠慬晴潲屭慢正湥層灡屰業摤敬慷敲牜煥敵瑳损湯整瑸瀮≹‬楬敮㔠ⰰ椠⁮楤灳瑡档਍††⁼††敲灳湯敳㴠愠慷瑩挠污彬敮瑸爨煥敵瑳ഩ †簠††††††††幞幞幞幞幞幞幞幞幞幞幞幞਍††⁼†楆敬∠㩃啜敳獲瑜捥慨䅜灰慄慴䱜捯污停潲牧浡屳祐桴湯停瑹潨㍮㈱䱜扩獜瑩ⵥ慰正条獥獜慴汲瑥整浜摩汤睥牡履慢敳瀮≹‬楬敮ㄠ㔶‬湩挠污彬敮瑸਍††⁼††慲獩⁥灡彰硥ൣ †簠†䘠汩⁥䌢尺獕牥屳整档屡灁䑰瑡屡潌慣屬牐杯慲獭停瑹潨屮祐桴湯ㄳ尲楌屢楳整瀭捡慫敧屳瑳牡敬瑴履業摤敬慷敲扜獡⹥祰Ⱒ氠湩⁥㔱ⰱ椠⁮潣潲਍††⁼††睡楡⁴敳晬愮灰猨潣数‬敲散癩彥牯摟獩潣湮捥ⱴ猠湥彤潮敟牲牯ഩ †簠†䘠汩⁥䌢尺獕牥屳整档屡灁䑰瑡屡潌慣屬牐杯慲獭停瑹潨屮祐桴湯ㄳ尲楌屢楳整瀭捡慫敧屳瑳牡敬瑴履業摤敬慷敲扜獡⹥祰Ⱒ氠湩⁥㠱ⰹ椠⁮彟慣汬彟਍††⁼††楷桴挠汯慬獰彥硥杣潲灵⡳㨩਍††⁼†楆敬∠㩃啜敳獲瑜捥慨䅜灰慄慴䱜捯污停潲牧浡屳祐桴湯停瑹潨㍮㈱䱜扩捜湯整瑸楬⹢祰Ⱒ氠湩⁥㔱ⰸ椠⁮彟硥瑩彟਍††⁼††敳晬朮湥琮牨睯瘨污敵ഩ †簠†䘠汩⁥䌢尺獕牥屳整档屡灁䑰瑡屡潌慣屬牐杯慲獭停瑹潨屮祐桴湯ㄳ尲楌屢楳整瀭捡慫敧屳瑳牡敬瑴履畟楴獬瀮≹‬楬敮㤠ⰳ椠⁮潣汬灡敳敟捸牧畯獰਍††⁼††慲獩⁥硥ൣ †簠†䘠汩⁥䌢尺獕牥屳整档屡灁䑰瑡屡潌慣屬牐杯慲獭停瑹潨屮祐桴湯ㄳ尲楌屢楳整瀭捡慫敧屳瑳牡敬瑴履業摤敬慷敲扜獡⹥祰Ⱒ氠湩⁥㤱ⰱ椠⁮彟慣汬彟਍††⁼††敲灳湯敳㴠愠慷瑩猠汥⹦楤灳瑡档晟湵⡣敲畱獥ⱴ挠污彬敮瑸ഩ †簠††††††††幞幞幞幞幞幞幞幞幞幞幞幞幞幞幞幞幞幞幞幞幞幞਍††⁼†楆敬∠㩃啜敳獲瑜捥慨作敮牄癩履敄歳潴屰慳敬⁳楡瀠慬晴潲屭慢正湥層灡屰業摤敬慷敲獜捥牵瑩⹹祰Ⱒ氠湩⁥㌲ⰲ椠⁮楤灳瑡档਍††⁼††敲灳湯敳㴠愠慷瑩挠污彬敮瑸爨煥敵瑳ഩ †簠††††††††幞幞幞幞幞幞幞幞幞幞幞幞਍††⁼†楆敬∠㩃啜敳獲瑜捥慨䅜灰慄慴䱜捯污停潲牧浡屳祐桴湯停瑹潨㍮㈱䱜扩獜瑩ⵥ慰正条獥獜慴汲瑥整浜摩汤睥牡履慢敳瀮≹‬楬敮ㄠ㔶‬湩挠污彬敮瑸਍††⁼††慲獩⁥灡彰硥ൣ †簠†䘠汩⁥䌢尺獕牥屳整档屡灁䑰瑡屡潌慣屬牐杯慲獭停瑹潨屮祐桴湯ㄳ尲楌屢楳整瀭捡慫敧屳瑳牡敬瑴履業摤敬慷敲扜獡⹥祰Ⱒ氠湩⁥㔱ⰱ椠⁮潣潲਍††⁼††睡楡⁴敳晬愮灰猨潣数‬敲散癩彥牯摟獩潣湮捥ⱴ猠湥彤潮敟牲牯ഩ †簠†䘠汩⁥䌢尺獕牥屳整档屡灁䑰瑡屡潌慣屬牐杯慲獭停瑹潨屮祐桴湯ㄳ尲楌屢楳整瀭捡慫敧屳瑳牡敬瑴履業摤敬慷敲扜獡⹥祰Ⱒ氠湩⁥㠱ⰹ椠⁮彟慣汬彟਍††⁼††楷桴挠汯慬獰彥硥杣潲灵⡳㨩਍††⁼†楆敬∠㩃啜敳獲瑜捥慨䅜灰慄慴䱜捯污停潲牧浡屳祐桴湯停瑹潨㍮㈱䱜扩捜湯整瑸楬⹢祰Ⱒ氠湩⁥㔱ⰸ椠⁮彟硥瑩彟਍††⁼††敳晬朮湥琮牨睯瘨污敵ഩ †簠†䘠汩⁥䌢尺獕牥屳整档屡灁䑰瑡屡潌慣屬牐杯慲獭停瑹潨屮祐桴湯ㄳ尲楌屢楳整瀭捡慫敧屳瑳牡敬瑴履畟楴獬瀮≹‬楬敮㤠ⰳ椠⁮潣汬灡敳敟捸牧畯獰਍††⁼††慲獩⁥硥ൣ †簠†䘠汩⁥䌢尺獕牥屳整档屡灁䑰瑡屡潌慣屬牐杯慲獭停瑹潨屮祐桴湯ㄳ尲楌屢楳整瀭捡慫敧屳瑳牡敬瑴履業摤敬慷敲扜獡⹥祰Ⱒ氠湩⁥㤱ⰱ椠⁮彟慣汬彟਍††⁼††敲灳湯敳㴠愠慷瑩猠汥⹦楤灳瑡档晟湵⡣敲畱獥ⱴ挠污彬敮瑸ഩ †簠††††††††幞幞幞幞幞幞幞幞幞幞幞幞幞幞幞幞幞幞幞幞幞幞਍††⁼†楆敬∠㩃啜敳獲瑜捥慨作敮牄癩履敄歳潴屰慳敬⁳楡瀠慬晴潲屭慢正湥層灡屰業摤敬慷敲獜捥牵瑩⹹祰Ⱒ氠湩⁥ㄲⰲ椠⁮楤灳瑡档਍††⁼††慲獩⁥呈偔硅散瑰潩⡮਍††⁼慦瑳灡⹩硥散瑰潩獮䠮呔䕐捸灥楴湯›㈴㨹吠潯洠湡⁹敲畱獥獴‮慍楸畭⁭〶爠煥敵瑳⁳数⁲業畮整愠汬睯摥മ †⬠ⴭⴭⴭⴭⴭⴭⴭⴭⴭⴭⴭⴭⴭⴭⴭⴭⴭⴭ਍਍畄楲杮栠湡汤湩⁧景琠敨愠潢敶攠捸灥楴湯‬湡瑯敨⁲硥散瑰潩⁮捯畣牲摥ഺഊ吊慲散慢正⠠潭瑳爠捥湥⁴慣汬氠獡⥴ഺ 䘠汩⁥䌢尺獕牥屳整档屡灁䑰瑡屡潌慣屬牐杯慲獭停瑹潨屮祐桴湯ㄳ尲楌屢楳整瀭捡慫敧屳瑳牡敬瑴履業摤敬慷敲敜牲牯⹳祰Ⱒ氠湩⁥㘱ⰴ椠⁮彟慣汬彟਍††睡楡⁴敳晬愮灰猨潣数‬敲散癩ⱥ张敳摮ഩ 䘠汩⁥䌢尺獕牥屳整档屡灁䑰瑡屡潌慣屬牐杯慲獭停瑹潨屮祐桴湯ㄳ尲楌屢楳整瀭捡慫敧屳瑳牡敬瑴履業摤敬慷敲扜獡⹥祰Ⱒ氠湩⁥㠱ⰹ椠⁮彟慣汬彟਍††楷桴挠汯慬獰彥硥杣潲灵⡳㨩਍†楆敬∠㩃啜敳獲瑜捥慨䅜灰慄慴䱜捯污停潲牧浡屳祐桴湯停瑹潨㍮㈱䱜扩捜湯整瑸楬⹢祰Ⱒ氠湩⁥㔱ⰸ椠⁮彟硥瑩彟਍††敳晬朮湥琮牨睯瘨污敵ഩ 䘠汩⁥䌢尺獕牥屳整档屡灁䑰瑡屡潌慣屬牐杯慲獭停瑹潨屮祐桴湯ㄳ尲楌屢楳整瀭捡慫敧屳瑳牡敬瑴履畟楴獬瀮≹‬楬敮㤠ⰳ椠⁮潣汬灡敳敟捸牧畯獰਍††慲獩⁥硥ൣ 䘠汩⁥䌢尺獕牥屳整档屡灁䑰瑡屡潌慣屬牐杯慲獭停瑹潨屮祐桴湯ㄳ尲楌屢楳整瀭捡慫敧屳瑳牡敬瑴履業摤敬慷敲扜獡⹥祰Ⱒ氠湩⁥㤱ⰱ椠⁮彟慣汬彟਍††敲灳湯敳㴠愠慷瑩猠汥⹦楤灳瑡档晟湵⡣敲畱獥ⱴ挠污彬敮瑸ഩ †††††††幞幞幞幞幞幞幞幞幞幞幞幞幞幞幞幞幞幞幞幞幞幞਍†楆敬∠㩃啜敳獲瑜捥慨作敮牄癩履敄歳潴屰慳敬⁳楡瀠慬晴潲屭慢正湥層灡屰業摤敬慷敲牜煥敵瑳损湯整瑸瀮≹‬楬敮㔠ⰶ椠⁮楤灳瑡档਍††慲獩⁥൥ 䘠汩⁥䌢尺獕牥屳整档屡湏䑥楲敶䑜獥瑫灯獜污獥愠⁩汰瑡牦浯扜捡敫摮慜灰浜摩汤睥牡履敲畱獥彴潣瑮硥⹴祰Ⱒ氠湩⁥〵‬湩搠獩慰捴൨ †爠獥潰獮⁥‽睡楡⁴慣汬湟硥⡴敲畱獥⥴਍†††††††帠幞幞幞幞幞幞幞幞幞幞幞൞ 䘠汩⁥䌢尺獕牥屳整档屡灁䑰瑡屡潌慣屬牐杯慲獭停瑹潨屮祐桴湯ㄳ尲楌屢楳整瀭捡慫敧屳瑳牡敬瑴履業摤敬慷敲扜獡⹥祰Ⱒ氠湩⁥㘱ⰵ椠⁮慣汬湟硥൴ †爠楡敳愠灰敟捸਍†楆敬∠㩃啜敳獲瑜捥慨䅜灰慄慴䱜捯污停潲牧浡屳祐桴湯停瑹潨㍮㈱䱜扩獜瑩ⵥ慰正条獥獜慴汲瑥整浜摩汤睥牡履慢敳瀮≹‬楬敮ㄠㄵ‬湩挠牯൯ †愠慷瑩猠汥⹦灡⡰捳灯ⱥ爠捥楥敶潟彲楤捳湯敮瑣‬敳摮湟彯牥潲⥲਍†楆敬∠㩃啜敳獲瑜捥慨䅜灰慄慴䱜捯污停潲牧浡屳祐桴湯停瑹潨㍮㈱䱜扩獜瑩ⵥ慰正条獥獜慴汲瑥整浜摩汤睥牡履慢敳瀮≹‬楬敮ㄠ㤸‬湩张损污彬ൟ †眠瑩⁨潣汬灡敳敟捸牧畯獰⤨ഺ 䘠汩⁥䌢尺獕牥屳整档屡灁䑰瑡屡潌慣屬牐杯慲獭停瑹潨屮祐桴湯ㄳ尲楌屢潣瑮硥汴扩瀮≹‬楬敮ㄠ㠵‬湩张敟楸彴ൟ †猠汥⹦敧⹮桴潲⡷慶畬⥥਍†楆敬∠㩃啜敳獲瑜捥慨䅜灰慄慴䱜捯污停潲牧浡屳祐桴湯停瑹潨㍮㈱䱜扩獜瑩ⵥ慰正条獥獜慴汲瑥整彜瑵汩⹳祰Ⱒ氠湩⁥㌹‬湩挠汯慬獰彥硥杣潲灵൳ †爠楡敳攠捸਍†楆敬∠㩃啜敳獲瑜捥慨䅜灰慄慴䱜捯污停潲牧浡屳祐桴湯停瑹潨㍮㈱䱜扩獜瑩ⵥ慰正条獥獜慴汲瑥整浜摩汤睥牡履慢敳瀮≹‬楬敮ㄠㄹ‬湩张损污彬ൟ †爠獥潰獮⁥‽睡楡⁴敳晬搮獩慰捴彨畦据爨煥敵瑳‬慣汬湟硥⥴਍†††††††帠幞幞幞幞幞幞幞幞幞幞幞幞幞幞幞幞幞幞幞幞幞൞ 䘠汩⁥䌢尺獕牥屳整档屡湏䑥楲敶䑜獥瑫灯獜污獥愠⁩汰瑡牦浯扜捡敫摮慜灰浜摩汤睥牡履敳畣楲祴瀮≹‬楬敮㈠㈳‬湩搠獩慰捴൨ †爠獥潰獮⁥‽睡楡⁴慣汬湟硥⡴敲畱獥⥴਍†††††††帠幞幞幞幞幞幞幞幞幞幞幞൞ 䘠汩⁥䌢尺獕牥屳整档屡灁䑰瑡屡潌慣屬牐杯慲獭停瑹潨屮祐桴湯ㄳ尲楌屢楳整瀭捡慫敧屳瑳牡敬瑴履業摤敬慷敲扜獡⹥祰Ⱒ氠湩⁥㘱ⰵ椠⁮慣汬湟硥൴ †爠楡敳愠灰敟捸਍†楆敬∠㩃啜敳獲瑜捥慨䅜灰慄慴䱜捯污停潲牧浡屳祐桴湯停瑹潨㍮㈱䱜扩獜瑩ⵥ慰正条獥獜慴汲瑥整浜摩汤睥牡履慢敳瀮≹‬楬敮ㄠㄵ‬湩挠牯൯ †愠慷瑩猠汥⹦灡⡰捳灯ⱥ爠捥楥敶潟彲楤捳湯敮瑣‬敳摮湟彯牥潲⥲਍†楆敬∠㩃啜敳獲瑜捥慨䅜灰慄慴䱜捯污停潲牧浡屳祐桴湯停瑹潨㍮㈱䱜扩獜瑩ⵥ慰正条獥獜慴汲瑥整浜摩汤睥牡履慢敳瀮≹‬楬敮ㄠ㤸‬湩张损污彬ൟ †眠瑩⁨潣汬灡敳敟捸牧畯獰⤨ഺ 䘠汩⁥䌢尺獕牥屳整档屡灁䑰瑡屡潌慣屬牐杯慲獭停瑹潨屮祐桴湯ㄳ尲楌屢潣瑮硥汴扩瀮≹‬楬敮ㄠ㠵‬湩张敟楸彴ൟ †猠汥⹦敧⹮桴潲⡷慶畬⥥਍†楆敬∠㩃啜敳獲瑜捥慨䅜灰慄慴䱜捯污停潲牧浡屳祐桴湯停瑹潨㍮㈱䱜扩獜瑩ⵥ慰正条獥獜慴汲瑥整彜瑵汩⹳祰Ⱒ氠湩⁥㌹‬湩挠汯慬獰彥硥杣潲灵൳ †爠楡敳攠捸਍†楆敬∠㩃啜敳獲瑜捥慨䅜灰慄慴䱜捯污停潲牧浡屳祐桴湯停瑹潨㍮㈱䱜扩獜瑩ⵥ慰正条獥獜慴汲瑥整浜摩汤睥牡履慢敳瀮≹‬楬敮ㄠㄹ‬湩张损污彬ൟ †爠獥潰獮⁥‽睡楡⁴敳晬搮獩慰捴彨畦据爨煥敵瑳‬慣汬湟硥⥴਍†††††††帠幞幞幞幞幞幞幞幞幞幞幞幞幞幞幞幞幞幞幞幞幞൞ 䘠汩⁥䌢尺獕牥屳整档屡湏䑥楲敶䑜獥瑫灯獜污獥愠⁩汰瑡牦浯扜捡敫摮慜灰浜摩汤睥牡履敳畣楲祴瀮≹‬楬敮㈠㈱‬湩搠獩慰捴൨ †爠楡敳䠠呔䕐捸灥楴湯ന昊獡慴楰攮捸灥楴湯⹳呈偔硅散瑰潩㩮㐠㤲›潔⁯慭祮爠煥敵瑳⹳䴠硡浩浵㘠‰敲畱獥獴瀠牥洠湩瑵⁥污潬敷⹤਍਍㉛㈰ⴶ㌰㈭‹〲㌺㨰㤰㈮ㄳ㐵崸嬠䑉挺㙦扤戸ⵣ㙤ㅤ㐭摢ⵢ慡攰㜭搲昸ㄸ搲ㅡ嵦䔠剒›㈴㨹吠潯洠湡⁹敲畱獥獴‮慍楸畭⁭〶爠煥敵瑳⁳数⁲業畮整愠汬睯摥മ ⬠䔠捸灥楴湯䜠潲灵吠慲散慢正⠠潭瑳爠捥湥⁴慣汬氠獡⥴ഺ 簠†䘠汩⁥䌢尺獕牥屳整档屡灁䑰瑡屡潌慣屬牐杯慲獭停瑹潨屮祐桴湯ㄳ尲楌屢楳整瀭捡慫敧屳瑳牡敬瑴履畟楴獬瀮≹‬楬敮㠠ⰷ椠⁮潣汬灡敳敟捸牧畯獰਍†⁼††楹汥൤ 簠†䘠汩⁥䌢尺獕牥屳整档屡灁䑰瑡屡潌慣屬牐杯慲獭停瑹潨屮祐桴湯ㄳ尲楌屢楳整瀭捡慫敧屳瑳牡敬瑴履業摤敬慷敲扜獡⹥祰Ⱒ氠湩⁥㤱ⰰ椠⁮彟慣汬彟਍†⁼††獡湹⁣楷桴愠祮潩挮敲瑡彥慴歳束潲灵⤨愠⁳慴歳束潲灵ഺ 簠†䘠汩⁥䌢尺獕牥屳整档屡灁䑰瑡屡潌慣屬牐杯慲獭停瑹潨屮祐桴湯ㄳ尲楌屢楳整瀭捡慫敧屳湡楹屯扟捡敫摮屳慟祳据潩瀮≹‬楬敮㘠㠷‬湩张慟硥瑩彟਍†⁼††慲獩⁥慂敳硅散瑰潩䝮潲灵ന 簠䔠捸灥楴湯片畯㩰甠桮湡汤摥攠牲牯⁳湩愠吠獡䝫潲灵⠠‱畳ⵢ硥散瑰潩⥮਍†⴫⴫ⴭⴭⴭⴭⴭⴭⴭ‭‱ⴭⴭⴭⴭⴭⴭⴭⴭ਍††⁼牔捡扥捡⁫洨獯⁴敲散瑮挠污⁬慬瑳㨩਍††⁼†楆敬∠㩃啜敳獲瑜捥慨䅜灰慄慴䱜捯污停潲牧浡屳祐桴湯停瑹潨㍮㈱䱜扩獜瑩ⵥ慰正条獥獜慴汲瑥整浜摩汤睥牡履牥潲獲瀮≹‬楬敮ㄠ㐶‬湩张损污彬ൟ †簠††愠慷瑩猠汥⹦灡⡰捳灯ⱥ爠捥楥敶‬獟湥⥤਍††⁼†楆敬∠㩃啜敳獲瑜捥慨䅜灰慄慴䱜捯污停潲牧浡屳祐桴湯停瑹潨㍮㈱䱜扩獜瑩ⵥ慰正条獥獜慴汲瑥整浜摩汤睥牡履慢敳瀮≹‬楬敮ㄠ㤸‬湩张损污彬ൟ †簠††眠瑩⁨潣汬灡敳敟捸牧畯獰⤨ഺ †簠†䘠汩⁥䌢尺獕牥屳整档屡灁䑰瑡屡潌慣屬牐杯慲獭停瑹潨屮祐桴湯ㄳ尲楌屢潣瑮硥汴扩瀮≹‬楬敮ㄠ㠵‬湩张敟楸彴ൟ †簠††猠汥⹦敧⹮桴潲⡷慶畬⥥਍††⁼†楆敬∠㩃啜敳獲瑜捥慨䅜灰慄慴䱜捯污停潲牧浡屳祐桴湯停瑹潨㍮㈱䱜扩獜瑩ⵥ慰正条獥獜慴汲瑥整彜瑵汩⹳祰Ⱒ氠湩⁥㌹‬湩挠汯慬獰彥硥杣潲灵൳ †簠††爠楡敳攠捸਍††⁼†楆敬∠㩃啜敳獲瑜捥慨䅜灰慄慴䱜捯污停潲牧浡屳祐桴湯停瑹潨㍮㈱䱜扩獜瑩ⵥ慰正条獥獜慴汲瑥整浜摩汤睥牡履慢敳瀮≹‬楬敮ㄠㄹ‬湩张损污彬ൟ †簠††爠獥潰獮⁥‽睡楡⁴敳晬搮獩慰捴彨畦据爨煥敵瑳‬慣汬湟硥⥴਍††⁼†††††††帠幞幞幞幞幞幞幞幞幞幞幞幞幞幞幞幞幞幞幞幞幞൞ †簠†䘠汩⁥䌢尺獕牥屳整档屡湏䑥楲敶䑜獥瑫灯獜污獥愠⁩汰瑡牦浯扜捡敫摮慜灰浜摩汤睥牡履敲畱獥彴潣瑮硥⹴祰Ⱒ氠湩⁥㘵‬湩搠獩慰捴൨ †簠††爠楡敳攠਍††⁼†楆敬∠㩃啜敳獲瑜捥慨作敮牄癩履敄歳潴屰慳敬⁳楡瀠慬晴潲屭慢正湥層灡屰業摤敬慷敲牜煥敵瑳损湯整瑸瀮≹‬楬敮㔠ⰰ椠⁮楤灳瑡档਍††⁼††敲灳湯敳㴠愠慷瑩挠污彬敮瑸爨煥敵瑳ഩ †簠††††††††幞幞幞幞幞幞幞幞幞幞幞幞਍††⁼†楆敬∠㩃啜敳獲瑜捥慨䅜灰慄慴䱜捯污停潲牧浡屳祐桴湯停瑹潨㍮㈱䱜扩獜瑩ⵥ慰正条獥獜慴汲瑥整浜摩汤睥牡履慢敳瀮≹‬楬敮ㄠ㔶‬湩挠污彬敮瑸਍††⁼††慲獩⁥灡彰硥ൣ †簠†䘠汩⁥䌢尺獕牥屳整档屡灁䑰瑡屡潌慣屬牐杯慲獭停瑹潨屮祐桴湯ㄳ尲楌屢楳整瀭捡慫敧屳瑳牡敬瑴履業摤敬慷敲扜獡⹥祰Ⱒ氠湩⁥㔱ⰱ椠⁮潣潲਍††⁼††睡楡⁴敳晬愮灰猨潣数‬敲散癩彥牯摟獩潣湮捥ⱴ猠湥彤潮敟牲牯ഩ †簠†䘠汩⁥䌢尺獕牥屳整档屡灁䑰瑡屡潌慣屬牐杯慲獭停瑹潨屮祐桴湯ㄳ尲楌屢楳整瀭捡慫敧屳瑳牡敬瑴履業摤敬慷敲扜獡⹥祰Ⱒ氠湩⁥㠱ⰹ椠⁮彟慣汬彟਍††⁼††楷桴挠汯慬獰彥硥杣潲灵⡳㨩਍††⁼†楆敬∠㩃啜敳獲瑜捥慨䅜灰慄慴䱜捯污停潲牧浡屳祐桴湯停瑹潨㍮㈱䱜扩捜湯整瑸楬⹢祰Ⱒ氠湩⁥㔱ⰸ椠⁮彟硥瑩彟਍††⁼††敳晬朮湥琮牨睯瘨污敵ഩ †簠†䘠汩⁥䌢尺獕牥屳整档屡灁䑰瑡屡潌慣屬牐杯慲獭停瑹潨屮祐桴湯ㄳ尲楌屢楳整瀭捡慫敧屳瑳牡敬瑴履畟楴獬瀮≹‬楬敮㤠ⰳ椠⁮潣汬灡敳敟捸牧畯獰਍††⁼††慲獩⁥硥ൣ †簠†䘠汩⁥䌢尺獕牥屳整档屡灁䑰瑡屡潌慣屬牐杯慲獭停瑹潨屮祐桴湯ㄳ尲楌屢楳整瀭捡慫敧屳瑳牡敬瑴履業摤敬慷敲扜獡⹥祰Ⱒ氠湩⁥㤱ⰱ椠⁮彟慣汬彟਍††⁼††敲灳湯敳㴠愠慷瑩猠汥⹦楤灳瑡档晟湵⡣敲畱獥ⱴ挠污彬敮瑸ഩ †簠††††††††幞幞幞幞幞幞幞幞幞幞幞幞幞幞幞幞幞幞幞幞幞幞਍††⁼†楆敬∠㩃啜敳獲瑜捥慨作敮牄癩履敄歳潴屰慳敬⁳楡瀠慬晴潲屭慢正湥層灡屰業摤敬慷敲獜捥牵瑩⹹祰Ⱒ氠湩⁥㌲ⰲ椠⁮楤灳瑡档਍††⁼††敲灳湯敳㴠愠慷瑩挠污彬敮瑸爨煥敵瑳ഩ †簠††††††††幞幞幞幞幞幞幞幞幞幞幞幞਍††⁼†楆敬∠㩃啜敳獲瑜捥慨䅜灰慄慴䱜捯污停潲牧浡屳祐桴湯停瑹潨㍮㈱䱜扩獜瑩ⵥ慰正条獥獜慴汲瑥整浜摩汤睥牡履慢敳瀮≹‬楬敮ㄠ㔶‬湩挠污彬敮瑸਍††⁼††慲獩⁥灡彰硥ൣ †簠†䘠汩⁥䌢尺獕牥屳整档屡灁䑰瑡屡潌慣屬牐杯慲獭停瑹潨屮祐桴湯ㄳ尲楌屢楳整瀭捡慫敧屳瑳牡敬瑴履業摤敬慷敲扜獡⹥祰Ⱒ氠湩⁥㔱ⰱ椠⁮潣潲਍††⁼††睡楡⁴敳晬愮灰猨潣数‬敲散癩彥牯摟獩潣湮捥ⱴ猠湥彤潮敟牲牯ഩ †簠†䘠汩⁥䌢尺獕牥屳整档屡灁䑰瑡屡潌慣屬牐杯慲獭停瑹潨屮祐桴湯ㄳ尲楌屢楳整瀭捡慫敧屳瑳牡敬瑴履業摤敬慷敲扜獡⹥祰Ⱒ氠湩⁥㠱ⰹ椠⁮彟慣汬彟਍††⁼††楷桴挠汯慬獰彥硥杣潲灵⡳㨩਍††⁼†楆敬∠㩃啜敳獲瑜捥慨䅜灰慄慴䱜捯污停潲牧浡屳祐桴湯停瑹潨㍮㈱䱜扩捜湯整瑸楬⹢祰Ⱒ氠湩⁥㔱ⰸ椠⁮彟硥瑩彟਍††⁼††敳晬朮湥琮牨睯瘨污敵ഩ †簠†䘠汩⁥䌢尺獕牥屳整档屡灁䑰瑡屡潌慣屬牐杯慲獭停瑹潨屮祐桴湯ㄳ尲楌屢楳整瀭捡慫敧屳瑳牡敬瑴履畟楴獬瀮≹‬楬敮㤠ⰳ椠⁮潣汬灡敳敟捸牧畯獰਍††⁼††慲獩⁥硥ൣ †簠†䘠汩⁥䌢尺獕牥屳整档屡灁䑰瑡屡潌慣屬牐杯慲獭停瑹潨屮祐桴湯ㄳ尲楌屢楳整瀭捡慫敧屳瑳牡敬瑴履業摤敬慷敲扜獡⹥祰Ⱒ氠湩⁥㤱ⰱ椠⁮彟慣汬彟਍††⁼††敲灳湯敳㴠愠慷瑩猠汥⹦楤灳瑡档晟湵⡣敲畱獥ⱴ挠污彬敮瑸ഩ †簠††††††††幞幞幞幞幞幞幞幞幞幞幞幞幞幞幞幞幞幞幞幞幞幞਍††⁼†楆敬∠㩃啜敳獲瑜捥慨作敮牄癩履敄歳潴屰慳敬⁳楡瀠慬晴潲屭慢正湥層灡屰業摤敬慷敲獜捥牵瑩⹹祰Ⱒ氠湩⁥ㄲⰲ椠⁮楤灳瑡档਍††⁼††慲獩⁥呈偔硅散瑰潩⡮਍††⁼慦瑳灡⹩硥散瑰潩獮䠮呔䕐捸灥楴湯›㈴㨹吠潯洠湡⁹敲畱獥獴‮慍楸畭⁭〶爠煥敵瑳⁳数⁲業畮整愠汬睯摥മ †⬠ⴭⴭⴭⴭⴭⴭⴭⴭⴭⴭⴭⴭⴭⴭⴭⴭⴭⴭ਍਍畄楲杮栠湡汤湩⁧景琠敨愠潢敶攠捸灥楴湯‬湡瑯敨⁲硥散瑰潩⁮捯畣牲摥ഺഊ吊慲散慢正⠠潭瑳爠捥湥⁴慣汬氠獡⥴ഺ 䘠汩⁥䌢尺獕牥屳整档屡灁䑰瑡屡潌慣屬牐杯慲獭停瑹潨屮祐桴湯ㄳ尲楌屢楳整瀭捡慫敧屳瑳牡敬瑴履業摤敬慷敲敜牲牯⹳祰Ⱒ氠湩⁥㘱ⰴ椠⁮彟慣汬彟਍††睡楡⁴敳晬愮灰猨潣数‬敲散癩ⱥ张敳摮ഩ 䘠汩⁥䌢尺獕牥屳整档屡灁䑰瑡屡潌慣屬牐杯慲獭停瑹潨屮祐桴湯ㄳ尲楌屢楳整瀭捡慫敧屳瑳牡敬瑴履業摤敬慷敲扜獡⹥祰Ⱒ氠湩⁥㠱ⰹ椠⁮彟慣汬彟਍††楷桴挠汯慬獰彥硥杣潲灵⡳㨩਍†楆敬∠㩃啜敳獲瑜捥慨䅜灰慄慴䱜捯污停潲牧浡屳祐桴湯停瑹潨㍮㈱䱜扩捜湯整瑸楬⹢祰Ⱒ氠湩⁥㔱ⰸ椠⁮彟硥瑩彟਍††敳晬朮湥琮牨睯瘨污敵ഩ 䘠汩⁥䌢尺獕牥屳整档屡灁䑰瑡屡潌慣屬牐杯慲獭停瑹潨屮祐桴湯ㄳ尲楌屢楳整瀭捡慫敧屳瑳牡敬瑴履畟楴獬瀮≹‬楬敮㤠ⰳ椠⁮潣汬灡敳敟捸牧畯獰਍††慲獩⁥硥ൣ 䘠汩⁥䌢尺獕牥屳整档屡灁䑰瑡屡潌慣屬牐杯慲獭停瑹潨屮祐桴湯ㄳ尲楌屢楳整瀭捡慫敧屳瑳牡敬瑴履業摤敬慷敲扜獡⹥祰Ⱒ氠湩⁥㤱ⰱ椠⁮彟慣汬彟਍††敲灳湯敳㴠愠慷瑩猠汥⹦楤灳瑡档晟湵⡣敲畱獥ⱴ挠污彬敮瑸ഩ †††††††幞幞幞幞幞幞幞幞幞幞幞幞幞幞幞幞幞幞幞幞幞幞਍†楆敬∠㩃啜敳獲瑜捥慨作敮牄癩履敄歳潴屰慳敬⁳楡瀠慬晴潲屭慢正湥層灡屰業摤敬慷敲牜煥敵瑳损湯整瑸瀮≹‬楬敮㔠ⰶ椠⁮楤灳瑡档਍††慲獩⁥൥ 䘠汩⁥䌢尺獕牥屳整档屡湏䑥楲敶䑜獥瑫灯獜污獥愠⁩汰瑡牦浯扜捡敫摮慜灰浜摩汤睥牡履敲畱獥彴潣瑮硥⹴祰Ⱒ氠湩⁥〵‬湩搠獩慰捴൨ †爠獥潰獮⁥‽睡楡⁴慣汬湟硥⡴敲畱獥⥴਍†††††††帠幞幞幞幞幞幞幞幞幞幞幞൞ 䘠汩⁥䌢尺獕牥屳整档屡灁䑰瑡屡潌慣屬牐杯慲獭停瑹潨屮祐桴湯ㄳ尲楌屢楳整瀭捡慫敧屳瑳牡敬瑴履業摤敬慷敲扜獡⹥祰Ⱒ氠湩⁥㘱ⰵ椠⁮慣汬湟硥൴ †爠楡敳愠灰敟捸਍†楆敬∠㩃啜敳獲瑜捥慨䅜灰慄慴䱜捯污停潲牧浡屳祐桴湯停瑹潨㍮㈱䱜扩獜瑩ⵥ慰正条獥獜慴汲瑥整浜摩汤睥牡履慢敳瀮≹‬楬敮ㄠㄵ‬湩挠牯൯ †愠慷瑩猠汥⹦灡⡰捳灯ⱥ爠捥楥敶潟彲楤捳湯敮瑣‬敳摮湟彯牥潲⥲਍†楆敬∠㩃啜敳獲瑜捥慨䅜灰慄慴䱜捯污停潲牧浡屳祐桴湯停瑹潨㍮㈱䱜扩獜瑩ⵥ慰正条獥獜慴汲瑥整浜摩汤睥牡履慢敳瀮≹‬楬敮ㄠ㤸‬湩张损污彬ൟ †眠瑩⁨潣汬灡敳敟捸牧畯獰⤨ഺ 䘠汩⁥䌢尺獕牥屳整档屡灁䑰瑡屡潌慣屬牐杯慲獭停瑹潨屮祐桴湯ㄳ尲楌屢潣瑮硥汴扩瀮≹‬楬敮ㄠ㠵‬湩张敟楸彴ൟ †猠汥⹦敧⹮桴潲⡷慶畬⥥਍†楆敬∠㩃啜敳獲瑜捥慨䅜灰慄慴䱜捯污停潲牧浡屳祐桴湯停瑹潨㍮㈱䱜扩獜瑩ⵥ慰正条獥獜慴汲瑥整彜瑵汩⹳祰Ⱒ氠湩⁥㌹‬湩挠汯慬獰彥硥杣潲灵൳ †爠楡敳攠捸਍†楆敬∠㩃啜敳獲瑜捥慨䅜灰慄慴䱜捯污停潲牧浡屳祐桴湯停瑹潨㍮㈱䱜扩獜瑩ⵥ慰正条獥獜慴汲瑥整浜摩汤睥牡履慢敳瀮≹‬楬敮ㄠㄹ‬湩张损污彬ൟ †爠獥潰獮⁥‽睡楡⁴敳晬搮獩慰捴彨畦据爨煥敵瑳‬慣汬湟硥⥴਍†††††††帠幞幞幞幞幞幞幞幞幞幞幞幞幞幞幞幞幞幞幞幞幞൞ 䘠汩⁥䌢尺獕牥屳整档屡湏䑥楲敶䑜獥瑫灯獜污獥愠⁩汰瑡牦浯扜捡敫摮慜灰浜摩汤睥牡履敳畣楲祴瀮≹‬楬敮㈠㈳‬湩搠獩慰捴൨ †爠獥潰獮⁥‽睡楡⁴慣汬湟硥⡴敲畱獥⥴਍†††††††帠幞幞幞幞幞幞幞幞幞幞幞൞ 䘠汩⁥䌢尺獕牥屳整档屡灁䑰瑡屡潌慣屬牐杯慲獭停瑹潨屮祐桴湯ㄳ尲楌屢楳整瀭捡慫敧屳瑳牡敬瑴履業摤敬慷敲扜獡⹥祰Ⱒ氠湩⁥㘱ⰵ椠⁮慣汬湟硥൴ †爠楡敳愠灰敟捸਍†楆敬∠㩃啜敳獲瑜捥慨䅜灰慄慴䱜捯污停潲牧浡屳祐桴湯停瑹潨㍮㈱䱜扩獜瑩ⵥ慰正条獥獜慴汲瑥整浜摩汤睥牡履慢敳瀮≹‬楬敮ㄠㄵ‬湩挠牯൯ †愠慷瑩猠汥⹦灡⡰捳灯ⱥ爠捥楥敶潟彲楤捳湯敮瑣‬敳摮湟彯牥潲⥲਍†楆敬∠㩃啜敳獲瑜捥慨䅜灰慄慴䱜捯污停潲牧浡屳祐桴湯停瑹潨㍮㈱䱜扩獜瑩ⵥ慰正条獥獜慴汲瑥整浜摩汤睥牡履慢敳瀮≹‬楬敮ㄠ㤸‬湩张损污彬ൟ †眠瑩⁨潣汬灡敳敟捸牧畯獰⤨ഺ 䘠汩⁥䌢尺獕牥屳整档屡灁䑰瑡屡潌慣屬牐杯慲獭停瑹潨屮祐桴湯ㄳ尲楌屢潣瑮硥汴扩瀮≹‬楬敮ㄠ㠵‬湩张敟楸彴ൟ †猠汥⹦敧⹮桴潲⡷慶畬⥥਍†楆敬∠㩃啜敳獲瑜捥慨䅜灰慄慴䱜捯污停潲牧浡屳祐桴湯停瑹潨㍮㈱䱜扩獜瑩ⵥ慰正条獥獜慴汲瑥整彜瑵汩⹳祰Ⱒ氠湩⁥㌹‬湩挠汯慬獰彥硥杣潲灵൳ †爠楡敳攠捸਍†楆敬∠㩃啜敳獲瑜捥慨䅜灰慄慴䱜捯污停潲牧浡屳祐桴湯停瑹潨㍮㈱䱜扩獜瑩ⵥ慰正条獥獜慴汲瑥整浜摩汤睥牡履慢敳瀮≹‬楬敮ㄠㄹ‬湩张损污彬ൟ †爠獥潰獮⁥‽睡楡⁴敳晬搮獩慰捴彨畦据爨煥敵瑳‬慣汬湟硥⥴਍†††††††帠幞幞幞幞幞幞幞幞幞幞幞幞幞幞幞幞幞幞幞幞幞൞ 䘠汩⁥䌢尺獕牥屳整档屡湏䑥楲敶䑜獥瑫灯獜污獥愠⁩汰瑡牦浯扜捡敫摮慜灰浜摩汤睥牡履敳畣楲祴瀮≹‬楬敮㈠㈱‬湩搠獩慰捴൨ †爠楡敳䠠呔䕐捸灥楴湯ന昊獡慴楰攮捸灥楴湯⹳呈偔硅散瑰潩㩮㐠㤲›潔⁯慭祮爠煥敵瑳⹳䴠硡浩浵㘠‰敲畱獥獴瀠牥洠湩瑵⁥污潬敷⹤਍਍㉛㈰ⴶ㌰㈭‹〲㌺㨰㤰㈮〵㐵崶嬠䑉ㄺ㥡敥昴ⴱ昵〱㐭㐱ⴹぢ敢搭愲㍢晡㍡㑦崸䔠剒›㈴㨹吠潯洠湡⁹敲畱獥獴‮慍楸畭⁭〶爠煥敵瑳⁳数⁲業畮整愠汬睯摥മ ⬠䔠捸灥楴湯䜠潲灵吠慲散慢正⠠潭瑳爠捥湥⁴慣汬氠獡⥴ഺ 簠†䘠汩⁥䌢尺獕牥屳整档屡灁䑰瑡屡潌慣屬牐杯慲獭停瑹潨屮祐桴湯ㄳ尲楌屢楳整瀭捡慫敧屳瑳牡敬瑴履畟楴獬瀮≹‬楬敮㠠ⰷ椠⁮潣汬灡敳敟捸牧畯獰਍†⁼††楹汥൤ 簠†䘠汩⁥䌢尺獕牥屳整档屡灁䑰瑡屡潌慣屬牐杯慲獭停瑹潨屮祐桴湯ㄳ尲楌屢楳整瀭捡慫敧屳瑳牡敬瑴履業摤敬慷敲扜獡⹥祰Ⱒ氠湩⁥㤱ⰰ椠⁮彟慣汬彟਍†⁼††獡湹⁣楷桴愠祮潩挮敲瑡彥慴歳束潲灵⤨愠⁳慴歳束潲灵ഺ 簠†䘠汩⁥䌢尺獕牥屳整档屡灁䑰瑡屡潌慣屬牐杯慲獭停瑹潨屮祐桴湯ㄳ尲楌屢楳整瀭捡慫敧屳湡楹屯扟捡敫摮屳慟祳据潩瀮≹‬楬敮㘠㠷‬湩张慟硥瑩彟਍†⁼††慲獩⁥慂敳硅散瑰潩䝮潲灵ന 簠䔠捸灥楴湯片畯㩰甠桮湡汤摥攠牲牯⁳湩愠吠獡䝫潲灵⠠‱畳ⵢ硥散瑰潩⥮਍†⴫⴫ⴭⴭⴭⴭⴭⴭⴭ‭‱ⴭⴭⴭⴭⴭⴭⴭⴭ਍††⁼牔捡扥捡⁫洨獯⁴敲散瑮挠污⁬慬瑳㨩਍††⁼†楆敬∠㩃啜敳獲瑜捥慨䅜灰慄慴䱜捯污停潲牧浡屳祐桴湯停瑹潨㍮㈱䱜扩獜瑩ⵥ慰正条獥獜慴汲瑥整浜摩汤睥牡履牥潲獲瀮≹‬楬敮ㄠ㐶‬湩张损污彬ൟ †簠††愠慷瑩猠汥⹦灡⡰捳灯ⱥ爠捥楥敶‬獟湥⥤਍††⁼†楆敬∠㩃啜敳獲瑜捥慨䅜灰慄慴䱜捯污停潲牧浡屳祐桴湯停瑹潨㍮㈱䱜扩獜瑩ⵥ慰正条獥獜慴汲瑥整浜摩汤睥牡履慢敳瀮≹‬楬敮ㄠ㤸‬湩张损污彬ൟ †簠††眠瑩⁨潣汬灡敳敟捸牧畯獰⤨ഺ †簠†䘠汩⁥䌢尺獕牥屳整档屡灁䑰瑡屡潌慣屬牐杯慲獭停瑹潨屮祐桴湯ㄳ尲楌屢潣瑮硥汴扩瀮≹‬楬敮ㄠ㠵‬湩张敟楸彴ൟ †簠††猠汥⹦敧⹮桴潲⡷慶畬⥥਍††⁼†楆敬∠㩃啜敳獲瑜捥慨䅜灰慄慴䱜捯污停潲牧浡屳祐桴湯停瑹潨㍮㈱䱜扩獜瑩ⵥ慰正条獥獜慴汲瑥整彜瑵汩⹳祰Ⱒ氠湩⁥㌹‬湩挠汯慬獰彥硥杣潲灵൳ †簠††爠楡敳攠捸਍††⁼†楆敬∠㩃啜敳獲瑜捥慨䅜灰慄慴䱜捯污停潲牧浡屳祐桴湯停瑹潨㍮㈱䱜扩獜瑩ⵥ慰正条獥獜慴汲瑥整浜摩汤睥牡履慢敳瀮≹‬楬敮ㄠㄹ‬湩张损污彬ൟ †簠††爠獥潰獮⁥‽睡楡⁴敳晬搮獩慰捴彨畦据爨煥敵瑳‬慣汬湟硥⥴਍††⁼†††††††帠幞幞幞幞幞幞幞幞幞幞幞幞幞幞幞幞幞幞幞幞幞൞ †簠†䘠汩⁥䌢尺獕牥屳整档屡湏䑥楲敶䑜獥瑫灯獜污獥愠⁩汰瑡牦浯扜捡敫摮慜灰浜摩汤睥牡履敲畱獥彴潣瑮硥⹴祰Ⱒ氠湩⁥㘵‬湩搠獩慰捴൨ †簠††爠楡敳攠਍††⁼†楆敬∠㩃啜敳獲瑜捥慨作敮牄癩履敄歳潴屰慳敬⁳楡瀠慬晴潲屭慢正湥層灡屰業摤敬慷敲牜煥敵瑳损湯整瑸瀮≹‬楬敮㔠ⰰ椠⁮楤灳瑡档਍††⁼††敲灳湯敳㴠愠慷瑩挠污彬敮瑸爨煥敵瑳ഩ †簠††††††††幞幞幞幞幞幞幞幞幞幞幞幞਍††⁼†楆敬∠㩃啜敳獲瑜捥慨䅜灰慄慴䱜捯污停潲牧浡屳祐桴湯停瑹潨㍮㈱䱜扩獜瑩ⵥ慰正条獥獜慴汲瑥整浜摩汤睥牡履慢敳瀮≹‬楬敮ㄠ㔶‬湩挠污彬敮瑸਍††⁼††慲獩⁥灡彰硥ൣ †簠†䘠汩⁥䌢尺獕牥屳整档屡灁䑰瑡屡潌慣屬牐杯慲獭停瑹潨屮祐桴湯ㄳ尲楌屢楳整瀭捡慫敧屳瑳牡敬瑴履業摤敬慷敲扜獡⹥祰Ⱒ氠湩⁥㔱ⰱ椠⁮潣潲਍††⁼††睡楡⁴敳晬愮灰猨潣数‬敲散癩彥牯摟獩潣湮捥ⱴ猠湥彤潮敟牲牯ഩ †簠†䘠汩⁥䌢尺獕牥屳整档屡灁䑰瑡屡潌慣屬牐杯慲獭停瑹潨屮祐桴湯ㄳ尲楌屢楳整瀭捡慫敧屳瑳牡敬瑴履業摤敬慷敲扜獡⹥祰Ⱒ氠湩⁥㠱ⰹ椠⁮彟慣汬彟਍††⁼††楷桴挠汯慬獰彥硥杣潲灵⡳㨩਍††⁼†楆敬∠㩃啜敳獲瑜捥慨䅜灰慄慴䱜捯污停潲牧浡屳祐桴湯停瑹潨㍮㈱䱜扩捜湯整瑸楬⹢祰Ⱒ氠湩⁥㔱ⰸ椠⁮彟硥瑩彟਍††⁼††敳晬朮湥琮牨睯瘨污敵ഩ †簠†䘠汩⁥䌢尺獕牥屳整档屡灁䑰瑡屡潌慣屬牐杯慲獭停瑹潨屮祐桴湯ㄳ尲楌屢楳整瀭捡慫敧屳瑳牡敬瑴履畟楴獬瀮≹‬楬敮㤠ⰳ椠⁮潣汬灡敳敟捸牧畯獰਍††⁼††慲獩⁥硥ൣ †簠†䘠汩⁥䌢尺獕牥屳整档屡灁䑰瑡屡潌慣屬牐杯慲獭停瑹潨屮祐桴湯ㄳ尲楌屢楳整瀭捡慫敧屳瑳牡敬瑴履業摤敬慷敲扜獡⹥祰Ⱒ氠湩⁥㤱ⰱ椠⁮彟慣汬彟਍††⁼††敲灳湯敳㴠愠慷瑩猠汥⹦楤灳瑡档晟湵⡣敲畱獥ⱴ挠污彬敮瑸ഩ †簠††††††††幞幞幞幞幞幞幞幞幞幞幞幞幞幞幞幞幞幞幞幞幞幞਍††⁼†楆敬∠㩃啜敳獲瑜捥慨作敮牄癩履敄歳潴屰慳敬⁳楡瀠慬晴潲屭慢正湥層灡屰業摤敬慷敲獜捥牵瑩⹹祰Ⱒ氠湩⁥㌲ⰲ椠⁮楤灳瑡档਍††⁼††敲灳湯敳㴠愠慷瑩挠污彬敮瑸爨煥敵瑳ഩ †簠††††††††幞幞幞幞幞幞幞幞幞幞幞幞਍††⁼†楆敬∠㩃啜敳獲瑜捥慨䅜灰慄慴䱜捯污停潲牧浡屳祐桴湯停瑹潨㍮㈱䱜扩獜瑩ⵥ慰正条獥獜慴汲瑥整浜摩汤睥牡履慢敳瀮≹‬楬敮ㄠ㔶‬湩挠污彬敮瑸਍††⁼††慲獩⁥灡彰硥ൣ †簠†䘠汩⁥䌢尺獕牥屳整档屡灁䑰瑡屡潌慣屬牐杯慲獭停瑹潨屮祐桴湯ㄳ尲楌屢楳整瀭捡慫敧屳瑳牡敬瑴履業摤敬慷敲扜獡⹥祰Ⱒ氠湩⁥㔱ⰱ椠⁮潣潲਍††⁼††睡楡⁴敳晬愮灰猨潣数‬敲散癩彥牯摟獩潣湮捥ⱴ猠湥彤潮敟牲牯ഩ †簠†䘠汩⁥䌢尺獕牥屳整档屡灁䑰瑡屡潌慣屬牐杯慲獭停瑹潨屮祐桴湯ㄳ尲楌屢楳整瀭捡慫敧屳瑳牡敬瑴履業摤敬慷敲扜獡⹥祰Ⱒ氠湩⁥㠱ⰹ椠⁮彟慣汬彟਍††⁼††楷桴挠汯慬獰彥硥杣潲灵⡳㨩਍††⁼†楆敬∠㩃啜敳獲瑜捥慨䅜灰慄慴䱜捯污停潲牧浡屳祐桴湯停瑹潨㍮㈱䱜扩捜湯整瑸楬⹢祰Ⱒ氠湩⁥㔱ⰸ椠⁮彟硥瑩彟਍††⁼††敳晬朮湥琮牨睯瘨污敵ഩ †簠†䘠汩⁥䌢尺獕牥屳整档屡灁䑰瑡屡潌慣屬牐杯慲獭停瑹潨屮祐桴湯ㄳ尲楌屢楳整瀭捡慫敧屳瑳牡敬瑴履畟楴獬瀮≹‬楬敮㤠ⰳ椠⁮潣汬灡敳敟捸牧畯獰਍††⁼††慲獩⁥硥ൣ †簠†䘠汩⁥䌢尺獕牥屳整档屡灁䑰瑡屡潌慣屬牐杯慲獭停瑹潨屮祐桴湯ㄳ尲楌屢楳整瀭捡慫敧屳瑳牡敬瑴履業摤敬慷敲扜獡⹥祰Ⱒ氠湩⁥㤱ⰱ椠⁮彟慣汬彟਍††⁼††敲灳湯敳㴠愠慷瑩猠汥⹦楤灳瑡档晟湵⡣敲畱獥ⱴ挠污彬敮瑸ഩ †簠††††††††幞幞幞幞幞幞幞幞幞幞幞幞幞幞幞幞幞幞幞幞幞幞਍††⁼†楆敬∠㩃啜敳獲瑜捥慨作敮牄癩履敄歳潴屰慳敬⁳楡瀠慬晴潲屭慢正湥層灡屰業摤敬慷敲獜捥牵瑩⹹祰Ⱒ氠湩⁥ㄲⰲ椠⁮楤灳瑡档਍††⁼††慲獩⁥呈偔硅散瑰潩⡮਍††⁼慦瑳灡⹩硥散瑰潩獮䠮呔䕐捸灥楴湯›㈴㨹吠潯洠湡⁹敲畱獥獴‮慍楸畭⁭〶爠煥敵瑳⁳数⁲業畮整愠汬睯摥മ †⬠ⴭⴭⴭⴭⴭⴭⴭⴭⴭⴭⴭⴭⴭⴭⴭⴭⴭⴭ਍਍畄楲杮栠湡汤湩⁧景琠敨愠潢敶攠捸灥楴湯‬湡瑯敨⁲硥散瑰潩⁮捯畣牲摥ഺഊ吊慲散慢正⠠潭瑳爠捥湥⁴慣汬氠獡⥴ഺ 䘠汩⁥䌢尺獕牥屳整档屡灁䑰瑡屡潌慣屬牐杯慲獭停瑹潨屮祐桴湯ㄳ尲楌屢楳整瀭捡慫敧屳瑳牡敬瑴履業摤敬慷敲敜牲牯⹳祰Ⱒ氠湩⁥㘱ⰴ椠⁮彟慣汬彟਍††睡楡⁴敳晬愮灰猨潣数‬敲散癩ⱥ张敳摮ഩ 䘠汩⁥䌢尺獕牥屳整档屡灁䑰瑡屡潌慣屬牐杯慲獭停瑹潨屮祐桴湯ㄳ尲楌屢楳整瀭捡慫敧屳瑳牡敬瑴履業摤敬慷敲扜獡⹥祰Ⱒ氠湩⁥㠱ⰹ椠⁮彟慣汬彟਍††楷桴挠汯慬獰彥硥杣潲灵⡳㨩਍†楆敬∠㩃啜敳獲瑜捥慨䅜灰慄慴䱜捯污停潲牧浡屳祐桴湯停瑹潨㍮㈱䱜扩捜湯整瑸楬⹢祰Ⱒ氠湩⁥㔱ⰸ椠⁮彟硥瑩彟਍††敳晬朮湥琮牨睯瘨污敵ഩ 䘠汩⁥䌢尺獕牥屳整档屡灁䑰瑡屡潌慣屬牐杯慲獭停瑹潨屮祐桴湯ㄳ尲楌屢楳整瀭捡慫敧屳瑳牡敬瑴履畟楴獬瀮≹‬楬敮㤠ⰳ椠⁮潣汬灡敳敟捸牧畯獰਍††慲獩⁥硥ൣ 䘠汩⁥䌢尺獕牥屳整档屡灁䑰瑡屡潌慣屬牐杯慲獭停瑹潨屮祐桴湯ㄳ尲楌屢楳整瀭捡慫敧屳瑳牡敬瑴履業摤敬慷敲扜獡⹥祰Ⱒ氠湩⁥㤱ⰱ椠⁮彟慣汬彟਍††敲灳湯敳㴠愠慷瑩猠汥⹦楤灳瑡档晟湵⡣敲畱獥ⱴ挠污彬敮瑸ഩ †††††††幞幞幞幞幞幞幞幞幞幞幞幞幞幞幞幞幞幞幞幞幞幞਍†楆敬∠㩃啜敳獲瑜捥慨作敮牄癩履敄歳潴屰慳敬⁳楡瀠慬晴潲屭慢正湥層灡屰業摤敬慷敲牜煥敵瑳损湯整瑸瀮≹‬楬敮㔠ⰶ椠⁮楤灳瑡档਍††慲獩⁥൥ 䘠汩⁥䌢尺獕牥屳整档屡湏䑥楲敶䑜獥瑫灯獜污獥愠⁩汰瑡牦浯扜捡敫摮慜灰浜摩汤睥牡履敲畱獥彴潣瑮硥⹴祰Ⱒ氠湩⁥〵‬湩搠獩慰捴൨ †爠獥潰獮⁥‽睡楡⁴慣汬湟硥⡴敲畱獥⥴਍†††††††帠幞幞幞幞幞幞幞幞幞幞幞൞ 䘠汩⁥䌢尺獕牥屳整档屡灁䑰瑡屡潌慣屬牐杯慲獭停瑹潨屮祐桴湯ㄳ尲楌屢楳整瀭捡慫敧屳瑳牡敬瑴履業摤敬慷敲扜獡⹥祰Ⱒ氠湩⁥㘱ⰵ椠⁮慣汬湟硥൴ †爠楡敳愠灰敟捸਍†楆敬∠㩃啜敳獲瑜捥慨䅜灰慄慴䱜捯污停潲牧浡屳祐桴湯停瑹潨㍮㈱䱜扩獜瑩ⵥ慰正条獥獜慴汲瑥整浜摩汤睥牡履慢敳瀮≹‬楬敮ㄠㄵ‬湩挠牯൯ †愠慷瑩猠汥⹦灡⡰捳灯ⱥ爠捥楥敶潟彲楤捳湯敮瑣‬敳摮湟彯牥潲⥲਍†楆敬∠㩃啜敳獲瑜捥慨䅜灰慄慴䱜捯污停潲牧浡屳祐桴湯停瑹潨㍮㈱䱜扩獜瑩ⵥ慰正条獥獜慴汲瑥整浜摩汤睥牡履慢敳瀮≹‬楬敮ㄠ㤸‬湩张损污彬ൟ †眠瑩⁨潣汬灡敳敟捸牧畯獰⤨ഺ 䘠汩⁥䌢尺獕牥屳整档屡灁䑰瑡屡潌慣屬牐杯慲獭停瑹潨屮祐桴湯ㄳ尲楌屢潣瑮硥汴扩瀮≹‬楬敮ㄠ㠵‬湩张敟楸彴ൟ †猠汥⹦敧⹮桴潲⡷慶畬⥥਍†楆敬∠㩃啜敳獲瑜捥慨䅜灰慄慴䱜捯污停潲牧浡屳祐桴湯停瑹潨㍮㈱䱜扩獜瑩ⵥ慰正条獥獜慴汲瑥整彜瑵汩⹳祰Ⱒ氠湩⁥㌹‬湩挠汯慬獰彥硥杣潲灵൳ †爠楡敳攠捸਍†楆敬∠㩃啜敳獲瑜捥慨䅜灰慄慴䱜捯污停潲牧浡屳祐桴湯停瑹潨㍮㈱䱜扩獜瑩ⵥ慰正条獥獜慴汲瑥整浜摩汤睥牡履慢敳瀮≹‬楬敮ㄠㄹ‬湩张损污彬ൟ †爠獥潰獮⁥‽睡楡⁴敳晬搮獩慰捴彨畦据爨煥敵瑳‬慣汬湟硥⥴਍†††††††帠幞幞幞幞幞幞幞幞幞幞幞幞幞幞幞幞幞幞幞幞幞൞ 䘠汩⁥䌢尺獕牥屳整档屡湏䑥楲敶䑜獥瑫灯獜污獥愠⁩汰瑡牦浯扜捡敫摮慜灰浜摩汤睥牡履敳畣楲祴瀮≹‬楬敮㈠㈳‬湩搠獩慰捴൨ †爠獥潰獮⁥‽睡楡⁴慣汬湟硥⡴敲畱獥⥴਍†††††††帠幞幞幞幞幞幞幞幞幞幞幞൞ 䘠汩⁥䌢尺獕牥屳整档屡灁䑰瑡屡潌慣屬牐杯慲獭停瑹潨屮祐桴湯ㄳ尲楌屢楳整瀭捡慫敧屳瑳牡敬瑴履業摤敬慷敲扜獡⹥祰Ⱒ氠湩⁥㘱ⰵ椠⁮慣汬湟硥൴ †爠楡敳愠灰敟捸਍†楆敬∠㩃啜敳獲瑜捥慨䅜灰慄慴䱜捯污停潲牧浡屳祐桴湯停瑹潨㍮㈱䱜扩獜瑩ⵥ慰正条獥獜慴汲瑥整浜摩汤睥牡履慢敳瀮≹‬楬敮ㄠㄵ‬湩挠牯൯ †愠慷瑩猠汥⹦灡⡰捳灯ⱥ爠捥楥敶潟彲楤捳湯敮瑣‬敳摮湟彯牥潲⥲਍†楆敬∠㩃啜敳獲瑜捥慨䅜灰慄慴䱜捯污停潲牧浡屳祐桴湯停瑹潨㍮㈱䱜扩獜瑩ⵥ慰正条獥獜慴汲瑥整浜摩汤睥牡履慢敳瀮≹‬楬敮ㄠ㤸‬湩张损污彬ൟ †眠瑩⁨潣汬灡敳敟捸牧畯獰⤨ഺ 䘠汩⁥䌢尺獕牥屳整档屡灁䑰瑡屡潌慣屬牐杯慲獭停瑹潨屮祐桴湯ㄳ尲楌屢潣瑮硥汴扩瀮≹‬楬敮ㄠ㠵‬湩张敟楸彴ൟ †猠汥⹦敧⹮桴潲⡷慶畬⥥਍†楆敬∠㩃啜敳獲瑜捥慨䅜灰慄慴䱜捯污停潲牧浡屳祐桴湯停瑹潨㍮㈱䱜扩獜瑩ⵥ慰正条獥獜慴汲瑥整彜瑵汩⹳祰Ⱒ氠湩⁥㌹‬湩挠汯慬獰彥硥杣潲灵൳ †爠楡敳攠捸਍†楆敬∠㩃啜敳獲瑜捥慨䅜灰慄慴䱜捯污停潲牧浡屳祐桴湯停瑹潨㍮㈱䱜扩獜瑩ⵥ慰正条獥獜慴汲瑥整浜摩汤睥牡履慢敳瀮≹‬楬敮ㄠㄹ‬湩张损污彬ൟ †爠獥潰獮⁥‽睡楡⁴敳晬搮獩慰捴彨畦据爨煥敵瑳‬慣汬湟硥⥴਍†††††††帠幞幞幞幞幞幞幞幞幞幞幞幞幞幞幞幞幞幞幞幞幞൞ 䘠汩⁥䌢尺獕牥屳整档屡湏䑥楲敶䑜獥瑫灯獜污獥愠⁩汰瑡牦浯扜捡敫摮慜灰浜摩汤睥牡履敳畣楲祴瀮≹‬楬敮㈠㈱‬湩搠獩慰捴൨ †爠楡敳䠠呔䕐捸灥楴湯ന昊獡慴楰攮捸灥楴湯⹳呈偔硅散瑰潩㩮㐠㤲›潔⁯慭祮爠煥敵瑳⹳䴠硡浩浵㘠‰敲畱獥獴瀠牥洠湩瑵⁥污潬敷⹤਍਍㉛㈰ⴶ㌰㈭‹〲㌺㨰㤰㌮㐴㤵崸嬠䑉愺㉢慡㤴ⴸ戰ㄶ㐭扡ⵥ㍡ㅦ〭ㄱ摥〴攷昴崰䔠剒›㈴㨹吠潯洠湡⁹敲畱獥獴‮慍楸畭⁭〶爠煥敵瑳⁳数⁲業畮整愠汬睯摥മ ⬠䔠捸灥楴湯䜠潲灵吠慲散慢正⠠潭瑳爠捥湥⁴慣汬氠獡⥴ഺ 簠†䘠汩⁥䌢尺獕牥屳整档屡灁䑰瑡屡潌慣屬牐杯慲獭停瑹潨屮祐桴湯ㄳ尲楌屢楳整瀭捡慫敧屳瑳牡敬瑴履畟楴獬瀮≹‬楬敮㠠ⰷ椠⁮潣汬灡敳敟捸牧畯獰਍†⁼††楹汥൤ 簠†䘠汩⁥䌢尺獕牥屳整档屡灁䑰瑡屡潌慣屬牐杯慲獭停瑹潨屮祐桴湯ㄳ尲楌屢楳整瀭捡慫敧屳瑳牡敬瑴履業摤敬慷敲扜獡⹥祰Ⱒ氠湩⁥㤱ⰰ椠⁮彟慣汬彟਍†⁼††獡湹⁣楷桴愠祮潩挮敲瑡彥慴歳束潲灵⤨愠⁳慴歳束潲灵ഺ 簠†䘠汩⁥䌢尺獕牥屳整档屡灁䑰瑡屡潌慣屬牐杯慲獭停瑹潨屮祐桴湯ㄳ尲楌屢楳整瀭捡慫敧屳湡楹屯扟捡敫摮屳慟祳据潩瀮≹‬楬敮㘠㠷‬湩张慟硥瑩彟਍†⁼††慲獩⁥慂敳硅散瑰潩䝮潲灵ന 簠䔠捸灥楴湯片畯㩰甠桮湡汤摥攠牲牯⁳湩愠吠獡䝫潲灵⠠‱畳ⵢ硥散瑰潩⥮਍†⴫⴫ⴭⴭⴭⴭⴭⴭⴭ‭‱ⴭⴭⴭⴭⴭⴭⴭⴭ਍††⁼牔捡扥捡⁫洨獯⁴敲散瑮挠污⁬慬瑳㨩਍††⁼†楆敬∠㩃啜敳獲瑜捥慨䅜灰慄慴䱜捯污停潲牧浡屳祐桴湯停瑹潨㍮㈱䱜扩獜瑩ⵥ慰正条獥獜慴汲瑥整浜摩汤睥牡履牥潲獲瀮≹‬楬敮ㄠ㐶‬湩张损污彬ൟ †簠††愠慷瑩猠汥⹦灡⡰捳灯ⱥ爠捥楥敶‬獟湥⥤਍††⁼†楆敬∠㩃啜敳獲瑜捥慨䅜灰慄慴䱜捯污停潲牧浡屳祐桴湯停瑹潨㍮㈱䱜扩獜瑩ⵥ慰正条獥獜慴汲瑥整浜摩汤睥牡履慢敳瀮≹‬楬敮ㄠ㤸‬湩张损污彬ൟ †簠††眠瑩⁨潣汬灡敳敟捸牧畯獰⤨ഺ †簠†䘠汩⁥䌢尺獕牥屳整档屡灁䑰瑡屡潌慣屬牐杯慲獭停瑹潨屮祐桴湯ㄳ尲楌屢潣瑮硥汴扩瀮≹‬楬敮ㄠ㠵‬湩张敟楸彴ൟ †簠††猠汥⹦敧⹮桴潲⡷慶畬⥥਍††⁼†楆敬∠㩃啜敳獲瑜捥慨䅜灰慄慴䱜捯污停潲牧浡屳祐桴湯停瑹潨㍮㈱䱜扩獜瑩ⵥ慰正条獥獜慴汲瑥整彜瑵汩⹳祰Ⱒ氠湩⁥㌹‬湩挠汯慬獰彥硥杣潲灵൳ †簠††爠楡敳攠捸਍††⁼†楆敬∠㩃啜敳獲瑜捥慨䅜灰慄慴䱜捯污停潲牧浡屳祐桴湯停瑹潨㍮㈱䱜扩獜瑩ⵥ慰正条獥獜慴汲瑥整浜摩汤睥牡履慢敳瀮≹‬楬敮ㄠㄹ‬湩张损污彬ൟ †簠††爠獥潰獮⁥‽睡楡⁴敳晬搮獩慰捴彨畦据爨煥敵瑳‬慣汬湟硥⥴਍††⁼†††††††帠幞幞幞幞幞幞幞幞幞幞幞幞幞幞幞幞幞幞幞幞幞൞ †簠†䘠汩⁥䌢尺獕牥屳整档屡湏䑥楲敶䑜獥瑫灯獜污獥愠⁩汰瑡牦浯扜捡敫摮慜灰浜摩汤睥牡履敲畱獥彴潣瑮硥⹴祰Ⱒ氠湩⁥㘵‬湩搠獩慰捴൨ †簠††爠楡敳攠਍††⁼†楆敬∠㩃啜敳獲瑜捥慨作敮牄癩履敄歳潴屰慳敬⁳楡瀠慬晴潲屭慢正湥層灡屰業摤敬慷敲牜煥敵瑳损湯整瑸瀮≹‬楬敮㔠ⰰ椠⁮楤灳瑡档਍††⁼††敲灳湯敳㴠愠慷瑩挠污彬敮瑸爨煥敵瑳ഩ †簠††††††††幞幞幞幞幞幞幞幞幞幞幞幞਍††⁼†楆敬∠㩃啜敳獲瑜捥慨䅜灰慄慴䱜捯污停潲牧浡屳祐桴湯停瑹潨㍮㈱䱜扩獜瑩ⵥ慰正条獥獜慴汲瑥整浜摩汤睥牡履慢敳瀮≹‬楬敮ㄠ㔶‬湩挠污彬敮瑸਍††⁼††慲獩⁥灡彰硥ൣ †簠†䘠汩⁥䌢尺獕牥屳整档屡灁䑰瑡屡潌慣屬牐杯慲獭停瑹潨屮祐桴湯ㄳ尲楌屢楳整瀭捡慫敧屳瑳牡敬瑴履業摤敬慷敲扜獡⹥祰Ⱒ氠湩⁥㔱ⰱ椠⁮潣潲਍††⁼††睡楡⁴敳晬愮灰猨潣数‬敲散癩彥牯摟獩潣湮捥ⱴ猠湥彤潮敟牲牯ഩ †簠†䘠汩⁥䌢尺獕牥屳整档屡灁䑰瑡屡潌慣屬牐杯慲獭停瑹潨屮祐桴湯ㄳ尲楌屢楳整瀭捡慫敧屳瑳牡敬瑴履業摤敬慷敲扜獡⹥祰Ⱒ氠湩⁥㠱ⰹ椠⁮彟慣汬彟਍††⁼††楷桴挠汯慬獰彥硥杣潲灵⡳㨩਍††⁼†楆敬∠㩃啜敳獲瑜捥慨䅜灰慄慴䱜捯污停潲牧浡屳祐桴湯停瑹潨㍮㈱䱜扩捜湯整瑸楬⹢祰Ⱒ氠湩⁥㔱ⰸ椠⁮彟硥瑩彟਍††⁼††敳晬朮湥琮牨睯瘨污敵ഩ †簠†䘠汩⁥䌢尺獕牥屳整档屡灁䑰瑡屡潌慣屬牐杯慲獭停瑹潨屮祐桴湯ㄳ尲楌屢楳整瀭捡慫敧屳瑳牡敬瑴履畟楴獬瀮≹‬楬敮㤠ⰳ椠⁮潣汬灡敳敟捸牧畯獰਍††⁼††慲獩⁥硥ൣ †簠†䘠汩⁥䌢尺獕牥屳整档屡灁䑰瑡屡潌慣屬牐杯慲獭停瑹潨屮祐桴湯ㄳ尲楌屢楳整瀭捡慫敧屳瑳牡敬瑴履業摤敬慷敲扜獡⹥祰Ⱒ氠湩⁥㤱ⰱ椠⁮彟慣汬彟਍††⁼††敲灳湯敳㴠愠慷瑩猠汥⹦楤灳瑡档晟湵⡣敲畱獥ⱴ挠污彬敮瑸ഩ †簠††††††††幞幞幞幞幞幞幞幞幞幞幞幞幞幞幞幞幞幞幞幞幞幞਍††⁼†楆敬∠㩃啜敳獲瑜捥慨作敮牄癩履敄歳潴屰慳敬⁳楡瀠慬晴潲屭慢正湥層灡屰業摤敬慷敲獜捥牵瑩⹹祰Ⱒ氠湩⁥㌲ⰲ椠⁮楤灳瑡档਍††⁼††敲灳湯敳㴠愠慷瑩挠污彬敮瑸爨煥敵瑳ഩ †簠††††††††幞幞幞幞幞幞幞幞幞幞幞幞਍††⁼†楆敬∠㩃啜敳獲瑜捥慨䅜灰慄慴䱜捯污停潲牧浡屳祐桴湯停瑹潨㍮㈱䱜扩獜瑩ⵥ慰正条獥獜慴汲瑥整浜摩汤睥牡履慢敳瀮≹‬楬敮ㄠ㔶‬湩挠污彬敮瑸਍††⁼††慲獩⁥灡彰硥ൣ †簠†䘠汩⁥䌢尺獕牥屳整档屡灁䑰瑡屡潌慣屬牐杯慲獭停瑹潨屮祐桴湯ㄳ尲楌屢楳整瀭捡慫敧屳瑳牡敬瑴履業摤敬慷敲扜獡⹥祰Ⱒ氠湩⁥㔱ⰱ椠⁮潣潲਍††⁼††睡楡⁴敳晬愮灰猨潣数‬敲散癩彥牯摟獩潣湮捥ⱴ猠湥彤潮敟牲牯ഩ †簠†䘠汩⁥䌢尺獕牥屳整档屡灁䑰瑡屡潌慣屬牐杯慲獭停瑹潨屮祐桴湯ㄳ尲楌屢楳整瀭捡慫敧屳瑳牡敬瑴履業摤敬慷敲扜獡⹥祰Ⱒ氠湩⁥㠱ⰹ椠⁮彟慣汬彟਍††⁼††楷桴挠汯慬獰彥硥杣潲灵⡳㨩਍††⁼†楆敬∠㩃啜敳獲瑜捥慨䅜灰慄慴䱜捯污停潲牧浡屳祐桴湯停瑹潨㍮㈱䱜扩捜湯整瑸楬⹢祰Ⱒ氠湩⁥㔱ⰸ椠⁮彟硥瑩彟਍††⁼††敳晬朮湥琮牨睯瘨污敵ഩ †簠†䘠汩⁥䌢尺獕牥屳整档屡灁䑰瑡屡潌慣屬牐杯慲獭停瑹潨屮祐桴湯ㄳ尲楌屢楳整瀭捡慫敧屳瑳牡敬瑴履畟楴獬瀮≹‬楬敮㤠ⰳ椠⁮潣汬灡敳敟捸牧畯獰਍††⁼††慲獩⁥硥ൣ †簠†䘠汩⁥䌢尺獕牥屳整档屡灁䑰瑡屡潌慣屬牐杯慲獭停瑹潨屮祐桴湯ㄳ尲楌屢楳整瀭捡慫敧屳瑳牡敬瑴履業摤敬慷敲扜獡⹥祰Ⱒ氠湩⁥㤱ⰱ椠⁮彟慣汬彟਍††⁼††敲灳湯敳㴠愠慷瑩猠汥⹦楤灳瑡档晟湵⡣敲畱獥ⱴ挠污彬敮瑸ഩ †簠††††††††幞幞幞幞幞幞幞幞幞幞幞幞幞幞幞幞幞幞幞幞幞幞਍††⁼†楆敬∠㩃啜敳獲瑜捥慨作敮牄癩履敄歳潴屰慳敬⁳楡瀠慬晴潲屭慢正湥層灡屰業摤敬慷敲獜捥牵瑩⹹祰Ⱒ氠湩⁥ㄲⰲ椠⁮楤灳瑡档਍††⁼††慲獩⁥呈偔硅散瑰潩⡮਍††⁼慦瑳灡⹩硥散瑰潩獮䠮呔䕐捸灥楴湯›㈴㨹吠潯洠湡⁹敲畱獥獴‮慍楸畭⁭〶爠煥敵瑳⁳数⁲業畮整愠汬睯摥മ †⬠ⴭⴭⴭⴭⴭⴭⴭⴭⴭⴭⴭⴭⴭⴭⴭⴭⴭⴭ਍਍畄楲杮栠湡汤湩⁧景琠敨愠潢敶攠捸灥楴湯‬湡瑯敨⁲硥散瑰潩⁮捯畣牲摥ഺഊ吊慲散慢正⠠潭瑳爠捥湥⁴慣汬氠獡⥴ഺ 䘠汩⁥䌢尺獕牥屳整档屡灁䑰瑡屡潌慣屬牐杯慲獭停瑹潨屮祐桴湯ㄳ尲楌屢楳整瀭捡慫敧屳瑳牡敬瑴履業摤敬慷敲敜牲牯⹳祰Ⱒ氠湩⁥㘱ⰴ椠⁮彟慣汬彟਍††睡楡⁴敳晬愮灰猨潣数‬敲散癩ⱥ张敳摮ഩ 䘠汩⁥䌢尺獕牥屳整档屡灁䑰瑡屡潌慣屬牐杯慲獭停瑹潨屮祐桴湯ㄳ尲楌屢楳整瀭捡慫敧屳瑳牡敬瑴履業摤敬慷敲扜獡⹥祰Ⱒ氠湩⁥㠱ⰹ椠⁮彟慣汬彟਍††楷桴挠汯慬獰彥硥杣潲灵⡳㨩਍†楆敬∠㩃啜敳獲瑜捥慨䅜灰慄慴䱜捯污停潲牧浡屳祐桴湯停瑹潨㍮㈱䱜扩捜湯整瑸楬⹢祰Ⱒ氠湩⁥㔱ⰸ椠⁮彟硥瑩彟਍††敳晬朮湥琮牨睯瘨污敵ഩ 䘠汩⁥䌢尺獕牥屳整档屡灁䑰瑡屡潌慣屬牐杯慲獭停瑹潨屮祐桴湯ㄳ尲楌屢楳整瀭捡慫敧屳瑳牡敬瑴履畟楴獬瀮≹‬楬敮㤠ⰳ椠⁮潣汬灡敳敟捸牧畯獰਍††慲獩⁥硥ൣ 䘠汩⁥䌢尺獕牥屳整档屡灁䑰瑡屡潌慣屬牐杯慲獭停瑹潨屮祐桴湯ㄳ尲楌屢楳整瀭捡慫敧屳瑳牡敬瑴履業摤敬慷敲扜獡⹥祰Ⱒ氠湩⁥㤱ⰱ椠⁮彟慣汬彟਍††敲灳湯敳㴠愠慷瑩猠汥⹦楤灳瑡档晟湵⡣敲畱獥ⱴ挠污彬敮瑸ഩ †††††††幞幞幞幞幞幞幞幞幞幞幞幞幞幞幞幞幞幞幞幞幞幞਍†楆敬∠㩃啜敳獲瑜捥慨作敮牄癩履敄歳潴屰慳敬⁳楡瀠慬晴潲屭慢正湥層灡屰業摤敬慷敲牜煥敵瑳损湯整瑸瀮≹‬楬敮㔠ⰶ椠⁮楤灳瑡档਍††慲獩⁥൥ 䘠汩⁥䌢尺獕牥屳整档屡湏䑥楲敶䑜獥瑫灯獜污獥愠⁩汰瑡牦浯扜捡敫摮慜灰浜摩汤睥牡履敲畱獥彴潣瑮硥⹴祰Ⱒ氠湩⁥〵‬湩搠獩慰捴൨ †爠獥潰獮⁥‽睡楡⁴慣汬湟硥⡴敲畱獥⥴਍†††††††帠幞幞幞幞幞幞幞幞幞幞幞൞ 䘠汩⁥䌢尺獕牥屳整档屡灁䑰瑡屡潌慣屬牐杯慲獭停瑹潨屮祐桴湯ㄳ尲楌屢楳整瀭捡慫敧屳瑳牡敬瑴履業摤敬慷敲扜獡⹥祰Ⱒ氠湩⁥㘱ⰵ椠⁮慣汬湟硥൴ †爠楡敳愠灰敟捸਍†楆敬∠㩃啜敳獲瑜捥慨䅜灰慄慴䱜捯污停潲牧浡屳祐桴湯停瑹潨㍮㈱䱜扩獜瑩ⵥ慰正条獥獜慴汲瑥整浜摩汤睥牡履慢敳瀮≹‬楬敮ㄠㄵ‬湩挠牯൯ †愠慷瑩猠汥⹦灡⡰捳灯ⱥ爠捥楥敶潟彲楤捳湯敮瑣‬敳摮湟彯牥潲⥲਍†楆敬∠㩃啜敳獲瑜捥慨䅜灰慄慴䱜捯污停潲牧浡屳祐桴湯停瑹潨㍮㈱䱜扩獜瑩ⵥ慰正条獥獜慴汲瑥整浜摩汤睥牡履慢敳瀮≹‬楬敮ㄠ㤸‬湩张损污彬ൟ †眠瑩⁨潣汬灡敳敟捸牧畯獰⤨ഺ 䘠汩⁥䌢尺獕牥屳整档屡灁䑰瑡屡潌慣屬牐杯慲獭停瑹潨屮祐桴湯ㄳ尲楌屢潣瑮硥汴扩瀮≹‬楬敮ㄠ㠵‬湩张敟楸彴ൟ †猠汥⹦敧⹮桴潲⡷慶畬⥥਍†楆敬∠㩃啜敳獲瑜捥慨䅜灰慄慴䱜捯污停潲牧浡屳祐桴湯停瑹潨㍮㈱䱜扩獜瑩ⵥ慰正条獥獜慴汲瑥整彜瑵汩⹳祰Ⱒ氠湩⁥㌹‬湩挠汯慬獰彥硥杣潲灵൳ †爠楡敳攠捸਍†楆敬∠㩃啜敳獲瑜捥慨䅜灰慄慴䱜捯污停潲牧浡屳祐桴湯停瑹潨㍮㈱䱜扩獜瑩ⵥ慰正条獥獜慴汲瑥整浜摩汤睥牡履慢敳瀮≹‬楬敮ㄠㄹ‬湩张损污彬ൟ †爠獥潰獮⁥‽睡楡⁴敳晬搮獩慰捴彨畦据爨煥敵瑳‬慣汬湟硥⥴਍†††††††帠幞幞幞幞幞幞幞幞幞幞幞幞幞幞幞幞幞幞幞幞幞൞ 䘠汩⁥䌢尺獕牥屳整档屡湏䑥楲敶䑜獥瑫灯獜污獥愠⁩汰瑡牦浯扜捡敫摮慜灰浜摩汤睥牡履敳畣楲祴瀮≹‬楬敮㈠㈳‬湩搠獩慰捴൨ †爠獥潰獮⁥‽睡楡⁴慣汬湟硥⡴敲畱獥⥴਍†††††††帠幞幞幞幞幞幞幞幞幞幞幞൞ 䘠汩⁥䌢尺獕牥屳整档屡灁䑰瑡屡潌慣屬牐杯慲獭停瑹潨屮祐桴湯ㄳ尲楌屢楳整瀭捡慫敧屳瑳牡敬瑴履業摤敬慷敲扜獡⹥祰Ⱒ氠湩⁥㘱ⰵ椠⁮慣汬湟硥൴ †爠楡敳愠灰敟捸਍†楆敬∠㩃啜敳獲瑜捥慨䅜灰慄慴䱜捯污停潲牧浡屳祐桴湯停瑹潨㍮㈱䱜扩獜瑩ⵥ慰正条獥獜慴汲瑥整浜摩汤睥牡履慢敳瀮≹‬楬敮ㄠㄵ‬湩挠牯൯ †愠慷瑩猠汥⹦灡⡰捳灯ⱥ爠捥楥敶潟彲楤捳湯敮瑣‬敳摮湟彯牥潲⥲਍†楆敬∠㩃啜敳獲瑜捥慨䅜灰慄慴䱜捯污停潲牧浡屳祐桴湯停瑹潨㍮㈱䱜扩獜瑩ⵥ慰正条獥獜慴汲瑥整浜摩汤睥牡履慢敳瀮≹‬楬敮ㄠ㤸‬湩张损污彬ൟ †眠瑩⁨潣汬灡敳敟捸牧畯獰⤨ഺ 䘠汩⁥䌢尺獕牥屳整档屡灁䑰瑡屡潌慣屬牐杯慲獭停瑹潨屮祐桴湯ㄳ尲楌屢潣瑮硥汴扩瀮≹‬楬敮ㄠ㠵‬湩张敟楸彴ൟ †猠汥⹦敧⹮桴潲⡷慶畬⥥਍†楆敬∠㩃啜敳獲瑜捥慨䅜灰慄慴䱜捯污停潲牧浡屳祐桴湯停瑹潨㍮㈱䱜扩獜瑩ⵥ慰正条獥獜慴汲瑥整彜瑵汩⹳祰Ⱒ氠湩⁥㌹‬湩挠汯慬獰彥硥杣潲灵൳ †爠楡敳攠捸਍†楆敬∠㩃啜敳獲瑜捥慨䅜灰慄慴䱜捯污停潲牧浡屳祐桴湯停瑹潨㍮㈱䱜扩獜瑩ⵥ慰正条獥獜慴汲瑥整浜摩汤睥牡履慢敳瀮≹‬楬敮ㄠㄹ‬湩张损污彬ൟ †爠獥潰獮⁥‽睡楡⁴敳晬搮獩慰捴彨畦据爨煥敵瑳‬慣汬湟硥⥴਍†††††††帠幞幞幞幞幞幞幞幞幞幞幞幞幞幞幞幞幞幞幞幞幞൞ 䘠汩⁥䌢尺獕牥屳整档屡湏䑥楲敶䑜獥瑫灯獜污獥愠⁩汰瑡牦浯扜捡敫摮慜灰浜摩汤睥牡履敳畣楲祴瀮≹‬楬敮㈠㈱‬湩搠獩慰捴൨ †爠楡敳䠠呔䕐捸灥楴湯ന昊獡慴楰攮捸灥楴湯⹳呈偔硅散瑰潩㩮㐠㤲›潔⁯慭祮爠煥敵瑳⹳䴠硡浩浵㘠‰敲畱獥獴瀠牥洠湩瑵⁥污潬敷⹤਍਍㉛㈰ⴶ㌰㈭‹〲㌺㨰㤰㔮㈵㈷崱嬠䑉〺㉤昰ㅤⴶ㈴㜹㐭敥ⵤ晡㥤攭㈰散㐵挲搳嵡䔠剒›㈴㨹吠潯洠湡⁹敲畱獥獴‮慍楸畭⁭〶爠煥敵瑳⁳数⁲業畮整愠汬睯摥മ ⬠䔠捸灥楴湯䜠潲灵吠慲散慢正⠠潭瑳爠捥湥⁴慣汬氠獡⥴ഺ 簠†䘠汩⁥䌢尺獕牥屳整档屡灁䑰瑡屡潌慣屬牐杯慲獭停瑹潨屮祐桴湯ㄳ尲楌屢楳整瀭捡慫敧屳瑳牡敬瑴履畟楴獬瀮≹‬楬敮㠠ⰷ椠⁮潣汬灡敳敟捸牧畯獰਍†⁼††楹汥൤ 簠†䘠汩⁥䌢尺獕牥屳整档屡灁䑰瑡屡潌慣屬牐杯慲獭停瑹潨屮祐桴湯ㄳ尲楌屢楳整瀭捡慫敧屳瑳牡敬瑴履業摤敬慷敲扜獡⹥祰Ⱒ氠湩⁥㤱ⰰ椠⁮彟慣汬彟਍†⁼††獡湹⁣楷桴愠祮潩挮敲瑡彥慴歳束潲灵⤨愠⁳慴歳束潲灵ഺ 簠†䘠汩⁥䌢尺獕牥屳整档屡灁䑰瑡屡潌慣屬牐杯慲獭停瑹潨屮祐桴湯ㄳ尲楌屢楳整瀭捡慫敧屳湡楹屯扟捡敫摮屳慟祳据潩瀮≹‬楬敮㘠㠷‬湩张慟硥瑩彟਍†⁼††慲獩⁥慂敳硅散瑰潩䝮潲灵ന 簠䔠捸灥楴湯片畯㩰甠桮湡汤摥攠牲牯⁳湩愠吠獡䝫潲灵⠠‱畳ⵢ硥散瑰潩⥮਍†⴫⴫ⴭⴭⴭⴭⴭⴭⴭ‭‱ⴭⴭⴭⴭⴭⴭⴭⴭ਍††⁼牔捡扥捡⁫洨獯⁴敲散瑮挠污⁬慬瑳㨩਍††⁼†楆敬∠㩃啜敳獲瑜捥慨䅜灰慄慴䱜捯污停潲牧浡屳祐桴湯停瑹潨㍮㈱䱜扩獜瑩ⵥ慰正条獥獜慴汲瑥整浜摩汤睥牡履牥潲獲瀮≹‬楬敮ㄠ㐶‬湩张损污彬ൟ †簠††愠慷瑩猠汥⹦灡⡰捳灯ⱥ爠捥楥敶‬獟湥⥤਍††⁼†楆敬∠㩃啜敳獲瑜捥慨䅜灰慄慴䱜捯污停潲牧浡屳祐桴湯停瑹潨㍮㈱䱜扩獜瑩ⵥ慰正条獥獜慴汲瑥整浜摩汤睥牡履慢敳瀮≹‬楬敮ㄠ㤸‬湩张损污彬ൟ †簠††眠瑩⁨潣汬灡敳敟捸牧畯獰⤨ഺ †簠†䘠汩⁥䌢尺獕牥屳整档屡灁䑰瑡屡潌慣屬牐杯慲獭停瑹潨屮祐桴湯ㄳ尲楌屢潣瑮硥汴扩瀮≹‬楬敮ㄠ㠵‬湩张敟楸彴ൟ †簠††猠汥⹦敧⹮桴潲⡷慶畬⥥਍††⁼†楆敬∠㩃啜敳獲瑜捥慨䅜灰慄慴䱜捯污停潲牧浡屳祐桴湯停瑹潨㍮㈱䱜扩獜瑩ⵥ慰正条獥獜慴汲瑥整彜瑵汩⹳祰Ⱒ氠湩⁥㌹‬湩挠汯慬獰彥硥杣潲灵൳ †簠††爠楡敳攠捸਍††⁼†楆敬∠㩃啜敳獲瑜捥慨䅜灰慄慴䱜捯污停潲牧浡屳祐桴湯停瑹潨㍮㈱䱜扩獜瑩ⵥ慰正条獥獜慴汲瑥整浜摩汤睥牡履慢敳瀮≹‬楬敮ㄠㄹ‬湩张损污彬ൟ †簠††爠獥潰獮⁥‽睡楡⁴敳晬搮獩慰捴彨畦据爨煥敵瑳‬慣汬湟硥⥴਍††⁼†††††††帠幞幞幞幞幞幞幞幞幞幞幞幞幞幞幞幞幞幞幞幞幞൞ †簠†䘠汩⁥䌢尺獕牥屳整档屡湏䑥楲敶䑜獥瑫灯獜污獥愠⁩汰瑡牦浯扜捡敫摮慜灰浜摩汤睥牡履敲畱獥彴潣瑮硥⹴祰Ⱒ氠湩⁥㘵‬湩搠獩慰捴൨ †簠††爠楡敳攠਍††⁼†楆敬∠㩃啜敳獲瑜捥慨作敮牄癩履敄歳潴屰慳敬⁳楡瀠慬晴潲屭慢正湥層灡屰業摤敬慷敲牜煥敵瑳损湯整瑸瀮≹‬楬敮㔠ⰰ椠⁮楤灳瑡档਍††⁼††敲灳湯敳㴠愠慷瑩挠污彬敮瑸爨煥敵瑳ഩ †簠††††††††幞幞幞幞幞幞幞幞幞幞幞幞਍††⁼†楆敬∠㩃啜敳獲瑜捥慨䅜灰慄慴䱜捯污停潲牧浡屳祐桴湯停瑹潨㍮㈱䱜扩獜瑩ⵥ慰正条獥獜慴汲瑥整浜摩汤睥牡履慢敳瀮≹‬楬敮ㄠ㔶‬湩挠污彬敮瑸਍††⁼††慲獩⁥灡彰硥ൣ †簠†䘠汩⁥䌢尺獕牥屳整档屡灁䑰瑡屡潌慣屬牐杯慲獭停瑹潨屮祐桴湯ㄳ尲楌屢楳整瀭捡慫敧屳瑳牡敬瑴履業摤敬慷敲扜獡⹥祰Ⱒ氠湩⁥㔱ⰱ椠⁮潣潲਍††⁼††睡楡⁴敳晬愮灰猨潣数‬敲散癩彥牯摟獩潣湮捥ⱴ猠湥彤潮敟牲牯ഩ †簠†䘠汩⁥䌢尺獕牥屳整档屡灁䑰瑡屡潌慣屬牐杯慲獭停瑹潨屮祐桴湯ㄳ尲楌屢楳整瀭捡慫敧屳瑳牡敬瑴履業摤敬慷敲扜獡⹥祰Ⱒ氠湩⁥㠱ⰹ椠⁮彟慣汬彟਍††⁼††楷桴挠汯慬獰彥硥杣潲灵⡳㨩਍††⁼†楆敬∠㩃啜敳獲瑜捥慨䅜灰慄慴䱜捯污停潲牧浡屳祐桴湯停瑹潨㍮㈱䱜扩捜湯整瑸楬⹢祰Ⱒ氠湩⁥㔱ⰸ椠⁮彟硥瑩彟਍††⁼††敳晬朮湥琮牨睯瘨污敵ഩ †簠†䘠汩⁥䌢尺獕牥屳整档屡灁䑰瑡屡潌慣屬牐杯慲獭停瑹潨屮祐桴湯ㄳ尲楌屢楳整瀭捡慫敧屳瑳牡敬瑴履畟楴獬瀮≹‬楬敮㤠ⰳ椠⁮潣汬灡敳敟捸牧畯獰਍††⁼††慲獩⁥硥ൣ †簠†䘠汩⁥䌢尺獕牥屳整档屡灁䑰瑡屡潌慣屬牐杯慲獭停瑹潨屮祐桴湯ㄳ尲楌屢楳整瀭捡慫敧屳瑳牡敬瑴履業摤敬慷敲扜獡⹥祰Ⱒ氠湩⁥㤱ⰱ椠⁮彟慣汬彟਍††⁼††敲灳湯敳㴠愠慷瑩猠汥⹦楤灳瑡档晟湵⡣敲畱獥ⱴ挠污彬敮瑸ഩ †簠††††††††幞幞幞幞幞幞幞幞幞幞幞幞幞幞幞幞幞幞幞幞幞幞਍††⁼†楆敬∠㩃啜敳獲瑜捥慨作敮牄癩履敄歳潴屰慳敬⁳楡瀠慬晴潲屭慢正湥層灡屰業摤敬慷敲獜捥牵瑩⹹祰Ⱒ氠湩⁥㌲ⰲ椠⁮楤灳瑡档਍††⁼††敲灳湯敳㴠愠慷瑩挠污彬敮瑸爨煥敵瑳ഩ †簠††††††††幞幞幞幞幞幞幞幞幞幞幞幞਍††⁼†楆敬∠㩃啜敳獲瑜捥慨䅜灰慄慴䱜捯污停潲牧浡屳祐桴湯停瑹潨㍮㈱䱜扩獜瑩ⵥ慰正条獥獜慴汲瑥整浜摩汤睥牡履慢敳瀮≹‬楬敮ㄠ㔶‬湩挠污彬敮瑸਍††⁼††慲獩⁥灡彰硥ൣ †簠†䘠汩⁥䌢尺獕牥屳整档屡灁䑰瑡屡潌慣屬牐杯慲獭停瑹潨屮祐桴湯ㄳ尲楌屢楳整瀭捡慫敧屳瑳牡敬瑴履業摤敬慷敲扜獡⹥祰Ⱒ氠湩⁥㔱ⰱ椠⁮潣潲਍††⁼††睡楡⁴敳晬愮灰猨潣数‬敲散癩彥牯摟獩潣湮捥ⱴ猠湥彤潮敟牲牯ഩ †簠†䘠汩⁥䌢尺獕牥屳整档屡灁䑰瑡屡潌慣屬牐杯慲獭停瑹潨屮祐桴湯ㄳ尲楌屢楳整瀭捡慫敧屳瑳牡敬瑴履業摤敬慷敲扜獡⹥祰Ⱒ氠湩⁥㠱ⰹ椠⁮彟慣汬彟਍††⁼††楷桴挠汯慬獰彥硥杣潲灵⡳㨩਍††⁼†楆敬∠㩃啜敳獲瑜捥慨䅜灰慄慴䱜捯污停潲牧浡屳祐桴湯停瑹潨㍮㈱䱜扩捜湯整瑸楬⹢祰Ⱒ氠湩⁥㔱ⰸ椠⁮彟硥瑩彟਍††⁼††敳晬朮湥琮牨睯瘨污敵ഩ †簠†䘠汩⁥䌢尺獕牥屳整档屡灁䑰瑡屡潌慣屬牐杯慲獭停瑹潨屮祐桴湯ㄳ尲楌屢楳整瀭捡慫敧屳瑳牡敬瑴履畟楴獬瀮≹‬楬敮㤠ⰳ椠⁮潣汬灡敳敟捸牧畯獰਍††⁼††慲獩⁥硥ൣ †簠†䘠汩⁥䌢尺獕牥屳整档屡灁䑰瑡屡潌慣屬牐杯慲獭停瑹潨屮祐桴湯ㄳ尲楌屢楳整瀭捡慫敧屳瑳牡敬瑴履業摤敬慷敲扜獡⹥祰Ⱒ氠湩⁥㤱ⰱ椠⁮彟慣汬彟਍††⁼††敲灳湯敳㴠愠慷瑩猠汥⹦楤灳瑡档晟湵⡣敲畱獥ⱴ挠污彬敮瑸ഩ †簠††††††††幞幞幞幞幞幞幞幞幞幞幞幞幞幞幞幞幞幞幞幞幞幞਍††⁼†楆敬∠㩃啜敳獲瑜捥慨作敮牄癩履敄歳潴屰慳敬⁳楡瀠慬晴潲屭慢正湥層灡屰業摤敬慷敲獜捥牵瑩⹹祰Ⱒ氠湩⁥ㄲⰲ椠⁮楤灳瑡档਍††⁼††慲獩⁥呈偔硅散瑰潩⡮਍††⁼慦瑳灡⹩硥散瑰潩獮䠮呔䕐捸灥楴湯›㈴㨹吠潯洠湡⁹敲畱獥獴‮慍楸畭⁭〶爠煥敵瑳⁳数⁲業畮整愠汬睯摥മ †⬠ⴭⴭⴭⴭⴭⴭⴭⴭⴭⴭⴭⴭⴭⴭⴭⴭⴭⴭ਍਍畄楲杮栠湡汤湩⁧景琠敨愠潢敶攠捸灥楴湯‬湡瑯敨⁲硥散瑰潩⁮捯畣牲摥ഺഊ吊慲散慢正⠠潭瑳爠捥湥⁴慣汬氠獡⥴ഺ 䘠汩⁥䌢尺獕牥屳整档屡灁䑰瑡屡潌慣屬牐杯慲獭停瑹潨屮祐桴湯ㄳ尲楌屢楳整瀭捡慫敧屳瑳牡敬瑴履業摤敬慷敲敜牲牯⹳祰Ⱒ氠湩⁥㘱ⰴ椠⁮彟慣汬彟਍††睡楡⁴敳晬愮灰猨潣数‬敲散癩ⱥ张敳摮ഩ 䘠汩⁥䌢尺獕牥屳整档屡灁䑰瑡屡潌慣屬牐杯慲獭停瑹潨屮祐桴湯ㄳ尲楌屢楳整瀭捡慫敧屳瑳牡敬瑴履業摤敬慷敲扜獡⹥祰Ⱒ氠湩⁥㠱ⰹ椠⁮彟慣汬彟਍††楷桴挠汯慬獰彥硥杣潲灵⡳㨩਍†楆敬∠㩃啜敳獲瑜捥慨䅜灰慄慴䱜捯污停潲牧浡屳祐桴湯停瑹潨㍮㈱䱜扩捜湯整瑸楬⹢祰Ⱒ氠湩⁥㔱ⰸ椠⁮彟硥瑩彟਍††敳晬朮湥琮牨睯瘨污敵ഩ 䘠汩⁥䌢尺獕牥屳整档屡灁䑰瑡屡潌慣屬牐杯慲獭停瑹潨屮祐桴湯ㄳ尲楌屢楳整瀭捡慫敧屳瑳牡敬瑴履畟楴獬瀮≹‬楬敮㤠ⰳ椠⁮潣汬灡敳敟捸牧畯獰਍††慲獩⁥硥ൣ 䘠汩⁥䌢尺獕牥屳整档屡灁䑰瑡屡潌慣屬牐杯慲獭停瑹潨屮祐桴湯ㄳ尲楌屢楳整瀭捡慫敧屳瑳牡敬瑴履業摤敬慷敲扜獡⹥祰Ⱒ氠湩⁥㤱ⰱ椠⁮彟慣汬彟਍††敲灳湯敳㴠愠慷瑩猠汥⹦楤灳瑡档晟湵⡣敲畱獥ⱴ挠污彬敮瑸ഩ †††††††幞幞幞幞幞幞幞幞幞幞幞幞幞幞幞幞幞幞幞幞幞幞਍†楆敬∠㩃啜敳獲瑜捥慨作敮牄癩履敄歳潴屰慳敬⁳楡瀠慬晴潲屭慢正湥層灡屰業摤敬慷敲牜煥敵瑳损湯整瑸瀮≹‬楬敮㔠ⰶ椠⁮楤灳瑡档਍††慲獩⁥൥ 䘠汩⁥䌢尺獕牥屳整档屡湏䑥楲敶䑜獥瑫灯獜污獥愠⁩汰瑡牦浯扜捡敫摮慜灰浜摩汤睥牡履敲畱獥彴潣瑮硥⹴祰Ⱒ氠湩⁥〵‬湩搠獩慰捴൨ †爠獥潰獮⁥‽睡楡⁴慣汬湟硥⡴敲畱獥⥴਍†††††††帠幞幞幞幞幞幞幞幞幞幞幞൞ 䘠汩⁥䌢尺獕牥屳整档屡灁䑰瑡屡潌慣屬牐杯慲獭停瑹潨屮祐桴湯ㄳ尲楌屢楳整瀭捡慫敧屳瑳牡敬瑴履業摤敬慷敲扜獡⹥祰Ⱒ氠湩⁥㘱ⰵ椠⁮慣汬湟硥൴ †爠楡敳愠灰敟捸਍†楆敬∠㩃啜敳獲瑜捥慨䅜灰慄慴䱜捯污停潲牧浡屳祐桴湯停瑹潨㍮㈱䱜扩獜瑩ⵥ慰正条獥獜慴汲瑥整浜摩汤睥牡履慢敳瀮≹‬楬敮ㄠㄵ‬湩挠牯൯ †愠慷瑩猠汥⹦灡⡰捳灯ⱥ爠捥楥敶潟彲楤捳湯敮瑣‬敳摮湟彯牥潲⥲਍†楆敬∠㩃啜敳獲瑜捥慨䅜灰慄慴䱜捯污停潲牧浡屳祐桴湯停瑹潨㍮㈱䱜扩獜瑩ⵥ慰正条獥獜慴汲瑥整浜摩汤睥牡履慢敳瀮≹‬楬敮ㄠ㤸‬湩张损污彬ൟ †眠瑩⁨潣汬灡敳敟捸牧畯獰⤨ഺ 䘠汩⁥䌢尺獕牥屳整档屡灁䑰瑡屡潌慣屬牐杯慲獭停瑹潨屮祐桴湯ㄳ尲楌屢潣瑮硥汴扩瀮≹‬楬敮ㄠ㠵‬湩张敟楸彴ൟ †猠汥⹦敧⹮桴潲⡷慶畬⥥਍†楆敬∠㩃啜敳獲瑜捥慨䅜灰慄慴䱜捯污停潲牧浡屳祐桴湯停瑹潨㍮㈱䱜扩獜瑩ⵥ慰正条獥獜慴汲瑥整彜瑵汩⹳祰Ⱒ氠湩⁥㌹‬湩挠汯慬獰彥硥杣潲灵൳ †爠楡敳攠捸਍†楆敬∠㩃啜敳獲瑜捥慨䅜灰慄慴䱜捯污停潲牧浡屳祐桴湯停瑹潨㍮㈱䱜扩獜瑩ⵥ慰正条獥獜慴汲瑥整浜摩汤睥牡履慢敳瀮≹‬楬敮ㄠㄹ‬湩张损污彬ൟ †爠獥潰獮⁥‽睡楡⁴敳晬搮獩慰捴彨畦据爨煥敵瑳‬慣汬湟硥⥴਍†††††††帠幞幞幞幞幞幞幞幞幞幞幞幞幞幞幞幞幞幞幞幞幞൞ 䘠汩⁥䌢尺獕牥屳整档屡湏䑥楲敶䑜獥瑫灯獜污獥愠⁩汰瑡牦浯扜捡敫摮慜灰浜摩汤睥牡履敳畣楲祴瀮≹‬楬敮㈠㈳‬湩搠獩慰捴൨ †爠獥潰獮⁥‽睡楡⁴慣汬湟硥⡴敲畱獥⥴਍†††††††帠幞幞幞幞幞幞幞幞幞幞幞൞ 䘠汩⁥䌢尺獕牥屳整档屡灁䑰瑡屡潌慣屬牐杯慲獭停瑹潨屮祐桴湯ㄳ尲楌屢楳整瀭捡慫敧屳瑳牡敬瑴履業摤敬慷敲扜獡⹥祰Ⱒ氠湩⁥㘱ⰵ椠⁮慣汬湟硥൴ †爠楡敳愠灰敟捸਍†楆敬∠㩃啜敳獲瑜捥慨䅜灰慄慴䱜捯污停潲牧浡屳祐桴湯停瑹潨㍮㈱䱜扩獜瑩ⵥ慰正条獥獜慴汲瑥整浜摩汤睥牡履慢敳瀮≹‬楬敮ㄠㄵ‬湩挠牯൯ †愠慷瑩猠汥⹦灡⡰捳灯ⱥ爠捥楥敶潟彲楤捳湯敮瑣‬敳摮湟彯牥潲⥲਍†楆敬∠㩃啜敳獲瑜捥慨䅜灰慄慴䱜捯污停潲牧浡屳祐桴湯停瑹潨㍮㈱䱜扩獜瑩ⵥ慰正条獥獜慴汲瑥整浜摩汤睥牡履慢敳瀮≹‬楬敮ㄠ㤸‬湩张损污彬ൟ †眠瑩⁨潣汬灡敳敟捸牧畯獰⤨ഺ 䘠汩⁥䌢尺獕牥屳整档屡灁䑰瑡屡潌慣屬牐杯慲獭停瑹潨屮祐桴湯ㄳ尲楌屢潣瑮硥汴扩瀮≹‬楬敮ㄠ㠵‬湩张敟楸彴ൟ †猠汥⹦敧⹮桴潲⡷慶畬⥥਍†楆敬∠㩃啜敳獲瑜捥慨䅜灰慄慴䱜捯污停潲牧浡屳祐桴湯停瑹潨㍮㈱䱜扩獜瑩ⵥ慰正条獥獜慴汲瑥整彜瑵汩⹳祰Ⱒ氠湩⁥㌹‬湩挠汯慬獰彥硥杣潲灵൳ †爠楡敳攠捸਍†楆敬∠㩃啜敳獲瑜捥慨䅜灰慄慴䱜捯污停潲牧浡屳祐桴湯停瑹潨㍮㈱䱜扩獜瑩ⵥ慰正条獥獜慴汲瑥整浜摩汤睥牡履慢敳瀮≹‬楬敮ㄠㄹ‬湩张损污彬ൟ †爠獥潰獮⁥‽睡楡⁴敳晬搮獩慰捴彨畦据爨煥敵瑳‬慣汬湟硥⥴਍†††††††帠幞幞幞幞幞幞幞幞幞幞幞幞幞幞幞幞幞幞幞幞幞൞ 䘠汩⁥䌢尺獕牥屳整档屡湏䑥楲敶䑜獥瑫灯獜污獥愠⁩汰瑡牦浯扜捡敫摮慜灰浜摩汤睥牡履敳畣楲祴瀮≹‬楬敮㈠㈱‬湩搠獩慰捴൨ †爠楡敳䠠呔䕐捸灥楴湯ന昊獡慴楰攮捸灥楴湯⹳呈偔硅散瑰潩㩮㐠㤲›潔⁯慭祮爠煥敵瑳⹳䴠硡浩浵㘠‰敲畱獥獴瀠牥洠湩瑵⁥污潬敷⹤਍਍㉛㈰ⴶ㌰㈭‹〲㌺㨰㤰㘮㔲㈷崹嬠䑉㌺㘹㜸ㅥⴸ㕦㝦㐭㐹ⴰ戹㑦㤭㠴晦ㅡ㉣㜹崴䔠剒›㈴㨹吠潯洠湡⁹敲畱獥獴‮慍楸畭⁭〶爠煥敵瑳⁳数⁲業畮整愠汬睯摥മ ⬠䔠捸灥楴湯䜠潲灵吠慲散慢正⠠潭瑳爠捥湥⁴慣汬氠獡⥴ഺ 簠†䘠汩⁥䌢尺獕牥屳整档屡灁䑰瑡屡潌慣屬牐杯慲獭停瑹潨屮祐桴湯ㄳ尲楌屢楳整瀭捡慫敧屳瑳牡敬瑴履畟楴獬瀮≹‬楬敮㠠ⰷ椠⁮潣汬灡敳敟捸牧畯獰਍†⁼††楹汥൤ 簠†䘠汩⁥䌢尺獕牥屳整档屡灁䑰瑡屡潌慣屬牐杯慲獭停瑹潨屮祐桴湯ㄳ尲楌屢楳整瀭捡慫敧屳瑳牡敬瑴履業摤敬慷敲扜獡⹥祰Ⱒ氠湩⁥㤱ⰰ椠⁮彟慣汬彟਍†⁼††獡湹⁣楷桴愠祮潩挮敲瑡彥慴歳束潲灵⤨愠⁳慴歳束潲灵ഺ 簠†䘠汩⁥䌢尺獕牥屳整档屡灁䑰瑡屡潌慣屬牐杯慲獭停瑹潨屮祐桴湯ㄳ尲楌屢楳整瀭捡慫敧屳湡楹屯扟捡敫摮屳慟祳据潩瀮≹‬楬敮㘠㠷‬湩张慟硥瑩彟਍†⁼††慲獩⁥慂敳硅散瑰潩䝮潲灵ന 簠䔠捸灥楴湯片畯㩰甠桮湡汤摥攠牲牯⁳湩愠吠獡䝫潲灵⠠‱畳ⵢ硥散瑰潩⥮਍†⴫⴫ⴭⴭⴭⴭⴭⴭⴭ‭‱ⴭⴭⴭⴭⴭⴭⴭⴭ਍††⁼牔捡扥捡⁫洨獯⁴敲散瑮挠污⁬慬瑳㨩਍††⁼†楆敬∠㩃啜敳獲瑜捥慨䅜灰慄慴䱜捯污停潲牧浡屳祐桴湯停瑹潨㍮㈱䱜扩獜瑩ⵥ慰正条獥獜慴汲瑥整浜摩汤睥牡履牥潲獲瀮≹‬楬敮ㄠ㐶‬湩张损污彬ൟ †簠††愠慷瑩猠汥⹦灡⡰捳灯ⱥ爠捥楥敶‬獟湥⥤਍††⁼†楆敬∠㩃啜敳獲瑜捥慨䅜灰慄慴䱜捯污停潲牧浡屳祐桴湯停瑹潨㍮㈱䱜扩獜瑩ⵥ慰正条獥獜慴汲瑥整浜摩汤睥牡履慢敳瀮≹‬楬敮ㄠ㤸‬湩张损污彬ൟ †簠††眠瑩⁨潣汬灡敳敟捸牧畯獰⤨ഺ †簠†䘠汩⁥䌢尺獕牥屳整档屡灁䑰瑡屡潌慣屬牐杯慲獭停瑹潨屮祐桴湯ㄳ尲楌屢潣瑮硥汴扩瀮≹‬楬敮ㄠ㠵‬湩张敟楸彴ൟ †簠††猠汥⹦敧⹮桴潲⡷慶畬⥥਍††⁼†楆敬∠㩃啜敳獲瑜捥慨䅜灰慄慴䱜捯污停潲牧浡屳祐桴湯停瑹潨㍮㈱䱜扩獜瑩ⵥ慰正条獥獜慴汲瑥整彜瑵汩⹳祰Ⱒ氠湩⁥㌹‬湩挠汯慬獰彥硥杣潲灵൳ †簠††爠楡敳攠捸਍††⁼†楆敬∠㩃啜敳獲瑜捥慨䅜灰慄慴䱜捯污停潲牧浡屳祐桴湯停瑹潨㍮㈱䱜扩獜瑩ⵥ慰正条獥獜慴汲瑥整浜摩汤睥牡履慢敳瀮≹‬楬敮ㄠㄹ‬湩张损污彬ൟ †簠††爠獥潰獮⁥‽睡楡⁴敳晬搮獩慰捴彨畦据爨煥敵瑳‬慣汬湟硥⥴਍††⁼†††††††帠幞幞幞幞幞幞幞幞幞幞幞幞幞幞幞幞幞幞幞幞幞൞ †簠†䘠汩⁥䌢尺獕牥屳整档屡湏䑥楲敶䑜獥瑫灯獜污獥愠⁩汰瑡牦浯扜捡敫摮慜灰浜摩汤睥牡履敲畱獥彴潣瑮硥⹴祰Ⱒ氠湩⁥㘵‬湩搠獩慰捴൨ †簠††爠楡敳攠਍††⁼†楆敬∠㩃啜敳獲瑜捥慨作敮牄癩履敄歳潴屰慳敬⁳楡瀠慬晴潲屭慢正湥層灡屰業摤敬慷敲牜煥敵瑳损湯整瑸瀮≹‬楬敮㔠ⰰ椠⁮楤灳瑡档਍††⁼††敲灳湯敳㴠愠慷瑩挠污彬敮瑸爨煥敵瑳ഩ †簠††††††††幞幞幞幞幞幞幞幞幞幞幞幞਍††⁼†楆敬∠㩃啜敳獲瑜捥慨䅜灰慄慴䱜捯污停潲牧浡屳祐桴湯停瑹潨㍮㈱䱜扩獜瑩ⵥ慰正条獥獜慴汲瑥整浜摩汤睥牡履慢敳瀮≹‬楬敮ㄠ㔶‬湩挠污彬敮瑸਍††⁼††慲獩⁥灡彰硥ൣ †簠†䘠汩⁥䌢尺獕牥屳整档屡灁䑰瑡屡潌慣屬牐杯慲獭停瑹潨屮祐桴湯ㄳ尲楌屢楳整瀭捡慫敧屳瑳牡敬瑴履業摤敬慷敲扜獡⹥祰Ⱒ氠湩⁥㔱ⰱ椠⁮潣潲਍††⁼††睡楡⁴敳晬愮灰猨潣数‬敲散癩彥牯摟獩潣湮捥ⱴ猠湥彤潮敟牲牯ഩ †簠†䘠汩⁥䌢尺獕牥屳整档屡灁䑰瑡屡潌慣屬牐杯慲獭停瑹潨屮祐桴湯ㄳ尲楌屢楳整瀭捡慫敧屳瑳牡敬瑴履業摤敬慷敲扜獡⹥祰Ⱒ氠湩⁥㠱ⰹ椠⁮彟慣汬彟਍††⁼††楷桴挠汯慬獰彥硥杣潲灵⡳㨩਍††⁼†楆敬∠㩃啜敳獲瑜捥慨䅜灰慄慴䱜捯污停潲牧浡屳祐桴湯停瑹潨㍮㈱䱜扩捜湯整瑸楬⹢祰Ⱒ氠湩⁥㔱ⰸ椠⁮彟硥瑩彟਍††⁼††敳晬朮湥琮牨睯瘨污敵ഩ †簠†䘠汩⁥䌢尺獕牥屳整档屡灁䑰瑡屡潌慣屬牐杯慲獭停瑹潨屮祐桴湯ㄳ尲楌屢楳整瀭捡慫敧屳瑳牡敬瑴履畟楴獬瀮≹‬楬敮㤠ⰳ椠⁮潣汬灡敳敟捸牧畯獰਍††⁼††慲獩⁥硥ൣ †簠†䘠汩⁥䌢尺獕牥屳整档屡灁䑰瑡屡潌慣屬牐杯慲獭停瑹潨屮祐桴湯ㄳ尲楌屢楳整瀭捡慫敧屳瑳牡敬瑴履業摤敬慷敲扜獡⹥祰Ⱒ氠湩⁥㤱ⰱ椠⁮彟慣汬彟਍††⁼††敲灳湯敳㴠愠慷瑩猠汥⹦楤灳瑡档晟湵⡣敲畱獥ⱴ挠污彬敮瑸ഩ †簠††††††††幞幞幞幞幞幞幞幞幞幞幞幞幞幞幞幞幞幞幞幞幞幞਍††⁼†楆敬∠㩃啜敳獲瑜捥慨作敮牄癩履敄歳潴屰慳敬⁳楡瀠慬晴潲屭慢正湥層灡屰業摤敬慷敲獜捥牵瑩⹹祰Ⱒ氠湩⁥㌲ⰲ椠⁮楤灳瑡档਍††⁼††敲灳湯敳㴠愠慷瑩挠污彬敮瑸爨煥敵瑳ഩ †簠††††††††幞幞幞幞幞幞幞幞幞幞幞幞਍††⁼†楆敬∠㩃啜敳獲瑜捥慨䅜灰慄慴䱜捯污停潲牧浡屳祐桴湯停瑹潨㍮㈱䱜扩獜瑩ⵥ慰正条獥獜慴汲瑥整浜摩汤睥牡履慢敳瀮≹‬楬敮ㄠ㔶‬湩挠污彬敮瑸਍††⁼††慲獩⁥灡彰硥ൣ †簠†䘠汩⁥䌢尺獕牥屳整档屡灁䑰瑡屡潌慣屬牐杯慲獭停瑹潨屮祐桴湯ㄳ尲楌屢楳整瀭捡慫敧屳瑳牡敬瑴履業摤敬慷敲扜獡⹥祰Ⱒ氠湩⁥㔱ⰱ椠⁮潣潲਍††⁼††睡楡⁴敳晬愮灰猨潣数‬敲散癩彥牯摟獩潣湮捥ⱴ猠湥彤潮敟牲牯ഩ †簠†䘠汩⁥䌢尺獕牥屳整档屡灁䑰瑡屡潌慣屬牐杯慲獭停瑹潨屮祐桴湯ㄳ尲楌屢楳整瀭捡慫敧屳瑳牡敬瑴履業摤敬慷敲扜獡⹥祰Ⱒ氠湩⁥㠱ⰹ椠⁮彟慣汬彟਍††⁼††楷桴挠汯慬獰彥硥杣潲灵⡳㨩਍††⁼†楆敬∠㩃啜敳獲瑜捥慨䅜灰慄慴䱜捯污停潲牧浡屳祐桴湯停瑹潨㍮㈱䱜扩捜湯整瑸楬⹢祰Ⱒ氠湩⁥㔱ⰸ椠⁮彟硥瑩彟਍††⁼††敳晬朮湥琮牨睯瘨污敵ഩ †簠†䘠汩⁥䌢尺獕牥屳整档屡灁䑰瑡屡潌慣屬牐杯慲獭停瑹潨屮祐桴湯ㄳ尲楌屢楳整瀭捡慫敧屳瑳牡敬瑴履畟楴獬瀮≹‬楬敮㤠ⰳ椠⁮潣汬灡敳敟捸牧畯獰਍††⁼††慲獩⁥硥ൣ †簠†䘠汩⁥䌢尺獕牥屳整档屡灁䑰瑡屡潌慣屬牐杯慲獭停瑹潨屮祐桴湯ㄳ尲楌屢楳整瀭捡慫敧屳瑳牡敬瑴履業摤敬慷敲扜獡⹥祰Ⱒ氠湩⁥㤱ⰱ椠⁮彟慣汬彟਍††⁼††敲灳湯敳㴠愠慷瑩猠汥⹦楤灳瑡档晟湵⡣敲畱獥ⱴ挠污彬敮瑸ഩ †簠††††††††幞幞幞幞幞幞幞幞幞幞幞幞幞幞幞幞幞幞幞幞幞幞਍††⁼†楆敬∠㩃啜敳獲瑜捥慨作敮牄癩履敄歳潴屰慳敬⁳楡瀠慬晴潲屭慢正湥層灡屰業摤敬慷敲獜捥牵瑩⹹祰Ⱒ氠湩⁥ㄲⰲ椠⁮楤灳瑡档਍††⁼††慲獩⁥呈偔硅散瑰潩⡮਍††⁼慦瑳灡⹩硥散瑰潩獮䠮呔䕐捸灥楴湯›㈴㨹吠潯洠湡⁹敲畱獥獴‮慍楸畭⁭〶爠煥敵瑳⁳数⁲業畮整愠汬睯摥മ †⬠ⴭⴭⴭⴭⴭⴭⴭⴭⴭⴭⴭⴭⴭⴭⴭⴭⴭⴭ਍਍畄楲杮栠湡汤湩⁧景琠敨愠潢敶攠捸灥楴湯‬湡瑯敨⁲硥散瑰潩⁮捯畣牲摥ഺഊ吊慲散慢正⠠潭瑳爠捥湥⁴慣汬氠獡⥴ഺ 䘠汩⁥䌢尺獕牥屳整档屡灁䑰瑡屡潌慣屬牐杯慲獭停瑹潨屮祐桴湯ㄳ尲楌屢楳整瀭捡慫敧屳瑳牡敬瑴履業摤敬慷敲敜牲牯⹳祰Ⱒ氠湩⁥㘱ⰴ椠⁮彟慣汬彟਍††睡楡⁴敳晬愮灰猨潣数‬敲散癩ⱥ张敳摮ഩ 䘠汩⁥䌢尺獕牥屳整档屡灁䑰瑡屡潌慣屬牐杯慲獭停瑹潨屮祐桴湯ㄳ尲楌屢楳整瀭捡慫敧屳瑳牡敬瑴履業摤敬慷敲扜獡⹥祰Ⱒ氠湩⁥㠱ⰹ椠⁮彟慣汬彟਍††楷桴挠汯慬獰彥硥杣潲灵⡳㨩਍†楆敬∠㩃啜敳獲瑜捥慨䅜灰慄慴䱜捯污停潲牧浡屳祐桴湯停瑹潨㍮㈱䱜扩捜湯整瑸楬⹢祰Ⱒ氠湩⁥㔱ⰸ椠⁮彟硥瑩彟਍††敳晬朮湥琮牨睯瘨污敵ഩ 䘠汩⁥䌢尺獕牥屳整档屡灁䑰瑡屡潌慣屬牐杯慲獭停瑹潨屮祐桴湯ㄳ尲楌屢楳整瀭捡慫敧屳瑳牡敬瑴履畟楴獬瀮≹‬楬敮㤠ⰳ椠⁮潣汬灡敳敟捸牧畯獰਍††慲獩⁥硥ൣ 䘠汩⁥䌢尺獕牥屳整档屡灁䑰瑡屡潌慣屬牐杯慲獭停瑹潨屮祐桴湯ㄳ尲楌屢楳整瀭捡慫敧屳瑳牡敬瑴履業摤敬慷敲扜獡⹥祰Ⱒ氠湩⁥㤱ⰱ椠⁮彟慣汬彟਍††敲灳湯敳㴠愠慷瑩猠汥⹦楤灳瑡档晟湵⡣敲畱獥ⱴ挠污彬敮瑸ഩ †††††††幞幞幞幞幞幞幞幞幞幞幞幞幞幞幞幞幞幞幞幞幞幞਍†楆敬∠㩃啜敳獲瑜捥慨作敮牄癩履敄歳潴屰慳敬⁳楡瀠慬晴潲屭慢正湥層灡屰業摤敬慷敲牜煥敵瑳损湯整瑸瀮≹‬楬敮㔠ⰶ椠⁮楤灳瑡档਍††慲獩⁥൥ 䘠汩⁥䌢尺獕牥屳整档屡湏䑥楲敶䑜獥瑫灯獜污獥愠⁩汰瑡牦浯扜捡敫摮慜灰浜摩汤睥牡履敲畱獥彴潣瑮硥⹴祰Ⱒ氠湩⁥〵‬湩搠獩慰捴൨ †爠獥潰獮⁥‽睡楡⁴慣汬湟硥⡴敲畱獥⥴਍†††††††帠幞幞幞幞幞幞幞幞幞幞幞൞ 䘠汩⁥䌢尺獕牥屳整档屡灁䑰瑡屡潌慣屬牐杯慲獭停瑹潨屮祐桴湯ㄳ尲楌屢楳整瀭捡慫敧屳瑳牡敬瑴履業摤敬慷敲扜獡⹥祰Ⱒ氠湩⁥㘱ⰵ椠⁮慣汬湟硥൴ †爠楡敳愠灰敟捸਍†楆敬∠㩃啜敳獲瑜捥慨䅜灰慄慴䱜捯污停潲牧浡屳祐桴湯停瑹潨㍮㈱䱜扩獜瑩ⵥ慰正条獥獜慴汲瑥整浜摩汤睥牡履慢敳瀮≹‬楬敮ㄠㄵ‬湩挠牯൯ †愠慷瑩猠汥⹦灡⡰捳灯ⱥ爠捥楥敶潟彲楤捳湯敮瑣‬敳摮湟彯牥潲⥲਍†楆敬∠㩃啜敳獲瑜捥慨䅜灰慄慴䱜捯污停潲牧浡屳祐桴湯停瑹潨㍮㈱䱜扩獜瑩ⵥ慰正条獥獜慴汲瑥整浜摩汤睥牡履慢敳瀮≹‬楬敮ㄠ㤸‬湩张损污彬ൟ †眠瑩⁨潣汬灡敳敟捸牧畯獰⤨ഺ 䘠汩⁥䌢尺獕牥屳整档屡灁䑰瑡屡潌慣屬牐杯慲獭停瑹潨屮祐桴湯ㄳ尲楌屢潣瑮硥汴扩瀮≹‬楬敮ㄠ㠵‬湩张敟楸彴ൟ †猠汥⹦敧⹮桴潲⡷慶畬⥥਍†楆敬∠㩃啜敳獲瑜捥慨䅜灰慄慴䱜捯污停潲牧浡屳祐桴湯停瑹潨㍮㈱䱜扩獜瑩ⵥ慰正条獥獜慴汲瑥整彜瑵汩⹳祰Ⱒ氠湩⁥㌹‬湩挠汯慬獰彥硥杣潲灵൳ †爠楡敳攠捸਍†楆敬∠㩃啜敳獲瑜捥慨䅜灰慄慴䱜捯污停潲牧浡屳祐桴湯停瑹潨㍮㈱䱜扩獜瑩ⵥ慰正条獥獜慴汲瑥整浜摩汤睥牡履慢敳瀮≹‬楬敮ㄠㄹ‬湩张损污彬ൟ †爠獥潰獮⁥‽睡楡⁴敳晬搮獩慰捴彨畦据爨煥敵瑳‬慣汬湟硥⥴਍†††††††帠幞幞幞幞幞幞幞幞幞幞幞幞幞幞幞幞幞幞幞幞幞൞ 䘠汩⁥䌢尺獕牥屳整档屡湏䑥楲敶䑜獥瑫灯獜污獥愠⁩汰瑡牦浯扜捡敫摮慜灰浜摩汤睥牡履敳畣楲祴瀮≹‬楬敮㈠㈳‬湩搠獩慰捴൨ †爠獥潰獮⁥‽睡楡⁴慣汬湟硥⡴敲畱獥⥴਍†††††††帠幞幞幞幞幞幞幞幞幞幞幞൞ 䘠汩⁥䌢尺獕牥屳整档屡灁䑰瑡屡潌慣屬牐杯慲獭停瑹潨屮祐桴湯ㄳ尲楌屢楳整瀭捡慫敧屳瑳牡敬瑴履業摤敬慷敲扜獡⹥祰Ⱒ氠湩⁥㘱ⰵ椠⁮慣汬湟硥൴ †爠楡敳愠灰敟捸਍†楆敬∠㩃啜敳獲瑜捥慨䅜灰慄慴䱜捯污停潲牧浡屳祐桴湯停瑹潨㍮㈱䱜扩獜瑩ⵥ慰正条獥獜慴汲瑥整浜摩汤睥牡履慢敳瀮≹‬楬敮ㄠㄵ‬湩挠牯൯ †愠慷瑩猠汥⹦灡⡰捳灯ⱥ爠捥楥敶潟彲楤捳湯敮瑣‬敳摮湟彯牥潲⥲਍†楆敬∠㩃啜敳獲瑜捥慨䅜灰慄慴䱜捯污停潲牧浡屳祐桴湯停瑹潨㍮㈱䱜扩獜瑩ⵥ慰正条獥獜慴汲瑥整浜摩汤睥牡履慢敳瀮≹‬楬敮ㄠ㤸‬湩张损污彬ൟ †眠瑩⁨潣汬灡敳敟捸牧畯獰⤨ഺ 䘠汩⁥䌢尺獕牥屳整档屡灁䑰瑡屡潌慣屬牐杯慲獭停瑹潨屮祐桴湯ㄳ尲楌屢潣瑮硥汴扩瀮≹‬楬敮ㄠ㠵‬湩张敟楸彴ൟ †猠汥⹦敧⹮桴潲⡷慶畬⥥਍†楆敬∠㩃啜敳獲瑜捥慨䅜灰慄慴䱜捯污停潲牧浡屳祐桴湯停瑹潨㍮㈱䱜扩獜瑩ⵥ慰正条獥獜慴汲瑥整彜瑵汩⹳祰Ⱒ氠湩⁥㌹‬湩挠汯慬獰彥硥杣潲灵൳ †爠楡敳攠捸਍†楆敬∠㩃啜敳獲瑜捥慨䅜灰慄慴䱜捯污停潲牧浡屳祐桴湯停瑹潨㍮㈱䱜扩獜瑩ⵥ慰正条獥獜慴汲瑥整浜摩汤睥牡履慢敳瀮≹‬楬敮ㄠㄹ‬湩张损污彬ൟ †爠獥潰獮⁥‽睡楡⁴敳晬搮獩慰捴彨畦据爨煥敵瑳‬慣汬湟硥⥴਍†††††††帠幞幞幞幞幞幞幞幞幞幞幞幞幞幞幞幞幞幞幞幞幞൞ 䘠汩⁥䌢尺獕牥屳整档屡湏䑥楲敶䑜獥瑫灯獜污獥愠⁩汰瑡牦浯扜捡敫摮慜灰浜摩汤睥牡履敳畣楲祴瀮≹‬楬敮㈠㈱‬湩搠獩慰捴൨ †爠楡敳䠠呔䕐捸灥楴湯ന昊獡慴楰攮捸灥楴湯⹳呈偔硅散瑰潩㩮㐠㤲›潔⁯慭祮爠煥敵瑳⹳䴠硡浩浵㘠‰敲畱獥獴瀠牥洠湩瑵⁥污潬敷⹤਍਍㉛㈰ⴶ㌰㈭‹〲㌺㨰㤰㜮㌸ㄱ崵嬠䑉攺㔲换㕦ⵦ㐵㐳㐭㍡ⵥ攸搱昭昵㡡㘵捣㤸嵡䔠剒›㈴㨹吠潯洠湡⁹敲畱獥獴‮慍楸畭⁭〶爠煥敵瑳⁳数⁲業畮整愠汬睯摥മ ⬠䔠捸灥楴湯䜠潲灵吠慲散慢正⠠潭瑳爠捥湥⁴慣汬氠獡⥴ഺ 簠†䘠汩⁥䌢尺獕牥屳整档屡灁䑰瑡屡潌慣屬牐杯慲獭停瑹潨屮祐桴湯ㄳ尲楌屢楳整瀭捡慫敧屳瑳牡敬瑴履畟楴獬瀮≹‬楬敮㠠ⰷ椠⁮潣汬灡敳敟捸牧畯獰਍†⁼††楹汥൤ 簠†䘠汩⁥䌢尺獕牥屳整档屡灁䑰瑡屡潌慣屬牐杯慲獭停瑹潨屮祐桴湯ㄳ尲楌屢楳整瀭捡慫敧屳瑳牡敬瑴履業摤敬慷敲扜獡⹥祰Ⱒ氠湩⁥㤱ⰰ椠⁮彟慣汬彟਍†⁼††獡湹⁣楷桴愠祮潩挮敲瑡彥慴歳束潲灵⤨愠⁳慴歳束潲灵ഺ 簠†䘠汩⁥䌢尺獕牥屳整档屡灁䑰瑡屡潌慣屬牐杯慲獭停瑹潨屮祐桴湯ㄳ尲楌屢楳整瀭捡慫敧屳湡楹屯扟捡敫摮屳慟祳据潩瀮≹‬楬敮㘠㠷‬湩张慟硥瑩彟਍†⁼††慲獩⁥慂敳硅散瑰潩䝮潲灵ന 簠䔠捸灥楴湯片畯㩰甠桮湡汤摥攠牲牯⁳湩愠吠獡䝫潲灵⠠‱畳ⵢ硥散瑰潩⥮਍†⴫⴫ⴭⴭⴭⴭⴭⴭⴭ‭‱ⴭⴭⴭⴭⴭⴭⴭⴭ਍††⁼牔捡扥捡⁫洨獯⁴敲散瑮挠污⁬慬瑳㨩਍††⁼†楆敬∠㩃啜敳獲瑜捥慨䅜灰慄慴䱜捯污停潲牧浡屳祐桴湯停瑹潨㍮㈱䱜扩獜瑩ⵥ慰正条獥獜慴汲瑥整浜摩汤睥牡履牥潲獲瀮≹‬楬敮ㄠ㐶‬湩张损污彬ൟ †簠††愠慷瑩猠汥⹦灡⡰捳灯ⱥ爠捥楥敶‬獟湥⥤਍††⁼†楆敬∠㩃啜敳獲瑜捥慨䅜灰慄慴䱜捯污停潲牧浡屳祐桴湯停瑹潨㍮㈱䱜扩獜瑩ⵥ慰正条獥獜慴汲瑥整浜摩汤睥牡履慢敳瀮≹‬楬敮ㄠ㤸‬湩张损污彬ൟ †簠††眠瑩⁨潣汬灡敳敟捸牧畯獰⤨ഺ †簠†䘠汩⁥䌢尺獕牥屳整档屡灁䑰瑡屡潌慣屬牐杯慲獭停瑹潨屮祐桴湯ㄳ尲楌屢潣瑮硥汴扩瀮≹‬楬敮ㄠ㠵‬湩张敟楸彴ൟ †簠††猠汥⹦敧⹮桴潲⡷慶畬⥥਍††⁼†楆敬∠㩃啜敳獲瑜捥慨䅜灰慄慴䱜捯污停潲牧浡屳祐桴湯停瑹潨㍮㈱䱜扩獜瑩ⵥ慰正条獥獜慴汲瑥整彜瑵汩⹳祰Ⱒ氠湩⁥㌹‬湩挠汯慬獰彥硥杣潲灵൳ †簠††爠楡敳攠捸਍††⁼†楆敬∠㩃啜敳獲瑜捥慨䅜灰慄慴䱜捯污停潲牧浡屳祐桴湯停瑹潨㍮㈱䱜扩獜瑩ⵥ慰正条獥獜慴汲瑥整浜摩汤睥牡履慢敳瀮≹‬楬敮ㄠㄹ‬湩张损污彬ൟ †簠††爠獥潰獮⁥‽睡楡⁴敳晬搮獩慰捴彨畦据爨煥敵瑳‬慣汬湟硥⥴਍††⁼†††††††帠幞幞幞幞幞幞幞幞幞幞幞幞幞幞幞幞幞幞幞幞幞൞ †簠†䘠汩⁥䌢尺獕牥屳整档屡湏䑥楲敶䑜獥瑫灯獜污獥愠⁩汰瑡牦浯扜捡敫摮慜灰浜摩汤睥牡履敲畱獥彴潣瑮硥⹴祰Ⱒ氠湩⁥㘵‬湩搠獩慰捴൨ †簠††爠楡敳攠਍††⁼†楆敬∠㩃啜敳獲瑜捥慨作敮牄癩履敄歳潴屰慳敬⁳楡瀠慬晴潲屭慢正湥層灡屰業摤敬慷敲牜煥敵瑳损湯整瑸瀮≹‬楬敮㔠ⰰ椠⁮楤灳瑡档਍††⁼††敲灳湯敳㴠愠慷瑩挠污彬敮瑸爨煥敵瑳ഩ †簠††††††††幞幞幞幞幞幞幞幞幞幞幞幞਍††⁼†楆敬∠㩃啜敳獲瑜捥慨䅜灰慄慴䱜捯污停潲牧浡屳祐桴湯停瑹潨㍮㈱䱜扩獜瑩ⵥ慰正条獥獜慴汲瑥整浜摩汤睥牡履慢敳瀮≹‬楬敮ㄠ㔶‬湩挠污彬敮瑸਍††⁼††慲獩⁥灡彰硥ൣ †簠†䘠汩⁥䌢尺獕牥屳整档屡灁䑰瑡屡潌慣屬牐杯慲獭停瑹潨屮祐桴湯ㄳ尲楌屢楳整瀭捡慫敧屳瑳牡敬瑴履業摤敬慷敲扜獡⹥祰Ⱒ氠湩⁥㔱ⰱ椠⁮潣潲਍††⁼††睡楡⁴敳晬愮灰猨潣数‬敲散癩彥牯摟獩潣湮捥ⱴ猠湥彤潮敟牲牯ഩ †簠†䘠汩⁥䌢尺獕牥屳整档屡灁䑰瑡屡潌慣屬牐杯慲獭停瑹潨屮祐桴湯ㄳ尲楌屢楳整瀭捡慫敧屳瑳牡敬瑴履業摤敬慷敲扜獡⹥祰Ⱒ氠湩⁥㠱ⰹ椠⁮彟慣汬彟਍††⁼††楷桴挠汯慬獰彥硥杣潲灵⡳㨩਍††⁼†楆敬∠㩃啜敳獲瑜捥慨䅜灰慄慴䱜捯污停潲牧浡屳祐桴湯停瑹潨㍮㈱䱜扩捜湯整瑸楬⹢祰Ⱒ氠湩⁥㔱ⰸ椠⁮彟硥瑩彟਍††⁼††敳晬朮湥琮牨睯瘨污敵ഩ †簠†䘠汩⁥䌢尺獕牥屳整档屡灁䑰瑡屡潌慣屬牐杯慲獭停瑹潨屮祐桴湯ㄳ尲楌屢楳整瀭捡慫敧屳瑳牡敬瑴履畟楴獬瀮≹‬楬敮㤠ⰳ椠⁮潣汬灡敳敟捸牧畯獰਍††⁼††慲獩⁥硥ൣ †簠†䘠汩⁥䌢尺獕牥屳整档屡灁䑰瑡屡潌慣屬牐杯慲獭停瑹潨屮祐桴湯ㄳ尲楌屢楳整瀭捡慫敧屳瑳牡敬瑴履業摤敬慷敲扜獡⹥祰Ⱒ氠湩⁥㤱ⰱ椠⁮彟慣汬彟਍††⁼††敲灳湯敳㴠愠慷瑩猠汥⹦楤灳瑡档晟湵⡣敲畱獥ⱴ挠污彬敮瑸ഩ †簠††††††††幞幞幞幞幞幞幞幞幞幞幞幞幞幞幞幞幞幞幞幞幞幞਍††⁼†楆敬∠㩃啜敳獲瑜捥慨作敮牄癩履敄歳潴屰慳敬⁳楡瀠慬晴潲屭慢正湥層灡屰業摤敬慷敲獜捥牵瑩⹹祰Ⱒ氠湩⁥㌲ⰲ椠⁮楤灳瑡档਍††⁼††敲灳湯敳㴠愠慷瑩挠污彬敮瑸爨煥敵瑳ഩ †簠††††††††幞幞幞幞幞幞幞幞幞幞幞幞਍††⁼†楆敬∠㩃啜敳獲瑜捥慨䅜灰慄慴䱜捯污停潲牧浡屳祐桴湯停瑹潨㍮㈱䱜扩獜瑩ⵥ慰正条獥獜慴汲瑥整浜摩汤睥牡履慢敳瀮≹‬楬敮ㄠ㔶‬湩挠污彬敮瑸਍††⁼††慲獩⁥灡彰硥ൣ †簠†䘠汩⁥䌢尺獕牥屳整档屡灁䑰瑡屡潌慣屬牐杯慲獭停瑹潨屮祐桴湯ㄳ尲楌屢楳整瀭捡慫敧屳瑳牡敬瑴履業摤敬慷敲扜獡⹥祰Ⱒ氠湩⁥㔱ⰱ椠⁮潣潲਍††⁼††睡楡⁴敳晬愮灰猨潣数‬敲散癩彥牯摟獩潣湮捥ⱴ猠湥彤潮敟牲牯ഩ †簠†䘠汩⁥䌢尺獕牥屳整档屡灁䑰瑡屡潌慣屬牐杯慲獭停瑹潨屮祐桴湯ㄳ尲楌屢楳整瀭捡慫敧屳瑳牡敬瑴履業摤敬慷敲扜獡⹥祰Ⱒ氠湩⁥㠱ⰹ椠⁮彟慣汬彟਍††⁼††楷桴挠汯慬獰彥硥杣潲灵⡳㨩਍††⁼†楆敬∠㩃啜敳獲瑜捥慨䅜灰慄慴䱜捯污停潲牧浡屳祐桴湯停瑹潨㍮㈱䱜扩捜湯整瑸楬⹢祰Ⱒ氠湩⁥㔱ⰸ椠⁮彟硥瑩彟਍††⁼††敳晬朮湥琮牨睯瘨污敵ഩ †簠†䘠汩⁥䌢尺獕牥屳整档屡灁䑰瑡屡潌慣屬牐杯慲獭停瑹潨屮祐桴湯ㄳ尲楌屢楳整瀭捡慫敧屳瑳牡敬瑴履畟楴獬瀮≹‬楬敮㤠ⰳ椠⁮潣汬灡敳敟捸牧畯獰਍††⁼††慲獩⁥硥ൣ †簠†䘠汩⁥䌢尺獕牥屳整档屡灁䑰瑡屡潌慣屬牐杯慲獭停瑹潨屮祐桴湯ㄳ尲楌屢楳整瀭捡慫敧屳瑳牡敬瑴履業摤敬慷敲扜獡⹥祰Ⱒ氠湩⁥㤱ⰱ椠⁮彟慣汬彟਍††⁼††敲灳湯敳㴠愠慷瑩猠汥⹦楤灳瑡档晟湵⡣敲畱獥ⱴ挠污彬敮瑸ഩ †簠††††††††幞幞幞幞幞幞幞幞幞幞幞幞幞幞幞幞幞幞幞幞幞幞਍††⁼†楆敬∠㩃啜敳獲瑜捥慨作敮牄癩履敄歳潴屰慳敬⁳楡瀠慬晴潲屭慢正湥層灡屰業摤敬慷敲獜捥牵瑩⹹祰Ⱒ氠湩⁥ㄲⰲ椠⁮楤灳瑡档਍††⁼††慲獩⁥呈偔硅散瑰潩⡮਍††⁼慦瑳灡⹩硥散瑰潩獮䠮呔䕐捸灥楴湯›㈴㨹吠潯洠湡⁹敲畱獥獴‮慍楸畭⁭〶爠煥敵瑳⁳数⁲業畮整愠汬睯摥മ †⬠ⴭⴭⴭⴭⴭⴭⴭⴭⴭⴭⴭⴭⴭⴭⴭⴭⴭⴭ਍਍畄楲杮栠湡汤湩⁧景琠敨愠潢敶攠捸灥楴湯‬湡瑯敨⁲硥散瑰潩⁮捯畣牲摥ഺഊ吊慲散慢正⠠潭瑳爠捥湥⁴慣汬氠獡⥴ഺ 䘠汩⁥䌢尺獕牥屳整档屡灁䑰瑡屡潌慣屬牐杯慲獭停瑹潨屮祐桴湯ㄳ尲楌屢楳整瀭捡慫敧屳瑳牡敬瑴履業摤敬慷敲敜牲牯⹳祰Ⱒ氠湩⁥㘱ⰴ椠⁮彟慣汬彟਍††睡楡⁴敳晬愮灰猨潣数‬敲散癩ⱥ张敳摮ഩ 䘠汩⁥䌢尺獕牥屳整档屡灁䑰瑡屡潌慣屬牐杯慲獭停瑹潨屮祐桴湯ㄳ尲楌屢楳整瀭捡慫敧屳瑳牡敬瑴履業摤敬慷敲扜獡⹥祰Ⱒ氠湩⁥㠱ⰹ椠⁮彟慣汬彟਍††楷桴挠汯慬獰彥硥杣潲灵⡳㨩਍†楆敬∠㩃啜敳獲瑜捥慨䅜灰慄慴䱜捯污停潲牧浡屳祐桴湯停瑹潨㍮㈱䱜扩捜湯整瑸楬⹢祰Ⱒ氠湩⁥㔱ⰸ椠⁮彟硥瑩彟਍††敳晬朮湥琮牨睯瘨污敵ഩ 䘠汩⁥䌢尺獕牥屳整档屡灁䑰瑡屡潌慣屬牐杯慲獭停瑹潨屮祐桴湯ㄳ尲楌屢楳整瀭捡慫敧屳瑳牡敬瑴履畟楴獬瀮≹‬楬敮㤠ⰳ椠⁮潣汬灡敳敟捸牧畯獰਍††慲獩⁥硥ൣ 䘠汩⁥䌢尺獕牥屳整档屡灁䑰瑡屡潌慣屬牐杯慲獭停瑹潨屮祐桴湯ㄳ尲楌屢楳整瀭捡慫敧屳瑳牡敬瑴履業摤敬慷敲扜獡⹥祰Ⱒ氠湩⁥㤱ⰱ椠⁮彟慣汬彟਍††敲灳湯敳㴠愠慷瑩猠汥⹦楤灳瑡档晟湵⡣敲畱獥ⱴ挠污彬敮瑸ഩ †††††††幞幞幞幞幞幞幞幞幞幞幞幞幞幞幞幞幞幞幞幞幞幞਍†楆敬∠㩃啜敳獲瑜捥慨作敮牄癩履敄歳潴屰慳敬⁳楡瀠慬晴潲屭慢正湥層灡屰業摤敬慷敲牜煥敵瑳损湯整瑸瀮≹‬楬敮㔠ⰶ椠⁮楤灳瑡档਍††慲獩⁥൥ 䘠汩⁥䌢尺獕牥屳整档屡湏䑥楲敶䑜獥瑫灯獜污獥愠⁩汰瑡牦浯扜捡敫摮慜灰浜摩汤睥牡履敲畱獥彴潣瑮硥⹴祰Ⱒ氠湩⁥〵‬湩搠獩慰捴൨ †爠獥潰獮⁥‽睡楡⁴慣汬湟硥⡴敲畱獥⥴਍†††††††帠幞幞幞幞幞幞幞幞幞幞幞൞ 䘠汩⁥䌢尺獕牥屳整档屡灁䑰瑡屡潌慣屬牐杯慲獭停瑹潨屮祐桴湯ㄳ尲楌屢楳整瀭捡慫敧屳瑳牡敬瑴履業摤敬慷敲扜獡⹥祰Ⱒ氠湩⁥㘱ⰵ椠⁮慣汬湟硥൴ †爠楡敳愠灰敟捸਍†楆敬∠㩃啜敳獲瑜捥慨䅜灰慄慴䱜捯污停潲牧浡屳祐桴湯停瑹潨㍮㈱䱜扩獜瑩ⵥ慰正条獥獜慴汲瑥整浜摩汤睥牡履慢敳瀮≹‬楬敮ㄠㄵ‬湩挠牯൯ †愠慷瑩猠汥⹦灡⡰捳灯ⱥ爠捥楥敶潟彲楤捳湯敮瑣‬敳摮湟彯牥潲⥲਍†楆敬∠㩃啜敳獲瑜捥慨䅜灰慄慴䱜捯污停潲牧浡屳祐桴湯停瑹潨㍮㈱䱜扩獜瑩ⵥ慰正条獥獜慴汲瑥整浜摩汤睥牡履慢敳瀮≹‬楬敮ㄠ㤸‬湩张损污彬ൟ †眠瑩⁨潣汬灡敳敟捸牧畯獰⤨ഺ 䘠汩⁥䌢尺獕牥屳整档屡灁䑰瑡屡潌慣屬牐杯慲獭停瑹潨屮祐桴湯ㄳ尲楌屢潣瑮硥汴扩瀮≹‬楬敮ㄠ㠵‬湩张敟楸彴ൟ †猠汥⹦敧⹮桴潲⡷慶畬⥥਍†楆敬∠㩃啜敳獲瑜捥慨䅜灰慄慴䱜捯污停潲牧浡屳祐桴湯停瑹潨㍮㈱䱜扩獜瑩ⵥ慰正条獥獜慴汲瑥整彜瑵汩⹳祰Ⱒ氠湩⁥㌹‬湩挠汯慬獰彥硥杣潲灵൳ †爠楡敳攠捸਍†楆敬∠㩃啜敳獲瑜捥慨䅜灰慄慴䱜捯污停潲牧浡屳祐桴湯停瑹潨㍮㈱䱜扩獜瑩ⵥ慰正条獥獜慴汲瑥整浜摩汤睥牡履慢敳瀮≹‬楬敮ㄠㄹ‬湩张损污彬ൟ †爠獥潰獮⁥‽睡楡⁴敳晬搮獩慰捴彨畦据爨煥敵瑳‬慣汬湟硥⥴਍†††††††帠幞幞幞幞幞幞幞幞幞幞幞幞幞幞幞幞幞幞幞幞幞൞ 䘠汩⁥䌢尺獕牥屳整档屡湏䑥楲敶䑜獥瑫灯獜污獥愠⁩汰瑡牦浯扜捡敫摮慜灰浜摩汤睥牡履敳畣楲祴瀮≹‬楬敮㈠㈳‬湩搠獩慰捴൨ †爠獥潰獮⁥‽睡楡⁴慣汬湟硥⡴敲畱獥⥴਍†††††††帠幞幞幞幞幞幞幞幞幞幞幞൞ 䘠汩⁥䌢尺獕牥屳整档屡灁䑰瑡屡潌慣屬牐杯慲獭停瑹潨屮祐桴湯ㄳ尲楌屢楳整瀭捡慫敧屳瑳牡敬瑴履業摤敬慷敲扜獡⹥祰Ⱒ氠湩⁥㘱ⰵ椠⁮慣汬湟硥൴ †爠楡敳愠灰敟捸਍†楆敬∠㩃啜敳獲瑜捥慨䅜灰慄慴䱜捯污停潲牧浡屳祐桴湯停瑹潨㍮㈱䱜扩獜瑩ⵥ慰正条獥獜慴汲瑥整浜摩汤睥牡履慢敳瀮≹‬楬敮ㄠㄵ‬湩挠牯൯ †愠慷瑩猠汥⹦灡⡰捳灯ⱥ爠捥楥敶潟彲楤捳湯敮瑣‬敳摮湟彯牥潲⥲਍†楆敬∠㩃啜敳獲瑜捥慨䅜灰慄慴䱜捯污停潲牧浡屳祐桴湯停瑹潨㍮㈱䱜扩獜瑩ⵥ慰正条獥獜慴汲瑥整浜摩汤睥牡履慢敳瀮≹‬楬敮ㄠ㤸‬湩张损污彬ൟ †眠瑩⁨潣汬灡敳敟捸牧畯獰⤨ഺ 䘠汩⁥䌢尺獕牥屳整档屡灁䑰瑡屡潌慣屬牐杯慲獭停瑹潨屮祐桴湯ㄳ尲楌屢潣瑮硥汴扩瀮≹‬楬敮ㄠ㠵‬湩张敟楸彴ൟ †猠汥⹦敧⹮桴潲⡷慶畬⥥਍†楆敬∠㩃啜敳獲瑜捥慨䅜灰慄慴䱜捯污停潲牧浡屳祐桴湯停瑹潨㍮㈱䱜扩獜瑩ⵥ慰正条獥獜慴汲瑥整彜瑵汩⹳祰Ⱒ氠湩⁥㌹‬湩挠汯慬獰彥硥杣潲灵൳ †爠楡敳攠捸਍†楆敬∠㩃啜敳獲瑜捥慨䅜灰慄慴䱜捯污停潲牧浡屳祐桴湯停瑹潨㍮㈱䱜扩獜瑩ⵥ慰正条獥獜慴汲瑥整浜摩汤睥牡履慢敳瀮≹‬楬敮ㄠㄹ‬湩张损污彬ൟ †爠獥潰獮⁥‽睡楡⁴敳晬搮獩慰捴彨畦据爨煥敵瑳‬慣汬湟硥⥴਍†††††††帠幞幞幞幞幞幞幞幞幞幞幞幞幞幞幞幞幞幞幞幞幞൞ 䘠汩⁥䌢尺獕牥屳整档屡湏䑥楲敶䑜獥瑫灯獜污獥愠⁩汰瑡牦浯扜捡敫摮慜灰浜摩汤睥牡履敳畣楲祴瀮≹‬楬敮㈠㈱‬湩搠獩慰捴൨ †爠楡敳䠠呔䕐捸灥楴湯ന昊獡慴楰攮捸灥楴湯⹳呈偔硅散瑰潩㩮㐠㤲›潔⁯慭祮爠煥敵瑳⹳䴠硡浩浵㘠‰敲畱獥獴瀠牥洠湩瑵⁥污潬敷⹤਍਍㉛㈰ⴶ㌰㈭‹〲㌺㨰㠴㤮㠶㈲崰嬠䑉㠺昷〴㥦ⴸ〷㐴㐭㈹ⴶ㍡㔶㘭㈷昲搳㤹㘶崴䔠剒›潗歲灳捡䕥杮湩⹥敧彴湩敶瑮牯役敨污桴⤨朠瑯愠⁮湵硥数瑣摥欠祥潷摲愠杲浵湥⁴挧浯慰祮楟❤਍†‫硅散瑰潩⁮片畯⁰牔捡扥捡⁫洨獯⁴敲散瑮挠污⁬慬瑳㨩਍†⁼†楆敬∠㩃啜敳獲瑜捥慨䅜灰慄慴䱜捯污停潲牧浡屳祐桴湯停瑹潨㍮㈱䱜扩獜瑩ⵥ慰正条獥獜慴汲瑥整彜瑵汩⹳祰Ⱒ氠湩⁥㜸‬湩挠汯慬獰彥硥杣潲灵൳ 簠††礠敩摬਍†⁼†楆敬∠㩃啜敳獲瑜捥慨䅜灰慄慴䱜捯污停潲牧浡屳祐桴湯停瑹潨㍮㈱䱜扩獜瑩ⵥ慰正条獥獜慴汲瑥整浜摩汤睥牡履慢敳瀮≹‬楬敮ㄠ〹‬湩张损污彬ൟ 簠††愠祳据眠瑩⁨湡楹⹯牣慥整瑟獡彫牧畯⡰ 獡琠獡彫牧畯㩰਍†⁼†楆敬∠㩃啜敳獲瑜捥慨䅜灰慄慴䱜捯污停潲牧浡屳祐桴湯停瑹潨㍮㈱䱜扩獜瑩ⵥ慰正条獥慜祮潩彜慢正湥獤彜獡湹楣⹯祰Ⱒ氠湩⁥㜶ⰸ椠⁮彟敡楸彴ൟ 簠††爠楡敳䈠獡䕥捸灥楴湯片畯⡰਍†⁼硅散瑰潩䝮潲灵›湵慨摮敬⁤牥潲獲椠⁮⁡慔歳片畯⁰ㄨ猠扵攭捸灥楴湯ഩ ⬠⬭ⴭⴭⴭⴭⴭⴭⴭⴭㄠⴠⴭⴭⴭⴭⴭⴭⴭഭ †簠吠慲散慢正⠠潭瑳爠捥湥⁴慣汬氠獡⥴ഺ †簠†䘠汩⁥䌢尺獕牥屳整档屡灁䑰瑡屡潌慣屬牐杯慲獭停瑹潨屮祐桴湯ㄳ尲楌屢楳整瀭捡慫敧屳瑳牡敬瑴履業摤敬慷敲敜牲牯⹳祰Ⱒ氠湩⁥㘱ⰴ椠⁮彟慣汬彟਍††⁼††睡楡⁴敳晬愮灰猨潣数‬敲散癩ⱥ张敳摮ഩ †簠†䘠汩⁥䌢尺獕牥屳整档屡灁䑰瑡屡潌慣屬牐杯慲獭停瑹潨屮祐桴湯ㄳ尲楌屢楳整瀭捡慫敧屳瑳牡敬瑴履業摤敬慷敲扜獡⹥祰Ⱒ氠湩⁥㠱ⰹ椠⁮彟慣汬彟਍††⁼††楷桴挠汯慬獰彥硥杣潲灵⡳㨩਍††⁼†楆敬∠㩃啜敳獲瑜捥慨䅜灰慄慴䱜捯污停潲牧浡屳祐桴湯停瑹潨㍮㈱䱜扩捜湯整瑸楬⹢祰Ⱒ氠湩⁥㔱ⰸ椠⁮彟硥瑩彟਍††⁼††敳晬朮湥琮牨睯瘨污敵ഩ †簠†䘠汩⁥䌢尺獕牥屳整档屡灁䑰瑡屡潌慣屬牐杯慲獭停瑹潨屮祐桴湯ㄳ尲楌屢楳整瀭捡慫敧屳瑳牡敬瑴履畟楴獬瀮≹‬楬敮㤠ⰳ椠⁮潣汬灡敳敟捸牧畯獰਍††⁼††慲獩⁥硥ൣ †簠†䘠汩⁥䌢尺獕牥屳整档屡灁䑰瑡屡潌慣屬牐杯慲獭停瑹潨屮祐桴湯ㄳ尲楌屢楳整瀭捡慫敧屳瑳牡敬瑴履業摤敬慷敲扜獡⹥祰Ⱒ氠湩⁥㤱ⰱ椠⁮彟慣汬彟਍††⁼††敲灳湯敳㴠愠慷瑩猠汥⹦楤灳瑡档晟湵⡣敲畱獥ⱴ挠污彬敮瑸ഩ †簠††††††††幞幞幞幞幞幞幞幞幞幞幞幞幞幞幞幞幞幞幞幞幞幞਍††⁼†楆敬∠㩃啜敳獲瑜捥慨作敮牄癩履敄歳潴屰慳敬⁳楡瀠慬晴潲屭慢正湥層灡屰業摤敬慷敲牜煥敵瑳损湯整瑸瀮≹‬楬敮㔠ⰶ椠⁮楤灳瑡档਍††⁼††慲獩⁥൥ †簠†䘠汩⁥䌢尺獕牥屳整档屡湏䑥楲敶䑜獥瑫灯獜污獥愠⁩汰瑡牦浯扜捡敫摮慜灰浜摩汤睥牡履敲畱獥彴潣瑮硥⹴祰Ⱒ氠湩⁥〵‬湩搠獩慰捴൨ †簠††爠獥潰獮⁥‽睡楡⁴慣汬湟硥⡴敲畱獥⥴਍††⁼†††††††帠幞幞幞幞幞幞幞幞幞幞幞൞ †簠†䘠汩⁥䌢尺獕牥屳整档屡灁䑰瑡屡潌慣屬牐杯慲獭停瑹潨屮祐桴湯ㄳ尲楌屢楳整瀭捡慫敧屳瑳牡敬瑴履業摤敬慷敲扜獡⹥祰Ⱒ氠湩⁥㘱ⰵ椠⁮慣汬湟硥൴ †簠††爠楡敳愠灰敟捸਍††⁼†楆敬∠㩃啜敳獲瑜捥慨䅜灰慄慴䱜捯污停潲牧浡屳祐桴湯停瑹潨㍮㈱䱜扩獜瑩ⵥ慰正条獥獜慴汲瑥整浜摩汤睥牡履慢敳瀮≹‬楬敮ㄠㄵ‬湩挠牯൯ †簠††愠慷瑩猠汥⹦灡⡰捳灯ⱥ爠捥楥敶潟彲楤捳湯敮瑣‬敳摮湟彯牥潲⥲਍††⁼†楆敬∠㩃啜敳獲瑜捥慨䅜灰慄慴䱜捯污停潲牧浡屳祐桴湯停瑹潨㍮㈱䱜扩獜瑩ⵥ慰正条獥獜慴汲瑥整浜摩汤睥牡履慢敳瀮≹‬楬敮ㄠ㤸‬湩张损污彬ൟ †簠††眠瑩⁨潣汬灡敳敟捸牧畯獰⤨ഺ †簠†䘠汩⁥䌢尺獕牥屳整档屡灁䑰瑡屡潌慣屬牐杯慲獭停瑹潨屮祐桴湯ㄳ尲楌屢潣瑮硥汴扩瀮≹‬楬敮ㄠ㠵‬湩张敟楸彴ൟ †簠††猠汥⹦敧⹮桴潲⡷慶畬⥥਍††⁼†楆敬∠㩃啜敳獲瑜捥慨䅜灰慄慴䱜捯污停潲牧浡屳祐桴湯停瑹潨㍮㈱䱜扩獜瑩ⵥ慰正条獥獜慴汲瑥整彜瑵汩⹳祰Ⱒ氠湩⁥㌹‬湩挠汯慬獰彥硥杣潲灵൳ †簠††爠楡敳攠捸਍††⁼†楆敬∠㩃啜敳獲瑜捥慨䅜灰慄慴䱜捯污停潲牧浡屳祐桴湯停瑹潨㍮㈱䱜扩獜瑩ⵥ慰正条獥獜慴汲瑥整浜摩汤睥牡履慢敳瀮≹‬楬敮ㄠㄹ‬湩张损污彬ൟ †簠††爠獥潰獮⁥‽睡楡⁴敳晬搮獩慰捴彨畦据爨煥敵瑳‬慣汬湟硥⥴਍††⁼†††††††帠幞幞幞幞幞幞幞幞幞幞幞幞幞幞幞幞幞幞幞幞幞൞ †簠†䘠汩⁥䌢尺獕牥屳整档屡湏䑥楲敶䑜獥瑫灯獜污獥愠⁩汰瑡牦浯扜捡敫摮慜灰浜摩汤睥牡履敳畣楲祴瀮≹‬楬敮㈠㈳‬湩搠獩慰捴൨ †簠††爠獥潰獮⁥‽睡楡⁴慣汬湟硥⡴敲畱獥⥴਍††⁼†††††††帠幞幞幞幞幞幞幞幞幞幞幞൞ †簠†䘠汩⁥䌢尺獕牥屳整档屡灁䑰瑡屡潌慣屬牐杯慲獭停瑹潨屮祐桴湯ㄳ尲楌屢楳整瀭捡慫敧屳瑳牡敬瑴履業摤敬慷敲扜獡⹥祰Ⱒ氠湩⁥㘱ⰵ椠⁮慣汬湟硥൴ †簠††爠楡敳愠灰敟捸਍††⁼†楆敬∠㩃啜敳獲瑜捥慨䅜灰慄慴䱜捯污停潲牧浡屳祐桴湯停瑹潨㍮㈱䱜扩獜瑩ⵥ慰正条獥獜慴汲瑥整浜摩汤睥牡履慢敳瀮≹‬楬敮ㄠㄵ‬湩挠牯൯ †簠††愠慷瑩猠汥⹦灡⡰捳灯ⱥ爠捥楥敶潟彲楤捳湯敮瑣‬敳摮湟彯牥潲⥲਍††⁼†楆敬∠㩃啜敳獲瑜捥慨䅜灰慄慴䱜捯污停潲牧浡屳祐桴湯停瑹潨㍮㈱䱜扩獜瑩ⵥ慰正条獥獜慴汲瑥整浜摩汤睥牡履慢敳瀮≹‬楬敮ㄠ㤸‬湩张损污彬ൟ †簠††眠瑩⁨潣汬灡敳敟捸牧畯獰⤨ഺ †簠†䘠汩⁥䌢尺獕牥屳整档屡灁䑰瑡屡潌慣屬牐杯慲獭停瑹潨屮祐桴湯ㄳ尲楌屢潣瑮硥汴扩瀮≹‬楬敮ㄠ㠵‬湩张敟楸彴ൟ †簠††猠汥⹦敧⹮桴潲⡷慶畬⥥਍††⁼†楆敬∠㩃啜敳獲瑜捥慨䅜灰慄慴䱜捯污停潲牧浡屳祐桴湯停瑹潨㍮㈱䱜扩獜瑩ⵥ慰正条獥獜慴汲瑥整彜瑵汩⹳祰Ⱒ氠湩⁥㌹‬湩挠汯慬獰彥硥杣潲灵൳ †簠††爠楡敳攠捸਍††⁼†楆敬∠㩃啜敳獲瑜捥慨䅜灰慄慴䱜捯污停潲牧浡屳祐桴湯停瑹潨㍮㈱䱜扩獜瑩ⵥ慰正条獥獜慴汲瑥整浜摩汤睥牡履慢敳瀮≹‬楬敮ㄠㄹ‬湩张损污彬ൟ †簠††爠獥潰獮⁥‽睡楡⁴敳晬搮獩慰捴彨畦据爨煥敵瑳‬慣汬湟硥⥴਍††⁼†††††††帠幞幞幞幞幞幞幞幞幞幞幞幞幞幞幞幞幞幞幞幞幞൞ †簠†䘠汩⁥䌢尺獕牥屳整档屡湏䑥楲敶䑜獥瑫灯獜污獥愠⁩汰瑡牦浯扜捡敫摮慜灰浜摩汤睥牡履敳畣楲祴瀮≹‬楬敮㈠㜱‬湩搠獩慰捴൨ †簠††爠獥潰獮⁥‽睡楡⁴慣汬湟硥⡴敲畱獥⥴਍††⁼†††††††帠幞幞幞幞幞幞幞幞幞幞幞൞ †簠†䘠汩⁥䌢尺獕牥屳整档屡灁䑰瑡屡潌慣屬牐杯慲獭停瑹潨屮祐桴湯ㄳ尲楌屢楳整瀭捡慫敧屳瑳牡敬瑴履業摤敬慷敲扜獡⹥祰Ⱒ氠湩⁥㘱ⰵ椠⁮慣汬湟硥൴ †簠††爠楡敳愠灰敟捸਍††⁼†楆敬∠㩃啜敳獲瑜捥慨䅜灰慄慴䱜捯污停潲牧浡屳祐桴湯停瑹潨㍮㈱䱜扩獜瑩ⵥ慰正条獥獜慴汲瑥整浜摩汤睥牡履慢敳瀮≹‬楬敮ㄠㄵ‬湩挠牯൯ †簠††愠慷瑩猠汥⹦灡⡰捳灯ⱥ爠捥楥敶潟彲楤捳湯敮瑣‬敳摮湟彯牥潲⥲਍††⁼†楆敬∠㩃啜敳獲瑜捥慨䅜灰慄慴䱜捯污停潲牧浡屳祐桴湯停瑹潨㍮㈱䱜扩獜瑩ⵥ慰正条獥獜慴汲瑥整浜摩汤睥牡履慢敳瀮≹‬楬敮ㄠ㤸‬湩张损污彬ൟ †簠††眠瑩⁨潣汬灡敳敟捸牧畯獰⤨ഺ †簠†䘠汩⁥䌢尺獕牥屳整档屡灁䑰瑡屡潌慣屬牐杯慲獭停瑹潨屮祐桴湯ㄳ尲楌屢潣瑮硥汴扩瀮≹‬楬敮ㄠ㠵‬湩张敟楸彴ൟ †簠††猠汥⹦敧⹮桴潲⡷慶畬⥥਍††⁼†楆敬∠㩃啜敳獲瑜捥慨䅜灰慄慴䱜捯污停潲牧浡屳祐桴湯停瑹潨㍮㈱䱜扩獜瑩ⵥ慰正条獥獜慴汲瑥整彜瑵汩⹳祰Ⱒ氠湩⁥㌹‬湩挠汯慬獰彥硥杣潲灵൳ †簠††爠楡敳攠捸਍††⁼†楆敬∠㩃啜敳獲瑜捥慨䅜灰慄慴䱜捯污停潲牧浡屳祐桴湯停瑹潨㍮㈱䱜扩獜瑩ⵥ慰正条獥獜慴汲瑥整浜摩汤睥牡履慢敳瀮≹‬楬敮ㄠㄹ‬湩张损污彬ൟ †簠††爠獥潰獮⁥‽睡楡⁴敳晬搮獩慰捴彨畦据爨煥敵瑳‬慣汬湟硥⥴਍††⁼†††††††帠幞幞幞幞幞幞幞幞幞幞幞幞幞幞幞幞幞幞幞幞幞൞ †簠†䘠汩⁥䌢尺獕牥屳整档屡湏䑥楲敶䑜獥瑫灯獜污獥愠⁩汰瑡牦浯扜捡敫摮慜灰浜摩汤睥牡履整慮瑮敟普牯散敭瑮瀮≹‬楬敮㔠ⰸ椠⁮楤灳瑡档਍††⁼††敲畴湲愠慷瑩挠污彬敮瑸爨煥敵瑳ഩ †簠††††††幞幞幞幞幞幞幞幞幞幞幞幞਍††⁼†楆敬∠㩃啜敳獲瑜捥慨䅜灰慄慴䱜捯污停潲牧浡屳祐桴湯停瑹潨㍮㈱䱜扩獜瑩ⵥ慰正条獥獜慴汲瑥整浜摩汤睥牡履慢敳瀮≹‬楬敮ㄠ㔶‬湩挠污彬敮瑸਍††⁼††慲獩⁥灡彰硥ൣ †簠†䘠汩⁥䌢尺獕牥屳整档屡灁䑰瑡屡潌慣屬牐杯慲獭停瑹潨屮祐桴湯ㄳ尲楌屢楳整瀭捡慫敧屳瑳牡敬瑴履業摤敬慷敲扜獡⹥祰Ⱒ氠湩⁥㔱ⰱ椠⁮潣潲਍††⁼††睡楡⁴敳晬愮灰猨潣数‬敲散癩彥牯摟獩潣湮捥ⱴ猠湥彤潮敟牲牯ഩ †簠†䘠汩⁥䌢尺獕牥屳整档屡灁䑰瑡屡潌慣屬牐杯慲獭停瑹潨屮祐桴湯ㄳ尲楌屢楳整瀭捡慫敧屳瑳牡敬瑴履業摤敬慷敲捜牯⹳祰Ⱒ氠湩⁥㔸‬湩张损污彬ൟ †簠††愠慷瑩猠汥⹦灡⡰捳灯ⱥ爠捥楥敶‬敳摮ഩ †簠†䘠汩⁥䌢尺獕牥屳整档屡灁䑰瑡屡潌慣屬牐杯慲獭停瑹潨屮祐桴湯ㄳ尲楌屢楳整瀭捡慫敧屳瑳牡敬瑴履業摤敬慷敲敜捸灥楴湯⹳祰Ⱒ氠湩⁥㔶‬湩张损污彬ൟ †簠††愠慷瑩眠慲彰灡彰慨摮楬杮敟捸灥楴湯⡳敳晬愮灰‬潣湮⠩捳灯ⱥ爠捥楥敶‬敳摮ഩ †簠†䘠汩⁥䌢尺獕牥屳整档屡灁䑰瑡屡潌慣屬牐杯慲獭停瑹潨屮祐桴湯ㄳ尲楌屢楳整瀭捡慫敧屳瑳牡敬瑴履敟捸灥楴湯桟湡汤牥瀮≹‬楬敮㘠ⰴ椠⁮牷灡数彤灡൰ †簠††爠楡敳攠捸਍††⁼†楆敬∠㩃啜敳獲瑜捥慨䅜灰慄慴䱜捯污停潲牧浡屳祐桴湯停瑹潨㍮㈱䱜扩獜瑩ⵥ慰正条獥獜慴汲瑥整彜硥散瑰潩彮慨摮敬⹲祰Ⱒ氠湩⁥㌵‬湩眠慲灰摥慟灰਍††⁼††睡楡⁴灡⡰捳灯ⱥ爠捥楥敶‬敳摮牥ഩ †簠†䘠汩⁥䌢尺獕牥屳整档屡灁䑰瑡屡潌慣屬牐杯慲獭停瑹潨屮祐桴湯ㄳ尲楌屢楳整瀭捡慫敧屳瑳牡敬瑴履潲瑵湩⹧祰Ⱒ氠湩⁥㔷ⰶ椠⁮彟慣汬彟਍††⁼††睡楡⁴敳晬洮摩汤睥牡彥瑳捡⡫捳灯ⱥ爠捥楥敶‬敳摮ഩ †簠†䘠汩⁥䌢尺獕牥屳整档屡灁䑰瑡屡潌慣屬牐杯慲獭停瑹潨屮祐桴湯ㄳ尲楌屢楳整瀭捡慫敧屳瑳牡敬瑴履潲瑵湩⹧祰Ⱒ氠湩⁥㜷ⰶ椠⁮灡൰ †簠††愠慷瑩爠畯整栮湡汤⡥捳灯ⱥ爠捥楥敶‬敳摮ഩ †簠†䘠汩⁥䌢尺獕牥屳整档屡灁䑰瑡屡潌慣屬牐杯慲獭停瑹潨屮祐桴湯ㄳ尲楌屢楳整瀭捡慫敧屳瑳牡敬瑴履潲瑵湩⹧祰Ⱒ氠湩⁥㤲ⰷ椠⁮慨摮敬਍††⁼††睡楡⁴敳晬愮灰猨潣数‬敲散癩ⱥ猠湥⥤਍††⁼†楆敬∠㩃啜敳獲瑜捥慨䅜灰慄慴䱜捯污停潲牧浡屳祐桴湯停瑹潨㍮㈱䱜扩獜瑩ⵥ慰正条獥獜慴汲瑥整牜畯楴杮瀮≹‬楬敮㜠ⰷ椠⁮灡൰ †簠††愠慷瑩眠慲彰灡彰慨摮楬杮敟捸灥楴湯⡳灡Ɒ爠煥敵瑳⠩捳灯ⱥ爠捥楥敶‬敳摮ഩ †簠†䘠汩⁥䌢尺獕牥屳整档屡灁䑰瑡屡潌慣屬牐杯慲獭停瑹潨屮祐桴湯ㄳ尲楌屢楳整瀭捡慫敧屳瑳牡敬瑴履敟捸灥楴湯桟湡汤牥瀮≹‬楬敮㘠ⰴ椠⁮牷灡数彤灡൰ †簠††爠楡敳攠捸਍††⁼†楆敬∠㩃啜敳獲瑜捥慨䅜灰慄慴䱜捯污停潲牧浡屳祐桴湯停瑹潨㍮㈱䱜扩獜瑩ⵥ慰正条獥獜慴汲瑥整彜硥散瑰潩彮慨摮敬⹲祰Ⱒ氠湩⁥㌵‬湩眠慲灰摥慟灰਍††⁼††睡楡⁴灡⡰捳灯ⱥ爠捥楥敶‬敳摮牥ഩ †簠†䘠汩⁥䌢尺獕牥屳整档屡灁䑰瑡屡潌慣屬牐杯慲獭停瑹潨屮祐桴湯ㄳ尲楌屢楳整瀭捡慫敧屳瑳牡敬瑴履潲瑵湩⹧祰Ⱒ氠湩⁥㈷‬湩愠灰਍††⁼††敲灳湯敳㴠愠慷瑩映湵⡣敲畱獥⥴਍††⁼†††††††帠幞幞幞幞幞幞幞幞幞਍††⁼†楆敬∠㩃啜敳獲瑜捥慨䅜灰慄慴䱜捯污停潲牧浡屳祐桴湯停瑹潨㍮㈱䱜扩獜瑩ⵥ慰正条獥晜獡慴楰牜畯楴杮瀮≹‬楬敮㈠㠷‬湩愠灰਍††⁼††慲彷敲灳湯敳㴠愠慷瑩爠湵敟摮潰湩彴畦据楴湯ന †簠††††††††††幞幞幞幞幞幞幞幞幞幞幞幞幞幞਍††⁼†楆敬∠㩃啜敳獲瑜捥慨䅜灰慄慴䱜捯污停潲牧浡屳祐桴湯停瑹潨㍮㈱䱜扩獜瑩ⵥ慰正条獥晜獡慴楰牜畯楴杮瀮≹‬楬敮ㄠㄹ‬湩爠湵敟摮潰湩彴畦据楴湯਍††⁼††敲畴湲愠慷瑩搠灥湥慤瑮挮污⡬⨪慶畬獥ഩ †簠††††††幞幞幞幞幞幞幞幞幞幞幞幞幞幞幞਍††⁼†楆敬∠㩃啜敳獲瑜捥慨作敮牄癩履敄歳潴屰慳敬⁳楡瀠慬晴潲屭慢正湥層灡屰灡屩ㅶ敜摮潰湩獴睜牯獫慰散瀮≹‬楬敮㌠ㄴ‬湩朠瑥楟癮湥潴祲桟慥瑬൨ †簠††爠瑥牵⁮潗歲灳捡䕥杮湩⹥敧彴湩敶瑮牯役敨污桴挨浯慰祮楟㵤潣灭湡役摩ഩ †簠††††††幞幞幞幞幞幞幞幞幞幞幞幞幞幞幞幞幞幞幞幞幞幞幞幞幞幞幞幞幞൞ †簠吠灹䕥牲牯›潗歲灳捡䕥杮湩⹥敧彴湩敶瑮牯役敨污桴⤨朠瑯愠⁮湵硥数瑣摥欠祥潷摲愠杲浵湥⁴挧浯慰祮楟❤਍††⴫ⴭⴭⴭⴭⴭⴭⴭⴭⴭⴭⴭⴭⴭⴭⴭⴭⴭഭഊ䐊牵湩⁧慨摮楬杮漠⁦桴⁥扡癯⁥硥散瑰潩Ɱ愠潮桴牥攠捸灥楴湯漠捣牵敲㩤਍਍牔捡扥捡⁫洨獯⁴敲散瑮挠污⁬慬瑳㨩਍†楆敬∠㩃啜敳獲瑜捥慨䅜灰慄慴䱜捯污停潲牧浡屳祐桴湯停瑹潨㍮㈱䱜扩獜瑩ⵥ慰正条獥獜慴汲瑥整浜摩汤睥牡履牥潲獲瀮≹‬楬敮ㄠ㐶‬湩张损污彬ൟ †愠慷瑩猠汥⹦灡⡰捳灯ⱥ爠捥楥敶‬獟湥⥤਍†楆敬∠㩃啜敳獲瑜捥慨䅜灰慄慴䱜捯污停潲牧浡屳祐桴湯停瑹潨㍮㈱䱜扩獜瑩ⵥ慰正条獥獜慴汲瑥整浜摩汤睥牡履慢敳瀮≹‬楬敮ㄠ㤸‬湩张损污彬ൟ †眠瑩⁨潣汬灡敳敟捸牧畯獰⤨ഺ 䘠汩⁥䌢尺獕牥屳整档屡灁䑰瑡屡潌慣屬牐杯慲獭停瑹潨屮祐桴湯ㄳ尲楌屢潣瑮硥汴扩瀮≹‬楬敮ㄠ㠵‬湩张敟楸彴ൟ †猠汥⹦敧⹮桴潲⡷慶畬⥥਍†楆敬∠㩃啜敳獲瑜捥慨䅜灰慄慴䱜捯污停潲牧浡屳祐桴湯停瑹潨㍮㈱䱜扩獜瑩ⵥ慰正条獥獜慴汲瑥整彜瑵汩⹳祰Ⱒ氠湩⁥㌹‬湩挠汯慬獰彥硥杣潲灵൳ †爠楡敳攠捸਍†楆敬∠㩃啜敳獲瑜捥慨䅜灰慄慴䱜捯污停潲牧浡屳祐桴湯停瑹潨㍮㈱䱜扩獜瑩ⵥ慰正条獥獜慴汲瑥整浜摩汤睥牡履慢敳瀮≹‬楬敮ㄠㄹ‬湩张损污彬ൟ †爠獥潰獮⁥‽睡楡⁴敳晬搮獩慰捴彨畦据爨煥敵瑳‬慣汬湟硥⥴਍†††††††帠幞幞幞幞幞幞幞幞幞幞幞幞幞幞幞幞幞幞幞幞幞൞ 䘠汩⁥䌢尺獕牥屳整档屡湏䑥楲敶䑜獥瑫灯獜污獥愠⁩汰瑡牦浯扜捡敫摮慜灰浜摩汤睥牡履敲畱獥彴潣瑮硥⹴祰Ⱒ氠湩⁥㘵‬湩搠獩慰捴൨ †爠楡敳攠਍†楆敬∠㩃啜敳獲瑜捥慨作敮牄癩履敄歳潴屰慳敬⁳楡瀠慬晴潲屭慢正湥層灡屰業摤敬慷敲牜煥敵瑳损湯整瑸瀮≹‬楬敮㔠ⰰ椠⁮楤灳瑡档਍††敲灳湯敳㴠愠慷瑩挠污彬敮瑸爨煥敵瑳ഩ †††††††幞幞幞幞幞幞幞幞幞幞幞幞਍†楆敬∠㩃啜敳獲瑜捥慨䅜灰慄慴䱜捯污停潲牧浡屳祐桴湯停瑹潨㍮㈱䱜扩獜瑩ⵥ慰正条獥獜慴汲瑥整浜摩汤睥牡履慢敳瀮≹‬楬敮ㄠ㔶‬湩挠污彬敮瑸਍††慲獩⁥灡彰硥ൣ 䘠汩⁥䌢尺獕牥屳整档屡灁䑰瑡屡潌慣屬牐杯慲獭停瑹潨屮祐桴湯ㄳ尲楌屢楳整瀭捡慫敧屳瑳牡敬瑴履業摤敬慷敲扜獡⹥祰Ⱒ氠湩⁥㔱ⰱ椠⁮潣潲਍††睡楡⁴敳晬愮灰猨潣数‬敲散癩彥牯摟獩潣湮捥ⱴ猠湥彤潮敟牲牯ഩ 䘠汩⁥䌢尺獕牥屳整档屡灁䑰瑡屡潌慣屬牐杯慲獭停瑹潨屮祐桴湯ㄳ尲楌屢楳整瀭捡慫敧屳瑳牡敬瑴履業摤敬慷敲扜獡⹥祰Ⱒ氠湩⁥㠱ⰹ椠⁮彟慣汬彟਍††楷桴挠汯慬獰彥硥杣潲灵⡳㨩਍†楆敬∠㩃啜敳獲瑜捥慨䅜灰慄慴䱜捯污停潲牧浡屳祐桴湯停瑹潨㍮㈱䱜扩捜湯整瑸楬⹢祰Ⱒ氠湩⁥㔱ⰸ椠⁮彟硥瑩彟਍††敳晬朮湥琮牨睯瘨污敵ഩ 䘠汩⁥䌢尺獕牥屳整档屡灁䑰瑡屡潌慣屬牐杯慲獭停瑹潨屮祐桴湯ㄳ尲楌屢楳整瀭捡慫敧屳瑳牡敬瑴履畟楴獬瀮≹‬楬敮㤠ⰳ椠⁮潣汬灡敳敟捸牧畯獰਍††慲獩⁥硥ൣ 䘠汩⁥䌢尺獕牥屳整档屡灁䑰瑡屡潌慣屬牐杯慲獭停瑹潨屮祐桴湯ㄳ尲楌屢楳整瀭捡慫敧屳瑳牡敬瑴履業摤敬慷敲扜獡⹥祰Ⱒ氠湩⁥㤱ⰱ椠⁮彟慣汬彟਍††敲灳湯敳㴠愠慷瑩猠汥⹦楤灳瑡档晟湵⡣敲畱獥ⱴ挠污彬敮瑸ഩ †††††††幞幞幞幞幞幞幞幞幞幞幞幞幞幞幞幞幞幞幞幞幞幞਍†楆敬∠㩃啜敳獲瑜捥慨作敮牄癩履敄歳潴屰慳敬⁳楡瀠慬晴潲屭慢正湥層灡屰業摤敬慷敲獜捥牵瑩⹹祰Ⱒ氠湩⁥㌲ⰲ椠⁮楤灳瑡档਍††敲灳湯敳㴠愠慷瑩挠污彬敮瑸爨煥敵瑳ഩ †††††††幞幞幞幞幞幞幞幞幞幞幞幞਍†楆敬∠㩃啜敳獲瑜捥慨䅜灰慄慴䱜捯污停潲牧浡屳祐桴湯停瑹潨㍮㈱䱜扩獜瑩ⵥ慰正条獥獜慴汲瑥整浜摩汤睥牡履慢敳瀮≹‬楬敮ㄠ㔶‬湩挠污彬敮瑸਍††慲獩⁥灡彰硥ൣ 䘠汩⁥䌢尺獕牥屳整档屡灁䑰瑡屡潌慣屬牐杯慲獭停瑹潨屮祐桴湯ㄳ尲楌屢楳整瀭捡慫敧屳瑳牡敬瑴履業摤敬慷敲扜獡⹥祰Ⱒ氠湩⁥㔱ⰱ椠⁮潣潲਍††睡楡⁴敳晬愮灰猨潣数‬敲散癩彥牯摟獩潣湮捥ⱴ猠湥彤潮敟牲牯ഩ 䘠汩⁥䌢尺獕牥屳整档屡灁䑰瑡屡潌慣屬牐杯慲獭停瑹潨屮祐桴湯ㄳ尲楌屢楳整瀭捡慫敧屳瑳牡敬瑴履業摤敬慷敲扜獡⹥祰Ⱒ氠湩⁥㠱ⰹ椠⁮彟慣汬彟਍††楷桴挠汯慬獰彥硥杣潲灵⡳㨩਍†楆敬∠㩃啜敳獲瑜捥慨䅜灰慄慴䱜捯污停潲牧浡屳祐桴湯停瑹潨㍮㈱䱜扩捜湯整瑸楬⹢祰Ⱒ氠湩⁥㔱ⰸ椠⁮彟硥瑩彟਍††敳晬朮湥琮牨睯瘨污敵ഩ 䘠汩⁥䌢尺獕牥屳整档屡灁䑰瑡屡潌慣屬牐杯慲獭停瑹潨屮祐桴湯ㄳ尲楌屢楳整瀭捡慫敧屳瑳牡敬瑴履畟楴獬瀮≹‬楬敮㤠ⰳ椠⁮潣汬灡敳敟捸牧畯獰਍††慲獩⁥硥ൣ 䘠汩⁥䌢尺獕牥屳整档屡灁䑰瑡屡潌慣屬牐杯慲獭停瑹潨屮祐桴湯ㄳ尲楌屢楳整瀭捡慫敧屳瑳牡敬瑴履業摤敬慷敲扜獡⹥祰Ⱒ氠湩⁥㤱ⰱ椠⁮彟慣汬彟਍††敲灳湯敳㴠愠慷瑩猠汥⹦楤灳瑡档晟湵⡣敲畱獥ⱴ挠污彬敮瑸ഩ †††††††幞幞幞幞幞幞幞幞幞幞幞幞幞幞幞幞幞幞幞幞幞幞਍†楆敬∠㩃啜敳獲瑜捥慨作敮牄癩履敄歳潴屰慳敬⁳楡瀠慬晴潲屭慢正湥層灡屰業摤敬慷敲獜捥牵瑩⹹祰Ⱒ氠湩⁥ㄲⰷ椠⁮楤灳瑡档਍††敲灳湯敳㴠愠慷瑩挠污彬敮瑸爨煥敵瑳ഩ †††††††幞幞幞幞幞幞幞幞幞幞幞幞਍†楆敬∠㩃啜敳獲瑜捥慨䅜灰慄慴䱜捯污停潲牧浡屳祐桴湯停瑹潨㍮㈱䱜扩獜瑩ⵥ慰正条獥獜慴汲瑥整浜摩汤睥牡履慢敳瀮≹‬楬敮ㄠ㔶‬湩挠污彬敮瑸਍††慲獩⁥灡彰硥ൣ 䘠汩⁥䌢尺獕牥屳整档屡灁䑰瑡屡潌慣屬牐杯慲獭停瑹潨屮祐桴湯ㄳ尲楌屢楳整瀭捡慫敧屳瑳牡敬瑴履業摤敬慷敲扜獡⹥祰Ⱒ氠湩⁥㔱ⰱ椠⁮潣潲਍††睡楡⁴敳晬愮灰猨潣数‬敲散癩彥牯摟獩潣湮捥ⱴ猠湥彤潮敟牲牯ഩ 䘠汩⁥䌢尺獕牥屳整档屡灁䑰瑡屡潌慣屬牐杯慲獭停瑹潨屮祐桴湯ㄳ尲楌屢楳整瀭捡慫敧屳瑳牡敬瑴履業摤敬慷敲扜獡⹥祰Ⱒ氠湩⁥㠱ⰹ椠⁮彟慣汬彟਍††楷桴挠汯慬獰彥硥杣潲灵⡳㨩਍†楆敬∠㩃啜敳獲瑜捥慨䅜灰慄慴䱜捯污停潲牧浡屳祐桴湯停瑹潨㍮㈱䱜扩捜湯整瑸楬⹢祰Ⱒ氠湩⁥㔱ⰸ椠⁮彟硥瑩彟਍††敳晬朮湥琮牨睯瘨污敵ഩ 䘠汩⁥䌢尺獕牥屳整档屡灁䑰瑡屡潌慣屬牐杯慲獭停瑹潨屮祐桴湯ㄳ尲楌屢楳整瀭捡慫敧屳瑳牡敬瑴履畟楴獬瀮≹‬楬敮㤠ⰳ椠⁮潣汬灡敳敟捸牧畯獰਍††慲獩⁥硥ൣ 䘠汩⁥䌢尺獕牥屳整档屡灁䑰瑡屡潌慣屬牐杯慲獭停瑹潨屮祐桴湯ㄳ尲楌屢楳整瀭捡慫敧屳瑳牡敬瑴履業摤敬慷敲扜獡⹥祰Ⱒ氠湩⁥㤱ⰱ椠⁮彟慣汬彟਍††敲灳湯敳㴠愠慷瑩猠汥⹦楤灳瑡档晟湵⡣敲畱獥ⱴ挠污彬敮瑸ഩ †††††††幞幞幞幞幞幞幞幞幞幞幞幞幞幞幞幞幞幞幞幞幞幞਍†楆敬∠㩃啜敳獲瑜捥慨作敮牄癩履敄歳潴屰慳敬⁳楡瀠慬晴潲屭慢正湥層灡屰業摤敬慷敲瑜湥湡彴湥潦捲浥湥⹴祰Ⱒ氠湩⁥㠵‬湩搠獩慰捴൨ †爠瑥牵⁮睡楡⁴慣汬湟硥⡴敲畱獥⥴਍†††††帠幞幞幞幞幞幞幞幞幞幞幞൞ 䘠汩⁥䌢尺獕牥屳整档屡灁䑰瑡屡潌慣屬牐杯慲獭停瑹潨屮祐桴湯ㄳ尲楌屢楳整瀭捡慫敧屳瑳牡敬瑴履業摤敬慷敲扜獡⹥祰Ⱒ氠湩⁥㘱ⰵ椠⁮慣汬湟硥൴ †爠楡敳愠灰敟捸਍†楆敬∠㩃啜敳獲瑜捥慨䅜灰慄慴䱜捯污停潲牧浡屳祐桴湯停瑹潨㍮㈱䱜扩獜瑩ⵥ慰正条獥獜慴汲瑥整浜摩汤睥牡履慢敳瀮≹‬楬敮ㄠㄵ‬湩挠牯൯ †愠慷瑩猠汥⹦灡⡰捳灯ⱥ爠捥楥敶潟彲楤捳湯敮瑣‬敳摮湟彯牥潲⥲਍†楆敬∠㩃啜敳獲瑜捥慨䅜灰慄慴䱜捯污停潲牧浡屳祐桴湯停瑹潨㍮㈱䱜扩獜瑩ⵥ慰正条獥獜慴汲瑥整浜摩汤睥牡履潣獲瀮≹‬楬敮㠠ⰵ椠⁮彟慣汬彟਍††睡楡⁴敳晬愮灰猨潣数‬敲散癩ⱥ猠湥⥤਍†楆敬∠㩃啜敳獲瑜捥慨䅜灰慄慴䱜捯污停潲牧浡屳祐桴湯停瑹潨㍮㈱䱜扩獜瑩ⵥ慰正条獥獜慴汲瑥整浜摩汤睥牡履硥散瑰潩獮瀮≹‬楬敮㘠ⰵ椠⁮彟慣汬彟਍††睡楡⁴牷灡慟灰桟湡汤湩彧硥散瑰潩獮猨汥⹦灡Ɒ挠湯⥮猨潣数‬敲散癩ⱥ猠湥⥤਍†楆敬∠㩃啜敳獲瑜捥慨䅜灰慄慴䱜捯污停潲牧浡屳祐桴湯停瑹潨㍮㈱䱜扩獜瑩ⵥ慰正条獥獜慴汲瑥整彜硥散瑰潩彮慨摮敬⹲祰Ⱒ氠湩⁥㐶‬湩眠慲灰摥慟灰਍††慲獩⁥硥ൣ 䘠汩⁥䌢尺獕牥屳整档屡灁䑰瑡屡潌慣屬牐杯慲獭停瑹潨屮祐桴湯ㄳ尲楌屢楳整瀭捡慫敧屳瑳牡敬瑴履敟捸灥楴湯桟湡汤牥瀮≹‬楬敮㔠ⰳ椠⁮牷灡数彤灡൰ †愠慷瑩愠灰猨潣数‬敲散癩ⱥ猠湥敤⥲਍†楆敬∠㩃啜敳獲瑜捥慨䅜灰慄慴䱜捯污停潲牧浡屳祐桴湯停瑹潨㍮㈱䱜扩獜瑩ⵥ慰正条獥獜慴汲瑥整牜畯楴杮瀮≹‬楬敮㜠㘵‬湩张损污彬ൟ †愠慷瑩猠汥⹦業摤敬慷敲獟慴正猨潣数‬敲散癩ⱥ猠湥⥤਍†楆敬∠㩃啜敳獲瑜捥慨䅜灰慄慴䱜捯污停潲牧浡屳祐桴湯停瑹潨㍮㈱䱜扩獜瑩ⵥ慰正条獥獜慴汲瑥整牜畯楴杮瀮≹‬楬敮㜠㘷‬湩愠灰਍††睡楡⁴潲瑵⹥慨摮敬猨潣数‬敲散癩ⱥ猠湥⥤਍†楆敬∠㩃啜敳獲瑜捥慨䅜灰慄慴䱜捯污停潲牧浡屳祐桴湯停瑹潨㍮㈱䱜扩獜瑩ⵥ慰正条獥獜慴汲瑥整牜畯楴杮瀮≹‬楬敮㈠㜹‬湩栠湡汤൥ †愠慷瑩猠汥⹦灡⡰捳灯ⱥ爠捥楥敶‬敳摮ഩ 䘠汩⁥䌢尺獕牥屳整档屡灁䑰瑡屡潌慣屬牐杯慲獭停瑹潨屮祐桴湯ㄳ尲楌屢楳整瀭捡慫敧屳瑳牡敬瑴履潲瑵湩⹧祰Ⱒ氠湩⁥㜷‬湩愠灰਍††睡楡⁴牷灡慟灰桟湡汤湩彧硥散瑰潩獮愨灰‬敲畱獥⥴猨潣数‬敲散癩ⱥ猠湥⥤਍†楆敬∠㩃啜敳獲瑜捥慨䅜灰慄慴䱜捯污停潲牧浡屳祐桴湯停瑹潨㍮㈱䱜扩獜瑩ⵥ慰正条獥獜慴汲瑥整彜硥散瑰潩彮慨摮敬⹲祰Ⱒ氠湩⁥㐶‬湩眠慲灰摥慟灰਍††慲獩⁥硥ൣ 䘠汩⁥䌢尺獕牥屳整档屡灁䑰瑡屡潌慣屬牐杯慲獭停瑹潨屮祐桴湯ㄳ尲楌屢楳整瀭捡慫敧屳瑳牡敬瑴履敟捸灥楴湯桟湡汤牥瀮≹‬楬敮㔠ⰳ椠⁮牷灡数彤灡൰ †愠慷瑩愠灰猨潣数‬敲散癩ⱥ猠湥敤⥲਍†楆敬∠㩃啜敳獲瑜捥慨䅜灰慄慴䱜捯污停潲牧浡屳祐桴湯停瑹潨㍮㈱䱜扩獜瑩ⵥ慰正条獥獜慴汲瑥整牜畯楴杮瀮≹‬楬敮㜠ⰲ椠⁮灡൰ †爠獥潰獮⁥‽睡楡⁴畦据爨煥敵瑳ഩ †††††††幞幞幞幞幞幞幞幞幞൞ 䘠汩⁥䌢尺獕牥屳整档屡灁䑰瑡屡潌慣屬牐杯慲獭停瑹潨屮祐桴湯ㄳ尲楌屢楳整瀭捡慫敧屳慦瑳灡屩潲瑵湩⹧祰Ⱒ氠湩⁥㜲ⰸ椠⁮灡൰ †爠睡牟獥潰獮⁥‽睡楡⁴畲彮湥灤楯瑮晟湵瑣潩⡮਍†††††††††帠幞幞幞幞幞幞幞幞幞幞幞幞幞൞ 䘠汩⁥䌢尺獕牥屳整档屡灁䑰瑡屡潌慣屬牐杯慲獭停瑹潨屮祐桴湯ㄳ尲楌屢楳整瀭捡慫敧屳慦瑳灡屩潲瑵湩⹧祰Ⱒ氠湩⁥㤱ⰱ椠⁮畲彮湥灤楯瑮晟湵瑣潩൮ †爠瑥牵⁮睡楡⁴敤数摮湡⹴慣汬⨨瘪污敵⥳਍†††††帠幞幞幞幞幞幞幞幞幞幞幞幞幞幞൞ 䘠汩⁥䌢尺獕牥屳整档屡湏䑥楲敶䑜獥瑫灯獜污獥愠⁩汰瑡牦浯扜捡敫摮慜灰慜楰癜就湥灤楯瑮屳潷歲灳捡⹥祰Ⱒ氠湩⁥㐳ⰱ椠⁮敧彴湩敶瑮牯役敨污桴਍††敲畴湲圠牯獫慰散湅楧敮朮瑥楟癮湥潴祲桟慥瑬⡨潣灭湡役摩挽浯慰祮楟⥤਍†††††帠幞幞幞幞幞幞幞幞幞幞幞幞幞幞幞幞幞幞幞幞幞幞幞幞幞幞幞幞幞਍祔数牅潲㩲圠牯獫慰散湅楧敮朮瑥楟癮湥潴祲桟慥瑬⡨ 潧⁴湡甠敮灸捥整⁤敫睹牯⁤牡畧敭瑮✠潣灭湡役摩ധഊ嬊〲㘲〭ⴳ㤲㈠㨰〳㐺⸹㤲㘶㠱⁝䥛㩄攷㘷挴㘲㈭扡ⵥ㐴っ戭㜴ⴷ㑤㘹〶㈸㝦㌲⁝剅㩒㐠㤲›潔⁯慭祮爠煥敵瑳⹳䴠硡浩浵㘠‰敲畱獥獴瀠牥洠湩瑵⁥污潬敷⹤਍†‫硅散瑰潩⁮片畯⁰牔捡扥捡⁫洨獯⁴敲散瑮挠污⁬慬瑳㨩਍†⁼†楆敬∠㩃啜敳獲瑜捥慨䅜灰慄慴䱜捯污停潲牧浡屳祐桴湯停瑹潨㍮㈱䱜扩獜瑩ⵥ慰正条獥獜慴汲瑥整彜瑵汩⹳祰Ⱒ氠湩⁥㜸‬湩挠汯慬獰彥硥杣潲灵൳ 簠††礠敩摬਍†⁼†楆敬∠㩃啜敳獲瑜捥慨䅜灰慄慴䱜捯污停潲牧浡屳祐桴湯停瑹潨㍮㈱䱜扩獜瑩ⵥ慰正条獥獜慴汲瑥整浜摩汤睥牡履慢敳瀮≹‬楬敮ㄠ〹‬湩张损污彬ൟ 簠††愠祳据眠瑩⁨湡楹⹯牣慥整瑟獡彫牧畯⡰ 獡琠獡彫牧畯㩰਍†⁼†楆敬∠㩃啜敳獲瑜捥慨䅜灰慄慴䱜捯污停潲牧浡屳祐桴湯停瑹潨㍮㈱䱜扩獜瑩ⵥ慰正条獥慜祮潩彜慢正湥獤彜獡湹楣⹯祰Ⱒ氠湩⁥㜶ⰸ椠⁮彟敡楸彴ൟ 簠††爠楡敳䈠獡䕥捸灥楴湯片畯⡰਍†⁼硅散瑰潩䝮潲灵›湵慨摮敬⁤牥潲獲椠⁮⁡慔歳片畯⁰ㄨ猠扵攭捸灥楴湯ഩ ⬠⬭ⴭⴭⴭⴭⴭⴭⴭⴭㄠⴠⴭⴭⴭⴭⴭⴭⴭഭ †簠吠慲散慢正⠠潭瑳爠捥湥⁴慣汬氠獡⥴ഺ †簠†䘠汩⁥䌢尺獕牥屳整档屡灁䑰瑡屡潌慣屬牐杯慲獭停瑹潨屮祐桴湯ㄳ尲楌屢楳整瀭捡慫敧屳瑳牡敬瑴履業摤敬慷敲敜牲牯⹳祰Ⱒ氠湩⁥㘱ⰴ椠⁮彟慣汬彟਍††⁼††睡楡⁴敳晬愮灰猨潣数‬敲散癩ⱥ张敳摮ഩ †簠†䘠汩⁥䌢尺獕牥屳整档屡灁䑰瑡屡潌慣屬牐杯慲獭停瑹潨屮祐桴湯ㄳ尲楌屢楳整瀭捡慫敧屳瑳牡敬瑴履業摤敬慷敲扜獡⹥祰Ⱒ氠湩⁥㠱ⰹ椠⁮彟慣汬彟਍††⁼††楷桴挠汯慬獰彥硥杣潲灵⡳㨩਍††⁼†楆敬∠㩃啜敳獲瑜捥慨䅜灰慄慴䱜捯污停潲牧浡屳祐桴湯停瑹潨㍮㈱䱜扩捜湯整瑸楬⹢祰Ⱒ氠湩⁥㔱ⰸ椠⁮彟硥瑩彟਍††⁼††敳晬朮湥琮牨睯瘨污敵ഩ †簠†䘠汩⁥䌢尺獕牥屳整档屡灁䑰瑡屡潌慣屬牐杯慲獭停瑹潨屮祐桴湯ㄳ尲楌屢楳整瀭捡慫敧屳瑳牡敬瑴履畟楴獬瀮≹‬楬敮㤠ⰳ椠⁮潣汬灡敳敟捸牧畯獰਍††⁼††慲獩⁥硥ൣ †簠†䘠汩⁥䌢尺獕牥屳整档屡灁䑰瑡屡潌慣屬牐杯慲獭停瑹潨屮祐桴湯ㄳ尲楌屢楳整瀭捡慫敧屳瑳牡敬瑴履業摤敬慷敲扜獡⹥祰Ⱒ氠湩⁥㤱ⰱ椠⁮彟慣汬彟਍††⁼††敲灳湯敳㴠愠慷瑩猠汥⹦楤灳瑡档晟湵⡣敲畱獥ⱴ挠污彬敮瑸ഩ †簠††††††††幞幞幞幞幞幞幞幞幞幞幞幞幞幞幞幞幞幞幞幞幞幞਍††⁼†楆敬∠㩃啜敳獲瑜捥慨作敮牄癩履敄歳潴屰慳敬⁳楡瀠慬晴潲屭慢正湥層灡屰業摤敬慷敲牜煥敵瑳损湯整瑸瀮≹‬楬敮㔠ⰶ椠⁮楤灳瑡档਍††⁼††慲獩⁥൥ †簠†䘠汩⁥䌢尺獕牥屳整档屡湏䑥楲敶䑜獥瑫灯獜污獥愠⁩汰瑡牦浯扜捡敫摮慜灰浜摩汤睥牡履敲畱獥彴潣瑮硥⹴祰Ⱒ氠湩⁥〵‬湩搠獩慰捴൨ †簠††爠獥潰獮⁥‽睡楡⁴慣汬湟硥⡴敲畱獥⥴਍††⁼†††††††帠幞幞幞幞幞幞幞幞幞幞幞൞ †簠†䘠汩⁥䌢尺獕牥屳整档屡灁䑰瑡屡潌慣屬牐杯慲獭停瑹潨屮祐桴湯ㄳ尲楌屢楳整瀭捡慫敧屳瑳牡敬瑴履業摤敬慷敲扜獡⹥祰Ⱒ氠湩⁥㘱ⰵ椠⁮慣汬湟硥൴ †簠††爠楡敳愠灰敟捸਍††⁼†楆敬∠㩃啜敳獲瑜捥慨䅜灰慄慴䱜捯污停潲牧浡屳祐桴湯停瑹潨㍮㈱䱜扩獜瑩ⵥ慰正条獥獜慴汲瑥整浜摩汤睥牡履慢敳瀮≹‬楬敮ㄠㄵ‬湩挠牯൯ †簠††愠慷瑩猠汥⹦灡⡰捳灯ⱥ爠捥楥敶潟彲楤捳湯敮瑣‬敳摮湟彯牥潲⥲਍††⁼†楆敬∠㩃啜敳獲瑜捥慨䅜灰慄慴䱜捯污停潲牧浡屳祐桴湯停瑹潨㍮㈱䱜扩獜瑩ⵥ慰正条獥獜慴汲瑥整浜摩汤睥牡履慢敳瀮≹‬楬敮ㄠ㤸‬湩张损污彬ൟ †簠††眠瑩⁨潣汬灡敳敟捸牧畯獰⤨ഺ †簠†䘠汩⁥䌢尺獕牥屳整档屡灁䑰瑡屡潌慣屬牐杯慲獭停瑹潨屮祐桴湯ㄳ尲楌屢潣瑮硥汴扩瀮≹‬楬敮ㄠ㠵‬湩张敟楸彴ൟ †簠††猠汥⹦敧⹮桴潲⡷慶畬⥥਍††⁼†楆敬∠㩃啜敳獲瑜捥慨䅜灰慄慴䱜捯污停潲牧浡屳祐桴湯停瑹潨㍮㈱䱜扩獜瑩ⵥ慰正条獥獜慴汲瑥整彜瑵汩⹳祰Ⱒ氠湩⁥㌹‬湩挠汯慬獰彥硥杣潲灵൳ †簠††爠楡敳攠捸਍††⁼†楆敬∠㩃啜敳獲瑜捥慨䅜灰慄慴䱜捯污停潲牧浡屳祐桴湯停瑹潨㍮㈱䱜扩獜瑩ⵥ慰正条獥獜慴汲瑥整浜摩汤睥牡履慢敳瀮≹‬楬敮ㄠㄹ‬湩张损污彬ൟ †簠††爠獥潰獮⁥‽睡楡⁴敳晬搮獩慰捴彨畦据爨煥敵瑳‬慣汬湟硥⥴਍††⁼†††††††帠幞幞幞幞幞幞幞幞幞幞幞幞幞幞幞幞幞幞幞幞幞൞ †簠†䘠汩⁥䌢尺獕牥屳整档屡湏䑥楲敶䑜獥瑫灯獜污獥愠⁩汰瑡牦浯扜捡敫摮慜灰浜摩汤睥牡履敳畣楲祴瀮≹‬楬敮㈠㈳‬湩搠獩慰捴൨ †簠††爠獥潰獮⁥‽睡楡⁴慣汬湟硥⡴敲畱獥⥴਍††⁼†††††††帠幞幞幞幞幞幞幞幞幞幞幞൞ †簠†䘠汩⁥䌢尺獕牥屳整档屡灁䑰瑡屡潌慣屬牐杯慲獭停瑹潨屮祐桴湯ㄳ尲楌屢楳整瀭捡慫敧屳瑳牡敬瑴履業摤敬慷敲扜獡⹥祰Ⱒ氠湩⁥㘱ⰵ椠⁮慣汬湟硥൴ †簠††爠楡敳愠灰敟捸਍††⁼†楆敬∠㩃啜敳獲瑜捥慨䅜灰慄慴䱜捯污停潲牧浡屳祐桴湯停瑹潨㍮㈱䱜扩獜瑩ⵥ慰正条獥獜慴汲瑥整浜摩汤睥牡履慢敳瀮≹‬楬敮ㄠㄵ‬湩挠牯൯ †簠††愠慷瑩猠汥⹦灡⡰捳灯ⱥ爠捥楥敶潟彲楤捳湯敮瑣‬敳摮湟彯牥潲⥲਍††⁼†楆敬∠㩃啜敳獲瑜捥慨䅜灰慄慴䱜捯污停潲牧浡屳祐桴湯停瑹潨㍮㈱䱜扩獜瑩ⵥ慰正条獥獜慴汲瑥整浜摩汤睥牡履慢敳瀮≹‬楬敮ㄠ㤸‬湩张损污彬ൟ †簠††眠瑩⁨潣汬灡敳敟捸牧畯獰⤨ഺ †簠†䘠汩⁥䌢尺獕牥屳整档屡灁䑰瑡屡潌慣屬牐杯慲獭停瑹潨屮祐桴湯ㄳ尲楌屢潣瑮硥汴扩瀮≹‬楬敮ㄠ㠵‬湩张敟楸彴ൟ †簠††猠汥⹦敧⹮桴潲⡷慶畬⥥਍††⁼†楆敬∠㩃啜敳獲瑜捥慨䅜灰慄慴䱜捯污停潲牧浡屳祐桴湯停瑹潨㍮㈱䱜扩獜瑩ⵥ慰正条獥獜慴汲瑥整彜瑵汩⹳祰Ⱒ氠湩⁥㌹‬湩挠汯慬獰彥硥杣潲灵൳ †簠††爠楡敳攠捸਍††⁼†楆敬∠㩃啜敳獲瑜捥慨䅜灰慄慴䱜捯污停潲牧浡屳祐桴湯停瑹潨㍮㈱䱜扩獜瑩ⵥ慰正条獥獜慴汲瑥整浜摩汤睥牡履慢敳瀮≹‬楬敮ㄠㄹ‬湩张损污彬ൟ †簠††爠獥潰獮⁥‽睡楡⁴敳晬搮獩慰捴彨畦据爨煥敵瑳‬慣汬湟硥⥴਍††⁼†††††††帠幞幞幞幞幞幞幞幞幞幞幞幞幞幞幞幞幞幞幞幞幞൞ †簠†䘠汩⁥䌢尺獕牥屳整档屡湏䑥楲敶䑜獥瑫灯獜污獥愠⁩汰瑡牦浯扜捡敫摮慜灰浜摩汤睥牡履敳畣楲祴瀮≹‬楬敮㈠㈱‬湩搠獩慰捴൨ †簠††爠楡敳䠠呔䕐捸灥楴湯ന †簠映獡慴楰攮捸灥楴湯⹳呈偔硅散瑰潩㩮㐠㤲›潔⁯慭祮爠煥敵瑳⹳䴠硡浩浵㘠‰敲畱獥獴瀠牥洠湩瑵⁥污潬敷⹤਍††⴫ⴭⴭⴭⴭⴭⴭⴭⴭⴭⴭⴭⴭⴭⴭⴭⴭⴭഭഊ䐊牵湩⁧慨摮楬杮漠⁦桴⁥扡癯⁥硥散瑰潩Ɱ愠潮桴牥攠捸灥楴湯漠捣牵敲㩤਍਍牔捡扥捡⁫洨獯⁴敲散瑮挠污⁬慬瑳㨩਍†楆敬∠㩃啜敳獲瑜捥慨䅜灰慄慴䱜捯污停潲牧浡屳祐桴湯停瑹潨㍮㈱䱜扩獜瑩ⵥ慰正条獥獜慴汲瑥整浜摩汤睥牡履牥潲獲瀮≹‬楬敮ㄠ㐶‬湩张损污彬ൟ †愠慷瑩猠汥⹦灡⡰捳灯ⱥ爠捥楥敶‬獟湥⥤਍†楆敬∠㩃啜敳獲瑜捥慨䅜灰慄慴䱜捯污停潲牧浡屳祐桴湯停瑹潨㍮㈱䱜扩獜瑩ⵥ慰正条獥獜慴汲瑥整浜摩汤睥牡履慢敳瀮≹‬楬敮ㄠ㤸‬湩张损污彬ൟ †眠瑩⁨潣汬灡敳敟捸牧畯獰⤨ഺ 䘠汩⁥䌢尺獕牥屳整档屡灁䑰瑡屡潌慣屬牐杯慲獭停瑹潨屮祐桴湯ㄳ尲楌屢潣瑮硥汴扩瀮≹‬楬敮ㄠ㠵‬湩张敟楸彴ൟ †猠汥⹦敧⹮桴潲⡷慶畬⥥਍†楆敬∠㩃啜敳獲瑜捥慨䅜灰慄慴䱜捯污停潲牧浡屳祐桴湯停瑹潨㍮㈱䱜扩獜瑩ⵥ慰正条獥獜慴汲瑥整彜瑵汩⹳祰Ⱒ氠湩⁥㌹‬湩挠汯慬獰彥硥杣潲灵൳ †爠楡敳攠捸਍†楆敬∠㩃啜敳獲瑜捥慨䅜灰慄慴䱜捯污停潲牧浡屳祐桴湯停瑹潨㍮㈱䱜扩獜瑩ⵥ慰正条獥獜慴汲瑥整浜摩汤睥牡履慢敳瀮≹‬楬敮ㄠㄹ‬湩张损污彬ൟ †爠獥潰獮⁥‽睡楡⁴敳晬搮獩慰捴彨畦据爨煥敵瑳‬慣汬湟硥⥴਍†††††††帠幞幞幞幞幞幞幞幞幞幞幞幞幞幞幞幞幞幞幞幞幞൞ 䘠汩⁥䌢尺獕牥屳整档屡湏䑥楲敶䑜獥瑫灯獜污獥愠⁩汰瑡牦浯扜捡敫摮慜灰浜摩汤睥牡履敲畱獥彴潣瑮硥⹴祰Ⱒ氠湩⁥㘵‬湩搠獩慰捴൨ †爠楡敳攠਍†楆敬∠㩃啜敳獲瑜捥慨作敮牄癩履敄歳潴屰慳敬⁳楡瀠慬晴潲屭慢正湥層灡屰業摤敬慷敲牜煥敵瑳损湯整瑸瀮≹‬楬敮㔠ⰰ椠⁮楤灳瑡档਍††敲灳湯敳㴠愠慷瑩挠污彬敮瑸爨煥敵瑳ഩ †††††††幞幞幞幞幞幞幞幞幞幞幞幞਍†楆敬∠㩃啜敳獲瑜捥慨䅜灰慄慴䱜捯污停潲牧浡屳祐桴湯停瑹潨㍮㈱䱜扩獜瑩ⵥ慰正条獥獜慴汲瑥整浜摩汤睥牡履慢敳瀮≹‬楬敮ㄠ㔶‬湩挠污彬敮瑸਍††慲獩⁥灡彰硥ൣ 䘠汩⁥䌢尺獕牥屳整档屡灁䑰瑡屡潌慣屬牐杯慲獭停瑹潨屮祐桴湯ㄳ尲楌屢楳整瀭捡慫敧屳瑳牡敬瑴履業摤敬慷敲扜獡⹥祰Ⱒ氠湩⁥㔱ⰱ椠⁮潣潲਍††睡楡⁴敳晬愮灰猨潣数‬敲散癩彥牯摟獩潣湮捥ⱴ猠湥彤潮敟牲牯ഩ 䘠汩⁥䌢尺獕牥屳整档屡灁䑰瑡屡潌慣屬牐杯慲獭停瑹潨屮祐桴湯ㄳ尲楌屢楳整瀭捡慫敧屳瑳牡敬瑴履業摤敬慷敲扜獡⹥祰Ⱒ氠湩⁥㠱ⰹ椠⁮彟慣汬彟਍††楷桴挠汯慬獰彥硥杣潲灵⡳㨩਍†楆敬∠㩃啜敳獲瑜捥慨䅜灰慄慴䱜捯污停潲牧浡屳祐桴湯停瑹潨㍮㈱䱜扩捜湯整瑸楬⹢祰Ⱒ氠湩⁥㔱ⰸ椠⁮彟硥瑩彟਍††敳晬朮湥琮牨睯瘨污敵ഩ 䘠汩⁥䌢尺獕牥屳整档屡灁䑰瑡屡潌慣屬牐杯慲獭停瑹潨屮祐桴湯ㄳ尲楌屢楳整瀭捡慫敧屳瑳牡敬瑴履畟楴獬瀮≹‬楬敮㤠ⰳ椠⁮潣汬灡敳敟捸牧畯獰਍††慲獩⁥硥ൣ 䘠汩⁥䌢尺獕牥屳整档屡灁䑰瑡屡潌慣屬牐杯慲獭停瑹潨屮祐桴湯ㄳ尲楌屢楳整瀭捡慫敧屳瑳牡敬瑴履業摤敬慷敲扜獡⹥祰Ⱒ氠湩⁥㤱ⰱ椠⁮彟慣汬彟਍††敲灳湯敳㴠愠慷瑩猠汥⹦楤灳瑡档晟湵⡣敲畱獥ⱴ挠污彬敮瑸ഩ †††††††幞幞幞幞幞幞幞幞幞幞幞幞幞幞幞幞幞幞幞幞幞幞਍†楆敬∠㩃啜敳獲瑜捥慨作敮牄癩履敄歳潴屰慳敬⁳楡瀠慬晴潲屭慢正湥層灡屰業摤敬慷敲獜捥牵瑩⹹祰Ⱒ氠湩⁥㌲ⰲ椠⁮楤灳瑡档਍††敲灳湯敳㴠愠慷瑩挠污彬敮瑸爨煥敵瑳ഩ †††††††幞幞幞幞幞幞幞幞幞幞幞幞਍†楆敬∠㩃啜敳獲瑜捥慨䅜灰慄慴䱜捯污停潲牧浡屳祐桴湯停瑹潨㍮㈱䱜扩獜瑩ⵥ慰正条獥獜慴汲瑥整浜摩汤睥牡履慢敳瀮≹‬楬敮ㄠ㔶‬湩挠污彬敮瑸਍††慲獩⁥灡彰硥ൣ 䘠汩⁥䌢尺獕牥屳整档屡灁䑰瑡屡潌慣屬牐杯慲獭停瑹潨屮祐桴湯ㄳ尲楌屢楳整瀭捡慫敧屳瑳牡敬瑴履業摤敬慷敲扜獡⹥祰Ⱒ氠湩⁥㔱ⰱ椠⁮潣潲਍††睡楡⁴敳晬愮灰猨潣数‬敲散癩彥牯摟獩潣湮捥ⱴ猠湥彤潮敟牲牯ഩ 䘠汩⁥䌢尺獕牥屳整档屡灁䑰瑡屡潌慣屬牐杯慲獭停瑹潨屮祐桴湯ㄳ尲楌屢楳整瀭捡慫敧屳瑳牡敬瑴履業摤敬慷敲扜獡⹥祰Ⱒ氠湩⁥㠱ⰹ椠⁮彟慣汬彟਍††楷桴挠汯慬獰彥硥杣潲灵⡳㨩਍†楆敬∠㩃啜敳獲瑜捥慨䅜灰慄慴䱜捯污停潲牧浡屳祐桴湯停瑹潨㍮㈱䱜扩捜湯整瑸楬⹢祰Ⱒ氠湩⁥㔱ⰸ椠⁮彟硥瑩彟਍††敳晬朮湥琮牨睯瘨污敵ഩ 䘠汩⁥䌢尺獕牥屳整档屡灁䑰瑡屡潌慣屬牐杯慲獭停瑹潨屮祐桴湯ㄳ尲楌屢楳整瀭捡慫敧屳瑳牡敬瑴履畟楴獬瀮≹‬楬敮㤠ⰳ椠⁮潣汬灡敳敟捸牧畯獰਍††慲獩⁥硥ൣ 䘠汩⁥䌢尺獕牥屳整档屡灁䑰瑡屡潌慣屬牐杯慲獭停瑹潨屮祐桴湯ㄳ尲楌屢楳整瀭捡慫敧屳瑳牡敬瑴履業摤敬慷敲扜獡⹥祰Ⱒ氠湩⁥㤱ⰱ椠⁮彟慣汬彟਍††敲灳湯敳㴠愠慷瑩猠汥⹦楤灳瑡档晟湵⡣敲畱獥ⱴ挠污彬敮瑸ഩ †††††††幞幞幞幞幞幞幞幞幞幞幞幞幞幞幞幞幞幞幞幞幞幞਍†楆敬∠㩃啜敳獲瑜捥慨作敮牄癩履敄歳潴屰慳敬⁳楡瀠慬晴潲屭慢正湥層灡屰業摤敬慷敲獜捥牵瑩⹹祰Ⱒ氠湩⁥ㄲⰲ椠⁮楤灳瑡档਍††慲獩⁥呈偔硅散瑰潩⡮਍慦瑳灡⹩硥散瑰潩獮䠮呔䕐捸灥楴湯›㈴㨹吠潯洠湡⁹敲畱獥獴‮慍楸畭⁭〶爠煥敵瑳⁳数⁲業畮整愠汬睯摥മഊ嬊〲㘲〭ⴳ㤲㈠㨰〳㐺⸹ㄳ㘱㐱⁝䥛㩄㈴挲㐸愲㘭搷ⴹ昴㌳愭㜸ⴴ搵攴扢ㅦ搳慥⁝剅㩒㐠㤲›潔⁯慭祮爠煥敵瑳⹳䴠硡浩浵㘠‰敲畱獥獴瀠牥洠湩瑵⁥污潬敷⹤਍†‫硅散瑰潩⁮片畯⁰牔捡扥捡⁫洨獯⁴敲散瑮挠污⁬慬瑳㨩਍†⁼†楆敬∠㩃啜敳獲瑜捥慨䅜灰慄慴䱜捯污停潲牧浡屳祐桴湯停瑹潨㍮㈱䱜扩獜瑩ⵥ慰正条獥獜慴汲瑥整彜瑵汩⹳祰Ⱒ氠湩⁥㜸‬湩挠汯慬獰彥硥杣潲灵൳ 簠††礠敩摬਍†⁼†楆敬∠㩃啜敳獲瑜捥慨䅜灰慄慴䱜捯污停潲牧浡屳祐桴湯停瑹潨㍮㈱䱜扩獜瑩ⵥ慰正条獥獜慴汲瑥整浜摩汤睥牡履慢敳瀮≹‬楬敮ㄠ〹‬湩张损污彬ൟ 簠††愠祳据眠瑩⁨湡楹⹯牣慥整瑟獡彫牧畯⡰ 獡琠獡彫牧畯㩰਍†⁼†楆敬∠㩃啜敳獲瑜捥慨䅜灰慄慴䱜捯污停潲牧浡屳祐桴湯停瑹潨㍮㈱䱜扩獜瑩ⵥ慰正条獥慜祮潩彜慢正湥獤彜獡湹楣⹯祰Ⱒ氠湩⁥㜶ⰸ椠⁮彟敡楸彴ൟ 簠††爠楡敳䈠獡䕥捸灥楴湯片畯⡰਍†⁼硅散瑰潩䝮潲灵›湵慨摮敬⁤牥潲獲椠⁮⁡慔歳片畯⁰ㄨ猠扵攭捸灥楴湯ഩ ⬠⬭ⴭⴭⴭⴭⴭⴭⴭⴭㄠⴠⴭⴭⴭⴭⴭⴭⴭഭ †簠吠慲散慢正⠠潭瑳爠捥湥⁴慣汬氠獡⥴ഺ †簠†䘠汩⁥䌢尺獕牥屳整档屡灁䑰瑡屡潌慣屬牐杯慲獭停瑹潨屮祐桴湯ㄳ尲楌屢楳整瀭捡慫敧屳瑳牡敬瑴履業摤敬慷敲敜牲牯⹳祰Ⱒ氠湩⁥㘱ⰴ椠⁮彟慣汬彟਍††⁼††睡楡⁴敳晬愮灰猨潣数‬敲散癩ⱥ张敳摮ഩ †簠†䘠汩⁥䌢尺獕牥屳整档屡灁䑰瑡屡潌慣屬牐杯慲獭停瑹潨屮祐桴湯ㄳ尲楌屢楳整瀭捡慫敧屳瑳牡敬瑴履業摤敬慷敲扜獡⹥祰Ⱒ氠湩⁥㠱ⰹ椠⁮彟慣汬彟਍††⁼††楷桴挠汯慬獰彥硥杣潲灵⡳㨩਍††⁼†楆敬∠㩃啜敳獲瑜捥慨䅜灰慄慴䱜捯污停潲牧浡屳祐桴湯停瑹潨㍮㈱䱜扩捜湯整瑸楬⹢祰Ⱒ氠湩⁥㔱ⰸ椠⁮彟硥瑩彟਍††⁼††敳晬朮湥琮牨睯瘨污敵ഩ †簠†䘠汩⁥䌢尺獕牥屳整档屡灁䑰瑡屡潌慣屬牐杯慲獭停瑹潨屮祐桴湯ㄳ尲楌屢楳整瀭捡慫敧屳瑳牡敬瑴履畟楴獬瀮≹‬楬敮㤠ⰳ椠⁮潣汬灡敳敟捸牧畯獰਍††⁼††慲獩⁥硥ൣ †簠†䘠汩⁥䌢尺獕牥屳整档屡灁䑰瑡屡潌慣屬牐杯慲獭停瑹潨屮祐桴湯ㄳ尲楌屢楳整瀭捡慫敧屳瑳牡敬瑴履業摤敬慷敲扜獡⹥祰Ⱒ氠湩⁥㤱ⰱ椠⁮彟慣汬彟਍††⁼††敲灳湯敳㴠愠慷瑩猠汥⹦楤灳瑡档晟湵⡣敲畱獥ⱴ挠污彬敮瑸ഩ †簠††††††††幞幞幞幞幞幞幞幞幞幞幞幞幞幞幞幞幞幞幞幞幞幞਍††⁼†楆敬∠㩃啜敳獲瑜捥慨作敮牄癩履敄歳潴屰慳敬⁳楡瀠慬晴潲屭慢正湥層灡屰業摤敬慷敲牜煥敵瑳损湯整瑸瀮≹‬楬敮㔠ⰶ椠⁮楤灳瑡档਍††⁼††慲獩⁥൥ †簠†䘠汩⁥䌢尺獕牥屳整档屡湏䑥楲敶䑜獥瑫灯獜污獥愠⁩汰瑡牦浯扜捡敫摮慜灰浜摩汤睥牡履敲畱獥彴潣瑮硥⹴祰Ⱒ氠湩⁥〵‬湩搠獩慰捴൨ †簠††爠獥潰獮⁥‽睡楡⁴慣汬湟硥⡴敲畱獥⥴਍††⁼†††††††帠幞幞幞幞幞幞幞幞幞幞幞൞ †簠†䘠汩⁥䌢尺獕牥屳整档屡灁䑰瑡屡潌慣屬牐杯慲獭停瑹潨屮祐桴湯ㄳ尲楌屢楳整瀭捡慫敧屳瑳牡敬瑴履業摤敬慷敲扜獡⹥祰Ⱒ氠湩⁥㘱ⰵ椠⁮慣汬湟硥൴ †簠††爠楡敳愠灰敟捸਍††⁼†楆敬∠㩃啜敳獲瑜捥慨䅜灰慄慴䱜捯污停潲牧浡屳祐桴湯停瑹潨㍮㈱䱜扩獜瑩ⵥ慰正条獥獜慴汲瑥整浜摩汤睥牡履慢敳瀮≹‬楬敮ㄠㄵ‬湩挠牯൯ †簠††愠慷瑩猠汥⹦灡⡰捳灯ⱥ爠捥楥敶潟彲楤捳湯敮瑣‬敳摮湟彯牥潲⥲਍††⁼†楆敬∠㩃啜敳獲瑜捥慨䅜灰慄慴䱜捯污停潲牧浡屳祐桴湯停瑹潨㍮㈱䱜扩獜瑩ⵥ慰正条獥獜慴汲瑥整浜摩汤睥牡履慢敳瀮≹‬楬敮ㄠ㤸‬湩张损污彬ൟ †簠††眠瑩⁨潣汬灡敳敟捸牧畯獰⤨ഺ †簠†䘠汩⁥䌢尺獕牥屳整档屡灁䑰瑡屡潌慣屬牐杯慲獭停瑹潨屮祐桴湯ㄳ尲楌屢潣瑮硥汴扩瀮≹‬楬敮ㄠ㠵‬湩张敟楸彴ൟ †簠††猠汥⹦敧⹮桴潲⡷慶畬⥥਍††⁼†楆敬∠㩃啜敳獲瑜捥慨䅜灰慄慴䱜捯污停潲牧浡屳祐桴湯停瑹潨㍮㈱䱜扩獜瑩ⵥ慰正条獥獜慴汲瑥整彜瑵汩⹳祰Ⱒ氠湩⁥㌹‬湩挠汯慬獰彥硥杣潲灵൳ †簠††爠楡敳攠捸਍††⁼†楆敬∠㩃啜敳獲瑜捥慨䅜灰慄慴䱜捯污停潲牧浡屳祐桴湯停瑹潨㍮㈱䱜扩獜瑩ⵥ慰正条獥獜慴汲瑥整浜摩汤睥牡履慢敳瀮≹‬楬敮ㄠㄹ‬湩张损污彬ൟ †簠††爠獥潰獮⁥‽睡楡⁴敳晬搮獩慰捴彨畦据爨煥敵瑳‬慣汬湟硥⥴਍††⁼†††††††帠幞幞幞幞幞幞幞幞幞幞幞幞幞幞幞幞幞幞幞幞幞൞ †簠†䘠汩⁥䌢尺獕牥屳整档屡湏䑥楲敶䑜獥瑫灯獜污獥愠⁩汰瑡牦浯扜捡敫摮慜灰浜摩汤睥牡履敳畣楲祴瀮≹‬楬敮㈠㈳‬湩搠獩慰捴൨ †簠††爠獥潰獮⁥‽睡楡⁴慣汬湟硥⡴敲畱獥⥴਍††⁼†††††††帠幞幞幞幞幞幞幞幞幞幞幞൞ †簠†䘠汩⁥䌢尺獕牥屳整档屡灁䑰瑡屡潌慣屬牐杯慲獭停瑹潨屮祐桴湯ㄳ尲楌屢楳整瀭捡慫敧屳瑳牡敬瑴履業摤敬慷敲扜獡⹥祰Ⱒ氠湩⁥㘱ⰵ椠⁮慣汬湟硥൴ †簠††爠楡敳愠灰敟捸਍††⁼†楆敬∠㩃啜敳獲瑜捥慨䅜灰慄慴䱜捯污停潲牧浡屳祐桴湯停瑹潨㍮㈱䱜扩獜瑩ⵥ慰正条獥獜慴汲瑥整浜摩汤睥牡履慢敳瀮≹‬楬敮ㄠㄵ‬湩挠牯൯ †簠††愠慷瑩猠汥⹦灡⡰捳灯ⱥ爠捥楥敶潟彲楤捳湯敮瑣‬敳摮湟彯牥潲⥲਍††⁼†楆敬∠㩃啜敳獲瑜捥慨䅜灰慄慴䱜捯污停潲牧浡屳祐桴湯停瑹潨㍮㈱䱜扩獜瑩ⵥ慰正条獥獜慴汲瑥整浜摩汤睥牡履慢敳瀮≹‬楬敮ㄠ㤸‬湩张损污彬ൟ †簠††眠瑩⁨潣汬灡敳敟捸牧畯獰⤨ഺ †簠†䘠汩⁥䌢尺獕牥屳整档屡灁䑰瑡屡潌慣屬牐杯慲獭停瑹潨屮祐桴湯ㄳ尲楌屢潣瑮硥汴扩瀮≹‬楬敮ㄠ㠵‬湩张敟楸彴ൟ †簠††猠汥⹦敧⹮桴潲⡷慶畬⥥਍††⁼†楆敬∠㩃啜敳獲瑜捥慨䅜灰慄慴䱜捯污停潲牧浡屳祐桴湯停瑹潨㍮㈱䱜扩獜瑩ⵥ慰正条獥獜慴汲瑥整彜瑵汩⹳祰Ⱒ氠湩⁥㌹‬湩挠汯慬獰彥硥杣潲灵൳ †簠††爠楡敳攠捸਍††⁼†楆敬∠㩃啜敳獲瑜捥慨䅜灰慄慴䱜捯污停潲牧浡屳祐桴湯停瑹潨㍮㈱䱜扩獜瑩ⵥ慰正条獥獜慴汲瑥整浜摩汤睥牡履慢敳瀮≹‬楬敮ㄠㄹ‬湩张损污彬ൟ †簠††爠獥潰獮⁥‽睡楡⁴敳晬搮獩慰捴彨畦据爨煥敵瑳‬慣汬湟硥⥴਍††⁼†††††††帠幞幞幞幞幞幞幞幞幞幞幞幞幞幞幞幞幞幞幞幞幞൞ †簠†䘠汩⁥䌢尺獕牥屳整档屡湏䑥楲敶䑜獥瑫灯獜污獥愠⁩汰瑡牦浯扜捡敫摮慜灰浜摩汤睥牡履敳畣楲祴瀮≹‬楬敮㈠㈱‬湩搠獩慰捴൨ †簠††爠楡敳䠠呔䕐捸灥楴湯ന †簠映獡慴楰攮捸灥楴湯⹳呈偔硅散瑰潩㩮㐠㤲›潔⁯慭祮爠煥敵瑳⹳䴠硡浩浵㘠‰敲畱獥獴瀠牥洠湩瑵⁥污潬敷⹤਍††⴫ⴭⴭⴭⴭⴭⴭⴭⴭⴭⴭⴭⴭⴭⴭⴭⴭⴭഭഊ䐊牵湩⁧慨摮楬杮漠⁦桴⁥扡癯⁥硥散瑰潩Ɱ愠潮桴牥攠捸灥楴湯漠捣牵敲㩤਍਍牔捡扥捡⁫洨獯⁴敲散瑮挠污⁬慬瑳㨩਍†楆敬∠㩃啜敳獲瑜捥慨䅜灰慄慴䱜捯污停潲牧浡屳祐桴湯停瑹潨㍮㈱䱜扩獜瑩ⵥ慰正条獥獜慴汲瑥整浜摩汤睥牡履牥潲獲瀮≹‬楬敮ㄠ㐶‬湩张损污彬ൟ †愠慷瑩猠汥⹦灡⡰捳灯ⱥ爠捥楥敶‬獟湥⥤਍†楆敬∠㩃啜敳獲瑜捥慨䅜灰慄慴䱜捯污停潲牧浡屳祐桴湯停瑹潨㍮㈱䱜扩獜瑩ⵥ慰正条獥獜慴汲瑥整浜摩汤睥牡履慢敳瀮≹‬楬敮ㄠ㤸‬湩张损污彬ൟ †眠瑩⁨潣汬灡敳敟捸牧畯獰⤨ഺ 䘠汩⁥䌢尺獕牥屳整档屡灁䑰瑡屡潌慣屬牐杯慲獭停瑹潨屮祐桴湯ㄳ尲楌屢潣瑮硥汴扩瀮≹‬楬敮ㄠ㠵‬湩张敟楸彴ൟ †猠汥⹦敧⹮桴潲⡷慶畬⥥਍†楆敬∠㩃啜敳獲瑜捥慨䅜灰慄慴䱜捯污停潲牧浡屳祐桴湯停瑹潨㍮㈱䱜扩獜瑩ⵥ慰正条獥獜慴汲瑥整彜瑵汩⹳祰Ⱒ氠湩⁥㌹‬湩挠汯慬獰彥硥杣潲灵൳ †爠楡敳攠捸਍†楆敬∠㩃啜敳獲瑜捥慨䅜灰慄慴䱜捯污停潲牧浡屳祐桴湯停瑹潨㍮㈱䱜扩獜瑩ⵥ慰正条獥獜慴汲瑥整浜摩汤睥牡履慢敳瀮≹‬楬敮ㄠㄹ‬湩张损污彬ൟ †爠獥潰獮⁥‽睡楡⁴敳晬搮獩慰捴彨畦据爨煥敵瑳‬慣汬湟硥⥴਍†††††††帠幞幞幞幞幞幞幞幞幞幞幞幞幞幞幞幞幞幞幞幞幞൞ 䘠汩⁥䌢尺獕牥屳整档屡湏䑥楲敶䑜獥瑫灯獜污獥愠⁩汰瑡牦浯扜捡敫摮慜灰浜摩汤睥牡履敲畱獥彴潣瑮硥⹴祰Ⱒ氠湩⁥㘵‬湩搠獩慰捴൨ †爠楡敳攠਍†楆敬∠㩃啜敳獲瑜捥慨作敮牄癩履敄歳潴屰慳敬⁳楡瀠慬晴潲屭慢正湥層灡屰業摤敬慷敲牜煥敵瑳损湯整瑸瀮≹‬楬敮㔠ⰰ椠⁮楤灳瑡档਍††敲灳湯敳㴠愠慷瑩挠污彬敮瑸爨煥敵瑳ഩ †††††††幞幞幞幞幞幞幞幞幞幞幞幞਍†楆敬∠㩃啜敳獲瑜捥慨䅜灰慄慴䱜捯污停潲牧浡屳祐桴湯停瑹潨㍮㈱䱜扩獜瑩ⵥ慰正条獥獜慴汲瑥整浜摩汤睥牡履慢敳瀮≹‬楬敮ㄠ㔶‬湩挠污彬敮瑸਍††慲獩⁥灡彰硥ൣ 䘠汩⁥䌢尺獕牥屳整档屡灁䑰瑡屡潌慣屬牐杯慲獭停瑹潨屮祐桴湯ㄳ尲楌屢楳整瀭捡慫敧屳瑳牡敬瑴履業摤敬慷敲扜獡⹥祰Ⱒ氠湩⁥㔱ⰱ椠⁮潣潲਍††睡楡⁴敳晬愮灰猨潣数‬敲散癩彥牯摟獩潣湮捥ⱴ猠湥彤潮敟牲牯ഩ 䘠汩⁥䌢尺獕牥屳整档屡灁䑰瑡屡潌慣屬牐杯慲獭停瑹潨屮祐桴湯ㄳ尲楌屢楳整瀭捡慫敧屳瑳牡敬瑴履業摤敬慷敲扜獡⹥祰Ⱒ氠湩⁥㠱ⰹ椠⁮彟慣汬彟਍††楷桴挠汯慬獰彥硥杣潲灵⡳㨩਍†楆敬∠㩃啜敳獲瑜捥慨䅜灰慄慴䱜捯污停潲牧浡屳祐桴湯停瑹潨㍮㈱䱜扩捜湯整瑸楬⹢祰Ⱒ氠湩⁥㔱ⰸ椠⁮彟硥瑩彟਍††敳晬朮湥琮牨睯瘨污敵ഩ 䘠汩⁥䌢尺獕牥屳整档屡灁䑰瑡屡潌慣屬牐杯慲獭停瑹潨屮祐桴湯ㄳ尲楌屢楳整瀭捡慫敧屳瑳牡敬瑴履畟楴獬瀮≹‬楬敮㤠ⰳ椠⁮潣汬灡敳敟捸牧畯獰਍††慲獩⁥硥ൣ 䘠汩⁥䌢尺獕牥屳整档屡灁䑰瑡屡潌慣屬牐杯慲獭停瑹潨屮祐桴湯ㄳ尲楌屢楳整瀭捡慫敧屳瑳牡敬瑴履業摤敬慷敲扜獡⹥祰Ⱒ氠湩⁥㤱ⰱ椠⁮彟慣汬彟਍††敲灳湯敳㴠愠慷瑩猠汥⹦楤灳瑡档晟湵⡣敲畱獥ⱴ挠污彬敮瑸ഩ †††††††幞幞幞幞幞幞幞幞幞幞幞幞幞幞幞幞幞幞幞幞幞幞਍†楆敬∠㩃啜敳獲瑜捥慨作敮牄癩履敄歳潴屰慳敬⁳楡瀠慬晴潲屭慢正湥層灡屰業摤敬慷敲獜捥牵瑩⹹祰Ⱒ氠湩⁥㌲ⰲ椠⁮楤灳瑡档਍††敲灳湯敳㴠愠慷瑩挠污彬敮瑸爨煥敵瑳ഩ †††††††幞幞幞幞幞幞幞幞幞幞幞幞਍†楆敬∠㩃啜敳獲瑜捥慨䅜灰慄慴䱜捯污停潲牧浡屳祐桴湯停瑹潨㍮㈱䱜扩獜瑩ⵥ慰正条獥獜慴汲瑥整浜摩汤睥牡履慢敳瀮≹‬楬敮ㄠ㔶‬湩挠污彬敮瑸਍††慲獩⁥灡彰硥ൣ 䘠汩⁥䌢尺獕牥屳整档屡灁䑰瑡屡潌慣屬牐杯慲獭停瑹潨屮祐桴湯ㄳ尲楌屢楳整瀭捡慫敧屳瑳牡敬瑴履業摤敬慷敲扜獡⹥祰Ⱒ氠湩⁥㔱ⰱ椠⁮潣潲਍††睡楡⁴敳晬愮灰猨潣数‬敲散癩彥牯摟獩潣湮捥ⱴ猠湥彤潮敟牲牯ഩ 䘠汩⁥䌢尺獕牥屳整档屡灁䑰瑡屡潌慣屬牐杯慲獭停瑹潨屮祐桴湯ㄳ尲楌屢楳整瀭捡慫敧屳瑳牡敬瑴履業摤敬慷敲扜獡⹥祰Ⱒ氠湩⁥㠱ⰹ椠⁮彟慣汬彟਍††楷桴挠汯慬獰彥硥杣潲灵⡳㨩਍†楆敬∠㩃啜敳獲瑜捥慨䅜灰慄慴䱜捯污停潲牧浡屳祐桴湯停瑹潨㍮㈱䱜扩捜湯整瑸楬⹢祰Ⱒ氠湩⁥㔱ⰸ椠⁮彟硥瑩彟਍††敳晬朮湥琮牨睯瘨污敵ഩ 䘠汩⁥䌢尺獕牥屳整档屡灁䑰瑡屡潌慣屬牐杯慲獭停瑹潨屮祐桴湯ㄳ尲楌屢楳整瀭捡慫敧屳瑳牡敬瑴履畟楴獬瀮≹‬楬敮㤠ⰳ椠⁮潣汬灡敳敟捸牧畯獰਍††慲獩⁥硥ൣ 䘠汩⁥䌢尺獕牥屳整档屡灁䑰瑡屡潌慣屬牐杯慲獭停瑹潨屮祐桴湯ㄳ尲楌屢楳整瀭捡慫敧屳瑳牡敬瑴履業摤敬慷敲扜獡⹥祰Ⱒ氠湩⁥㤱ⰱ椠⁮彟慣汬彟਍††敲灳湯敳㴠愠慷瑩猠汥⹦楤灳瑡档晟湵⡣敲畱獥ⱴ挠污彬敮瑸ഩ †††††††幞幞幞幞幞幞幞幞幞幞幞幞幞幞幞幞幞幞幞幞幞幞਍†楆敬∠㩃啜敳獲瑜捥慨作敮牄癩履敄歳潴屰慳敬⁳楡瀠慬晴潲屭慢正湥層灡屰業摤敬慷敲獜捥牵瑩⹹祰Ⱒ氠湩⁥ㄲⰲ椠⁮楤灳瑡档਍††慲獩⁥呈偔硅散瑰潩⡮਍慦瑳灡⹩硥散瑰潩獮䠮呔䕐捸灥楴湯›㈴㨹吠潯洠湡⁹敲畱獥獴‮慍楸畭⁭〶爠煥敵瑳⁳数⁲業畮整愠汬睯摥മഊ嬊〲㘲〭ⴳ㤲㈠㨰〳㐺⸹㌳㘶〲⁝䥛㩄ぢ昳敦昱戭㌷ⵣ昴㡡戭〶ⵢ㍤㑥㝤㡡㜲㝤⁝剅㩒㐠㤲›潔⁯慭祮爠煥敵瑳⹳䴠硡浩浵㘠‰敲畱獥獴瀠牥洠湩瑵⁥污潬敷⹤਍†‫硅散瑰潩⁮片畯⁰牔捡扥捡⁫洨獯⁴敲散瑮挠污⁬慬瑳㨩਍†⁼†楆敬∠㩃啜敳獲瑜捥慨䅜灰慄慴䱜捯污停潲牧浡屳祐桴湯停瑹潨㍮㈱䱜扩獜瑩ⵥ慰正条獥獜慴汲瑥整彜瑵汩⹳祰Ⱒ氠湩⁥㜸‬湩挠汯慬獰彥硥杣潲灵൳ 簠††礠敩摬਍†⁼†楆敬∠㩃啜敳獲瑜捥慨䅜灰慄慴䱜捯污停潲牧浡屳祐桴湯停瑹潨㍮㈱䱜扩獜瑩ⵥ慰正条獥獜慴汲瑥整浜摩汤睥牡履慢敳瀮≹‬楬敮ㄠ〹‬湩张损污彬ൟ 簠††愠祳据眠瑩⁨湡楹⹯牣慥整瑟獡彫牧畯⡰ 獡琠獡彫牧畯㩰਍†⁼†楆敬∠㩃啜敳獲瑜捥慨䅜灰慄慴䱜捯污停潲牧浡屳祐桴湯停瑹潨㍮㈱䱜扩獜瑩ⵥ慰正条獥慜祮潩彜慢正湥獤彜獡湹楣⹯祰Ⱒ氠湩⁥㜶ⰸ椠⁮彟敡楸彴ൟ 簠††爠楡敳䈠獡䕥捸灥楴湯片畯⡰਍†⁼硅散瑰潩䝮潲灵›湵慨摮敬⁤牥潲獲椠⁮⁡慔歳片畯⁰ㄨ猠扵攭捸灥楴湯ഩ ⬠⬭ⴭⴭⴭⴭⴭⴭⴭⴭㄠⴠⴭⴭⴭⴭⴭⴭⴭഭ †簠吠慲散慢正⠠潭瑳爠捥湥⁴慣汬氠獡⥴ഺ †簠†䘠汩⁥䌢尺獕牥屳整档屡灁䑰瑡屡潌慣屬牐杯慲獭停瑹潨屮祐桴湯ㄳ尲楌屢楳整瀭捡慫敧屳瑳牡敬瑴履業摤敬慷敲敜牲牯⹳祰Ⱒ氠湩⁥㘱ⰴ椠⁮彟慣汬彟਍††⁼††睡楡⁴敳晬愮灰猨潣数‬敲散癩ⱥ张敳摮ഩ †簠†䘠汩⁥䌢尺獕牥屳整档屡灁䑰瑡屡潌慣屬牐杯慲獭停瑹潨屮祐桴湯ㄳ尲楌屢楳整瀭捡慫敧屳瑳牡敬瑴履業摤敬慷敲扜獡⹥祰Ⱒ氠湩⁥㠱ⰹ椠⁮彟慣汬彟਍††⁼††楷桴挠汯慬獰彥硥杣潲灵⡳㨩਍††⁼†楆敬∠㩃啜敳獲瑜捥慨䅜灰慄慴䱜捯污停潲牧浡屳祐桴湯停瑹潨㍮㈱䱜扩捜湯整瑸楬⹢祰Ⱒ氠湩⁥㔱ⰸ椠⁮彟硥瑩彟਍††⁼††敳晬朮湥琮牨睯瘨污敵ഩ †簠†䘠汩⁥䌢尺獕牥屳整档屡灁䑰瑡屡潌慣屬牐杯慲獭停瑹潨屮祐桴湯ㄳ尲楌屢楳整瀭捡慫敧屳瑳牡敬瑴履畟楴獬瀮≹‬楬敮㤠ⰳ椠⁮潣汬灡敳敟捸牧畯獰਍††⁼††慲獩⁥硥ൣ †簠†䘠汩⁥䌢尺獕牥屳整档屡灁䑰瑡屡潌慣屬牐杯慲獭停瑹潨屮祐桴湯ㄳ尲楌屢楳整瀭捡慫敧屳瑳牡敬瑴履業摤敬慷敲扜獡⹥祰Ⱒ氠湩⁥㤱ⰱ椠⁮彟慣汬彟਍††⁼††敲灳湯敳㴠愠慷瑩猠汥⹦楤灳瑡档晟湵⡣敲畱獥ⱴ挠污彬敮瑸ഩ †簠††††††††幞幞幞幞幞幞幞幞幞幞幞幞幞幞幞幞幞幞幞幞幞幞਍††⁼†楆敬∠㩃啜敳獲瑜捥慨作敮牄癩履敄歳潴屰慳敬⁳楡瀠慬晴潲屭慢正湥層灡屰業摤敬慷敲牜煥敵瑳损湯整瑸瀮≹‬楬敮㔠ⰶ椠⁮楤灳瑡档਍††⁼††慲獩⁥൥ †簠†䘠汩⁥䌢尺獕牥屳整档屡湏䑥楲敶䑜獥瑫灯獜污獥愠⁩汰瑡牦浯扜捡敫摮慜灰浜摩汤睥牡履敲畱獥彴潣瑮硥⹴祰Ⱒ氠湩⁥〵‬湩搠獩慰捴൨ †簠††爠獥潰獮⁥‽睡楡⁴慣汬湟硥⡴敲畱獥⥴਍††⁼†††††††帠幞幞幞幞幞幞幞幞幞幞幞൞ †簠†䘠汩⁥䌢尺獕牥屳整档屡灁䑰瑡屡潌慣屬牐杯慲獭停瑹潨屮祐桴湯ㄳ尲楌屢楳整瀭捡慫敧屳瑳牡敬瑴履業摤敬慷敲扜獡⹥祰Ⱒ氠湩⁥㘱ⰵ椠⁮慣汬湟硥൴ †簠††爠楡敳愠灰敟捸਍††⁼†楆敬∠㩃啜敳獲瑜捥慨䅜灰慄慴䱜捯污停潲牧浡屳祐桴湯停瑹潨㍮㈱䱜扩獜瑩ⵥ慰正条獥獜慴汲瑥整浜摩汤睥牡履慢敳瀮≹‬楬敮ㄠㄵ‬湩挠牯൯ †簠††愠慷瑩猠汥⹦灡⡰捳灯ⱥ爠捥楥敶潟彲楤捳湯敮瑣‬敳摮湟彯牥潲⥲਍††⁼†楆敬∠㩃啜敳獲瑜捥慨䅜灰慄慴䱜捯污停潲牧浡屳祐桴湯停瑹潨㍮㈱䱜扩獜瑩ⵥ慰正条獥獜慴汲瑥整浜摩汤睥牡履慢敳瀮≹‬楬敮ㄠ㤸‬湩张损污彬ൟ †簠††眠瑩⁨潣汬灡敳敟捸牧畯獰⤨ഺ †簠†䘠汩⁥䌢尺獕牥屳整档屡灁䑰瑡屡潌慣屬牐杯慲獭停瑹潨屮祐桴湯ㄳ尲楌屢潣瑮硥汴扩瀮≹‬楬敮ㄠ㠵‬湩张敟楸彴ൟ †簠††猠汥⹦敧⹮桴潲⡷慶畬⥥਍††⁼†楆敬∠㩃啜敳獲瑜捥慨䅜灰慄慴䱜捯污停潲牧浡屳祐桴湯停瑹潨㍮㈱䱜扩獜瑩ⵥ慰正条獥獜慴汲瑥整彜瑵汩⹳祰Ⱒ氠湩⁥㌹‬湩挠汯慬獰彥硥杣潲灵൳ †簠††爠楡敳攠捸਍††⁼†楆敬∠㩃啜敳獲瑜捥慨䅜灰慄慴䱜捯污停潲牧浡屳祐桴湯停瑹潨㍮㈱䱜扩獜瑩ⵥ慰正条獥獜慴汲瑥整浜摩汤睥牡履慢敳瀮≹‬楬敮ㄠㄹ‬湩张损污彬ൟ †簠††爠獥潰獮⁥‽睡楡⁴敳晬搮獩慰捴彨畦据爨煥敵瑳‬慣汬湟硥⥴਍††⁼†††††††帠幞幞幞幞幞幞幞幞幞幞幞幞幞幞幞幞幞幞幞幞幞൞ †簠†䘠汩⁥䌢尺獕牥屳整档屡湏䑥楲敶䑜獥瑫灯獜污獥愠⁩汰瑡牦浯扜捡敫摮慜灰浜摩汤睥牡履敳畣楲祴瀮≹‬楬敮㈠㈳‬湩搠獩慰捴൨ †簠††爠獥潰獮⁥‽睡楡⁴慣汬湟硥⡴敲畱獥⥴਍††⁼†††††††帠幞幞幞幞幞幞幞幞幞幞幞൞ †簠†䘠汩⁥䌢尺獕牥屳整档屡灁䑰瑡屡潌慣屬牐杯慲獭停瑹潨屮祐桴湯ㄳ尲楌屢楳整瀭捡慫敧屳瑳牡敬瑴履業摤敬慷敲扜獡⹥祰Ⱒ氠湩⁥㘱ⰵ椠⁮慣汬湟硥൴ †簠††爠楡敳愠灰敟捸਍††⁼†楆敬∠㩃啜敳獲瑜捥慨䅜灰慄慴䱜捯污停潲牧浡屳祐桴湯停瑹潨㍮㈱䱜扩獜瑩ⵥ慰正条獥獜慴汲瑥整浜摩汤睥牡履慢敳瀮≹‬楬敮ㄠㄵ‬湩挠牯൯ †簠††愠慷瑩猠汥⹦灡⡰捳灯ⱥ爠捥楥敶潟彲楤捳湯敮瑣‬敳摮湟彯牥潲⥲਍††⁼†楆敬∠㩃啜敳獲瑜捥慨䅜灰慄慴䱜捯污停潲牧浡屳祐桴湯停瑹潨㍮㈱䱜扩獜瑩ⵥ慰正条獥獜慴汲瑥整浜摩汤睥牡履慢敳瀮≹‬楬敮ㄠ㤸‬湩张损污彬ൟ †簠††眠瑩⁨潣汬灡敳敟捸牧畯獰⤨ഺ †簠†䘠汩⁥䌢尺獕牥屳整档屡灁䑰瑡屡潌慣屬牐杯慲獭停瑹潨屮祐桴湯ㄳ尲楌屢潣瑮硥汴扩瀮≹‬楬敮ㄠ㠵‬湩张敟楸彴ൟ †簠††猠汥⹦敧⹮桴潲⡷慶畬⥥਍††⁼†楆敬∠㩃啜敳獲瑜捥慨䅜灰慄慴䱜捯污停潲牧浡屳祐桴湯停瑹潨㍮㈱䱜扩獜瑩ⵥ慰正条獥獜慴汲瑥整彜瑵汩⹳祰Ⱒ氠湩⁥㌹‬湩挠汯慬獰彥硥杣潲灵൳ †簠††爠楡敳攠捸਍††⁼†楆敬∠㩃啜敳獲瑜捥慨䅜灰慄慴䱜捯污停潲牧浡屳祐桴湯停瑹潨㍮㈱䱜扩獜瑩ⵥ慰正条獥獜慴汲瑥整浜摩汤睥牡履慢敳瀮≹‬楬敮ㄠㄹ‬湩张损污彬ൟ †簠††爠獥潰獮⁥‽睡楡⁴敳晬搮獩慰捴彨畦据爨煥敵瑳‬慣汬湟硥⥴਍††⁼†††††††帠幞幞幞幞幞幞幞幞幞幞幞幞幞幞幞幞幞幞幞幞幞൞ †簠†䘠汩⁥䌢尺獕牥屳整档屡湏䑥楲敶䑜獥瑫灯獜污獥愠⁩汰瑡牦浯扜捡敫摮慜灰浜摩汤睥牡履敳畣楲祴瀮≹‬楬敮㈠㈱‬湩搠獩慰捴൨ †簠††爠楡敳䠠呔䕐捸灥楴湯ന †簠映獡慴楰攮捸灥楴湯⹳呈偔硅散瑰潩㩮㐠㤲›潔⁯慭祮爠煥敵瑳⹳䴠硡浩浵㘠‰敲畱獥獴瀠牥洠湩瑵⁥污潬敷⹤਍††⴫ⴭⴭⴭⴭⴭⴭⴭⴭⴭⴭⴭⴭⴭⴭⴭⴭⴭഭഊ䐊牵湩⁧慨摮楬杮漠⁦桴⁥扡癯⁥硥散瑰潩Ɱ愠潮桴牥攠捸灥楴湯漠捣牵敲㩤਍਍牔捡扥捡⁫洨獯⁴敲散瑮挠污⁬慬瑳㨩਍†楆敬∠㩃啜敳獲瑜捥慨䅜灰慄慴䱜捯污停潲牧浡屳祐桴湯停瑹潨㍮㈱䱜扩獜瑩ⵥ慰正条獥獜慴汲瑥整浜摩汤睥牡履牥潲獲瀮≹‬楬敮ㄠ㐶‬湩张损污彬ൟ †愠慷瑩猠汥⹦灡⡰捳灯ⱥ爠捥楥敶‬獟湥⥤਍†楆敬∠㩃啜敳獲瑜捥慨䅜灰慄慴䱜捯污停潲牧浡屳祐桴湯停瑹潨㍮㈱䱜扩獜瑩ⵥ慰正条獥獜慴汲瑥整浜摩汤睥牡履慢敳瀮≹‬楬敮ㄠ㤸‬湩张损污彬ൟ †眠瑩⁨潣汬灡敳敟捸牧畯獰⤨ഺ 䘠汩⁥䌢尺獕牥屳整档屡灁䑰瑡屡潌慣屬牐杯慲獭停瑹潨屮祐桴湯ㄳ尲楌屢潣瑮硥汴扩瀮≹‬楬敮ㄠ㠵‬湩张敟楸彴ൟ †猠汥⹦敧⹮桴潲⡷慶畬⥥਍†楆敬∠㩃啜敳獲瑜捥慨䅜灰慄慴䱜捯污停潲牧浡屳祐桴湯停瑹潨㍮㈱䱜扩獜瑩ⵥ慰正条獥獜慴汲瑥整彜瑵汩⹳祰Ⱒ氠湩⁥㌹‬湩挠汯慬獰彥硥杣潲灵൳ †爠楡敳攠捸਍†楆敬∠㩃啜敳獲瑜捥慨䅜灰慄慴䱜捯污停潲牧浡屳祐桴湯停瑹潨㍮㈱䱜扩獜瑩ⵥ慰正条獥獜慴汲瑥整浜摩汤睥牡履慢敳瀮≹‬楬敮ㄠㄹ‬湩张损污彬ൟ †爠獥潰獮⁥‽睡楡⁴敳晬搮獩慰捴彨畦据爨煥敵瑳‬慣汬湟硥⥴਍†††††††帠幞幞幞幞幞幞幞幞幞幞幞幞幞幞幞幞幞幞幞幞幞൞ 䘠汩⁥䌢尺獕牥屳整档屡湏䑥楲敶䑜獥瑫灯獜污獥愠⁩汰瑡牦浯扜捡敫摮慜灰浜摩汤睥牡履敲畱獥彴潣瑮硥⹴祰Ⱒ氠湩⁥㘵‬湩搠獩慰捴൨ †爠楡敳攠਍†楆敬∠㩃啜敳獲瑜捥慨作敮牄癩履敄歳潴屰慳敬⁳楡瀠慬晴潲屭慢正湥層灡屰業摤敬慷敲牜煥敵瑳损湯整瑸瀮≹‬楬敮㔠ⰰ椠⁮楤灳瑡档਍††敲灳湯敳㴠愠慷瑩挠污彬敮瑸爨煥敵瑳ഩ †††††††幞幞幞幞幞幞幞幞幞幞幞幞਍†楆敬∠㩃啜敳獲瑜捥慨䅜灰慄慴䱜捯污停潲牧浡屳祐桴湯停瑹潨㍮㈱䱜扩獜瑩ⵥ慰正条獥獜慴汲瑥整浜摩汤睥牡履慢敳瀮≹‬楬敮ㄠ㔶‬湩挠污彬敮瑸਍††慲獩⁥灡彰硥ൣ 䘠汩⁥䌢尺獕牥屳整档屡灁䑰瑡屡潌慣屬牐杯慲獭停瑹潨屮祐桴湯ㄳ尲楌屢楳整瀭捡慫敧屳瑳牡敬瑴履業摤敬慷敲扜獡⹥祰Ⱒ氠湩⁥㔱ⰱ椠⁮潣潲਍††睡楡⁴敳晬愮灰猨潣数‬敲散癩彥牯摟獩潣湮捥ⱴ猠湥彤潮敟牲牯ഩ 䘠汩⁥䌢尺獕牥屳整档屡灁䑰瑡屡潌慣屬牐杯慲獭停瑹潨屮祐桴湯ㄳ尲楌屢楳整瀭捡慫敧屳瑳牡敬瑴履業摤敬慷敲扜獡⹥祰Ⱒ氠湩⁥㠱ⰹ椠⁮彟慣汬彟਍††楷桴挠汯慬獰彥硥杣潲灵⡳㨩਍†楆敬∠㩃啜敳獲瑜捥慨䅜灰慄慴䱜捯污停潲牧浡屳祐桴湯停瑹潨㍮㈱䱜扩捜湯整瑸楬⹢祰Ⱒ氠湩⁥㔱ⰸ椠⁮彟硥瑩彟਍††敳晬朮湥琮牨睯瘨污敵ഩ 䘠汩⁥䌢尺獕牥屳整档屡灁䑰瑡屡潌慣屬牐杯慲獭停瑹潨屮祐桴湯ㄳ尲楌屢楳整瀭捡慫敧屳瑳牡敬瑴履畟楴獬瀮≹‬楬敮㤠ⰳ椠⁮潣汬灡敳敟捸牧畯獰਍††慲獩⁥硥ൣ 䘠汩⁥䌢尺獕牥屳整档屡灁䑰瑡屡潌慣屬牐杯慲獭停瑹潨屮祐桴湯ㄳ尲楌屢楳整瀭捡慫敧屳瑳牡敬瑴履業摤敬慷敲扜獡⹥祰Ⱒ氠湩⁥㤱ⰱ椠⁮彟慣汬彟਍††敲灳湯敳㴠愠慷瑩猠汥⹦楤灳瑡档晟湵⡣敲畱獥ⱴ挠污彬敮瑸ഩ †††††††幞幞幞幞幞幞幞幞幞幞幞幞幞幞幞幞幞幞幞幞幞幞਍†楆敬∠㩃啜敳獲瑜捥慨作敮牄癩履敄歳潴屰慳敬⁳楡瀠慬晴潲屭慢正湥層灡屰業摤敬慷敲獜捥牵瑩⹹祰Ⱒ氠湩⁥㌲ⰲ椠⁮楤灳瑡档਍††敲灳湯敳㴠愠慷瑩挠污彬敮瑸爨煥敵瑳ഩ †††††††幞幞幞幞幞幞幞幞幞幞幞幞਍†楆敬∠㩃啜敳獲瑜捥慨䅜灰慄慴䱜捯污停潲牧浡屳祐桴湯停瑹潨㍮㈱䱜扩獜瑩ⵥ慰正条獥獜慴汲瑥整浜摩汤睥牡履慢敳瀮≹‬楬敮ㄠ㔶‬湩挠污彬敮瑸਍††慲獩⁥灡彰硥ൣ 䘠汩⁥䌢尺獕牥屳整档屡灁䑰瑡屡潌慣屬牐杯慲獭停瑹潨屮祐桴湯ㄳ尲楌屢楳整瀭捡慫敧屳瑳牡敬瑴履業摤敬慷敲扜獡⹥祰Ⱒ氠湩⁥㔱ⰱ椠⁮潣潲਍††睡楡⁴敳晬愮灰猨潣数‬敲散癩彥牯摟獩潣湮捥ⱴ猠湥彤潮敟牲牯ഩ 䘠汩⁥䌢尺獕牥屳整档屡灁䑰瑡屡潌慣屬牐杯慲獭停瑹潨屮祐桴湯ㄳ尲楌屢楳整瀭捡慫敧屳瑳牡敬瑴履業摤敬慷敲扜獡⹥祰Ⱒ氠湩⁥㠱ⰹ椠⁮彟慣汬彟਍††楷桴挠汯慬獰彥硥杣潲灵⡳㨩਍†楆敬∠㩃啜敳獲瑜捥慨䅜灰慄慴䱜捯污停潲牧浡屳祐桴湯停瑹潨㍮㈱䱜扩捜湯整瑸楬⹢祰Ⱒ氠湩⁥㔱ⰸ椠⁮彟硥瑩彟਍††敳晬朮湥琮牨睯瘨污敵ഩ 䘠汩⁥䌢尺獕牥屳整档屡灁䑰瑡屡潌慣屬牐杯慲獭停瑹潨屮祐桴湯ㄳ尲楌屢楳整瀭捡慫敧屳瑳牡敬瑴履畟楴獬瀮≹‬楬敮㤠ⰳ椠⁮潣汬灡敳敟捸牧畯獰਍††慲獩⁥硥ൣ 䘠汩⁥䌢尺獕牥屳整档屡灁䑰瑡屡潌慣屬牐杯慲獭停瑹潨屮祐桴湯ㄳ尲楌屢楳整瀭捡慫敧屳瑳牡敬瑴履業摤敬慷敲扜獡⹥祰Ⱒ氠湩⁥㤱ⰱ椠⁮彟慣汬彟਍††敲灳湯敳㴠愠慷瑩猠汥⹦楤灳瑡档晟湵⡣敲畱獥ⱴ挠污彬敮瑸ഩ †††††††幞幞幞幞幞幞幞幞幞幞幞幞幞幞幞幞幞幞幞幞幞幞਍†楆敬∠㩃啜敳獲瑜捥慨作敮牄癩履敄歳潴屰慳敬⁳楡瀠慬晴潲屭慢正湥層灡屰業摤敬慷敲獜捥牵瑩⹹祰Ⱒ氠湩⁥ㄲⰲ椠⁮楤灳瑡档਍††慲獩⁥呈偔硅散瑰潩⡮਍慦瑳灡⹩硥散瑰潩獮䠮呔䕐捸灥楴湯›㈴㨹吠潯洠湡⁹敲畱獥獴‮慍楸畭⁭〶爠煥敵瑳⁳数⁲業畮整愠汬睯摥മഊ嬊〲㘲〭ⴳ㤲㈠㨰〳㐺⸹㌴㈸〲⁝䥛㩄敢扤摤づ㜭扡ⴱ㔴搸㤭愷ⴸ㈲㈱㕣㑢扥㍢⁝剅㩒㐠㤲›潔⁯慭祮爠煥敵瑳⹳䴠硡浩浵㘠‰敲畱獥獴瀠牥洠湩瑵⁥污潬敷⹤਍†‫硅散瑰潩⁮片畯⁰牔捡扥捡⁫洨獯⁴敲散瑮挠污⁬慬瑳㨩਍†⁼†楆敬∠㩃啜敳獲瑜捥慨䅜灰慄慴䱜捯污停潲牧浡屳祐桴湯停瑹潨㍮㈱䱜扩獜瑩ⵥ慰正条獥獜慴汲瑥整彜瑵汩⹳祰Ⱒ氠湩⁥㜸‬湩挠汯慬獰彥硥杣潲灵൳ 簠††礠敩摬਍†⁼†楆敬∠㩃啜敳獲瑜捥慨䅜灰慄慴䱜捯污停潲牧浡屳祐桴湯停瑹潨㍮㈱䱜扩獜瑩ⵥ慰正条獥獜慴汲瑥整浜摩汤睥牡履慢敳瀮≹‬楬敮ㄠ〹‬湩张损污彬ൟ 簠††愠祳据眠瑩⁨湡楹⹯牣慥整瑟獡彫牧畯⡰ 獡琠獡彫牧畯㩰਍†⁼†楆敬∠㩃啜敳獲瑜捥慨䅜灰慄慴䱜捯污停潲牧浡屳祐桴湯停瑹潨㍮㈱䱜扩獜瑩ⵥ慰正条獥慜祮潩彜慢正湥獤彜獡湹楣⹯祰Ⱒ氠湩⁥㜶ⰸ椠⁮彟敡楸彴ൟ 簠††爠楡敳䈠獡䕥捸灥楴湯片畯⡰਍†⁼硅散瑰潩䝮潲灵›湵慨摮敬⁤牥潲獲椠⁮⁡慔歳片畯⁰ㄨ猠扵攭捸灥楴湯ഩ ⬠⬭ⴭⴭⴭⴭⴭⴭⴭⴭㄠⴠⴭⴭⴭⴭⴭⴭⴭഭ †簠吠慲散慢正⠠潭瑳爠捥湥⁴慣汬氠獡⥴ഺ †簠†䘠汩⁥䌢尺獕牥屳整档屡灁䑰瑡屡潌慣屬牐杯慲獭停瑹潨屮祐桴湯ㄳ尲楌屢楳整瀭捡慫敧屳瑳牡敬瑴履業摤敬慷敲敜牲牯⹳祰Ⱒ氠湩⁥㘱ⰴ椠⁮彟慣汬彟਍††⁼††睡楡⁴敳晬愮灰猨潣数‬敲散癩ⱥ张敳摮ഩ †簠†䘠汩⁥䌢尺獕牥屳整档屡灁䑰瑡屡潌慣屬牐杯慲獭停瑹潨屮祐桴湯ㄳ尲楌屢楳整瀭捡慫敧屳瑳牡敬瑴履業摤敬慷敲扜獡⹥祰Ⱒ氠湩⁥㠱ⰹ椠⁮彟慣汬彟਍††⁼††楷桴挠汯慬獰彥硥杣潲灵⡳㨩਍††⁼†楆敬∠㩃啜敳獲瑜捥慨䅜灰慄慴䱜捯污停潲牧浡屳祐桴湯停瑹潨㍮㈱䱜扩捜湯整瑸楬⹢祰Ⱒ氠湩⁥㔱ⰸ椠⁮彟硥瑩彟਍††⁼††敳晬朮湥琮牨睯瘨污敵ഩ †簠†䘠汩⁥䌢尺獕牥屳整档屡灁䑰瑡屡潌慣屬牐杯慲獭停瑹潨屮祐桴湯ㄳ尲楌屢楳整瀭捡慫敧屳瑳牡敬瑴履畟楴獬瀮≹‬楬敮㤠ⰳ椠⁮潣汬灡敳敟捸牧畯獰਍††⁼††慲獩⁥硥ൣ †簠†䘠汩⁥䌢尺獕牥屳整档屡灁䑰瑡屡潌慣屬牐杯慲獭停瑹潨屮祐桴湯ㄳ尲楌屢楳整瀭捡慫敧屳瑳牡敬瑴履業摤敬慷敲扜獡⹥祰Ⱒ氠湩⁥㤱ⰱ椠⁮彟慣汬彟਍††⁼††敲灳湯敳㴠愠慷瑩猠汥⹦楤灳瑡档晟湵⡣敲畱獥ⱴ挠污彬敮瑸ഩ †簠††††††††幞幞幞幞幞幞幞幞幞幞幞幞幞幞幞幞幞幞幞幞幞幞਍††⁼†楆敬∠㩃啜敳獲瑜捥慨作敮牄癩履敄歳潴屰慳敬⁳楡瀠慬晴潲屭慢正湥層灡屰業摤敬慷敲牜煥敵瑳损湯整瑸瀮≹‬楬敮㔠ⰶ椠⁮楤灳瑡档਍††⁼††慲獩⁥൥ †簠†䘠汩⁥䌢尺獕牥屳整档屡湏䑥楲敶䑜獥瑫灯獜污獥愠⁩汰瑡牦浯扜捡敫摮慜灰浜摩汤睥牡履敲畱獥彴潣瑮硥⹴祰Ⱒ氠湩⁥〵‬湩搠獩慰捴൨ †簠††爠獥潰獮⁥‽睡楡⁴慣汬湟硥⡴敲畱獥⥴਍††⁼†††††††帠幞幞幞幞幞幞幞幞幞幞幞൞ †簠†䘠汩⁥䌢尺獕牥屳整档屡灁䑰瑡屡潌慣屬牐杯慲獭停瑹潨屮祐桴湯ㄳ尲楌屢楳整瀭捡慫敧屳瑳牡敬瑴履業摤敬慷敲扜獡⹥祰Ⱒ氠湩⁥㘱ⰵ椠⁮慣汬湟硥൴ †簠††爠楡敳愠灰敟捸਍††⁼†楆敬∠㩃啜敳獲瑜捥慨䅜灰慄慴䱜捯污停潲牧浡屳祐桴湯停瑹潨㍮㈱䱜扩獜瑩ⵥ慰正条獥獜慴汲瑥整浜摩汤睥牡履慢敳瀮≹‬楬敮ㄠㄵ‬湩挠牯൯ †簠††愠慷瑩猠汥⹦灡⡰捳灯ⱥ爠捥楥敶潟彲楤捳湯敮瑣‬敳摮湟彯牥潲⥲਍††⁼†楆敬∠㩃啜敳獲瑜捥慨䅜灰慄慴䱜捯污停潲牧浡屳祐桴湯停瑹潨㍮㈱䱜扩獜瑩ⵥ慰正条獥獜慴汲瑥整浜摩汤睥牡履慢敳瀮≹‬楬敮ㄠ㤸‬湩张损污彬ൟ †簠††眠瑩⁨潣汬灡敳敟捸牧畯獰⤨ഺ †簠†䘠汩⁥䌢尺獕牥屳整档屡灁䑰瑡屡潌慣屬牐杯慲獭停瑹潨屮祐桴湯ㄳ尲楌屢潣瑮硥汴扩瀮≹‬楬敮ㄠ㠵‬湩张敟楸彴ൟ †簠††猠汥⹦敧⹮桴潲⡷慶畬⥥਍††⁼†楆敬∠㩃啜敳獲瑜捥慨䅜灰慄慴䱜捯污停潲牧浡屳祐桴湯停瑹潨㍮㈱䱜扩獜瑩ⵥ慰正条獥獜慴汲瑥整彜瑵汩⹳祰Ⱒ氠湩⁥㌹‬湩挠汯慬獰彥硥杣潲灵൳ †簠††爠楡敳攠捸਍††⁼†楆敬∠㩃啜敳獲瑜捥慨䅜灰慄慴䱜捯污停潲牧浡屳祐桴湯停瑹潨㍮㈱䱜扩獜瑩ⵥ慰正条獥獜慴汲瑥整浜摩汤睥牡履慢敳瀮≹‬楬敮ㄠㄹ‬湩张损污彬ൟ †簠††爠獥潰獮⁥‽睡楡⁴敳晬搮獩慰捴彨畦据爨煥敵瑳‬慣汬湟硥⥴਍††⁼†††††††帠幞幞幞幞幞幞幞幞幞幞幞幞幞幞幞幞幞幞幞幞幞൞ †簠†䘠汩⁥䌢尺獕牥屳整档屡湏䑥楲敶䑜獥瑫灯獜污獥愠⁩汰瑡牦浯扜捡敫摮慜灰浜摩汤睥牡履敳畣楲祴瀮≹‬楬敮㈠㈳‬湩搠獩慰捴൨ †簠††爠獥潰獮⁥‽睡楡⁴慣汬湟硥⡴敲畱獥⥴਍††⁼†††††††帠幞幞幞幞幞幞幞幞幞幞幞൞ †簠†䘠汩⁥䌢尺獕牥屳整档屡灁䑰瑡屡潌慣屬牐杯慲獭停瑹潨屮祐桴湯ㄳ尲楌屢楳整瀭捡慫敧屳瑳牡敬瑴履業摤敬慷敲扜獡⹥祰Ⱒ氠湩⁥㘱ⰵ椠⁮慣汬湟硥൴ †簠††爠楡敳愠灰敟捸਍††⁼†楆敬∠㩃啜敳獲瑜捥慨䅜灰慄慴䱜捯污停潲牧浡屳祐桴湯停瑹潨㍮㈱䱜扩獜瑩ⵥ慰正条獥獜慴汲瑥整浜摩汤睥牡履慢敳瀮≹‬楬敮ㄠㄵ‬湩挠牯൯ †簠††愠慷瑩猠汥⹦灡⡰捳灯ⱥ爠捥楥敶潟彲楤捳湯敮瑣‬敳摮湟彯牥潲⥲਍††⁼†楆敬∠㩃啜敳獲瑜捥慨䅜灰慄慴䱜捯污停潲牧浡屳祐桴湯停瑹潨㍮㈱䱜扩獜瑩ⵥ慰正条獥獜慴汲瑥整浜摩汤睥牡履慢敳瀮≹‬楬敮ㄠ㤸‬湩张损污彬ൟ †簠††眠瑩⁨潣汬灡敳敟捸牧畯獰⤨ഺ †簠†䘠汩⁥䌢尺獕牥屳整档屡灁䑰瑡屡潌慣屬牐杯慲獭停瑹潨屮祐桴湯ㄳ尲楌屢潣瑮硥汴扩瀮≹‬楬敮ㄠ㠵‬湩张敟楸彴ൟ †簠††猠汥⹦敧⹮桴潲⡷慶畬⥥਍††⁼†楆敬∠㩃啜敳獲瑜捥慨䅜灰慄慴䱜捯污停潲牧浡屳祐桴湯停瑹潨㍮㈱䱜扩獜瑩ⵥ慰正条獥獜慴汲瑥整彜瑵汩⹳祰Ⱒ氠湩⁥㌹‬湩挠汯慬獰彥硥杣潲灵൳ †簠††爠楡敳攠捸਍††⁼†楆敬∠㩃啜敳獲瑜捥慨䅜灰慄慴䱜捯污停潲牧浡屳祐桴湯停瑹潨㍮㈱䱜扩獜瑩ⵥ慰正条獥獜慴汲瑥整浜摩汤睥牡履慢敳瀮≹‬楬敮ㄠㄹ‬湩张损污彬ൟ †簠††爠獥潰獮⁥‽睡楡⁴敳晬搮獩慰捴彨畦据爨煥敵瑳‬慣汬湟硥⥴਍††⁼†††††††帠幞幞幞幞幞幞幞幞幞幞幞幞幞幞幞幞幞幞幞幞幞൞ †簠†䘠汩⁥䌢尺獕牥屳整档屡湏䑥楲敶䑜獥瑫灯獜污獥愠⁩汰瑡牦浯扜捡敫摮慜灰浜摩汤睥牡履敳畣楲祴瀮≹‬楬敮㈠㈱‬湩搠獩慰捴൨ †簠††爠楡敳䠠呔䕐捸灥楴湯ന †簠映獡慴楰攮捸灥楴湯⹳呈偔硅散瑰潩㩮㐠㤲›潔⁯慭祮爠煥敵瑳⹳䴠硡浩浵㘠‰敲畱獥獴瀠牥洠湩瑵⁥污潬敷⹤਍††⴫ⴭⴭⴭⴭⴭⴭⴭⴭⴭⴭⴭⴭⴭⴭⴭⴭⴭഭഊ䐊牵湩⁧慨摮楬杮漠⁦桴⁥扡癯⁥硥散瑰潩Ɱ愠潮桴牥攠捸灥楴湯漠捣牵敲㩤਍਍牔捡扥捡⁫洨獯⁴敲散瑮挠污⁬慬瑳㨩਍†楆敬∠㩃啜敳獲瑜捥慨䅜灰慄慴䱜捯污停潲牧浡屳祐桴湯停瑹潨㍮㈱䱜扩獜瑩ⵥ慰正条獥獜慴汲瑥整浜摩汤睥牡履牥潲獲瀮≹‬楬敮ㄠ㐶‬湩张损污彬ൟ †愠慷瑩猠汥⹦灡⡰捳灯ⱥ爠捥楥敶‬獟湥⥤਍†楆敬∠㩃啜敳獲瑜捥慨䅜灰慄慴䱜捯污停潲牧浡屳祐桴湯停瑹潨㍮㈱䱜扩獜瑩ⵥ慰正条獥獜慴汲瑥整浜摩汤睥牡履慢敳瀮≹‬楬敮ㄠ㤸‬湩张损污彬ൟ †眠瑩⁨潣汬灡敳敟捸牧畯獰⤨ഺ 䘠汩⁥䌢尺獕牥屳整档屡灁䑰瑡屡潌慣屬牐杯慲獭停瑹潨屮祐桴湯ㄳ尲楌屢潣瑮硥汴扩瀮≹‬楬敮ㄠ㠵‬湩张敟楸彴ൟ †猠汥⹦敧⹮桴潲⡷慶畬⥥਍†楆敬∠㩃啜敳獲瑜捥慨䅜灰慄慴䱜捯污停潲牧浡屳祐桴湯停瑹潨㍮㈱䱜扩獜瑩ⵥ慰正条獥獜慴汲瑥整彜瑵汩⹳祰Ⱒ氠湩⁥㌹‬湩挠汯慬獰彥硥杣潲灵൳ †爠楡敳攠捸਍†楆敬∠㩃啜敳獲瑜捥慨䅜灰慄慴䱜捯污停潲牧浡屳祐桴湯停瑹潨㍮㈱䱜扩獜瑩ⵥ慰正条獥獜慴汲瑥整浜摩汤睥牡履慢敳瀮≹‬楬敮ㄠㄹ‬湩张损污彬ൟ †爠獥潰獮⁥‽睡楡⁴敳晬搮獩慰捴彨畦据爨煥敵瑳‬慣汬湟硥⥴਍†††††††帠幞幞幞幞幞幞幞幞幞幞幞幞幞幞幞幞幞幞幞幞幞൞ 䘠汩⁥䌢尺獕牥屳整档屡湏䑥楲敶䑜獥瑫灯獜污獥愠⁩汰瑡牦浯扜捡敫摮慜灰浜摩汤睥牡履敲畱獥彴潣瑮硥⹴祰Ⱒ氠湩⁥㘵‬湩搠獩慰捴൨ †爠楡敳攠਍†楆敬∠㩃啜敳獲瑜捥慨作敮牄癩履敄歳潴屰慳敬⁳楡瀠慬晴潲屭慢正湥層灡屰業摤敬慷敲牜煥敵瑳损湯整瑸瀮≹‬楬敮㔠ⰰ椠⁮楤灳瑡档਍††敲灳湯敳㴠愠慷瑩挠污彬敮瑸爨煥敵瑳ഩ †††††††幞幞幞幞幞幞幞幞幞幞幞幞਍†楆敬∠㩃啜敳獲瑜捥慨䅜灰慄慴䱜捯污停潲牧浡屳祐桴湯停瑹潨㍮㈱䱜扩獜瑩ⵥ慰正条獥獜慴汲瑥整浜摩汤睥牡履慢敳瀮≹‬楬敮ㄠ㔶‬湩挠污彬敮瑸਍††慲獩⁥灡彰硥ൣ 䘠汩⁥䌢尺獕牥屳整档屡灁䑰瑡屡潌慣屬牐杯慲獭停瑹潨屮祐桴湯ㄳ尲楌屢楳整瀭捡慫敧屳瑳牡敬瑴履業摤敬慷敲扜獡⹥祰Ⱒ氠湩⁥㔱ⰱ椠⁮潣潲਍††睡楡⁴敳晬愮灰猨潣数‬敲散癩彥牯摟獩潣湮捥ⱴ猠湥彤潮敟牲牯ഩ 䘠汩⁥䌢尺獕牥屳整档屡灁䑰瑡屡潌慣屬牐杯慲獭停瑹潨屮祐桴湯ㄳ尲楌屢楳整瀭捡慫敧屳瑳牡敬瑴履業摤敬慷敲扜獡⹥祰Ⱒ氠湩⁥㠱ⰹ椠⁮彟慣汬彟਍††楷桴挠汯慬獰彥硥杣潲灵⡳㨩਍†楆敬∠㩃啜敳獲瑜捥慨䅜灰慄慴䱜捯污停潲牧浡屳祐桴湯停瑹潨㍮㈱䱜扩捜湯整瑸楬⹢祰Ⱒ氠湩⁥㔱ⰸ椠⁮彟硥瑩彟਍††敳晬朮湥琮牨睯瘨污敵ഩ 䘠汩⁥䌢尺獕牥屳整档屡灁䑰瑡屡潌慣屬牐杯慲獭停瑹潨屮祐桴湯ㄳ尲楌屢楳整瀭捡慫敧屳瑳牡敬瑴履畟楴獬瀮≹‬楬敮㤠ⰳ椠⁮潣汬灡敳敟捸牧畯獰਍††慲獩⁥硥ൣ 䘠汩⁥䌢尺獕牥屳整档屡灁䑰瑡屡潌慣屬牐杯慲獭停瑹潨屮祐桴湯ㄳ尲楌屢楳整瀭捡慫敧屳瑳牡敬瑴履業摤敬慷敲扜獡⹥祰Ⱒ氠湩⁥㤱ⰱ椠⁮彟慣汬彟਍††敲灳湯敳㴠愠慷瑩猠汥⹦楤灳瑡档晟湵⡣敲畱獥ⱴ挠污彬敮瑸ഩ †††††††幞幞幞幞幞幞幞幞幞幞幞幞幞幞幞幞幞幞幞幞幞幞਍†楆敬∠㩃啜敳獲瑜捥慨作敮牄癩履敄歳潴屰慳敬⁳楡瀠慬晴潲屭慢正湥層灡屰業摤敬慷敲獜捥牵瑩⹹祰Ⱒ氠湩⁥㌲ⰲ椠⁮楤灳瑡档਍††敲灳湯敳㴠愠慷瑩挠污彬敮瑸爨煥敵瑳ഩ †††††††幞幞幞幞幞幞幞幞幞幞幞幞਍†楆敬∠㩃啜敳獲瑜捥慨䅜灰慄慴䱜捯污停潲牧浡屳祐桴湯停瑹潨㍮㈱䱜扩獜瑩ⵥ慰正条獥獜慴汲瑥整浜摩汤睥牡履慢敳瀮≹‬楬敮ㄠ㔶‬湩挠污彬敮瑸਍††慲獩⁥灡彰硥ൣ 䘠汩⁥䌢尺獕牥屳整档屡灁䑰瑡屡潌慣屬牐杯慲獭停瑹潨屮祐桴湯ㄳ尲楌屢楳整瀭捡慫敧屳瑳牡敬瑴履業摤敬慷敲扜獡⹥祰Ⱒ氠湩⁥㔱ⰱ椠⁮潣潲਍††睡楡⁴敳晬愮灰猨潣数‬敲散癩彥牯摟獩潣湮捥ⱴ猠湥彤潮敟牲牯ഩ 䘠汩⁥䌢尺獕牥屳整档屡灁䑰瑡屡潌慣屬牐杯慲獭停瑹潨屮祐桴湯ㄳ尲楌屢楳整瀭捡慫敧屳瑳牡敬瑴履業摤敬慷敲扜獡⹥祰Ⱒ氠湩⁥㠱ⰹ椠⁮彟慣汬彟਍††楷桴挠汯慬獰彥硥杣潲灵⡳㨩਍†楆敬∠㩃啜敳獲瑜捥慨䅜灰慄慴䱜捯污停潲牧浡屳祐桴湯停瑹潨㍮㈱䱜扩捜湯整瑸楬⹢祰Ⱒ氠湩⁥㔱ⰸ椠⁮彟硥瑩彟਍††敳晬朮湥琮牨睯瘨污敵ഩ 䘠汩⁥䌢尺獕牥屳整档屡灁䑰瑡屡潌慣屬牐杯慲獭停瑹潨屮祐桴湯ㄳ尲楌屢楳整瀭捡慫敧屳瑳牡敬瑴履畟楴獬瀮≹‬楬敮㤠ⰳ椠⁮潣汬灡敳敟捸牧畯獰਍††慲獩⁥硥ൣ 䘠汩⁥䌢尺獕牥屳整档屡灁䑰瑡屡潌慣屬牐杯慲獭停瑹潨屮祐桴湯ㄳ尲楌屢楳整瀭捡慫敧屳瑳牡敬瑴履業摤敬慷敲扜獡⹥祰Ⱒ氠湩⁥㤱ⰱ椠⁮彟慣汬彟਍††敲灳湯敳㴠愠慷瑩猠汥⹦楤灳瑡档晟湵⡣敲畱獥ⱴ挠污彬敮瑸ഩ †††††††幞幞幞幞幞幞幞幞幞幞幞幞幞幞幞幞幞幞幞幞幞幞਍†楆敬∠㩃啜敳獲瑜捥慨作敮牄癩履敄歳潴屰慳敬⁳楡瀠慬晴潲屭慢正湥層灡屰業摤敬慷敲獜捥牵瑩⹹祰Ⱒ氠湩⁥ㄲⰲ椠⁮楤灳瑡档਍††慲獩⁥呈偔硅散瑰潩⡮਍慦瑳灡⹩硥散瑰潩獮䠮呔䕐捸灥楴湯›㈴㨹吠潯洠湡⁹敲畱獥獴‮慍楸畭⁭〶爠煥敵瑳⁳数⁲業畮整愠汬睯摥മഊ嬊〲㘲〭ⴳ㤲㈠㨰〳㔺⸷㈰㈹〰⁝䥛㩄㘴㌳晣㘱㌭攵ⴶ㜴㔰戭㙤ⴶ㔰ㅤ㙤㑣㑡敡⁝剅㩒㐠㤲›潔⁯慭祮爠煥敵瑳⹳䴠硡浩浵㘠‰敲畱獥獴瀠牥洠湩瑵⁥污潬敷⹤਍†‫硅散瑰潩⁮片畯⁰牔捡扥捡⁫洨獯⁴敲散瑮挠污⁬慬瑳㨩਍†⁼†楆敬∠㩃啜敳獲瑜捥慨䅜灰慄慴䱜捯污停潲牧浡屳祐桴湯停瑹潨㍮㈱䱜扩獜瑩ⵥ慰正条獥獜慴汲瑥整彜瑵汩⹳祰Ⱒ氠湩⁥㜸‬湩挠汯慬獰彥硥杣潲灵൳ 簠††礠敩摬਍†⁼†楆敬∠㩃啜敳獲瑜捥慨䅜灰慄慴䱜捯污停潲牧浡屳祐桴湯停瑹潨㍮㈱䱜扩獜瑩ⵥ慰正条獥獜慴汲瑥整浜摩汤睥牡履慢敳瀮≹‬楬敮ㄠ〹‬湩张损污彬ൟ 簠††愠祳据眠瑩⁨湡楹⹯牣慥整瑟獡彫牧畯⡰ 獡琠獡彫牧畯㩰਍†⁼†楆敬∠㩃啜敳獲瑜捥慨䅜灰慄慴䱜捯污停潲牧浡屳祐桴湯停瑹潨㍮㈱䱜扩獜瑩ⵥ慰正条獥慜祮潩彜慢正湥獤彜獡湹楣⹯祰Ⱒ氠湩⁥㜶ⰸ椠⁮彟敡楸彴ൟ 簠††爠楡敳䈠獡䕥捸灥楴湯片畯⡰਍†⁼硅散瑰潩䝮潲灵›湵慨摮敬⁤牥潲獲椠⁮⁡慔歳片畯⁰ㄨ猠扵攭捸灥楴湯ഩ ⬠⬭ⴭⴭⴭⴭⴭⴭⴭⴭㄠⴠⴭⴭⴭⴭⴭⴭⴭഭ †簠吠慲散慢正⠠潭瑳爠捥湥⁴慣汬氠獡⥴ഺ †簠†䘠汩⁥䌢尺獕牥屳整档屡灁䑰瑡屡潌慣屬牐杯慲獭停瑹潨屮祐桴湯ㄳ尲楌屢楳整瀭捡慫敧屳瑳牡敬瑴履業摤敬慷敲敜牲牯⹳祰Ⱒ氠湩⁥㘱ⰴ椠⁮彟慣汬彟਍††⁼††睡楡⁴敳晬愮灰猨潣数‬敲散癩ⱥ张敳摮ഩ †簠†䘠汩⁥䌢尺獕牥屳整档屡灁䑰瑡屡潌慣屬牐杯慲獭停瑹潨屮祐桴湯ㄳ尲楌屢楳整瀭捡慫敧屳瑳牡敬瑴履業摤敬慷敲扜獡⹥祰Ⱒ氠湩⁥㠱ⰹ椠⁮彟慣汬彟਍††⁼††楷桴挠汯慬獰彥硥杣潲灵⡳㨩਍††⁼†楆敬∠㩃啜敳獲瑜捥慨䅜灰慄慴䱜捯污停潲牧浡屳祐桴湯停瑹潨㍮㈱䱜扩捜湯整瑸楬⹢祰Ⱒ氠湩⁥㔱ⰸ椠⁮彟硥瑩彟਍††⁼††敳晬朮湥琮牨睯瘨污敵ഩ †簠†䘠汩⁥䌢尺獕牥屳整档屡灁䑰瑡屡潌慣屬牐杯慲獭停瑹潨屮祐桴湯ㄳ尲楌屢楳整瀭捡慫敧屳瑳牡敬瑴履畟楴獬瀮≹‬楬敮㤠ⰳ椠⁮潣汬灡敳敟捸牧畯獰਍††⁼††慲獩⁥硥ൣ †簠†䘠汩⁥䌢尺獕牥屳整档屡灁䑰瑡屡潌慣屬牐杯慲獭停瑹潨屮祐桴湯ㄳ尲楌屢楳整瀭捡慫敧屳瑳牡敬瑴履業摤敬慷敲扜獡⹥祰Ⱒ氠湩⁥㤱ⰱ椠⁮彟慣汬彟਍††⁼††敲灳湯敳㴠愠慷瑩猠汥⹦楤灳瑡档晟湵⡣敲畱獥ⱴ挠污彬敮瑸ഩ †簠††††††††幞幞幞幞幞幞幞幞幞幞幞幞幞幞幞幞幞幞幞幞幞幞਍††⁼†楆敬∠㩃啜敳獲瑜捥慨作敮牄癩履敄歳潴屰慳敬⁳楡瀠慬晴潲屭慢正湥層灡屰業摤敬慷敲牜煥敵瑳损湯整瑸瀮≹‬楬敮㔠ⰶ椠⁮楤灳瑡档਍††⁼††慲獩⁥൥ †簠†䘠汩⁥䌢尺獕牥屳整档屡湏䑥楲敶䑜獥瑫灯獜污獥愠⁩汰瑡牦浯扜捡敫摮慜灰浜摩汤睥牡履敲畱獥彴潣瑮硥⹴祰Ⱒ氠湩⁥〵‬湩搠獩慰捴൨ †簠††爠獥潰獮⁥‽睡楡⁴慣汬湟硥⡴敲畱獥⥴਍††⁼†††††††帠幞幞幞幞幞幞幞幞幞幞幞൞ †簠†䘠汩⁥䌢尺獕牥屳整档屡灁䑰瑡屡潌慣屬牐杯慲獭停瑹潨屮祐桴湯ㄳ尲楌屢楳整瀭捡慫敧屳瑳牡敬瑴履業摤敬慷敲扜獡⹥祰Ⱒ氠湩⁥㘱ⰵ椠⁮慣汬湟硥൴ †簠††爠楡敳愠灰敟捸਍††⁼†楆敬∠㩃啜敳獲瑜捥慨䅜灰慄慴䱜捯污停潲牧浡屳祐桴湯停瑹潨㍮㈱䱜扩獜瑩ⵥ慰正条獥獜慴汲瑥整浜摩汤睥牡履慢敳瀮≹‬楬敮ㄠㄵ‬湩挠牯൯ †簠††愠慷瑩猠汥⹦灡⡰捳灯ⱥ爠捥楥敶潟彲楤捳湯敮瑣‬敳摮湟彯牥潲⥲਍††⁼†楆敬∠㩃啜敳獲瑜捥慨䅜灰慄慴䱜捯污停潲牧浡屳祐桴湯停瑹潨㍮㈱䱜扩獜瑩ⵥ慰正条獥獜慴汲瑥整浜摩汤睥牡履慢敳瀮≹‬楬敮ㄠ㤸‬湩张损污彬ൟ †簠††眠瑩⁨潣汬灡敳敟捸牧畯獰⤨ഺ †簠†䘠汩⁥䌢尺獕牥屳整档屡灁䑰瑡屡潌慣屬牐杯慲獭停瑹潨屮祐桴湯ㄳ尲楌屢潣瑮硥汴扩瀮≹‬楬敮ㄠ㠵‬湩张敟楸彴ൟ †簠††猠汥⹦敧⹮桴潲⡷慶畬⥥਍††⁼†楆敬∠㩃啜敳獲瑜捥慨䅜灰慄慴䱜捯污停潲牧浡屳祐桴湯停瑹潨㍮㈱䱜扩獜瑩ⵥ慰正条獥獜慴汲瑥整彜瑵汩⹳祰Ⱒ氠湩⁥㌹‬湩挠汯慬獰彥硥杣潲灵൳ †簠††爠楡敳攠捸਍††⁼†楆敬∠㩃啜敳獲瑜捥慨䅜灰慄慴䱜捯污停潲牧浡屳祐桴湯停瑹潨㍮㈱䱜扩獜瑩ⵥ慰正条獥獜慴汲瑥整浜摩汤睥牡履慢敳瀮≹‬楬敮ㄠㄹ‬湩张损污彬ൟ †簠††爠獥潰獮⁥‽睡楡⁴敳晬搮獩慰捴彨畦据爨煥敵瑳‬慣汬湟硥⥴਍††⁼†††††††帠幞幞幞幞幞幞幞幞幞幞幞幞幞幞幞幞幞幞幞幞幞൞ †簠†䘠汩⁥䌢尺獕牥屳整档屡湏䑥楲敶䑜獥瑫灯獜污獥愠⁩汰瑡牦浯扜捡敫摮慜灰浜摩汤睥牡履敳畣楲祴瀮≹‬楬敮㈠㈳‬湩搠獩慰捴൨ †簠††爠獥潰獮⁥‽睡楡⁴慣汬湟硥⡴敲畱獥⥴਍††⁼†††††††帠幞幞幞幞幞幞幞幞幞幞幞൞ †簠†䘠汩⁥䌢尺獕牥屳整档屡灁䑰瑡屡潌慣屬牐杯慲獭停瑹潨屮祐桴湯ㄳ尲楌屢楳整瀭捡慫敧屳瑳牡敬瑴履業摤敬慷敲扜獡⹥祰Ⱒ氠湩⁥㘱ⰵ椠⁮慣汬湟硥൴ †簠††爠楡敳愠灰敟捸਍††⁼†楆敬∠㩃啜敳獲瑜捥慨䅜灰慄慴䱜捯污停潲牧浡屳祐桴湯停瑹潨㍮㈱䱜扩獜瑩ⵥ慰正条獥獜慴汲瑥整浜摩汤睥牡履慢敳瀮≹‬楬敮ㄠㄵ‬湩挠牯൯ †簠††愠慷瑩猠汥⹦灡⡰捳灯ⱥ爠捥楥敶潟彲楤捳湯敮瑣‬敳摮湟彯牥潲⥲਍††⁼†楆敬∠㩃啜敳獲瑜捥慨䅜灰慄慴䱜捯污停潲牧浡屳祐桴湯停瑹潨㍮㈱䱜扩獜瑩ⵥ慰正条獥獜慴汲瑥整浜摩汤睥牡履慢敳瀮≹‬楬敮ㄠ㤸‬湩张损污彬ൟ †簠††眠瑩⁨潣汬灡敳敟捸牧畯獰⤨ഺ †簠†䘠汩⁥䌢尺獕牥屳整档屡灁䑰瑡屡潌慣屬牐杯慲獭停瑹潨屮祐桴湯ㄳ尲楌屢潣瑮硥汴扩瀮≹‬楬敮ㄠ㠵‬湩张敟楸彴ൟ †簠††猠汥⹦敧⹮桴潲⡷慶畬⥥਍††⁼†楆敬∠㩃啜敳獲瑜捥慨䅜灰慄慴䱜捯污停潲牧浡屳祐桴湯停瑹潨㍮㈱䱜扩獜瑩ⵥ慰正条獥獜慴汲瑥整彜瑵汩⹳祰Ⱒ氠湩⁥㌹‬湩挠汯慬獰彥硥杣潲灵൳ †簠††爠楡敳攠捸਍††⁼†楆敬∠㩃啜敳獲瑜捥慨䅜灰慄慴䱜捯污停潲牧浡屳祐桴湯停瑹潨㍮㈱䱜扩獜瑩ⵥ慰正条獥獜慴汲瑥整浜摩汤睥牡履慢敳瀮≹‬楬敮ㄠㄹ‬湩张损污彬ൟ †簠††爠獥潰獮⁥‽睡楡⁴敳晬搮獩慰捴彨畦据爨煥敵瑳‬慣汬湟硥⥴਍††⁼†††††††帠幞幞幞幞幞幞幞幞幞幞幞幞幞幞幞幞幞幞幞幞幞൞ †簠†䘠汩⁥䌢尺獕牥屳整档屡湏䑥楲敶䑜獥瑫灯獜污獥愠⁩汰瑡牦浯扜捡敫摮慜灰浜摩汤睥牡履敳畣楲祴瀮≹‬楬敮㈠㈱‬湩搠獩慰捴൨ †簠††爠楡敳䠠呔䕐捸灥楴湯ന †簠映獡慴楰攮捸灥楴湯⹳呈偔硅散瑰潩㩮㐠㤲›潔⁯慭祮爠煥敵瑳⹳䴠硡浩浵㘠‰敲畱獥獴瀠牥洠湩瑵⁥污潬敷⹤਍††⴫ⴭⴭⴭⴭⴭⴭⴭⴭⴭⴭⴭⴭⴭⴭⴭⴭⴭഭഊ䐊牵湩⁧慨摮楬杮漠⁦桴⁥扡癯⁥硥散瑰潩Ɱ愠潮桴牥攠捸灥楴湯漠捣牵敲㩤਍਍牔捡扥捡⁫洨獯⁴敲散瑮挠污⁬慬瑳㨩਍†楆敬∠㩃啜敳獲瑜捥慨䅜灰慄慴䱜捯污停潲牧浡屳祐桴湯停瑹潨㍮㈱䱜扩獜瑩ⵥ慰正条獥獜慴汲瑥整浜摩汤睥牡履牥潲獲瀮≹‬楬敮ㄠ㐶‬湩张损污彬ൟ †愠慷瑩猠汥⹦灡⡰捳灯ⱥ爠捥楥敶‬獟湥⥤਍†楆敬∠㩃啜敳獲瑜捥慨䅜灰慄慴䱜捯污停潲牧浡屳祐桴湯停瑹潨㍮㈱䱜扩獜瑩ⵥ慰正条獥獜慴汲瑥整浜摩汤睥牡履慢敳瀮≹‬楬敮ㄠ㤸‬湩张损污彬ൟ †眠瑩⁨潣汬灡敳敟捸牧畯獰⤨ഺ 䘠汩⁥䌢尺獕牥屳整档屡灁䑰瑡屡潌慣屬牐杯慲獭停瑹潨屮祐桴湯ㄳ尲楌屢潣瑮硥汴扩瀮≹‬楬敮ㄠ㠵‬湩张敟楸彴ൟ †猠汥⹦敧⹮桴潲⡷慶畬⥥਍†楆敬∠㩃啜敳獲瑜捥慨䅜灰慄慴䱜捯污停潲牧浡屳祐桴湯停瑹潨㍮㈱䱜扩獜瑩ⵥ慰正条獥獜慴汲瑥整彜瑵汩⹳祰Ⱒ氠湩⁥㌹‬湩挠汯慬獰彥硥杣潲灵൳ †爠楡敳攠捸਍†楆敬∠㩃啜敳獲瑜捥慨䅜灰慄慴䱜捯污停潲牧浡屳祐桴湯停瑹潨㍮㈱䱜扩獜瑩ⵥ慰正条獥獜慴汲瑥整浜摩汤睥牡履慢敳瀮≹‬楬敮ㄠㄹ‬湩张损污彬ൟ †爠獥潰獮⁥‽睡楡⁴敳晬搮獩慰捴彨畦据爨煥敵瑳‬慣汬湟硥⥴਍†††††††帠幞幞幞幞幞幞幞幞幞幞幞幞幞幞幞幞幞幞幞幞幞൞ 䘠汩⁥䌢尺獕牥屳整档屡湏䑥楲敶䑜獥瑫灯獜污獥愠⁩汰瑡牦浯扜捡敫摮慜灰浜摩汤睥牡履敲畱獥彴潣瑮硥⹴祰Ⱒ氠湩⁥㘵‬湩搠獩慰捴൨ †爠楡敳攠਍†楆敬∠㩃啜敳獲瑜捥慨作敮牄癩履敄歳潴屰慳敬⁳楡瀠慬晴潲屭慢正湥層灡屰業摤敬慷敲牜煥敵瑳损湯整瑸瀮≹‬楬敮㔠ⰰ椠⁮楤灳瑡档਍††敲灳湯敳㴠愠慷瑩挠污彬敮瑸爨煥敵瑳ഩ †††††††幞幞幞幞幞幞幞幞幞幞幞幞਍†楆敬∠㩃啜敳獲瑜捥慨䅜灰慄慴䱜捯污停潲牧浡屳祐桴湯停瑹潨㍮㈱䱜扩獜瑩ⵥ慰正条獥獜慴汲瑥整浜摩汤睥牡履慢敳瀮≹‬楬敮ㄠ㔶‬湩挠污彬敮瑸਍††慲獩⁥灡彰硥ൣ 䘠汩⁥䌢尺獕牥屳整档屡灁䑰瑡屡潌慣屬牐杯慲獭停瑹潨屮祐桴湯ㄳ尲楌屢楳整瀭捡慫敧屳瑳牡敬瑴履業摤敬慷敲扜獡⹥祰Ⱒ氠湩⁥㔱ⰱ椠⁮潣潲਍††睡楡⁴敳晬愮灰猨潣数‬敲散癩彥牯摟獩潣湮捥ⱴ猠湥彤潮敟牲牯ഩ 䘠汩⁥䌢尺獕牥屳整档屡灁䑰瑡屡潌慣屬牐杯慲獭停瑹潨屮祐桴湯ㄳ尲楌屢楳整瀭捡慫敧屳瑳牡敬瑴履業摤敬慷敲扜獡⹥祰Ⱒ氠湩⁥㠱ⰹ椠⁮彟慣汬彟਍††楷桴挠汯慬獰彥硥杣潲灵⡳㨩਍†楆敬∠㩃啜敳獲瑜捥慨䅜灰慄慴䱜捯污停潲牧浡屳祐桴湯停瑹潨㍮㈱䱜扩捜湯整瑸楬⹢祰Ⱒ氠湩⁥㔱ⰸ椠⁮彟硥瑩彟਍††敳晬朮湥琮牨睯瘨污敵ഩ 䘠汩⁥䌢尺獕牥屳整档屡灁䑰瑡屡潌慣屬牐杯慲獭停瑹潨屮祐桴湯ㄳ尲楌屢楳整瀭捡慫敧屳瑳牡敬瑴履畟楴獬瀮≹‬楬敮㤠ⰳ椠⁮潣汬灡敳敟捸牧畯獰਍††慲獩⁥硥ൣ 䘠汩⁥䌢尺獕牥屳整档屡灁䑰瑡屡潌慣屬牐杯慲獭停瑹潨屮祐桴湯ㄳ尲楌屢楳整瀭捡慫敧屳瑳牡敬瑴履業摤敬慷敲扜獡⹥祰Ⱒ氠湩⁥㤱ⰱ椠⁮彟慣汬彟਍††敲灳湯敳㴠愠慷瑩猠汥⹦楤灳瑡档晟湵⡣敲畱獥ⱴ挠污彬敮瑸ഩ †††††††幞幞幞幞幞幞幞幞幞幞幞幞幞幞幞幞幞幞幞幞幞幞਍†楆敬∠㩃啜敳獲瑜捥慨作敮牄癩履敄歳潴屰慳敬⁳楡瀠慬晴潲屭慢正湥層灡屰業摤敬慷敲獜捥牵瑩⹹祰Ⱒ氠湩⁥㌲ⰲ椠⁮楤灳瑡档਍††敲灳湯敳㴠愠慷瑩挠污彬敮瑸爨煥敵瑳ഩ †††††††幞幞幞幞幞幞幞幞幞幞幞幞਍†楆敬∠㩃啜敳獲瑜捥慨䅜灰慄慴䱜捯污停潲牧浡屳祐桴湯停瑹潨㍮㈱䱜扩獜瑩ⵥ慰正条獥獜慴汲瑥整浜摩汤睥牡履慢敳瀮≹‬楬敮ㄠ㔶‬湩挠污彬敮瑸਍††慲獩⁥灡彰硥ൣ 䘠汩⁥䌢尺獕牥屳整档屡灁䑰瑡屡潌慣屬牐杯慲獭停瑹潨屮祐桴湯ㄳ尲楌屢楳整瀭捡慫敧屳瑳牡敬瑴履業摤敬慷敲扜獡⹥祰Ⱒ氠湩⁥㔱ⰱ椠⁮潣潲਍††睡楡⁴敳晬愮灰猨潣数‬敲散癩彥牯摟獩潣湮捥ⱴ猠湥彤潮敟牲牯ഩ 䘠汩⁥䌢尺獕牥屳整档屡灁䑰瑡屡潌慣屬牐杯慲獭停瑹潨屮祐桴湯ㄳ尲楌屢楳整瀭捡慫敧屳瑳牡敬瑴履業摤敬慷敲扜獡⹥祰Ⱒ氠湩⁥㠱ⰹ椠⁮彟慣汬彟਍††楷桴挠汯慬獰彥硥杣潲灵⡳㨩਍†楆敬∠㩃啜敳獲瑜捥慨䅜灰慄慴䱜捯污停潲牧浡屳祐桴湯停瑹潨㍮㈱䱜扩捜湯整瑸楬⹢祰Ⱒ氠湩⁥㔱ⰸ椠⁮彟硥瑩彟਍††敳晬朮湥琮牨睯瘨污敵ഩ 䘠汩⁥䌢尺獕牥屳整档屡灁䑰瑡屡潌慣屬牐杯慲獭停瑹潨屮祐桴湯ㄳ尲楌屢楳整瀭捡慫敧屳瑳牡敬瑴履畟楴獬瀮≹‬楬敮㤠ⰳ椠⁮潣汬灡敳敟捸牧畯獰਍††慲獩⁥硥ൣ 䘠汩⁥䌢尺獕牥屳整档屡灁䑰瑡屡潌慣屬牐杯慲獭停瑹潨屮祐桴湯ㄳ尲楌屢楳整瀭捡慫敧屳瑳牡敬瑴履業摤敬慷敲扜獡⹥祰Ⱒ氠湩⁥㤱ⰱ椠⁮彟慣汬彟਍††敲灳湯敳㴠愠慷瑩猠汥⹦楤灳瑡档晟湵⡣敲畱獥ⱴ挠污彬敮瑸ഩ †††††††幞幞幞幞幞幞幞幞幞幞幞幞幞幞幞幞幞幞幞幞幞幞਍†楆敬∠㩃啜敳獲瑜捥慨作敮牄癩履敄歳潴屰慳敬⁳楡瀠慬晴潲屭慢正湥層灡屰業摤敬慷敲獜捥牵瑩⹹祰Ⱒ氠湩⁥ㄲⰲ椠⁮楤灳瑡档਍††慲獩⁥呈偔硅散瑰潩⡮਍慦瑳灡⹩硥散瑰潩獮䠮呔䕐捸灥楴湯›㈴㨹吠潯洠湡⁹敲畱獥獴‮慍楸畭⁭〶爠煥敵瑳⁳数⁲業畮整愠汬睯摥മഊ嬊〲㘲〭ⴳ㤲㈠㨰〳㔺⸷㌰㈹㠱⁝䥛㩄挷㉢慢㙣㜭愹ⵢ㈴捡㤭攷ⴷ攲㔶挷㜳㈷攰⁝剅㩒㐠㤲›潔⁯慭祮爠煥敵瑳⹳䴠硡浩浵㘠‰敲畱獥獴瀠牥洠湩瑵⁥污潬敷⹤਍†‫硅散瑰潩⁮片畯⁰牔捡扥捡⁫洨獯⁴敲散瑮挠污⁬慬瑳㨩਍†⁼†楆敬∠㩃啜敳獲瑜捥慨䅜灰慄慴䱜捯污停潲牧浡屳祐桴湯停瑹潨㍮㈱䱜扩獜瑩ⵥ慰正条獥獜慴汲瑥整彜瑵汩⹳祰Ⱒ氠湩⁥㜸‬湩挠汯慬獰彥硥杣潲灵൳ 簠††礠敩摬਍†⁼†楆敬∠㩃啜敳獲瑜捥慨䅜灰慄慴䱜捯污停潲牧浡屳祐桴湯停瑹潨㍮㈱䱜扩獜瑩ⵥ慰正条獥獜慴汲瑥整浜摩汤睥牡履慢敳瀮≹‬楬敮ㄠ〹‬湩张损污彬ൟ 簠††愠祳据眠瑩⁨湡楹⹯牣慥整瑟獡彫牧畯⡰ 獡琠獡彫牧畯㩰਍†⁼†楆敬∠㩃啜敳獲瑜捥慨䅜灰慄慴䱜捯污停潲牧浡屳祐桴湯停瑹潨㍮㈱䱜扩獜瑩ⵥ慰正条獥慜祮潩彜慢正湥獤彜獡湹楣⹯祰Ⱒ氠湩⁥㜶ⰸ椠⁮彟敡楸彴ൟ 簠††爠楡敳䈠獡䕥捸灥楴湯片畯⡰਍†⁼硅散瑰潩䝮潲灵›湵慨摮敬⁤牥潲獲椠⁮⁡慔歳片畯⁰ㄨ猠扵攭捸灥楴湯ഩ ⬠⬭ⴭⴭⴭⴭⴭⴭⴭⴭㄠⴠⴭⴭⴭⴭⴭⴭⴭഭ †簠吠慲散慢正⠠潭瑳爠捥湥⁴慣汬氠獡⥴ഺ †簠†䘠汩⁥䌢尺獕牥屳整档屡灁䑰瑡屡潌慣屬牐杯慲獭停瑹潨屮祐桴湯ㄳ尲楌屢楳整瀭捡慫敧屳瑳牡敬瑴履業摤敬慷敲敜牲牯⹳祰Ⱒ氠湩⁥㘱ⰴ椠⁮彟慣汬彟਍††⁼††睡楡⁴敳晬愮灰猨潣数‬敲散癩ⱥ张敳摮ഩ †簠†䘠汩⁥䌢尺獕牥屳整档屡灁䑰瑡屡潌慣屬牐杯慲獭停瑹潨屮祐桴湯ㄳ尲楌屢楳整瀭捡慫敧屳瑳牡敬瑴履業摤敬慷敲扜獡⹥祰Ⱒ氠湩⁥㠱ⰹ椠⁮彟慣汬彟਍††⁼††楷桴挠汯慬獰彥硥杣潲灵⡳㨩਍††⁼†楆敬∠㩃啜敳獲瑜捥慨䅜灰慄慴䱜捯污停潲牧浡屳祐桴湯停瑹潨㍮㈱䱜扩捜湯整瑸楬⹢祰Ⱒ氠湩⁥㔱ⰸ椠⁮彟硥瑩彟਍††⁼††敳晬朮湥琮牨睯瘨污敵ഩ †簠†䘠汩⁥䌢尺獕牥屳整档屡灁䑰瑡屡潌慣屬牐杯慲獭停瑹潨屮祐桴湯ㄳ尲楌屢楳整瀭捡慫敧屳瑳牡敬瑴履畟楴獬瀮≹‬楬敮㤠ⰳ椠⁮潣汬灡敳敟捸牧畯獰਍††⁼††慲獩⁥硥ൣ †簠†䘠汩⁥䌢尺獕牥屳整档屡灁䑰瑡屡潌慣屬牐杯慲獭停瑹潨屮祐桴湯ㄳ尲楌屢楳整瀭捡慫敧屳瑳牡敬瑴履業摤敬慷敲扜獡⹥祰Ⱒ氠湩⁥㤱ⰱ椠⁮彟慣汬彟਍††⁼††敲灳湯敳㴠愠慷瑩猠汥⹦楤灳瑡档晟湵⡣敲畱獥ⱴ挠污彬敮瑸ഩ †簠††††††††幞幞幞幞幞幞幞幞幞幞幞幞幞幞幞幞幞幞幞幞幞幞਍††⁼†楆敬∠㩃啜敳獲瑜捥慨作敮牄癩履敄歳潴屰慳敬⁳楡瀠慬晴潲屭慢正湥層灡屰業摤敬慷敲牜煥敵瑳损湯整瑸瀮≹‬楬敮㔠ⰶ椠⁮楤灳瑡档਍††⁼††慲獩⁥൥ †簠†䘠汩⁥䌢尺獕牥屳整档屡湏䑥楲敶䑜獥瑫灯獜污獥愠⁩汰瑡牦浯扜捡敫摮慜灰浜摩汤睥牡履敲畱獥彴潣瑮硥⹴祰Ⱒ氠湩⁥〵‬湩搠獩慰捴൨ †簠††爠獥潰獮⁥‽睡楡⁴慣汬湟硥⡴敲畱獥⥴਍††⁼†††††††帠幞幞幞幞幞幞幞幞幞幞幞൞ †簠†䘠汩⁥䌢尺獕牥屳整档屡灁䑰瑡屡潌慣屬牐杯慲獭停瑹潨屮祐桴湯ㄳ尲楌屢楳整瀭捡慫敧屳瑳牡敬瑴履業摤敬慷敲扜獡⹥祰Ⱒ氠湩⁥㘱ⰵ椠⁮慣汬湟硥൴ †簠††爠楡敳愠灰敟捸਍††⁼†楆敬∠㩃啜敳獲瑜捥慨䅜灰慄慴䱜捯污停潲牧浡屳祐桴湯停瑹潨㍮㈱䱜扩獜瑩ⵥ慰正条獥獜慴汲瑥整浜摩汤睥牡履慢敳瀮≹‬楬敮ㄠㄵ‬湩挠牯൯ †簠††愠慷瑩猠汥⹦灡⡰捳灯ⱥ爠捥楥敶潟彲楤捳湯敮瑣‬敳摮湟彯牥潲⥲਍††⁼†楆敬∠㩃啜敳獲瑜捥慨䅜灰慄慴䱜捯污停潲牧浡屳祐桴湯停瑹潨㍮㈱䱜扩獜瑩ⵥ慰正条獥獜慴汲瑥整浜摩汤睥牡履慢敳瀮≹‬楬敮ㄠ㤸‬湩张损污彬ൟ †簠††眠瑩⁨潣汬灡敳敟捸牧畯獰⤨ഺ †簠†䘠汩⁥䌢尺獕牥屳整档屡灁䑰瑡屡潌慣屬牐杯慲獭停瑹潨屮祐桴湯ㄳ尲楌屢潣瑮硥汴扩瀮≹‬楬敮ㄠ㠵‬湩张敟楸彴ൟ †簠††猠汥⹦敧⹮桴潲⡷慶畬⥥਍††⁼†楆敬∠㩃啜敳獲瑜捥慨䅜灰慄慴䱜捯污停潲牧浡屳祐桴湯停瑹潨㍮㈱䱜扩獜瑩ⵥ慰正条獥獜慴汲瑥整彜瑵汩⹳祰Ⱒ氠湩⁥㌹‬湩挠汯慬獰彥硥杣潲灵൳ †簠††爠楡敳攠捸਍††⁼†楆敬∠㩃啜敳獲瑜捥慨䅜灰慄慴䱜捯污停潲牧浡屳祐桴湯停瑹潨㍮㈱䱜扩獜瑩ⵥ慰正条獥獜慴汲瑥整浜摩汤睥牡履慢敳瀮≹‬楬敮ㄠㄹ‬湩张损污彬ൟ †簠††爠獥潰獮⁥‽睡楡⁴敳晬搮獩慰捴彨畦据爨煥敵瑳‬慣汬湟硥⥴਍††⁼†††††††帠幞幞幞幞幞幞幞幞幞幞幞幞幞幞幞幞幞幞幞幞幞൞ †簠†䘠汩⁥䌢尺獕牥屳整档屡湏䑥楲敶䑜獥瑫灯獜污獥愠⁩汰瑡牦浯扜捡敫摮慜灰浜摩汤睥牡履敳畣楲祴瀮≹‬楬敮㈠㈳‬湩搠獩慰捴൨ †簠††爠獥潰獮⁥‽睡楡⁴慣汬湟硥⡴敲畱獥⥴਍††⁼†††††††帠幞幞幞幞幞幞幞幞幞幞幞൞ †簠†䘠汩⁥䌢尺獕牥屳整档屡灁䑰瑡屡潌慣屬牐杯慲獭停瑹潨屮祐桴湯ㄳ尲楌屢楳整瀭捡慫敧屳瑳牡敬瑴履業摤敬慷敲扜獡⹥祰Ⱒ氠湩⁥㘱ⰵ椠⁮慣汬湟硥൴ †簠††爠楡敳愠灰敟捸਍††⁼†楆敬∠㩃啜敳獲瑜捥慨䅜灰慄慴䱜捯污停潲牧浡屳祐桴湯停瑹潨㍮㈱䱜扩獜瑩ⵥ慰正条獥獜慴汲瑥整浜摩汤睥牡履慢敳瀮≹‬楬敮ㄠㄵ‬湩挠牯൯ †簠††愠慷瑩猠汥⹦灡⡰捳灯ⱥ爠捥楥敶潟彲楤捳湯敮瑣‬敳摮湟彯牥潲⥲਍††⁼†楆敬∠㩃啜敳獲瑜捥慨䅜灰慄慴䱜捯污停潲牧浡屳祐桴湯停瑹潨㍮㈱䱜扩獜瑩ⵥ慰正条獥獜慴汲瑥整浜摩汤睥牡履慢敳瀮≹‬楬敮ㄠ㤸‬湩张损污彬ൟ †簠††眠瑩⁨潣汬灡敳敟捸牧畯獰⤨ഺ †簠†䘠汩⁥䌢尺獕牥屳整档屡灁䑰瑡屡潌慣屬牐杯慲獭停瑹潨屮祐桴湯ㄳ尲楌屢潣瑮硥汴扩瀮≹‬楬敮ㄠ㠵‬湩张敟楸彴ൟ †簠††猠汥⹦敧⹮桴潲⡷慶畬⥥਍††⁼†楆敬∠㩃啜敳獲瑜捥慨䅜灰慄慴䱜捯污停潲牧浡屳祐桴湯停瑹潨㍮㈱䱜扩獜瑩ⵥ慰正条獥獜慴汲瑥整彜瑵汩⹳祰Ⱒ氠湩⁥㌹‬湩挠汯慬獰彥硥杣潲灵൳ †簠††爠楡敳攠捸਍††⁼†楆敬∠㩃啜敳獲瑜捥慨䅜灰慄慴䱜捯污停潲牧浡屳祐桴湯停瑹潨㍮㈱䱜扩獜瑩ⵥ慰正条獥獜慴汲瑥整浜摩汤睥牡履慢敳瀮≹‬楬敮ㄠㄹ‬湩张损污彬ൟ †簠††爠獥潰獮⁥‽睡楡⁴敳晬搮獩慰捴彨畦据爨煥敵瑳‬慣汬湟硥⥴਍††⁼†††††††帠幞幞幞幞幞幞幞幞幞幞幞幞幞幞幞幞幞幞幞幞幞൞ †簠†䘠汩⁥䌢尺獕牥屳整档屡湏䑥楲敶䑜獥瑫灯獜污獥愠⁩汰瑡牦浯扜捡敫摮慜灰浜摩汤睥牡履敳畣楲祴瀮≹‬楬敮㈠㈱‬湩搠獩慰捴൨ †簠††爠楡敳䠠呔䕐捸灥楴湯ന †簠映獡慴楰攮捸灥楴湯⹳呈偔硅散瑰潩㩮㐠㤲›潔⁯慭祮爠煥敵瑳⹳䴠硡浩浵㘠‰敲畱獥獴瀠牥洠湩瑵⁥污潬敷⹤਍††⴫ⴭⴭⴭⴭⴭⴭⴭⴭⴭⴭⴭⴭⴭⴭⴭⴭⴭഭഊ䐊牵湩⁧慨摮楬杮漠⁦桴⁥扡癯⁥硥散瑰潩Ɱ愠潮桴牥攠捸灥楴湯漠捣牵敲㩤਍਍牔捡扥捡⁫洨獯⁴敲散瑮挠污⁬慬瑳㨩਍†楆敬∠㩃啜敳獲瑜捥慨䅜灰慄慴䱜捯污停潲牧浡屳祐桴湯停瑹潨㍮㈱䱜扩獜瑩ⵥ慰正条獥獜慴汲瑥整浜摩汤睥牡履牥潲獲瀮≹‬楬敮ㄠ㐶‬湩张损污彬ൟ †愠慷瑩猠汥⹦灡⡰捳灯ⱥ爠捥楥敶‬獟湥⥤਍†楆敬∠㩃啜敳獲瑜捥慨䅜灰慄慴䱜捯污停潲牧浡屳祐桴湯停瑹潨㍮㈱䱜扩獜瑩ⵥ慰正条獥獜慴汲瑥整浜摩汤睥牡履慢敳瀮≹‬楬敮ㄠ㤸‬湩张损污彬ൟ †眠瑩⁨潣汬灡敳敟捸牧畯獰⤨ഺ 䘠汩⁥䌢尺獕牥屳整档屡灁䑰瑡屡潌慣屬牐杯慲獭停瑹潨屮祐桴湯ㄳ尲楌屢潣瑮硥汴扩瀮≹‬楬敮ㄠ㠵‬湩张敟楸彴ൟ †猠汥⹦敧⹮桴潲⡷慶畬⥥਍†楆敬∠㩃啜敳獲瑜捥慨䅜灰慄慴䱜捯污停潲牧浡屳祐桴湯停瑹潨㍮㈱䱜扩獜瑩ⵥ慰正条獥獜慴汲瑥整彜瑵汩⹳祰Ⱒ氠湩⁥㌹‬湩挠汯慬獰彥硥杣潲灵൳ †爠楡敳攠捸਍†楆敬∠㩃啜敳獲瑜捥慨䅜灰慄慴䱜捯污停潲牧浡屳祐桴湯停瑹潨㍮㈱䱜扩獜瑩ⵥ慰正条獥獜慴汲瑥整浜摩汤睥牡履慢敳瀮≹‬楬敮ㄠㄹ‬湩张损污彬ൟ †爠獥潰獮⁥‽睡楡⁴敳晬搮獩慰捴彨畦据爨煥敵瑳‬慣汬湟硥⥴਍†††††††帠幞幞幞幞幞幞幞幞幞幞幞幞幞幞幞幞幞幞幞幞幞൞ 䘠汩⁥䌢尺獕牥屳整档屡湏䑥楲敶䑜獥瑫灯獜污獥愠⁩汰瑡牦浯扜捡敫摮慜灰浜摩汤睥牡履敲畱獥彴潣瑮硥⹴祰Ⱒ氠湩⁥㘵‬湩搠獩慰捴൨ †爠楡敳攠਍†楆敬∠㩃啜敳獲瑜捥慨作敮牄癩履敄歳潴屰慳敬⁳楡瀠慬晴潲屭慢正湥層灡屰業摤敬慷敲牜煥敵瑳损湯整瑸瀮≹‬楬敮㔠ⰰ椠⁮楤灳瑡档਍††敲灳湯敳㴠愠慷瑩挠污彬敮瑸爨煥敵瑳ഩ †††††††幞幞幞幞幞幞幞幞幞幞幞幞਍†楆敬∠㩃啜敳獲瑜捥慨䅜灰慄慴䱜捯污停潲牧浡屳祐桴湯停瑹潨㍮㈱䱜扩獜瑩ⵥ慰正条獥獜慴汲瑥整浜摩汤睥牡履慢敳瀮≹‬楬敮ㄠ㔶‬湩挠污彬敮瑸਍††慲獩⁥灡彰硥ൣ 䘠汩⁥䌢尺獕牥屳整档屡灁䑰瑡屡潌慣屬牐杯慲獭停瑹潨屮祐桴湯ㄳ尲楌屢楳整瀭捡慫敧屳瑳牡敬瑴履業摤敬慷敲扜獡⹥祰Ⱒ氠湩⁥㔱ⰱ椠⁮潣潲਍††睡楡⁴敳晬愮灰猨潣数‬敲散癩彥牯摟獩潣湮捥ⱴ猠湥彤潮敟牲牯ഩ 䘠汩⁥䌢尺獕牥屳整档屡灁䑰瑡屡潌慣屬牐杯慲獭停瑹潨屮祐桴湯ㄳ尲楌屢楳整瀭捡慫敧屳瑳牡敬瑴履業摤敬慷敲扜獡⹥祰Ⱒ氠湩⁥㠱ⰹ椠⁮彟慣汬彟਍††楷桴挠汯慬獰彥硥杣潲灵⡳㨩਍†楆敬∠㩃啜敳獲瑜捥慨䅜灰慄慴䱜捯污停潲牧浡屳祐桴湯停瑹潨㍮㈱䱜扩捜湯整瑸楬⹢祰Ⱒ氠湩⁥㔱ⰸ椠⁮彟硥瑩彟਍††敳晬朮湥琮牨睯瘨污敵ഩ 䘠汩⁥䌢尺獕牥屳整档屡灁䑰瑡屡潌慣屬牐杯慲獭停瑹潨屮祐桴湯ㄳ尲楌屢楳整瀭捡慫敧屳瑳牡敬瑴履畟楴獬瀮≹‬楬敮㤠ⰳ椠⁮潣汬灡敳敟捸牧畯獰਍††慲獩⁥硥ൣ 䘠汩⁥䌢尺獕牥屳整档屡灁䑰瑡屡潌慣屬牐杯慲獭停瑹潨屮祐桴湯ㄳ尲楌屢楳整瀭捡慫敧屳瑳牡敬瑴履業摤敬慷敲扜獡⹥祰Ⱒ氠湩⁥㤱ⰱ椠⁮彟慣汬彟਍††敲灳湯敳㴠愠慷瑩猠汥⹦楤灳瑡档晟湵⡣敲畱獥ⱴ挠污彬敮瑸ഩ †††††††幞幞幞幞幞幞幞幞幞幞幞幞幞幞幞幞幞幞幞幞幞幞਍†楆敬∠㩃啜敳獲瑜捥慨作敮牄癩履敄歳潴屰慳敬⁳楡瀠慬晴潲屭慢正湥層灡屰業摤敬慷敲獜捥牵瑩⹹祰Ⱒ氠湩⁥㌲ⰲ椠⁮楤灳瑡档਍††敲灳湯敳㴠愠慷瑩挠污彬敮瑸爨煥敵瑳ഩ †††††††幞幞幞幞幞幞幞幞幞幞幞幞਍†楆敬∠㩃啜敳獲瑜捥慨䅜灰慄慴䱜捯污停潲牧浡屳祐桴湯停瑹潨㍮㈱䱜扩獜瑩ⵥ慰正条獥獜慴汲瑥整浜摩汤睥牡履慢敳瀮≹‬楬敮ㄠ㔶‬湩挠污彬敮瑸਍††慲獩⁥灡彰硥ൣ 䘠汩⁥䌢尺獕牥屳整档屡灁䑰瑡屡潌慣屬牐杯慲獭停瑹潨屮祐桴湯ㄳ尲楌屢楳整瀭捡慫敧屳瑳牡敬瑴履業摤敬慷敲扜獡⹥祰Ⱒ氠湩⁥㔱ⰱ椠⁮潣潲਍††睡楡⁴敳晬愮灰猨潣数‬敲散癩彥牯摟獩潣湮捥ⱴ猠湥彤潮敟牲牯ഩ 䘠汩⁥䌢尺獕牥屳整档屡灁䑰瑡屡潌慣屬牐杯慲獭停瑹潨屮祐桴湯ㄳ尲楌屢楳整瀭捡慫敧屳瑳牡敬瑴履業摤敬慷敲扜獡⹥祰Ⱒ氠湩⁥㠱ⰹ椠⁮彟慣汬彟਍††楷桴挠汯慬獰彥硥杣潲灵⡳㨩਍†楆敬∠㩃啜敳獲瑜捥慨䅜灰慄慴䱜捯污停潲牧浡屳祐桴湯停瑹潨㍮㈱䱜扩捜湯整瑸楬⹢祰Ⱒ氠湩⁥㔱ⰸ椠⁮彟硥瑩彟਍††敳晬朮湥琮牨睯瘨污敵ഩ 䘠汩⁥䌢尺獕牥屳整档屡灁䑰瑡屡潌慣屬牐杯慲獭停瑹潨屮祐桴湯ㄳ尲楌屢楳整瀭捡慫敧屳瑳牡敬瑴履畟楴獬瀮≹‬楬敮㤠ⰳ椠⁮潣汬灡敳敟捸牧畯獰਍††慲獩⁥硥ൣ 䘠汩⁥䌢尺獕牥屳整档屡灁䑰瑡屡潌慣屬牐杯慲獭停瑹潨屮祐桴湯ㄳ尲楌屢楳整瀭捡慫敧屳瑳牡敬瑴履業摤敬慷敲扜獡⹥祰Ⱒ氠湩⁥㤱ⰱ椠⁮彟慣汬彟਍††敲灳湯敳㴠愠慷瑩猠汥⹦楤灳瑡档晟湵⡣敲畱獥ⱴ挠污彬敮瑸ഩ †††††††幞幞幞幞幞幞幞幞幞幞幞幞幞幞幞幞幞幞幞幞幞幞਍†楆敬∠㩃啜敳獲瑜捥慨作敮牄癩履敄歳潴屰慳敬⁳楡瀠慬晴潲屭慢正湥層灡屰業摤敬慷敲獜捥牵瑩⹹祰Ⱒ氠湩⁥ㄲⰲ椠⁮楤灳瑡档਍††慲獩⁥呈偔硅散瑰潩⡮਍慦瑳灡⹩硥散瑰潩獮䠮呔䕐捸灥楴湯›㈴㨹吠潯洠湡⁹敲畱獥獴‮慍楸畭⁭〶爠煥敵瑳⁳数⁲業畮整愠汬睯摥മഊ嬊〲㘲〭ⴳ㤲㈠㨰〳㔺⸷㐰㜷㌲⁝䥛㩄㠷㍢挸搶搭㤲ⴴ㈴㑥㤭㜴ⴰ㥡㈶㠶㜵晢昰⁝剅㩒㐠㤲›潔⁯慭祮爠煥敵瑳⹳䴠硡浩浵㘠‰敲畱獥獴瀠牥洠湩瑵⁥污潬敷⹤਍†‫硅散瑰潩⁮片畯⁰牔捡扥捡⁫洨獯⁴敲散瑮挠污⁬慬瑳㨩਍†⁼†楆敬∠㩃啜敳獲瑜捥慨䅜灰慄慴䱜捯污停潲牧浡屳祐桴湯停瑹潨㍮㈱䱜扩獜瑩ⵥ慰正条獥獜慴汲瑥整彜瑵汩⹳祰Ⱒ氠湩⁥㜸‬湩挠汯慬獰彥硥杣潲灵൳ 簠††礠敩摬਍†⁼†楆敬∠㩃啜敳獲瑜捥慨䅜灰慄慴䱜捯污停潲牧浡屳祐桴湯停瑹潨㍮㈱䱜扩獜瑩ⵥ慰正条獥獜慴汲瑥整浜摩汤睥牡履慢敳瀮≹‬楬敮ㄠ〹‬湩张损污彬ൟ 簠††愠祳据眠瑩⁨湡楹⹯牣慥整瑟獡彫牧畯⡰ 獡琠獡彫牧畯㩰਍†⁼†楆敬∠㩃啜敳獲瑜捥慨䅜灰慄慴䱜捯污停潲牧浡屳祐桴湯停瑹潨㍮㈱䱜扩獜瑩ⵥ慰正条獥慜祮潩彜慢正湥獤彜獡湹楣⹯祰Ⱒ氠湩⁥㜶ⰸ椠⁮彟敡楸彴ൟ 簠††爠楡敳䈠獡䕥捸灥楴湯片畯⡰਍†⁼硅散瑰潩䝮潲灵›湵慨摮敬⁤牥潲獲椠⁮⁡慔歳片畯⁰ㄨ猠扵攭捸灥楴湯ഩ ⬠⬭ⴭⴭⴭⴭⴭⴭⴭⴭㄠⴠⴭⴭⴭⴭⴭⴭⴭഭ †簠吠慲散慢正⠠潭瑳爠捥湥⁴慣汬氠獡⥴ഺ †簠†䘠汩⁥䌢尺獕牥屳整档屡灁䑰瑡屡潌慣屬牐杯慲獭停瑹潨屮祐桴湯ㄳ尲楌屢楳整瀭捡慫敧屳瑳牡敬瑴履業摤敬慷敲敜牲牯⹳祰Ⱒ氠湩⁥㘱ⰴ椠⁮彟慣汬彟਍††⁼††睡楡⁴敳晬愮灰猨潣数‬敲散癩ⱥ张敳摮ഩ †簠†䘠汩⁥䌢尺獕牥屳整档屡灁䑰瑡屡潌慣屬牐杯慲獭停瑹潨屮祐桴湯ㄳ尲楌屢楳整瀭捡慫敧屳瑳牡敬瑴履業摤敬慷敲扜獡⹥祰Ⱒ氠湩⁥㠱ⰹ椠⁮彟慣汬彟਍††⁼††楷桴挠汯慬獰彥硥杣潲灵⡳㨩਍††⁼†楆敬∠㩃啜敳獲瑜捥慨䅜灰慄慴䱜捯污停潲牧浡屳祐桴湯停瑹潨㍮㈱䱜扩捜湯整瑸楬⹢祰Ⱒ氠湩⁥㔱ⰸ椠⁮彟硥瑩彟਍††⁼††敳晬朮湥琮牨睯瘨污敵ഩ †簠†䘠汩⁥䌢尺獕牥屳整档屡灁䑰瑡屡潌慣屬牐杯慲獭停瑹潨屮祐桴湯ㄳ尲楌屢楳整瀭捡慫敧屳瑳牡敬瑴履畟楴獬瀮≹‬楬敮㤠ⰳ椠⁮潣汬灡敳敟捸牧畯獰਍††⁼††慲獩⁥硥ൣ †簠†䘠汩⁥䌢尺獕牥屳整档屡灁䑰瑡屡潌慣屬牐杯慲獭停瑹潨屮祐桴湯ㄳ尲楌屢楳整瀭捡慫敧屳瑳牡敬瑴履業摤敬慷敲扜獡⹥祰Ⱒ氠湩⁥㤱ⰱ椠⁮彟慣汬彟਍††⁼††敲灳湯敳㴠愠慷瑩猠汥⹦楤灳瑡档晟湵⡣敲畱獥ⱴ挠污彬敮瑸ഩ †簠††††††††幞幞幞幞幞幞幞幞幞幞幞幞幞幞幞幞幞幞幞幞幞幞਍††⁼†楆敬∠㩃啜敳獲瑜捥慨作敮牄癩履敄歳潴屰慳敬⁳楡瀠慬晴潲屭慢正湥層灡屰業摤敬慷敲牜煥敵瑳损湯整瑸瀮≹‬楬敮㔠ⰶ椠⁮楤灳瑡档਍††⁼††慲獩⁥൥ †簠†䘠汩⁥䌢尺獕牥屳整档屡湏䑥楲敶䑜獥瑫灯獜污獥愠⁩汰瑡牦浯扜捡敫摮慜灰浜摩汤睥牡履敲畱獥彴潣瑮硥⹴祰Ⱒ氠湩⁥〵‬湩搠獩慰捴൨ †簠††爠獥潰獮⁥‽睡楡⁴慣汬湟硥⡴敲畱獥⥴਍††⁼†††††††帠幞幞幞幞幞幞幞幞幞幞幞൞ †簠†䘠汩⁥䌢尺獕牥屳整档屡灁䑰瑡屡潌慣屬牐杯慲獭停瑹潨屮祐桴湯ㄳ尲楌屢楳整瀭捡慫敧屳瑳牡敬瑴履業摤敬慷敲扜獡⹥祰Ⱒ氠湩⁥㘱ⰵ椠⁮慣汬湟硥൴ †簠††爠楡敳愠灰敟捸਍††⁼†楆敬∠㩃啜敳獲瑜捥慨䅜灰慄慴䱜捯污停潲牧浡屳祐桴湯停瑹潨㍮㈱䱜扩獜瑩ⵥ慰正条獥獜慴汲瑥整浜摩汤睥牡履慢敳瀮≹‬楬敮ㄠㄵ‬湩挠牯൯ †簠††愠慷瑩猠汥⹦灡⡰捳灯ⱥ爠捥楥敶潟彲楤捳湯敮瑣‬敳摮湟彯牥潲⥲਍††⁼†楆敬∠㩃啜敳獲瑜捥慨䅜灰慄慴䱜捯污停潲牧浡屳祐桴湯停瑹潨㍮㈱䱜扩獜瑩ⵥ慰正条獥獜慴汲瑥整浜摩汤睥牡履慢敳瀮≹‬楬敮ㄠ㤸‬湩张损污彬ൟ †簠††眠瑩⁨潣汬灡敳敟捸牧畯獰⤨ഺ †簠†䘠汩⁥䌢尺獕牥屳整档屡灁䑰瑡屡潌慣屬牐杯慲獭停瑹潨屮祐桴湯ㄳ尲楌屢潣瑮硥汴扩瀮≹‬楬敮ㄠ㠵‬湩张敟楸彴ൟ †簠††猠汥⹦敧⹮桴潲⡷慶畬⥥਍††⁼†楆敬∠㩃啜敳獲瑜捥慨䅜灰慄慴䱜捯污停潲牧浡屳祐桴湯停瑹潨㍮㈱䱜扩獜瑩ⵥ慰正条獥獜慴汲瑥整彜瑵汩⹳祰Ⱒ氠湩⁥㌹‬湩挠汯慬獰彥硥杣潲灵൳ †簠††爠楡敳攠捸਍††⁼†楆敬∠㩃啜敳獲瑜捥慨䅜灰慄慴䱜捯污停潲牧浡屳祐桴湯停瑹潨㍮㈱䱜扩獜瑩ⵥ慰正条獥獜慴汲瑥整浜摩汤睥牡履慢敳瀮≹‬楬敮ㄠㄹ‬湩张损污彬ൟ †簠††爠獥潰獮⁥‽睡楡⁴敳晬搮獩慰捴彨畦据爨煥敵瑳‬慣汬湟硥⥴਍††⁼†††††††帠幞幞幞幞幞幞幞幞幞幞幞幞幞幞幞幞幞幞幞幞幞൞ †簠†䘠汩⁥䌢尺獕牥屳整档屡湏䑥楲敶䑜獥瑫灯獜污獥愠⁩汰瑡牦浯扜捡敫摮慜灰浜摩汤睥牡履敳畣楲祴瀮≹‬楬敮㈠㈳‬湩搠獩慰捴൨ †簠††爠獥潰獮⁥‽睡楡⁴慣汬湟硥⡴敲畱獥⥴਍††⁼†††††††帠幞幞幞幞幞幞幞幞幞幞幞൞ †簠†䘠汩⁥䌢尺獕牥屳整档屡灁䑰瑡屡潌慣屬牐杯慲獭停瑹潨屮祐桴湯ㄳ尲楌屢楳整瀭捡慫敧屳瑳牡敬瑴履業摤敬慷敲扜獡⹥祰Ⱒ氠湩⁥㘱ⰵ椠⁮慣汬湟硥൴ †簠††爠楡敳愠灰敟捸਍††⁼†楆敬∠㩃啜敳獲瑜捥慨䅜灰慄慴䱜捯污停潲牧浡屳祐桴湯停瑹潨㍮㈱䱜扩獜瑩ⵥ慰正条獥獜慴汲瑥整浜摩汤睥牡履慢敳瀮≹‬楬敮ㄠㄵ‬湩挠牯൯ †簠††愠慷瑩猠汥⹦灡⡰捳灯ⱥ爠捥楥敶潟彲楤捳湯敮瑣‬敳摮湟彯牥潲⥲਍††⁼†楆敬∠㩃啜敳獲瑜捥慨䅜灰慄慴䱜捯污停潲牧浡屳祐桴湯停瑹潨㍮㈱䱜扩獜瑩ⵥ慰正条獥獜慴汲瑥整浜摩汤睥牡履慢敳瀮≹‬楬敮ㄠ㤸‬湩张损污彬ൟ †簠††眠瑩⁨潣汬灡敳敟捸牧畯獰⤨ഺ †簠†䘠汩⁥䌢尺獕牥屳整档屡灁䑰瑡屡潌慣屬牐杯慲獭停瑹潨屮祐桴湯ㄳ尲楌屢潣瑮硥汴扩瀮≹‬楬敮ㄠ㠵‬湩张敟楸彴ൟ †簠††猠汥⹦敧⹮桴潲⡷慶畬⥥਍††⁼†楆敬∠㩃啜敳獲瑜捥慨䅜灰慄慴䱜捯污停潲牧浡屳祐桴湯停瑹潨㍮㈱䱜扩獜瑩ⵥ慰正条獥獜慴汲瑥整彜瑵汩⹳祰Ⱒ氠湩⁥㌹‬湩挠汯慬獰彥硥杣潲灵൳ †簠††爠楡敳攠捸਍††⁼†楆敬∠㩃啜敳獲瑜捥慨䅜灰慄慴䱜捯污停潲牧浡屳祐桴湯停瑹潨㍮㈱䱜扩獜瑩ⵥ慰正条獥獜慴汲瑥整浜摩汤睥牡履慢敳瀮≹‬楬敮ㄠㄹ‬湩张损污彬ൟ †簠††爠獥潰獮⁥‽睡楡⁴敳晬搮獩慰捴彨畦据爨煥敵瑳‬慣汬湟硥⥴਍††⁼†††††††帠幞幞幞幞幞幞幞幞幞幞幞幞幞幞幞幞幞幞幞幞幞൞ †簠†䘠汩⁥䌢尺獕牥屳整档屡湏䑥楲敶䑜獥瑫灯獜污獥愠⁩汰瑡牦浯扜捡敫摮慜灰浜摩汤睥牡履敳畣楲祴瀮≹‬楬敮㈠㈱‬湩搠獩慰捴൨ †簠††爠楡敳䠠呔䕐捸灥楴湯ന †簠映獡慴楰攮捸灥楴湯⹳呈偔硅散瑰潩㩮㐠㤲›潔⁯慭祮爠煥敵瑳⹳䴠硡浩浵㘠‰敲畱獥獴瀠牥洠湩瑵⁥污潬敷⹤਍††⴫ⴭⴭⴭⴭⴭⴭⴭⴭⴭⴭⴭⴭⴭⴭⴭⴭⴭഭഊ䐊牵湩⁧慨摮楬杮漠⁦桴⁥扡癯⁥硥散瑰潩Ɱ愠潮桴牥攠捸灥楴湯漠捣牵敲㩤਍਍牔捡扥捡⁫洨獯⁴敲散瑮挠污⁬慬瑳㨩਍†楆敬∠㩃啜敳獲瑜捥慨䅜灰慄慴䱜捯污停潲牧浡屳祐桴湯停瑹潨㍮㈱䱜扩獜瑩ⵥ慰正条獥獜慴汲瑥整浜摩汤睥牡履牥潲獲瀮≹‬楬敮ㄠ㐶‬湩张损污彬ൟ †愠慷瑩猠汥⹦灡⡰捳灯ⱥ爠捥楥敶‬獟湥⥤਍†楆敬∠㩃啜敳獲瑜捥慨䅜灰慄慴䱜捯污停潲牧浡屳祐桴湯停瑹潨㍮㈱䱜扩獜瑩ⵥ慰正条獥獜慴汲瑥整浜摩汤睥牡履慢敳瀮≹‬楬敮ㄠ㤸‬湩张损污彬ൟ †眠瑩⁨潣汬灡敳敟捸牧畯獰⤨ഺ 䘠汩⁥䌢尺獕牥屳整档屡灁䑰瑡屡潌慣屬牐杯慲獭停瑹潨屮祐桴湯ㄳ尲楌屢潣瑮硥汴扩瀮≹‬楬敮ㄠ㠵‬湩张敟楸彴ൟ †猠汥⹦敧⹮桴潲⡷慶畬⥥਍†楆敬∠㩃啜敳獲瑜捥慨䅜灰慄慴䱜捯污停潲牧浡屳祐桴湯停瑹潨㍮㈱䱜扩獜瑩ⵥ慰正条獥獜慴汲瑥整彜瑵汩⹳祰Ⱒ氠湩⁥㌹‬湩挠汯慬獰彥硥杣潲灵൳ †爠楡敳攠捸਍†楆敬∠㩃啜敳獲瑜捥慨䅜灰慄慴䱜捯污停潲牧浡屳祐桴湯停瑹潨㍮㈱䱜扩獜瑩ⵥ慰正条獥獜慴汲瑥整浜摩汤睥牡履慢敳瀮≹‬楬敮ㄠㄹ‬湩张损污彬ൟ †爠獥潰獮⁥‽睡楡⁴敳晬搮獩慰捴彨畦据爨煥敵瑳‬慣汬湟硥⥴਍†††††††帠幞幞幞幞幞幞幞幞幞幞幞幞幞幞幞幞幞幞幞幞幞൞ 䘠汩⁥䌢尺獕牥屳整档屡湏䑥楲敶䑜獥瑫灯獜污獥愠⁩汰瑡牦浯扜捡敫摮慜灰浜摩汤睥牡履敲畱獥彴潣瑮硥⹴祰Ⱒ氠湩⁥㘵‬湩搠獩慰捴൨ †爠楡敳攠਍†楆敬∠㩃啜敳獲瑜捥慨作敮牄癩履敄歳潴屰慳敬⁳楡瀠慬晴潲屭慢正湥層灡屰業摤敬慷敲牜煥敵瑳损湯整瑸瀮≹‬楬敮㔠ⰰ椠⁮楤灳瑡档਍††敲灳湯敳㴠愠慷瑩挠污彬敮瑸爨煥敵瑳ഩ †††††††幞幞幞幞幞幞幞幞幞幞幞幞਍†楆敬∠㩃啜敳獲瑜捥慨䅜灰慄慴䱜捯污停潲牧浡屳祐桴湯停瑹潨㍮㈱䱜扩獜瑩ⵥ慰正条獥獜慴汲瑥整浜摩汤睥牡履慢敳瀮≹‬楬敮ㄠ㔶‬湩挠污彬敮瑸਍††慲獩⁥灡彰硥ൣ 䘠汩⁥䌢尺獕牥屳整档屡灁䑰瑡屡潌慣屬牐杯慲獭停瑹潨屮祐桴湯ㄳ尲楌屢楳整瀭捡慫敧屳瑳牡敬瑴履業摤敬慷敲扜獡⹥祰Ⱒ氠湩⁥㔱ⰱ椠⁮潣潲਍††睡楡⁴敳晬愮灰猨潣数‬敲散癩彥牯摟獩潣湮捥ⱴ猠湥彤潮敟牲牯ഩ 䘠汩⁥䌢尺獕牥屳整档屡灁䑰瑡屡潌慣屬牐杯慲獭停瑹潨屮祐桴湯ㄳ尲楌屢楳整瀭捡慫敧屳瑳牡敬瑴履業摤敬慷敲扜獡⹥祰Ⱒ氠湩⁥㠱ⰹ椠⁮彟慣汬彟਍††楷桴挠汯慬獰彥硥杣潲灵⡳㨩਍†楆敬∠㩃啜敳獲瑜捥慨䅜灰慄慴䱜捯污停潲牧浡屳祐桴湯停瑹潨㍮㈱䱜扩捜湯整瑸楬⹢祰Ⱒ氠湩⁥㔱ⰸ椠⁮彟硥瑩彟਍††敳晬朮湥琮牨睯瘨污敵ഩ 䘠汩⁥䌢尺獕牥屳整档屡灁䑰瑡屡潌慣屬牐杯慲獭停瑹潨屮祐桴湯ㄳ尲楌屢楳整瀭捡慫敧屳瑳牡敬瑴履畟楴獬瀮≹‬楬敮㤠ⰳ椠⁮潣汬灡敳敟捸牧畯獰਍††慲獩⁥硥ൣ 䘠汩⁥䌢尺獕牥屳整档屡灁䑰瑡屡潌慣屬牐杯慲獭停瑹潨屮祐桴湯ㄳ尲楌屢楳整瀭捡慫敧屳瑳牡敬瑴履業摤敬慷敲扜獡⹥祰Ⱒ氠湩⁥㤱ⰱ椠⁮彟慣汬彟਍††敲灳湯敳㴠愠慷瑩猠汥⹦楤灳瑡档晟湵⡣敲畱獥ⱴ挠污彬敮瑸ഩ †††††††幞幞幞幞幞幞幞幞幞幞幞幞幞幞幞幞幞幞幞幞幞幞਍†楆敬∠㩃啜敳獲瑜捥慨作敮牄癩履敄歳潴屰慳敬⁳楡瀠慬晴潲屭慢正湥層灡屰業摤敬慷敲獜捥牵瑩⹹祰Ⱒ氠湩⁥㌲ⰲ椠⁮楤灳瑡档਍††敲灳湯敳㴠愠慷瑩挠污彬敮瑸爨煥敵瑳ഩ †††††††幞幞幞幞幞幞幞幞幞幞幞幞਍†楆敬∠㩃啜敳獲瑜捥慨䅜灰慄慴䱜捯污停潲牧浡屳祐桴湯停瑹潨㍮㈱䱜扩獜瑩ⵥ慰正条獥獜慴汲瑥整浜摩汤睥牡履慢敳瀮≹‬楬敮ㄠ㔶‬湩挠污彬敮瑸਍††慲獩⁥灡彰硥ൣ 䘠汩⁥䌢尺獕牥屳整档屡灁䑰瑡屡潌慣屬牐杯慲獭停瑹潨屮祐桴湯ㄳ尲楌屢楳整瀭捡慫敧屳瑳牡敬瑴履業摤敬慷敲扜獡⹥祰Ⱒ氠湩⁥㔱ⰱ椠⁮潣潲਍††睡楡⁴敳晬愮灰猨潣数‬敲散癩彥牯摟獩潣湮捥ⱴ猠湥彤潮敟牲牯ഩ 䘠汩⁥䌢尺獕牥屳整档屡灁䑰瑡屡潌慣屬牐杯慲獭停瑹潨屮祐桴湯ㄳ尲楌屢楳整瀭捡慫敧屳瑳牡敬瑴履業摤敬慷敲扜獡⹥祰Ⱒ氠湩⁥㠱ⰹ椠⁮彟慣汬彟਍††楷桴挠汯慬獰彥硥杣潲灵⡳㨩਍†楆敬∠㩃啜敳獲瑜捥慨䅜灰慄慴䱜捯污停潲牧浡屳祐桴湯停瑹潨㍮㈱䱜扩捜湯整瑸楬⹢祰Ⱒ氠湩⁥㔱ⰸ椠⁮彟硥瑩彟਍††敳晬朮湥琮牨睯瘨污敵ഩ 䘠汩⁥䌢尺獕牥屳整档屡灁䑰瑡屡潌慣屬牐杯慲獭停瑹潨屮祐桴湯ㄳ尲楌屢楳整瀭捡慫敧屳瑳牡敬瑴履畟楴獬瀮≹‬楬敮㤠ⰳ椠⁮潣汬灡敳敟捸牧畯獰਍††慲獩⁥硥ൣ 䘠汩⁥䌢尺獕牥屳整档屡灁䑰瑡屡潌慣屬牐杯慲獭停瑹潨屮祐桴湯ㄳ尲楌屢楳整瀭捡慫敧屳瑳牡敬瑴履業摤敬慷敲扜獡⹥祰Ⱒ氠湩⁥㤱ⰱ椠⁮彟慣汬彟਍††敲灳湯敳㴠愠慷瑩猠汥⹦楤灳瑡档晟湵⡣敲畱獥ⱴ挠污彬敮瑸ഩ †††††††幞幞幞幞幞幞幞幞幞幞幞幞幞幞幞幞幞幞幞幞幞幞਍†楆敬∠㩃啜敳獲瑜捥慨作敮牄癩履敄歳潴屰慳敬⁳楡瀠慬晴潲屭慢正湥層灡屰業摤敬慷敲獜捥牵瑩⹹祰Ⱒ氠湩⁥ㄲⰲ椠⁮楤灳瑡档਍††慲獩⁥呈偔硅散瑰潩⡮਍慦瑳灡⹩硥散瑰潩獮䠮呔䕐捸灥楴湯›㈴㨹吠潯洠湡⁹敲畱獥獴‮慍楸畭⁭〶爠煥敵瑳⁳数⁲業畮整愠汬睯摥മഊ嬊〲㘲〭ⴳ㤲㈠㨰〳㔺⸷ㄴ㘱㔵⁝䥛㩄㈷㑥挴慣戭㐲ⵣ㔴㈳㠭㉥ⴴ扦㔴㍦㘲ぢ摡⁝剅㩒㐠㤲›潔⁯慭祮爠煥敵瑳⹳䴠硡浩浵㘠‰敲畱獥獴瀠牥洠湩瑵⁥污潬敷⹤਍†‫硅散瑰潩⁮片畯⁰牔捡扥捡⁫洨獯⁴敲散瑮挠污⁬慬瑳㨩਍†⁼†楆敬∠㩃啜敳獲瑜捥慨䅜灰慄慴䱜捯污停潲牧浡屳祐桴湯停瑹潨㍮㈱䱜扩獜瑩ⵥ慰正条獥獜慴汲瑥整彜瑵汩⹳祰Ⱒ氠湩⁥㜸‬湩挠汯慬獰彥硥杣潲灵൳ 簠††礠敩摬਍†⁼†楆敬∠㩃啜敳獲瑜捥慨䅜灰慄慴䱜捯污停潲牧浡屳祐桴湯停瑹潨㍮㈱䱜扩獜瑩ⵥ慰正条獥獜慴汲瑥整浜摩汤睥牡履慢敳瀮≹‬楬敮ㄠ〹‬湩张损污彬ൟ 簠††愠祳据眠瑩⁨湡楹⹯牣慥整瑟獡彫牧畯⡰ 獡琠獡彫牧畯㩰਍†⁼†楆敬∠㩃啜敳獲瑜捥慨䅜灰慄慴䱜捯污停潲牧浡屳祐桴湯停瑹潨㍮㈱䱜扩獜瑩ⵥ慰正条獥慜祮潩彜慢正湥獤彜獡湹楣⹯祰Ⱒ氠湩⁥㜶ⰸ椠⁮彟敡楸彴ൟ 簠††爠楡敳䈠獡䕥捸灥楴湯片畯⡰਍†⁼硅散瑰潩䝮潲灵›湵慨摮敬⁤牥潲獲椠⁮⁡慔歳片畯⁰ㄨ猠扵攭捸灥楴湯ഩ ⬠⬭ⴭⴭⴭⴭⴭⴭⴭⴭㄠⴠⴭⴭⴭⴭⴭⴭⴭഭ †簠吠慲散慢正⠠潭瑳爠捥湥⁴慣汬氠獡⥴ഺ †簠†䘠汩⁥䌢尺獕牥屳整档屡灁䑰瑡屡潌慣屬牐杯慲獭停瑹潨屮祐桴湯ㄳ尲楌屢楳整瀭捡慫敧屳瑳牡敬瑴履業摤敬慷敲敜牲牯⹳祰Ⱒ氠湩⁥㘱ⰴ椠⁮彟慣汬彟਍††⁼††睡楡⁴敳晬愮灰猨潣数‬敲散癩ⱥ张敳摮ഩ †簠†䘠汩⁥䌢尺獕牥屳整档屡灁䑰瑡屡潌慣屬牐杯慲獭停瑹潨屮祐桴湯ㄳ尲楌屢楳整瀭捡慫敧屳瑳牡敬瑴履業摤敬慷敲扜獡⹥祰Ⱒ氠湩⁥㠱ⰹ椠⁮彟慣汬彟਍††⁼††楷桴挠汯慬獰彥硥杣潲灵⡳㨩਍††⁼†楆敬∠㩃啜敳獲瑜捥慨䅜灰慄慴䱜捯污停潲牧浡屳祐桴湯停瑹潨㍮㈱䱜扩捜湯整瑸楬⹢祰Ⱒ氠湩⁥㔱ⰸ椠⁮彟硥瑩彟਍††⁼††敳晬朮湥琮牨睯瘨污敵ഩ †簠†䘠汩⁥䌢尺獕牥屳整档屡灁䑰瑡屡潌慣屬牐杯慲獭停瑹潨屮祐桴湯ㄳ尲楌屢楳整瀭捡慫敧屳瑳牡敬瑴履畟楴獬瀮≹‬楬敮㤠ⰳ椠⁮潣汬灡敳敟捸牧畯獰਍††⁼††慲獩⁥硥ൣ †簠†䘠汩⁥䌢尺獕牥屳整档屡灁䑰瑡屡潌慣屬牐杯慲獭停瑹潨屮祐桴湯ㄳ尲楌屢楳整瀭捡慫敧屳瑳牡敬瑴履業摤敬慷敲扜獡⹥祰Ⱒ氠湩⁥㤱ⰱ椠⁮彟慣汬彟਍††⁼††敲灳湯敳㴠愠慷瑩猠汥⹦楤灳瑡档晟湵⡣敲畱獥ⱴ挠污彬敮瑸ഩ †簠††††††††幞幞幞幞幞幞幞幞幞幞幞幞幞幞幞幞幞幞幞幞幞幞਍††⁼†楆敬∠㩃啜敳獲瑜捥慨作敮牄癩履敄歳潴屰慳敬⁳楡瀠慬晴潲屭慢正湥層灡屰業摤敬慷敲牜煥敵瑳损湯整瑸瀮≹‬楬敮㔠ⰶ椠⁮楤灳瑡档਍††⁼††慲獩⁥൥ †簠†䘠汩⁥䌢尺獕牥屳整档屡湏䑥楲敶䑜獥瑫灯獜污獥愠⁩汰瑡牦浯扜捡敫摮慜灰浜摩汤睥牡履敲畱獥彴潣瑮硥⹴祰Ⱒ氠湩⁥〵‬湩搠獩慰捴൨ †簠††爠獥潰獮⁥‽睡楡⁴慣汬湟硥⡴敲畱獥⥴਍††⁼†††††††帠幞幞幞幞幞幞幞幞幞幞幞൞ †簠†䘠汩⁥䌢尺獕牥屳整档屡灁䑰瑡屡潌慣屬牐杯慲獭停瑹潨屮祐桴湯ㄳ尲楌屢楳整瀭捡慫敧屳瑳牡敬瑴履業摤敬慷敲扜獡⹥祰Ⱒ氠湩⁥㘱ⰵ椠⁮慣汬湟硥൴ †簠††爠楡敳愠灰敟捸਍††⁼†楆敬∠㩃啜敳獲瑜捥慨䅜灰慄慴䱜捯污停潲牧浡屳祐桴湯停瑹潨㍮㈱䱜扩獜瑩ⵥ慰正条獥獜慴汲瑥整浜摩汤睥牡履慢敳瀮≹‬楬敮ㄠㄵ‬湩挠牯൯ †簠††愠慷瑩猠汥⹦灡⡰捳灯ⱥ爠捥楥敶潟彲楤捳湯敮瑣‬敳摮湟彯牥潲⥲਍††⁼†楆敬∠㩃啜敳獲瑜捥慨䅜灰慄慴䱜捯污停潲牧浡屳祐桴湯停瑹潨㍮㈱䱜扩獜瑩ⵥ慰正条獥獜慴汲瑥整浜摩汤睥牡履慢敳瀮≹‬楬敮ㄠ㤸‬湩张损污彬ൟ †簠††眠瑩⁨潣汬灡敳敟捸牧畯獰⤨ഺ †簠†䘠汩⁥䌢尺獕牥屳整档屡灁䑰瑡屡潌慣屬牐杯慲獭停瑹潨屮祐桴湯ㄳ尲楌屢潣瑮硥汴扩瀮≹‬楬敮ㄠ㠵‬湩张敟楸彴ൟ †簠††猠汥⹦敧⹮桴潲⡷慶畬⥥਍††⁼†楆敬∠㩃啜敳獲瑜捥慨䅜灰慄慴䱜捯污停潲牧浡屳祐桴湯停瑹潨㍮㈱䱜扩獜瑩ⵥ慰正条獥獜慴汲瑥整彜瑵汩⹳祰Ⱒ氠湩⁥㌹‬湩挠汯慬獰彥硥杣潲灵൳ †簠††爠楡敳攠捸਍††⁼†楆敬∠㩃啜敳獲瑜捥慨䅜灰慄慴䱜捯污停潲牧浡屳祐桴湯停瑹潨㍮㈱䱜扩獜瑩ⵥ慰正条獥獜慴汲瑥整浜摩汤睥牡履慢敳瀮≹‬楬敮ㄠㄹ‬湩张损污彬ൟ †簠††爠獥潰獮⁥‽睡楡⁴敳晬搮獩慰捴彨畦据爨煥敵瑳‬慣汬湟硥⥴਍††⁼†††††††帠幞幞幞幞幞幞幞幞幞幞幞幞幞幞幞幞幞幞幞幞幞൞ †簠†䘠汩⁥䌢尺獕牥屳整档屡湏䑥楲敶䑜獥瑫灯獜污獥愠⁩汰瑡牦浯扜捡敫摮慜灰浜摩汤睥牡履敳畣楲祴瀮≹‬楬敮㈠㈳‬湩搠獩慰捴൨ †簠††爠獥潰獮⁥‽睡楡⁴慣汬湟硥⡴敲畱獥⥴਍††⁼†††††††帠幞幞幞幞幞幞幞幞幞幞幞൞ †簠†䘠汩⁥䌢尺獕牥屳整档屡灁䑰瑡屡潌慣屬牐杯慲獭停瑹潨屮祐桴湯ㄳ尲楌屢楳整瀭捡慫敧屳瑳牡敬瑴履業摤敬慷敲扜獡⹥祰Ⱒ氠湩⁥㘱ⰵ椠⁮慣汬湟硥൴ †簠††爠楡敳愠灰敟捸਍††⁼†楆敬∠㩃啜敳獲瑜捥慨䅜灰慄慴䱜捯污停潲牧浡屳祐桴湯停瑹潨㍮㈱䱜扩獜瑩ⵥ慰正条獥獜慴汲瑥整浜摩汤睥牡履慢敳瀮≹‬楬敮ㄠㄵ‬湩挠牯൯ †簠††愠慷瑩猠汥⹦灡⡰捳灯ⱥ爠捥楥敶潟彲楤捳湯敮瑣‬敳摮湟彯牥潲⥲਍††⁼†楆敬∠㩃啜敳獲瑜捥慨䅜灰慄慴䱜捯污停潲牧浡屳祐桴湯停瑹潨㍮㈱䱜扩獜瑩ⵥ慰正条獥獜慴汲瑥整浜摩汤睥牡履慢敳瀮≹‬楬敮ㄠ㤸‬湩张损污彬ൟ †簠††眠瑩⁨潣汬灡敳敟捸牧畯獰⤨ഺ †簠†䘠汩⁥䌢尺獕牥屳整档屡灁䑰瑡屡潌慣屬牐杯慲獭停瑹潨屮祐桴湯ㄳ尲楌屢潣瑮硥汴扩瀮≹‬楬敮ㄠ㠵‬湩张敟楸彴ൟ †簠††猠汥⹦敧⹮桴潲⡷慶畬⥥਍††⁼†楆敬∠㩃啜敳獲瑜捥慨䅜灰慄慴䱜捯污停潲牧浡屳祐桴湯停瑹潨㍮㈱䱜扩獜瑩ⵥ慰正条獥獜慴汲瑥整彜瑵汩⹳祰Ⱒ氠湩⁥㌹‬湩挠汯慬獰彥硥杣潲灵൳ †簠††爠楡敳攠捸਍††⁼†楆敬∠㩃啜敳獲瑜捥慨䅜灰慄慴䱜捯污停潲牧浡屳祐桴湯停瑹潨㍮㈱䱜扩獜瑩ⵥ慰正条獥獜慴汲瑥整浜摩汤睥牡履慢敳瀮≹‬楬敮ㄠㄹ‬湩张损污彬ൟ †簠††爠獥潰獮⁥‽睡楡⁴敳晬搮獩慰捴彨畦据爨煥敵瑳‬慣汬湟硥⥴਍††⁼†††††††帠幞幞幞幞幞幞幞幞幞幞幞幞幞幞幞幞幞幞幞幞幞൞ †簠†䘠汩⁥䌢尺獕牥屳整档屡湏䑥楲敶䑜獥瑫灯獜污獥愠⁩汰瑡牦浯扜捡敫摮慜灰浜摩汤睥牡履敳畣楲祴瀮≹‬楬敮㈠㈱‬湩搠獩慰捴൨ †簠††爠楡敳䠠呔䕐捸灥楴湯ന †簠映獡慴楰攮捸灥楴湯⹳呈偔硅散瑰潩㩮㐠㤲›潔⁯慭祮爠煥敵瑳⹳䴠硡浩浵㘠‰敲畱獥獴瀠牥洠湩瑵⁥污潬敷⹤਍††⴫ⴭⴭⴭⴭⴭⴭⴭⴭⴭⴭⴭⴭⴭⴭⴭⴭⴭഭഊ䐊牵湩⁧慨摮楬杮漠⁦桴⁥扡癯⁥硥散瑰潩Ɱ愠潮桴牥攠捸灥楴湯漠捣牵敲㩤਍਍牔捡扥捡⁫洨獯⁴敲散瑮挠污⁬慬瑳㨩਍†楆敬∠㩃啜敳獲瑜捥慨䅜灰慄慴䱜捯污停潲牧浡屳祐桴湯停瑹潨㍮㈱䱜扩獜瑩ⵥ慰正条獥獜慴汲瑥整浜摩汤睥牡履牥潲獲瀮≹‬楬敮ㄠ㐶‬湩张损污彬ൟ †愠慷瑩猠汥⹦灡⡰捳灯ⱥ爠捥楥敶‬獟湥⥤਍†楆敬∠㩃啜敳獲瑜捥慨䅜灰慄慴䱜捯污停潲牧浡屳祐桴湯停瑹潨㍮㈱䱜扩獜瑩ⵥ慰正条獥獜慴汲瑥整浜摩汤睥牡履慢敳瀮≹‬楬敮ㄠ㤸‬湩张损污彬ൟ †眠瑩⁨潣汬灡敳敟捸牧畯獰⤨ഺ 䘠汩⁥䌢尺獕牥屳整档屡灁䑰瑡屡潌慣屬牐杯慲獭停瑹潨屮祐桴湯ㄳ尲楌屢潣瑮硥汴扩瀮≹‬楬敮ㄠ㠵‬湩张敟楸彴ൟ †猠汥⹦敧⹮桴潲⡷慶畬⥥਍†楆敬∠㩃啜敳獲瑜捥慨䅜灰慄慴䱜捯污停潲牧浡屳祐桴湯停瑹潨㍮㈱䱜扩獜瑩ⵥ慰正条獥獜慴汲瑥整彜瑵汩⹳祰Ⱒ氠湩⁥㌹‬湩挠汯慬獰彥硥杣潲灵൳ †爠楡敳攠捸਍†楆敬∠㩃啜敳獲瑜捥慨䅜灰慄慴䱜捯污停潲牧浡屳祐桴湯停瑹潨㍮㈱䱜扩獜瑩ⵥ慰正条獥獜慴汲瑥整浜摩汤睥牡履慢敳瀮≹‬楬敮ㄠㄹ‬湩张损污彬ൟ †爠獥潰獮⁥‽睡楡⁴敳晬搮獩慰捴彨畦据爨煥敵瑳‬慣汬湟硥⥴਍†††††††帠幞幞幞幞幞幞幞幞幞幞幞幞幞幞幞幞幞幞幞幞幞൞ 䘠汩⁥䌢尺獕牥屳整档屡湏䑥楲敶䑜獥瑫灯獜污獥愠⁩汰瑡牦浯扜捡敫摮慜灰浜摩汤睥牡履敲畱獥彴潣瑮硥⹴祰Ⱒ氠湩⁥㘵‬湩搠獩慰捴൨ †爠楡敳攠਍†楆敬∠㩃啜敳獲瑜捥慨作敮牄癩履敄歳潴屰慳敬⁳楡瀠慬晴潲屭慢正湥層灡屰業摤敬慷敲牜煥敵瑳损湯整瑸瀮≹‬楬敮㔠ⰰ椠⁮楤灳瑡档਍††敲灳湯敳㴠愠慷瑩挠污彬敮瑸爨煥敵瑳ഩ †††††††幞幞幞幞幞幞幞幞幞幞幞幞਍†楆敬∠㩃啜敳獲瑜捥慨䅜灰慄慴䱜捯污停潲牧浡屳祐桴湯停瑹潨㍮㈱䱜扩獜瑩ⵥ慰正条獥獜慴汲瑥整浜摩汤睥牡履慢敳瀮≹‬楬敮ㄠ㔶‬湩挠污彬敮瑸਍††慲獩⁥灡彰硥ൣ 䘠汩⁥䌢尺獕牥屳整档屡灁䑰瑡屡潌慣屬牐杯慲獭停瑹潨屮祐桴湯ㄳ尲楌屢楳整瀭捡慫敧屳瑳牡敬瑴履業摤敬慷敲扜獡⹥祰Ⱒ氠湩⁥㔱ⰱ椠⁮潣潲਍††睡楡⁴敳晬愮灰猨潣数‬敲散癩彥牯摟獩潣湮捥ⱴ猠湥彤潮敟牲牯ഩ 䘠汩⁥䌢尺獕牥屳整档屡灁䑰瑡屡潌慣屬牐杯慲獭停瑹潨屮祐桴湯ㄳ尲楌屢楳整瀭捡慫敧屳瑳牡敬瑴履業摤敬慷敲扜獡⹥祰Ⱒ氠湩⁥㠱ⰹ椠⁮彟慣汬彟਍††楷桴挠汯慬獰彥硥杣潲灵⡳㨩਍†楆敬∠㩃啜敳獲瑜捥慨䅜灰慄慴䱜捯污停潲牧浡屳祐桴湯停瑹潨㍮㈱䱜扩捜湯整瑸楬⹢祰Ⱒ氠湩⁥㔱ⰸ椠⁮彟硥瑩彟਍††敳晬朮湥琮牨睯瘨污敵ഩ 䘠汩⁥䌢尺獕牥屳整档屡灁䑰瑡屡潌慣屬牐杯慲獭停瑹潨屮祐桴湯ㄳ尲楌屢楳整瀭捡慫敧屳瑳牡敬瑴履畟楴獬瀮≹‬楬敮㤠ⰳ椠⁮潣汬灡敳敟捸牧畯獰਍††慲獩⁥硥ൣ 䘠汩⁥䌢尺獕牥屳整档屡灁䑰瑡屡潌慣屬牐杯慲獭停瑹潨屮祐桴湯ㄳ尲楌屢楳整瀭捡慫敧屳瑳牡敬瑴履業摤敬慷敲扜獡⹥祰Ⱒ氠湩⁥㤱ⰱ椠⁮彟慣汬彟਍††敲灳湯敳㴠愠慷瑩猠汥⹦楤灳瑡档晟湵⡣敲畱獥ⱴ挠污彬敮瑸ഩ †††††††幞幞幞幞幞幞幞幞幞幞幞幞幞幞幞幞幞幞幞幞幞幞਍†楆敬∠㩃啜敳獲瑜捥慨作敮牄癩履敄歳潴屰慳敬⁳楡瀠慬晴潲屭慢正湥層灡屰業摤敬慷敲獜捥牵瑩⹹祰Ⱒ氠湩⁥㌲ⰲ椠⁮楤灳瑡档਍††敲灳湯敳㴠愠慷瑩挠污彬敮瑸爨煥敵瑳ഩ †††††††幞幞幞幞幞幞幞幞幞幞幞幞਍†楆敬∠㩃啜敳獲瑜捥慨䅜灰慄慴䱜捯污停潲牧浡屳祐桴湯停瑹潨㍮㈱䱜扩獜瑩ⵥ慰正条獥獜慴汲瑥整浜摩汤睥牡履慢敳瀮≹‬楬敮ㄠ㔶‬湩挠污彬敮瑸਍††慲獩⁥灡彰硥ൣ 䘠汩⁥䌢尺獕牥屳整档屡灁䑰瑡屡潌慣屬牐杯慲獭停瑹潨屮祐桴湯ㄳ尲楌屢楳整瀭捡慫敧屳瑳牡敬瑴履業摤敬慷敲扜獡⹥祰Ⱒ氠湩⁥㔱ⰱ椠⁮潣潲਍††睡楡⁴敳晬愮灰猨潣数‬敲散癩彥牯摟獩潣湮捥ⱴ猠湥彤潮敟牲牯ഩ 䘠汩⁥䌢尺獕牥屳整档屡灁䑰瑡屡潌慣屬牐杯慲獭停瑹潨屮祐桴湯ㄳ尲楌屢楳整瀭捡慫敧屳瑳牡敬瑴履業摤敬慷敲扜獡⹥祰Ⱒ氠湩⁥㠱ⰹ椠⁮彟慣汬彟਍††楷桴挠汯慬獰彥硥杣潲灵⡳㨩਍†楆敬∠㩃啜敳獲瑜捥慨䅜灰慄慴䱜捯污停潲牧浡屳祐桴湯停瑹潨㍮㈱䱜扩捜湯整瑸楬⹢祰Ⱒ氠湩⁥㔱ⰸ椠⁮彟硥瑩彟਍††敳晬朮湥琮牨睯瘨污敵ഩ 䘠汩⁥䌢尺獕牥屳整档屡灁䑰瑡屡潌慣屬牐杯慲獭停瑹潨屮祐桴湯ㄳ尲楌屢楳整瀭捡慫敧屳瑳牡敬瑴履畟楴獬瀮≹‬楬敮㤠ⰳ椠⁮潣汬灡敳敟捸牧畯獰਍††慲獩⁥硥ൣ 䘠汩⁥䌢尺獕牥屳整档屡灁䑰瑡屡潌慣屬牐杯慲獭停瑹潨屮祐桴湯ㄳ尲楌屢楳整瀭捡慫敧屳瑳牡敬瑴履業摤敬慷敲扜獡⹥祰Ⱒ氠湩⁥㤱ⰱ椠⁮彟慣汬彟਍††敲灳湯敳㴠愠慷瑩猠汥⹦楤灳瑡档晟湵⡣敲畱獥ⱴ挠污彬敮瑸ഩ †††††††幞幞幞幞幞幞幞幞幞幞幞幞幞幞幞幞幞幞幞幞幞幞਍†楆敬∠㩃啜敳獲瑜捥慨作敮牄癩履敄歳潴屰慳敬⁳楡瀠慬晴潲屭慢正湥層灡屰業摤敬慷敲獜捥牵瑩⹹祰Ⱒ氠湩⁥ㄲⰲ椠⁮楤灳瑡档਍††慲獩⁥呈偔硅散瑰潩⡮਍慦瑳灡⹩硥散瑰潩獮䠮呔䕐捸灥楴湯›㈴㨹吠潯洠湡⁹敲畱獥獴‮慍楸畭⁭〶爠煥敵瑳⁳数⁲業畮整愠汬睯摥മഊ嬊〲㘲〭ⴳ㤲㈠㨰〳㔺⸷㈴㘴㠵⁝䥛㩄㑦㙡㠱〰㤭挷ⴸㄴ昶戭慡ⵥ㔱ㄲ㜳㙥挲攷⁝剅㩒㐠㤲›潔⁯慭祮爠煥敵瑳⹳䴠硡浩浵㘠‰敲畱獥獴瀠牥洠湩瑵⁥污潬敷⹤਍†‫硅散瑰潩⁮片畯⁰牔捡扥捡⁫洨獯⁴敲散瑮挠污⁬慬瑳㨩਍†⁼†楆敬∠㩃啜敳獲瑜捥慨䅜灰慄慴䱜捯污停潲牧浡屳祐桴湯停瑹潨㍮㈱䱜扩獜瑩ⵥ慰正条獥獜慴汲瑥整彜瑵汩⹳祰Ⱒ氠湩⁥㜸‬湩挠汯慬獰彥硥杣潲灵൳ 簠††礠敩摬਍†⁼†楆敬∠㩃啜敳獲瑜捥慨䅜灰慄慴䱜捯污停潲牧浡屳祐桴湯停瑹潨㍮㈱䱜扩獜瑩ⵥ慰正条獥獜慴汲瑥整浜摩汤睥牡履慢敳瀮≹‬楬敮ㄠ〹‬湩张损污彬ൟ 簠††愠祳据眠瑩⁨湡楹⹯牣慥整瑟獡彫牧畯⡰ 獡琠獡彫牧畯㩰਍†⁼†楆敬∠㩃啜敳獲瑜捥慨䅜灰慄慴䱜捯污停潲牧浡屳祐桴湯停瑹潨㍮㈱䱜扩獜瑩ⵥ慰正条獥慜祮潩彜慢正湥獤彜獡湹楣⹯祰Ⱒ氠湩⁥㜶ⰸ椠⁮彟敡楸彴ൟ 簠††爠楡敳䈠獡䕥捸灥楴湯片畯⡰਍†⁼硅散瑰潩䝮潲灵›湵慨摮敬⁤牥潲獲椠⁮⁡慔歳片畯⁰ㄨ猠扵攭捸灥楴湯ഩ ⬠⬭ⴭⴭⴭⴭⴭⴭⴭⴭㄠⴠⴭⴭⴭⴭⴭⴭⴭഭ †簠吠慲散慢正⠠潭瑳爠捥湥⁴慣汬氠獡⥴ഺ †簠†䘠汩⁥䌢尺獕牥屳整档屡灁䑰瑡屡潌慣屬牐杯慲獭停瑹潨屮祐桴湯ㄳ尲楌屢楳整瀭捡慫敧屳瑳牡敬瑴履業摤敬慷敲敜牲牯⹳祰Ⱒ氠湩⁥㘱ⰴ椠⁮彟慣汬彟਍††⁼††睡楡⁴敳晬愮灰猨潣数‬敲散癩ⱥ张敳摮ഩ †簠†䘠汩⁥䌢尺獕牥屳整档屡灁䑰瑡屡潌慣屬牐杯慲獭停瑹潨屮祐桴湯ㄳ尲楌屢楳整瀭捡慫敧屳瑳牡敬瑴履業摤敬慷敲扜獡⹥祰Ⱒ氠湩⁥㠱ⰹ椠⁮彟慣汬彟਍††⁼††楷桴挠汯慬獰彥硥杣潲灵⡳㨩਍††⁼†楆敬∠㩃啜敳獲瑜捥慨䅜灰慄慴䱜捯污停潲牧浡屳祐桴湯停瑹潨㍮㈱䱜扩捜湯整瑸楬⹢祰Ⱒ氠湩⁥㔱ⰸ椠⁮彟硥瑩彟਍††⁼††敳晬朮湥琮牨睯瘨污敵ഩ †簠†䘠汩⁥䌢尺獕牥屳整档屡灁䑰瑡屡潌慣屬牐杯慲獭停瑹潨屮祐桴湯ㄳ尲楌屢楳整瀭捡慫敧屳瑳牡敬瑴履畟楴獬瀮≹‬楬敮㤠ⰳ椠⁮潣汬灡敳敟捸牧畯獰਍††⁼††慲獩⁥硥ൣ †簠†䘠汩⁥䌢尺獕牥屳整档屡灁䑰瑡屡潌慣屬牐杯慲獭停瑹潨屮祐桴湯ㄳ尲楌屢楳整瀭捡慫敧屳瑳牡敬瑴履業摤敬慷敲扜獡⹥祰Ⱒ氠湩⁥㤱ⰱ椠⁮彟慣汬彟਍††⁼††敲灳湯敳㴠愠慷瑩猠汥⹦楤灳瑡档晟湵⡣敲畱獥ⱴ挠污彬敮瑸ഩ †簠††††††††幞幞幞幞幞幞幞幞幞幞幞幞幞幞幞幞幞幞幞幞幞幞਍††⁼†楆敬∠㩃啜敳獲瑜捥慨作敮牄癩履敄歳潴屰慳敬⁳楡瀠慬晴潲屭慢正湥層灡屰業摤敬慷敲牜煥敵瑳损湯整瑸瀮≹‬楬敮㔠ⰶ椠⁮楤灳瑡档਍††⁼††慲獩⁥൥ †簠†䘠汩⁥䌢尺獕牥屳整档屡湏䑥楲敶䑜獥瑫灯獜污獥愠⁩汰瑡牦浯扜捡敫摮慜灰浜摩汤睥牡履敲畱獥彴潣瑮硥⹴祰Ⱒ氠湩⁥〵‬湩搠獩慰捴൨ †簠††爠獥潰獮⁥‽睡楡⁴慣汬湟硥⡴敲畱獥⥴਍††⁼†††††††帠幞幞幞幞幞幞幞幞幞幞幞൞ †簠†䘠汩⁥䌢尺獕牥屳整档屡灁䑰瑡屡潌慣屬牐杯慲獭停瑹潨屮祐桴湯ㄳ尲楌屢楳整瀭捡慫敧屳瑳牡敬瑴履業摤敬慷敲扜獡⹥祰Ⱒ氠湩⁥㘱ⰵ椠⁮慣汬湟硥൴ †簠††爠楡敳愠灰敟捸਍††⁼†楆敬∠㩃啜敳獲瑜捥慨䅜灰慄慴䱜捯污停潲牧浡屳祐桴湯停瑹潨㍮㈱䱜扩獜瑩ⵥ慰正条獥獜慴汲瑥整浜摩汤睥牡履慢敳瀮≹‬楬敮ㄠㄵ‬湩挠牯൯ †簠††愠慷瑩猠汥⹦灡⡰捳灯ⱥ爠捥楥敶潟彲楤捳湯敮瑣‬敳摮湟彯牥潲⥲਍††⁼†楆敬∠㩃啜敳獲瑜捥慨䅜灰慄慴䱜捯污停潲牧浡屳祐桴湯停瑹潨㍮㈱䱜扩獜瑩ⵥ慰正条獥獜慴汲瑥整浜摩汤睥牡履慢敳瀮≹‬楬敮ㄠ㤸‬湩张损污彬ൟ †簠††眠瑩⁨潣汬灡敳敟捸牧畯獰⤨ഺ †簠†䘠汩⁥䌢尺獕牥屳整档屡灁䑰瑡屡潌慣屬牐杯慲獭停瑹潨屮祐桴湯ㄳ尲楌屢潣瑮硥汴扩瀮≹‬楬敮ㄠ㠵‬湩张敟楸彴ൟ †簠††猠汥⹦敧⹮桴潲⡷慶畬⥥਍††⁼†楆敬∠㩃啜敳獲瑜捥慨䅜灰慄慴䱜捯污停潲牧浡屳祐桴湯停瑹潨㍮㈱䱜扩獜瑩ⵥ慰正条獥獜慴汲瑥整彜瑵汩⹳祰Ⱒ氠湩⁥㌹‬湩挠汯慬獰彥硥杣潲灵൳ †簠††爠楡敳攠捸਍††⁼†楆敬∠㩃啜敳獲瑜捥慨䅜灰慄慴䱜捯污停潲牧浡屳祐桴湯停瑹潨㍮㈱䱜扩獜瑩ⵥ慰正条獥獜慴汲瑥整浜摩汤睥牡履慢敳瀮≹‬楬敮ㄠㄹ‬湩张损污彬ൟ †簠††爠獥潰獮⁥‽睡楡⁴敳晬搮獩慰捴彨畦据爨煥敵瑳‬慣汬湟硥⥴਍††⁼†††††††帠幞幞幞幞幞幞幞幞幞幞幞幞幞幞幞幞幞幞幞幞幞൞ †簠†䘠汩⁥䌢尺獕牥屳整档屡湏䑥楲敶䑜獥瑫灯獜污獥愠⁩汰瑡牦浯扜捡敫摮慜灰浜摩汤睥牡履敳畣楲祴瀮≹‬楬敮㈠㈳‬湩搠獩慰捴൨ †簠††爠獥潰獮⁥‽睡楡⁴慣汬湟硥⡴敲畱獥⥴਍††⁼†††††††帠幞幞幞幞幞幞幞幞幞幞幞൞ †簠†䘠汩⁥䌢尺獕牥屳整档屡灁䑰瑡屡潌慣屬牐杯慲獭停瑹潨屮祐桴湯ㄳ尲楌屢楳整瀭捡慫敧屳瑳牡敬瑴履業摤敬慷敲扜獡⹥祰Ⱒ氠湩⁥㘱ⰵ椠⁮慣汬湟硥൴ †簠††爠楡敳愠灰敟捸਍††⁼†楆敬∠㩃啜敳獲瑜捥慨䅜灰慄慴䱜捯污停潲牧浡屳祐桴湯停瑹潨㍮㈱䱜扩獜瑩ⵥ慰正条獥獜慴汲瑥整浜摩汤睥牡履慢敳瀮≹‬楬敮ㄠㄵ‬湩挠牯൯ †簠††愠慷瑩猠汥⹦灡⡰捳灯ⱥ爠捥楥敶潟彲楤捳湯敮瑣‬敳摮湟彯牥潲⥲਍††⁼†楆敬∠㩃啜敳獲瑜捥慨䅜灰慄慴䱜捯污停潲牧浡屳祐桴湯停瑹潨㍮㈱䱜扩獜瑩ⵥ慰正条獥獜慴汲瑥整浜摩汤睥牡履慢敳瀮≹‬楬敮ㄠ㤸‬湩张损污彬ൟ †簠††眠瑩⁨潣汬灡敳敟捸牧畯獰⤨ഺ †簠†䘠汩⁥䌢尺獕牥屳整档屡灁䑰瑡屡潌慣屬牐杯慲獭停瑹潨屮祐桴湯ㄳ尲楌屢潣瑮硥汴扩瀮≹‬楬敮ㄠ㠵‬湩张敟楸彴ൟ †簠††猠汥⹦敧⹮桴潲⡷慶畬⥥਍††⁼†楆敬∠㩃啜敳獲瑜捥慨䅜灰慄慴䱜捯污停潲牧浡屳祐桴湯停瑹潨㍮㈱䱜扩獜瑩ⵥ慰正条獥獜慴汲瑥整彜瑵汩⹳祰Ⱒ氠湩⁥㌹‬湩挠汯慬獰彥硥杣潲灵൳ †簠††爠楡敳攠捸਍††⁼†楆敬∠㩃啜敳獲瑜捥慨䅜灰慄慴䱜捯污停潲牧浡屳祐桴湯停瑹潨㍮㈱䱜扩獜瑩ⵥ慰正条獥獜慴汲瑥整浜摩汤睥牡履慢敳瀮≹‬楬敮ㄠㄹ‬湩张损污彬ൟ †簠††爠獥潰獮⁥‽睡楡⁴敳晬搮獩慰捴彨畦据爨煥敵瑳‬慣汬湟硥⥴਍††⁼†††††††帠幞幞幞幞幞幞幞幞幞幞幞幞幞幞幞幞幞幞幞幞幞൞ †簠†䘠汩⁥䌢尺獕牥屳整档屡湏䑥楲敶䑜獥瑫灯獜污獥愠⁩汰瑡牦浯扜捡敫摮慜灰浜摩汤睥牡履敳畣楲祴瀮≹‬楬敮㈠㈱‬湩搠獩慰捴൨ †簠††爠楡敳䠠呔䕐捸灥楴湯ന †簠映獡慴楰攮捸灥楴湯⹳呈偔硅散瑰潩㩮㐠㤲›潔⁯慭祮爠煥敵瑳⹳䴠硡浩浵㘠‰敲畱獥獴瀠牥洠湩瑵⁥污潬敷⹤਍††⴫ⴭⴭⴭⴭⴭⴭⴭⴭⴭⴭⴭⴭⴭⴭⴭⴭⴭഭഊ䐊牵湩⁧慨摮楬杮漠⁦桴⁥扡癯⁥硥散瑰潩Ɱ愠潮桴牥攠捸灥楴湯漠捣牵敲㩤਍਍牔捡扥捡⁫洨獯⁴敲散瑮挠污⁬慬瑳㨩਍†楆敬∠㩃啜敳獲瑜捥慨䅜灰慄慴䱜捯污停潲牧浡屳祐桴湯停瑹潨㍮㈱䱜扩獜瑩ⵥ慰正条獥獜慴汲瑥整浜摩汤睥牡履牥潲獲瀮≹‬楬敮ㄠ㐶‬湩张损污彬ൟ †愠慷瑩猠汥⹦灡⡰捳灯ⱥ爠捥楥敶‬獟湥⥤਍†楆敬∠㩃啜敳獲瑜捥慨䅜灰慄慴䱜捯污停潲牧浡屳祐桴湯停瑹潨㍮㈱䱜扩獜瑩ⵥ慰正条獥獜慴汲瑥整浜摩汤睥牡履慢敳瀮≹‬楬敮ㄠ㤸‬湩张损污彬ൟ †眠瑩⁨潣汬灡敳敟捸牧畯獰⤨ഺ 䘠汩⁥䌢尺獕牥屳整档屡灁䑰瑡屡潌慣屬牐杯慲獭停瑹潨屮祐桴湯ㄳ尲楌屢潣瑮硥汴扩瀮≹‬楬敮ㄠ㠵‬湩张敟楸彴ൟ †猠汥⹦敧⹮桴潲⡷慶畬⥥਍†楆敬∠㩃啜敳獲瑜捥慨䅜灰慄慴䱜捯污停潲牧浡屳祐桴湯停瑹潨㍮㈱䱜扩獜瑩ⵥ慰正条獥獜慴汲瑥整彜瑵汩⹳祰Ⱒ氠湩⁥㌹‬湩挠汯慬獰彥硥杣潲灵൳ †爠楡敳攠捸਍†楆敬∠㩃啜敳獲瑜捥慨䅜灰慄慴䱜捯污停潲牧浡屳祐桴湯停瑹潨㍮㈱䱜扩獜瑩ⵥ慰正条獥獜慴汲瑥整浜摩汤睥牡履慢敳瀮≹‬楬敮ㄠㄹ‬湩张损污彬ൟ †爠獥潰獮⁥‽睡楡⁴敳晬搮獩慰捴彨畦据爨煥敵瑳‬慣汬湟硥⥴਍†††††††帠幞幞幞幞幞幞幞幞幞幞幞幞幞幞幞幞幞幞幞幞幞൞ 䘠汩⁥䌢尺獕牥屳整档屡湏䑥楲敶䑜獥瑫灯獜污獥愠⁩汰瑡牦浯扜捡敫摮慜灰浜摩汤睥牡履敲畱獥彴潣瑮硥⹴祰Ⱒ氠湩⁥㘵‬湩搠獩慰捴൨ †爠楡敳攠਍†楆敬∠㩃啜敳獲瑜捥慨作敮牄癩履敄歳潴屰慳敬⁳楡瀠慬晴潲屭慢正湥層灡屰業摤敬慷敲牜煥敵瑳损湯整瑸瀮≹‬楬敮㔠ⰰ椠⁮楤灳瑡档਍††敲灳湯敳㴠愠慷瑩挠污彬敮瑸爨煥敵瑳ഩ †††††††幞幞幞幞幞幞幞幞幞幞幞幞਍†楆敬∠㩃啜敳獲瑜捥慨䅜灰慄慴䱜捯污停潲牧浡屳祐桴湯停瑹潨㍮㈱䱜扩獜瑩ⵥ慰正条獥獜慴汲瑥整浜摩汤睥牡履慢敳瀮≹‬楬敮ㄠ㔶‬湩挠污彬敮瑸਍††慲獩⁥灡彰硥ൣ 䘠汩⁥䌢尺獕牥屳整档屡灁䑰瑡屡潌慣屬牐杯慲獭停瑹潨屮祐桴湯ㄳ尲楌屢楳整瀭捡慫敧屳瑳牡敬瑴履業摤敬慷敲扜獡⹥祰Ⱒ氠湩⁥㔱ⰱ椠⁮潣潲਍††睡楡⁴敳晬愮灰猨潣数‬敲散癩彥牯摟獩潣湮捥ⱴ猠湥彤潮敟牲牯ഩ 䘠汩⁥䌢尺獕牥屳整档屡灁䑰瑡屡潌慣屬牐杯慲獭停瑹潨屮祐桴湯ㄳ尲楌屢楳整瀭捡慫敧屳瑳牡敬瑴履業摤敬慷敲扜獡⹥祰Ⱒ氠湩⁥㠱ⰹ椠⁮彟慣汬彟਍††楷桴挠汯慬獰彥硥杣潲灵⡳㨩਍†楆敬∠㩃啜敳獲瑜捥慨䅜灰慄慴䱜捯污停潲牧浡屳祐桴湯停瑹潨㍮㈱䱜扩捜湯整瑸楬⹢祰Ⱒ氠湩⁥㔱ⰸ椠⁮彟硥瑩彟਍††敳晬朮湥琮牨睯瘨污敵ഩ 䘠汩⁥䌢尺獕牥屳整档屡灁䑰瑡屡潌慣屬牐杯慲獭停瑹潨屮祐桴湯ㄳ尲楌屢楳整瀭捡慫敧屳瑳牡敬瑴履畟楴獬瀮≹‬楬敮㤠ⰳ椠⁮潣汬灡敳敟捸牧畯獰਍††慲獩⁥硥ൣ 䘠汩⁥䌢尺獕牥屳整档屡灁䑰瑡屡潌慣屬牐杯慲獭停瑹潨屮祐桴湯ㄳ尲楌屢楳整瀭捡慫敧屳瑳牡敬瑴履業摤敬慷敲扜獡⹥祰Ⱒ氠湩⁥㤱ⰱ椠⁮彟慣汬彟਍††敲灳湯敳㴠愠慷瑩猠汥⹦楤灳瑡档晟湵⡣敲畱獥ⱴ挠污彬敮瑸ഩ †††††††幞幞幞幞幞幞幞幞幞幞幞幞幞幞幞幞幞幞幞幞幞幞਍†楆敬∠㩃啜敳獲瑜捥慨作敮牄癩履敄歳潴屰慳敬⁳楡瀠慬晴潲屭慢正湥層灡屰業摤敬慷敲獜捥牵瑩⹹祰Ⱒ氠湩⁥㌲ⰲ椠⁮楤灳瑡档਍††敲灳湯敳㴠愠慷瑩挠污彬敮瑸爨煥敵瑳ഩ †††††††幞幞幞幞幞幞幞幞幞幞幞幞਍†楆敬∠㩃啜敳獲瑜捥慨䅜灰慄慴䱜捯污停潲牧浡屳祐桴湯停瑹潨㍮㈱䱜扩獜瑩ⵥ慰正条獥獜慴汲瑥整浜摩汤睥牡履慢敳瀮≹‬楬敮ㄠ㔶‬湩挠污彬敮瑸਍††慲獩⁥灡彰硥ൣ 䘠汩⁥䌢尺獕牥屳整档屡灁䑰瑡屡潌慣屬牐杯慲獭停瑹潨屮祐桴湯ㄳ尲楌屢楳整瀭捡慫敧屳瑳牡敬瑴履業摤敬慷敲扜獡⹥祰Ⱒ氠湩⁥㔱ⰱ椠⁮潣潲਍††睡楡⁴敳晬愮灰猨潣数‬敲散癩彥牯摟獩潣湮捥ⱴ猠湥彤潮敟牲牯ഩ 䘠汩⁥䌢尺獕牥屳整档屡灁䑰瑡屡潌慣屬牐杯慲獭停瑹潨屮祐桴湯ㄳ尲楌屢楳整瀭捡慫敧屳瑳牡敬瑴履業摤敬慷敲扜獡⹥祰Ⱒ氠湩⁥㠱ⰹ椠⁮彟慣汬彟਍††楷桴挠汯慬獰彥硥杣潲灵⡳㨩਍†楆敬∠㩃啜敳獲瑜捥慨䅜灰慄慴䱜捯污停潲牧浡屳祐桴湯停瑹潨㍮㈱䱜扩捜湯整瑸楬⹢祰Ⱒ氠湩⁥㔱ⰸ椠⁮彟硥瑩彟਍††敳晬朮湥琮牨睯瘨污敵ഩ 䘠汩⁥䌢尺獕牥屳整档屡灁䑰瑡屡潌慣屬牐杯慲獭停瑹潨屮祐桴湯ㄳ尲楌屢楳整瀭捡慫敧屳瑳牡敬瑴履畟楴獬瀮≹‬楬敮㤠ⰳ椠⁮潣汬灡敳敟捸牧畯獰਍††慲獩⁥硥ൣ 䘠汩⁥䌢尺獕牥屳整档屡灁䑰瑡屡潌慣屬牐杯慲獭停瑹潨屮祐桴湯ㄳ尲楌屢楳整瀭捡慫敧屳瑳牡敬瑴履業摤敬慷敲扜獡⹥祰Ⱒ氠湩⁥㤱ⰱ椠⁮彟慣汬彟਍††敲灳湯敳㴠愠慷瑩猠汥⹦楤灳瑡档晟湵⡣敲畱獥ⱴ挠污彬敮瑸ഩ †††††††幞幞幞幞幞幞幞幞幞幞幞幞幞幞幞幞幞幞幞幞幞幞਍†楆敬∠㩃啜敳獲瑜捥慨作敮牄癩履敄歳潴屰慳敬⁳楡瀠慬晴潲屭慢正湥層灡屰業摤敬慷敲獜捥牵瑩⹹祰Ⱒ氠湩⁥ㄲⰲ椠⁮楤灳瑡档਍††慲獩⁥呈偔硅散瑰潩⡮਍慦瑳灡⹩硥散瑰潩獮䠮呔䕐捸灥楴湯›㈴㨹吠潯洠湡⁹敲畱獥獴‮慍楸畭⁭〶爠煥敵瑳⁳数⁲業畮整愠汬睯摥മഊ嬊〲㘲〭ⴳ㤲㈠㨰〳㔺⸷㌴㘶㔶⁝䥛㩄愴昴〶㈹㔭㥣ⵢ攴㡣㠭㠱ⵣ㘴〲㐸㐶㈷㕡⁝剅㩒㐠㤲›潔⁯慭祮爠煥敵瑳⹳䴠硡浩浵㘠‰敲畱獥獴瀠牥洠湩瑵⁥污潬敷⹤਍†‫硅散瑰潩⁮片畯⁰牔捡扥捡⁫洨獯⁴敲散瑮挠污⁬慬瑳㨩਍†⁼†楆敬∠㩃啜敳獲瑜捥慨䅜灰慄慴䱜捯污停潲牧浡屳祐桴湯停瑹潨㍮㈱䱜扩獜瑩ⵥ慰正条獥獜慴汲瑥整彜瑵汩⹳祰Ⱒ氠湩⁥㜸‬湩挠汯慬獰彥硥杣潲灵൳ 簠††礠敩摬਍†⁼†楆敬∠㩃啜敳獲瑜捥慨䅜灰慄慴䱜捯污停潲牧浡屳祐桴湯停瑹潨㍮㈱䱜扩獜瑩ⵥ慰正条獥獜慴汲瑥整浜摩汤睥牡履慢敳瀮≹‬楬敮ㄠ〹‬湩张损污彬ൟ 簠††愠祳据眠瑩⁨湡楹⹯牣慥整瑟獡彫牧畯⡰ 獡琠獡彫牧畯㩰਍†⁼†楆敬∠㩃啜敳獲瑜捥慨䅜灰慄慴䱜捯污停潲牧浡屳祐桴湯停瑹潨㍮㈱䱜扩獜瑩ⵥ慰正条獥慜祮潩彜慢正湥獤彜獡湹楣⹯祰Ⱒ氠湩⁥㜶ⰸ椠⁮彟敡楸彴ൟ 簠††爠楡敳䈠獡䕥捸灥楴湯片畯⡰਍†⁼硅散瑰潩䝮潲灵›湵慨摮敬⁤牥潲獲椠⁮⁡慔歳片畯⁰ㄨ猠扵攭捸灥楴湯ഩ ⬠⬭ⴭⴭⴭⴭⴭⴭⴭⴭㄠⴠⴭⴭⴭⴭⴭⴭⴭഭ †簠吠慲散慢正⠠潭瑳爠捥湥⁴慣汬氠獡⥴ഺ †簠†䘠汩⁥䌢尺獕牥屳整档屡灁䑰瑡屡潌慣屬牐杯慲獭停瑹潨屮祐桴湯ㄳ尲楌屢楳整瀭捡慫敧屳瑳牡敬瑴履業摤敬慷敲敜牲牯⹳祰Ⱒ氠湩⁥㘱ⰴ椠⁮彟慣汬彟਍††⁼††睡楡⁴敳晬愮灰猨潣数‬敲散癩ⱥ张敳摮ഩ †簠†䘠汩⁥䌢尺獕牥屳整档屡灁䑰瑡屡潌慣屬牐杯慲獭停瑹潨屮祐桴湯ㄳ尲楌屢楳整瀭捡慫敧屳瑳牡敬瑴履業摤敬慷敲扜獡⹥祰Ⱒ氠湩⁥㠱ⰹ椠⁮彟慣汬彟਍††⁼††楷桴挠汯慬獰彥硥杣潲灵⡳㨩਍††⁼†楆敬∠㩃啜敳獲瑜捥慨䅜灰慄慴䱜捯污停潲牧浡屳祐桴湯停瑹潨㍮㈱䱜扩捜湯整瑸楬⹢祰Ⱒ氠湩⁥㔱ⰸ椠⁮彟硥瑩彟਍††⁼††敳晬朮湥琮牨睯瘨污敵ഩ †簠†䘠汩⁥䌢尺獕牥屳整档屡灁䑰瑡屡潌慣屬牐杯慲獭停瑹潨屮祐桴湯ㄳ尲楌屢楳整瀭捡慫敧屳瑳牡敬瑴履畟楴獬瀮≹‬楬敮㤠ⰳ椠⁮潣汬灡敳敟捸牧畯獰਍††⁼††慲獩⁥硥ൣ †簠†䘠汩⁥䌢尺獕牥屳整档屡灁䑰瑡屡潌慣屬牐杯慲獭停瑹潨屮祐桴湯ㄳ尲楌屢楳整瀭捡慫敧屳瑳牡敬瑴履業摤敬慷敲扜獡⹥祰Ⱒ氠湩⁥㤱ⰱ椠⁮彟慣汬彟਍††⁼††敲灳湯敳㴠愠慷瑩猠汥⹦楤灳瑡档晟湵⡣敲畱獥ⱴ挠污彬敮瑸ഩ †簠††††††††幞幞幞幞幞幞幞幞幞幞幞幞幞幞幞幞幞幞幞幞幞幞਍††⁼†楆敬∠㩃啜敳獲瑜捥慨作敮牄癩履敄歳潴屰慳敬⁳楡瀠慬晴潲屭慢正湥層灡屰業摤敬慷敲牜煥敵瑳损湯整瑸瀮≹‬楬敮㔠ⰶ椠⁮楤灳瑡档਍††⁼††慲獩⁥൥ †簠†䘠汩⁥䌢尺獕牥屳整档屡湏䑥楲敶䑜獥瑫灯獜污獥愠⁩汰瑡牦浯扜捡敫摮慜灰浜摩汤睥牡履敲畱獥彴潣瑮硥⹴祰Ⱒ氠湩⁥〵‬湩搠獩慰捴൨ †簠††爠獥潰獮⁥‽睡楡⁴慣汬湟硥⡴敲畱獥⥴਍††⁼†††††††帠幞幞幞幞幞幞幞幞幞幞幞൞ †簠†䘠汩⁥䌢尺獕牥屳整档屡灁䑰瑡屡潌慣屬牐杯慲獭停瑹潨屮祐桴湯ㄳ尲楌屢楳整瀭捡慫敧屳瑳牡敬瑴履業摤敬慷敲扜獡⹥祰Ⱒ氠湩⁥㘱ⰵ椠⁮慣汬湟硥൴ †簠††爠楡敳愠灰敟捸਍††⁼†楆敬∠㩃啜敳獲瑜捥慨䅜灰慄慴䱜捯污停潲牧浡屳祐桴湯停瑹潨㍮㈱䱜扩獜瑩ⵥ慰正条獥獜慴汲瑥整浜摩汤睥牡履慢敳瀮≹‬楬敮ㄠㄵ‬湩挠牯൯ †簠††愠慷瑩猠汥⹦灡⡰捳灯ⱥ爠捥楥敶潟彲楤捳湯敮瑣‬敳摮湟彯牥潲⥲਍††⁼†楆敬∠㩃啜敳獲瑜捥慨䅜灰慄慴䱜捯污停潲牧浡屳祐桴湯停瑹潨㍮㈱䱜扩獜瑩ⵥ慰正条獥獜慴汲瑥整浜摩汤睥牡履慢敳瀮≹‬楬敮ㄠ㤸‬湩张损污彬ൟ †簠††眠瑩⁨潣汬灡敳敟捸牧畯獰⤨ഺ †簠†䘠汩⁥䌢尺獕牥屳整档屡灁䑰瑡屡潌慣屬牐杯慲獭停瑹潨屮祐桴湯ㄳ尲楌屢潣瑮硥汴扩瀮≹‬楬敮ㄠ㠵‬湩张敟楸彴ൟ †簠††猠汥⹦敧⹮桴潲⡷慶畬⥥਍††⁼†楆敬∠㩃啜敳獲瑜捥慨䅜灰慄慴䱜捯污停潲牧浡屳祐桴湯停瑹潨㍮㈱䱜扩獜瑩ⵥ慰正条獥獜慴汲瑥整彜瑵汩⹳祰Ⱒ氠湩⁥㌹‬湩挠汯慬獰彥硥杣潲灵൳ †簠††爠楡敳攠捸਍††⁼†楆敬∠㩃啜敳獲瑜捥慨䅜灰慄慴䱜捯污停潲牧浡屳祐桴湯停瑹潨㍮㈱䱜扩獜瑩ⵥ慰正条獥獜慴汲瑥整浜摩汤睥牡履慢敳瀮≹‬楬敮ㄠㄹ‬湩张损污彬ൟ †簠††爠獥潰獮⁥‽睡楡⁴敳晬搮獩慰捴彨畦据爨煥敵瑳‬慣汬湟硥⥴਍††⁼†††††††帠幞幞幞幞幞幞幞幞幞幞幞幞幞幞幞幞幞幞幞幞幞൞ †簠†䘠汩⁥䌢尺獕牥屳整档屡湏䑥楲敶䑜獥瑫灯獜污獥愠⁩汰瑡牦浯扜捡敫摮慜灰浜摩汤睥牡履敳畣楲祴瀮≹‬楬敮㈠㈳‬湩搠獩慰捴൨ †簠††爠獥潰獮⁥‽睡楡⁴慣汬湟硥⡴敲畱獥⥴਍††⁼†††††††帠幞幞幞幞幞幞幞幞幞幞幞൞ †簠†䘠汩⁥䌢尺獕牥屳整档屡灁䑰瑡屡潌慣屬牐杯慲獭停瑹潨屮祐桴湯ㄳ尲楌屢楳整瀭捡慫敧屳瑳牡敬瑴履業摤敬慷敲扜獡⹥祰Ⱒ氠湩⁥㘱ⰵ椠⁮慣汬湟硥൴ †簠††爠楡敳愠灰敟捸਍††⁼†楆敬∠㩃啜敳獲瑜捥慨䅜灰慄慴䱜捯污停潲牧浡屳祐桴湯停瑹潨㍮㈱䱜扩獜瑩ⵥ慰正条獥獜慴汲瑥整浜摩汤睥牡履慢敳瀮≹‬楬敮ㄠㄵ‬湩挠牯൯ †簠††愠慷瑩猠汥⹦灡⡰捳灯ⱥ爠捥楥敶潟彲楤捳湯敮瑣‬敳摮湟彯牥潲⥲਍††⁼†楆敬∠㩃啜敳獲瑜捥慨䅜灰慄慴䱜捯污停潲牧浡屳祐桴湯停瑹潨㍮㈱䱜扩獜瑩ⵥ慰正条獥獜慴汲瑥整浜摩汤睥牡履慢敳瀮≹‬楬敮ㄠ㤸‬湩张损污彬ൟ †簠††眠瑩⁨潣汬灡敳敟捸牧畯獰⤨ഺ †簠†䘠汩⁥䌢尺獕牥屳整档屡灁䑰瑡屡潌慣屬牐杯慲獭停瑹潨屮祐桴湯ㄳ尲楌屢潣瑮硥汴扩瀮≹‬楬敮ㄠ㠵‬湩张敟楸彴ൟ †簠††猠汥⹦敧⹮桴潲⡷慶畬⥥਍††⁼†楆敬∠㩃啜敳獲瑜捥慨䅜灰慄慴䱜捯污停潲牧浡屳祐桴湯停瑹潨㍮㈱䱜扩獜瑩ⵥ慰正条獥獜慴汲瑥整彜瑵汩⹳祰Ⱒ氠湩⁥㌹‬湩挠汯慬獰彥硥杣潲灵൳ †簠††爠楡敳攠捸਍††⁼†楆敬∠㩃啜敳獲瑜捥慨䅜灰慄慴䱜捯污停潲牧浡屳祐桴湯停瑹潨㍮㈱䱜扩獜瑩ⵥ慰正条獥獜慴汲瑥整浜摩汤睥牡履慢敳瀮≹‬楬敮ㄠㄹ‬湩张损污彬ൟ †簠††爠獥潰獮⁥‽睡楡⁴敳晬搮獩慰捴彨畦据爨煥敵瑳‬慣汬湟硥⥴਍††⁼†††††††帠幞幞幞幞幞幞幞幞幞幞幞幞幞幞幞幞幞幞幞幞幞൞ †簠†䘠汩⁥䌢尺獕牥屳整档屡湏䑥楲敶䑜獥瑫灯獜污獥愠⁩汰瑡牦浯扜捡敫摮慜灰浜摩汤睥牡履敳畣楲祴瀮≹‬楬敮㈠㈱‬湩搠獩慰捴൨ †簠††爠楡敳䠠呔䕐捸灥楴湯ന †簠映獡慴楰攮捸灥楴湯⹳呈偔硅散瑰潩㩮㐠㤲›潔⁯慭祮爠煥敵瑳⹳䴠硡浩浵㘠‰敲畱獥獴瀠牥洠湩瑵⁥污潬敷⹤਍††⴫ⴭⴭⴭⴭⴭⴭⴭⴭⴭⴭⴭⴭⴭⴭⴭⴭⴭഭഊ䐊牵湩⁧慨摮楬杮漠⁦桴⁥扡癯⁥硥散瑰潩Ɱ愠潮桴牥攠捸灥楴湯漠捣牵敲㩤਍਍牔捡扥捡⁫洨獯⁴敲散瑮挠污⁬慬瑳㨩਍†楆敬∠㩃啜敳獲瑜捥慨䅜灰慄慴䱜捯污停潲牧浡屳祐桴湯停瑹潨㍮㈱䱜扩獜瑩ⵥ慰正条獥獜慴汲瑥整浜摩汤睥牡履牥潲獲瀮≹‬楬敮ㄠ㐶‬湩张损污彬ൟ †愠慷瑩猠汥⹦灡⡰捳灯ⱥ爠捥楥敶‬獟湥⥤਍†楆敬∠㩃啜敳獲瑜捥慨䅜灰慄慴䱜捯污停潲牧浡屳祐桴湯停瑹潨㍮㈱䱜扩獜瑩ⵥ慰正条獥獜慴汲瑥整浜摩汤睥牡履慢敳瀮≹‬楬敮ㄠ㤸‬湩张损污彬ൟ †眠瑩⁨潣汬灡敳敟捸牧畯獰⤨ഺ 䘠汩⁥䌢尺獕牥屳整档屡灁䑰瑡屡潌慣屬牐杯慲獭停瑹潨屮祐桴湯ㄳ尲楌屢潣瑮硥汴扩瀮≹‬楬敮ㄠ㠵‬湩张敟楸彴ൟ †猠汥⹦敧⹮桴潲⡷慶畬⥥਍†楆敬∠㩃啜敳獲瑜捥慨䅜灰慄慴䱜捯污停潲牧浡屳祐桴湯停瑹潨㍮㈱䱜扩獜瑩ⵥ慰正条獥獜慴汲瑥整彜瑵汩⹳祰Ⱒ氠湩⁥㌹‬湩挠汯慬獰彥硥杣潲灵൳ †爠楡敳攠捸਍†楆敬∠㩃啜敳獲瑜捥慨䅜灰慄慴䱜捯污停潲牧浡屳祐桴湯停瑹潨㍮㈱䱜扩獜瑩ⵥ慰正条獥獜慴汲瑥整浜摩汤睥牡履慢敳瀮≹‬楬敮ㄠㄹ‬湩张损污彬ൟ †爠獥潰獮⁥‽睡楡⁴敳晬搮獩慰捴彨畦据爨煥敵瑳‬慣汬湟硥⥴਍†††††††帠幞幞幞幞幞幞幞幞幞幞幞幞幞幞幞幞幞幞幞幞幞൞ 䘠汩⁥䌢尺獕牥屳整档屡湏䑥楲敶䑜獥瑫灯獜污獥愠⁩汰瑡牦浯扜捡敫摮慜灰浜摩汤睥牡履敲畱獥彴潣瑮硥⹴祰Ⱒ氠湩⁥㘵‬湩搠獩慰捴൨ †爠楡敳攠਍†楆敬∠㩃啜敳獲瑜捥慨作敮牄癩履敄歳潴屰慳敬⁳楡瀠慬晴潲屭慢正湥層灡屰業摤敬慷敲牜煥敵瑳损湯整瑸瀮≹‬楬敮㔠ⰰ椠⁮楤灳瑡档਍††敲灳湯敳㴠愠慷瑩挠污彬敮瑸爨煥敵瑳ഩ †††††††幞幞幞幞幞幞幞幞幞幞幞幞਍†楆敬∠㩃啜敳獲瑜捥慨䅜灰慄慴䱜捯污停潲牧浡屳祐桴湯停瑹潨㍮㈱䱜扩獜瑩ⵥ慰正条獥獜慴汲瑥整浜摩汤睥牡履慢敳瀮≹‬楬敮ㄠ㔶‬湩挠污彬敮瑸਍††慲獩⁥灡彰硥ൣ 䘠汩⁥䌢尺獕牥屳整档屡灁䑰瑡屡潌慣屬牐杯慲獭停瑹潨屮祐桴湯ㄳ尲楌屢楳整瀭捡慫敧屳瑳牡敬瑴履業摤敬慷敲扜獡⹥祰Ⱒ氠湩⁥㔱ⰱ椠⁮潣潲਍††睡楡⁴敳晬愮灰猨潣数‬敲散癩彥牯摟獩潣湮捥ⱴ猠湥彤潮敟牲牯ഩ 䘠汩⁥䌢尺獕牥屳整档屡灁䑰瑡屡潌慣屬牐杯慲獭停瑹潨屮祐桴湯ㄳ尲楌屢楳整瀭捡慫敧屳瑳牡敬瑴履業摤敬慷敲扜獡⹥祰Ⱒ氠湩⁥㠱ⰹ椠⁮彟慣汬彟਍††楷桴挠汯慬獰彥硥杣潲灵⡳㨩਍†楆敬∠㩃啜敳獲瑜捥慨䅜灰慄慴䱜捯污停潲牧浡屳祐桴湯停瑹潨㍮㈱䱜扩捜湯整瑸楬⹢祰Ⱒ氠湩⁥㔱ⰸ椠⁮彟硥瑩彟਍††敳晬朮湥琮牨睯瘨污敵ഩ 䘠汩⁥䌢尺獕牥屳整档屡灁䑰瑡屡潌慣屬牐杯慲獭停瑹潨屮祐桴湯ㄳ尲楌屢楳整瀭捡慫敧屳瑳牡敬瑴履畟楴獬瀮≹‬楬敮㤠ⰳ椠⁮潣汬灡敳敟捸牧畯獰਍††慲獩⁥硥ൣ 䘠汩⁥䌢尺獕牥屳整档屡灁䑰瑡屡潌慣屬牐杯慲獭停瑹潨屮祐桴湯ㄳ尲楌屢楳整瀭捡慫敧屳瑳牡敬瑴履業摤敬慷敲扜獡⹥祰Ⱒ氠湩⁥㤱ⰱ椠⁮彟慣汬彟਍††敲灳湯敳㴠愠慷瑩猠汥⹦楤灳瑡档晟湵⡣敲畱獥ⱴ挠污彬敮瑸ഩ †††††††幞幞幞幞幞幞幞幞幞幞幞幞幞幞幞幞幞幞幞幞幞幞਍†楆敬∠㩃啜敳獲瑜捥慨作敮牄癩履敄歳潴屰慳敬⁳楡瀠慬晴潲屭慢正湥層灡屰業摤敬慷敲獜捥牵瑩⹹祰Ⱒ氠湩⁥㌲ⰲ椠⁮楤灳瑡档਍††敲灳湯敳㴠愠慷瑩挠污彬敮瑸爨煥敵瑳ഩ †††††††幞幞幞幞幞幞幞幞幞幞幞幞਍†楆敬∠㩃啜敳獲瑜捥慨䅜灰慄慴䱜捯污停潲牧浡屳祐桴湯停瑹潨㍮㈱䱜扩獜瑩ⵥ慰正条獥獜慴汲瑥整浜摩汤睥牡履慢敳瀮≹‬楬敮ㄠ㔶‬湩挠污彬敮瑸਍††慲獩⁥灡彰硥ൣ 䘠汩⁥䌢尺獕牥屳整档屡灁䑰瑡屡潌慣屬牐杯慲獭停瑹潨屮祐桴湯ㄳ尲楌屢楳整瀭捡慫敧屳瑳牡敬瑴履業摤敬慷敲扜獡⹥祰Ⱒ氠湩⁥㔱ⰱ椠⁮潣潲਍††睡楡⁴敳晬愮灰猨潣数‬敲散癩彥牯摟獩潣湮捥ⱴ猠湥彤潮敟牲牯ഩ 䘠汩⁥䌢尺獕牥屳整档屡灁䑰瑡屡潌慣屬牐杯慲獭停瑹潨屮祐桴湯ㄳ尲楌屢楳整瀭捡慫敧屳瑳牡敬瑴履業摤敬慷敲扜獡⹥祰Ⱒ氠湩⁥㠱ⰹ椠⁮彟慣汬彟਍††楷桴挠汯慬獰彥硥杣潲灵⡳㨩਍†楆敬∠㩃啜敳獲瑜捥慨䅜灰慄慴䱜捯污停潲牧浡屳祐桴湯停瑹潨㍮㈱䱜扩捜湯整瑸楬⹢祰Ⱒ氠湩⁥㔱ⰸ椠⁮彟硥瑩彟਍††敳晬朮湥琮牨睯瘨污敵ഩ 䘠汩⁥䌢尺獕牥屳整档屡灁䑰瑡屡潌慣屬牐杯慲獭停瑹潨屮祐桴湯ㄳ尲楌屢楳整瀭捡慫敧屳瑳牡敬瑴履畟楴獬瀮≹‬楬敮㤠ⰳ椠⁮潣汬灡敳敟捸牧畯獰਍††慲獩⁥硥ൣ 䘠汩⁥䌢尺獕牥屳整档屡灁䑰瑡屡潌慣屬牐杯慲獭停瑹潨屮祐桴湯ㄳ尲楌屢楳整瀭捡慫敧屳瑳牡敬瑴履業摤敬慷敲扜獡⹥祰Ⱒ氠湩⁥㤱ⰱ椠⁮彟慣汬彟਍††敲灳湯敳㴠愠慷瑩猠汥⹦楤灳瑡档晟湵⡣敲畱獥ⱴ挠污彬敮瑸ഩ †††††††幞幞幞幞幞幞幞幞幞幞幞幞幞幞幞幞幞幞幞幞幞幞਍†楆敬∠㩃啜敳獲瑜捥慨作敮牄癩履敄歳潴屰慳敬⁳楡瀠慬晴潲屭慢正湥層灡屰業摤敬慷敲獜捥牵瑩⹹祰Ⱒ氠湩⁥ㄲⰲ椠⁮楤灳瑡档਍††慲獩⁥呈偔硅散瑰潩⡮਍慦瑳灡⹩硥散瑰潩獮䠮呔䕐捸灥楴湯›㈴㨹吠潯洠湡⁹敲畱獥獴‮慍楸畭⁭〶爠煥敵瑳⁳数⁲業畮整愠汬睯摥മഊ嬊〲㘲〭ⴳ㤲㈠㨰〳㔺⸷㘴㤲㜵⁝䥛㩄〰搶搵摦愭㜷ⵤ攴敤戭㤱ⴴ㔶㌱㈳敢ㄲ㙥⁝剅㩒㐠㤲›潔⁯慭祮爠煥敵瑳⹳䴠硡浩浵㘠‰敲畱獥獴瀠牥洠湩瑵⁥污潬敷⹤਍†‫硅散瑰潩⁮片畯⁰牔捡扥捡⁫洨獯⁴敲散瑮挠污⁬慬瑳㨩਍†⁼†楆敬∠㩃啜敳獲瑜捥慨䅜灰慄慴䱜捯污停潲牧浡屳祐桴湯停瑹潨㍮㈱䱜扩獜瑩ⵥ慰正条獥獜慴汲瑥整彜瑵汩⹳祰Ⱒ氠湩⁥㜸‬湩挠汯慬獰彥硥杣潲灵൳ 簠††礠敩摬਍†⁼†楆敬∠㩃啜敳獲瑜捥慨䅜灰慄慴䱜捯污停潲牧浡屳祐桴湯停瑹潨㍮㈱䱜扩獜瑩ⵥ慰正条獥獜慴汲瑥整浜摩汤睥牡履慢敳瀮≹‬楬敮ㄠ〹‬湩张损污彬ൟ 簠††愠祳据眠瑩⁨湡楹⹯牣慥整瑟獡彫牧畯⡰ 獡琠獡彫牧畯㩰਍†⁼†楆敬∠㩃啜敳獲瑜捥慨䅜灰慄慴䱜捯污停潲牧浡屳祐桴湯停瑹潨㍮㈱䱜扩獜瑩ⵥ慰正条獥慜祮潩彜慢正湥獤彜獡湹楣⹯祰Ⱒ氠湩⁥㜶ⰸ椠⁮彟敡楸彴ൟ 簠††爠楡敳䈠獡䕥捸灥楴湯片畯⡰਍†⁼硅散瑰潩䝮潲灵›湵慨摮敬⁤牥潲獲椠⁮⁡慔歳片畯⁰ㄨ猠扵攭捸灥楴湯ഩ ⬠⬭ⴭⴭⴭⴭⴭⴭⴭⴭㄠⴠⴭⴭⴭⴭⴭⴭⴭഭ †簠吠慲散慢正⠠潭瑳爠捥湥⁴慣汬氠獡⥴ഺ †簠†䘠汩⁥䌢尺獕牥屳整档屡灁䑰瑡屡潌慣屬牐杯慲獭停瑹潨屮祐桴湯ㄳ尲楌屢楳整瀭捡慫敧屳瑳牡敬瑴履業摤敬慷敲敜牲牯⹳祰Ⱒ氠湩⁥㘱ⰴ椠⁮彟慣汬彟਍††⁼††睡楡⁴敳晬愮灰猨潣数‬敲散癩ⱥ张敳摮ഩ †簠†䘠汩⁥䌢尺獕牥屳整档屡灁䑰瑡屡潌慣屬牐杯慲獭停瑹潨屮祐桴湯ㄳ尲楌屢楳整瀭捡慫敧屳瑳牡敬瑴履業摤敬慷敲扜獡⹥祰Ⱒ氠湩⁥㠱ⰹ椠⁮彟慣汬彟਍††⁼††楷桴挠汯慬獰彥硥杣潲灵⡳㨩਍††⁼†楆敬∠㩃啜敳獲瑜捥慨䅜灰慄慴䱜捯污停潲牧浡屳祐桴湯停瑹潨㍮㈱䱜扩捜湯整瑸楬⹢祰Ⱒ氠湩⁥㔱ⰸ椠⁮彟硥瑩彟਍††⁼††敳晬朮湥琮牨睯瘨污敵ഩ †簠†䘠汩⁥䌢尺獕牥屳整档屡灁䑰瑡屡潌慣屬牐杯慲獭停瑹潨屮祐桴湯ㄳ尲楌屢楳整瀭捡慫敧屳瑳牡敬瑴履畟楴獬瀮≹‬楬敮㤠ⰳ椠⁮潣汬灡敳敟捸牧畯獰਍††⁼††慲獩⁥硥ൣ †簠†䘠汩⁥䌢尺獕牥屳整档屡灁䑰瑡屡潌慣屬牐杯慲獭停瑹潨屮祐桴湯ㄳ尲楌屢楳整瀭捡慫敧屳瑳牡敬瑴履業摤敬慷敲扜獡⹥祰Ⱒ氠湩⁥㤱ⰱ椠⁮彟慣汬彟਍††⁼††敲灳湯敳㴠愠慷瑩猠汥⹦楤灳瑡档晟湵⡣敲畱獥ⱴ挠污彬敮瑸ഩ †簠††††††††幞幞幞幞幞幞幞幞幞幞幞幞幞幞幞幞幞幞幞幞幞幞਍††⁼†楆敬∠㩃啜敳獲瑜捥慨作敮牄癩履敄歳潴屰慳敬⁳楡瀠慬晴潲屭慢正湥層灡屰業摤敬慷敲牜煥敵瑳损湯整瑸瀮≹‬楬敮㔠ⰶ椠⁮楤灳瑡档਍††⁼††慲獩⁥൥ †簠†䘠汩⁥䌢尺獕牥屳整档屡湏䑥楲敶䑜獥瑫灯獜污獥愠⁩汰瑡牦浯扜捡敫摮慜灰浜摩汤睥牡履敲畱獥彴潣瑮硥⹴祰Ⱒ氠湩⁥〵‬湩搠獩慰捴൨ †簠††爠獥潰獮⁥‽睡楡⁴慣汬湟硥⡴敲畱獥⥴਍††⁼†††††††帠幞幞幞幞幞幞幞幞幞幞幞൞ †簠†䘠汩⁥䌢尺獕牥屳整档屡灁䑰瑡屡潌慣屬牐杯慲獭停瑹潨屮祐桴湯ㄳ尲楌屢楳整瀭捡慫敧屳瑳牡敬瑴履業摤敬慷敲扜獡⹥祰Ⱒ氠湩⁥㘱ⰵ椠⁮慣汬湟硥൴ †簠††爠楡敳愠灰敟捸਍††⁼†楆敬∠㩃啜敳獲瑜捥慨䅜灰慄慴䱜捯污停潲牧浡屳祐桴湯停瑹潨㍮㈱䱜扩獜瑩ⵥ慰正条獥獜慴汲瑥整浜摩汤睥牡履慢敳瀮≹‬楬敮ㄠㄵ‬湩挠牯൯ †簠††愠慷瑩猠汥⹦灡⡰捳灯ⱥ爠捥楥敶潟彲楤捳湯敮瑣‬敳摮湟彯牥潲⥲਍††⁼†楆敬∠㩃啜敳獲瑜捥慨䅜灰慄慴䱜捯污停潲牧浡屳祐桴湯停瑹潨㍮㈱䱜扩獜瑩ⵥ慰正条獥獜慴汲瑥整浜摩汤睥牡履慢敳瀮≹‬楬敮ㄠ㤸‬湩张损污彬ൟ †簠††眠瑩⁨潣汬灡敳敟捸牧畯獰⤨ഺ †簠†䘠汩⁥䌢尺獕牥屳整档屡灁䑰瑡屡潌慣屬牐杯慲獭停瑹潨屮祐桴湯ㄳ尲楌屢潣瑮硥汴扩瀮≹‬楬敮ㄠ㠵‬湩张敟楸彴ൟ †簠††猠汥⹦敧⹮桴潲⡷慶畬⥥਍††⁼†楆敬∠㩃啜敳獲瑜捥慨䅜灰慄慴䱜捯污停潲牧浡屳祐桴湯停瑹潨㍮㈱䱜扩獜瑩ⵥ慰正条獥獜慴汲瑥整彜瑵汩⹳祰Ⱒ氠湩⁥㌹‬湩挠汯慬獰彥硥杣潲灵൳ †簠††爠楡敳攠捸਍††⁼†楆敬∠㩃啜敳獲瑜捥慨䅜灰慄慴䱜捯污停潲牧浡屳祐桴湯停瑹潨㍮㈱䱜扩獜瑩ⵥ慰正条獥獜慴汲瑥整浜摩汤睥牡履慢敳瀮≹‬楬敮ㄠㄹ‬湩张损污彬ൟ †簠††爠獥潰獮⁥‽睡楡⁴敳晬搮獩慰捴彨畦据爨煥敵瑳‬慣汬湟硥⥴਍††⁼†††††††帠幞幞幞幞幞幞幞幞幞幞幞幞幞幞幞幞幞幞幞幞幞൞ †簠†䘠汩⁥䌢尺獕牥屳整档屡湏䑥楲敶䑜獥瑫灯獜污獥愠⁩汰瑡牦浯扜捡敫摮慜灰浜摩汤睥牡履敳畣楲祴瀮≹‬楬敮㈠㈳‬湩搠獩慰捴൨ †簠††爠獥潰獮⁥‽睡楡⁴慣汬湟硥⡴敲畱獥⥴਍††⁼†††††††帠幞幞幞幞幞幞幞幞幞幞幞൞ †簠†䘠汩⁥䌢尺獕牥屳整档屡灁䑰瑡屡潌慣屬牐杯慲獭停瑹潨屮祐桴湯ㄳ尲楌屢楳整瀭捡慫敧屳瑳牡敬瑴履業摤敬慷敲扜獡⹥祰Ⱒ氠湩⁥㘱ⰵ椠⁮慣汬湟硥൴ †簠††爠楡敳愠灰敟捸਍††⁼†楆敬∠㩃啜敳獲瑜捥慨䅜灰慄慴䱜捯污停潲牧浡屳祐桴湯停瑹潨㍮㈱䱜扩獜瑩ⵥ慰正条獥獜慴汲瑥整浜摩汤睥牡履慢敳瀮≹‬楬敮ㄠㄵ‬湩挠牯൯ †簠††愠慷瑩猠汥⹦灡⡰捳灯ⱥ爠捥楥敶潟彲楤捳湯敮瑣‬敳摮湟彯牥潲⥲਍††⁼†楆敬∠㩃啜敳獲瑜捥慨䅜灰慄慴䱜捯污停潲牧浡屳祐桴湯停瑹潨㍮㈱䱜扩獜瑩ⵥ慰正条獥獜慴汲瑥整浜摩汤睥牡履慢敳瀮≹‬楬敮ㄠ㤸‬湩张损污彬ൟ †簠††眠瑩⁨潣汬灡敳敟捸牧畯獰⤨ഺ †簠†䘠汩⁥䌢尺獕牥屳整档屡灁䑰瑡屡潌慣屬牐杯慲獭停瑹潨屮祐桴湯ㄳ尲楌屢潣瑮硥汴扩瀮≹‬楬敮ㄠ㠵‬湩张敟楸彴ൟ †簠††猠汥⹦敧⹮桴潲⡷慶畬⥥਍††⁼†楆敬∠㩃啜敳獲瑜捥慨䅜灰慄慴䱜捯污停潲牧浡屳祐桴湯停瑹潨㍮㈱䱜扩獜瑩ⵥ慰正条獥獜慴汲瑥整彜瑵汩⹳祰Ⱒ氠湩⁥㌹‬湩挠汯慬獰彥硥杣潲灵൳ †簠††爠楡敳攠捸਍††⁼†楆敬∠㩃啜敳獲瑜捥慨䅜灰慄慴䱜捯污停潲牧浡屳祐桴湯停瑹潨㍮㈱䱜扩獜瑩ⵥ慰正条獥獜慴汲瑥整浜摩汤睥牡履慢敳瀮≹‬楬敮ㄠㄹ‬湩张损污彬ൟ †簠††爠獥潰獮⁥‽睡楡⁴敳晬搮獩慰捴彨畦据爨煥敵瑳‬慣汬湟硥⥴਍††⁼†††††††帠幞幞幞幞幞幞幞幞幞幞幞幞幞幞幞幞幞幞幞幞幞൞ †簠†䘠汩⁥䌢尺獕牥屳整档屡湏䑥楲敶䑜獥瑫灯獜污獥愠⁩汰瑡牦浯扜捡敫摮慜灰浜摩汤睥牡履敳畣楲祴瀮≹‬楬敮㈠㈱‬湩搠獩慰捴൨ †簠††爠楡敳䠠呔䕐捸灥楴湯ന †簠映獡慴楰攮捸灥楴湯⹳呈偔硅散瑰潩㩮㐠㤲›潔⁯慭祮爠煥敵瑳⹳䴠硡浩浵㘠‰敲畱獥獴瀠牥洠湩瑵⁥污潬敷⹤਍††⴫ⴭⴭⴭⴭⴭⴭⴭⴭⴭⴭⴭⴭⴭⴭⴭⴭⴭഭഊ䐊牵湩⁧慨摮楬杮漠⁦桴⁥扡癯⁥硥散瑰潩Ɱ愠潮桴牥攠捸灥楴湯漠捣牵敲㩤਍਍牔捡扥捡⁫洨獯⁴敲散瑮挠污⁬慬瑳㨩਍†楆敬∠㩃啜敳獲瑜捥慨䅜灰慄慴䱜捯污停潲牧浡屳祐桴湯停瑹潨㍮㈱䱜扩獜瑩ⵥ慰正条獥獜慴汲瑥整浜摩汤睥牡履牥潲獲瀮≹‬楬敮ㄠ㐶‬湩张损污彬ൟ †愠慷瑩猠汥⹦灡⡰捳灯ⱥ爠捥楥敶‬獟湥⥤਍†楆敬∠㩃啜敳獲瑜捥慨䅜灰慄慴䱜捯污停潲牧浡屳祐桴湯停瑹潨㍮㈱䱜扩獜瑩ⵥ慰正条獥獜慴汲瑥整浜摩汤睥牡履慢敳瀮≹‬楬敮ㄠ㤸‬湩张损污彬ൟ †眠瑩⁨潣汬灡敳敟捸牧畯獰⤨ഺ 䘠汩⁥䌢尺獕牥屳整档屡灁䑰瑡屡潌慣屬牐杯慲獭停瑹潨屮祐桴湯ㄳ尲楌屢潣瑮硥汴扩瀮≹‬楬敮ㄠ㠵‬湩张敟楸彴ൟ †猠汥⹦敧⹮桴潲⡷慶畬⥥਍†楆敬∠㩃啜敳獲瑜捥慨䅜灰慄慴䱜捯污停潲牧浡屳祐桴湯停瑹潨㍮㈱䱜扩獜瑩ⵥ慰正条獥獜慴汲瑥整彜瑵汩⹳祰Ⱒ氠湩⁥㌹‬湩挠汯慬獰彥硥杣潲灵൳ †爠楡敳攠捸਍†楆敬∠㩃啜敳獲瑜捥慨䅜灰慄慴䱜捯污停潲牧浡屳祐桴湯停瑹潨㍮㈱䱜扩獜瑩ⵥ慰正条獥獜慴汲瑥整浜摩汤睥牡履慢敳瀮≹‬楬敮ㄠㄹ‬湩张损污彬ൟ †爠獥潰獮⁥‽睡楡⁴敳晬搮獩慰捴彨畦据爨煥敵瑳‬慣汬湟硥⥴਍†††††††帠幞幞幞幞幞幞幞幞幞幞幞幞幞幞幞幞幞幞幞幞幞൞ 䘠汩⁥䌢尺獕牥屳整档屡湏䑥楲敶䑜獥瑫灯獜污獥愠⁩汰瑡牦浯扜捡敫摮慜灰浜摩汤睥牡履敲畱獥彴潣瑮硥⹴祰Ⱒ氠湩⁥㘵‬湩搠獩慰捴൨ †爠楡敳攠਍†楆敬∠㩃啜敳獲瑜捥慨作敮牄癩履敄歳潴屰慳敬⁳楡瀠慬晴潲屭慢正湥層灡屰業摤敬慷敲牜煥敵瑳损湯整瑸瀮≹‬楬敮㔠ⰰ椠⁮楤灳瑡档਍††敲灳湯敳㴠愠慷瑩挠污彬敮瑸爨煥敵瑳ഩ †††††††幞幞幞幞幞幞幞幞幞幞幞幞਍†楆敬∠㩃啜敳獲瑜捥慨䅜灰慄慴䱜捯污停潲牧浡屳祐桴湯停瑹潨㍮㈱䱜扩獜瑩ⵥ慰正条獥獜慴汲瑥整浜摩汤睥牡履慢敳瀮≹‬楬敮ㄠ㔶‬湩挠污彬敮瑸਍††慲獩⁥灡彰硥ൣ 䘠汩⁥䌢尺獕牥屳整档屡灁䑰瑡屡潌慣屬牐杯慲獭停瑹潨屮祐桴湯ㄳ尲楌屢楳整瀭捡慫敧屳瑳牡敬瑴履業摤敬慷敲扜獡⹥祰Ⱒ氠湩⁥㔱ⰱ椠⁮潣潲਍††睡楡⁴敳晬愮灰猨潣数‬敲散癩彥牯摟獩潣湮捥ⱴ猠湥彤潮敟牲牯ഩ 䘠汩⁥䌢尺獕牥屳整档屡灁䑰瑡屡潌慣屬牐杯慲獭停瑹潨屮祐桴湯ㄳ尲楌屢楳整瀭捡慫敧屳瑳牡敬瑴履業摤敬慷敲扜獡⹥祰Ⱒ氠湩⁥㠱ⰹ椠⁮彟慣汬彟਍††楷桴挠汯慬獰彥硥杣潲灵⡳㨩਍†楆敬∠㩃啜敳獲瑜捥慨䅜灰慄慴䱜捯污停潲牧浡屳祐桴湯停瑹潨㍮㈱䱜扩捜湯整瑸楬⹢祰Ⱒ氠湩⁥㔱ⰸ椠⁮彟硥瑩彟਍††敳晬朮湥琮牨睯瘨污敵ഩ 䘠汩⁥䌢尺獕牥屳整档屡灁䑰瑡屡潌慣屬牐杯慲獭停瑹潨屮祐桴湯ㄳ尲楌屢楳整瀭捡慫敧屳瑳牡敬瑴履畟楴獬瀮≹‬楬敮㤠ⰳ椠⁮潣汬灡敳敟捸牧畯獰਍††慲獩⁥硥ൣ 䘠汩⁥䌢尺獕牥屳整档屡灁䑰瑡屡潌慣屬牐杯慲獭停瑹潨屮祐桴湯ㄳ尲楌屢楳整瀭捡慫敧屳瑳牡敬瑴履業摤敬慷敲扜獡⹥祰Ⱒ氠湩⁥㤱ⰱ椠⁮彟慣汬彟਍††敲灳湯敳㴠愠慷瑩猠汥⹦楤灳瑡档晟湵⡣敲畱獥ⱴ挠污彬敮瑸ഩ †††††††幞幞幞幞幞幞幞幞幞幞幞幞幞幞幞幞幞幞幞幞幞幞਍†楆敬∠㩃啜敳獲瑜捥慨作敮牄癩履敄歳潴屰慳敬⁳楡瀠慬晴潲屭慢正湥層灡屰業摤敬慷敲獜捥牵瑩⹹祰Ⱒ氠湩⁥㌲ⰲ椠⁮楤灳瑡档਍††敲灳湯敳㴠愠慷瑩挠污彬敮瑸爨煥敵瑳ഩ †††††††幞幞幞幞幞幞幞幞幞幞幞幞਍†楆敬∠㩃啜敳獲瑜捥慨䅜灰慄慴䱜捯污停潲牧浡屳祐桴湯停瑹潨㍮㈱䱜扩獜瑩ⵥ慰正条獥獜慴汲瑥整浜摩汤睥牡履慢敳瀮≹‬楬敮ㄠ㔶‬湩挠污彬敮瑸਍††慲獩⁥灡彰硥ൣ 䘠汩⁥䌢尺獕牥屳整档屡灁䑰瑡屡潌慣屬牐杯慲獭停瑹潨屮祐桴湯ㄳ尲楌屢楳整瀭捡慫敧屳瑳牡敬瑴履業摤敬慷敲扜獡⹥祰Ⱒ氠湩⁥㔱ⰱ椠⁮潣潲਍††睡楡⁴敳晬愮灰猨潣数‬敲散癩彥牯摟獩潣湮捥ⱴ猠湥彤潮敟牲牯ഩ 䘠汩⁥䌢尺獕牥屳整档屡灁䑰瑡屡潌慣屬牐杯慲獭停瑹潨屮祐桴湯ㄳ尲楌屢楳整瀭捡慫敧屳瑳牡敬瑴履業摤敬慷敲扜獡⹥祰Ⱒ氠湩⁥㠱ⰹ椠⁮彟慣汬彟਍††楷桴挠汯慬獰彥硥杣潲灵⡳㨩਍†楆敬∠㩃啜敳獲瑜捥慨䅜灰慄慴䱜捯污停潲牧浡屳祐桴湯停瑹潨㍮㈱䱜扩捜湯整瑸楬⹢祰Ⱒ氠湩⁥㔱ⰸ椠⁮彟硥瑩彟਍††敳晬朮湥琮牨睯瘨污敵ഩ 䘠汩⁥䌢尺獕牥屳整档屡灁䑰瑡屡潌慣屬牐杯慲獭停瑹潨屮祐桴湯ㄳ尲楌屢楳整瀭捡慫敧屳瑳牡敬瑴履畟楴獬瀮≹‬楬敮㤠ⰳ椠⁮潣汬灡敳敟捸牧畯獰਍††慲獩⁥硥ൣ 䘠汩⁥䌢尺獕牥屳整档屡灁䑰瑡屡潌慣屬牐杯慲獭停瑹潨屮祐桴湯ㄳ尲楌屢楳整瀭捡慫敧屳瑳牡敬瑴履業摤敬慷敲扜獡⹥祰Ⱒ氠湩⁥㤱ⰱ椠⁮彟慣汬彟਍††敲灳湯敳㴠愠慷瑩猠汥⹦楤灳瑡档晟湵⡣敲畱獥ⱴ挠污彬敮瑸ഩ †††††††幞幞幞幞幞幞幞幞幞幞幞幞幞幞幞幞幞幞幞幞幞幞਍†楆敬∠㩃啜敳獲瑜捥慨作敮牄癩履敄歳潴屰慳敬⁳楡瀠慬晴潲屭慢正湥層灡屰業摤敬慷敲獜捥牵瑩⹹祰Ⱒ氠湩⁥ㄲⰲ椠⁮楤灳瑡档਍††慲獩⁥呈偔硅散瑰潩⡮਍慦瑳灡⹩硥散瑰潩獮䠮呔䕐捸灥楴湯›㈴㨹吠潯洠湡⁹敲畱獥獴‮慍楸畭⁭〶爠煥敵瑳⁳数⁲業畮整愠汬睯摥മഊ嬊〲㘲〭ⴳ㤲㈠㨰〳㔺⸷〵〴㄰⁝䥛㩄ㄵ㤱㝣攸〭摢ⵤ㘴㈰㤭㘷ⴴ㌲㘴㝥攵攰〳⁝剅㩒㐠㤲›潔⁯慭祮爠煥敵瑳⹳䴠硡浩浵㘠‰敲畱獥獴瀠牥洠湩瑵⁥污潬敷⹤਍†‫硅散瑰潩⁮片畯⁰牔捡扥捡⁫洨獯⁴敲散瑮挠污⁬慬瑳㨩਍†⁼†楆敬∠㩃啜敳獲瑜捥慨䅜灰慄慴䱜捯污停潲牧浡屳祐桴湯停瑹潨㍮㈱䱜扩獜瑩ⵥ慰正条獥獜慴汲瑥整彜瑵汩⹳祰Ⱒ氠湩⁥㜸‬湩挠汯慬獰彥硥杣潲灵൳ 簠††礠敩摬਍†⁼†楆敬∠㩃啜敳獲瑜捥慨䅜灰慄慴䱜捯污停潲牧浡屳祐桴湯停瑹潨㍮㈱䱜扩獜瑩ⵥ慰正条獥獜慴汲瑥整浜摩汤睥牡履慢敳瀮≹‬楬敮ㄠ〹‬湩张损污彬ൟ 簠††愠祳据眠瑩⁨湡楹⹯牣慥整瑟獡彫牧畯⡰ 獡琠獡彫牧畯㩰਍†⁼†楆敬∠㩃啜敳獲瑜捥慨䅜灰慄慴䱜捯污停潲牧浡屳祐桴湯停瑹潨㍮㈱䱜扩獜瑩ⵥ慰正条獥慜祮潩彜慢正湥獤彜獡湹楣⹯祰Ⱒ氠湩⁥㜶ⰸ椠⁮彟敡楸彴ൟ 簠††爠楡敳䈠獡䕥捸灥楴湯片畯⡰਍†⁼硅散瑰潩䝮潲灵›湵慨摮敬⁤牥潲獲椠⁮⁡慔歳片畯⁰ㄨ猠扵攭捸灥楴湯ഩ ⬠⬭ⴭⴭⴭⴭⴭⴭⴭⴭㄠⴠⴭⴭⴭⴭⴭⴭⴭഭ †簠吠慲散慢正⠠潭瑳爠捥湥⁴慣汬氠獡⥴ഺ †簠†䘠汩⁥䌢尺獕牥屳整档屡灁䑰瑡屡潌慣屬牐杯慲獭停瑹潨屮祐桴湯ㄳ尲楌屢楳整瀭捡慫敧屳瑳牡敬瑴履業摤敬慷敲敜牲牯⹳祰Ⱒ氠湩⁥㘱ⰴ椠⁮彟慣汬彟਍††⁼††睡楡⁴敳晬愮灰猨潣数‬敲散癩ⱥ张敳摮ഩ †簠†䘠汩⁥䌢尺獕牥屳整档屡灁䑰瑡屡潌慣屬牐杯慲獭停瑹潨屮祐桴湯ㄳ尲楌屢楳整瀭捡慫敧屳瑳牡敬瑴履業摤敬慷敲扜獡⹥祰Ⱒ氠湩⁥㠱ⰹ椠⁮彟慣汬彟਍††⁼††楷桴挠汯慬獰彥硥杣潲灵⡳㨩਍††⁼†楆敬∠㩃啜敳獲瑜捥慨䅜灰慄慴䱜捯污停潲牧浡屳祐桴湯停瑹潨㍮㈱䱜扩捜湯整瑸楬⹢祰Ⱒ氠湩⁥㔱ⰸ椠⁮彟硥瑩彟਍††⁼††敳晬朮湥琮牨睯瘨污敵ഩ †簠†䘠汩⁥䌢尺獕牥屳整档屡灁䑰瑡屡潌慣屬牐杯慲獭停瑹潨屮祐桴湯ㄳ尲楌屢楳整瀭捡慫敧屳瑳牡敬瑴履畟楴獬瀮≹‬楬敮㤠ⰳ椠⁮潣汬灡敳敟捸牧畯獰਍††⁼††慲獩⁥硥ൣ †簠†䘠汩⁥䌢尺獕牥屳整档屡灁䑰瑡屡潌慣屬牐杯慲獭停瑹潨屮祐桴湯ㄳ尲楌屢楳整瀭捡慫敧屳瑳牡敬瑴履業摤敬慷敲扜獡⹥祰Ⱒ氠湩⁥㤱ⰱ椠⁮彟慣汬彟਍††⁼††敲灳湯敳㴠愠慷瑩猠汥⹦楤灳瑡档晟湵⡣敲畱獥ⱴ挠污彬敮瑸ഩ †簠††††††††幞幞幞幞幞幞幞幞幞幞幞幞幞幞幞幞幞幞幞幞幞幞਍††⁼†楆敬∠㩃啜敳獲瑜捥慨作敮牄癩履敄歳潴屰慳敬⁳楡瀠慬晴潲屭慢正湥層灡屰業摤敬慷敲牜煥敵瑳损湯整瑸瀮≹‬楬敮㔠ⰶ椠⁮楤灳瑡档਍††⁼††慲獩⁥൥ †簠†䘠汩⁥䌢尺獕牥屳整档屡湏䑥楲敶䑜獥瑫灯獜污獥愠⁩汰瑡牦浯扜捡敫摮慜灰浜摩汤睥牡履敲畱獥彴潣瑮硥⹴祰Ⱒ氠湩⁥〵‬湩搠獩慰捴൨ †簠††爠獥潰獮⁥‽睡楡⁴慣汬湟硥⡴敲畱獥⥴਍††⁼†††††††帠幞幞幞幞幞幞幞幞幞幞幞൞ †簠†䘠汩⁥䌢尺獕牥屳整档屡灁䑰瑡屡潌慣屬牐杯慲獭停瑹潨屮祐桴湯ㄳ尲楌屢楳整瀭捡慫敧屳瑳牡敬瑴履業摤敬慷敲扜獡⹥祰Ⱒ氠湩⁥㘱ⰵ椠⁮慣汬湟硥൴ †簠††爠楡敳愠灰敟捸਍††⁼†楆敬∠㩃啜敳獲瑜捥慨䅜灰慄慴䱜捯污停潲牧浡屳祐桴湯停瑹潨㍮㈱䱜扩獜瑩ⵥ慰正条獥獜慴汲瑥整浜摩汤睥牡履慢敳瀮≹‬楬敮ㄠㄵ‬湩挠牯൯ †簠††愠慷瑩猠汥⹦灡⡰捳灯ⱥ爠捥楥敶潟彲楤捳湯敮瑣‬敳摮湟彯牥潲⥲਍††⁼†楆敬∠㩃啜敳獲瑜捥慨䅜灰慄慴䱜捯污停潲牧浡屳祐桴湯停瑹潨㍮㈱䱜扩獜瑩ⵥ慰正条獥獜慴汲瑥整浜摩汤睥牡履慢敳瀮≹‬楬敮ㄠ㤸‬湩张损污彬ൟ †簠††眠瑩⁨潣汬灡敳敟捸牧畯獰⤨ഺ †簠†䘠汩⁥䌢尺獕牥屳整档屡灁䑰瑡屡潌慣屬牐杯慲獭停瑹潨屮祐桴湯ㄳ尲楌屢潣瑮硥汴扩瀮≹‬楬敮ㄠ㠵‬湩张敟楸彴ൟ †簠††猠汥⹦敧⹮桴潲⡷慶畬⥥਍††⁼†楆敬∠㩃啜敳獲瑜捥慨䅜灰慄慴䱜捯污停潲牧浡屳祐桴湯停瑹潨㍮㈱䱜扩獜瑩ⵥ慰正条獥獜慴汲瑥整彜瑵汩⹳祰Ⱒ氠湩⁥㌹‬湩挠汯慬獰彥硥杣潲灵൳ †簠††爠楡敳攠捸਍††⁼†楆敬∠㩃啜敳獲瑜捥慨䅜灰慄慴䱜捯污停潲牧浡屳祐桴湯停瑹潨㍮㈱䱜扩獜瑩ⵥ慰正条獥獜慴汲瑥整浜摩汤睥牡履慢敳瀮≹‬楬敮ㄠㄹ‬湩张损污彬ൟ †簠††爠獥潰獮⁥‽睡楡⁴敳晬搮獩慰捴彨畦据爨煥敵瑳‬慣汬湟硥⥴਍††⁼†††††††帠幞幞幞幞幞幞幞幞幞幞幞幞幞幞幞幞幞幞幞幞幞൞ †簠†䘠汩⁥䌢尺獕牥屳整档屡湏䑥楲敶䑜獥瑫灯獜污獥愠⁩汰瑡牦浯扜捡敫摮慜灰浜摩汤睥牡履敳畣楲祴瀮≹‬楬敮㈠㈳‬湩搠獩慰捴൨ †簠††爠獥潰獮⁥‽睡楡⁴慣汬湟硥⡴敲畱獥⥴਍††⁼†††††††帠幞幞幞幞幞幞幞幞幞幞幞൞ †簠†䘠汩⁥䌢尺獕牥屳整档屡灁䑰瑡屡潌慣屬牐杯慲獭停瑹潨屮祐桴湯ㄳ尲楌屢楳整瀭捡慫敧屳瑳牡敬瑴履業摤敬慷敲扜獡⹥祰Ⱒ氠湩⁥㘱ⰵ椠⁮慣汬湟硥൴ †簠††爠楡敳愠灰敟捸਍††⁼†楆敬∠㩃啜敳獲瑜捥慨䅜灰慄慴䱜捯污停潲牧浡屳祐桴湯停瑹潨㍮㈱䱜扩獜瑩ⵥ慰正条獥獜慴汲瑥整浜摩汤睥牡履慢敳瀮≹‬楬敮ㄠㄵ‬湩挠牯൯ †簠††愠慷瑩猠汥⹦灡⡰捳灯ⱥ爠捥楥敶潟彲楤捳湯敮瑣‬敳摮湟彯牥潲⥲਍††⁼†楆敬∠㩃啜敳獲瑜捥慨䅜灰慄慴䱜捯污停潲牧浡屳祐桴湯停瑹潨㍮㈱䱜扩獜瑩ⵥ慰正条獥獜慴汲瑥整浜摩汤睥牡履慢敳瀮≹‬楬敮ㄠ㤸‬湩张损污彬ൟ †簠††眠瑩⁨潣汬灡敳敟捸牧畯獰⤨ഺ †簠†䘠汩⁥䌢尺獕牥屳整档屡灁䑰瑡屡潌慣屬牐杯慲獭停瑹潨屮祐桴湯ㄳ尲楌屢潣瑮硥汴扩瀮≹‬楬敮ㄠ㠵‬湩张敟楸彴ൟ †簠††猠汥⹦敧⹮桴潲⡷慶畬⥥਍††⁼†楆敬∠㩃啜敳獲瑜捥慨䅜灰慄慴䱜捯污停潲牧浡屳祐桴湯停瑹潨㍮㈱䱜扩獜瑩ⵥ慰正条獥獜慴汲瑥整彜瑵汩⹳祰Ⱒ氠湩⁥㌹‬湩挠汯慬獰彥硥杣潲灵൳ †簠††爠楡敳攠捸਍††⁼†楆敬∠㩃啜敳獲瑜捥慨䅜灰慄慴䱜捯污停潲牧浡屳祐桴湯停瑹潨㍮㈱䱜扩獜瑩ⵥ慰正条獥獜慴汲瑥整浜摩汤睥牡履慢敳瀮≹‬楬敮ㄠㄹ‬湩张损污彬ൟ †簠††爠獥潰獮⁥‽睡楡⁴敳晬搮獩慰捴彨畦据爨煥敵瑳‬慣汬湟硥⥴਍††⁼†††††††帠幞幞幞幞幞幞幞幞幞幞幞幞幞幞幞幞幞幞幞幞幞൞ †簠†䘠汩⁥䌢尺獕牥屳整档屡湏䑥楲敶䑜獥瑫灯獜污獥愠⁩汰瑡牦浯扜捡敫摮慜灰浜摩汤睥牡履敳畣楲祴瀮≹‬楬敮㈠㈱‬湩搠獩慰捴൨ †簠††爠楡敳䠠呔䕐捸灥楴湯ന †簠映獡慴楰攮捸灥楴湯⹳呈偔硅散瑰潩㩮㐠㤲›潔⁯慭祮爠煥敵瑳⹳䴠硡浩浵㘠‰敲畱獥獴瀠牥洠湩瑵⁥污潬敷⹤਍††⴫ⴭⴭⴭⴭⴭⴭⴭⴭⴭⴭⴭⴭⴭⴭⴭⴭⴭഭഊ䐊牵湩⁧慨摮楬杮漠⁦桴⁥扡癯⁥硥散瑰潩Ɱ愠潮桴牥攠捸灥楴湯漠捣牵敲㩤਍਍牔捡扥捡⁫洨獯⁴敲散瑮挠污⁬慬瑳㨩਍†楆敬∠㩃啜敳獲瑜捥慨䅜灰慄慴䱜捯污停潲牧浡屳祐桴湯停瑹潨㍮㈱䱜扩獜瑩ⵥ慰正条獥獜慴汲瑥整浜摩汤睥牡履牥潲獲瀮≹‬楬敮ㄠ㐶‬湩张损污彬ൟ †愠慷瑩猠汥⹦灡⡰捳灯ⱥ爠捥楥敶‬獟湥⥤਍†楆敬∠㩃啜敳獲瑜捥慨䅜灰慄慴䱜捯污停潲牧浡屳祐桴湯停瑹潨㍮㈱䱜扩獜瑩ⵥ慰正条獥獜慴汲瑥整浜摩汤睥牡履慢敳瀮≹‬楬敮ㄠ㤸‬湩张损污彬ൟ †眠瑩⁨潣汬灡敳敟捸牧畯獰⤨ഺ 䘠汩⁥䌢尺獕牥屳整档屡灁䑰瑡屡潌慣屬牐杯慲獭停瑹潨屮祐桴湯ㄳ尲楌屢潣瑮硥汴扩瀮≹‬楬敮ㄠ㠵‬湩张敟楸彴ൟ †猠汥⹦敧⹮桴潲⡷慶畬⥥਍†楆敬∠㩃啜敳獲瑜捥慨䅜灰慄慴䱜捯污停潲牧浡屳祐桴湯停瑹潨㍮㈱䱜扩獜瑩ⵥ慰正条獥獜慴汲瑥整彜瑵汩⹳祰Ⱒ氠湩⁥㌹‬湩挠汯慬獰彥硥杣潲灵൳ †爠楡敳攠捸਍†楆敬∠㩃啜敳獲瑜捥慨䅜灰慄慴䱜捯污停潲牧浡屳祐桴湯停瑹潨㍮㈱䱜扩獜瑩ⵥ慰正条獥獜慴汲瑥整浜摩汤睥牡履慢敳瀮≹‬楬敮ㄠㄹ‬湩张损污彬ൟ †爠獥潰獮⁥‽睡楡⁴敳晬搮獩慰捴彨畦据爨煥敵瑳‬慣汬湟硥⥴਍†††††††帠幞幞幞幞幞幞幞幞幞幞幞幞幞幞幞幞幞幞幞幞幞൞ 䘠汩⁥䌢尺獕牥屳整档屡湏䑥楲敶䑜獥瑫灯獜污獥愠⁩汰瑡牦浯扜捡敫摮慜灰浜摩汤睥牡履敲畱獥彴潣瑮硥⹴祰Ⱒ氠湩⁥㘵‬湩搠獩慰捴൨ †爠楡敳攠਍†楆敬∠㩃啜敳獲瑜捥慨作敮牄癩履敄歳潴屰慳敬⁳楡瀠慬晴潲屭慢正湥層灡屰業摤敬慷敲牜煥敵瑳损湯整瑸瀮≹‬楬敮㔠ⰰ椠⁮楤灳瑡档਍††敲灳湯敳㴠愠慷瑩挠污彬敮瑸爨煥敵瑳ഩ †††††††幞幞幞幞幞幞幞幞幞幞幞幞਍†楆敬∠㩃啜敳獲瑜捥慨䅜灰慄慴䱜捯污停潲牧浡屳祐桴湯停瑹潨㍮㈱䱜扩獜瑩ⵥ慰正条獥獜慴汲瑥整浜摩汤睥牡履慢敳瀮≹‬楬敮ㄠ㔶‬湩挠污彬敮瑸਍††慲獩⁥灡彰硥ൣ 䘠汩⁥䌢尺獕牥屳整档屡灁䑰瑡屡潌慣屬牐杯慲獭停瑹潨屮祐桴湯ㄳ尲楌屢楳整瀭捡慫敧屳瑳牡敬瑴履業摤敬慷敲扜獡⹥祰Ⱒ氠湩⁥㔱ⰱ椠⁮潣潲਍††睡楡⁴敳晬愮灰猨潣数‬敲散癩彥牯摟獩潣湮捥ⱴ猠湥彤潮敟牲牯ഩ 䘠汩⁥䌢尺獕牥屳整档屡灁䑰瑡屡潌慣屬牐杯慲獭停瑹潨屮祐桴湯ㄳ尲楌屢楳整瀭捡慫敧屳瑳牡敬瑴履業摤敬慷敲扜獡⹥祰Ⱒ氠湩⁥㠱ⰹ椠⁮彟慣汬彟਍††楷桴挠汯慬獰彥硥杣潲灵⡳㨩਍†楆敬∠㩃啜敳獲瑜捥慨䅜灰慄慴䱜捯污停潲牧浡屳祐桴湯停瑹潨㍮㈱䱜扩捜湯整瑸楬⹢祰Ⱒ氠湩⁥㔱ⰸ椠⁮彟硥瑩彟਍††敳晬朮湥琮牨睯瘨污敵ഩ 䘠汩⁥䌢尺獕牥屳整档屡灁䑰瑡屡潌慣屬牐杯慲獭停瑹潨屮祐桴湯ㄳ尲楌屢楳整瀭捡慫敧屳瑳牡敬瑴履畟楴獬瀮≹‬楬敮㤠ⰳ椠⁮潣汬灡敳敟捸牧畯獰਍††慲獩⁥硥ൣ 䘠汩⁥䌢尺獕牥屳整档屡灁䑰瑡屡潌慣屬牐杯慲獭停瑹潨屮祐桴湯ㄳ尲楌屢楳整瀭捡慫敧屳瑳牡敬瑴履業摤敬慷敲扜獡⹥祰Ⱒ氠湩⁥㤱ⰱ椠⁮彟慣汬彟਍††敲灳湯敳㴠愠慷瑩猠汥⹦楤灳瑡档晟湵⡣敲畱獥ⱴ挠污彬敮瑸ഩ †††††††幞幞幞幞幞幞幞幞幞幞幞幞幞幞幞幞幞幞幞幞幞幞਍†楆敬∠㩃啜敳獲瑜捥慨作敮牄癩履敄歳潴屰慳敬⁳楡瀠慬晴潲屭慢正湥層灡屰業摤敬慷敲獜捥牵瑩⹹祰Ⱒ氠湩⁥㌲ⰲ椠⁮楤灳瑡档਍††敲灳湯敳㴠愠慷瑩挠污彬敮瑸爨煥敵瑳ഩ †††††††幞幞幞幞幞幞幞幞幞幞幞幞਍†楆敬∠㩃啜敳獲瑜捥慨䅜灰慄慴䱜捯污停潲牧浡屳祐桴湯停瑹潨㍮㈱䱜扩獜瑩ⵥ慰正条獥獜慴汲瑥整浜摩汤睥牡履慢敳瀮≹‬楬敮ㄠ㔶‬湩挠污彬敮瑸਍††慲獩⁥灡彰硥ൣ 䘠汩⁥䌢尺獕牥屳整档屡灁䑰瑡屡潌慣屬牐杯慲獭停瑹潨屮祐桴湯ㄳ尲楌屢楳整瀭捡慫敧屳瑳牡敬瑴履業摤敬慷敲扜獡⹥祰Ⱒ氠湩⁥㔱ⰱ椠⁮潣潲਍††睡楡⁴敳晬愮灰猨潣数‬敲散癩彥牯摟獩潣湮捥ⱴ猠湥彤潮敟牲牯ഩ 䘠汩⁥䌢尺獕牥屳整档屡灁䑰瑡屡潌慣屬牐杯慲獭停瑹潨屮祐桴湯ㄳ尲楌屢楳整瀭捡慫敧屳瑳牡敬瑴履業摤敬慷敲扜獡⹥祰Ⱒ氠湩⁥㠱ⰹ椠⁮彟慣汬彟਍††楷桴挠汯慬獰彥硥杣潲灵⡳㨩਍†楆敬∠㩃啜敳獲瑜捥慨䅜灰慄慴䱜捯污停潲牧浡屳祐桴湯停瑹潨㍮㈱䱜扩捜湯整瑸楬⹢祰Ⱒ氠湩⁥㔱ⰸ椠⁮彟硥瑩彟਍††敳晬朮湥琮牨睯瘨污敵ഩ 䘠汩⁥䌢尺獕牥屳整档屡灁䑰瑡屡潌慣屬牐杯慲獭停瑹潨屮祐桴湯ㄳ尲楌屢楳整瀭捡慫敧屳瑳牡敬瑴履畟楴獬瀮≹‬楬敮㤠ⰳ椠⁮潣汬灡敳敟捸牧畯獰਍††慲獩⁥硥ൣ 䘠汩⁥䌢尺獕牥屳整档屡灁䑰瑡屡潌慣屬牐杯慲獭停瑹潨屮祐桴湯ㄳ尲楌屢楳整瀭捡慫敧屳瑳牡敬瑴履業摤敬慷敲扜獡⹥祰Ⱒ氠湩⁥㤱ⰱ椠⁮彟慣汬彟਍††敲灳湯敳㴠愠慷瑩猠汥⹦楤灳瑡档晟湵⡣敲畱獥ⱴ挠污彬敮瑸ഩ †††††††幞幞幞幞幞幞幞幞幞幞幞幞幞幞幞幞幞幞幞幞幞幞਍†楆敬∠㩃啜敳獲瑜捥慨作敮牄癩履敄歳潴屰慳敬⁳楡瀠慬晴潲屭慢正湥層灡屰業摤敬慷敲獜捥牵瑩⹹祰Ⱒ氠湩⁥ㄲⰲ椠⁮楤灳瑡档਍††慲獩⁥呈偔硅散瑰潩⡮਍慦瑳灡⹩硥散瑰潩獮䠮呔䕐捸灥楴湯›㈴㨹吠潯洠湡⁹敲畱獥獴‮慍楸畭⁭〶爠煥敵瑳⁳数⁲業畮整愠汬睯摥മഊ嬊〲㘲〭ⴳ㤲㈠㨰〳㔺⸷㠶㤶㌴⁝䥛㩄㙣敥㍦㙥ㄭっⴸ㌴慢愭搵ⴷ㘷㜵㜵㉥㤴㍣⁝剅㩒㐠㤲›潔⁯慭祮爠煥敵瑳⹳䴠硡浩浵㘠‰敲畱獥獴瀠牥洠湩瑵⁥污潬敷⹤਍†‫硅散瑰潩⁮片畯⁰牔捡扥捡⁫洨獯⁴敲散瑮挠污⁬慬瑳㨩਍†⁼†楆敬∠㩃啜敳獲瑜捥慨䅜灰慄慴䱜捯污停潲牧浡屳祐桴湯停瑹潨㍮㈱䱜扩獜瑩ⵥ慰正条獥獜慴汲瑥整彜瑵汩⹳祰Ⱒ氠湩⁥㜸‬湩挠汯慬獰彥硥杣潲灵൳ 簠††礠敩摬਍†⁼†楆敬∠㩃啜敳獲瑜捥慨䅜灰慄慴䱜捯污停潲牧浡屳祐桴湯停瑹潨㍮㈱䱜扩獜瑩ⵥ慰正条獥獜慴汲瑥整浜摩汤睥牡履慢敳瀮≹‬楬敮ㄠ〹‬湩张损污彬ൟ 簠††愠祳据眠瑩⁨湡楹⹯牣慥整瑟獡彫牧畯⡰ 獡琠獡彫牧畯㩰਍†⁼†楆敬∠㩃啜敳獲瑜捥慨䅜灰慄慴䱜捯污停潲牧浡屳祐桴湯停瑹潨㍮㈱䱜扩獜瑩ⵥ慰正条獥慜祮潩彜慢正湥獤彜獡湹楣⹯祰Ⱒ氠湩⁥㜶ⰸ椠⁮彟敡楸彴ൟ 簠††爠楡敳䈠獡䕥捸灥楴湯片畯⡰਍†⁼硅散瑰潩䝮潲灵›湵慨摮敬⁤牥潲獲椠⁮⁡慔歳片畯⁰ㄨ猠扵攭捸灥楴湯ഩ ⬠⬭ⴭⴭⴭⴭⴭⴭⴭⴭㄠⴠⴭⴭⴭⴭⴭⴭⴭഭ †簠吠慲散慢正⠠潭瑳爠捥湥⁴慣汬氠獡⥴ഺ †簠†䘠汩⁥䌢尺獕牥屳整档屡灁䑰瑡屡潌慣屬牐杯慲獭停瑹潨屮祐桴湯ㄳ尲楌屢楳整瀭捡慫敧屳瑳牡敬瑴履業摤敬慷敲敜牲牯⹳祰Ⱒ氠湩⁥㘱ⰴ椠⁮彟慣汬彟਍††⁼††睡楡⁴敳晬愮灰猨潣数‬敲散癩ⱥ张敳摮ഩ †簠†䘠汩⁥䌢尺獕牥屳整档屡灁䑰瑡屡潌慣屬牐杯慲獭停瑹潨屮祐桴湯ㄳ尲楌屢楳整瀭捡慫敧屳瑳牡敬瑴履業摤敬慷敲扜獡⹥祰Ⱒ氠湩⁥㠱ⰹ椠⁮彟慣汬彟਍††⁼††楷桴挠汯慬獰彥硥杣潲灵⡳㨩਍††⁼†楆敬∠㩃啜敳獲瑜捥慨䅜灰慄慴䱜捯污停潲牧浡屳祐桴湯停瑹潨㍮㈱䱜扩捜湯整瑸楬⹢祰Ⱒ氠湩⁥㔱ⰸ椠⁮彟硥瑩彟਍††⁼††敳晬朮湥琮牨睯瘨污敵ഩ †簠†䘠汩⁥䌢尺獕牥屳整档屡灁䑰瑡屡潌慣屬牐杯慲獭停瑹潨屮祐桴湯ㄳ尲楌屢楳整瀭捡慫敧屳瑳牡敬瑴履畟楴獬瀮≹‬楬敮㤠ⰳ椠⁮潣汬灡敳敟捸牧畯獰਍††⁼††慲獩⁥硥ൣ †簠†䘠汩⁥䌢尺獕牥屳整档屡灁䑰瑡屡潌慣屬牐杯慲獭停瑹潨屮祐桴湯ㄳ尲楌屢楳整瀭捡慫敧屳瑳牡敬瑴履業摤敬慷敲扜獡⹥祰Ⱒ氠湩⁥㤱ⰱ椠⁮彟慣汬彟਍††⁼††敲灳湯敳㴠愠慷瑩猠汥⹦楤灳瑡档晟湵⡣敲畱獥ⱴ挠污彬敮瑸ഩ †簠††††††††幞幞幞幞幞幞幞幞幞幞幞幞幞幞幞幞幞幞幞幞幞幞਍††⁼†楆敬∠㩃啜敳獲瑜捥慨作敮牄癩履敄歳潴屰慳敬⁳楡瀠慬晴潲屭慢正湥層灡屰業摤敬慷敲牜煥敵瑳损湯整瑸瀮≹‬楬敮㔠ⰶ椠⁮楤灳瑡档਍††⁼††慲獩⁥൥ †簠†䘠汩⁥䌢尺獕牥屳整档屡湏䑥楲敶䑜獥瑫灯獜污獥愠⁩汰瑡牦浯扜捡敫摮慜灰浜摩汤睥牡履敲畱獥彴潣瑮硥⹴祰Ⱒ氠湩⁥〵‬湩搠獩慰捴൨ †簠††爠獥潰獮⁥‽睡楡⁴慣汬湟硥⡴敲畱獥⥴਍††⁼†††††††帠幞幞幞幞幞幞幞幞幞幞幞൞ †簠†䘠汩⁥䌢尺獕牥屳整档屡灁䑰瑡屡潌慣屬牐杯慲獭停瑹潨屮祐桴湯ㄳ尲楌屢楳整瀭捡慫敧屳瑳牡敬瑴履業摤敬慷敲扜獡⹥祰Ⱒ氠湩⁥㘱ⰵ椠⁮慣汬湟硥൴ †簠††爠楡敳愠灰敟捸਍††⁼†楆敬∠㩃啜敳獲瑜捥慨䅜灰慄慴䱜捯污停潲牧浡屳祐桴湯停瑹潨㍮㈱䱜扩獜瑩ⵥ慰正条獥獜慴汲瑥整浜摩汤睥牡履慢敳瀮≹‬楬敮ㄠㄵ‬湩挠牯൯ †簠††愠慷瑩猠汥⹦灡⡰捳灯ⱥ爠捥楥敶潟彲楤捳湯敮瑣‬敳摮湟彯牥潲⥲਍††⁼†楆敬∠㩃啜敳獲瑜捥慨䅜灰慄慴䱜捯污停潲牧浡屳祐桴湯停瑹潨㍮㈱䱜扩獜瑩ⵥ慰正条獥獜慴汲瑥整浜摩汤睥牡履慢敳瀮≹‬楬敮ㄠ㤸‬湩张损污彬ൟ †簠††眠瑩⁨潣汬灡敳敟捸牧畯獰⤨ഺ †簠†䘠汩⁥䌢尺獕牥屳整档屡灁䑰瑡屡潌慣屬牐杯慲獭停瑹潨屮祐桴湯ㄳ尲楌屢潣瑮硥汴扩瀮≹‬楬敮ㄠ㠵‬湩张敟楸彴ൟ †簠††猠汥⹦敧⹮桴潲⡷慶畬⥥਍††⁼†楆敬∠㩃啜敳獲瑜捥慨䅜灰慄慴䱜捯污停潲牧浡屳祐桴湯停瑹潨㍮㈱䱜扩獜瑩ⵥ慰正条獥獜慴汲瑥整彜瑵汩⹳祰Ⱒ氠湩⁥㌹‬湩挠汯慬獰彥硥杣潲灵൳ †簠††爠楡敳攠捸਍††⁼†楆敬∠㩃啜敳獲瑜捥慨䅜灰慄慴䱜捯污停潲牧浡屳祐桴湯停瑹潨㍮㈱䱜扩獜瑩ⵥ慰正条獥獜慴汲瑥整浜摩汤睥牡履慢敳瀮≹‬楬敮ㄠㄹ‬湩张损污彬ൟ †簠††爠獥潰獮⁥‽睡楡⁴敳晬搮獩慰捴彨畦据爨煥敵瑳‬慣汬湟硥⥴਍††⁼†††††††帠幞幞幞幞幞幞幞幞幞幞幞幞幞幞幞幞幞幞幞幞幞൞ †簠†䘠汩⁥䌢尺獕牥屳整档屡湏䑥楲敶䑜獥瑫灯獜污獥愠⁩汰瑡牦浯扜捡敫摮慜灰浜摩汤睥牡履敳畣楲祴瀮≹‬楬敮㈠㈳‬湩搠獩慰捴൨ †簠††爠獥潰獮⁥‽睡楡⁴慣汬湟硥⡴敲畱獥⥴਍††⁼†††††††帠幞幞幞幞幞幞幞幞幞幞幞൞ †簠†䘠汩⁥䌢尺獕牥屳整档屡灁䑰瑡屡潌慣屬牐杯慲獭停瑹潨屮祐桴湯ㄳ尲楌屢楳整瀭捡慫敧屳瑳牡敬瑴履業摤敬慷敲扜獡⹥祰Ⱒ氠湩⁥㘱ⰵ椠⁮慣汬湟硥൴ †簠††爠楡敳愠灰敟捸਍††⁼†楆敬∠㩃啜敳獲瑜捥慨䅜灰慄慴䱜捯污停潲牧浡屳祐桴湯停瑹潨㍮㈱䱜扩獜瑩ⵥ慰正条獥獜慴汲瑥整浜摩汤睥牡履慢敳瀮≹‬楬敮ㄠㄵ‬湩挠牯൯ †簠††愠慷瑩猠汥⹦灡⡰捳灯ⱥ爠捥楥敶潟彲楤捳湯敮瑣‬敳摮湟彯牥潲⥲਍††⁼†楆敬∠㩃啜敳獲瑜捥慨䅜灰慄慴䱜捯污停潲牧浡屳祐桴湯停瑹潨㍮㈱䱜扩獜瑩ⵥ慰正条獥獜慴汲瑥整浜摩汤睥牡履慢敳瀮≹‬楬敮ㄠ㤸‬湩张损污彬ൟ †簠††眠瑩⁨潣汬灡敳敟捸牧畯獰⤨ഺ †簠†䘠汩⁥䌢尺獕牥屳整档屡灁䑰瑡屡潌慣屬牐杯慲獭停瑹潨屮祐桴湯ㄳ尲楌屢潣瑮硥汴扩瀮≹‬楬敮ㄠ㠵‬湩张敟楸彴ൟ †簠††猠汥⹦敧⹮桴潲⡷慶畬⥥਍††⁼†楆敬∠㩃啜敳獲瑜捥慨䅜灰慄慴䱜捯污停潲牧浡屳祐桴湯停瑹潨㍮㈱䱜扩獜瑩ⵥ慰正条獥獜慴汲瑥整彜瑵汩⹳祰Ⱒ氠湩⁥㌹‬湩挠汯慬獰彥硥杣潲灵൳ †簠††爠楡敳攠捸਍††⁼†楆敬∠㩃啜敳獲瑜捥慨䅜灰慄慴䱜捯污停潲牧浡屳祐桴湯停瑹潨㍮㈱䱜扩獜瑩ⵥ慰正条獥獜慴汲瑥整浜摩汤睥牡履慢敳瀮≹‬楬敮ㄠㄹ‬湩张损污彬ൟ †簠††爠獥潰獮⁥‽睡楡⁴敳晬搮獩慰捴彨畦据爨煥敵瑳‬慣汬湟硥⥴਍††⁼†††††††帠幞幞幞幞幞幞幞幞幞幞幞幞幞幞幞幞幞幞幞幞幞൞ †簠†䘠汩⁥䌢尺獕牥屳整档屡湏䑥楲敶䑜獥瑫灯獜污獥愠⁩汰瑡牦浯扜捡敫摮慜灰浜摩汤睥牡履敳畣楲祴瀮≹‬楬敮㈠㈱‬湩搠獩慰捴൨ †簠††爠楡敳䠠呔䕐捸灥楴湯ന †簠映獡慴楰攮捸灥楴湯⹳呈偔硅散瑰潩㩮㐠㤲›潔⁯慭祮爠煥敵瑳⹳䴠硡浩浵㘠‰敲畱獥獴瀠牥洠湩瑵⁥污潬敷⹤਍††⴫ⴭⴭⴭⴭⴭⴭⴭⴭⴭⴭⴭⴭⴭⴭⴭⴭⴭഭഊ䐊牵湩⁧慨摮楬杮漠⁦桴⁥扡癯⁥硥散瑰潩Ɱ愠潮桴牥攠捸灥楴湯漠捣牵敲㩤਍਍牔捡扥捡⁫洨獯⁴敲散瑮挠污⁬慬瑳㨩਍†楆敬∠㩃啜敳獲瑜捥慨䅜灰慄慴䱜捯污停潲牧浡屳祐桴湯停瑹潨㍮㈱䱜扩獜瑩ⵥ慰正条獥獜慴汲瑥整浜摩汤睥牡履牥潲獲瀮≹‬楬敮ㄠ㐶‬湩张损污彬ൟ †愠慷瑩猠汥⹦灡⡰捳灯ⱥ爠捥楥敶‬獟湥⥤਍†楆敬∠㩃啜敳獲瑜捥慨䅜灰慄慴䱜捯污停潲牧浡屳祐桴湯停瑹潨㍮㈱䱜扩獜瑩ⵥ慰正条獥獜慴汲瑥整浜摩汤睥牡履慢敳瀮≹‬楬敮ㄠ㤸‬湩张损污彬ൟ †眠瑩⁨潣汬灡敳敟捸牧畯獰⤨ഺ 䘠汩⁥䌢尺獕牥屳整档屡灁䑰瑡屡潌慣屬牐杯慲獭停瑹潨屮祐桴湯ㄳ尲楌屢潣瑮硥汴扩瀮≹‬楬敮ㄠ㠵‬湩张敟楸彴ൟ †猠汥⹦敧⹮桴潲⡷慶畬⥥਍†楆敬∠㩃啜敳獲瑜捥慨䅜灰慄慴䱜捯污停潲牧浡屳祐桴湯停瑹潨㍮㈱䱜扩獜瑩ⵥ慰正条獥獜慴汲瑥整彜瑵汩⹳祰Ⱒ氠湩⁥㌹‬湩挠汯慬獰彥硥杣潲灵൳ †爠楡敳攠捸਍†楆敬∠㩃啜敳獲瑜捥慨䅜灰慄慴䱜捯污停潲牧浡屳祐桴湯停瑹潨㍮㈱䱜扩獜瑩ⵥ慰正条獥獜慴汲瑥整浜摩汤睥牡履慢敳瀮≹‬楬敮ㄠㄹ‬湩张损污彬ൟ †爠獥潰獮⁥‽睡楡⁴敳晬搮獩慰捴彨畦据爨煥敵瑳‬慣汬湟硥⥴਍†††††††帠幞幞幞幞幞幞幞幞幞幞幞幞幞幞幞幞幞幞幞幞幞൞ 䘠汩⁥䌢尺獕牥屳整档屡湏䑥楲敶䑜獥瑫灯獜污獥愠⁩汰瑡牦浯扜捡敫摮慜灰浜摩汤睥牡履敲畱獥彴潣瑮硥⹴祰Ⱒ氠湩⁥㘵‬湩搠獩慰捴൨ †爠楡敳攠਍†楆敬∠㩃啜敳獲瑜捥慨作敮牄癩履敄歳潴屰慳敬⁳楡瀠慬晴潲屭慢正湥層灡屰業摤敬慷敲牜煥敵瑳损湯整瑸瀮≹‬楬敮㔠ⰰ椠⁮楤灳瑡档਍††敲灳湯敳㴠愠慷瑩挠污彬敮瑸爨煥敵瑳ഩ †††††††幞幞幞幞幞幞幞幞幞幞幞幞਍†楆敬∠㩃啜敳獲瑜捥慨䅜灰慄慴䱜捯污停潲牧浡屳祐桴湯停瑹潨㍮㈱䱜扩獜瑩ⵥ慰正条獥獜慴汲瑥整浜摩汤睥牡履慢敳瀮≹‬楬敮ㄠ㔶‬湩挠污彬敮瑸਍††慲獩⁥灡彰硥ൣ 䘠汩⁥䌢尺獕牥屳整档屡灁䑰瑡屡潌慣屬牐杯慲獭停瑹潨屮祐桴湯ㄳ尲楌屢楳整瀭捡慫敧屳瑳牡敬瑴履業摤敬慷敲扜獡⹥祰Ⱒ氠湩⁥㔱ⰱ椠⁮潣潲਍††睡楡⁴敳晬愮灰猨潣数‬敲散癩彥牯摟獩潣湮捥ⱴ猠湥彤潮敟牲牯ഩ 䘠汩⁥䌢尺獕牥屳整档屡灁䑰瑡屡潌慣屬牐杯慲獭停瑹潨屮祐桴湯ㄳ尲楌屢楳整瀭捡慫敧屳瑳牡敬瑴履業摤敬慷敲扜獡⹥祰Ⱒ氠湩⁥㠱ⰹ椠⁮彟慣汬彟਍††楷桴挠汯慬獰彥硥杣潲灵⡳㨩਍†楆敬∠㩃啜敳獲瑜捥慨䅜灰慄慴䱜捯污停潲牧浡屳祐桴湯停瑹潨㍮㈱䱜扩捜湯整瑸楬⹢祰Ⱒ氠湩⁥㔱ⰸ椠⁮彟硥瑩彟਍††敳晬朮湥琮牨睯瘨污敵ഩ 䘠汩⁥䌢尺獕牥屳整档屡灁䑰瑡屡潌慣屬牐杯慲獭停瑹潨屮祐桴湯ㄳ尲楌屢楳整瀭捡慫敧屳瑳牡敬瑴履畟楴獬瀮≹‬楬敮㤠ⰳ椠⁮潣汬灡敳敟捸牧畯獰਍††慲獩⁥硥ൣ 䘠汩⁥䌢尺獕牥屳整档屡灁䑰瑡屡潌慣屬牐杯慲獭停瑹潨屮祐桴湯ㄳ尲楌屢楳整瀭捡慫敧屳瑳牡敬瑴履業摤敬慷敲扜獡⹥祰Ⱒ氠湩⁥㤱ⰱ椠⁮彟慣汬彟਍††敲灳湯敳㴠愠慷瑩猠汥⹦楤灳瑡档晟湵⡣敲畱獥ⱴ挠污彬敮瑸ഩ †††††††幞幞幞幞幞幞幞幞幞幞幞幞幞幞幞幞幞幞幞幞幞幞਍†楆敬∠㩃啜敳獲瑜捥慨作敮牄癩履敄歳潴屰慳敬⁳楡瀠慬晴潲屭慢正湥層灡屰業摤敬慷敲獜捥牵瑩⹹祰Ⱒ氠湩⁥㌲ⰲ椠⁮楤灳瑡档਍††敲灳湯敳㴠愠慷瑩挠污彬敮瑸爨煥敵瑳ഩ †††††††幞幞幞幞幞幞幞幞幞幞幞幞਍†楆敬∠㩃啜敳獲瑜捥慨䅜灰慄慴䱜捯污停潲牧浡屳祐桴湯停瑹潨㍮㈱䱜扩獜瑩ⵥ慰正条獥獜慴汲瑥整浜摩汤睥牡履慢敳瀮≹‬楬敮ㄠ㔶‬湩挠污彬敮瑸਍††慲獩⁥灡彰硥ൣ 䘠汩⁥䌢尺獕牥屳整档屡灁䑰瑡屡潌慣屬牐杯慲獭停瑹潨屮祐桴湯ㄳ尲楌屢楳整瀭捡慫敧屳瑳牡敬瑴履業摤敬慷敲扜獡⹥祰Ⱒ氠湩⁥㔱ⰱ椠⁮潣潲਍††睡楡⁴敳晬愮灰猨潣数‬敲散癩彥牯摟獩潣湮捥ⱴ猠湥彤潮敟牲牯ഩ 䘠汩⁥䌢尺獕牥屳整档屡灁䑰瑡屡潌慣屬牐杯慲獭停瑹潨屮祐桴湯ㄳ尲楌屢楳整瀭捡慫敧屳瑳牡敬瑴履業摤敬慷敲扜獡⹥祰Ⱒ氠湩⁥㠱ⰹ椠⁮彟慣汬彟਍††楷桴挠汯慬獰彥硥杣潲灵⡳㨩਍†楆敬∠㩃啜敳獲瑜捥慨䅜灰慄慴䱜捯污停潲牧浡屳祐桴湯停瑹潨㍮㈱䱜扩捜湯整瑸楬⹢祰Ⱒ氠湩⁥㔱ⰸ椠⁮彟硥瑩彟਍††敳晬朮湥琮牨睯瘨污敵ഩ 䘠汩⁥䌢尺獕牥屳整档屡灁䑰瑡屡潌慣屬牐杯慲獭停瑹潨屮祐桴湯ㄳ尲楌屢楳整瀭捡慫敧屳瑳牡敬瑴履畟楴獬瀮≹‬楬敮㤠ⰳ椠⁮潣汬灡敳敟捸牧畯獰਍††慲獩⁥硥ൣ 䘠汩⁥䌢尺獕牥屳整档屡灁䑰瑡屡潌慣屬牐杯慲獭停瑹潨屮祐桴湯ㄳ尲楌屢楳整瀭捡慫敧屳瑳牡敬瑴履業摤敬慷敲扜獡⹥祰Ⱒ氠湩⁥㤱ⰱ椠⁮彟慣汬彟਍††敲灳湯敳㴠愠慷瑩猠汥⹦楤灳瑡档晟湵⡣敲畱獥ⱴ挠污彬敮瑸ഩ †††††††幞幞幞幞幞幞幞幞幞幞幞幞幞幞幞幞幞幞幞幞幞幞਍†楆敬∠㩃啜敳獲瑜捥慨作敮牄癩履敄歳潴屰慳敬⁳楡瀠慬晴潲屭慢正湥層灡屰業摤敬慷敲獜捥牵瑩⹹祰Ⱒ氠湩⁥ㄲⰲ椠⁮楤灳瑡档਍††慲獩⁥呈偔硅散瑰潩⡮਍慦瑳灡⹩硥散瑰潩獮䠮呔䕐捸灥楴湯›㈴㨹吠潯洠湡⁹敲畱獥獴‮慍楸畭⁭〶爠煥敵瑳⁳数⁲業畮整愠汬睯摥മഊ嬊〲㘲〭ⴳ㤲㈠㨰〳㔺⸷〷㤵ㄴ⁝䥛㩄ㄲ㍡慡㉤㘭挴ⴵ㠴㝥㠭敤ⴴ㉣㙢㑡挳搷户⁝剅㩒㐠㤲›潔⁯慭祮爠煥敵瑳⹳䴠硡浩浵㘠‰敲畱獥獴瀠牥洠湩瑵⁥污潬敷⹤਍†‫硅散瑰潩⁮片畯⁰牔捡扥捡⁫洨獯⁴敲散瑮挠污⁬慬瑳㨩਍†⁼†楆敬∠㩃啜敳獲瑜捥慨䅜灰慄慴䱜捯污停潲牧浡屳祐桴湯停瑹潨㍮㈱䱜扩獜瑩ⵥ慰正条獥獜慴汲瑥整彜瑵汩⹳祰Ⱒ氠湩⁥㜸‬湩挠汯慬獰彥硥杣潲灵൳ 簠††礠敩摬਍†⁼†楆敬∠㩃啜敳獲瑜捥慨䅜灰慄慴䱜捯污停潲牧浡屳祐桴湯停瑹潨㍮㈱䱜扩獜瑩ⵥ慰正条獥獜慴汲瑥整浜摩汤睥牡履慢敳瀮≹‬楬敮ㄠ〹‬湩张损污彬ൟ 簠††愠祳据眠瑩⁨湡楹⹯牣慥整瑟獡彫牧畯⡰ 獡琠獡彫牧畯㩰਍†⁼†楆敬∠㩃啜敳獲瑜捥慨䅜灰慄慴䱜捯污停潲牧浡屳祐桴湯停瑹潨㍮㈱䱜扩獜瑩ⵥ慰正条獥慜祮潩彜慢正湥獤彜獡湹楣⹯祰Ⱒ氠湩⁥㜶ⰸ椠⁮彟敡楸彴ൟ 簠††爠楡敳䈠獡䕥捸灥楴湯片畯⡰਍†⁼硅散瑰潩䝮潲灵›湵慨摮敬⁤牥潲獲椠⁮⁡慔歳片畯⁰ㄨ猠扵攭捸灥楴湯ഩ ⬠⬭ⴭⴭⴭⴭⴭⴭⴭⴭㄠⴠⴭⴭⴭⴭⴭⴭⴭഭ †簠吠慲散慢正⠠潭瑳爠捥湥⁴慣汬氠獡⥴ഺ †簠†䘠汩⁥䌢尺獕牥屳整档屡灁䑰瑡屡潌慣屬牐杯慲獭停瑹潨屮祐桴湯ㄳ尲楌屢楳整瀭捡慫敧屳瑳牡敬瑴履業摤敬慷敲敜牲牯⹳祰Ⱒ氠湩⁥㘱ⰴ椠⁮彟慣汬彟਍††⁼††睡楡⁴敳晬愮灰猨潣数‬敲散癩ⱥ张敳摮ഩ †簠†䘠汩⁥䌢尺獕牥屳整档屡灁䑰瑡屡潌慣屬牐杯慲獭停瑹潨屮祐桴湯ㄳ尲楌屢楳整瀭捡慫敧屳瑳牡敬瑴履業摤敬慷敲扜獡⹥祰Ⱒ氠湩⁥㠱ⰹ椠⁮彟慣汬彟਍††⁼††楷桴挠汯慬獰彥硥杣潲灵⡳㨩਍††⁼†楆敬∠㩃啜敳獲瑜捥慨䅜灰慄慴䱜捯污停潲牧浡屳祐桴湯停瑹潨㍮㈱䱜扩捜湯整瑸楬⹢祰Ⱒ氠湩⁥㔱ⰸ椠⁮彟硥瑩彟਍††⁼††敳晬朮湥琮牨睯瘨污敵ഩ †簠†䘠汩⁥䌢尺獕牥屳整档屡灁䑰瑡屡潌慣屬牐杯慲獭停瑹潨屮祐桴湯ㄳ尲楌屢楳整瀭捡慫敧屳瑳牡敬瑴履畟楴獬瀮≹‬楬敮㤠ⰳ椠⁮潣汬灡敳敟捸牧畯獰਍††⁼††慲獩⁥硥ൣ †簠†䘠汩⁥䌢尺獕牥屳整档屡灁䑰瑡屡潌慣屬牐杯慲獭停瑹潨屮祐桴湯ㄳ尲楌屢楳整瀭捡慫敧屳瑳牡敬瑴履業摤敬慷敲扜獡⹥祰Ⱒ氠湩⁥㤱ⰱ椠⁮彟慣汬彟਍††⁼††敲灳湯敳㴠愠慷瑩猠汥⹦楤灳瑡档晟湵⡣敲畱獥ⱴ挠污彬敮瑸ഩ †簠††††††††幞幞幞幞幞幞幞幞幞幞幞幞幞幞幞幞幞幞幞幞幞幞਍††⁼†楆敬∠㩃啜敳獲瑜捥慨作敮牄癩履敄歳潴屰慳敬⁳楡瀠慬晴潲屭慢正湥層灡屰業摤敬慷敲牜煥敵瑳损湯整瑸瀮≹‬楬敮㔠ⰶ椠⁮楤灳瑡档਍††⁼††慲獩⁥൥ †簠†䘠汩⁥䌢尺獕牥屳整档屡湏䑥楲敶䑜獥瑫灯獜污獥愠⁩汰瑡牦浯扜捡敫摮慜灰浜摩汤睥牡履敲畱獥彴潣瑮硥⹴祰Ⱒ氠湩⁥〵‬湩搠獩慰捴൨ †簠††爠獥潰獮⁥‽睡楡⁴慣汬湟硥⡴敲畱獥⥴਍††⁼†††††††帠幞幞幞幞幞幞幞幞幞幞幞൞ †簠†䘠汩⁥䌢尺獕牥屳整档屡灁䑰瑡屡潌慣屬牐杯慲獭停瑹潨屮祐桴湯ㄳ尲楌屢楳整瀭捡慫敧屳瑳牡敬瑴履業摤敬慷敲扜獡⹥祰Ⱒ氠湩⁥㘱ⰵ椠⁮慣汬湟硥൴ †簠††爠楡敳愠灰敟捸਍††⁼†楆敬∠㩃啜敳獲瑜捥慨䅜灰慄慴䱜捯污停潲牧浡屳祐桴湯停瑹潨㍮㈱䱜扩獜瑩ⵥ慰正条獥獜慴汲瑥整浜摩汤睥牡履慢敳瀮≹‬楬敮ㄠㄵ‬湩挠牯൯ †簠††愠慷瑩猠汥⹦灡⡰捳灯ⱥ爠捥楥敶潟彲楤捳湯敮瑣‬敳摮湟彯牥潲⥲਍††⁼†楆敬∠㩃啜敳獲瑜捥慨䅜灰慄慴䱜捯污停潲牧浡屳祐桴湯停瑹潨㍮㈱䱜扩獜瑩ⵥ慰正条獥獜慴汲瑥整浜摩汤睥牡履慢敳瀮≹‬楬敮ㄠ㤸‬湩张损污彬ൟ †簠††眠瑩⁨潣汬灡敳敟捸牧畯獰⤨ഺ †簠†䘠汩⁥䌢尺獕牥屳整档屡灁䑰瑡屡潌慣屬牐杯慲獭停瑹潨屮祐桴湯ㄳ尲楌屢潣瑮硥汴扩瀮≹‬楬敮ㄠ㠵‬湩张敟楸彴ൟ †簠††猠汥⹦敧⹮桴潲⡷慶畬⥥਍††⁼†楆敬∠㩃啜敳獲瑜捥慨䅜灰慄慴䱜捯污停潲牧浡屳祐桴湯停瑹潨㍮㈱䱜扩獜瑩ⵥ慰正条獥獜慴汲瑥整彜瑵汩⹳祰Ⱒ氠湩⁥㌹‬湩挠汯慬獰彥硥杣潲灵൳ †簠††爠楡敳攠捸਍††⁼†楆敬∠㩃啜敳獲瑜捥慨䅜灰慄慴䱜捯污停潲牧浡屳祐桴湯停瑹潨㍮㈱䱜扩獜瑩ⵥ慰正条獥獜慴汲瑥整浜摩汤睥牡履慢敳瀮≹‬楬敮ㄠㄹ‬湩张损污彬ൟ †簠††爠獥潰獮⁥‽睡楡⁴敳晬搮獩慰捴彨畦据爨煥敵瑳‬慣汬湟硥⥴਍††⁼†††††††帠幞幞幞幞幞幞幞幞幞幞幞幞幞幞幞幞幞幞幞幞幞൞ †簠†䘠汩⁥䌢尺獕牥屳整档屡湏䑥楲敶䑜獥瑫灯獜污獥愠⁩汰瑡牦浯扜捡敫摮慜灰浜摩汤睥牡履敳畣楲祴瀮≹‬楬敮㈠㈳‬湩搠獩慰捴൨ †簠††爠獥潰獮⁥‽睡楡⁴慣汬湟硥⡴敲畱獥⥴਍††⁼†††††††帠幞幞幞幞幞幞幞幞幞幞幞൞ †簠†䘠汩⁥䌢尺獕牥屳整档屡灁䑰瑡屡潌慣屬牐杯慲獭停瑹潨屮祐桴湯ㄳ尲楌屢楳整瀭捡慫敧屳瑳牡敬瑴履業摤敬慷敲扜獡⹥祰Ⱒ氠湩⁥㘱ⰵ椠⁮慣汬湟硥൴ †簠††爠楡敳愠灰敟捸਍††⁼†楆敬∠㩃啜敳獲瑜捥慨䅜灰慄慴䱜捯污停潲牧浡屳祐桴湯停瑹潨㍮㈱䱜扩獜瑩ⵥ慰正条獥獜慴汲瑥整浜摩汤睥牡履慢敳瀮≹‬楬敮ㄠㄵ‬湩挠牯൯ †簠††愠慷瑩猠汥⹦灡⡰捳灯ⱥ爠捥楥敶潟彲楤捳湯敮瑣‬敳摮湟彯牥潲⥲਍††⁼†楆敬∠㩃啜敳獲瑜捥慨䅜灰慄慴䱜捯污停潲牧浡屳祐桴湯停瑹潨㍮㈱䱜扩獜瑩ⵥ慰正条獥獜慴汲瑥整浜摩汤睥牡履慢敳瀮≹‬楬敮ㄠ㤸‬湩张损污彬ൟ †簠††眠瑩⁨潣汬灡敳敟捸牧畯獰⤨ഺ †簠†䘠汩⁥䌢尺獕牥屳整档屡灁䑰瑡屡潌慣屬牐杯慲獭停瑹潨屮祐桴湯ㄳ尲楌屢潣瑮硥汴扩瀮≹‬楬敮ㄠ㠵‬湩张敟楸彴ൟ †簠††猠汥⹦敧⹮桴潲⡷慶畬⥥਍††⁼†楆敬∠㩃啜敳獲瑜捥慨䅜灰慄慴䱜捯污停潲牧浡屳祐桴湯停瑹潨㍮㈱䱜扩獜瑩ⵥ慰正条獥獜慴汲瑥整彜瑵汩⹳祰Ⱒ氠湩⁥㌹‬湩挠汯慬獰彥硥杣潲灵൳ †簠††爠楡敳攠捸਍††⁼†楆敬∠㩃啜敳獲瑜捥慨䅜灰慄慴䱜捯污停潲牧浡屳祐桴湯停瑹潨㍮㈱䱜扩獜瑩ⵥ慰正条獥獜慴汲瑥整浜摩汤睥牡履慢敳瀮≹‬楬敮ㄠㄹ‬湩张损污彬ൟ †簠††爠獥潰獮⁥‽睡楡⁴敳晬搮獩慰捴彨畦据爨煥敵瑳‬慣汬湟硥⥴਍††⁼†††††††帠幞幞幞幞幞幞幞幞幞幞幞幞幞幞幞幞幞幞幞幞幞൞ †簠†䘠汩⁥䌢尺獕牥屳整档屡湏䑥楲敶䑜獥瑫灯獜污獥愠⁩汰瑡牦浯扜捡敫摮慜灰浜摩汤睥牡履敳畣楲祴瀮≹‬楬敮㈠㈱‬湩搠獩慰捴൨ †簠††爠楡敳䠠呔䕐捸灥楴湯ന †簠映獡慴楰攮捸灥楴湯⹳呈偔硅散瑰潩㩮㐠㤲›潔⁯慭祮爠煥敵瑳⹳䴠硡浩浵㘠‰敲畱獥獴瀠牥洠湩瑵⁥污潬敷⹤਍††⴫ⴭⴭⴭⴭⴭⴭⴭⴭⴭⴭⴭⴭⴭⴭⴭⴭⴭഭഊ䐊牵湩⁧慨摮楬杮漠⁦桴⁥扡癯⁥硥散瑰潩Ɱ愠潮桴牥攠捸灥楴湯漠捣牵敲㩤਍਍牔捡扥捡⁫洨獯⁴敲散瑮挠污⁬慬瑳㨩਍†楆敬∠㩃啜敳獲瑜捥慨䅜灰慄慴䱜捯污停潲牧浡屳祐桴湯停瑹潨㍮㈱䱜扩獜瑩ⵥ慰正条獥獜慴汲瑥整浜摩汤睥牡履牥潲獲瀮≹‬楬敮ㄠ㐶‬湩张损污彬ൟ †愠慷瑩猠汥⹦灡⡰捳灯ⱥ爠捥楥敶‬獟湥⥤਍†楆敬∠㩃啜敳獲瑜捥慨䅜灰慄慴䱜捯污停潲牧浡屳祐桴湯停瑹潨㍮㈱䱜扩獜瑩ⵥ慰正条獥獜慴汲瑥整浜摩汤睥牡履慢敳瀮≹‬楬敮ㄠ㤸‬湩张损污彬ൟ †眠瑩⁨潣汬灡敳敟捸牧畯獰⤨ഺ 䘠汩⁥䌢尺獕牥屳整档屡灁䑰瑡屡潌慣屬牐杯慲獭停瑹潨屮祐桴湯ㄳ尲楌屢潣瑮硥汴扩瀮≹‬楬敮ㄠ㠵‬湩张敟楸彴ൟ †猠汥⹦敧⹮桴潲⡷慶畬⥥਍†楆敬∠㩃啜敳獲瑜捥慨䅜灰慄慴䱜捯污停潲牧浡屳祐桴湯停瑹潨㍮㈱䱜扩獜瑩ⵥ慰正条獥獜慴汲瑥整彜瑵汩⹳祰Ⱒ氠湩⁥㌹‬湩挠汯慬獰彥硥杣潲灵൳ †爠楡敳攠捸਍†楆敬∠㩃啜敳獲瑜捥慨䅜灰慄慴䱜捯污停潲牧浡屳祐桴湯停瑹潨㍮㈱䱜扩獜瑩ⵥ慰正条獥獜慴汲瑥整浜摩汤睥牡履慢敳瀮≹‬楬敮ㄠㄹ‬湩张损污彬ൟ †爠獥潰獮⁥‽睡楡⁴敳晬搮獩慰捴彨畦据爨煥敵瑳‬慣汬湟硥⥴਍†††††††帠幞幞幞幞幞幞幞幞幞幞幞幞幞幞幞幞幞幞幞幞幞൞ 䘠汩⁥䌢尺獕牥屳整档屡湏䑥楲敶䑜獥瑫灯獜污獥愠⁩汰瑡牦浯扜捡敫摮慜灰浜摩汤睥牡履敲畱獥彴潣瑮硥⹴祰Ⱒ氠湩⁥㘵‬湩搠獩慰捴൨ †爠楡敳攠਍†楆敬∠㩃啜敳獲瑜捥慨作敮牄癩履敄歳潴屰慳敬⁳楡瀠慬晴潲屭慢正湥層灡屰業摤敬慷敲牜煥敵瑳损湯整瑸瀮≹‬楬敮㔠ⰰ椠⁮楤灳瑡档਍††敲灳湯敳㴠愠慷瑩挠污彬敮瑸爨煥敵瑳ഩ †††††††幞幞幞幞幞幞幞幞幞幞幞幞਍†楆敬∠㩃啜敳獲瑜捥慨䅜灰慄慴䱜捯污停潲牧浡屳祐桴湯停瑹潨㍮㈱䱜扩獜瑩ⵥ慰正条獥獜慴汲瑥整浜摩汤睥牡履慢敳瀮≹‬楬敮ㄠ㔶‬湩挠污彬敮瑸਍††慲獩⁥灡彰硥ൣ 䘠汩⁥䌢尺獕牥屳整档屡灁䑰瑡屡潌慣屬牐杯慲獭停瑹潨屮祐桴湯ㄳ尲楌屢楳整瀭捡慫敧屳瑳牡敬瑴履業摤敬慷敲扜獡⹥祰Ⱒ氠湩⁥㔱ⰱ椠⁮潣潲਍††睡楡⁴敳晬愮灰猨潣数‬敲散癩彥牯摟獩潣湮捥ⱴ猠湥彤潮敟牲牯ഩ 䘠汩⁥䌢尺獕牥屳整档屡灁䑰瑡屡潌慣屬牐杯慲獭停瑹潨屮祐桴湯ㄳ尲楌屢楳整瀭捡慫敧屳瑳牡敬瑴履業摤敬慷敲扜獡⹥祰Ⱒ氠湩⁥㠱ⰹ椠⁮彟慣汬彟਍††楷桴挠汯慬獰彥硥杣潲灵⡳㨩਍†楆敬∠㩃啜敳獲瑜捥慨䅜灰慄慴䱜捯污停潲牧浡屳祐桴湯停瑹潨㍮㈱䱜扩捜湯整瑸楬⹢祰Ⱒ氠湩⁥㔱ⰸ椠⁮彟硥瑩彟਍††敳晬朮湥琮牨睯瘨污敵ഩ 䘠汩⁥䌢尺獕牥屳整档屡灁䑰瑡屡潌慣屬牐杯慲獭停瑹潨屮祐桴湯ㄳ尲楌屢楳整瀭捡慫敧屳瑳牡敬瑴履畟楴獬瀮≹‬楬敮㤠ⰳ椠⁮潣汬灡敳敟捸牧畯獰਍††慲獩⁥硥ൣ 䘠汩⁥䌢尺獕牥屳整档屡灁䑰瑡屡潌慣屬牐杯慲獭停瑹潨屮祐桴湯ㄳ尲楌屢楳整瀭捡慫敧屳瑳牡敬瑴履業摤敬慷敲扜獡⹥祰Ⱒ氠湩⁥㤱ⰱ椠⁮彟慣汬彟਍††敲灳湯敳㴠愠慷瑩猠汥⹦楤灳瑡档晟湵⡣敲畱獥ⱴ挠污彬敮瑸ഩ †††††††幞幞幞幞幞幞幞幞幞幞幞幞幞幞幞幞幞幞幞幞幞幞਍†楆敬∠㩃啜敳獲瑜捥慨作敮牄癩履敄歳潴屰慳敬⁳楡瀠慬晴潲屭慢正湥層灡屰業摤敬慷敲獜捥牵瑩⹹祰Ⱒ氠湩⁥㌲ⰲ椠⁮楤灳瑡档਍††敲灳湯敳㴠愠慷瑩挠污彬敮瑸爨煥敵瑳ഩ †††††††幞幞幞幞幞幞幞幞幞幞幞幞਍†楆敬∠㩃啜敳獲瑜捥慨䅜灰慄慴䱜捯污停潲牧浡屳祐桴湯停瑹潨㍮㈱䱜扩獜瑩ⵥ慰正条獥獜慴汲瑥整浜摩汤睥牡履慢敳瀮≹‬楬敮ㄠ㔶‬湩挠污彬敮瑸਍††慲獩⁥灡彰硥ൣ 䘠汩⁥䌢尺獕牥屳整档屡灁䑰瑡屡潌慣屬牐杯慲獭停瑹潨屮祐桴湯ㄳ尲楌屢楳整瀭捡慫敧屳瑳牡敬瑴履業摤敬慷敲扜獡⹥祰Ⱒ氠湩⁥㔱ⰱ椠⁮潣潲਍††睡楡⁴敳晬愮灰猨潣数‬敲散癩彥牯摟獩潣湮捥ⱴ猠湥彤潮敟牲牯ഩ 䘠汩⁥䌢尺獕牥屳整档屡灁䑰瑡屡潌慣屬牐杯慲獭停瑹潨屮祐桴湯ㄳ尲楌屢楳整瀭捡慫敧屳瑳牡敬瑴履業摤敬慷敲扜獡⹥祰Ⱒ氠湩⁥㠱ⰹ椠⁮彟慣汬彟਍††楷桴挠汯慬獰彥硥杣潲灵⡳㨩਍†楆敬∠㩃啜敳獲瑜捥慨䅜灰慄慴䱜捯污停潲牧浡屳祐桴湯停瑹潨㍮㈱䱜扩捜湯整瑸楬⹢祰Ⱒ氠湩⁥㔱ⰸ椠⁮彟硥瑩彟਍††敳晬朮湥琮牨睯瘨污敵ഩ 䘠汩⁥䌢尺獕牥屳整档屡灁䑰瑡屡潌慣屬牐杯慲獭停瑹潨屮祐桴湯ㄳ尲楌屢楳整瀭捡慫敧屳瑳牡敬瑴履畟楴獬瀮≹‬楬敮㤠ⰳ椠⁮潣汬灡敳敟捸牧畯獰਍††慲獩⁥硥ൣ 䘠汩⁥䌢尺獕牥屳整档屡灁䑰瑡屡潌慣屬牐杯慲獭停瑹潨屮祐桴湯ㄳ尲楌屢楳整瀭捡慫敧屳瑳牡敬瑴履業摤敬慷敲扜獡⹥祰Ⱒ氠湩⁥㤱ⰱ椠⁮彟慣汬彟਍††敲灳湯敳㴠愠慷瑩猠汥⹦楤灳瑡档晟湵⡣敲畱獥ⱴ挠污彬敮瑸ഩ †††††††幞幞幞幞幞幞幞幞幞幞幞幞幞幞幞幞幞幞幞幞幞幞਍†楆敬∠㩃啜敳獲瑜捥慨作敮牄癩履敄歳潴屰慳敬⁳楡瀠慬晴潲屭慢正湥層灡屰業摤敬慷敲獜捥牵瑩⹹祰Ⱒ氠湩⁥ㄲⰲ椠⁮楤灳瑡档਍††慲獩⁥呈偔硅散瑰潩⡮਍慦瑳灡⹩硥散瑰潩獮䠮呔䕐捸灥楴湯›㈴㨹吠潯洠湡⁹敲畱獥獴‮慍楸畭⁭〶爠煥敵瑳⁳数⁲業畮整愠汬睯摥മഊ嬊〲㘲〭ⴳ㤲㈠㨰〳㔺⸷㈷㤵㈴⁝䥛㩄扡攴晡㥤㜭㠸ⴶ㈴㈳㠭戶ⴹ㉡っ㍦攰㘶愵⁝剅㩒㐠㤲›潔⁯慭祮爠煥敵瑳⹳䴠硡浩浵㘠‰敲畱獥獴瀠牥洠湩瑵⁥污潬敷⹤਍†‫硅散瑰潩⁮片畯⁰牔捡扥捡⁫洨獯⁴敲散瑮挠污⁬慬瑳㨩਍†⁼†楆敬∠㩃啜敳獲瑜捥慨䅜灰慄慴䱜捯污停潲牧浡屳祐桴湯停瑹潨㍮㈱䱜扩獜瑩ⵥ慰正条獥獜慴汲瑥整彜瑵汩⹳祰Ⱒ氠湩⁥㜸‬湩挠汯慬獰彥硥杣潲灵൳ 簠††礠敩摬਍†⁼†楆敬∠㩃啜敳獲瑜捥慨䅜灰慄慴䱜捯污停潲牧浡屳祐桴湯停瑹潨㍮㈱䱜扩獜瑩ⵥ慰正条獥獜慴汲瑥整浜摩汤睥牡履慢敳瀮≹‬楬敮ㄠ〹‬湩张损污彬ൟ 簠††愠祳据眠瑩⁨湡楹⹯牣慥整瑟獡彫牧畯⡰ 獡琠獡彫牧畯㩰਍†⁼†楆敬∠㩃啜敳獲瑜捥慨䅜灰慄慴䱜捯污停潲牧浡屳祐桴湯停瑹潨㍮㈱䱜扩獜瑩ⵥ慰正条獥慜祮潩彜慢正湥獤彜獡湹楣⹯祰Ⱒ氠湩⁥㜶ⰸ椠⁮彟敡楸彴ൟ 簠††爠楡敳䈠獡䕥捸灥楴湯片畯⡰਍†⁼硅散瑰潩䝮潲灵›湵慨摮敬⁤牥潲獲椠⁮⁡慔歳片畯⁰ㄨ猠扵攭捸灥楴湯ഩ ⬠⬭ⴭⴭⴭⴭⴭⴭⴭⴭㄠⴠⴭⴭⴭⴭⴭⴭⴭഭ †簠吠慲散慢正⠠潭瑳爠捥湥⁴慣汬氠獡⥴ഺ †簠†䘠汩⁥䌢尺獕牥屳整档屡灁䑰瑡屡潌慣屬牐杯慲獭停瑹潨屮祐桴湯ㄳ尲楌屢楳整瀭捡慫敧屳瑳牡敬瑴履業摤敬慷敲敜牲牯⹳祰Ⱒ氠湩⁥㘱ⰴ椠⁮彟慣汬彟਍††⁼††睡楡⁴敳晬愮灰猨潣数‬敲散癩ⱥ张敳摮ഩ †簠†䘠汩⁥䌢尺獕牥屳整档屡灁䑰瑡屡潌慣屬牐杯慲獭停瑹潨屮祐桴湯ㄳ尲楌屢楳整瀭捡慫敧屳瑳牡敬瑴履業摤敬慷敲扜獡⹥祰Ⱒ氠湩⁥㠱ⰹ椠⁮彟慣汬彟਍††⁼††楷桴挠汯慬獰彥硥杣潲灵⡳㨩਍††⁼†楆敬∠㩃啜敳獲瑜捥慨䅜灰慄慴䱜捯污停潲牧浡屳祐桴湯停瑹潨㍮㈱䱜扩捜湯整瑸楬⹢祰Ⱒ氠湩⁥㔱ⰸ椠⁮彟硥瑩彟਍††⁼††敳晬朮湥琮牨睯瘨污敵ഩ †簠†䘠汩⁥䌢尺獕牥屳整档屡灁䑰瑡屡潌慣屬牐杯慲獭停瑹潨屮祐桴湯ㄳ尲楌屢楳整瀭捡慫敧屳瑳牡敬瑴履畟楴獬瀮≹‬楬敮㤠ⰳ椠⁮潣汬灡敳敟捸牧畯獰਍††⁼††慲獩⁥硥ൣ †簠†䘠汩⁥䌢尺獕牥屳整档屡灁䑰瑡屡潌慣屬牐杯慲獭停瑹潨屮祐桴湯ㄳ尲楌屢楳整瀭捡慫敧屳瑳牡敬瑴履業摤敬慷敲扜獡⹥祰Ⱒ氠湩⁥㤱ⰱ椠⁮彟慣汬彟਍††⁼††敲灳湯敳㴠愠慷瑩猠汥⹦楤灳瑡档晟湵⡣敲畱獥ⱴ挠污彬敮瑸ഩ †簠††††††††幞幞幞幞幞幞幞幞幞幞幞幞幞幞幞幞幞幞幞幞幞幞਍††⁼†楆敬∠㩃啜敳獲瑜捥慨作敮牄癩履敄歳潴屰慳敬⁳楡瀠慬晴潲屭慢正湥層灡屰業摤敬慷敲牜煥敵瑳损湯整瑸瀮≹‬楬敮㔠ⰶ椠⁮楤灳瑡档਍††⁼††慲獩⁥൥ †簠†䘠汩⁥䌢尺獕牥屳整档屡湏䑥楲敶䑜獥瑫灯獜污獥愠⁩汰瑡牦浯扜捡敫摮慜灰浜摩汤睥牡履敲畱獥彴潣瑮硥⹴祰Ⱒ氠湩⁥〵‬湩搠獩慰捴൨ †簠††爠獥潰獮⁥‽睡楡⁴慣汬湟硥⡴敲畱獥⥴਍††⁼†††††††帠幞幞幞幞幞幞幞幞幞幞幞൞ †簠†䘠汩⁥䌢尺獕牥屳整档屡灁䑰瑡屡潌慣屬牐杯慲獭停瑹潨屮祐桴湯ㄳ尲楌屢楳整瀭捡慫敧屳瑳牡敬瑴履業摤敬慷敲扜獡⹥祰Ⱒ氠湩⁥㘱ⰵ椠⁮慣汬湟硥൴ †簠††爠楡敳愠灰敟捸਍††⁼†楆敬∠㩃啜敳獲瑜捥慨䅜灰慄慴䱜捯污停潲牧浡屳祐桴湯停瑹潨㍮㈱䱜扩獜瑩ⵥ慰正条獥獜慴汲瑥整浜摩汤睥牡履慢敳瀮≹‬楬敮ㄠㄵ‬湩挠牯൯ †簠††愠慷瑩猠汥⹦灡⡰捳灯ⱥ爠捥楥敶潟彲楤捳湯敮瑣‬敳摮湟彯牥潲⥲਍††⁼†楆敬∠㩃啜敳獲瑜捥慨䅜灰慄慴䱜捯污停潲牧浡屳祐桴湯停瑹潨㍮㈱䱜扩獜瑩ⵥ慰正条獥獜慴汲瑥整浜摩汤睥牡履慢敳瀮≹‬楬敮ㄠ㤸‬湩张损污彬ൟ †簠††眠瑩⁨潣汬灡敳敟捸牧畯獰⤨ഺ †簠†䘠汩⁥䌢尺獕牥屳整档屡灁䑰瑡屡潌慣屬牐杯慲獭停瑹潨屮祐桴湯ㄳ尲楌屢潣瑮硥汴扩瀮≹‬楬敮ㄠ㠵‬湩张敟楸彴ൟ †簠††猠汥⹦敧⹮桴潲⡷慶畬⥥਍††⁼†楆敬∠㩃啜敳獲瑜捥慨䅜灰慄慴䱜捯污停潲牧浡屳祐桴湯停瑹潨㍮㈱䱜扩獜瑩ⵥ慰正条獥獜慴汲瑥整彜瑵汩⹳祰Ⱒ氠湩⁥㌹‬湩挠汯慬獰彥硥杣潲灵൳ †簠††爠楡敳攠捸਍††⁼†楆敬∠㩃啜敳獲瑜捥慨䅜灰慄慴䱜捯污停潲牧浡屳祐桴湯停瑹潨㍮㈱䱜扩獜瑩ⵥ慰正条獥獜慴汲瑥整浜摩汤睥牡履慢敳瀮≹‬楬敮ㄠㄹ‬湩张损污彬ൟ †簠††爠獥潰獮⁥‽睡楡⁴敳晬搮獩慰捴彨畦据爨煥敵瑳‬慣汬湟硥⥴਍††⁼†††††††帠幞幞幞幞幞幞幞幞幞幞幞幞幞幞幞幞幞幞幞幞幞൞ †簠†䘠汩⁥䌢尺獕牥屳整档屡湏䑥楲敶䑜獥瑫灯獜污獥愠⁩汰瑡牦浯扜捡敫摮慜灰浜摩汤睥牡履敳畣楲祴瀮≹‬楬敮㈠㈳‬湩搠獩慰捴൨ †簠††爠獥潰獮⁥‽睡楡⁴慣汬湟硥⡴敲畱獥⥴਍††⁼†††††††帠幞幞幞幞幞幞幞幞幞幞幞൞ †簠†䘠汩⁥䌢尺獕牥屳整档屡灁䑰瑡屡潌慣屬牐杯慲獭停瑹潨屮祐桴湯ㄳ尲楌屢楳整瀭捡慫敧屳瑳牡敬瑴履業摤敬慷敲扜獡⹥祰Ⱒ氠湩⁥㘱ⰵ椠⁮慣汬湟硥൴ †簠††爠楡敳愠灰敟捸਍††⁼†楆敬∠㩃啜敳獲瑜捥慨䅜灰慄慴䱜捯污停潲牧浡屳祐桴湯停瑹潨㍮㈱䱜扩獜瑩ⵥ慰正条獥獜慴汲瑥整浜摩汤睥牡履慢敳瀮≹‬楬敮ㄠㄵ‬湩挠牯൯ †簠††愠慷瑩猠汥⹦灡⡰捳灯ⱥ爠捥楥敶潟彲楤捳湯敮瑣‬敳摮湟彯牥潲⥲਍††⁼†楆敬∠㩃啜敳獲瑜捥慨䅜灰慄慴䱜捯污停潲牧浡屳祐桴湯停瑹潨㍮㈱䱜扩獜瑩ⵥ慰正条獥獜慴汲瑥整浜摩汤睥牡履慢敳瀮≹‬楬敮ㄠ㤸‬湩张损污彬ൟ †簠††眠瑩⁨潣汬灡敳敟捸牧畯獰⤨ഺ †簠†䘠汩⁥䌢尺獕牥屳整档屡灁䑰瑡屡潌慣屬牐杯慲獭停瑹潨屮祐桴湯ㄳ尲楌屢潣瑮硥汴扩瀮≹‬楬敮ㄠ㠵‬湩张敟楸彴ൟ †簠††猠汥⹦敧⹮桴潲⡷慶畬⥥਍††⁼†楆敬∠㩃啜敳獲瑜捥慨䅜灰慄慴䱜捯污停潲牧浡屳祐桴湯停瑹潨㍮㈱䱜扩獜瑩ⵥ慰正条獥獜慴汲瑥整彜瑵汩⹳祰Ⱒ氠湩⁥㌹‬湩挠汯慬獰彥硥杣潲灵൳ †簠††爠楡敳攠捸਍††⁼†楆敬∠㩃啜敳獲瑜捥慨䅜灰慄慴䱜捯污停潲牧浡屳祐桴湯停瑹潨㍮㈱䱜扩獜瑩ⵥ慰正条獥獜慴汲瑥整浜摩汤睥牡履慢敳瀮≹‬楬敮ㄠㄹ‬湩张损污彬ൟ †簠††爠獥潰獮⁥‽睡楡⁴敳晬搮獩慰捴彨畦据爨煥敵瑳‬慣汬湟硥⥴਍††⁼†††††††帠幞幞幞幞幞幞幞幞幞幞幞幞幞幞幞幞幞幞幞幞幞൞ †簠†䘠汩⁥䌢尺獕牥屳整档屡湏䑥楲敶䑜獥瑫灯獜污獥愠⁩汰瑡牦浯扜捡敫摮慜灰浜摩汤睥牡履敳畣楲祴瀮≹‬楬敮㈠㈱‬湩搠獩慰捴൨ †簠††爠楡敳䠠呔䕐捸灥楴湯ന †簠映獡慴楰攮捸灥楴湯⹳呈偔硅散瑰潩㩮㐠㤲›潔⁯慭祮爠煥敵瑳⹳䴠硡浩浵㘠‰敲畱獥獴瀠牥洠湩瑵⁥污潬敷⹤਍††⴫ⴭⴭⴭⴭⴭⴭⴭⴭⴭⴭⴭⴭⴭⴭⴭⴭⴭഭഊ䐊牵湩⁧慨摮楬杮漠⁦桴⁥扡癯⁥硥散瑰潩Ɱ愠潮桴牥攠捸灥楴湯漠捣牵敲㩤਍਍牔捡扥捡⁫洨獯⁴敲散瑮挠污⁬慬瑳㨩਍†楆敬∠㩃啜敳獲瑜捥慨䅜灰慄慴䱜捯污停潲牧浡屳祐桴湯停瑹潨㍮㈱䱜扩獜瑩ⵥ慰正条獥獜慴汲瑥整浜摩汤睥牡履牥潲獲瀮≹‬楬敮ㄠ㐶‬湩张损污彬ൟ †愠慷瑩猠汥⹦灡⡰捳灯ⱥ爠捥楥敶‬獟湥⥤਍†楆敬∠㩃啜敳獲瑜捥慨䅜灰慄慴䱜捯污停潲牧浡屳祐桴湯停瑹潨㍮㈱䱜扩獜瑩ⵥ慰正条獥獜慴汲瑥整浜摩汤睥牡履慢敳瀮≹‬楬敮ㄠ㤸‬湩张损污彬ൟ †眠瑩⁨潣汬灡敳敟捸牧畯獰⤨ഺ 䘠汩⁥䌢尺獕牥屳整档屡灁䑰瑡屡潌慣屬牐杯慲獭停瑹潨屮祐桴湯ㄳ尲楌屢潣瑮硥汴扩瀮≹‬楬敮ㄠ㠵‬湩张敟楸彴ൟ †猠汥⹦敧⹮桴潲⡷慶畬⥥਍†楆敬∠㩃啜敳獲瑜捥慨䅜灰慄慴䱜捯污停潲牧浡屳祐桴湯停瑹潨㍮㈱䱜扩獜瑩ⵥ慰正条獥獜慴汲瑥整彜瑵汩⹳祰Ⱒ氠湩⁥㌹‬湩挠汯慬獰彥硥杣潲灵൳ †爠楡敳攠捸਍†楆敬∠㩃啜敳獲瑜捥慨䅜灰慄慴䱜捯污停潲牧浡屳祐桴湯停瑹潨㍮㈱䱜扩獜瑩ⵥ慰正条獥獜慴汲瑥整浜摩汤睥牡履慢敳瀮≹‬楬敮ㄠㄹ‬湩张损污彬ൟ †爠獥潰獮⁥‽睡楡⁴敳晬搮獩慰捴彨畦据爨煥敵瑳‬慣汬湟硥⥴਍†††††††帠幞幞幞幞幞幞幞幞幞幞幞幞幞幞幞幞幞幞幞幞幞൞ 䘠汩⁥䌢尺獕牥屳整档屡湏䑥楲敶䑜獥瑫灯獜污獥愠⁩汰瑡牦浯扜捡敫摮慜灰浜摩汤睥牡履敲畱獥彴潣瑮硥⹴祰Ⱒ氠湩⁥㘵‬湩搠獩慰捴൨ †爠楡敳攠਍†楆敬∠㩃啜敳獲瑜捥慨作敮牄癩履敄歳潴屰慳敬⁳楡瀠慬晴潲屭慢正湥層灡屰業摤敬慷敲牜煥敵瑳损湯整瑸瀮≹‬楬敮㔠ⰰ椠⁮楤灳瑡档਍††敲灳湯敳㴠愠慷瑩挠污彬敮瑸爨煥敵瑳ഩ †††††††幞幞幞幞幞幞幞幞幞幞幞幞਍†楆敬∠㩃啜敳獲瑜捥慨䅜灰慄慴䱜捯污停潲牧浡屳祐桴湯停瑹潨㍮㈱䱜扩獜瑩ⵥ慰正条獥獜慴汲瑥整浜摩汤睥牡履慢敳瀮≹‬楬敮ㄠ㔶‬湩挠污彬敮瑸਍††慲獩⁥灡彰硥ൣ 䘠汩⁥䌢尺獕牥屳整档屡灁䑰瑡屡潌慣屬牐杯慲獭停瑹潨屮祐桴湯ㄳ尲楌屢楳整瀭捡慫敧屳瑳牡敬瑴履業摤敬慷敲扜獡⹥祰Ⱒ氠湩⁥㔱ⰱ椠⁮潣潲਍††睡楡⁴敳晬愮灰猨潣数‬敲散癩彥牯摟獩潣湮捥ⱴ猠湥彤潮敟牲牯ഩ 䘠汩⁥䌢尺獕牥屳整档屡灁䑰瑡屡潌慣屬牐杯慲獭停瑹潨屮祐桴湯ㄳ尲楌屢楳整瀭捡慫敧屳瑳牡敬瑴履業摤敬慷敲扜獡⹥祰Ⱒ氠湩⁥㠱ⰹ椠⁮彟慣汬彟਍††楷桴挠汯慬獰彥硥杣潲灵⡳㨩਍†楆敬∠㩃啜敳獲瑜捥慨䅜灰慄慴䱜捯污停潲牧浡屳祐桴湯停瑹潨㍮㈱䱜扩捜湯整瑸楬⹢祰Ⱒ氠湩⁥㔱ⰸ椠⁮彟硥瑩彟਍††敳晬朮湥琮牨睯瘨污敵ഩ 䘠汩⁥䌢尺獕牥屳整档屡灁䑰瑡屡潌慣屬牐杯慲獭停瑹潨屮祐桴湯ㄳ尲楌屢楳整瀭捡慫敧屳瑳牡敬瑴履畟楴獬瀮≹‬楬敮㤠ⰳ椠⁮潣汬灡敳敟捸牧畯獰਍††慲獩⁥硥ൣ 䘠汩⁥䌢尺獕牥屳整档屡灁䑰瑡屡潌慣屬牐杯慲獭停瑹潨屮祐桴湯ㄳ尲楌屢楳整瀭捡慫敧屳瑳牡敬瑴履業摤敬慷敲扜獡⹥祰Ⱒ氠湩⁥㤱ⰱ椠⁮彟慣汬彟਍††敲灳湯敳㴠愠慷瑩猠汥⹦楤灳瑡档晟湵⡣敲畱獥ⱴ挠污彬敮瑸ഩ †††††††幞幞幞幞幞幞幞幞幞幞幞幞幞幞幞幞幞幞幞幞幞幞਍†楆敬∠㩃啜敳獲瑜捥慨作敮牄癩履敄歳潴屰慳敬⁳楡瀠慬晴潲屭慢正湥層灡屰業摤敬慷敲獜捥牵瑩⹹祰Ⱒ氠湩⁥㌲ⰲ椠⁮楤灳瑡档਍††敲灳湯敳㴠愠慷瑩挠污彬敮瑸爨煥敵瑳ഩ †††††††幞幞幞幞幞幞幞幞幞幞幞幞਍†楆敬∠㩃啜敳獲瑜捥慨䅜灰慄慴䱜捯污停潲牧浡屳祐桴湯停瑹潨㍮㈱䱜扩獜瑩ⵥ慰正条獥獜慴汲瑥整浜摩汤睥牡履慢敳瀮≹‬楬敮ㄠ㔶‬湩挠污彬敮瑸਍††慲獩⁥灡彰硥ൣ 䘠汩⁥䌢尺獕牥屳整档屡灁䑰瑡屡潌慣屬牐杯慲獭停瑹潨屮祐桴湯ㄳ尲楌屢楳整瀭捡慫敧屳瑳牡敬瑴履業摤敬慷敲扜獡⹥祰Ⱒ氠湩⁥㔱ⰱ椠⁮潣潲਍††睡楡⁴敳晬愮灰猨潣数‬敲散癩彥牯摟獩潣湮捥ⱴ猠湥彤潮敟牲牯ഩ 䘠汩⁥䌢尺獕牥屳整档屡灁䑰瑡屡潌慣屬牐杯慲獭停瑹潨屮祐桴湯ㄳ尲楌屢楳整瀭捡慫敧屳瑳牡敬瑴履業摤敬慷敲扜獡⹥祰Ⱒ氠湩⁥㠱ⰹ椠⁮彟慣汬彟਍††楷桴挠汯慬獰彥硥杣潲灵⡳㨩਍†楆敬∠㩃啜敳獲瑜捥慨䅜灰慄慴䱜捯污停潲牧浡屳祐桴湯停瑹潨㍮㈱䱜扩捜湯整瑸楬⹢祰Ⱒ氠湩⁥㔱ⰸ椠⁮彟硥瑩彟਍††敳晬朮湥琮牨睯瘨污敵ഩ 䘠汩⁥䌢尺獕牥屳整档屡灁䑰瑡屡潌慣屬牐杯慲獭停瑹潨屮祐桴湯ㄳ尲楌屢楳整瀭捡慫敧屳瑳牡敬瑴履畟楴獬瀮≹‬楬敮㤠ⰳ椠⁮潣汬灡敳敟捸牧畯獰਍††慲獩⁥硥ൣ 䘠汩⁥䌢尺獕牥屳整档屡灁䑰瑡屡潌慣屬牐杯慲獭停瑹潨屮祐桴湯ㄳ尲楌屢楳整瀭捡慫敧屳瑳牡敬瑴履業摤敬慷敲扜獡⹥祰Ⱒ氠湩⁥㤱ⰱ椠⁮彟慣汬彟਍††敲灳湯敳㴠愠慷瑩猠汥⹦楤灳瑡档晟湵⡣敲畱獥ⱴ挠污彬敮瑸ഩ †††††††幞幞幞幞幞幞幞幞幞幞幞幞幞幞幞幞幞幞幞幞幞幞਍†楆敬∠㩃啜敳獲瑜捥慨作敮牄癩履敄歳潴屰慳敬⁳楡瀠慬晴潲屭慢正湥層灡屰業摤敬慷敲獜捥牵瑩⹹祰Ⱒ氠湩⁥ㄲⰲ椠⁮楤灳瑡档਍††慲獩⁥呈偔硅散瑰潩⡮਍慦瑳灡⹩硥散瑰潩獮䠮呔䕐捸灥楴湯›㈴㨹吠潯洠湡⁹敲畱獥獴‮慍楸畭⁭〶爠煥敵瑳⁳数⁲業畮整愠汬睯摥മഊ嬊〲㘲〭ⴳ㤲㈠㨰〳㔺⸷㜷㐱〷⁝䥛㩄㤵攱㌶ㄷ挭㡡ⴷ㈴㠸㠭戶ⵦ㡤摥㍣㠹搵㤵⁝剅㩒㐠㤲›潔⁯慭祮爠煥敵瑳⹳䴠硡浩浵㘠‰敲畱獥獴瀠牥洠湩瑵⁥污潬敷⹤਍†‫硅散瑰潩⁮片畯⁰牔捡扥捡⁫洨獯⁴敲散瑮挠污⁬慬瑳㨩਍†⁼†楆敬∠㩃啜敳獲瑜捥慨䅜灰慄慴䱜捯污停潲牧浡屳祐桴湯停瑹潨㍮㈱䱜扩獜瑩ⵥ慰正条獥獜慴汲瑥整彜瑵汩⹳祰Ⱒ氠湩⁥㜸‬湩挠汯慬獰彥硥杣潲灵൳ 簠††礠敩摬਍†⁼†楆敬∠㩃啜敳獲瑜捥慨䅜灰慄慴䱜捯污停潲牧浡屳祐桴湯停瑹潨㍮㈱䱜扩獜瑩ⵥ慰正条獥獜慴汲瑥整浜摩汤睥牡履慢敳瀮≹‬楬敮ㄠ〹‬湩张损污彬ൟ 簠††愠祳据眠瑩⁨湡楹⹯牣慥整瑟獡彫牧畯⡰ 獡琠獡彫牧畯㩰਍†⁼†楆敬∠㩃啜敳獲瑜捥慨䅜灰慄慴䱜捯污停潲牧浡屳祐桴湯停瑹潨㍮㈱䱜扩獜瑩ⵥ慰正条獥慜祮潩彜慢正湥獤彜獡湹楣⹯祰Ⱒ氠湩⁥㜶ⰸ椠⁮彟敡楸彴ൟ 簠††爠楡敳䈠獡䕥捸灥楴湯片畯⡰਍†⁼硅散瑰潩䝮潲灵›湵慨摮敬⁤牥潲獲椠⁮⁡慔歳片畯⁰ㄨ猠扵攭捸灥楴湯ഩ ⬠⬭ⴭⴭⴭⴭⴭⴭⴭⴭㄠⴠⴭⴭⴭⴭⴭⴭⴭഭ †簠吠慲散慢正⠠潭瑳爠捥湥⁴慣汬氠獡⥴ഺ †簠†䘠汩⁥䌢尺獕牥屳整档屡灁䑰瑡屡潌慣屬牐杯慲獭停瑹潨屮祐桴湯ㄳ尲楌屢楳整瀭捡慫敧屳瑳牡敬瑴履業摤敬慷敲敜牲牯⹳祰Ⱒ氠湩⁥㘱ⰴ椠⁮彟慣汬彟਍††⁼††睡楡⁴敳晬愮灰猨潣数‬敲散癩ⱥ张敳摮ഩ †簠†䘠汩⁥䌢尺獕牥屳整档屡灁䑰瑡屡潌慣屬牐杯慲獭停瑹潨屮祐桴湯ㄳ尲楌屢楳整瀭捡慫敧屳瑳牡敬瑴履業摤敬慷敲扜獡⹥祰Ⱒ氠湩⁥㠱ⰹ椠⁮彟慣汬彟਍††⁼††楷桴挠汯慬獰彥硥杣潲灵⡳㨩਍††⁼†楆敬∠㩃啜敳獲瑜捥慨䅜灰慄慴䱜捯污停潲牧浡屳祐桴湯停瑹潨㍮㈱䱜扩捜湯整瑸楬⹢祰Ⱒ氠湩⁥㔱ⰸ椠⁮彟硥瑩彟਍††⁼††敳晬朮湥琮牨睯瘨污敵ഩ †簠†䘠汩⁥䌢尺獕牥屳整档屡灁䑰瑡屡潌慣屬牐杯慲獭停瑹潨屮祐桴湯ㄳ尲楌屢楳整瀭捡慫敧屳瑳牡敬瑴履畟楴獬瀮≹‬楬敮㤠ⰳ椠⁮潣汬灡敳敟捸牧畯獰਍††⁼††慲獩⁥硥ൣ †簠†䘠汩⁥䌢尺獕牥屳整档屡灁䑰瑡屡潌慣屬牐杯慲獭停瑹潨屮祐桴湯ㄳ尲楌屢楳整瀭捡慫敧屳瑳牡敬瑴履業摤敬慷敲扜獡⹥祰Ⱒ氠湩⁥㤱ⰱ椠⁮彟慣汬彟਍††⁼††敲灳湯敳㴠愠慷瑩猠汥⹦楤灳瑡档晟湵⡣敲畱獥ⱴ挠污彬敮瑸ഩ †簠††††††††幞幞幞幞幞幞幞幞幞幞幞幞幞幞幞幞幞幞幞幞幞幞਍††⁼†楆敬∠㩃啜敳獲瑜捥慨作敮牄癩履敄歳潴屰慳敬⁳楡瀠慬晴潲屭慢正湥層灡屰業摤敬慷敲牜煥敵瑳损湯整瑸瀮≹‬楬敮㔠ⰶ椠⁮楤灳瑡档਍††⁼††慲獩⁥൥ †簠†䘠汩⁥䌢尺獕牥屳整档屡湏䑥楲敶䑜獥瑫灯獜污獥愠⁩汰瑡牦浯扜捡敫摮慜灰浜摩汤睥牡履敲畱獥彴潣瑮硥⹴祰Ⱒ氠湩⁥〵‬湩搠獩慰捴൨ †簠††爠獥潰獮⁥‽睡楡⁴慣汬湟硥⡴敲畱獥⥴਍††⁼†††††††帠幞幞幞幞幞幞幞幞幞幞幞൞ †簠†䘠汩⁥䌢尺獕牥屳整档屡灁䑰瑡屡潌慣屬牐杯慲獭停瑹潨屮祐桴湯ㄳ尲楌屢楳整瀭捡慫敧屳瑳牡敬瑴履業摤敬慷敲扜獡⹥祰Ⱒ氠湩⁥㘱ⰵ椠⁮慣汬湟硥൴ †簠††爠楡敳愠灰敟捸਍††⁼†楆敬∠㩃啜敳獲瑜捥慨䅜灰慄慴䱜捯污停潲牧浡屳祐桴湯停瑹潨㍮㈱䱜扩獜瑩ⵥ慰正条獥獜慴汲瑥整浜摩汤睥牡履慢敳瀮≹‬楬敮ㄠㄵ‬湩挠牯൯ †簠††愠慷瑩猠汥⹦灡⡰捳灯ⱥ爠捥楥敶潟彲楤捳湯敮瑣‬敳摮湟彯牥潲⥲਍††⁼†楆敬∠㩃啜敳獲瑜捥慨䅜灰慄慴䱜捯污停潲牧浡屳祐桴湯停瑹潨㍮㈱䱜扩獜瑩ⵥ慰正条獥獜慴汲瑥整浜摩汤睥牡履慢敳瀮≹‬楬敮ㄠ㤸‬湩张损污彬ൟ †簠††眠瑩⁨潣汬灡敳敟捸牧畯獰⤨ഺ †簠†䘠汩⁥䌢尺獕牥屳整档屡灁䑰瑡屡潌慣屬牐杯慲獭停瑹潨屮祐桴湯ㄳ尲楌屢潣瑮硥汴扩瀮≹‬楬敮ㄠ㠵‬湩张敟楸彴ൟ †簠††猠汥⹦敧⹮桴潲⡷慶畬⥥਍††⁼†楆敬∠㩃啜敳獲瑜捥慨䅜灰慄慴䱜捯污停潲牧浡屳祐桴湯停瑹潨㍮㈱䱜扩獜瑩ⵥ慰正条獥獜慴汲瑥整彜瑵汩⹳祰Ⱒ氠湩⁥㌹‬湩挠汯慬獰彥硥杣潲灵൳ †簠††爠楡敳攠捸਍††⁼†楆敬∠㩃啜敳獲瑜捥慨䅜灰慄慴䱜捯污停潲牧浡屳祐桴湯停瑹潨㍮㈱䱜扩獜瑩ⵥ慰正条獥獜慴汲瑥整浜摩汤睥牡履慢敳瀮≹‬楬敮ㄠㄹ‬湩张损污彬ൟ †簠††爠獥潰獮⁥‽睡楡⁴敳晬搮獩慰捴彨畦据爨煥敵瑳‬慣汬湟硥⥴਍††⁼†††††††帠幞幞幞幞幞幞幞幞幞幞幞幞幞幞幞幞幞幞幞幞幞൞ †簠†䘠汩⁥䌢尺獕牥屳整档屡湏䑥楲敶䑜獥瑫灯獜污獥愠⁩汰瑡牦浯扜捡敫摮慜灰浜摩汤睥牡履敳畣楲祴瀮≹‬楬敮㈠㈳‬湩搠獩慰捴൨ †簠††爠獥潰獮⁥‽睡楡⁴慣汬湟硥⡴敲畱獥⥴਍††⁼†††††††帠幞幞幞幞幞幞幞幞幞幞幞൞ †簠†䘠汩⁥䌢尺獕牥屳整档屡灁䑰瑡屡潌慣屬牐杯慲獭停瑹潨屮祐桴湯ㄳ尲楌屢楳整瀭捡慫敧屳瑳牡敬瑴履業摤敬慷敲扜獡⹥祰Ⱒ氠湩⁥㘱ⰵ椠⁮慣汬湟硥൴ †簠††爠楡敳愠灰敟捸਍††⁼†楆敬∠㩃啜敳獲瑜捥慨䅜灰慄慴䱜捯污停潲牧浡屳祐桴湯停瑹潨㍮㈱䱜扩獜瑩ⵥ慰正条獥獜慴汲瑥整浜摩汤睥牡履慢敳瀮≹‬楬敮ㄠㄵ‬湩挠牯൯ †簠††愠慷瑩猠汥⹦灡⡰捳灯ⱥ爠捥楥敶潟彲楤捳湯敮瑣‬敳摮湟彯牥潲⥲਍††⁼†楆敬∠㩃啜敳獲瑜捥慨䅜灰慄慴䱜捯污停潲牧浡屳祐桴湯停瑹潨㍮㈱䱜扩獜瑩ⵥ慰正条獥獜慴汲瑥整浜摩汤睥牡履慢敳瀮≹‬楬敮ㄠ㤸‬湩张损污彬ൟ †簠††眠瑩⁨潣汬灡敳敟捸牧畯獰⤨ഺ †簠†䘠汩⁥䌢尺獕牥屳整档屡灁䑰瑡屡潌慣屬牐杯慲獭停瑹潨屮祐桴湯ㄳ尲楌屢潣瑮硥汴扩瀮≹‬楬敮ㄠ㠵‬湩张敟楸彴ൟ †簠††猠汥⹦敧⹮桴潲⡷慶畬⥥਍††⁼†楆敬∠㩃啜敳獲瑜捥慨䅜灰慄慴䱜捯污停潲牧浡屳祐桴湯停瑹潨㍮㈱䱜扩獜瑩ⵥ慰正条獥獜慴汲瑥整彜瑵汩⹳祰Ⱒ氠湩⁥㌹‬湩挠汯慬獰彥硥杣潲灵൳ †簠††爠楡敳攠捸਍††⁼†楆敬∠㩃啜敳獲瑜捥慨䅜灰慄慴䱜捯污停潲牧浡屳祐桴湯停瑹潨㍮㈱䱜扩獜瑩ⵥ慰正条獥獜慴汲瑥整浜摩汤睥牡履慢敳瀮≹‬楬敮ㄠㄹ‬湩张损污彬ൟ †簠††爠獥潰獮⁥‽睡楡⁴敳晬搮獩慰捴彨畦据爨煥敵瑳‬慣汬湟硥⥴਍††⁼†††††††帠幞幞幞幞幞幞幞幞幞幞幞幞幞幞幞幞幞幞幞幞幞൞ †簠†䘠汩⁥䌢尺獕牥屳整档屡湏䑥楲敶䑜獥瑫灯獜污獥愠⁩汰瑡牦浯扜捡敫摮慜灰浜摩汤睥牡履敳畣楲祴瀮≹‬楬敮㈠㈱‬湩搠獩慰捴൨ †簠††爠楡敳䠠呔䕐捸灥楴湯ന †簠映獡慴楰攮捸灥楴湯⹳呈偔硅散瑰潩㩮㐠㤲›潔⁯慭祮爠煥敵瑳⹳䴠硡浩浵㘠‰敲畱獥獴瀠牥洠湩瑵⁥污潬敷⹤਍††⴫ⴭⴭⴭⴭⴭⴭⴭⴭⴭⴭⴭⴭⴭⴭⴭⴭⴭഭഊ䐊牵湩⁧慨摮楬杮漠⁦桴⁥扡癯⁥硥散瑰潩Ɱ愠潮桴牥攠捸灥楴湯漠捣牵敲㩤਍਍牔捡扥捡⁫洨獯⁴敲散瑮挠污⁬慬瑳㨩਍†楆敬∠㩃啜敳獲瑜捥慨䅜灰慄慴䱜捯污停潲牧浡屳祐桴湯停瑹潨㍮㈱䱜扩獜瑩ⵥ慰正条獥獜慴汲瑥整浜摩汤睥牡履牥潲獲瀮≹‬楬敮ㄠ㐶‬湩张损污彬ൟ †愠慷瑩猠汥⹦灡⡰捳灯ⱥ爠捥楥敶‬獟湥⥤਍†楆敬∠㩃啜敳獲瑜捥慨䅜灰慄慴䱜捯污停潲牧浡屳祐桴湯停瑹潨㍮㈱䱜扩獜瑩ⵥ慰正条獥獜慴汲瑥整浜摩汤睥牡履慢敳瀮≹‬楬敮ㄠ㤸‬湩张损污彬ൟ †眠瑩⁨潣汬灡敳敟捸牧畯獰⤨ഺ 䘠汩⁥䌢尺獕牥屳整档屡灁䑰瑡屡潌慣屬牐杯慲獭停瑹潨屮祐桴湯ㄳ尲楌屢潣瑮硥汴扩瀮≹‬楬敮ㄠ㠵‬湩张敟楸彴ൟ †猠汥⹦敧⹮桴潲⡷慶畬⥥਍†楆敬∠㩃啜敳獲瑜捥慨䅜灰慄慴䱜捯污停潲牧浡屳祐桴湯停瑹潨㍮㈱䱜扩獜瑩ⵥ慰正条獥獜慴汲瑥整彜瑵汩⹳祰Ⱒ氠湩⁥㌹‬湩挠汯慬獰彥硥杣潲灵൳ †爠楡敳攠捸਍†楆敬∠㩃啜敳獲瑜捥慨䅜灰慄慴䱜捯污停潲牧浡屳祐桴湯停瑹潨㍮㈱䱜扩獜瑩ⵥ慰正条獥獜慴汲瑥整浜摩汤睥牡履慢敳瀮≹‬楬敮ㄠㄹ‬湩张损污彬ൟ †爠獥潰獮⁥‽睡楡⁴敳晬搮獩慰捴彨畦据爨煥敵瑳‬慣汬湟硥⥴਍†††††††帠幞幞幞幞幞幞幞幞幞幞幞幞幞幞幞幞幞幞幞幞幞൞ 䘠汩⁥䌢尺獕牥屳整档屡湏䑥楲敶䑜獥瑫灯獜污獥愠⁩汰瑡牦浯扜捡敫摮慜灰浜摩汤睥牡履敲畱獥彴潣瑮硥⹴祰Ⱒ氠湩⁥㘵‬湩搠獩慰捴൨ †爠楡敳攠਍†楆敬∠㩃啜敳獲瑜捥慨作敮牄癩履敄歳潴屰慳敬⁳楡瀠慬晴潲屭慢正湥層灡屰業摤敬慷敲牜煥敵瑳损湯整瑸瀮≹‬楬敮㔠ⰰ椠⁮楤灳瑡档਍††敲灳湯敳㴠愠慷瑩挠污彬敮瑸爨煥敵瑳ഩ †††††††幞幞幞幞幞幞幞幞幞幞幞幞਍†楆敬∠㩃啜敳獲瑜捥慨䅜灰慄慴䱜捯污停潲牧浡屳祐桴湯停瑹潨㍮㈱䱜扩獜瑩ⵥ慰正条獥獜慴汲瑥整浜摩汤睥牡履慢敳瀮≹‬楬敮ㄠ㔶‬湩挠污彬敮瑸਍††慲獩⁥灡彰硥ൣ 䘠汩⁥䌢尺獕牥屳整档屡灁䑰瑡屡潌慣屬牐杯慲獭停瑹潨屮祐桴湯ㄳ尲楌屢楳整瀭捡慫敧屳瑳牡敬瑴履業摤敬慷敲扜獡⹥祰Ⱒ氠湩⁥㔱ⰱ椠⁮潣潲਍††睡楡⁴敳晬愮灰猨潣数‬敲散癩彥牯摟獩潣湮捥ⱴ猠湥彤潮敟牲牯ഩ 䘠汩⁥䌢尺獕牥屳整档屡灁䑰瑡屡潌慣屬牐杯慲獭停瑹潨屮祐桴湯ㄳ尲楌屢楳整瀭捡慫敧屳瑳牡敬瑴履業摤敬慷敲扜獡⹥祰Ⱒ氠湩⁥㠱ⰹ椠⁮彟慣汬彟਍††楷桴挠汯慬獰彥硥杣潲灵⡳㨩਍†楆敬∠㩃啜敳獲瑜捥慨䅜灰慄慴䱜捯污停潲牧浡屳祐桴湯停瑹潨㍮㈱䱜扩捜湯整瑸楬⹢祰Ⱒ氠湩⁥㔱ⰸ椠⁮彟硥瑩彟਍††敳晬朮湥琮牨睯瘨污敵ഩ 䘠汩⁥䌢尺獕牥屳整档屡灁䑰瑡屡潌慣屬牐杯慲獭停瑹潨屮祐桴湯ㄳ尲楌屢楳整瀭捡慫敧屳瑳牡敬瑴履畟楴獬瀮≹‬楬敮㤠ⰳ椠⁮潣汬灡敳敟捸牧畯獰਍††慲獩⁥硥ൣ 䘠汩⁥䌢尺獕牥屳整档屡灁䑰瑡屡潌慣屬牐杯慲獭停瑹潨屮祐桴湯ㄳ尲楌屢楳整瀭捡慫敧屳瑳牡敬瑴履業摤敬慷敲扜獡⹥祰Ⱒ氠湩⁥㤱ⰱ椠⁮彟慣汬彟਍††敲灳湯敳㴠愠慷瑩猠汥⹦楤灳瑡档晟湵⡣敲畱獥ⱴ挠污彬敮瑸ഩ †††††††幞幞幞幞幞幞幞幞幞幞幞幞幞幞幞幞幞幞幞幞幞幞਍†楆敬∠㩃啜敳獲瑜捥慨作敮牄癩履敄歳潴屰慳敬⁳楡瀠慬晴潲屭慢正湥層灡屰業摤敬慷敲獜捥牵瑩⹹祰Ⱒ氠湩⁥㌲ⰲ椠⁮楤灳瑡档਍††敲灳湯敳㴠愠慷瑩挠污彬敮瑸爨煥敵瑳ഩ †††††††幞幞幞幞幞幞幞幞幞幞幞幞਍†楆敬∠㩃啜敳獲瑜捥慨䅜灰慄慴䱜捯污停潲牧浡屳祐桴湯停瑹潨㍮㈱䱜扩獜瑩ⵥ慰正条獥獜慴汲瑥整浜摩汤睥牡履慢敳瀮≹‬楬敮ㄠ㔶‬湩挠污彬敮瑸਍††慲獩⁥灡彰硥ൣ 䘠汩⁥䌢尺獕牥屳整档屡灁䑰瑡屡潌慣屬牐杯慲獭停瑹潨屮祐桴湯ㄳ尲楌屢楳整瀭捡慫敧屳瑳牡敬瑴履業摤敬慷敲扜獡⹥祰Ⱒ氠湩⁥㔱ⰱ椠⁮潣潲਍††睡楡⁴敳晬愮灰猨潣数‬敲散癩彥牯摟獩潣湮捥ⱴ猠湥彤潮敟牲牯ഩ 䘠汩⁥䌢尺獕牥屳整档屡灁䑰瑡屡潌慣屬牐杯慲獭停瑹潨屮祐桴湯ㄳ尲楌屢楳整瀭捡慫敧屳瑳牡敬瑴履業摤敬慷敲扜獡⹥祰Ⱒ氠湩⁥㠱ⰹ椠⁮彟慣汬彟਍††楷桴挠汯慬獰彥硥杣潲灵⡳㨩਍†楆敬∠㩃啜敳獲瑜捥慨䅜灰慄慴䱜捯污停潲牧浡屳祐桴湯停瑹潨㍮㈱䱜扩捜湯整瑸楬⹢祰Ⱒ氠湩⁥㔱ⰸ椠⁮彟硥瑩彟਍††敳晬朮湥琮牨睯瘨污敵ഩ 䘠汩⁥䌢尺獕牥屳整档屡灁䑰瑡屡潌慣屬牐杯慲獭停瑹潨屮祐桴湯ㄳ尲楌屢楳整瀭捡慫敧屳瑳牡敬瑴履畟楴獬瀮≹‬楬敮㤠ⰳ椠⁮潣汬灡敳敟捸牧畯獰਍††慲獩⁥硥ൣ 䘠汩⁥䌢尺獕牥屳整档屡灁䑰瑡屡潌慣屬牐杯慲獭停瑹潨屮祐桴湯ㄳ尲楌屢楳整瀭捡慫敧屳瑳牡敬瑴履業摤敬慷敲扜獡⹥祰Ⱒ氠湩⁥㤱ⰱ椠⁮彟慣汬彟਍††敲灳湯敳㴠愠慷瑩猠汥⹦楤灳瑡档晟湵⡣敲畱獥ⱴ挠污彬敮瑸ഩ †††††††幞幞幞幞幞幞幞幞幞幞幞幞幞幞幞幞幞幞幞幞幞幞਍†楆敬∠㩃啜敳獲瑜捥慨作敮牄癩履敄歳潴屰慳敬⁳楡瀠慬晴潲屭慢正湥層灡屰業摤敬慷敲獜捥牵瑩⹹祰Ⱒ氠湩⁥ㄲⰲ椠⁮楤灳瑡档਍††慲獩⁥呈偔硅散瑰潩⡮਍慦瑳灡⹩硥散瑰潩獮䠮呔䕐捸灥楴湯›㈴㨹吠潯洠湡⁹敲畱獥獴‮慍楸畭⁭〶爠煥敵瑳⁳数⁲業畮整愠汬睯摥മഊ嬊〲㘲〭ⴳ㤲㈠㨰〳㔺⸷〸㔷㐱⁝䥛㩄搲敡㐳㡡㜭挵ⵡ挴搰㠭㌰ⵤ㜶搳㌰㥥㘱慦⁝剅㩒㐠㤲›潔⁯慭祮爠煥敵瑳⹳䴠硡浩浵㘠‰敲畱獥獴瀠牥洠湩瑵⁥污潬敷⹤਍†‫硅散瑰潩⁮片畯⁰牔捡扥捡⁫洨獯⁴敲散瑮挠污⁬慬瑳㨩਍†⁼†楆敬∠㩃啜敳獲瑜捥慨䅜灰慄慴䱜捯污停潲牧浡屳祐桴湯停瑹潨㍮㈱䱜扩獜瑩ⵥ慰正条獥獜慴汲瑥整彜瑵汩⹳祰Ⱒ氠湩⁥㜸‬湩挠汯慬獰彥硥杣潲灵൳ 簠††礠敩摬਍†⁼†楆敬∠㩃啜敳獲瑜捥慨䅜灰慄慴䱜捯污停潲牧浡屳祐桴湯停瑹潨㍮㈱䱜扩獜瑩ⵥ慰正条獥獜慴汲瑥整浜摩汤睥牡履慢敳瀮≹‬楬敮ㄠ〹‬湩张损污彬ൟ 簠††愠祳据眠瑩⁨湡楹⹯牣慥整瑟獡彫牧畯⡰ 獡琠獡彫牧畯㩰਍†⁼†楆敬∠㩃啜敳獲瑜捥慨䅜灰慄慴䱜捯污停潲牧浡屳祐桴湯停瑹潨㍮㈱䱜扩獜瑩ⵥ慰正条獥慜祮潩彜慢正湥獤彜獡湹楣⹯祰Ⱒ氠湩⁥㜶ⰸ椠⁮彟敡楸彴ൟ 簠††爠楡敳䈠獡䕥捸灥楴湯片畯⡰਍†⁼硅散瑰潩䝮潲灵›湵慨摮敬⁤牥潲獲椠⁮⁡慔歳片畯⁰ㄨ猠扵攭捸灥楴湯ഩ ⬠⬭ⴭⴭⴭⴭⴭⴭⴭⴭㄠⴠⴭⴭⴭⴭⴭⴭⴭഭ †簠吠慲散慢正⠠潭瑳爠捥湥⁴慣汬氠獡⥴ഺ †簠†䘠汩⁥䌢尺獕牥屳整档屡灁䑰瑡屡潌慣屬牐杯慲獭停瑹潨屮祐桴湯ㄳ尲楌屢楳整瀭捡慫敧屳瑳牡敬瑴履業摤敬慷敲敜牲牯⹳祰Ⱒ氠湩⁥㘱ⰴ椠⁮彟慣汬彟਍††⁼††睡楡⁴敳晬愮灰猨潣数‬敲散癩ⱥ张敳摮ഩ †簠†䘠汩⁥䌢尺獕牥屳整档屡灁䑰瑡屡潌慣屬牐杯慲獭停瑹潨屮祐桴湯ㄳ尲楌屢楳整瀭捡慫敧屳瑳牡敬瑴履業摤敬慷敲扜獡⹥祰Ⱒ氠湩⁥㠱ⰹ椠⁮彟慣汬彟਍††⁼††楷桴挠汯慬獰彥硥杣潲灵⡳㨩਍††⁼†楆敬∠㩃啜敳獲瑜捥慨䅜灰慄慴䱜捯污停潲牧浡屳祐桴湯停瑹潨㍮㈱䱜扩捜湯整瑸楬⹢祰Ⱒ氠湩⁥㔱ⰸ椠⁮彟硥瑩彟਍††⁼††敳晬朮湥琮牨睯瘨污敵ഩ †簠†䘠汩⁥䌢尺獕牥屳整档屡灁䑰瑡屡潌慣屬牐杯慲獭停瑹潨屮祐桴湯ㄳ尲楌屢楳整瀭捡慫敧屳瑳牡敬瑴履畟楴獬瀮≹‬楬敮㤠ⰳ椠⁮潣汬灡敳敟捸牧畯獰਍††⁼††慲獩⁥硥ൣ †簠†䘠汩⁥䌢尺獕牥屳整档屡灁䑰瑡屡潌慣屬牐杯慲獭停瑹潨屮祐桴湯ㄳ尲楌屢楳整瀭捡慫敧屳瑳牡敬瑴履業摤敬慷敲扜獡⹥祰Ⱒ氠湩⁥㤱ⰱ椠⁮彟慣汬彟਍††⁼††敲灳湯敳㴠愠慷瑩猠汥⹦楤灳瑡档晟湵⡣敲畱獥ⱴ挠污彬敮瑸ഩ †簠††††††††幞幞幞幞幞幞幞幞幞幞幞幞幞幞幞幞幞幞幞幞幞幞਍††⁼†楆敬∠㩃啜敳獲瑜捥慨作敮牄癩履敄歳潴屰慳敬⁳楡瀠慬晴潲屭慢正湥層灡屰業摤敬慷敲牜煥敵瑳损湯整瑸瀮≹‬楬敮㔠ⰶ椠⁮楤灳瑡档਍††⁼††慲獩⁥൥ †簠†䘠汩⁥䌢尺獕牥屳整档屡湏䑥楲敶䑜獥瑫灯獜污獥愠⁩汰瑡牦浯扜捡敫摮慜灰浜摩汤睥牡履敲畱獥彴潣瑮硥⹴祰Ⱒ氠湩⁥〵‬湩搠獩慰捴൨ †簠††爠獥潰獮⁥‽睡楡⁴慣汬湟硥⡴敲畱獥⥴਍††⁼†††††††帠幞幞幞幞幞幞幞幞幞幞幞൞ †簠†䘠汩⁥䌢尺獕牥屳整档屡灁䑰瑡屡潌慣屬牐杯慲獭停瑹潨屮祐桴湯ㄳ尲楌屢楳整瀭捡慫敧屳瑳牡敬瑴履業摤敬慷敲扜獡⹥祰Ⱒ氠湩⁥㘱ⰵ椠⁮慣汬湟硥൴ †簠††爠楡敳愠灰敟捸਍††⁼†楆敬∠㩃啜敳獲瑜捥慨䅜灰慄慴䱜捯污停潲牧浡屳祐桴湯停瑹潨㍮㈱䱜扩獜瑩ⵥ慰正条獥獜慴汲瑥整浜摩汤睥牡履慢敳瀮≹‬楬敮ㄠㄵ‬湩挠牯൯ †簠††愠慷瑩猠汥⹦灡⡰捳灯ⱥ爠捥楥敶潟彲楤捳湯敮瑣‬敳摮湟彯牥潲⥲਍††⁼†楆敬∠㩃啜敳獲瑜捥慨䅜灰慄慴䱜捯污停潲牧浡屳祐桴湯停瑹潨㍮㈱䱜扩獜瑩ⵥ慰正条獥獜慴汲瑥整浜摩汤睥牡履慢敳瀮≹‬楬敮ㄠ㤸‬湩张损污彬ൟ †簠††眠瑩⁨潣汬灡敳敟捸牧畯獰⤨ഺ †簠†䘠汩⁥䌢尺獕牥屳整档屡灁䑰瑡屡潌慣屬牐杯慲獭停瑹潨屮祐桴湯ㄳ尲楌屢潣瑮硥汴扩瀮≹‬楬敮ㄠ㠵‬湩张敟楸彴ൟ †簠††猠汥⹦敧⹮桴潲⡷慶畬⥥਍††⁼†楆敬∠㩃啜敳獲瑜捥慨䅜灰慄慴䱜捯污停潲牧浡屳祐桴湯停瑹潨㍮㈱䱜扩獜瑩ⵥ慰正条獥獜慴汲瑥整彜瑵汩⹳祰Ⱒ氠湩⁥㌹‬湩挠汯慬獰彥硥杣潲灵൳ †簠††爠楡敳攠捸਍††⁼†楆敬∠㩃啜敳獲瑜捥慨䅜灰慄慴䱜捯污停潲牧浡屳祐桴湯停瑹潨㍮㈱䱜扩獜瑩ⵥ慰正条獥獜慴汲瑥整浜摩汤睥牡履慢敳瀮≹‬楬敮ㄠㄹ‬湩张损污彬ൟ †簠††爠獥潰獮⁥‽睡楡⁴敳晬搮獩慰捴彨畦据爨煥敵瑳‬慣汬湟硥⥴਍††⁼†††††††帠幞幞幞幞幞幞幞幞幞幞幞幞幞幞幞幞幞幞幞幞幞൞ †簠†䘠汩⁥䌢尺獕牥屳整档屡湏䑥楲敶䑜獥瑫灯獜污獥愠⁩汰瑡牦浯扜捡敫摮慜灰浜摩汤睥牡履敳畣楲祴瀮≹‬楬敮㈠㈳‬湩搠獩慰捴൨ †簠††爠獥潰獮⁥‽睡楡⁴慣汬湟硥⡴敲畱獥⥴਍††⁼†††††††帠幞幞幞幞幞幞幞幞幞幞幞൞ †簠†䘠汩⁥䌢尺獕牥屳整档屡灁䑰瑡屡潌慣屬牐杯慲獭停瑹潨屮祐桴湯ㄳ尲楌屢楳整瀭捡慫敧屳瑳牡敬瑴履業摤敬慷敲扜獡⹥祰Ⱒ氠湩⁥㘱ⰵ椠⁮慣汬湟硥൴ †簠††爠楡敳愠灰敟捸਍††⁼†楆敬∠㩃啜敳獲瑜捥慨䅜灰慄慴䱜捯污停潲牧浡屳祐桴湯停瑹潨㍮㈱䱜扩獜瑩ⵥ慰正条獥獜慴汲瑥整浜摩汤睥牡履慢敳瀮≹‬楬敮ㄠㄵ‬湩挠牯൯ †簠††愠慷瑩猠汥⹦灡⡰捳灯ⱥ爠捥楥敶潟彲楤捳湯敮瑣‬敳摮湟彯牥潲⥲਍††⁼†楆敬∠㩃啜敳獲瑜捥慨䅜灰慄慴䱜捯污停潲牧浡屳祐桴湯停瑹潨㍮㈱䱜扩獜瑩ⵥ慰正条獥獜慴汲瑥整浜摩汤睥牡履慢敳瀮≹‬楬敮ㄠ㤸‬湩张损污彬ൟ †簠††眠瑩⁨潣汬灡敳敟捸牧畯獰⤨ഺ †簠†䘠汩⁥䌢尺獕牥屳整档屡灁䑰瑡屡潌慣屬牐杯慲獭停瑹潨屮祐桴湯ㄳ尲楌屢潣瑮硥汴扩瀮≹‬楬敮ㄠ㠵‬湩张敟楸彴ൟ †簠††猠汥⹦敧⹮桴潲⡷慶畬⥥਍††⁼†楆敬∠㩃啜敳獲瑜捥慨䅜灰慄慴䱜捯污停潲牧浡屳祐桴湯停瑹潨㍮㈱䱜扩獜瑩ⵥ慰正条獥獜慴汲瑥整彜瑵汩⹳祰Ⱒ氠湩⁥㌹‬湩挠汯慬獰彥硥杣潲灵൳ †簠††爠楡敳攠捸਍††⁼†楆敬∠㩃啜敳獲瑜捥慨䅜灰慄慴䱜捯污停潲牧浡屳祐桴湯停瑹潨㍮㈱䱜扩獜瑩ⵥ慰正条獥獜慴汲瑥整浜摩汤睥牡履慢敳瀮≹‬楬敮ㄠㄹ‬湩张损污彬ൟ †簠††爠獥潰獮⁥‽睡楡⁴敳晬搮獩慰捴彨畦据爨煥敵瑳‬慣汬湟硥⥴਍††⁼†††††††帠幞幞幞幞幞幞幞幞幞幞幞幞幞幞幞幞幞幞幞幞幞൞ †簠†䘠汩⁥䌢尺獕牥屳整档屡湏䑥楲敶䑜獥瑫灯獜污獥愠⁩汰瑡牦浯扜捡敫摮慜灰浜摩汤睥牡履敳畣楲祴瀮≹‬楬敮㈠㈱‬湩搠獩慰捴൨ †簠††爠楡敳䠠呔䕐捸灥楴湯ന †簠映獡慴楰攮捸灥楴湯⹳呈偔硅散瑰潩㩮㐠㤲›潔⁯慭祮爠煥敵瑳⹳䴠硡浩浵㘠‰敲畱獥獴瀠牥洠湩瑵⁥污潬敷⹤਍††⴫ⴭⴭⴭⴭⴭⴭⴭⴭⴭⴭⴭⴭⴭⴭⴭⴭⴭഭഊ䐊牵湩⁧慨摮楬杮漠⁦桴⁥扡癯⁥硥散瑰潩Ɱ愠潮桴牥攠捸灥楴湯漠捣牵敲㩤਍਍牔捡扥捡⁫洨獯⁴敲散瑮挠污⁬慬瑳㨩਍†楆敬∠㩃啜敳獲瑜捥慨䅜灰慄慴䱜捯污停潲牧浡屳祐桴湯停瑹潨㍮㈱䱜扩獜瑩ⵥ慰正条獥獜慴汲瑥整浜摩汤睥牡履牥潲獲瀮≹‬楬敮ㄠ㐶‬湩张损污彬ൟ †愠慷瑩猠汥⹦灡⡰捳灯ⱥ爠捥楥敶‬獟湥⥤਍†楆敬∠㩃啜敳獲瑜捥慨䅜灰慄慴䱜捯污停潲牧浡屳祐桴湯停瑹潨㍮㈱䱜扩獜瑩ⵥ慰正条獥獜慴汲瑥整浜摩汤睥牡履慢敳瀮≹‬楬敮ㄠ㤸‬湩张损污彬ൟ †眠瑩⁨潣汬灡敳敟捸牧畯獰⤨ഺ 䘠汩⁥䌢尺獕牥屳整档屡灁䑰瑡屡潌慣屬牐杯慲獭停瑹潨屮祐桴湯ㄳ尲楌屢潣瑮硥汴扩瀮≹‬楬敮ㄠ㠵‬湩张敟楸彴ൟ †猠汥⹦敧⹮桴潲⡷慶畬⥥਍†楆敬∠㩃啜敳獲瑜捥慨䅜灰慄慴䱜捯污停潲牧浡屳祐桴湯停瑹潨㍮㈱䱜扩獜瑩ⵥ慰正条獥獜慴汲瑥整彜瑵汩⹳祰Ⱒ氠湩⁥㌹‬湩挠汯慬獰彥硥杣潲灵൳ †爠楡敳攠捸਍†楆敬∠㩃啜敳獲瑜捥慨䅜灰慄慴䱜捯污停潲牧浡屳祐桴湯停瑹潨㍮㈱䱜扩獜瑩ⵥ慰正条獥獜慴汲瑥整浜摩汤睥牡履慢敳瀮≹‬楬敮ㄠㄹ‬湩张损污彬ൟ †爠獥潰獮⁥‽睡楡⁴敳晬搮獩慰捴彨畦据爨煥敵瑳‬慣汬湟硥⥴਍†††††††帠幞幞幞幞幞幞幞幞幞幞幞幞幞幞幞幞幞幞幞幞幞൞ 䘠汩⁥䌢尺獕牥屳整档屡湏䑥楲敶䑜獥瑫灯獜污獥愠⁩汰瑡牦浯扜捡敫摮慜灰浜摩汤睥牡履敲畱獥彴潣瑮硥⹴祰Ⱒ氠湩⁥㘵‬湩搠獩慰捴൨ †爠楡敳攠਍†楆敬∠㩃啜敳獲瑜捥慨作敮牄癩履敄歳潴屰慳敬⁳楡瀠慬晴潲屭慢正湥層灡屰業摤敬慷敲牜煥敵瑳损湯整瑸瀮≹‬楬敮㔠ⰰ椠⁮楤灳瑡档਍††敲灳湯敳㴠愠慷瑩挠污彬敮瑸爨煥敵瑳ഩ †††††††幞幞幞幞幞幞幞幞幞幞幞幞਍†楆敬∠㩃啜敳獲瑜捥慨䅜灰慄慴䱜捯污停潲牧浡屳祐桴湯停瑹潨㍮㈱䱜扩獜瑩ⵥ慰正条獥獜慴汲瑥整浜摩汤睥牡履慢敳瀮≹‬楬敮ㄠ㔶‬湩挠污彬敮瑸਍††慲獩⁥灡彰硥ൣ 䘠汩⁥䌢尺獕牥屳整档屡灁䑰瑡屡潌慣屬牐杯慲獭停瑹潨屮祐桴湯ㄳ尲楌屢楳整瀭捡慫敧屳瑳牡敬瑴履業摤敬慷敲扜獡⹥祰Ⱒ氠湩⁥㔱ⰱ椠⁮潣潲਍††睡楡⁴敳晬愮灰猨潣数‬敲散癩彥牯摟獩潣湮捥ⱴ猠湥彤潮敟牲牯ഩ 䘠汩⁥䌢尺獕牥屳整档屡灁䑰瑡屡潌慣屬牐杯慲獭停瑹潨屮祐桴湯ㄳ尲楌屢楳整瀭捡慫敧屳瑳牡敬瑴履業摤敬慷敲扜獡⹥祰Ⱒ氠湩⁥㠱ⰹ椠⁮彟慣汬彟਍††楷桴挠汯慬獰彥硥杣潲灵⡳㨩਍†楆敬∠㩃啜敳獲瑜捥慨䅜灰慄慴䱜捯污停潲牧浡屳祐桴湯停瑹潨㍮㈱䱜扩捜湯整瑸楬⹢祰Ⱒ氠湩⁥㔱ⰸ椠⁮彟硥瑩彟਍††敳晬朮湥琮牨睯瘨污敵ഩ 䘠汩⁥䌢尺獕牥屳整档屡灁䑰瑡屡潌慣屬牐杯慲獭停瑹潨屮祐桴湯ㄳ尲楌屢楳整瀭捡慫敧屳瑳牡敬瑴履畟楴獬瀮≹‬楬敮㤠ⰳ椠⁮潣汬灡敳敟捸牧畯獰਍††慲獩⁥硥ൣ 䘠汩⁥䌢尺獕牥屳整档屡灁䑰瑡屡潌慣屬牐杯慲獭停瑹潨屮祐桴湯ㄳ尲楌屢楳整瀭捡慫敧屳瑳牡敬瑴履業摤敬慷敲扜獡⹥祰Ⱒ氠湩⁥㤱ⰱ椠⁮彟慣汬彟਍††敲灳湯敳㴠愠慷瑩猠汥⹦楤灳瑡档晟湵⡣敲畱獥ⱴ挠污彬敮瑸ഩ †††††††幞幞幞幞幞幞幞幞幞幞幞幞幞幞幞幞幞幞幞幞幞幞਍†楆敬∠㩃啜敳獲瑜捥慨作敮牄癩履敄歳潴屰慳敬⁳楡瀠慬晴潲屭慢正湥層灡屰業摤敬慷敲獜捥牵瑩⹹祰Ⱒ氠湩⁥㌲ⰲ椠⁮楤灳瑡档਍††敲灳湯敳㴠愠慷瑩挠污彬敮瑸爨煥敵瑳ഩ †††††††幞幞幞幞幞幞幞幞幞幞幞幞਍†楆敬∠㩃啜敳獲瑜捥慨䅜灰慄慴䱜捯污停潲牧浡屳祐桴湯停瑹潨㍮㈱䱜扩獜瑩ⵥ慰正条獥獜慴汲瑥整浜摩汤睥牡履慢敳瀮≹‬楬敮ㄠ㔶‬湩挠污彬敮瑸਍††慲獩⁥灡彰硥ൣ 䘠汩⁥䌢尺獕牥屳整档屡灁䑰瑡屡潌慣屬牐杯慲獭停瑹潨屮祐桴湯ㄳ尲楌屢楳整瀭捡慫敧屳瑳牡敬瑴履業摤敬慷敲扜獡⹥祰Ⱒ氠湩⁥㔱ⰱ椠⁮潣潲਍††睡楡⁴敳晬愮灰猨潣数‬敲散癩彥牯摟獩潣湮捥ⱴ猠湥彤潮敟牲牯ഩ 䘠汩⁥䌢尺獕牥屳整档屡灁䑰瑡屡潌慣屬牐杯慲獭停瑹潨屮祐桴湯ㄳ尲楌屢楳整瀭捡慫敧屳瑳牡敬瑴履業摤敬慷敲扜獡⹥祰Ⱒ氠湩⁥㠱ⰹ椠⁮彟慣汬彟਍††楷桴挠汯慬獰彥硥杣潲灵⡳㨩਍†楆敬∠㩃啜敳獲瑜捥慨䅜灰慄慴䱜捯污停潲牧浡屳祐桴湯停瑹潨㍮㈱䱜扩捜湯整瑸楬⹢祰Ⱒ氠湩⁥㔱ⰸ椠⁮彟硥瑩彟਍††敳晬朮湥琮牨睯瘨污敵ഩ 䘠汩⁥䌢尺獕牥屳整档屡灁䑰瑡屡潌慣屬牐杯慲獭停瑹潨屮祐桴湯ㄳ尲楌屢楳整瀭捡慫敧屳瑳牡敬瑴履畟楴獬瀮≹‬楬敮㤠ⰳ椠⁮潣汬灡敳敟捸牧畯獰਍††慲獩⁥硥ൣ 䘠汩⁥䌢尺獕牥屳整档屡灁䑰瑡屡潌慣屬牐杯慲獭停瑹潨屮祐桴湯ㄳ尲楌屢楳整瀭捡慫敧屳瑳牡敬瑴履業摤敬慷敲扜獡⹥祰Ⱒ氠湩⁥㤱ⰱ椠⁮彟慣汬彟਍††敲灳湯敳㴠愠慷瑩猠汥⹦楤灳瑡档晟湵⡣敲畱獥ⱴ挠污彬敮瑸ഩ †††††††幞幞幞幞幞幞幞幞幞幞幞幞幞幞幞幞幞幞幞幞幞幞਍†楆敬∠㩃啜敳獲瑜捥慨作敮牄癩履敄歳潴屰慳敬⁳楡瀠慬晴潲屭慢正湥層灡屰業摤敬慷敲獜捥牵瑩⹹祰Ⱒ氠湩⁥ㄲⰲ椠⁮楤灳瑡档਍††慲獩⁥呈偔硅散瑰潩⡮਍慦瑳灡⹩硥散瑰潩獮䠮呔䕐捸灥楴湯›㈴㨹吠潯洠湡⁹敲畱獥獴‮慍楸畭⁭〶爠煥敵瑳⁳数⁲業畮整愠汬睯摥മഊ嬊〲㘲〭ⴳ㤲㈠㨰〳㔺⸷㌸㔶㔱⁝䥛㩄戴㐷㈴㡦ㄭ㈵ⴰ戴捡戭捦ⴲ〴㍣㐲搸昶㔹⁝剅㩒㐠㤲›潔⁯慭祮爠煥敵瑳⹳䴠硡浩浵㘠‰敲畱獥獴瀠牥洠湩瑵⁥污潬敷⹤਍†‫硅散瑰潩⁮片畯⁰牔捡扥捡⁫洨獯⁴敲散瑮挠污⁬慬瑳㨩਍†⁼†楆敬∠㩃啜敳獲瑜捥慨䅜灰慄慴䱜捯污停潲牧浡屳祐桴湯停瑹潨㍮㈱䱜扩獜瑩ⵥ慰正条獥獜慴汲瑥整彜瑵汩⹳祰Ⱒ氠湩⁥㜸‬湩挠汯慬獰彥硥杣潲灵൳ 簠††礠敩摬਍†⁼†楆敬∠㩃啜敳獲瑜捥慨䅜灰慄慴䱜捯污停潲牧浡屳祐桴湯停瑹潨㍮㈱䱜扩獜瑩ⵥ慰正条獥獜慴汲瑥整浜摩汤睥牡履慢敳瀮≹‬楬敮ㄠ〹‬湩张损污彬ൟ 簠††愠祳据眠瑩⁨湡楹⹯牣慥整瑟獡彫牧畯⡰ 獡琠獡彫牧畯㩰਍†⁼†楆敬∠㩃啜敳獲瑜捥慨䅜灰慄慴䱜捯污停潲牧浡屳祐桴湯停瑹潨㍮㈱䱜扩獜瑩ⵥ慰正条獥慜祮潩彜慢正湥獤彜獡湹楣⹯祰Ⱒ氠湩⁥㜶ⰸ椠⁮彟敡楸彴ൟ 簠††爠楡敳䈠獡䕥捸灥楴湯片畯⡰਍†⁼硅散瑰潩䝮潲灵›湵慨摮敬⁤牥潲獲椠⁮⁡慔歳片畯⁰ㄨ猠扵攭捸灥楴湯ഩ ⬠⬭ⴭⴭⴭⴭⴭⴭⴭⴭㄠⴠⴭⴭⴭⴭⴭⴭⴭഭ †簠吠慲散慢正⠠潭瑳爠捥湥⁴慣汬氠獡⥴ഺ †簠†䘠汩⁥䌢尺獕牥屳整档屡灁䑰瑡屡潌慣屬牐杯慲獭停瑹潨屮祐桴湯ㄳ尲楌屢楳整瀭捡慫敧屳瑳牡敬瑴履業摤敬慷敲敜牲牯⹳祰Ⱒ氠湩⁥㘱ⰴ椠⁮彟慣汬彟਍††⁼††睡楡⁴敳晬愮灰猨潣数‬敲散癩ⱥ张敳摮ഩ †簠†䘠汩⁥䌢尺獕牥屳整档屡灁䑰瑡屡潌慣屬牐杯慲獭停瑹潨屮祐桴湯ㄳ尲楌屢楳整瀭捡慫敧屳瑳牡敬瑴履業摤敬慷敲扜獡⹥祰Ⱒ氠湩⁥㠱ⰹ椠⁮彟慣汬彟਍††⁼††楷桴挠汯慬獰彥硥杣潲灵⡳㨩਍††⁼†楆敬∠㩃啜敳獲瑜捥慨䅜灰慄慴䱜捯污停潲牧浡屳祐桴湯停瑹潨㍮㈱䱜扩捜湯整瑸楬⹢祰Ⱒ氠湩⁥㔱ⰸ椠⁮彟硥瑩彟਍††⁼††敳晬朮湥琮牨睯瘨污敵ഩ †簠†䘠汩⁥䌢尺獕牥屳整档屡灁䑰瑡屡潌慣屬牐杯慲獭停瑹潨屮祐桴湯ㄳ尲楌屢楳整瀭捡慫敧屳瑳牡敬瑴履畟楴獬瀮≹‬楬敮㤠ⰳ椠⁮潣汬灡敳敟捸牧畯獰਍††⁼††慲獩⁥硥ൣ †簠†䘠汩⁥䌢尺獕牥屳整档屡灁䑰瑡屡潌慣屬牐杯慲獭停瑹潨屮祐桴湯ㄳ尲楌屢楳整瀭捡慫敧屳瑳牡敬瑴履業摤敬慷敲扜獡⹥祰Ⱒ氠湩⁥㤱ⰱ椠⁮彟慣汬彟਍††⁼††敲灳湯敳㴠愠慷瑩猠汥⹦楤灳瑡档晟湵⡣敲畱獥ⱴ挠污彬敮瑸ഩ †簠††††††††幞幞幞幞幞幞幞幞幞幞幞幞幞幞幞幞幞幞幞幞幞幞਍††⁼†楆敬∠㩃啜敳獲瑜捥慨作敮牄癩履敄歳潴屰慳敬⁳楡瀠慬晴潲屭慢正湥層灡屰業摤敬慷敲牜煥敵瑳损湯整瑸瀮≹‬楬敮㔠ⰶ椠⁮楤灳瑡档਍††⁼††慲獩⁥൥ †簠†䘠汩⁥䌢尺獕牥屳整档屡湏䑥楲敶䑜獥瑫灯獜污獥愠⁩汰瑡牦浯扜捡敫摮慜灰浜摩汤睥牡履敲畱獥彴潣瑮硥⹴祰Ⱒ氠湩⁥〵‬湩搠獩慰捴൨ †簠††爠獥潰獮⁥‽睡楡⁴慣汬湟硥⡴敲畱獥⥴਍††⁼†††††††帠幞幞幞幞幞幞幞幞幞幞幞൞ †簠†䘠汩⁥䌢尺獕牥屳整档屡灁䑰瑡屡潌慣屬牐杯慲獭停瑹潨屮祐桴湯ㄳ尲楌屢楳整瀭捡慫敧屳瑳牡敬瑴履業摤敬慷敲扜獡⹥祰Ⱒ氠湩⁥㘱ⰵ椠⁮慣汬湟硥൴ †簠††爠楡敳愠灰敟捸਍††⁼†楆敬∠㩃啜敳獲瑜捥慨䅜灰慄慴䱜捯污停潲牧浡屳祐桴湯停瑹潨㍮㈱䱜扩獜瑩ⵥ慰正条獥獜慴汲瑥整浜摩汤睥牡履慢敳瀮≹‬楬敮ㄠㄵ‬湩挠牯൯ †簠††愠慷瑩猠汥⹦灡⡰捳灯ⱥ爠捥楥敶潟彲楤捳湯敮瑣‬敳摮湟彯牥潲⥲਍††⁼†楆敬∠㩃啜敳獲瑜捥慨䅜灰慄慴䱜捯污停潲牧浡屳祐桴湯停瑹潨㍮㈱䱜扩獜瑩ⵥ慰正条獥獜慴汲瑥整浜摩汤睥牡履慢敳瀮≹‬楬敮ㄠ㤸‬湩张损污彬ൟ †簠††眠瑩⁨潣汬灡敳敟捸牧畯獰⤨ഺ †簠†䘠汩⁥䌢尺獕牥屳整档屡灁䑰瑡屡潌慣屬牐杯慲獭停瑹潨屮祐桴湯ㄳ尲楌屢潣瑮硥汴扩瀮≹‬楬敮ㄠ㠵‬湩张敟楸彴ൟ †簠††猠汥⹦敧⹮桴潲⡷慶畬⥥਍††⁼†楆敬∠㩃啜敳獲瑜捥慨䅜灰慄慴䱜捯污停潲牧浡屳祐桴湯停瑹潨㍮㈱䱜扩獜瑩ⵥ慰正条獥獜慴汲瑥整彜瑵汩⹳祰Ⱒ氠湩⁥㌹‬湩挠汯慬獰彥硥杣潲灵൳ †簠††爠楡敳攠捸਍††⁼†楆敬∠㩃啜敳獲瑜捥慨䅜灰慄慴䱜捯污停潲牧浡屳祐桴湯停瑹潨㍮㈱䱜扩獜瑩ⵥ慰正条獥獜慴汲瑥整浜摩汤睥牡履慢敳瀮≹‬楬敮ㄠㄹ‬湩张损污彬ൟ †簠††爠獥潰獮⁥‽睡楡⁴敳晬搮獩慰捴彨畦据爨煥敵瑳‬慣汬湟硥⥴਍††⁼†††††††帠幞幞幞幞幞幞幞幞幞幞幞幞幞幞幞幞幞幞幞幞幞൞ †簠†䘠汩⁥䌢尺獕牥屳整档屡湏䑥楲敶䑜獥瑫灯獜污獥愠⁩汰瑡牦浯扜捡敫摮慜灰浜摩汤睥牡履敳畣楲祴瀮≹‬楬敮㈠㈳‬湩搠獩慰捴൨ †簠††爠獥潰獮⁥‽睡楡⁴慣汬湟硥⡴敲畱獥⥴਍††⁼†††††††帠幞幞幞幞幞幞幞幞幞幞幞൞ †簠†䘠汩⁥䌢尺獕牥屳整档屡灁䑰瑡屡潌慣屬牐杯慲獭停瑹潨屮祐桴湯ㄳ尲楌屢楳整瀭捡慫敧屳瑳牡敬瑴履業摤敬慷敲扜獡⹥祰Ⱒ氠湩⁥㘱ⰵ椠⁮慣汬湟硥൴ †簠††爠楡敳愠灰敟捸਍††⁼†楆敬∠㩃啜敳獲瑜捥慨䅜灰慄慴䱜捯污停潲牧浡屳祐桴湯停瑹潨㍮㈱䱜扩獜瑩ⵥ慰正条獥獜慴汲瑥整浜摩汤睥牡履慢敳瀮≹‬楬敮ㄠㄵ‬湩挠牯൯ †簠††愠慷瑩猠汥⹦灡⡰捳灯ⱥ爠捥楥敶潟彲楤捳湯敮瑣‬敳摮湟彯牥潲⥲਍††⁼†楆敬∠㩃啜敳獲瑜捥慨䅜灰慄慴䱜捯污停潲牧浡屳祐桴湯停瑹潨㍮㈱䱜扩獜瑩ⵥ慰正条獥獜慴汲瑥整浜摩汤睥牡履慢敳瀮≹‬楬敮ㄠ㤸‬湩张损污彬ൟ †簠††眠瑩⁨潣汬灡敳敟捸牧畯獰⤨ഺ †簠†䘠汩⁥䌢尺獕牥屳整档屡灁䑰瑡屡潌慣屬牐杯慲獭停瑹潨屮祐桴湯ㄳ尲楌屢潣瑮硥汴扩瀮≹‬楬敮ㄠ㠵‬湩张敟楸彴ൟ †簠††猠汥⹦敧⹮桴潲⡷慶畬⥥਍††⁼†楆敬∠㩃啜敳獲瑜捥慨䅜灰慄慴䱜捯污停潲牧浡屳祐桴湯停瑹潨㍮㈱䱜扩獜瑩ⵥ慰正条獥獜慴汲瑥整彜瑵汩⹳祰Ⱒ氠湩⁥㌹‬湩挠汯慬獰彥硥杣潲灵൳ †簠††爠楡敳攠捸਍††⁼†楆敬∠㩃啜敳獲瑜捥慨䅜灰慄慴䱜捯污停潲牧浡屳祐桴湯停瑹潨㍮㈱䱜扩獜瑩ⵥ慰正条獥獜慴汲瑥整浜摩汤睥牡履慢敳瀮≹‬楬敮ㄠㄹ‬湩张损污彬ൟ †簠††爠獥潰獮⁥‽睡楡⁴敳晬搮獩慰捴彨畦据爨煥敵瑳‬慣汬湟硥⥴਍††⁼†††††††帠幞幞幞幞幞幞幞幞幞幞幞幞幞幞幞幞幞幞幞幞幞൞ †簠†䘠汩⁥䌢尺獕牥屳整档屡湏䑥楲敶䑜獥瑫灯獜污獥愠⁩汰瑡牦浯扜捡敫摮慜灰浜摩汤睥牡履敳畣楲祴瀮≹‬楬敮㈠㈱‬湩搠獩慰捴൨ †簠††爠楡敳䠠呔䕐捸灥楴湯ന †簠映獡慴楰攮捸灥楴湯⹳呈偔硅散瑰潩㩮㐠㤲›潔⁯慭祮爠煥敵瑳⹳䴠硡浩浵㘠‰敲畱獥獴瀠牥洠湩瑵⁥污潬敷⹤਍††⴫ⴭⴭⴭⴭⴭⴭⴭⴭⴭⴭⴭⴭⴭⴭⴭⴭⴭഭഊ䐊牵湩⁧慨摮楬杮漠⁦桴⁥扡癯⁥硥散瑰潩Ɱ愠潮桴牥攠捸灥楴湯漠捣牵敲㩤਍਍牔捡扥捡⁫洨獯⁴敲散瑮挠污⁬慬瑳㨩਍†楆敬∠㩃啜敳獲瑜捥慨䅜灰慄慴䱜捯污停潲牧浡屳祐桴湯停瑹潨㍮㈱䱜扩獜瑩ⵥ慰正条獥獜慴汲瑥整浜摩汤睥牡履牥潲獲瀮≹‬楬敮ㄠ㐶‬湩张损污彬ൟ †愠慷瑩猠汥⹦灡⡰捳灯ⱥ爠捥楥敶‬獟湥⥤਍†楆敬∠㩃啜敳獲瑜捥慨䅜灰慄慴䱜捯污停潲牧浡屳祐桴湯停瑹潨㍮㈱䱜扩獜瑩ⵥ慰正条獥獜慴汲瑥整浜摩汤睥牡履慢敳瀮≹‬楬敮ㄠ㤸‬湩张损污彬ൟ †眠瑩⁨潣汬灡敳敟捸牧畯獰⤨ഺ 䘠汩⁥䌢尺獕牥屳整档屡灁䑰瑡屡潌慣屬牐杯慲獭停瑹潨屮祐桴湯ㄳ尲楌屢潣瑮硥汴扩瀮≹‬楬敮ㄠ㠵‬湩张敟楸彴ൟ †猠汥⹦敧⹮桴潲⡷慶畬⥥਍†楆敬∠㩃啜敳獲瑜捥慨䅜灰慄慴䱜捯污停潲牧浡屳祐桴湯停瑹潨㍮㈱䱜扩獜瑩ⵥ慰正条獥獜慴汲瑥整彜瑵汩⹳祰Ⱒ氠湩⁥㌹‬湩挠汯慬獰彥硥杣潲灵൳ †爠楡敳攠捸਍†楆敬∠㩃啜敳獲瑜捥慨䅜灰慄慴䱜捯污停潲牧浡屳祐桴湯停瑹潨㍮㈱䱜扩獜瑩ⵥ慰正条獥獜慴汲瑥整浜摩汤睥牡履慢敳瀮≹‬楬敮ㄠㄹ‬湩张损污彬ൟ †爠獥潰獮⁥‽睡楡⁴敳晬搮獩慰捴彨畦据爨煥敵瑳‬慣汬湟硥⥴਍†††††††帠幞幞幞幞幞幞幞幞幞幞幞幞幞幞幞幞幞幞幞幞幞൞ 䘠汩⁥䌢尺獕牥屳整档屡湏䑥楲敶䑜獥瑫灯獜污獥愠⁩汰瑡牦浯扜捡敫摮慜灰浜摩汤睥牡履敲畱獥彴潣瑮硥⹴祰Ⱒ氠湩⁥㘵‬湩搠獩慰捴൨ †爠楡敳攠਍†楆敬∠㩃啜敳獲瑜捥慨作敮牄癩履敄歳潴屰慳敬⁳楡瀠慬晴潲屭慢正湥層灡屰業摤敬慷敲牜煥敵瑳损湯整瑸瀮≹‬楬敮㔠ⰰ椠⁮楤灳瑡档਍††敲灳湯敳㴠愠慷瑩挠污彬敮瑸爨煥敵瑳ഩ †††††††幞幞幞幞幞幞幞幞幞幞幞幞਍†楆敬∠㩃啜敳獲瑜捥慨䅜灰慄慴䱜捯污停潲牧浡屳祐桴湯停瑹潨㍮㈱䱜扩獜瑩ⵥ慰正条獥獜慴汲瑥整浜摩汤睥牡履慢敳瀮≹‬楬敮ㄠ㔶‬湩挠污彬敮瑸਍††慲獩⁥灡彰硥ൣ 䘠汩⁥䌢尺獕牥屳整档屡灁䑰瑡屡潌慣屬牐杯慲獭停瑹潨屮祐桴湯ㄳ尲楌屢楳整瀭捡慫敧屳瑳牡敬瑴履業摤敬慷敲扜獡⹥祰Ⱒ氠湩⁥㔱ⰱ椠⁮潣潲਍††睡楡⁴敳晬愮灰猨潣数‬敲散癩彥牯摟獩潣湮捥ⱴ猠湥彤潮敟牲牯ഩ 䘠汩⁥䌢尺獕牥屳整档屡灁䑰瑡屡潌慣屬牐杯慲獭停瑹潨屮祐桴湯ㄳ尲楌屢楳整瀭捡慫敧屳瑳牡敬瑴履業摤敬慷敲扜獡⹥祰Ⱒ氠湩⁥㠱ⰹ椠⁮彟慣汬彟਍††楷桴挠汯慬獰彥硥杣潲灵⡳㨩਍†楆敬∠㩃啜敳獲瑜捥慨䅜灰慄慴䱜捯污停潲牧浡屳祐桴湯停瑹潨㍮㈱䱜扩捜湯整瑸楬⹢祰Ⱒ氠湩⁥㔱ⰸ椠⁮彟硥瑩彟਍††敳晬朮湥琮牨睯瘨污敵ഩ 䘠汩⁥䌢尺獕牥屳整档屡灁䑰瑡屡潌慣屬牐杯慲獭停瑹潨屮祐桴湯ㄳ尲楌屢楳整瀭捡慫敧屳瑳牡敬瑴履畟楴獬瀮≹‬楬敮㤠ⰳ椠⁮潣汬灡敳敟捸牧畯獰਍††慲獩⁥硥ൣ 䘠汩⁥䌢尺獕牥屳整档屡灁䑰瑡屡潌慣屬牐杯慲獭停瑹潨屮祐桴湯ㄳ尲楌屢楳整瀭捡慫敧屳瑳牡敬瑴履業摤敬慷敲扜獡⹥祰Ⱒ氠湩⁥㤱ⰱ椠⁮彟慣汬彟਍††敲灳湯敳㴠愠慷瑩猠汥⹦楤灳瑡档晟湵⡣敲畱獥ⱴ挠污彬敮瑸ഩ †††††††幞幞幞幞幞幞幞幞幞幞幞幞幞幞幞幞幞幞幞幞幞幞਍†楆敬∠㩃啜敳獲瑜捥慨作敮牄癩履敄歳潴屰慳敬⁳楡瀠慬晴潲屭慢正湥層灡屰業摤敬慷敲獜捥牵瑩⹹祰Ⱒ氠湩⁥㌲ⰲ椠⁮楤灳瑡档਍††敲灳湯敳㴠愠慷瑩挠污彬敮瑸爨煥敵瑳ഩ †††††††幞幞幞幞幞幞幞幞幞幞幞幞਍†楆敬∠㩃啜敳獲瑜捥慨䅜灰慄慴䱜捯污停潲牧浡屳祐桴湯停瑹潨㍮㈱䱜扩獜瑩ⵥ慰正条獥獜慴汲瑥整浜摩汤睥牡履慢敳瀮≹‬楬敮ㄠ㔶‬湩挠污彬敮瑸਍††慲獩⁥灡彰硥ൣ 䘠汩⁥䌢尺獕牥屳整档屡灁䑰瑡屡潌慣屬牐杯慲獭停瑹潨屮祐桴湯ㄳ尲楌屢楳整瀭捡慫敧屳瑳牡敬瑴履業摤敬慷敲扜獡⹥祰Ⱒ氠湩⁥㔱ⰱ椠⁮潣潲਍††睡楡⁴敳晬愮灰猨潣数‬敲散癩彥牯摟獩潣湮捥ⱴ猠湥彤潮敟牲牯ഩ 䘠汩⁥䌢尺獕牥屳整档屡灁䑰瑡屡潌慣屬牐杯慲獭停瑹潨屮祐桴湯ㄳ尲楌屢楳整瀭捡慫敧屳瑳牡敬瑴履業摤敬慷敲扜獡⹥祰Ⱒ氠湩⁥㠱ⰹ椠⁮彟慣汬彟਍††楷桴挠汯慬獰彥硥杣潲灵⡳㨩਍†楆敬∠㩃啜敳獲瑜捥慨䅜灰慄慴䱜捯污停潲牧浡屳祐桴湯停瑹潨㍮㈱䱜扩捜湯整瑸楬⹢祰Ⱒ氠湩⁥㔱ⰸ椠⁮彟硥瑩彟਍††敳晬朮湥琮牨睯瘨污敵ഩ 䘠汩⁥䌢尺獕牥屳整档屡灁䑰瑡屡潌慣屬牐杯慲獭停瑹潨屮祐桴湯ㄳ尲楌屢楳整瀭捡慫敧屳瑳牡敬瑴履畟楴獬瀮≹‬楬敮㤠ⰳ椠⁮潣汬灡敳敟捸牧畯獰਍††慲獩⁥硥ൣ 䘠汩⁥䌢尺獕牥屳整档屡灁䑰瑡屡潌慣屬牐杯慲獭停瑹潨屮祐桴湯ㄳ尲楌屢楳整瀭捡慫敧屳瑳牡敬瑴履業摤敬慷敲扜獡⹥祰Ⱒ氠湩⁥㤱ⰱ椠⁮彟慣汬彟਍††敲灳湯敳㴠愠慷瑩猠汥⹦楤灳瑡档晟湵⡣敲畱獥ⱴ挠污彬敮瑸ഩ †††††††幞幞幞幞幞幞幞幞幞幞幞幞幞幞幞幞幞幞幞幞幞幞਍†楆敬∠㩃啜敳獲瑜捥慨作敮牄癩履敄歳潴屰慳敬⁳楡瀠慬晴潲屭慢正湥層灡屰業摤敬慷敲獜捥牵瑩⹹祰Ⱒ氠湩⁥ㄲⰲ椠⁮楤灳瑡档਍††慲獩⁥呈偔硅散瑰潩⡮਍慦瑳灡⹩硥散瑰潩獮䠮呔䕐捸灥楴湯›㈴㨹吠潯洠湡⁹敲畱獥獴‮慍楸畭⁭〶爠煥敵瑳⁳数⁲業畮整愠汬睯摥മഊ嬊〲㘲〭ⴳ㤲㈠㨰〳㔺⸷㜸ㄶ㠱⁝䥛㩄扣㥣捣〱㐭つⵤ攴慦戭戹ⴵ㉥㥤晦〵戸扣⁝剅㩒㐠㤲›潔⁯慭祮爠煥敵瑳⹳䴠硡浩浵㘠‰敲畱獥獴瀠牥洠湩瑵⁥污潬敷⹤਍†‫硅散瑰潩⁮片畯⁰牔捡扥捡⁫洨獯⁴敲散瑮挠污⁬慬瑳㨩਍†⁼†楆敬∠㩃啜敳獲瑜捥慨䅜灰慄慴䱜捯污停潲牧浡屳祐桴湯停瑹潨㍮㈱䱜扩獜瑩ⵥ慰正条獥獜慴汲瑥整彜瑵汩⹳祰Ⱒ氠湩⁥㜸‬湩挠汯慬獰彥硥杣潲灵൳ 簠††礠敩摬਍†⁼†楆敬∠㩃啜敳獲瑜捥慨䅜灰慄慴䱜捯污停潲牧浡屳祐桴湯停瑹潨㍮㈱䱜扩獜瑩ⵥ慰正条獥獜慴汲瑥整浜摩汤睥牡履慢敳瀮≹‬楬敮ㄠ〹‬湩张损污彬ൟ 簠††愠祳据眠瑩⁨湡楹⹯牣慥整瑟獡彫牧畯⡰ 獡琠獡彫牧畯㩰਍†⁼†楆敬∠㩃啜敳獲瑜捥慨䅜灰慄慴䱜捯污停潲牧浡屳祐桴湯停瑹潨㍮㈱䱜扩獜瑩ⵥ慰正条獥慜祮潩彜慢正湥獤彜獡湹楣⹯祰Ⱒ氠湩⁥㜶ⰸ椠⁮彟敡楸彴ൟ 簠††爠楡敳䈠獡䕥捸灥楴湯片畯⡰਍†⁼硅散瑰潩䝮潲灵›湵慨摮敬⁤牥潲獲椠⁮⁡慔歳片畯⁰ㄨ猠扵攭捸灥楴湯ഩ ⬠⬭ⴭⴭⴭⴭⴭⴭⴭⴭㄠⴠⴭⴭⴭⴭⴭⴭⴭഭ †簠吠慲散慢正⠠潭瑳爠捥湥⁴慣汬氠獡⥴ഺ †簠†䘠汩⁥䌢尺獕牥屳整档屡灁䑰瑡屡潌慣屬牐杯慲獭停瑹潨屮祐桴湯ㄳ尲楌屢楳整瀭捡慫敧屳瑳牡敬瑴履業摤敬慷敲敜牲牯⹳祰Ⱒ氠湩⁥㘱ⰴ椠⁮彟慣汬彟਍††⁼††睡楡⁴敳晬愮灰猨潣数‬敲散癩ⱥ张敳摮ഩ †簠†䘠汩⁥䌢尺獕牥屳整档屡灁䑰瑡屡潌慣屬牐杯慲獭停瑹潨屮祐桴湯ㄳ尲楌屢楳整瀭捡慫敧屳瑳牡敬瑴履業摤敬慷敲扜獡⹥祰Ⱒ氠湩⁥㠱ⰹ椠⁮彟慣汬彟਍††⁼††楷桴挠汯慬獰彥硥杣潲灵⡳㨩਍††⁼†楆敬∠㩃啜敳獲瑜捥慨䅜灰慄慴䱜捯污停潲牧浡屳祐桴湯停瑹潨㍮㈱䱜扩捜湯整瑸楬⹢祰Ⱒ氠湩⁥㔱ⰸ椠⁮彟硥瑩彟਍††⁼††敳晬朮湥琮牨睯瘨污敵ഩ †簠†䘠汩⁥䌢尺獕牥屳整档屡灁䑰瑡屡潌慣屬牐杯慲獭停瑹潨屮祐桴湯ㄳ尲楌屢楳整瀭捡慫敧屳瑳牡敬瑴履畟楴獬瀮≹‬楬敮㤠ⰳ椠⁮潣汬灡敳敟捸牧畯獰਍††⁼††慲獩⁥硥ൣ †簠†䘠汩⁥䌢尺獕牥屳整档屡灁䑰瑡屡潌慣屬牐杯慲獭停瑹潨屮祐桴湯ㄳ尲楌屢楳整瀭捡慫敧屳瑳牡敬瑴履業摤敬慷敲扜獡⹥祰Ⱒ氠湩⁥㤱ⰱ椠⁮彟慣汬彟਍††⁼††敲灳湯敳㴠愠慷瑩猠汥⹦楤灳瑡档晟湵⡣敲畱獥ⱴ挠污彬敮瑸ഩ †簠††††††††幞幞幞幞幞幞幞幞幞幞幞幞幞幞幞幞幞幞幞幞幞幞਍††⁼†楆敬∠㩃啜敳獲瑜捥慨作敮牄癩履敄歳潴屰慳敬⁳楡瀠慬晴潲屭慢正湥層灡屰業摤敬慷敲牜煥敵瑳损湯整瑸瀮≹‬楬敮㔠ⰶ椠⁮楤灳瑡档਍††⁼††慲獩⁥൥ †簠†䘠汩⁥䌢尺獕牥屳整档屡湏䑥楲敶䑜獥瑫灯獜污獥愠⁩汰瑡牦浯扜捡敫摮慜灰浜摩汤睥牡履敲畱獥彴潣瑮硥⹴祰Ⱒ氠湩⁥〵‬湩搠獩慰捴൨ †簠††爠獥潰獮⁥‽睡楡⁴慣汬湟硥⡴敲畱獥⥴਍††⁼†††††††帠幞幞幞幞幞幞幞幞幞幞幞൞ †簠†䘠汩⁥䌢尺獕牥屳整档屡灁䑰瑡屡潌慣屬牐杯慲獭停瑹潨屮祐桴湯ㄳ尲楌屢楳整瀭捡慫敧屳瑳牡敬瑴履業摤敬慷敲扜獡⹥祰Ⱒ氠湩⁥㘱ⰵ椠⁮慣汬湟硥൴ †簠††爠楡敳愠灰敟捸਍††⁼†楆敬∠㩃啜敳獲瑜捥慨䅜灰慄慴䱜捯污停潲牧浡屳祐桴湯停瑹潨㍮㈱䱜扩獜瑩ⵥ慰正条獥獜慴汲瑥整浜摩汤睥牡履慢敳瀮≹‬楬敮ㄠㄵ‬湩挠牯൯ †簠††愠慷瑩猠汥⹦灡⡰捳灯ⱥ爠捥楥敶潟彲楤捳湯敮瑣‬敳摮湟彯牥潲⥲਍††⁼†楆敬∠㩃啜敳獲瑜捥慨䅜灰慄慴䱜捯污停潲牧浡屳祐桴湯停瑹潨㍮㈱䱜扩獜瑩ⵥ慰正条獥獜慴汲瑥整浜摩汤睥牡履慢敳瀮≹‬楬敮ㄠ㤸‬湩张损污彬ൟ †簠††眠瑩⁨潣汬灡敳敟捸牧畯獰⤨ഺ †簠†䘠汩⁥䌢尺獕牥屳整档屡灁䑰瑡屡潌慣屬牐杯慲獭停瑹潨屮祐桴湯ㄳ尲楌屢潣瑮硥汴扩瀮≹‬楬敮ㄠ㠵‬湩张敟楸彴ൟ †簠††猠汥⹦敧⹮桴潲⡷慶畬⥥਍††⁼†楆敬∠㩃啜敳獲瑜捥慨䅜灰慄慴䱜捯污停潲牧浡屳祐桴湯停瑹潨㍮㈱䱜扩獜瑩ⵥ慰正条獥獜慴汲瑥整彜瑵汩⹳祰Ⱒ氠湩⁥㌹‬湩挠汯慬獰彥硥杣潲灵൳ †簠††爠楡敳攠捸਍††⁼†楆敬∠㩃啜敳獲瑜捥慨䅜灰慄慴䱜捯污停潲牧浡屳祐桴湯停瑹潨㍮㈱䱜扩獜瑩ⵥ慰正条獥獜慴汲瑥整浜摩汤睥牡履慢敳瀮≹‬楬敮ㄠㄹ‬湩张损污彬ൟ †簠††爠獥潰獮⁥‽睡楡⁴敳晬搮獩慰捴彨畦据爨煥敵瑳‬慣汬湟硥⥴਍††⁼†††††††帠幞幞幞幞幞幞幞幞幞幞幞幞幞幞幞幞幞幞幞幞幞൞ †簠†䘠汩⁥䌢尺獕牥屳整档屡湏䑥楲敶䑜獥瑫灯獜污獥愠⁩汰瑡牦浯扜捡敫摮慜灰浜摩汤睥牡履敳畣楲祴瀮≹‬楬敮㈠㈳‬湩搠獩慰捴൨ †簠††爠獥潰獮⁥‽睡楡⁴慣汬湟硥⡴敲畱獥⥴਍††⁼†††††††帠幞幞幞幞幞幞幞幞幞幞幞൞ †簠†䘠汩⁥䌢尺獕牥屳整档屡灁䑰瑡屡潌慣屬牐杯慲獭停瑹潨屮祐桴湯ㄳ尲楌屢楳整瀭捡慫敧屳瑳牡敬瑴履業摤敬慷敲扜獡⹥祰Ⱒ氠湩⁥㘱ⰵ椠⁮慣汬湟硥൴ †簠††爠楡敳愠灰敟捸਍††⁼†楆敬∠㩃啜敳獲瑜捥慨䅜灰慄慴䱜捯污停潲牧浡屳祐桴湯停瑹潨㍮㈱䱜扩獜瑩ⵥ慰正条獥獜慴汲瑥整浜摩汤睥牡履慢敳瀮≹‬楬敮ㄠㄵ‬湩挠牯൯ †簠††愠慷瑩猠汥⹦灡⡰捳灯ⱥ爠捥楥敶潟彲楤捳湯敮瑣‬敳摮湟彯牥潲⥲਍††⁼†楆敬∠㩃啜敳獲瑜捥慨䅜灰慄慴䱜捯污停潲牧浡屳祐桴湯停瑹潨㍮㈱䱜扩獜瑩ⵥ慰正条獥獜慴汲瑥整浜摩汤睥牡履慢敳瀮≹‬楬敮ㄠ㤸‬湩张损污彬ൟ †簠††眠瑩⁨潣汬灡敳敟捸牧畯獰⤨ഺ †簠†䘠汩⁥䌢尺獕牥屳整档屡灁䑰瑡屡潌慣屬牐杯慲獭停瑹潨屮祐桴湯ㄳ尲楌屢潣瑮硥汴扩瀮≹‬楬敮ㄠ㠵‬湩张敟楸彴ൟ †簠††猠汥⹦敧⹮桴潲⡷慶畬⥥਍††⁼†楆敬∠㩃啜敳獲瑜捥慨䅜灰慄慴䱜捯污停潲牧浡屳祐桴湯停瑹潨㍮㈱䱜扩獜瑩ⵥ慰正条獥獜慴汲瑥整彜瑵汩⹳祰Ⱒ氠湩⁥㌹‬湩挠汯慬獰彥硥杣潲灵൳ †簠††爠楡敳攠捸਍††⁼†楆敬∠㩃啜敳獲瑜捥慨䅜灰慄慴䱜捯污停潲牧浡屳祐桴湯停瑹潨㍮㈱䱜扩獜瑩ⵥ慰正条獥獜慴汲瑥整浜摩汤睥牡履慢敳瀮≹‬楬敮ㄠㄹ‬湩张损污彬ൟ †簠††爠獥潰獮⁥‽睡楡⁴敳晬搮獩慰捴彨畦据爨煥敵瑳‬慣汬湟硥⥴਍††⁼†††††††帠幞幞幞幞幞幞幞幞幞幞幞幞幞幞幞幞幞幞幞幞幞൞ †簠†䘠汩⁥䌢尺獕牥屳整档屡湏䑥楲敶䑜獥瑫灯獜污獥愠⁩汰瑡牦浯扜捡敫摮慜灰浜摩汤睥牡履敳畣楲祴瀮≹‬楬敮㈠㈱‬湩搠獩慰捴൨ †簠††爠楡敳䠠呔䕐捸灥楴湯ന †簠映獡慴楰攮捸灥楴湯⹳呈偔硅散瑰潩㩮㐠㤲›潔⁯慭祮爠煥敵瑳⹳䴠硡浩浵㘠‰敲畱獥獴瀠牥洠湩瑵⁥污潬敷⹤਍††⴫ⴭⴭⴭⴭⴭⴭⴭⴭⴭⴭⴭⴭⴭⴭⴭⴭⴭഭഊ䐊牵湩⁧慨摮楬杮漠⁦桴⁥扡癯⁥硥散瑰潩Ɱ愠潮桴牥攠捸灥楴湯漠捣牵敲㩤਍਍牔捡扥捡⁫洨獯⁴敲散瑮挠污⁬慬瑳㨩਍†楆敬∠㩃啜敳獲瑜捥慨䅜灰慄慴䱜捯污停潲牧浡屳祐桴湯停瑹潨㍮㈱䱜扩獜瑩ⵥ慰正条獥獜慴汲瑥整浜摩汤睥牡履牥潲獲瀮≹‬楬敮ㄠ㐶‬湩张损污彬ൟ †愠慷瑩猠汥⹦灡⡰捳灯ⱥ爠捥楥敶‬獟湥⥤਍†楆敬∠㩃啜敳獲瑜捥慨䅜灰慄慴䱜捯污停潲牧浡屳祐桴湯停瑹潨㍮㈱䱜扩獜瑩ⵥ慰正条獥獜慴汲瑥整浜摩汤睥牡履慢敳瀮≹‬楬敮ㄠ㤸‬湩张损污彬ൟ †眠瑩⁨潣汬灡敳敟捸牧畯獰⤨ഺ 䘠汩⁥䌢尺獕牥屳整档屡灁䑰瑡屡潌慣屬牐杯慲獭停瑹潨屮祐桴湯ㄳ尲楌屢潣瑮硥汴扩瀮≹‬楬敮ㄠ㠵‬湩张敟楸彴ൟ †猠汥⹦敧⹮桴潲⡷慶畬⥥਍†楆敬∠㩃啜敳獲瑜捥慨䅜灰慄慴䱜捯污停潲牧浡屳祐桴湯停瑹潨㍮㈱䱜扩獜瑩ⵥ慰正条獥獜慴汲瑥整彜瑵汩⹳祰Ⱒ氠湩⁥㌹‬湩挠汯慬獰彥硥杣潲灵൳ †爠楡敳攠捸਍†楆敬∠㩃啜敳獲瑜捥慨䅜灰慄慴䱜捯污停潲牧浡屳祐桴湯停瑹潨㍮㈱䱜扩獜瑩ⵥ慰正条獥獜慴汲瑥整浜摩汤睥牡履慢敳瀮≹‬楬敮ㄠㄹ‬湩张损污彬ൟ †爠獥潰獮⁥‽睡楡⁴敳晬搮獩慰捴彨畦据爨煥敵瑳‬慣汬湟硥⥴਍†††††††帠幞幞幞幞幞幞幞幞幞幞幞幞幞幞幞幞幞幞幞幞幞൞ 䘠汩⁥䌢尺獕牥屳整档屡湏䑥楲敶䑜獥瑫灯獜污獥愠⁩汰瑡牦浯扜捡敫摮慜灰浜摩汤睥牡履敲畱獥彴潣瑮硥⹴祰Ⱒ氠湩⁥㘵‬湩搠獩慰捴൨ †爠楡敳攠਍†楆敬∠㩃啜敳獲瑜捥慨作敮牄癩履敄歳潴屰慳敬⁳楡瀠慬晴潲屭慢正湥層灡屰業摤敬慷敲牜煥敵瑳损湯整瑸瀮≹‬楬敮㔠ⰰ椠⁮楤灳瑡档਍††敲灳湯敳㴠愠慷瑩挠污彬敮瑸爨煥敵瑳ഩ †††††††幞幞幞幞幞幞幞幞幞幞幞幞਍†楆敬∠㩃啜敳獲瑜捥慨䅜灰慄慴䱜捯污停潲牧浡屳祐桴湯停瑹潨㍮㈱䱜扩獜瑩ⵥ慰正条獥獜慴汲瑥整浜摩汤睥牡履慢敳瀮≹‬楬敮ㄠ㔶‬湩挠污彬敮瑸਍††慲獩⁥灡彰硥ൣ 䘠汩⁥䌢尺獕牥屳整档屡灁䑰瑡屡潌慣屬牐杯慲獭停瑹潨屮祐桴湯ㄳ尲楌屢楳整瀭捡慫敧屳瑳牡敬瑴履業摤敬慷敲扜獡⹥祰Ⱒ氠湩⁥㔱ⰱ椠⁮潣潲਍††睡楡⁴敳晬愮灰猨潣数‬敲散癩彥牯摟獩潣湮捥ⱴ猠湥彤潮敟牲牯ഩ 䘠汩⁥䌢尺獕牥屳整档屡灁䑰瑡屡潌慣屬牐杯慲獭停瑹潨屮祐桴湯ㄳ尲楌屢楳整瀭捡慫敧屳瑳牡敬瑴履業摤敬慷敲扜獡⹥祰Ⱒ氠湩⁥㠱ⰹ椠⁮彟慣汬彟਍††楷桴挠汯慬獰彥硥杣潲灵⡳㨩਍†楆敬∠㩃啜敳獲瑜捥慨䅜灰慄慴䱜捯污停潲牧浡屳祐桴湯停瑹潨㍮㈱䱜扩捜湯整瑸楬⹢祰Ⱒ氠湩⁥㔱ⰸ椠⁮彟硥瑩彟਍††敳晬朮湥琮牨睯瘨污敵ഩ 䘠汩⁥䌢尺獕牥屳整档屡灁䑰瑡屡潌慣屬牐杯慲獭停瑹潨屮祐桴湯ㄳ尲楌屢楳整瀭捡慫敧屳瑳牡敬瑴履畟楴獬瀮≹‬楬敮㤠ⰳ椠⁮潣汬灡敳敟捸牧畯獰਍††慲獩⁥硥ൣ 䘠汩⁥䌢尺獕牥屳整档屡灁䑰瑡屡潌慣屬牐杯慲獭停瑹潨屮祐桴湯ㄳ尲楌屢楳整瀭捡慫敧屳瑳牡敬瑴履業摤敬慷敲扜獡⹥祰Ⱒ氠湩⁥㤱ⰱ椠⁮彟慣汬彟਍††敲灳湯敳㴠愠慷瑩猠汥⹦楤灳瑡档晟湵⡣敲畱獥ⱴ挠污彬敮瑸ഩ †††††††幞幞幞幞幞幞幞幞幞幞幞幞幞幞幞幞幞幞幞幞幞幞਍†楆敬∠㩃啜敳獲瑜捥慨作敮牄癩履敄歳潴屰慳敬⁳楡瀠慬晴潲屭慢正湥層灡屰業摤敬慷敲獜捥牵瑩⹹祰Ⱒ氠湩⁥㌲ⰲ椠⁮楤灳瑡档਍††敲灳湯敳㴠愠慷瑩挠污彬敮瑸爨煥敵瑳ഩ †††††††幞幞幞幞幞幞幞幞幞幞幞幞਍†楆敬∠㩃啜敳獲瑜捥慨䅜灰慄慴䱜捯污停潲牧浡屳祐桴湯停瑹潨㍮㈱䱜扩獜瑩ⵥ慰正条獥獜慴汲瑥整浜摩汤睥牡履慢敳瀮≹‬楬敮ㄠ㔶‬湩挠污彬敮瑸਍††慲獩⁥灡彰硥ൣ 䘠汩⁥䌢尺獕牥屳整档屡灁䑰瑡屡潌慣屬牐杯慲獭停瑹潨屮祐桴湯ㄳ尲楌屢楳整瀭捡慫敧屳瑳牡敬瑴履業摤敬慷敲扜獡⹥祰Ⱒ氠湩⁥㔱ⰱ椠⁮潣潲਍††睡楡⁴敳晬愮灰猨潣数‬敲散癩彥牯摟獩潣湮捥ⱴ猠湥彤潮敟牲牯ഩ 䘠汩⁥䌢尺獕牥屳整档屡灁䑰瑡屡潌慣屬牐杯慲獭停瑹潨屮祐桴湯ㄳ尲楌屢楳整瀭捡慫敧屳瑳牡敬瑴履業摤敬慷敲扜獡⹥祰Ⱒ氠湩⁥㠱ⰹ椠⁮彟慣汬彟਍††楷桴挠汯慬獰彥硥杣潲灵⡳㨩਍†楆敬∠㩃啜敳獲瑜捥慨䅜灰慄慴䱜捯污停潲牧浡屳祐桴湯停瑹潨㍮㈱䱜扩捜湯整瑸楬⹢祰Ⱒ氠湩⁥㔱ⰸ椠⁮彟硥瑩彟਍††敳晬朮湥琮牨睯瘨污敵ഩ 䘠汩⁥䌢尺獕牥屳整档屡灁䑰瑡屡潌慣屬牐杯慲獭停瑹潨屮祐桴湯ㄳ尲楌屢楳整瀭捡慫敧屳瑳牡敬瑴履畟楴獬瀮≹‬楬敮㤠ⰳ椠⁮潣汬灡敳敟捸牧畯獰਍††慲獩⁥硥ൣ 䘠汩⁥䌢尺獕牥屳整档屡灁䑰瑡屡潌慣屬牐杯慲獭停瑹潨屮祐桴湯ㄳ尲楌屢楳整瀭捡慫敧屳瑳牡敬瑴履業摤敬慷敲扜獡⹥祰Ⱒ氠湩⁥㤱ⰱ椠⁮彟慣汬彟਍††敲灳湯敳㴠愠慷瑩猠汥⹦楤灳瑡档晟湵⡣敲畱獥ⱴ挠污彬敮瑸ഩ †††††††幞幞幞幞幞幞幞幞幞幞幞幞幞幞幞幞幞幞幞幞幞幞਍†楆敬∠㩃啜敳獲瑜捥慨作敮牄癩履敄歳潴屰慳敬⁳楡瀠慬晴潲屭慢正湥層灡屰業摤敬慷敲獜捥牵瑩⹹祰Ⱒ氠湩⁥ㄲⰲ椠⁮楤灳瑡档਍††慲獩⁥呈偔硅散瑰潩⡮਍慦瑳灡⹩硥散瑰潩獮䠮呔䕐捸灥楴湯›㈴㨹吠潯洠湡⁹敲畱獥獴‮慍楸畭⁭〶爠煥敵瑳⁳数⁲業畮整愠汬睯摥മഊ嬊〲㘲〭ⴳ㤲㈠㨰〳㔺⸷㐹ㄴ㘲⁝䥛㩄攰扥改愵㔭㤸ⵢ搴っ戭㠹ⴶ愸㠸㔶㐲昶㈱⁝剅㩒㐠㤲›潔⁯慭祮爠煥敵瑳⹳䴠硡浩浵㘠‰敲畱獥獴瀠牥洠湩瑵⁥污潬敷⹤਍†‫硅散瑰潩⁮片畯⁰牔捡扥捡⁫洨獯⁴敲散瑮挠污⁬慬瑳㨩਍†⁼†楆敬∠㩃啜敳獲瑜捥慨䅜灰慄慴䱜捯污停潲牧浡屳祐桴湯停瑹潨㍮㈱䱜扩獜瑩ⵥ慰正条獥獜慴汲瑥整彜瑵汩⹳祰Ⱒ氠湩⁥㜸‬湩挠汯慬獰彥硥杣潲灵൳ 簠††礠敩摬਍†⁼†楆敬∠㩃啜敳獲瑜捥慨䅜灰慄慴䱜捯污停潲牧浡屳祐桴湯停瑹潨㍮㈱䱜扩獜瑩ⵥ慰正条獥獜慴汲瑥整浜摩汤睥牡履慢敳瀮≹‬楬敮ㄠ〹‬湩张损污彬ൟ 簠††愠祳据眠瑩⁨湡楹⹯牣慥整瑟獡彫牧畯⡰ 獡琠獡彫牧畯㩰਍†⁼†楆敬∠㩃啜敳獲瑜捥慨䅜灰慄慴䱜捯污停潲牧浡屳祐桴湯停瑹潨㍮㈱䱜扩獜瑩ⵥ慰正条獥慜祮潩彜慢正湥獤彜獡湹楣⹯祰Ⱒ氠湩⁥㜶ⰸ椠⁮彟敡楸彴ൟ 簠††爠楡敳䈠獡䕥捸灥楴湯片畯⡰਍†⁼硅散瑰潩䝮潲灵›湵慨摮敬⁤牥潲獲椠⁮⁡慔歳片畯⁰ㄨ猠扵攭捸灥楴湯ഩ ⬠⬭ⴭⴭⴭⴭⴭⴭⴭⴭㄠⴠⴭⴭⴭⴭⴭⴭⴭഭ †簠吠慲散慢正⠠潭瑳爠捥湥⁴慣汬氠獡⥴ഺ †簠†䘠汩⁥䌢尺獕牥屳整档屡灁䑰瑡屡潌慣屬牐杯慲獭停瑹潨屮祐桴湯ㄳ尲楌屢楳整瀭捡慫敧屳瑳牡敬瑴履業摤敬慷敲敜牲牯⹳祰Ⱒ氠湩⁥㘱ⰴ椠⁮彟慣汬彟਍††⁼††睡楡⁴敳晬愮灰猨潣数‬敲散癩ⱥ张敳摮ഩ †簠†䘠汩⁥䌢尺獕牥屳整档屡灁䑰瑡屡潌慣屬牐杯慲獭停瑹潨屮祐桴湯ㄳ尲楌屢楳整瀭捡慫敧屳瑳牡敬瑴履業摤敬慷敲扜獡⹥祰Ⱒ氠湩⁥㠱ⰹ椠⁮彟慣汬彟਍††⁼††楷桴挠汯慬獰彥硥杣潲灵⡳㨩਍††⁼†楆敬∠㩃啜敳獲瑜捥慨䅜灰慄慴䱜捯污停潲牧浡屳祐桴湯停瑹潨㍮㈱䱜扩捜湯整瑸楬⹢祰Ⱒ氠湩⁥㔱ⰸ椠⁮彟硥瑩彟਍††⁼††敳晬朮湥琮牨睯瘨污敵ഩ †簠†䘠汩⁥䌢尺獕牥屳整档屡灁䑰瑡屡潌慣屬牐杯慲獭停瑹潨屮祐桴湯ㄳ尲楌屢楳整瀭捡慫敧屳瑳牡敬瑴履畟楴獬瀮≹‬楬敮㤠ⰳ椠⁮潣汬灡敳敟捸牧畯獰਍††⁼††慲獩⁥硥ൣ †簠†䘠汩⁥䌢尺獕牥屳整档屡灁䑰瑡屡潌慣屬牐杯慲獭停瑹潨屮祐桴湯ㄳ尲楌屢楳整瀭捡慫敧屳瑳牡敬瑴履業摤敬慷敲扜獡⹥祰Ⱒ氠湩⁥㤱ⰱ椠⁮彟慣汬彟਍††⁼††敲灳湯敳㴠愠慷瑩猠汥⹦楤灳瑡档晟湵⡣敲畱獥ⱴ挠污彬敮瑸ഩ †簠††††††††幞幞幞幞幞幞幞幞幞幞幞幞幞幞幞幞幞幞幞幞幞幞਍††⁼†楆敬∠㩃啜敳獲瑜捥慨作敮牄癩履敄歳潴屰慳敬⁳楡瀠慬晴潲屭慢正湥層灡屰業摤敬慷敲牜煥敵瑳损湯整瑸瀮≹‬楬敮㔠ⰶ椠⁮楤灳瑡档਍††⁼††慲獩⁥൥ †簠†䘠汩⁥䌢尺獕牥屳整档屡湏䑥楲敶䑜獥瑫灯獜污獥愠⁩汰瑡牦浯扜捡敫摮慜灰浜摩汤睥牡履敲畱獥彴潣瑮硥⹴祰Ⱒ氠湩⁥〵‬湩搠獩慰捴൨ †簠††爠獥潰獮⁥‽睡楡⁴慣汬湟硥⡴敲畱獥⥴਍††⁼†††††††帠幞幞幞幞幞幞幞幞幞幞幞൞ †簠†䘠汩⁥䌢尺獕牥屳整档屡灁䑰瑡屡潌慣屬牐杯慲獭停瑹潨屮祐桴湯ㄳ尲楌屢楳整瀭捡慫敧屳瑳牡敬瑴履業摤敬慷敲扜獡⹥祰Ⱒ氠湩⁥㘱ⰵ椠⁮慣汬湟硥൴ †簠††爠楡敳愠灰敟捸਍††⁼†楆敬∠㩃啜敳獲瑜捥慨䅜灰慄慴䱜捯污停潲牧浡屳祐桴湯停瑹潨㍮㈱䱜扩獜瑩ⵥ慰正条獥獜慴汲瑥整浜摩汤睥牡履慢敳瀮≹‬楬敮ㄠㄵ‬湩挠牯൯ †簠††愠慷瑩猠汥⹦灡⡰捳灯ⱥ爠捥楥敶潟彲楤捳湯敮瑣‬敳摮湟彯牥潲⥲਍††⁼†楆敬∠㩃啜敳獲瑜捥慨䅜灰慄慴䱜捯污停潲牧浡屳祐桴湯停瑹潨㍮㈱䱜扩獜瑩ⵥ慰正条獥獜慴汲瑥整浜摩汤睥牡履慢敳瀮≹‬楬敮ㄠ㤸‬湩张损污彬ൟ †簠††眠瑩⁨潣汬灡敳敟捸牧畯獰⤨ഺ †簠†䘠汩⁥䌢尺獕牥屳整档屡灁䑰瑡屡潌慣屬牐杯慲獭停瑹潨屮祐桴湯ㄳ尲楌屢潣瑮硥汴扩瀮≹‬楬敮ㄠ㠵‬湩张敟楸彴ൟ †簠††猠汥⹦敧⹮桴潲⡷慶畬⥥਍††⁼†楆敬∠㩃啜敳獲瑜捥慨䅜灰慄慴䱜捯污停潲牧浡屳祐桴湯停瑹潨㍮㈱䱜扩獜瑩ⵥ慰正条獥獜慴汲瑥整彜瑵汩⹳祰Ⱒ氠湩⁥㌹‬湩挠汯慬獰彥硥杣潲灵൳ †簠††爠楡敳攠捸਍††⁼†楆敬∠㩃啜敳獲瑜捥慨䅜灰慄慴䱜捯污停潲牧浡屳祐桴湯停瑹潨㍮㈱䱜扩獜瑩ⵥ慰正条獥獜慴汲瑥整浜摩汤睥牡履慢敳瀮≹‬楬敮ㄠㄹ‬湩张损污彬ൟ †簠††爠獥潰獮⁥‽睡楡⁴敳晬搮獩慰捴彨畦据爨煥敵瑳‬慣汬湟硥⥴਍††⁼†††††††帠幞幞幞幞幞幞幞幞幞幞幞幞幞幞幞幞幞幞幞幞幞൞ †簠†䘠汩⁥䌢尺獕牥屳整档屡湏䑥楲敶䑜獥瑫灯獜污獥愠⁩汰瑡牦浯扜捡敫摮慜灰浜摩汤睥牡履敳畣楲祴瀮≹‬楬敮㈠㈳‬湩搠獩慰捴൨ †簠††爠獥潰獮⁥‽睡楡⁴慣汬湟硥⡴敲畱獥⥴਍††⁼†††††††帠幞幞幞幞幞幞幞幞幞幞幞൞ †簠†䘠汩⁥䌢尺獕牥屳整档屡灁䑰瑡屡潌慣屬牐杯慲獭停瑹潨屮祐桴湯ㄳ尲楌屢楳整瀭捡慫敧屳瑳牡敬瑴履業摤敬慷敲扜獡⹥祰Ⱒ氠湩⁥㘱ⰵ椠⁮慣汬湟硥൴ †簠††爠楡敳愠灰敟捸਍††⁼†楆敬∠㩃啜敳獲瑜捥慨䅜灰慄慴䱜捯污停潲牧浡屳祐桴湯停瑹潨㍮㈱䱜扩獜瑩ⵥ慰正条獥獜慴汲瑥整浜摩汤睥牡履慢敳瀮≹‬楬敮ㄠㄵ‬湩挠牯൯ †簠††愠慷瑩猠汥⹦灡⡰捳灯ⱥ爠捥楥敶潟彲楤捳湯敮瑣‬敳摮湟彯牥潲⥲਍††⁼†楆敬∠㩃啜敳獲瑜捥慨䅜灰慄慴䱜捯污停潲牧浡屳祐桴湯停瑹潨㍮㈱䱜扩獜瑩ⵥ慰正条獥獜慴汲瑥整浜摩汤睥牡履慢敳瀮≹‬楬敮ㄠ㤸‬湩张损污彬ൟ †簠††眠瑩⁨潣汬灡敳敟捸牧畯獰⤨ഺ †簠†䘠汩⁥䌢尺獕牥屳整档屡灁䑰瑡屡潌慣屬牐杯慲獭停瑹潨屮祐桴湯ㄳ尲楌屢潣瑮硥汴扩瀮≹‬楬敮ㄠ㠵‬湩张敟楸彴ൟ †簠††猠汥⹦敧⹮桴潲⡷慶畬⥥਍††⁼†楆敬∠㩃啜敳獲瑜捥慨䅜灰慄慴䱜捯污停潲牧浡屳祐桴湯停瑹潨㍮㈱䱜扩獜瑩ⵥ慰正条獥獜慴汲瑥整彜瑵汩⹳祰Ⱒ氠湩⁥㌹‬湩挠汯慬獰彥硥杣潲灵൳ †簠††爠楡敳攠捸਍††⁼†楆敬∠㩃啜敳獲瑜捥慨䅜灰慄慴䱜捯污停潲牧浡屳祐桴湯停瑹潨㍮㈱䱜扩獜瑩ⵥ慰正条獥獜慴汲瑥整浜摩汤睥牡履慢敳瀮≹‬楬敮ㄠㄹ‬湩张损污彬ൟ †簠††爠獥潰獮⁥‽睡楡⁴敳晬搮獩慰捴彨畦据爨煥敵瑳‬慣汬湟硥⥴਍††⁼†††††††帠幞幞幞幞幞幞幞幞幞幞幞幞幞幞幞幞幞幞幞幞幞൞ †簠†䘠汩⁥䌢尺獕牥屳整档屡湏䑥楲敶䑜獥瑫灯獜污獥愠⁩汰瑡牦浯扜捡敫摮慜灰浜摩汤睥牡履敳畣楲祴瀮≹‬楬敮㈠㈱‬湩搠獩慰捴൨ †簠††爠楡敳䠠呔䕐捸灥楴湯ന †簠映獡慴楰攮捸灥楴湯⹳呈偔硅散瑰潩㩮㐠㤲›潔⁯慭祮爠煥敵瑳⹳䴠硡浩浵㘠‰敲畱獥獴瀠牥洠湩瑵⁥污潬敷⹤਍††⴫ⴭⴭⴭⴭⴭⴭⴭⴭⴭⴭⴭⴭⴭⴭⴭⴭⴭഭഊ䐊牵湩⁧慨摮楬杮漠⁦桴⁥扡癯⁥硥散瑰潩Ɱ愠潮桴牥攠捸灥楴湯漠捣牵敲㩤਍਍牔捡扥捡⁫洨獯⁴敲散瑮挠污⁬慬瑳㨩਍†楆敬∠㩃啜敳獲瑜捥慨䅜灰慄慴䱜捯污停潲牧浡屳祐桴湯停瑹潨㍮㈱䱜扩獜瑩ⵥ慰正条獥獜慴汲瑥整浜摩汤睥牡履牥潲獲瀮≹‬楬敮ㄠ㐶‬湩张损污彬ൟ †愠慷瑩猠汥⹦灡⡰捳灯ⱥ爠捥楥敶‬獟湥⥤਍†楆敬∠㩃啜敳獲瑜捥慨䅜灰慄慴䱜捯污停潲牧浡屳祐桴湯停瑹潨㍮㈱䱜扩獜瑩ⵥ慰正条獥獜慴汲瑥整浜摩汤睥牡履慢敳瀮≹‬楬敮ㄠ㤸‬湩张损污彬ൟ †眠瑩⁨潣汬灡敳敟捸牧畯獰⤨ഺ 䘠汩⁥䌢尺獕牥屳整档屡灁䑰瑡屡潌慣屬牐杯慲獭停瑹潨屮祐桴湯ㄳ尲楌屢潣瑮硥汴扩瀮≹‬楬敮ㄠ㠵‬湩张敟楸彴ൟ †猠汥⹦敧⹮桴潲⡷慶畬⥥਍†楆敬∠㩃啜敳獲瑜捥慨䅜灰慄慴䱜捯污停潲牧浡屳祐桴湯停瑹潨㍮㈱䱜扩獜瑩ⵥ慰正条獥獜慴汲瑥整彜瑵汩⹳祰Ⱒ氠湩⁥㌹‬湩挠汯慬獰彥硥杣潲灵൳ †爠楡敳攠捸਍†楆敬∠㩃啜敳獲瑜捥慨䅜灰慄慴䱜捯污停潲牧浡屳祐桴湯停瑹潨㍮㈱䱜扩獜瑩ⵥ慰正条獥獜慴汲瑥整浜摩汤睥牡履慢敳瀮≹‬楬敮ㄠㄹ‬湩张损污彬ൟ †爠獥潰獮⁥‽睡楡⁴敳晬搮獩慰捴彨畦据爨煥敵瑳‬慣汬湟硥⥴਍†††††††帠幞幞幞幞幞幞幞幞幞幞幞幞幞幞幞幞幞幞幞幞幞൞ 䘠汩⁥䌢尺獕牥屳整档屡湏䑥楲敶䑜獥瑫灯獜污獥愠⁩汰瑡牦浯扜捡敫摮慜灰浜摩汤睥牡履敲畱獥彴潣瑮硥⹴祰Ⱒ氠湩⁥㘵‬湩搠獩慰捴൨ †爠楡敳攠਍†楆敬∠㩃啜敳獲瑜捥慨作敮牄癩履敄歳潴屰慳敬⁳楡瀠慬晴潲屭慢正湥層灡屰業摤敬慷敲牜煥敵瑳损湯整瑸瀮≹‬楬敮㔠ⰰ椠⁮楤灳瑡档਍††敲灳湯敳㴠愠慷瑩挠污彬敮瑸爨煥敵瑳ഩ †††††††幞幞幞幞幞幞幞幞幞幞幞幞਍†楆敬∠㩃啜敳獲瑜捥慨䅜灰慄慴䱜捯污停潲牧浡屳祐桴湯停瑹潨㍮㈱䱜扩獜瑩ⵥ慰正条獥獜慴汲瑥整浜摩汤睥牡履慢敳瀮≹‬楬敮ㄠ㔶‬湩挠污彬敮瑸਍††慲獩⁥灡彰硥ൣ 䘠汩⁥䌢尺獕牥屳整档屡灁䑰瑡屡潌慣屬牐杯慲獭停瑹潨屮祐桴湯ㄳ尲楌屢楳整瀭捡慫敧屳瑳牡敬瑴履業摤敬慷敲扜獡⹥祰Ⱒ氠湩⁥㔱ⰱ椠⁮潣潲਍††睡楡⁴敳晬愮灰猨潣数‬敲散癩彥牯摟獩潣湮捥ⱴ猠湥彤潮敟牲牯ഩ 䘠汩⁥䌢尺獕牥屳整档屡灁䑰瑡屡潌慣屬牐杯慲獭停瑹潨屮祐桴湯ㄳ尲楌屢楳整瀭捡慫敧屳瑳牡敬瑴履業摤敬慷敲扜獡⹥祰Ⱒ氠湩⁥㠱ⰹ椠⁮彟慣汬彟਍††楷桴挠汯慬獰彥硥杣潲灵⡳㨩਍†楆敬∠㩃啜敳獲瑜捥慨䅜灰慄慴䱜捯污停潲牧浡屳祐桴湯停瑹潨㍮㈱䱜扩捜湯整瑸楬⹢祰Ⱒ氠湩⁥㔱ⰸ椠⁮彟硥瑩彟਍††敳晬朮湥琮牨睯瘨污敵ഩ 䘠汩⁥䌢尺獕牥屳整档屡灁䑰瑡屡潌慣屬牐杯慲獭停瑹潨屮祐桴湯ㄳ尲楌屢楳整瀭捡慫敧屳瑳牡敬瑴履畟楴獬瀮≹‬楬敮㤠ⰳ椠⁮潣汬灡敳敟捸牧畯獰਍††慲獩⁥硥ൣ 䘠汩⁥䌢尺獕牥屳整档屡灁䑰瑡屡潌慣屬牐杯慲獭停瑹潨屮祐桴湯ㄳ尲楌屢楳整瀭捡慫敧屳瑳牡敬瑴履業摤敬慷敲扜獡⹥祰Ⱒ氠湩⁥㤱ⰱ椠⁮彟慣汬彟਍††敲灳湯敳㴠愠慷瑩猠汥⹦楤灳瑡档晟湵⡣敲畱獥ⱴ挠污彬敮瑸ഩ †††††††幞幞幞幞幞幞幞幞幞幞幞幞幞幞幞幞幞幞幞幞幞幞਍†楆敬∠㩃啜敳獲瑜捥慨作敮牄癩履敄歳潴屰慳敬⁳楡瀠慬晴潲屭慢正湥層灡屰業摤敬慷敲獜捥牵瑩⹹祰Ⱒ氠湩⁥㌲ⰲ椠⁮楤灳瑡档਍††敲灳湯敳㴠愠慷瑩挠污彬敮瑸爨煥敵瑳ഩ †††††††幞幞幞幞幞幞幞幞幞幞幞幞਍†楆敬∠㩃啜敳獲瑜捥慨䅜灰慄慴䱜捯污停潲牧浡屳祐桴湯停瑹潨㍮㈱䱜扩獜瑩ⵥ慰正条獥獜慴汲瑥整浜摩汤睥牡履慢敳瀮≹‬楬敮ㄠ㔶‬湩挠污彬敮瑸਍††慲獩⁥灡彰硥ൣ 䘠汩⁥䌢尺獕牥屳整档屡灁䑰瑡屡潌慣屬牐杯慲獭停瑹潨屮祐桴湯ㄳ尲楌屢楳整瀭捡慫敧屳瑳牡敬瑴履業摤敬慷敲扜獡⹥祰Ⱒ氠湩⁥㔱ⰱ椠⁮潣潲਍††睡楡⁴敳晬愮灰猨潣数‬敲散癩彥牯摟獩潣湮捥ⱴ猠湥彤潮敟牲牯ഩ 䘠汩⁥䌢尺獕牥屳整档屡灁䑰瑡屡潌慣屬牐杯慲獭停瑹潨屮祐桴湯ㄳ尲楌屢楳整瀭捡慫敧屳瑳牡敬瑴履業摤敬慷敲扜獡⹥祰Ⱒ氠湩⁥㠱ⰹ椠⁮彟慣汬彟਍††楷桴挠汯慬獰彥硥杣潲灵⡳㨩਍†楆敬∠㩃啜敳獲瑜捥慨䅜灰慄慴䱜捯污停潲牧浡屳祐桴湯停瑹潨㍮㈱䱜扩捜湯整瑸楬⹢祰Ⱒ氠湩⁥㔱ⰸ椠⁮彟硥瑩彟਍††敳晬朮湥琮牨睯瘨污敵ഩ 䘠汩⁥䌢尺獕牥屳整档屡灁䑰瑡屡潌慣屬牐杯慲獭停瑹潨屮祐桴湯ㄳ尲楌屢楳整瀭捡慫敧屳瑳牡敬瑴履畟楴獬瀮≹‬楬敮㤠ⰳ椠⁮潣汬灡敳敟捸牧畯獰਍††慲獩⁥硥ൣ 䘠汩⁥䌢尺獕牥屳整档屡灁䑰瑡屡潌慣屬牐杯慲獭停瑹潨屮祐桴湯ㄳ尲楌屢楳整瀭捡慫敧屳瑳牡敬瑴履業摤敬慷敲扜獡⹥祰Ⱒ氠湩⁥㤱ⰱ椠⁮彟慣汬彟਍††敲灳湯敳㴠愠慷瑩猠汥⹦楤灳瑡档晟湵⡣敲畱獥ⱴ挠污彬敮瑸ഩ †††††††幞幞幞幞幞幞幞幞幞幞幞幞幞幞幞幞幞幞幞幞幞幞਍†楆敬∠㩃啜敳獲瑜捥慨作敮牄癩履敄歳潴屰慳敬⁳楡瀠慬晴潲屭慢正湥層灡屰業摤敬慷敲獜捥牵瑩⹹祰Ⱒ氠湩⁥ㄲⰲ椠⁮楤灳瑡档਍††慲獩⁥呈偔硅散瑰潩⡮਍慦瑳灡⹩硥散瑰潩獮䠮呔䕐捸灥楴湯›㈴㨹吠潯洠湡⁹敲畱獥獴‮慍楸畭⁭〶爠煥敵瑳⁳数⁲業畮整愠汬睯摥മഊ嬊〲㘲〭ⴳ㤲㈠㨰〳㔺⸷㤹㘸〵⁝䥛㩄〱㌹㠳敥㠭㌳ⵣ㜴㌷㠭㤵ⵡ㝢㐹㔳㙤㉤㤶⁝剅㩒㐠㤲›潔⁯慭祮爠煥敵瑳⹳䴠硡浩浵㘠‰敲畱獥獴瀠牥洠湩瑵⁥污潬敷⹤਍†‫硅散瑰潩⁮片畯⁰牔捡扥捡⁫洨獯⁴敲散瑮挠污⁬慬瑳㨩਍†⁼†楆敬∠㩃啜敳獲瑜捥慨䅜灰慄慴䱜捯污停潲牧浡屳祐桴湯停瑹潨㍮㈱䱜扩獜瑩ⵥ慰正条獥獜慴汲瑥整彜瑵汩⹳祰Ⱒ氠湩⁥㜸‬湩挠汯慬獰彥硥杣潲灵൳ 簠††礠敩摬਍†⁼†楆敬∠㩃啜敳獲瑜捥慨䅜灰慄慴䱜捯污停潲牧浡屳祐桴湯停瑹潨㍮㈱䱜扩獜瑩ⵥ慰正条獥獜慴汲瑥整浜摩汤睥牡履慢敳瀮≹‬楬敮ㄠ〹‬湩张损污彬ൟ 簠††愠祳据眠瑩⁨湡楹⹯牣慥整瑟獡彫牧畯⡰ 獡琠獡彫牧畯㩰਍†⁼†楆敬∠㩃啜敳獲瑜捥慨䅜灰慄慴䱜捯污停潲牧浡屳祐桴湯停瑹潨㍮㈱䱜扩獜瑩ⵥ慰正条獥慜祮潩彜慢正湥獤彜獡湹楣⹯祰Ⱒ氠湩⁥㜶ⰸ椠⁮彟敡楸彴ൟ 簠††爠楡敳䈠獡䕥捸灥楴湯片畯⡰਍†⁼硅散瑰潩䝮潲灵›湵慨摮敬⁤牥潲獲椠⁮⁡慔歳片畯⁰ㄨ猠扵攭捸灥楴湯ഩ ⬠⬭ⴭⴭⴭⴭⴭⴭⴭⴭㄠⴠⴭⴭⴭⴭⴭⴭⴭഭ †簠吠慲散慢正⠠潭瑳爠捥湥⁴慣汬氠獡⥴ഺ †簠†䘠汩⁥䌢尺獕牥屳整档屡灁䑰瑡屡潌慣屬牐杯慲獭停瑹潨屮祐桴湯ㄳ尲楌屢楳整瀭捡慫敧屳瑳牡敬瑴履業摤敬慷敲敜牲牯⹳祰Ⱒ氠湩⁥㘱ⰴ椠⁮彟慣汬彟਍††⁼††睡楡⁴敳晬愮灰猨潣数‬敲散癩ⱥ张敳摮ഩ †簠†䘠汩⁥䌢尺獕牥屳整档屡灁䑰瑡屡潌慣屬牐杯慲獭停瑹潨屮祐桴湯ㄳ尲楌屢楳整瀭捡慫敧屳瑳牡敬瑴履業摤敬慷敲扜獡⹥祰Ⱒ氠湩⁥㠱ⰹ椠⁮彟慣汬彟਍††⁼††楷桴挠汯慬獰彥硥杣潲灵⡳㨩਍††⁼†楆敬∠㩃啜敳獲瑜捥慨䅜灰慄慴䱜捯污停潲牧浡屳祐桴湯停瑹潨㍮㈱䱜扩捜湯整瑸楬⹢祰Ⱒ氠湩⁥㔱ⰸ椠⁮彟硥瑩彟਍††⁼††敳晬朮湥琮牨睯瘨污敵ഩ †簠†䘠汩⁥䌢尺獕牥屳整档屡灁䑰瑡屡潌慣屬牐杯慲獭停瑹潨屮祐桴湯ㄳ尲楌屢楳整瀭捡慫敧屳瑳牡敬瑴履畟楴獬瀮≹‬楬敮㤠ⰳ椠⁮潣汬灡敳敟捸牧畯獰਍††⁼††慲獩⁥硥ൣ †簠†䘠汩⁥䌢尺獕牥屳整档屡灁䑰瑡屡潌慣屬牐杯慲獭停瑹潨屮祐桴湯ㄳ尲楌屢楳整瀭捡慫敧屳瑳牡敬瑴履業摤敬慷敲扜獡⹥祰Ⱒ氠湩⁥㤱ⰱ椠⁮彟慣汬彟਍††⁼††敲灳湯敳㴠愠慷瑩猠汥⹦楤灳瑡档晟湵⡣敲畱獥ⱴ挠污彬敮瑸ഩ †簠††††††††幞幞幞幞幞幞幞幞幞幞幞幞幞幞幞幞幞幞幞幞幞幞਍††⁼†楆敬∠㩃啜敳獲瑜捥慨作敮牄癩履敄歳潴屰慳敬⁳楡瀠慬晴潲屭慢正湥層灡屰業摤敬慷敲牜煥敵瑳损湯整瑸瀮≹‬楬敮㔠ⰶ椠⁮楤灳瑡档਍††⁼††慲獩⁥൥ †簠†䘠汩⁥䌢尺獕牥屳整档屡湏䑥楲敶䑜獥瑫灯獜污獥愠⁩汰瑡牦浯扜捡敫摮慜灰浜摩汤睥牡履敲畱獥彴潣瑮硥⹴祰Ⱒ氠湩⁥〵‬湩搠獩慰捴൨ †簠††爠獥潰獮⁥‽睡楡⁴慣汬湟硥⡴敲畱獥⥴਍††⁼†††††††帠幞幞幞幞幞幞幞幞幞幞幞൞ †簠†䘠汩⁥䌢尺獕牥屳整档屡灁䑰瑡屡潌慣屬牐杯慲獭停瑹潨屮祐桴湯ㄳ尲楌屢楳整瀭捡慫敧屳瑳牡敬瑴履業摤敬慷敲扜獡⹥祰Ⱒ氠湩⁥㘱ⰵ椠⁮慣汬湟硥൴ †簠††爠楡敳愠灰敟捸਍††⁼†楆敬∠㩃啜敳獲瑜捥慨䅜灰慄慴䱜捯污停潲牧浡屳祐桴湯停瑹潨㍮㈱䱜扩獜瑩ⵥ慰正条獥獜慴汲瑥整浜摩汤睥牡履慢敳瀮≹‬楬敮ㄠㄵ‬湩挠牯൯ †簠††愠慷瑩猠汥⹦灡⡰捳灯ⱥ爠捥楥敶潟彲楤捳湯敮瑣‬敳摮湟彯牥潲⥲਍††⁼†楆敬∠㩃啜敳獲瑜捥慨䅜灰慄慴䱜捯污停潲牧浡屳祐桴湯停瑹潨㍮㈱䱜扩獜瑩ⵥ慰正条獥獜慴汲瑥整浜摩汤睥牡履慢敳瀮≹‬楬敮ㄠ㤸‬湩张损污彬ൟ †簠††眠瑩⁨潣汬灡敳敟捸牧畯獰⤨ഺ †簠†䘠汩⁥䌢尺獕牥屳整档屡灁䑰瑡屡潌慣屬牐杯慲獭停瑹潨屮祐桴湯ㄳ尲楌屢潣瑮硥汴扩瀮≹‬楬敮ㄠ㠵‬湩张敟楸彴ൟ †簠††猠汥⹦敧⹮桴潲⡷慶畬⥥਍††⁼†楆敬∠㩃啜敳獲瑜捥慨䅜灰慄慴䱜捯污停潲牧浡屳祐桴湯停瑹潨㍮㈱䱜扩獜瑩ⵥ慰正条獥獜慴汲瑥整彜瑵汩⹳祰Ⱒ氠湩⁥㌹‬湩挠汯慬獰彥硥杣潲灵൳ †簠††爠楡敳攠捸਍††⁼†楆敬∠㩃啜敳獲瑜捥慨䅜灰慄慴䱜捯污停潲牧浡屳祐桴湯停瑹潨㍮㈱䱜扩獜瑩ⵥ慰正条獥獜慴汲瑥整浜摩汤睥牡履慢敳瀮≹‬楬敮ㄠㄹ‬湩张损污彬ൟ †簠††爠獥潰獮⁥‽睡楡⁴敳晬搮獩慰捴彨畦据爨煥敵瑳‬慣汬湟硥⥴਍††⁼†††††††帠幞幞幞幞幞幞幞幞幞幞幞幞幞幞幞幞幞幞幞幞幞൞ †簠†䘠汩⁥䌢尺獕牥屳整档屡湏䑥楲敶䑜獥瑫灯獜污獥愠⁩汰瑡牦浯扜捡敫摮慜灰浜摩汤睥牡履敳畣楲祴瀮≹‬楬敮㈠㈳‬湩搠獩慰捴൨ †簠††爠獥潰獮⁥‽睡楡⁴慣汬湟硥⡴敲畱獥⥴਍††⁼†††††††帠幞幞幞幞幞幞幞幞幞幞幞൞ †簠†䘠汩⁥䌢尺獕牥屳整档屡灁䑰瑡屡潌慣屬牐杯慲獭停瑹潨屮祐桴湯ㄳ尲楌屢楳整瀭捡慫敧屳瑳牡敬瑴履業摤敬慷敲扜獡⹥祰Ⱒ氠湩⁥㘱ⰵ椠⁮慣汬湟硥൴ †簠††爠楡敳愠灰敟捸਍††⁼†楆敬∠㩃啜敳獲瑜捥慨䅜灰慄慴䱜捯污停潲牧浡屳祐桴湯停瑹潨㍮㈱䱜扩獜瑩ⵥ慰正条獥獜慴汲瑥整浜摩汤睥牡履慢敳瀮≹‬楬敮ㄠㄵ‬湩挠牯൯ †簠††愠慷瑩猠汥⹦灡⡰捳灯ⱥ爠捥楥敶潟彲楤捳湯敮瑣‬敳摮湟彯牥潲⥲਍††⁼†楆敬∠㩃啜敳獲瑜捥慨䅜灰慄慴䱜捯污停潲牧浡屳祐桴湯停瑹潨㍮㈱䱜扩獜瑩ⵥ慰正条獥獜慴汲瑥整浜摩汤睥牡履慢敳瀮≹‬楬敮ㄠ㤸‬湩张损污彬ൟ †簠††眠瑩⁨潣汬灡敳敟捸牧畯獰⤨ഺ †簠†䘠汩⁥䌢尺獕牥屳整档屡灁䑰瑡屡潌慣屬牐杯慲獭停瑹潨屮祐桴湯ㄳ尲楌屢潣瑮硥汴扩瀮≹‬楬敮ㄠ㠵‬湩张敟楸彴ൟ †簠††猠汥⹦敧⹮桴潲⡷慶畬⥥਍††⁼†楆敬∠㩃啜敳獲瑜捥慨䅜灰慄慴䱜捯污停潲牧浡屳祐桴湯停瑹潨㍮㈱䱜扩獜瑩ⵥ慰正条獥獜慴汲瑥整彜瑵汩⹳祰Ⱒ氠湩⁥㌹‬湩挠汯慬獰彥硥杣潲灵൳ †簠††爠楡敳攠捸਍††⁼†楆敬∠㩃啜敳獲瑜捥慨䅜灰慄慴䱜捯污停潲牧浡屳祐桴湯停瑹潨㍮㈱䱜扩獜瑩ⵥ慰正条獥獜慴汲瑥整浜摩汤睥牡履慢敳瀮≹‬楬敮ㄠㄹ‬湩张损污彬ൟ †簠††爠獥潰獮⁥‽睡楡⁴敳晬搮獩慰捴彨畦据爨煥敵瑳‬慣汬湟硥⥴਍††⁼†††††††帠幞幞幞幞幞幞幞幞幞幞幞幞幞幞幞幞幞幞幞幞幞൞ †簠†䘠汩⁥䌢尺獕牥屳整档屡湏䑥楲敶䑜獥瑫灯獜污獥愠⁩汰瑡牦浯扜捡敫摮慜灰浜摩汤睥牡履敳畣楲祴瀮≹‬楬敮㈠㈱‬湩搠獩慰捴൨ †簠††爠楡敳䠠呔䕐捸灥楴湯ന †簠映獡慴楰攮捸灥楴湯⹳呈偔硅散瑰潩㩮㐠㤲›潔⁯慭祮爠煥敵瑳⹳䴠硡浩浵㘠‰敲畱獥獴瀠牥洠湩瑵⁥污潬敷⹤਍††⴫ⴭⴭⴭⴭⴭⴭⴭⴭⴭⴭⴭⴭⴭⴭⴭⴭⴭഭഊ䐊牵湩⁧慨摮楬杮漠⁦桴⁥扡癯⁥硥散瑰潩Ɱ愠潮桴牥攠捸灥楴湯漠捣牵敲㩤਍਍牔捡扥捡⁫洨獯⁴敲散瑮挠污⁬慬瑳㨩਍†楆敬∠㩃啜敳獲瑜捥慨䅜灰慄慴䱜捯污停潲牧浡屳祐桴湯停瑹潨㍮㈱䱜扩獜瑩ⵥ慰正条獥獜慴汲瑥整浜摩汤睥牡履牥潲獲瀮≹‬楬敮ㄠ㐶‬湩张损污彬ൟ †愠慷瑩猠汥⹦灡⡰捳灯ⱥ爠捥楥敶‬獟湥⥤਍†楆敬∠㩃啜敳獲瑜捥慨䅜灰慄慴䱜捯污停潲牧浡屳祐桴湯停瑹潨㍮㈱䱜扩獜瑩ⵥ慰正条獥獜慴汲瑥整浜摩汤睥牡履慢敳瀮≹‬楬敮ㄠ㤸‬湩张损污彬ൟ †眠瑩⁨潣汬灡敳敟捸牧畯獰⤨ഺ 䘠汩⁥䌢尺獕牥屳整档屡灁䑰瑡屡潌慣屬牐杯慲獭停瑹潨屮祐桴湯ㄳ尲楌屢潣瑮硥汴扩瀮≹‬楬敮ㄠ㠵‬湩张敟楸彴ൟ †猠汥⹦敧⹮桴潲⡷慶畬⥥਍†楆敬∠㩃啜敳獲瑜捥慨䅜灰慄慴䱜捯污停潲牧浡屳祐桴湯停瑹潨㍮㈱䱜扩獜瑩ⵥ慰正条獥獜慴汲瑥整彜瑵汩⹳祰Ⱒ氠湩⁥㌹‬湩挠汯慬獰彥硥杣潲灵൳ †爠楡敳攠捸਍†楆敬∠㩃啜敳獲瑜捥慨䅜灰慄慴䱜捯污停潲牧浡屳祐桴湯停瑹潨㍮㈱䱜扩獜瑩ⵥ慰正条獥獜慴汲瑥整浜摩汤睥牡履慢敳瀮≹‬楬敮ㄠㄹ‬湩张损污彬ൟ †爠獥潰獮⁥‽睡楡⁴敳晬搮獩慰捴彨畦据爨煥敵瑳‬慣汬湟硥⥴਍†††††††帠幞幞幞幞幞幞幞幞幞幞幞幞幞幞幞幞幞幞幞幞幞൞ 䘠汩⁥䌢尺獕牥屳整档屡湏䑥楲敶䑜獥瑫灯獜污獥愠⁩汰瑡牦浯扜捡敫摮慜灰浜摩汤睥牡履敲畱獥彴潣瑮硥⹴祰Ⱒ氠湩⁥㘵‬湩搠獩慰捴൨ †爠楡敳攠਍†楆敬∠㩃啜敳獲瑜捥慨作敮牄癩履敄歳潴屰慳敬⁳楡瀠慬晴潲屭慢正湥層灡屰業摤敬慷敲牜煥敵瑳损湯整瑸瀮≹‬楬敮㔠ⰰ椠⁮楤灳瑡档਍††敲灳湯敳㴠愠慷瑩挠污彬敮瑸爨煥敵瑳ഩ †††††††幞幞幞幞幞幞幞幞幞幞幞幞਍†楆敬∠㩃啜敳獲瑜捥慨䅜灰慄慴䱜捯污停潲牧浡屳祐桴湯停瑹潨㍮㈱䱜扩獜瑩ⵥ慰正条獥獜慴汲瑥整浜摩汤睥牡履慢敳瀮≹‬楬敮ㄠ㔶‬湩挠污彬敮瑸਍††慲獩⁥灡彰硥ൣ 䘠汩⁥䌢尺獕牥屳整档屡灁䑰瑡屡潌慣屬牐杯慲獭停瑹潨屮祐桴湯ㄳ尲楌屢楳整瀭捡慫敧屳瑳牡敬瑴履業摤敬慷敲扜獡⹥祰Ⱒ氠湩⁥㔱ⰱ椠⁮潣潲਍††睡楡⁴敳晬愮灰猨潣数‬敲散癩彥牯摟獩潣湮捥ⱴ猠湥彤潮敟牲牯ഩ 䘠汩⁥䌢尺獕牥屳整档屡灁䑰瑡屡潌慣屬牐杯慲獭停瑹潨屮祐桴湯ㄳ尲楌屢楳整瀭捡慫敧屳瑳牡敬瑴履業摤敬慷敲扜獡⹥祰Ⱒ氠湩⁥㠱ⰹ椠⁮彟慣汬彟਍††楷桴挠汯慬獰彥硥杣潲灵⡳㨩਍†楆敬∠㩃啜敳獲瑜捥慨䅜灰慄慴䱜捯污停潲牧浡屳祐桴湯停瑹潨㍮㈱䱜扩捜湯整瑸楬⹢祰Ⱒ氠湩⁥㔱ⰸ椠⁮彟硥瑩彟਍††敳晬朮湥琮牨睯瘨污敵ഩ 䘠汩⁥䌢尺獕牥屳整档屡灁䑰瑡屡潌慣屬牐杯慲獭停瑹潨屮祐桴湯ㄳ尲楌屢楳整瀭捡慫敧屳瑳牡敬瑴履畟楴獬瀮≹‬楬敮㤠ⰳ椠⁮潣汬灡敳敟捸牧畯獰਍††慲獩⁥硥ൣ 䘠汩⁥䌢尺獕牥屳整档屡灁䑰瑡屡潌慣屬牐杯慲獭停瑹潨屮祐桴湯ㄳ尲楌屢楳整瀭捡慫敧屳瑳牡敬瑴履業摤敬慷敲扜獡⹥祰Ⱒ氠湩⁥㤱ⰱ椠⁮彟慣汬彟਍††敲灳湯敳㴠愠慷瑩猠汥⹦楤灳瑡档晟湵⡣敲畱獥ⱴ挠污彬敮瑸ഩ †††††††幞幞幞幞幞幞幞幞幞幞幞幞幞幞幞幞幞幞幞幞幞幞਍†楆敬∠㩃啜敳獲瑜捥慨作敮牄癩履敄歳潴屰慳敬⁳楡瀠慬晴潲屭慢正湥層灡屰業摤敬慷敲獜捥牵瑩⹹祰Ⱒ氠湩⁥㌲ⰲ椠⁮楤灳瑡档਍††敲灳湯敳㴠愠慷瑩挠污彬敮瑸爨煥敵瑳ഩ †††††††幞幞幞幞幞幞幞幞幞幞幞幞਍†楆敬∠㩃啜敳獲瑜捥慨䅜灰慄慴䱜捯污停潲牧浡屳祐桴湯停瑹潨㍮㈱䱜扩獜瑩ⵥ慰正条獥獜慴汲瑥整浜摩汤睥牡履慢敳瀮≹‬楬敮ㄠ㔶‬湩挠污彬敮瑸਍††慲獩⁥灡彰硥ൣ 䘠汩⁥䌢尺獕牥屳整档屡灁䑰瑡屡潌慣屬牐杯慲獭停瑹潨屮祐桴湯ㄳ尲楌屢楳整瀭捡慫敧屳瑳牡敬瑴履業摤敬慷敲扜獡⹥祰Ⱒ氠湩⁥㔱ⰱ椠⁮潣潲਍††睡楡⁴敳晬愮灰猨潣数‬敲散癩彥牯摟獩潣湮捥ⱴ猠湥彤潮敟牲牯ഩ 䘠汩⁥䌢尺獕牥屳整档屡灁䑰瑡屡潌慣屬牐杯慲獭停瑹潨屮祐桴湯ㄳ尲楌屢楳整瀭捡慫敧屳瑳牡敬瑴履業摤敬慷敲扜獡⹥祰Ⱒ氠湩⁥㠱ⰹ椠⁮彟慣汬彟਍††楷桴挠汯慬獰彥硥杣潲灵⡳㨩਍†楆敬∠㩃啜敳獲瑜捥慨䅜灰慄慴䱜捯污停潲牧浡屳祐桴湯停瑹潨㍮㈱䱜扩捜湯整瑸楬⹢祰Ⱒ氠湩⁥㔱ⰸ椠⁮彟硥瑩彟਍††敳晬朮湥琮牨睯瘨污敵ഩ 䘠汩⁥䌢尺獕牥屳整档屡灁䑰瑡屡潌慣屬牐杯慲獭停瑹潨屮祐桴湯ㄳ尲楌屢楳整瀭捡慫敧屳瑳牡敬瑴履畟楴獬瀮≹‬楬敮㤠ⰳ椠⁮潣汬灡敳敟捸牧畯獰਍††慲獩⁥硥ൣ 䘠汩⁥䌢尺獕牥屳整档屡灁䑰瑡屡潌慣屬牐杯慲獭停瑹潨屮祐桴湯ㄳ尲楌屢楳整瀭捡慫敧屳瑳牡敬瑴履業摤敬慷敲扜獡⹥祰Ⱒ氠湩⁥㤱ⰱ椠⁮彟慣汬彟਍††敲灳湯敳㴠愠慷瑩猠汥⹦楤灳瑡档晟湵⡣敲畱獥ⱴ挠污彬敮瑸ഩ †††††††幞幞幞幞幞幞幞幞幞幞幞幞幞幞幞幞幞幞幞幞幞幞਍†楆敬∠㩃啜敳獲瑜捥慨作敮牄癩履敄歳潴屰慳敬⁳楡瀠慬晴潲屭慢正湥層灡屰業摤敬慷敲獜捥牵瑩⹹祰Ⱒ氠湩⁥ㄲⰲ椠⁮楤灳瑡档਍††慲獩⁥呈偔硅散瑰潩⡮਍慦瑳灡⹩硥散瑰潩獮䠮呔䕐捸灥楴湯›㈴㨹吠潯洠湡⁹敲畱獥獴‮慍楸畭⁭〶爠煥敵瑳⁳数⁲業畮整愠汬睯摥മഊ嬊〲㘲〭ⴳ㤲㈠㨰〳㔺⸸㈰㘱㜴⁝䥛㩄敦ㅣ〳摦戭㉤ⵤ戴㠴㤭昳ⵦ㙡㉢㠷㉥ㄶ㐱⁝剅㩒㐠㤲›潔⁯慭祮爠煥敵瑳⹳䴠硡浩浵㘠‰敲畱獥獴瀠牥洠湩瑵⁥污潬敷⹤਍†‫硅散瑰潩⁮片畯⁰牔捡扥捡⁫洨獯⁴敲散瑮挠污⁬慬瑳㨩਍†⁼†楆敬∠㩃啜敳獲瑜捥慨䅜灰慄慴䱜捯污停潲牧浡屳祐桴湯停瑹潨㍮㈱䱜扩獜瑩ⵥ慰正条獥獜慴汲瑥整彜瑵汩⹳祰Ⱒ氠湩⁥㜸‬湩挠汯慬獰彥硥杣潲灵൳ 簠††礠敩摬਍†⁼†楆敬∠㩃啜敳獲瑜捥慨䅜灰慄慴䱜捯污停潲牧浡屳祐桴湯停瑹潨㍮㈱䱜扩獜瑩ⵥ慰正条獥獜慴汲瑥整浜摩汤睥牡履慢敳瀮≹‬楬敮ㄠ〹‬湩张损污彬ൟ 簠††愠祳据眠瑩⁨湡楹⹯牣慥整瑟獡彫牧畯⡰ 獡琠獡彫牧畯㩰਍†⁼†楆敬∠㩃啜敳獲瑜捥慨䅜灰慄慴䱜捯污停潲牧浡屳祐桴湯停瑹潨㍮㈱䱜扩獜瑩ⵥ慰正条獥慜祮潩彜慢正湥獤彜獡湹楣⹯祰Ⱒ氠湩⁥㜶ⰸ椠⁮彟敡楸彴ൟ 簠††爠楡敳䈠獡䕥捸灥楴湯片畯⡰਍†⁼硅散瑰潩䝮潲灵›湵慨摮敬⁤牥潲獲椠⁮⁡慔歳片畯⁰ㄨ猠扵攭捸灥楴湯ഩ ⬠⬭ⴭⴭⴭⴭⴭⴭⴭⴭㄠⴠⴭⴭⴭⴭⴭⴭⴭഭ †簠吠慲散慢正⠠潭瑳爠捥湥⁴慣汬氠獡⥴ഺ †簠†䘠汩⁥䌢尺獕牥屳整档屡灁䑰瑡屡潌慣屬牐杯慲獭停瑹潨屮祐桴湯ㄳ尲楌屢楳整瀭捡慫敧屳瑳牡敬瑴履業摤敬慷敲敜牲牯⹳祰Ⱒ氠湩⁥㘱ⰴ椠⁮彟慣汬彟਍††⁼††睡楡⁴敳晬愮灰猨潣数‬敲散癩ⱥ张敳摮ഩ †簠†䘠汩⁥䌢尺獕牥屳整档屡灁䑰瑡屡潌慣屬牐杯慲獭停瑹潨屮祐桴湯ㄳ尲楌屢楳整瀭捡慫敧屳瑳牡敬瑴履業摤敬慷敲扜獡⹥祰Ⱒ氠湩⁥㠱ⰹ椠⁮彟慣汬彟਍††⁼††楷桴挠汯慬獰彥硥杣潲灵⡳㨩਍††⁼†楆敬∠㩃啜敳獲瑜捥慨䅜灰慄慴䱜捯污停潲牧浡屳祐桴湯停瑹潨㍮㈱䱜扩捜湯整瑸楬⹢祰Ⱒ氠湩⁥㔱ⰸ椠⁮彟硥瑩彟਍††⁼††敳晬朮湥琮牨睯瘨污敵ഩ †簠†䘠汩⁥䌢尺獕牥屳整档屡灁䑰瑡屡潌慣屬牐杯慲獭停瑹潨屮祐桴湯ㄳ尲楌屢楳整瀭捡慫敧屳瑳牡敬瑴履畟楴獬瀮≹‬楬敮㤠ⰳ椠⁮潣汬灡敳敟捸牧畯獰਍††⁼††慲獩⁥硥ൣ †簠†䘠汩⁥䌢尺獕牥屳整档屡灁䑰瑡屡潌慣屬牐杯慲獭停瑹潨屮祐桴湯ㄳ尲楌屢楳整瀭捡慫敧屳瑳牡敬瑴履業摤敬慷敲扜獡⹥祰Ⱒ氠湩⁥㤱ⰱ椠⁮彟慣汬彟਍††⁼††敲灳湯敳㴠愠慷瑩猠汥⹦楤灳瑡档晟湵⡣敲畱獥ⱴ挠污彬敮瑸ഩ †簠††††††††幞幞幞幞幞幞幞幞幞幞幞幞幞幞幞幞幞幞幞幞幞幞਍††⁼†楆敬∠㩃啜敳獲瑜捥慨作敮牄癩履敄歳潴屰慳敬⁳楡瀠慬晴潲屭慢正湥層灡屰業摤敬慷敲牜煥敵瑳损湯整瑸瀮≹‬楬敮㔠ⰶ椠⁮楤灳瑡档਍††⁼††慲獩⁥൥ †簠†䘠汩⁥䌢尺獕牥屳整档屡湏䑥楲敶䑜獥瑫灯獜污獥愠⁩汰瑡牦浯扜捡敫摮慜灰浜摩汤睥牡履敲畱獥彴潣瑮硥⹴祰Ⱒ氠湩⁥〵‬湩搠獩慰捴൨ †簠††爠獥潰獮⁥‽睡楡⁴慣汬湟硥⡴敲畱獥⥴਍††⁼†††††††帠幞幞幞幞幞幞幞幞幞幞幞൞ †簠†䘠汩⁥䌢尺獕牥屳整档屡灁䑰瑡屡潌慣屬牐杯慲獭停瑹潨屮祐桴湯ㄳ尲楌屢楳整瀭捡慫敧屳瑳牡敬瑴履業摤敬慷敲扜獡⹥祰Ⱒ氠湩⁥㘱ⰵ椠⁮慣汬湟硥൴ †簠††爠楡敳愠灰敟捸਍††⁼†楆敬∠㩃啜敳獲瑜捥慨䅜灰慄慴䱜捯污停潲牧浡屳祐桴湯停瑹潨㍮㈱䱜扩獜瑩ⵥ慰正条獥獜慴汲瑥整浜摩汤睥牡履慢敳瀮≹‬楬敮ㄠㄵ‬湩挠牯൯ †簠††愠慷瑩猠汥⹦灡⡰捳灯ⱥ爠捥楥敶潟彲楤捳湯敮瑣‬敳摮湟彯牥潲⥲਍††⁼†楆敬∠㩃啜敳獲瑜捥慨䅜灰慄慴䱜捯污停潲牧浡屳祐桴湯停瑹潨㍮㈱䱜扩獜瑩ⵥ慰正条獥獜慴汲瑥整浜摩汤睥牡履慢敳瀮≹‬楬敮ㄠ㤸‬湩张损污彬ൟ †簠††眠瑩⁨潣汬灡敳敟捸牧畯獰⤨ഺ †簠†䘠汩⁥䌢尺獕牥屳整档屡灁䑰瑡屡潌慣屬牐杯慲獭停瑹潨屮祐桴湯ㄳ尲楌屢潣瑮硥汴扩瀮≹‬楬敮ㄠ㠵‬湩张敟楸彴ൟ †簠††猠汥⹦敧⹮桴潲⡷慶畬⥥਍††⁼†楆敬∠㩃啜敳獲瑜捥慨䅜灰慄慴䱜捯污停潲牧浡屳祐桴湯停瑹潨㍮㈱䱜扩獜瑩ⵥ慰正条獥獜慴汲瑥整彜瑵汩⹳祰Ⱒ氠湩⁥㌹‬湩挠汯慬獰彥硥杣潲灵൳ †簠††爠楡敳攠捸਍††⁼†楆敬∠㩃啜敳獲瑜捥慨䅜灰慄慴䱜捯污停潲牧浡屳祐桴湯停瑹潨㍮㈱䱜扩獜瑩ⵥ慰正条獥獜慴汲瑥整浜摩汤睥牡履慢敳瀮≹‬楬敮ㄠㄹ‬湩张损污彬ൟ †簠††爠獥潰獮⁥‽睡楡⁴敳晬搮獩慰捴彨畦据爨煥敵瑳‬慣汬湟硥⥴਍††⁼†††††††帠幞幞幞幞幞幞幞幞幞幞幞幞幞幞幞幞幞幞幞幞幞൞ †簠†䘠汩⁥䌢尺獕牥屳整档屡湏䑥楲敶䑜獥瑫灯獜污獥愠⁩汰瑡牦浯扜捡敫摮慜灰浜摩汤睥牡履敳畣楲祴瀮≹‬楬敮㈠㈳‬湩搠獩慰捴൨ †簠††爠獥潰獮⁥‽睡楡⁴慣汬湟硥⡴敲畱獥⥴਍††⁼†††††††帠幞幞幞幞幞幞幞幞幞幞幞൞ †簠†䘠汩⁥䌢尺獕牥屳整档屡灁䑰瑡屡潌慣屬牐杯慲獭停瑹潨屮祐桴湯ㄳ尲楌屢楳整瀭捡慫敧屳瑳牡敬瑴履業摤敬慷敲扜獡⹥祰Ⱒ氠湩⁥㘱ⰵ椠⁮慣汬湟硥൴ †簠††爠楡敳愠灰敟捸਍††⁼†楆敬∠㩃啜敳獲瑜捥慨䅜灰慄慴䱜捯污停潲牧浡屳祐桴湯停瑹潨㍮㈱䱜扩獜瑩ⵥ慰正条獥獜慴汲瑥整浜摩汤睥牡履慢敳瀮≹‬楬敮ㄠㄵ‬湩挠牯൯ †簠††愠慷瑩猠汥⹦灡⡰捳灯ⱥ爠捥楥敶潟彲楤捳湯敮瑣‬敳摮湟彯牥潲⥲਍††⁼†楆敬∠㩃啜敳獲瑜捥慨䅜灰慄慴䱜捯污停潲牧浡屳祐桴湯停瑹潨㍮㈱䱜扩獜瑩ⵥ慰正条獥獜慴汲瑥整浜摩汤睥牡履慢敳瀮≹‬楬敮ㄠ㤸‬湩张损污彬ൟ †簠††眠瑩⁨潣汬灡敳敟捸牧畯獰⤨ഺ †簠†䘠汩⁥䌢尺獕牥屳整档屡灁䑰瑡屡潌慣屬牐杯慲獭停瑹潨屮祐桴湯ㄳ尲楌屢潣瑮硥汴扩瀮≹‬楬敮ㄠ㠵‬湩张敟楸彴ൟ †簠††猠汥⹦敧⹮桴潲⡷慶畬⥥਍††⁼†楆敬∠㩃啜敳獲瑜捥慨䅜灰慄慴䱜捯污停潲牧浡屳祐桴湯停瑹潨㍮㈱䱜扩獜瑩ⵥ慰正条獥獜慴汲瑥整彜瑵汩⹳祰Ⱒ氠湩⁥㌹‬湩挠汯慬獰彥硥杣潲灵൳ †簠††爠楡敳攠捸਍††⁼†楆敬∠㩃啜敳獲瑜捥慨䅜灰慄慴䱜捯污停潲牧浡屳祐桴湯停瑹潨㍮㈱䱜扩獜瑩ⵥ慰正条獥獜慴汲瑥整浜摩汤睥牡履慢敳瀮≹‬楬敮ㄠㄹ‬湩张损污彬ൟ †簠††爠獥潰獮⁥‽睡楡⁴敳晬搮獩慰捴彨畦据爨煥敵瑳‬慣汬湟硥⥴਍††⁼†††††††帠幞幞幞幞幞幞幞幞幞幞幞幞幞幞幞幞幞幞幞幞幞൞ †簠†䘠汩⁥䌢尺獕牥屳整档屡湏䑥楲敶䑜獥瑫灯獜污獥愠⁩汰瑡牦浯扜捡敫摮慜灰浜摩汤睥牡履敳畣楲祴瀮≹‬楬敮㈠㈱‬湩搠獩慰捴൨ †簠††爠楡敳䠠呔䕐捸灥楴湯ന †簠映獡慴楰攮捸灥楴湯⹳呈偔硅散瑰潩㩮㐠㤲›潔⁯慭祮爠煥敵瑳⹳䴠硡浩浵㘠‰敲畱獥獴瀠牥洠湩瑵⁥污潬敷⹤਍††⴫ⴭⴭⴭⴭⴭⴭⴭⴭⴭⴭⴭⴭⴭⴭⴭⴭⴭഭഊ䐊牵湩⁧慨摮楬杮漠⁦桴⁥扡癯⁥硥散瑰潩Ɱ愠潮桴牥攠捸灥楴湯漠捣牵敲㩤਍਍牔捡扥捡⁫洨獯⁴敲散瑮挠污⁬慬瑳㨩਍†楆敬∠㩃啜敳獲瑜捥慨䅜灰慄慴䱜捯污停潲牧浡屳祐桴湯停瑹潨㍮㈱䱜扩獜瑩ⵥ慰正条獥獜慴汲瑥整浜摩汤睥牡履牥潲獲瀮≹‬楬敮ㄠ㐶‬湩张损污彬ൟ †愠慷瑩猠汥⹦灡⡰捳灯ⱥ爠捥楥敶‬獟湥⥤਍†楆敬∠㩃啜敳獲瑜捥慨䅜灰慄慴䱜捯污停潲牧浡屳祐桴湯停瑹潨㍮㈱䱜扩獜瑩ⵥ慰正条獥獜慴汲瑥整浜摩汤睥牡履慢敳瀮≹‬楬敮ㄠ㤸‬湩张损污彬ൟ †眠瑩⁨潣汬灡敳敟捸牧畯獰⤨ഺ 䘠汩⁥䌢尺獕牥屳整档屡灁䑰瑡屡潌慣屬牐杯慲獭停瑹潨屮祐桴湯ㄳ尲楌屢潣瑮硥汴扩瀮≹‬楬敮ㄠ㠵‬湩张敟楸彴ൟ †猠汥⹦敧⹮桴潲⡷慶畬⥥਍†楆敬∠㩃啜敳獲瑜捥慨䅜灰慄慴䱜捯污停潲牧浡屳祐桴湯停瑹潨㍮㈱䱜扩獜瑩ⵥ慰正条獥獜慴汲瑥整彜瑵汩⹳祰Ⱒ氠湩⁥㌹‬湩挠汯慬獰彥硥杣潲灵൳ †爠楡敳攠捸਍†楆敬∠㩃啜敳獲瑜捥慨䅜灰慄慴䱜捯污停潲牧浡屳祐桴湯停瑹潨㍮㈱䱜扩獜瑩ⵥ慰正条獥獜慴汲瑥整浜摩汤睥牡履慢敳瀮≹‬楬敮ㄠㄹ‬湩张损污彬ൟ †爠獥潰獮⁥‽睡楡⁴敳晬搮獩慰捴彨畦据爨煥敵瑳‬慣汬湟硥⥴਍†††††††帠幞幞幞幞幞幞幞幞幞幞幞幞幞幞幞幞幞幞幞幞幞൞ 䘠汩⁥䌢尺獕牥屳整档屡湏䑥楲敶䑜獥瑫灯獜污獥愠⁩汰瑡牦浯扜捡敫摮慜灰浜摩汤睥牡履敲畱獥彴潣瑮硥⹴祰Ⱒ氠湩⁥㘵‬湩搠獩慰捴൨ †爠楡敳攠਍†楆敬∠㩃啜敳獲瑜捥慨作敮牄癩履敄歳潴屰慳敬⁳楡瀠慬晴潲屭慢正湥層灡屰業摤敬慷敲牜煥敵瑳损湯整瑸瀮≹‬楬敮㔠ⰰ椠⁮楤灳瑡档਍††敲灳湯敳㴠愠慷瑩挠污彬敮瑸爨煥敵瑳ഩ †††††††幞幞幞幞幞幞幞幞幞幞幞幞਍†楆敬∠㩃啜敳獲瑜捥慨䅜灰慄慴䱜捯污停潲牧浡屳祐桴湯停瑹潨㍮㈱䱜扩獜瑩ⵥ慰正条獥獜慴汲瑥整浜摩汤睥牡履慢敳瀮≹‬楬敮ㄠ㔶‬湩挠污彬敮瑸਍††慲獩⁥灡彰硥ൣ 䘠汩⁥䌢尺獕牥屳整档屡灁䑰瑡屡潌慣屬牐杯慲獭停瑹潨屮祐桴湯ㄳ尲楌屢楳整瀭捡慫敧屳瑳牡敬瑴履業摤敬慷敲扜獡⹥祰Ⱒ氠湩⁥㔱ⰱ椠⁮潣潲਍††睡楡⁴敳晬愮灰猨潣数‬敲散癩彥牯摟獩潣湮捥ⱴ猠湥彤潮敟牲牯ഩ 䘠汩⁥䌢尺獕牥屳整档屡灁䑰瑡屡潌慣屬牐杯慲獭停瑹潨屮祐桴湯ㄳ尲楌屢楳整瀭捡慫敧屳瑳牡敬瑴履業摤敬慷敲扜獡⹥祰Ⱒ氠湩⁥㠱ⰹ椠⁮彟慣汬彟਍††楷桴挠汯慬獰彥硥杣潲灵⡳㨩਍†楆敬∠㩃啜敳獲瑜捥慨䅜灰慄慴䱜捯污停潲牧浡屳祐桴湯停瑹潨㍮㈱䱜扩捜湯整瑸楬⹢祰Ⱒ氠湩⁥㔱ⰸ椠⁮彟硥瑩彟਍††敳晬朮湥琮牨睯瘨污敵ഩ 䘠汩⁥䌢尺獕牥屳整档屡灁䑰瑡屡潌慣屬牐杯慲獭停瑹潨屮祐桴湯ㄳ尲楌屢楳整瀭捡慫敧屳瑳牡敬瑴履畟楴獬瀮≹‬楬敮㤠ⰳ椠⁮潣汬灡敳敟捸牧畯獰਍††慲獩⁥硥ൣ 䘠汩⁥䌢尺獕牥屳整档屡灁䑰瑡屡潌慣屬牐杯慲獭停瑹潨屮祐桴湯ㄳ尲楌屢楳整瀭捡慫敧屳瑳牡敬瑴履業摤敬慷敲扜獡⹥祰Ⱒ氠湩⁥㤱ⰱ椠⁮彟慣汬彟਍††敲灳湯敳㴠愠慷瑩猠汥⹦楤灳瑡档晟湵⡣敲畱獥ⱴ挠污彬敮瑸ഩ †††††††幞幞幞幞幞幞幞幞幞幞幞幞幞幞幞幞幞幞幞幞幞幞਍†楆敬∠㩃啜敳獲瑜捥慨作敮牄癩履敄歳潴屰慳敬⁳楡瀠慬晴潲屭慢正湥層灡屰業摤敬慷敲獜捥牵瑩⹹祰Ⱒ氠湩⁥㌲ⰲ椠⁮楤灳瑡档਍††敲灳湯敳㴠愠慷瑩挠污彬敮瑸爨煥敵瑳ഩ †††††††幞幞幞幞幞幞幞幞幞幞幞幞਍†楆敬∠㩃啜敳獲瑜捥慨䅜灰慄慴䱜捯污停潲牧浡屳祐桴湯停瑹潨㍮㈱䱜扩獜瑩ⵥ慰正条獥獜慴汲瑥整浜摩汤睥牡履慢敳瀮≹‬楬敮ㄠ㔶‬湩挠污彬敮瑸਍††慲獩⁥灡彰硥ൣ 䘠汩⁥䌢尺獕牥屳整档屡灁䑰瑡屡潌慣屬牐杯慲獭停瑹潨屮祐桴湯ㄳ尲楌屢楳整瀭捡慫敧屳瑳牡敬瑴履業摤敬慷敲扜獡⹥祰Ⱒ氠湩⁥㔱ⰱ椠⁮潣潲਍††睡楡⁴敳晬愮灰猨潣数‬敲散癩彥牯摟獩潣湮捥ⱴ猠湥彤潮敟牲牯ഩ 䘠汩⁥䌢尺獕牥屳整档屡灁䑰瑡屡潌慣屬牐杯慲獭停瑹潨屮祐桴湯ㄳ尲楌屢楳整瀭捡慫敧屳瑳牡敬瑴履業摤敬慷敲扜獡⹥祰Ⱒ氠湩⁥㠱ⰹ椠⁮彟慣汬彟਍††楷桴挠汯慬獰彥硥杣潲灵⡳㨩਍†楆敬∠㩃啜敳獲瑜捥慨䅜灰慄慴䱜捯污停潲牧浡屳祐桴湯停瑹潨㍮㈱䱜扩捜湯整瑸楬⹢祰Ⱒ氠湩⁥㔱ⰸ椠⁮彟硥瑩彟਍††敳晬朮湥琮牨睯瘨污敵ഩ 䘠汩⁥䌢尺獕牥屳整档屡灁䑰瑡屡潌慣屬牐杯慲獭停瑹潨屮祐桴湯ㄳ尲楌屢楳整瀭捡慫敧屳瑳牡敬瑴履畟楴獬瀮≹‬楬敮㤠ⰳ椠⁮潣汬灡敳敟捸牧畯獰਍††慲獩⁥硥ൣ 䘠汩⁥䌢尺獕牥屳整档屡灁䑰瑡屡潌慣屬牐杯慲獭停瑹潨屮祐桴湯ㄳ尲楌屢楳整瀭捡慫敧屳瑳牡敬瑴履業摤敬慷敲扜獡⹥祰Ⱒ氠湩⁥㤱ⰱ椠⁮彟慣汬彟਍††敲灳湯敳㴠愠慷瑩猠汥⹦楤灳瑡档晟湵⡣敲畱獥ⱴ挠污彬敮瑸ഩ †††††††幞幞幞幞幞幞幞幞幞幞幞幞幞幞幞幞幞幞幞幞幞幞਍†楆敬∠㩃啜敳獲瑜捥慨作敮牄癩履敄歳潴屰慳敬⁳楡瀠慬晴潲屭慢正湥層灡屰業摤敬慷敲獜捥牵瑩⹹祰Ⱒ氠湩⁥ㄲⰲ椠⁮楤灳瑡档਍††慲獩⁥呈偔硅散瑰潩⡮਍慦瑳灡⹩硥散瑰潩獮䠮呔䕐捸灥楴湯›㈴㨹吠潯洠湡⁹敲畱獥獴‮慍楸畭⁭〶爠煥敵瑳⁳数⁲業畮整愠汬睯摥മഊ嬊〲㘲〭ⴳ㤲㈠㨰〳㔺⸸㌲㜶ㄶ⁝䥛㩄扥晣昱ㄸ昭㙤ⵦ㠴ㅦ愭〰ⴹ㜹㡣㜵愵㜷㍡⁝剅㩒㐠㤲›潔⁯慭祮爠煥敵瑳⹳䴠硡浩浵㘠‰敲畱獥獴瀠牥洠湩瑵⁥污潬敷⹤਍†‫硅散瑰潩⁮片畯⁰牔捡扥捡⁫洨獯⁴敲散瑮挠污⁬慬瑳㨩਍†⁼†楆敬∠㩃啜敳獲瑜捥慨䅜灰慄慴䱜捯污停潲牧浡屳祐桴湯停瑹潨㍮㈱䱜扩獜瑩ⵥ慰正条獥獜慴汲瑥整彜瑵汩⹳祰Ⱒ氠湩⁥㜸‬湩挠汯慬獰彥硥杣潲灵൳ 簠††礠敩摬਍†⁼†楆敬∠㩃啜敳獲瑜捥慨䅜灰慄慴䱜捯污停潲牧浡屳祐桴湯停瑹潨㍮㈱䱜扩獜瑩ⵥ慰正条獥獜慴汲瑥整浜摩汤睥牡履慢敳瀮≹‬楬敮ㄠ〹‬湩张损污彬ൟ 簠††愠祳据眠瑩⁨湡楹⹯牣慥整瑟獡彫牧畯⡰ 獡琠獡彫牧畯㩰਍†⁼†楆敬∠㩃啜敳獲瑜捥慨䅜灰慄慴䱜捯污停潲牧浡屳祐桴湯停瑹潨㍮㈱䱜扩獜瑩ⵥ慰正条獥慜祮潩彜慢正湥獤彜獡湹楣⹯祰Ⱒ氠湩⁥㜶ⰸ椠⁮彟敡楸彴ൟ 簠††爠楡敳䈠獡䕥捸灥楴湯片畯⡰਍†⁼硅散瑰潩䝮潲灵›湵慨摮敬⁤牥潲獲椠⁮⁡慔歳片畯⁰ㄨ猠扵攭捸灥楴湯ഩ ⬠⬭ⴭⴭⴭⴭⴭⴭⴭⴭㄠⴠⴭⴭⴭⴭⴭⴭⴭഭ †簠吠慲散慢正⠠潭瑳爠捥湥⁴慣汬氠獡⥴ഺ †簠†䘠汩⁥䌢尺獕牥屳整档屡灁䑰瑡屡潌慣屬牐杯慲獭停瑹潨屮祐桴湯ㄳ尲楌屢楳整瀭捡慫敧屳瑳牡敬瑴履業摤敬慷敲敜牲牯⹳祰Ⱒ氠湩⁥㘱ⰴ椠⁮彟慣汬彟਍††⁼††睡楡⁴敳晬愮灰猨潣数‬敲散癩ⱥ张敳摮ഩ †簠†䘠汩⁥䌢尺獕牥屳整档屡灁䑰瑡屡潌慣屬牐杯慲獭停瑹潨屮祐桴湯ㄳ尲楌屢楳整瀭捡慫敧屳瑳牡敬瑴履業摤敬慷敲扜獡⹥祰Ⱒ氠湩⁥㠱ⰹ椠⁮彟慣汬彟਍††⁼††楷桴挠汯慬獰彥硥杣潲灵⡳㨩਍††⁼†楆敬∠㩃啜敳獲瑜捥慨䅜灰慄慴䱜捯污停潲牧浡屳祐桴湯停瑹潨㍮㈱䱜扩捜湯整瑸楬⹢祰Ⱒ氠湩⁥㔱ⰸ椠⁮彟硥瑩彟਍††⁼††敳晬朮湥琮牨睯瘨污敵ഩ †簠†䘠汩⁥䌢尺獕牥屳整档屡灁䑰瑡屡潌慣屬牐杯慲獭停瑹潨屮祐桴湯ㄳ尲楌屢楳整瀭捡慫敧屳瑳牡敬瑴履畟楴獬瀮≹‬楬敮㤠ⰳ椠⁮潣汬灡敳敟捸牧畯獰਍††⁼††慲獩⁥硥ൣ †簠†䘠汩⁥䌢尺獕牥屳整档屡灁䑰瑡屡潌慣屬牐杯慲獭停瑹潨屮祐桴湯ㄳ尲楌屢楳整瀭捡慫敧屳瑳牡敬瑴履業摤敬慷敲扜獡⹥祰Ⱒ氠湩⁥㤱ⰱ椠⁮彟慣汬彟਍††⁼††敲灳湯敳㴠愠慷瑩猠汥⹦楤灳瑡档晟湵⡣敲畱獥ⱴ挠污彬敮瑸ഩ †簠††††††††幞幞幞幞幞幞幞幞幞幞幞幞幞幞幞幞幞幞幞幞幞幞਍††⁼†楆敬∠㩃啜敳獲瑜捥慨作敮牄癩履敄歳潴屰慳敬⁳楡瀠慬晴潲屭慢正湥層灡屰業摤敬慷敲牜煥敵瑳损湯整瑸瀮≹‬楬敮㔠ⰶ椠⁮楤灳瑡档਍††⁼††慲獩⁥൥ †簠†䘠汩⁥䌢尺獕牥屳整档屡湏䑥楲敶䑜獥瑫灯獜污獥愠⁩汰瑡牦浯扜捡敫摮慜灰浜摩汤睥牡履敲畱獥彴潣瑮硥⹴祰Ⱒ氠湩⁥〵‬湩搠獩慰捴൨ †簠††爠獥潰獮⁥‽睡楡⁴慣汬湟硥⡴敲畱獥⥴਍††⁼†††††††帠幞幞幞幞幞幞幞幞幞幞幞൞ †簠†䘠汩⁥䌢尺獕牥屳整档屡灁䑰瑡屡潌慣屬牐杯慲獭停瑹潨屮祐桴湯ㄳ尲楌屢楳整瀭捡慫敧屳瑳牡敬瑴履業摤敬慷敲扜獡⹥祰Ⱒ氠湩⁥㘱ⰵ椠⁮慣汬湟硥൴ †簠††爠楡敳愠灰敟捸਍††⁼†楆敬∠㩃啜敳獲瑜捥慨䅜灰慄慴䱜捯污停潲牧浡屳祐桴湯停瑹潨㍮㈱䱜扩獜瑩ⵥ慰正条獥獜慴汲瑥整浜摩汤睥牡履慢敳瀮≹‬楬敮ㄠㄵ‬湩挠牯൯ †簠††愠慷瑩猠汥⹦灡⡰捳灯ⱥ爠捥楥敶潟彲楤捳湯敮瑣‬敳摮湟彯牥潲⥲਍††⁼†楆敬∠㩃啜敳獲瑜捥慨䅜灰慄慴䱜捯污停潲牧浡屳祐桴湯停瑹潨㍮㈱䱜扩獜瑩ⵥ慰正条獥獜慴汲瑥整浜摩汤睥牡履慢敳瀮≹‬楬敮ㄠ㤸‬湩张损污彬ൟ †簠††眠瑩⁨潣汬灡敳敟捸牧畯獰⤨ഺ †簠†䘠汩⁥䌢尺獕牥屳整档屡灁䑰瑡屡潌慣屬牐杯慲獭停瑹潨屮祐桴湯ㄳ尲楌屢潣瑮硥汴扩瀮≹‬楬敮ㄠ㠵‬湩张敟楸彴ൟ †簠††猠汥⹦敧⹮桴潲⡷慶畬⥥਍††⁼†楆敬∠㩃啜敳獲瑜捥慨䅜灰慄慴䱜捯污停潲牧浡屳祐桴湯停瑹潨㍮㈱䱜扩獜瑩ⵥ慰正条獥獜慴汲瑥整彜瑵汩⹳祰Ⱒ氠湩⁥㌹‬湩挠汯慬獰彥硥杣潲灵൳ †簠††爠楡敳攠捸਍††⁼†楆敬∠㩃啜敳獲瑜捥慨䅜灰慄慴䱜捯污停潲牧浡屳祐桴湯停瑹潨㍮㈱䱜扩獜瑩ⵥ慰正条獥獜慴汲瑥整浜摩汤睥牡履慢敳瀮≹‬楬敮ㄠㄹ‬湩张损污彬ൟ †簠††爠獥潰獮⁥‽睡楡⁴敳晬搮獩慰捴彨畦据爨煥敵瑳‬慣汬湟硥⥴਍††⁼†††††††帠幞幞幞幞幞幞幞幞幞幞幞幞幞幞幞幞幞幞幞幞幞൞ †簠†䘠汩⁥䌢尺獕牥屳整档屡湏䑥楲敶䑜獥瑫灯獜污獥愠⁩汰瑡牦浯扜捡敫摮慜灰浜摩汤睥牡履敳畣楲祴瀮≹‬楬敮㈠㈳‬湩搠獩慰捴൨ †簠††爠獥潰獮⁥‽睡楡⁴慣汬湟硥⡴敲畱獥⥴਍††⁼†††††††帠幞幞幞幞幞幞幞幞幞幞幞൞ †簠†䘠汩⁥䌢尺獕牥屳整档屡灁䑰瑡屡潌慣屬牐杯慲獭停瑹潨屮祐桴湯ㄳ尲楌屢楳整瀭捡慫敧屳瑳牡敬瑴履業摤敬慷敲扜獡⹥祰Ⱒ氠湩⁥㘱ⰵ椠⁮慣汬湟硥൴ †簠††爠楡敳愠灰敟捸਍††⁼†楆敬∠㩃啜敳獲瑜捥慨䅜灰慄慴䱜捯污停潲牧浡屳祐桴湯停瑹潨㍮㈱䱜扩獜瑩ⵥ慰正条獥獜慴汲瑥整浜摩汤睥牡履慢敳瀮≹‬楬敮ㄠㄵ‬湩挠牯൯ †簠††愠慷瑩猠汥⹦灡⡰捳灯ⱥ爠捥楥敶潟彲楤捳湯敮瑣‬敳摮湟彯牥潲⥲਍††⁼†楆敬∠㩃啜敳獲瑜捥慨䅜灰慄慴䱜捯污停潲牧浡屳祐桴湯停瑹潨㍮㈱䱜扩獜瑩ⵥ慰正条獥獜慴汲瑥整浜摩汤睥牡履慢敳瀮≹‬楬敮ㄠ㤸‬湩张损污彬ൟ †簠††眠瑩⁨潣汬灡敳敟捸牧畯獰⤨ഺ †簠†䘠汩⁥䌢尺獕牥屳整档屡灁䑰瑡屡潌慣屬牐杯慲獭停瑹潨屮祐桴湯ㄳ尲楌屢潣瑮硥汴扩瀮≹‬楬敮ㄠ㠵‬湩张敟楸彴ൟ †簠††猠汥⹦敧⹮桴潲⡷慶畬⥥਍††⁼†楆敬∠㩃啜敳獲瑜捥慨䅜灰慄慴䱜捯污停潲牧浡屳祐桴湯停瑹潨㍮㈱䱜扩獜瑩ⵥ慰正条獥獜慴汲瑥整彜瑵汩⹳祰Ⱒ氠湩⁥㌹‬湩挠汯慬獰彥硥杣潲灵൳ †簠††爠楡敳攠捸਍††⁼†楆敬∠㩃啜敳獲瑜捥慨䅜灰慄慴䱜捯污停潲牧浡屳祐桴湯停瑹潨㍮㈱䱜扩獜瑩ⵥ慰正条獥獜慴汲瑥整浜摩汤睥牡履慢敳瀮≹‬楬敮ㄠㄹ‬湩张损污彬ൟ †簠††爠獥潰獮⁥‽睡楡⁴敳晬搮獩慰捴彨畦据爨煥敵瑳‬慣汬湟硥⥴਍††⁼†††††††帠幞幞幞幞幞幞幞幞幞幞幞幞幞幞幞幞幞幞幞幞幞൞ †簠†䘠汩⁥䌢尺獕牥屳整档屡湏䑥楲敶䑜獥瑫灯獜污獥愠⁩汰瑡牦浯扜捡敫摮慜灰浜摩汤睥牡履敳畣楲祴瀮≹‬楬敮㈠㈱‬湩搠獩慰捴൨ †簠††爠楡敳䠠呔䕐捸灥楴湯ന †簠映獡慴楰攮捸灥楴湯⹳呈偔硅散瑰潩㩮㐠㤲›潔⁯慭祮爠煥敵瑳⹳䴠硡浩浵㘠‰敲畱獥獴瀠牥洠湩瑵⁥污潬敷⹤਍††⴫ⴭⴭⴭⴭⴭⴭⴭⴭⴭⴭⴭⴭⴭⴭⴭⴭⴭഭഊ䐊牵湩⁧慨摮楬杮漠⁦桴⁥扡癯⁥硥散瑰潩Ɱ愠潮桴牥攠捸灥楴湯漠捣牵敲㩤਍਍牔捡扥捡⁫洨獯⁴敲散瑮挠污⁬慬瑳㨩਍†楆敬∠㩃啜敳獲瑜捥慨䅜灰慄慴䱜捯污停潲牧浡屳祐桴湯停瑹潨㍮㈱䱜扩獜瑩ⵥ慰正条獥獜慴汲瑥整浜摩汤睥牡履牥潲獲瀮≹‬楬敮ㄠ㐶‬湩张损污彬ൟ †愠慷瑩猠汥⹦灡⡰捳灯ⱥ爠捥楥敶‬獟湥⥤਍†楆敬∠㩃啜敳獲瑜捥慨䅜灰慄慴䱜捯污停潲牧浡屳祐桴湯停瑹潨㍮㈱䱜扩獜瑩ⵥ慰正条獥獜慴汲瑥整浜摩汤睥牡履慢敳瀮≹‬楬敮ㄠ㤸‬湩张损污彬ൟ †眠瑩⁨潣汬灡敳敟捸牧畯獰⤨ഺ 䘠汩⁥䌢尺獕牥屳整档屡灁䑰瑡屡潌慣屬牐杯慲獭停瑹潨屮祐桴湯ㄳ尲楌屢潣瑮硥汴扩瀮≹‬楬敮ㄠ㠵‬湩张敟楸彴ൟ †猠汥⹦敧⹮桴潲⡷慶畬⥥਍†楆敬∠㩃啜敳獲瑜捥慨䅜灰慄慴䱜捯污停潲牧浡屳祐桴湯停瑹潨㍮㈱䱜扩獜瑩ⵥ慰正条獥獜慴汲瑥整彜瑵汩⹳祰Ⱒ氠湩⁥㌹‬湩挠汯慬獰彥硥杣潲灵൳ †爠楡敳攠捸਍†楆敬∠㩃啜敳獲瑜捥慨䅜灰慄慴䱜捯污停潲牧浡屳祐桴湯停瑹潨㍮㈱䱜扩獜瑩ⵥ慰正条獥獜慴汲瑥整浜摩汤睥牡履慢敳瀮≹‬楬敮ㄠㄹ‬湩张损污彬ൟ †爠獥潰獮⁥‽睡楡⁴敳晬搮獩慰捴彨畦据爨煥敵瑳‬慣汬湟硥⥴਍†††††††帠幞幞幞幞幞幞幞幞幞幞幞幞幞幞幞幞幞幞幞幞幞൞ 䘠汩⁥䌢尺獕牥屳整档屡湏䑥楲敶䑜獥瑫灯獜污獥愠⁩汰瑡牦浯扜捡敫摮慜灰浜摩汤睥牡履敲畱獥彴潣瑮硥⹴祰Ⱒ氠湩⁥㘵‬湩搠獩慰捴൨ †爠楡敳攠਍†楆敬∠㩃啜敳獲瑜捥慨作敮牄癩履敄歳潴屰慳敬⁳楡瀠慬晴潲屭慢正湥層灡屰業摤敬慷敲牜煥敵瑳损湯整瑸瀮≹‬楬敮㔠ⰰ椠⁮楤灳瑡档਍††敲灳湯敳㴠愠慷瑩挠污彬敮瑸爨煥敵瑳ഩ †††††††幞幞幞幞幞幞幞幞幞幞幞幞਍†楆敬∠㩃啜敳獲瑜捥慨䅜灰慄慴䱜捯污停潲牧浡屳祐桴湯停瑹潨㍮㈱䱜扩獜瑩ⵥ慰正条獥獜慴汲瑥整浜摩汤睥牡履慢敳瀮≹‬楬敮ㄠ㔶‬湩挠污彬敮瑸਍††慲獩⁥灡彰硥ൣ 䘠汩⁥䌢尺獕牥屳整档屡灁䑰瑡屡潌慣屬牐杯慲獭停瑹潨屮祐桴湯ㄳ尲楌屢楳整瀭捡慫敧屳瑳牡敬瑴履業摤敬慷敲扜獡⹥祰Ⱒ氠湩⁥㔱ⰱ椠⁮潣潲਍††睡楡⁴敳晬愮灰猨潣数‬敲散癩彥牯摟獩潣湮捥ⱴ猠湥彤潮敟牲牯ഩ 䘠汩⁥䌢尺獕牥屳整档屡灁䑰瑡屡潌慣屬牐杯慲獭停瑹潨屮祐桴湯ㄳ尲楌屢楳整瀭捡慫敧屳瑳牡敬瑴履業摤敬慷敲扜獡⹥祰Ⱒ氠湩⁥㠱ⰹ椠⁮彟慣汬彟਍††楷桴挠汯慬獰彥硥杣潲灵⡳㨩਍†楆敬∠㩃啜敳獲瑜捥慨䅜灰慄慴䱜捯污停潲牧浡屳祐桴湯停瑹潨㍮㈱䱜扩捜湯整瑸楬⹢祰Ⱒ氠湩⁥㔱ⰸ椠⁮彟硥瑩彟਍††敳晬朮湥琮牨睯瘨污敵ഩ 䘠汩⁥䌢尺獕牥屳整档屡灁䑰瑡屡潌慣屬牐杯慲獭停瑹潨屮祐桴湯ㄳ尲楌屢楳整瀭捡慫敧屳瑳牡敬瑴履畟楴獬瀮≹‬楬敮㤠ⰳ椠⁮潣汬灡敳敟捸牧畯獰਍††慲獩⁥硥ൣ 䘠汩⁥䌢尺獕牥屳整档屡灁䑰瑡屡潌慣屬牐杯慲獭停瑹潨屮祐桴湯ㄳ尲楌屢楳整瀭捡慫敧屳瑳牡敬瑴履業摤敬慷敲扜獡⹥祰Ⱒ氠湩⁥㤱ⰱ椠⁮彟慣汬彟਍††敲灳湯敳㴠愠慷瑩猠汥⹦楤灳瑡档晟湵⡣敲畱獥ⱴ挠污彬敮瑸ഩ †††††††幞幞幞幞幞幞幞幞幞幞幞幞幞幞幞幞幞幞幞幞幞幞਍†楆敬∠㩃啜敳獲瑜捥慨作敮牄癩履敄歳潴屰慳敬⁳楡瀠慬晴潲屭慢正湥層灡屰業摤敬慷敲獜捥牵瑩⹹祰Ⱒ氠湩⁥㌲ⰲ椠⁮楤灳瑡档਍††敲灳湯敳㴠愠慷瑩挠污彬敮瑸爨煥敵瑳ഩ †††††††幞幞幞幞幞幞幞幞幞幞幞幞਍†楆敬∠㩃啜敳獲瑜捥慨䅜灰慄慴䱜捯污停潲牧浡屳祐桴湯停瑹潨㍮㈱䱜扩獜瑩ⵥ慰正条獥獜慴汲瑥整浜摩汤睥牡履慢敳瀮≹‬楬敮ㄠ㔶‬湩挠污彬敮瑸਍††慲獩⁥灡彰硥ൣ 䘠汩⁥䌢尺獕牥屳整档屡灁䑰瑡屡潌慣屬牐杯慲獭停瑹潨屮祐桴湯ㄳ尲楌屢楳整瀭捡慫敧屳瑳牡敬瑴履業摤敬慷敲扜獡⹥祰Ⱒ氠湩⁥㔱ⰱ椠⁮潣潲਍††睡楡⁴敳晬愮灰猨潣数‬敲散癩彥牯摟獩潣湮捥ⱴ猠湥彤潮敟牲牯ഩ 䘠汩⁥䌢尺獕牥屳整档屡灁䑰瑡屡潌慣屬牐杯慲獭停瑹潨屮祐桴湯ㄳ尲楌屢楳整瀭捡慫敧屳瑳牡敬瑴履業摤敬慷敲扜獡⹥祰Ⱒ氠湩⁥㠱ⰹ椠⁮彟慣汬彟਍††楷桴挠汯慬獰彥硥杣潲灵⡳㨩਍†楆敬∠㩃啜敳獲瑜捥慨䅜灰慄慴䱜捯污停潲牧浡屳祐桴湯停瑹潨㍮㈱䱜扩捜湯整瑸楬⹢祰Ⱒ氠湩⁥㔱ⰸ椠⁮彟硥瑩彟਍††敳晬朮湥琮牨睯瘨污敵ഩ 䘠汩⁥䌢尺獕牥屳整档屡灁䑰瑡屡潌慣屬牐杯慲獭停瑹潨屮祐桴湯ㄳ尲楌屢楳整瀭捡慫敧屳瑳牡敬瑴履畟楴獬瀮≹‬楬敮㤠ⰳ椠⁮潣汬灡敳敟捸牧畯獰਍††慲獩⁥硥ൣ 䘠汩⁥䌢尺獕牥屳整档屡灁䑰瑡屡潌慣屬牐杯慲獭停瑹潨屮祐桴湯ㄳ尲楌屢楳整瀭捡慫敧屳瑳牡敬瑴履業摤敬慷敲扜獡⹥祰Ⱒ氠湩⁥㤱ⰱ椠⁮彟慣汬彟਍††敲灳湯敳㴠愠慷瑩猠汥⹦楤灳瑡档晟湵⡣敲畱獥ⱴ挠污彬敮瑸ഩ †††††††幞幞幞幞幞幞幞幞幞幞幞幞幞幞幞幞幞幞幞幞幞幞਍†楆敬∠㩃啜敳獲瑜捥慨作敮牄癩履敄歳潴屰慳敬⁳楡瀠慬晴潲屭慢正湥層灡屰業摤敬慷敲獜捥牵瑩⹹祰Ⱒ氠湩⁥ㄲⰲ椠⁮楤灳瑡档਍††慲獩⁥呈偔硅散瑰潩⡮਍慦瑳灡⹩硥散瑰潩獮䠮呔䕐捸灥楴湯›㈴㨹吠潯洠湡⁹敲畱獥獴‮慍楸畭⁭〶爠煥敵瑳⁳数⁲業畮整愠汬睯摥മഊ嬊〲㘲〭ⴳ㤲㈠㨰〳㔺⸸㘲㌱㜰⁝䥛㩄搵っ㠷㘳㤭ちⵤ㤴㔵愭ㄲⴷ戵㐲挳〰㉤搷⁝剅㩒㐠㤲›潔⁯慭祮爠煥敵瑳⹳䴠硡浩浵㘠‰敲畱獥獴瀠牥洠湩瑵⁥污潬敷⹤਍†‫硅散瑰潩⁮片畯⁰牔捡扥捡⁫洨獯⁴敲散瑮挠污⁬慬瑳㨩਍†⁼†楆敬∠㩃啜敳獲瑜捥慨䅜灰慄慴䱜捯污停潲牧浡屳祐桴湯停瑹潨㍮㈱䱜扩獜瑩ⵥ慰正条獥獜慴汲瑥整彜瑵汩⹳祰Ⱒ氠湩⁥㜸‬湩挠汯慬獰彥硥杣潲灵൳ 簠††礠敩摬਍†⁼†楆敬∠㩃啜敳獲瑜捥慨䅜灰慄慴䱜捯污停潲牧浡屳祐桴湯停瑹潨㍮㈱䱜扩獜瑩ⵥ慰正条獥獜慴汲瑥整浜摩汤睥牡履慢敳瀮≹‬楬敮ㄠ〹‬湩张损污彬ൟ 簠††愠祳据眠瑩⁨湡楹⹯牣慥整瑟獡彫牧畯⡰ 獡琠獡彫牧畯㩰਍†⁼†楆敬∠㩃啜敳獲瑜捥慨䅜灰慄慴䱜捯污停潲牧浡屳祐桴湯停瑹潨㍮㈱䱜扩獜瑩ⵥ慰正条獥慜祮潩彜慢正湥獤彜獡湹楣⹯祰Ⱒ氠湩⁥㜶ⰸ椠⁮彟敡楸彴ൟ 簠††爠楡敳䈠獡䕥捸灥楴湯片畯⡰਍†⁼硅散瑰潩䝮潲灵›湵慨摮敬⁤牥潲獲椠⁮⁡慔歳片畯⁰ㄨ猠扵攭捸灥楴湯ഩ ⬠⬭ⴭⴭⴭⴭⴭⴭⴭⴭㄠⴠⴭⴭⴭⴭⴭⴭⴭഭ †簠吠慲散慢正⠠潭瑳爠捥湥⁴慣汬氠獡⥴ഺ †簠†䘠汩⁥䌢尺獕牥屳整档屡灁䑰瑡屡潌慣屬牐杯慲獭停瑹潨屮祐桴湯ㄳ尲楌屢楳整瀭捡慫敧屳瑳牡敬瑴履業摤敬慷敲敜牲牯⹳祰Ⱒ氠湩⁥㘱ⰴ椠⁮彟慣汬彟਍††⁼††睡楡⁴敳晬愮灰猨潣数‬敲散癩ⱥ张敳摮ഩ †簠†䘠汩⁥䌢尺獕牥屳整档屡灁䑰瑡屡潌慣屬牐杯慲獭停瑹潨屮祐桴湯ㄳ尲楌屢楳整瀭捡慫敧屳瑳牡敬瑴履業摤敬慷敲扜獡⹥祰Ⱒ氠湩⁥㠱ⰹ椠⁮彟慣汬彟਍††⁼††楷桴挠汯慬獰彥硥杣潲灵⡳㨩਍††⁼†楆敬∠㩃啜敳獲瑜捥慨䅜灰慄慴䱜捯污停潲牧浡屳祐桴湯停瑹潨㍮㈱䱜扩捜湯整瑸楬⹢祰Ⱒ氠湩⁥㔱ⰸ椠⁮彟硥瑩彟਍††⁼††敳晬朮湥琮牨睯瘨污敵ഩ †簠†䘠汩⁥䌢尺獕牥屳整档屡灁䑰瑡屡潌慣屬牐杯慲獭停瑹潨屮祐桴湯ㄳ尲楌屢楳整瀭捡慫敧屳瑳牡敬瑴履畟楴獬瀮≹‬楬敮㤠ⰳ椠⁮潣汬灡敳敟捸牧畯獰਍††⁼††慲獩⁥硥ൣ †簠†䘠汩⁥䌢尺獕牥屳整档屡灁䑰瑡屡潌慣屬牐杯慲獭停瑹潨屮祐桴湯ㄳ尲楌屢楳整瀭捡慫敧屳瑳牡敬瑴履業摤敬慷敲扜獡⹥祰Ⱒ氠湩⁥㤱ⰱ椠⁮彟慣汬彟਍††⁼††敲灳湯敳㴠愠慷瑩猠汥⹦楤灳瑡档晟湵⡣敲畱獥ⱴ挠污彬敮瑸ഩ †簠††††††††幞幞幞幞幞幞幞幞幞幞幞幞幞幞幞幞幞幞幞幞幞幞਍††⁼†楆敬∠㩃啜敳獲瑜捥慨作敮牄癩履敄歳潴屰慳敬⁳楡瀠慬晴潲屭慢正湥層灡屰業摤敬慷敲牜煥敵瑳损湯整瑸瀮≹‬楬敮㔠ⰶ椠⁮楤灳瑡档਍††⁼††慲獩⁥൥ †簠†䘠汩⁥䌢尺獕牥屳整档屡湏䑥楲敶䑜獥瑫灯獜污獥愠⁩汰瑡牦浯扜捡敫摮慜灰浜摩汤睥牡履敲畱獥彴潣瑮硥⹴祰Ⱒ氠湩⁥〵‬湩搠獩慰捴൨ †簠††爠獥潰獮⁥‽睡楡⁴慣汬湟硥⡴敲畱獥⥴਍††⁼†††††††帠幞幞幞幞幞幞幞幞幞幞幞൞ †簠†䘠汩⁥䌢尺獕牥屳整档屡灁䑰瑡屡潌慣屬牐杯慲獭停瑹潨屮祐桴湯ㄳ尲楌屢楳整瀭捡慫敧屳瑳牡敬瑴履業摤敬慷敲扜獡⹥祰Ⱒ氠湩⁥㘱ⰵ椠⁮慣汬湟硥൴ †簠††爠楡敳愠灰敟捸਍††⁼†楆敬∠㩃啜敳獲瑜捥慨䅜灰慄慴䱜捯污停潲牧浡屳祐桴湯停瑹潨㍮㈱䱜扩獜瑩ⵥ慰正条獥獜慴汲瑥整浜摩汤睥牡履慢敳瀮≹‬楬敮ㄠㄵ‬湩挠牯൯ †簠††愠慷瑩猠汥⹦灡⡰捳灯ⱥ爠捥楥敶潟彲楤捳湯敮瑣‬敳摮湟彯牥潲⥲਍††⁼†楆敬∠㩃啜敳獲瑜捥慨䅜灰慄慴䱜捯污停潲牧浡屳祐桴湯停瑹潨㍮㈱䱜扩獜瑩ⵥ慰正条獥獜慴汲瑥整浜摩汤睥牡履慢敳瀮≹‬楬敮ㄠ㤸‬湩张损污彬ൟ †簠††眠瑩⁨潣汬灡敳敟捸牧畯獰⤨ഺ †簠†䘠汩⁥䌢尺獕牥屳整档屡灁䑰瑡屡潌慣屬牐杯慲獭停瑹潨屮祐桴湯ㄳ尲楌屢潣瑮硥汴扩瀮≹‬楬敮ㄠ㠵‬湩张敟楸彴ൟ †簠††猠汥⹦敧⹮桴潲⡷慶畬⥥਍††⁼†楆敬∠㩃啜敳獲瑜捥慨䅜灰慄慴䱜捯污停潲牧浡屳祐桴湯停瑹潨㍮㈱䱜扩獜瑩ⵥ慰正条獥獜慴汲瑥整彜瑵汩⹳祰Ⱒ氠湩⁥㌹‬湩挠汯慬獰彥硥杣潲灵൳ †簠††爠楡敳攠捸਍††⁼†楆敬∠㩃啜敳獲瑜捥慨䅜灰慄慴䱜捯污停潲牧浡屳祐桴湯停瑹潨㍮㈱䱜扩獜瑩ⵥ慰正条獥獜慴汲瑥整浜摩汤睥牡履慢敳瀮≹‬楬敮ㄠㄹ‬湩张损污彬ൟ †簠††爠獥潰獮⁥‽睡楡⁴敳晬搮獩慰捴彨畦据爨煥敵瑳‬慣汬湟硥⥴਍††⁼†††††††帠幞幞幞幞幞幞幞幞幞幞幞幞幞幞幞幞幞幞幞幞幞൞ †簠†䘠汩⁥䌢尺獕牥屳整档屡湏䑥楲敶䑜獥瑫灯獜污獥愠⁩汰瑡牦浯扜捡敫摮慜灰浜摩汤睥牡履敳畣楲祴瀮≹‬楬敮㈠㈳‬湩搠獩慰捴൨ †簠††爠獥潰獮⁥‽睡楡⁴慣汬湟硥⡴敲畱獥⥴਍††⁼†††††††帠幞幞幞幞幞幞幞幞幞幞幞൞ †簠†䘠汩⁥䌢尺獕牥屳整档屡灁䑰瑡屡潌慣屬牐杯慲獭停瑹潨屮祐桴湯ㄳ尲楌屢楳整瀭捡慫敧屳瑳牡敬瑴履業摤敬慷敲扜獡⹥祰Ⱒ氠湩⁥㘱ⰵ椠⁮慣汬湟硥൴ †簠††爠楡敳愠灰敟捸਍††⁼†楆敬∠㩃啜敳獲瑜捥慨䅜灰慄慴䱜捯污停潲牧浡屳祐桴湯停瑹潨㍮㈱䱜扩獜瑩ⵥ慰正条獥獜慴汲瑥整浜摩汤睥牡履慢敳瀮≹‬楬敮ㄠㄵ‬湩挠牯൯ †簠††愠慷瑩猠汥⹦灡⡰捳灯ⱥ爠捥楥敶潟彲楤捳湯敮瑣‬敳摮湟彯牥潲⥲਍††⁼†楆敬∠㩃啜敳獲瑜捥慨䅜灰慄慴䱜捯污停潲牧浡屳祐桴湯停瑹潨㍮㈱䱜扩獜瑩ⵥ慰正条獥獜慴汲瑥整浜摩汤睥牡履慢敳瀮≹‬楬敮ㄠ㤸‬湩张损污彬ൟ †簠††眠瑩⁨潣汬灡敳敟捸牧畯獰⤨ഺ †簠†䘠汩⁥䌢尺獕牥屳整档屡灁䑰瑡屡潌慣屬牐杯慲獭停瑹潨屮祐桴湯ㄳ尲楌屢潣瑮硥汴扩瀮≹‬楬敮ㄠ㠵‬湩张敟楸彴ൟ †簠††猠汥⹦敧⹮桴潲⡷慶畬⥥਍††⁼†楆敬∠㩃啜敳獲瑜捥慨䅜灰慄慴䱜捯污停潲牧浡屳祐桴湯停瑹潨㍮㈱䱜扩獜瑩ⵥ慰正条獥獜慴汲瑥整彜瑵汩⹳祰Ⱒ氠湩⁥㌹‬湩挠汯慬獰彥硥杣潲灵൳ †簠††爠楡敳攠捸਍††⁼†楆敬∠㩃啜敳獲瑜捥慨䅜灰慄慴䱜捯污停潲牧浡屳祐桴湯停瑹潨㍮㈱䱜扩獜瑩ⵥ慰正条獥獜慴汲瑥整浜摩汤睥牡履慢敳瀮≹‬楬敮ㄠㄹ‬湩张损污彬ൟ †簠††爠獥潰獮⁥‽睡楡⁴敳晬搮獩慰捴彨畦据爨煥敵瑳‬慣汬湟硥⥴਍††⁼†††††††帠幞幞幞幞幞幞幞幞幞幞幞幞幞幞幞幞幞幞幞幞幞൞ †簠†䘠汩⁥䌢尺獕牥屳整档屡湏䑥楲敶䑜獥瑫灯獜污獥愠⁩汰瑡牦浯扜捡敫摮慜灰浜摩汤睥牡履敳畣楲祴瀮≹‬楬敮㈠㈱‬湩搠獩慰捴൨ †簠††爠楡敳䠠呔䕐捸灥楴湯ന †簠映獡慴楰攮捸灥楴湯⹳呈偔硅散瑰潩㩮㐠㤲›潔⁯慭祮爠煥敵瑳⹳䴠硡浩浵㘠‰敲畱獥獴瀠牥洠湩瑵⁥污潬敷⹤਍††⴫ⴭⴭⴭⴭⴭⴭⴭⴭⴭⴭⴭⴭⴭⴭⴭⴭⴭഭഊ䐊牵湩⁧慨摮楬杮漠⁦桴⁥扡癯⁥硥散瑰潩Ɱ愠潮桴牥攠捸灥楴湯漠捣牵敲㩤਍਍牔捡扥捡⁫洨獯⁴敲散瑮挠污⁬慬瑳㨩਍†楆敬∠㩃啜敳獲瑜捥慨䅜灰慄慴䱜捯污停潲牧浡屳祐桴湯停瑹潨㍮㈱䱜扩獜瑩ⵥ慰正条獥獜慴汲瑥整浜摩汤睥牡履牥潲獲瀮≹‬楬敮ㄠ㐶‬湩张损污彬ൟ †愠慷瑩猠汥⹦灡⡰捳灯ⱥ爠捥楥敶‬獟湥⥤਍†楆敬∠㩃啜敳獲瑜捥慨䅜灰慄慴䱜捯污停潲牧浡屳祐桴湯停瑹潨㍮㈱䱜扩獜瑩ⵥ慰正条獥獜慴汲瑥整浜摩汤睥牡履慢敳瀮≹‬楬敮ㄠ㤸‬湩张损污彬ൟ †眠瑩⁨潣汬灡敳敟捸牧畯獰⤨ഺ 䘠汩⁥䌢尺獕牥屳整档屡灁䑰瑡屡潌慣屬牐杯慲獭停瑹潨屮祐桴湯ㄳ尲楌屢潣瑮硥汴扩瀮≹‬楬敮ㄠ㠵‬湩张敟楸彴ൟ †猠汥⹦敧⹮桴潲⡷慶畬⥥਍†楆敬∠㩃啜敳獲瑜捥慨䅜灰慄慴䱜捯污停潲牧浡屳祐桴湯停瑹潨㍮㈱䱜扩獜瑩ⵥ慰正条獥獜慴汲瑥整彜瑵汩⹳祰Ⱒ氠湩⁥㌹‬湩挠汯慬獰彥硥杣潲灵൳ †爠楡敳攠捸਍†楆敬∠㩃啜敳獲瑜捥慨䅜灰慄慴䱜捯污停潲牧浡屳祐桴湯停瑹潨㍮㈱䱜扩獜瑩ⵥ慰正条獥獜慴汲瑥整浜摩汤睥牡履慢敳瀮≹‬楬敮ㄠㄹ‬湩张损污彬ൟ †爠獥潰獮⁥‽睡楡⁴敳晬搮獩慰捴彨畦据爨煥敵瑳‬慣汬湟硥⥴਍†††††††帠幞幞幞幞幞幞幞幞幞幞幞幞幞幞幞幞幞幞幞幞幞൞ 䘠汩⁥䌢尺獕牥屳整档屡湏䑥楲敶䑜獥瑫灯獜污獥愠⁩汰瑡牦浯扜捡敫摮慜灰浜摩汤睥牡履敲畱獥彴潣瑮硥⹴祰Ⱒ氠湩⁥㘵‬湩搠獩慰捴൨ †爠楡敳攠਍†楆敬∠㩃啜敳獲瑜捥慨作敮牄癩履敄歳潴屰慳敬⁳楡瀠慬晴潲屭慢正湥層灡屰業摤敬慷敲牜煥敵瑳损湯整瑸瀮≹‬楬敮㔠ⰰ椠⁮楤灳瑡档਍††敲灳湯敳㴠愠慷瑩挠污彬敮瑸爨煥敵瑳ഩ †††††††幞幞幞幞幞幞幞幞幞幞幞幞਍†楆敬∠㩃啜敳獲瑜捥慨䅜灰慄慴䱜捯污停潲牧浡屳祐桴湯停瑹潨㍮㈱䱜扩獜瑩ⵥ慰正条獥獜慴汲瑥整浜摩汤睥牡履慢敳瀮≹‬楬敮ㄠ㔶‬湩挠污彬敮瑸਍††慲獩⁥灡彰硥ൣ 䘠汩⁥䌢尺獕牥屳整档屡灁䑰瑡屡潌慣屬牐杯慲獭停瑹潨屮祐桴湯ㄳ尲楌屢楳整瀭捡慫敧屳瑳牡敬瑴履業摤敬慷敲扜獡⹥祰Ⱒ氠湩⁥㔱ⰱ椠⁮潣潲਍††睡楡⁴敳晬愮灰猨潣数‬敲散癩彥牯摟獩潣湮捥ⱴ猠湥彤潮敟牲牯ഩ 䘠汩⁥䌢尺獕牥屳整档屡灁䑰瑡屡潌慣屬牐杯慲獭停瑹潨屮祐桴湯ㄳ尲楌屢楳整瀭捡慫敧屳瑳牡敬瑴履業摤敬慷敲扜獡⹥祰Ⱒ氠湩⁥㠱ⰹ椠⁮彟慣汬彟਍††楷桴挠汯慬獰彥硥杣潲灵⡳㨩਍†楆敬∠㩃啜敳獲瑜捥慨䅜灰慄慴䱜捯污停潲牧浡屳祐桴湯停瑹潨㍮㈱䱜扩捜湯整瑸楬⹢祰Ⱒ氠湩⁥㔱ⰸ椠⁮彟硥瑩彟਍††敳晬朮湥琮牨睯瘨污敵ഩ 䘠汩⁥䌢尺獕牥屳整档屡灁䑰瑡屡潌慣屬牐杯慲獭停瑹潨屮祐桴湯ㄳ尲楌屢楳整瀭捡慫敧屳瑳牡敬瑴履畟楴獬瀮≹‬楬敮㤠ⰳ椠⁮潣汬灡敳敟捸牧畯獰਍††慲獩⁥硥ൣ 䘠汩⁥䌢尺獕牥屳整档屡灁䑰瑡屡潌慣屬牐杯慲獭停瑹潨屮祐桴湯ㄳ尲楌屢楳整瀭捡慫敧屳瑳牡敬瑴履業摤敬慷敲扜獡⹥祰Ⱒ氠湩⁥㤱ⰱ椠⁮彟慣汬彟਍††敲灳湯敳㴠愠慷瑩猠汥⹦楤灳瑡档晟湵⡣敲畱獥ⱴ挠污彬敮瑸ഩ †††††††幞幞幞幞幞幞幞幞幞幞幞幞幞幞幞幞幞幞幞幞幞幞਍†楆敬∠㩃啜敳獲瑜捥慨作敮牄癩履敄歳潴屰慳敬⁳楡瀠慬晴潲屭慢正湥層灡屰業摤敬慷敲獜捥牵瑩⹹祰Ⱒ氠湩⁥㌲ⰲ椠⁮楤灳瑡档਍††敲灳湯敳㴠愠慷瑩挠污彬敮瑸爨煥敵瑳ഩ †††††††幞幞幞幞幞幞幞幞幞幞幞幞਍†楆敬∠㩃啜敳獲瑜捥慨䅜灰慄慴䱜捯污停潲牧浡屳祐桴湯停瑹潨㍮㈱䱜扩獜瑩ⵥ慰正条獥獜慴汲瑥整浜摩汤睥牡履慢敳瀮≹‬楬敮ㄠ㔶‬湩挠污彬敮瑸਍††慲獩⁥灡彰硥ൣ 䘠汩⁥䌢尺獕牥屳整档屡灁䑰瑡屡潌慣屬牐杯慲獭停瑹潨屮祐桴湯ㄳ尲楌屢楳整瀭捡慫敧屳瑳牡敬瑴履業摤敬慷敲扜獡⹥祰Ⱒ氠湩⁥㔱ⰱ椠⁮潣潲਍††睡楡⁴敳晬愮灰猨潣数‬敲散癩彥牯摟獩潣湮捥ⱴ猠湥彤潮敟牲牯ഩ 䘠汩⁥䌢尺獕牥屳整档屡灁䑰瑡屡潌慣屬牐杯慲獭停瑹潨屮祐桴湯ㄳ尲楌屢楳整瀭捡慫敧屳瑳牡敬瑴履業摤敬慷敲扜獡⹥祰Ⱒ氠湩⁥㠱ⰹ椠⁮彟慣汬彟਍††楷桴挠汯慬獰彥硥杣潲灵⡳㨩਍†楆敬∠㩃啜敳獲瑜捥慨䅜灰慄慴䱜捯污停潲牧浡屳祐桴湯停瑹潨㍮㈱䱜扩捜湯整瑸楬⹢祰Ⱒ氠湩⁥㔱ⰸ椠⁮彟硥瑩彟਍††敳晬朮湥琮牨睯瘨污敵ഩ 䘠汩⁥䌢尺獕牥屳整档屡灁䑰瑡屡潌慣屬牐杯慲獭停瑹潨屮祐桴湯ㄳ尲楌屢楳整瀭捡慫敧屳瑳牡敬瑴履畟楴獬瀮≹‬楬敮㤠ⰳ椠⁮潣汬灡敳敟捸牧畯獰਍††慲獩⁥硥ൣ 䘠汩⁥䌢尺獕牥屳整档屡灁䑰瑡屡潌慣屬牐杯慲獭停瑹潨屮祐桴湯ㄳ尲楌屢楳整瀭捡慫敧屳瑳牡敬瑴履業摤敬慷敲扜獡⹥祰Ⱒ氠湩⁥㤱ⰱ椠⁮彟慣汬彟਍††敲灳湯敳㴠愠慷瑩猠汥⹦楤灳瑡档晟湵⡣敲畱獥ⱴ挠污彬敮瑸ഩ †††††††幞幞幞幞幞幞幞幞幞幞幞幞幞幞幞幞幞幞幞幞幞幞਍†楆敬∠㩃啜敳獲瑜捥慨作敮牄癩履敄歳潴屰慳敬⁳楡瀠慬晴潲屭慢正湥層灡屰業摤敬慷敲獜捥牵瑩⹹祰Ⱒ氠湩⁥ㄲⰲ椠⁮楤灳瑡档਍††慲獩⁥呈偔硅散瑰潩⡮਍慦瑳灡⹩硥散瑰潩獮䠮呔䕐捸灥楴湯›㈴㨹吠潯洠湡⁹敲畱獥獴‮慍楸畭⁭〶爠煥敵瑳⁳数⁲業畮整愠汬睯摥മഊ嬊〲㘲〭ⴳ㤲㈠㨰㐳㐺⸸㜴㐴㈲⁝䥛㩄扡昴戹㤰挭㐴ⴶ㌴㌸愭攸ⴳ改㝣㜶づ㍦昰⁝剅㩒渠⁯畳档琠扡敬›畢杤瑥൳ ⬠䔠捸灥楴湯䜠潲灵吠慲散慢正⠠潭瑳爠捥湥⁴慣汬氠獡⥴ഺ 簠†䘠汩⁥䌢尺獕牥屳整档屡灁䑰瑡屡潌慣屬牐杯慲獭停瑹潨屮祐桴湯ㄳ尲楌屢楳整瀭捡慫敧屳瑳牡敬瑴履畟楴獬瀮≹‬楬敮㠠ⰷ椠⁮潣汬灡敳敟捸牧畯獰਍†⁼††楹汥൤ 簠†䘠汩⁥䌢尺獕牥屳整档屡灁䑰瑡屡潌慣屬牐杯慲獭停瑹潨屮祐桴湯ㄳ尲楌屢楳整瀭捡慫敧屳瑳牡敬瑴履業摤敬慷敲扜獡⹥祰Ⱒ氠湩⁥㤱ⰰ椠⁮彟慣汬彟਍†⁼††獡湹⁣楷桴愠祮潩挮敲瑡彥慴歳束潲灵⤨愠⁳慴歳束潲灵ഺ 簠†䘠汩⁥䌢尺獕牥屳整档屡灁䑰瑡屡潌慣屬牐杯慲獭停瑹潨屮祐桴湯ㄳ尲楌屢楳整瀭捡慫敧屳湡楹屯扟捡敫摮屳慟祳据潩瀮≹‬楬敮㘠㠷‬湩张慟硥瑩彟਍†⁼††慲獩⁥慂敳硅散瑰潩䝮潲灵ന 簠䔠捸灥楴湯片畯㩰甠桮湡汤摥攠牲牯⁳湩愠吠獡䝫潲灵⠠‱畳ⵢ硥散瑰潩⥮਍†⴫⴫ⴭⴭⴭⴭⴭⴭⴭ‭‱ⴭⴭⴭⴭⴭⴭⴭⴭ਍††⁼牔捡扥捡⁫洨獯⁴敲散瑮挠污⁬慬瑳㨩਍††⁼†楆敬∠㩃啜敳獲瑜捥慨䅜灰慄慴䱜捯污停潲牧浡屳祐桴湯停瑹潨㍮㈱䱜扩獜瑩ⵥ慰正条獥獜慴汲瑥整浜摩汤睥牡履牥潲獲瀮≹‬楬敮ㄠ㐶‬湩张损污彬ൟ †簠††愠慷瑩猠汥⹦灡⡰捳灯ⱥ爠捥楥敶‬獟湥⥤਍††⁼†楆敬∠㩃啜敳獲瑜捥慨䅜灰慄慴䱜捯污停潲牧浡屳祐桴湯停瑹潨㍮㈱䱜扩獜瑩ⵥ慰正条獥獜慴汲瑥整浜摩汤睥牡履慢敳瀮≹‬楬敮ㄠ㤸‬湩张损污彬ൟ †簠††眠瑩⁨潣汬灡敳敟捸牧畯獰⤨ഺ †簠†䘠汩⁥䌢尺獕牥屳整档屡灁䑰瑡屡潌慣屬牐杯慲獭停瑹潨屮祐桴湯ㄳ尲楌屢潣瑮硥汴扩瀮≹‬楬敮ㄠ㠵‬湩张敟楸彴ൟ †簠††猠汥⹦敧⹮桴潲⡷慶畬⥥਍††⁼†楆敬∠㩃啜敳獲瑜捥慨䅜灰慄慴䱜捯污停潲牧浡屳祐桴湯停瑹潨㍮㈱䱜扩獜瑩ⵥ慰正条獥獜慴汲瑥整彜瑵汩⹳祰Ⱒ氠湩⁥㌹‬湩挠汯慬獰彥硥杣潲灵൳ †簠††爠楡敳攠捸਍††⁼†楆敬∠㩃啜敳獲瑜捥慨䅜灰慄慴䱜捯污停潲牧浡屳祐桴湯停瑹潨㍮㈱䱜扩獜瑩ⵥ慰正条獥獜慴汲瑥整浜摩汤睥牡履慢敳瀮≹‬楬敮ㄠㄹ‬湩张损污彬ൟ †簠††爠獥潰獮⁥‽睡楡⁴敳晬搮獩慰捴彨畦据爨煥敵瑳‬慣汬湟硥⥴਍††⁼†††††††帠幞幞幞幞幞幞幞幞幞幞幞幞幞幞幞幞幞幞幞幞幞൞ †簠†䘠汩⁥䌢尺獕牥屳整档屡湏䑥楲敶䑜獥瑫灯獜污獥愠⁩汰瑡牦浯扜捡敫摮慜灰浜摩汤睥牡履敲畱獥彴潣瑮硥⹴祰Ⱒ氠湩⁥㘵‬湩搠獩慰捴൨ †簠††爠楡敳攠਍††⁼†楆敬∠㩃啜敳獲瑜捥慨作敮牄癩履敄歳潴屰慳敬⁳楡瀠慬晴潲屭慢正湥層灡屰業摤敬慷敲牜煥敵瑳损湯整瑸瀮≹‬楬敮㔠ⰰ椠⁮楤灳瑡档਍††⁼††敲灳湯敳㴠愠慷瑩挠污彬敮瑸爨煥敵瑳ഩ †簠††††††††幞幞幞幞幞幞幞幞幞幞幞幞਍††⁼†楆敬∠㩃啜敳獲瑜捥慨䅜灰慄慴䱜捯污停潲牧浡屳祐桴湯停瑹潨㍮㈱䱜扩獜瑩ⵥ慰正条獥獜慴汲瑥整浜摩汤睥牡履慢敳瀮≹‬楬敮ㄠ㔶‬湩挠污彬敮瑸਍††⁼††慲獩⁥灡彰硥ൣ †簠†䘠汩⁥䌢尺獕牥屳整档屡灁䑰瑡屡潌慣屬牐杯慲獭停瑹潨屮祐桴湯ㄳ尲楌屢楳整瀭捡慫敧屳瑳牡敬瑴履業摤敬慷敲扜獡⹥祰Ⱒ氠湩⁥㔱ⰱ椠⁮潣潲਍††⁼††睡楡⁴敳晬愮灰猨潣数‬敲散癩彥牯摟獩潣湮捥ⱴ猠湥彤潮敟牲牯ഩ †簠†䘠汩⁥䌢尺獕牥屳整档屡灁䑰瑡屡潌慣屬牐杯慲獭停瑹潨屮祐桴湯ㄳ尲楌屢楳整瀭捡慫敧屳瑳牡敬瑴履業摤敬慷敲扜獡⹥祰Ⱒ氠湩⁥㠱ⰹ椠⁮彟慣汬彟਍††⁼††楷桴挠汯慬獰彥硥杣潲灵⡳㨩਍††⁼†楆敬∠㩃啜敳獲瑜捥慨䅜灰慄慴䱜捯污停潲牧浡屳祐桴湯停瑹潨㍮㈱䱜扩捜湯整瑸楬⹢祰Ⱒ氠湩⁥㔱ⰸ椠⁮彟硥瑩彟਍††⁼††敳晬朮湥琮牨睯瘨污敵ഩ †簠†䘠汩⁥䌢尺獕牥屳整档屡灁䑰瑡屡潌慣屬牐杯慲獭停瑹潨屮祐桴湯ㄳ尲楌屢楳整瀭捡慫敧屳瑳牡敬瑴履畟楴獬瀮≹‬楬敮㤠ⰳ椠⁮潣汬灡敳敟捸牧畯獰਍††⁼††慲獩⁥硥ൣ †簠†䘠汩⁥䌢尺獕牥屳整档屡灁䑰瑡屡潌慣屬牐杯慲獭停瑹潨屮祐桴湯ㄳ尲楌屢楳整瀭捡慫敧屳瑳牡敬瑴履業摤敬慷敲扜獡⹥祰Ⱒ氠湩⁥㤱ⰱ椠⁮彟慣汬彟਍††⁼††敲灳湯敳㴠愠慷瑩猠汥⹦楤灳瑡档晟湵⡣敲畱獥ⱴ挠污彬敮瑸ഩ †簠††††††††幞幞幞幞幞幞幞幞幞幞幞幞幞幞幞幞幞幞幞幞幞幞਍††⁼†楆敬∠㩃啜敳獲瑜捥慨作敮牄癩履敄歳潴屰慳敬⁳楡瀠慬晴潲屭慢正湥層灡屰業摤敬慷敲獜捥牵瑩⹹祰Ⱒ氠湩⁥㌲ⰲ椠⁮楤灳瑡档਍††⁼††敲灳湯敳㴠愠慷瑩挠污彬敮瑸爨煥敵瑳ഩ †簠††††††††幞幞幞幞幞幞幞幞幞幞幞幞਍††⁼†楆敬∠㩃啜敳獲瑜捥慨䅜灰慄慴䱜捯污停潲牧浡屳祐桴湯停瑹潨㍮㈱䱜扩獜瑩ⵥ慰正条獥獜慴汲瑥整浜摩汤睥牡履慢敳瀮≹‬楬敮ㄠ㔶‬湩挠污彬敮瑸਍††⁼††慲獩⁥灡彰硥ൣ †簠†䘠汩⁥䌢尺獕牥屳整档屡灁䑰瑡屡潌慣屬牐杯慲獭停瑹潨屮祐桴湯ㄳ尲楌屢楳整瀭捡慫敧屳瑳牡敬瑴履業摤敬慷敲扜獡⹥祰Ⱒ氠湩⁥㔱ⰱ椠⁮潣潲਍††⁼††睡楡⁴敳晬愮灰猨潣数‬敲散癩彥牯摟獩潣湮捥ⱴ猠湥彤潮敟牲牯ഩ †簠†䘠汩⁥䌢尺獕牥屳整档屡灁䑰瑡屡潌慣屬牐杯慲獭停瑹潨屮祐桴湯ㄳ尲楌屢楳整瀭捡慫敧屳瑳牡敬瑴履業摤敬慷敲扜獡⹥祰Ⱒ氠湩⁥㠱ⰹ椠⁮彟慣汬彟਍††⁼††楷桴挠汯慬獰彥硥杣潲灵⡳㨩਍††⁼†楆敬∠㩃啜敳獲瑜捥慨䅜灰慄慴䱜捯污停潲牧浡屳祐桴湯停瑹潨㍮㈱䱜扩捜湯整瑸楬⹢祰Ⱒ氠湩⁥㔱ⰸ椠⁮彟硥瑩彟਍††⁼††敳晬朮湥琮牨睯瘨污敵ഩ †簠†䘠汩⁥䌢尺獕牥屳整档屡灁䑰瑡屡潌慣屬牐杯慲獭停瑹潨屮祐桴湯ㄳ尲楌屢楳整瀭捡慫敧屳瑳牡敬瑴履畟楴獬瀮≹‬楬敮㤠ⰳ椠⁮潣汬灡敳敟捸牧畯獰਍††⁼††慲獩⁥硥ൣ †簠†䘠汩⁥䌢尺獕牥屳整档屡灁䑰瑡屡潌慣屬牐杯慲獭停瑹潨屮祐桴湯ㄳ尲楌屢楳整瀭捡慫敧屳瑳牡敬瑴履業摤敬慷敲扜獡⹥祰Ⱒ氠湩⁥㤱ⰱ椠⁮彟慣汬彟਍††⁼††敲灳湯敳㴠愠慷瑩猠汥⹦楤灳瑡档晟湵⡣敲畱獥ⱴ挠污彬敮瑸ഩ †簠††††††††幞幞幞幞幞幞幞幞幞幞幞幞幞幞幞幞幞幞幞幞幞幞਍††⁼†楆敬∠㩃啜敳獲瑜捥慨作敮牄癩履敄歳潴屰慳敬⁳楡瀠慬晴潲屭慢正湥層灡屰業摤敬慷敲獜捥牵瑩⹹祰Ⱒ氠湩⁥ㄲⰷ椠⁮楤灳瑡档਍††⁼††敲灳湯敳㴠愠慷瑩挠污彬敮瑸爨煥敵瑳ഩ †簠††††††††幞幞幞幞幞幞幞幞幞幞幞幞਍††⁼†楆敬∠㩃啜敳獲瑜捥慨䅜灰慄慴䱜捯污停潲牧浡屳祐桴湯停瑹潨㍮㈱䱜扩獜瑩ⵥ慰正条獥獜慴汲瑥整浜摩汤睥牡履慢敳瀮≹‬楬敮ㄠ㔶‬湩挠污彬敮瑸਍††⁼††慲獩⁥灡彰硥ൣ †簠†䘠汩⁥䌢尺獕牥屳整档屡灁䑰瑡屡潌慣屬牐杯慲獭停瑹潨屮祐桴湯ㄳ尲楌屢楳整瀭捡慫敧屳瑳牡敬瑴履業摤敬慷敲扜獡⹥祰Ⱒ氠湩⁥㔱ⰱ椠⁮潣潲਍††⁼††睡楡⁴敳晬愮灰猨潣数‬敲散癩彥牯摟獩潣湮捥ⱴ猠湥彤潮敟牲牯ഩ †簠†䘠汩⁥䌢尺獕牥屳整档屡灁䑰瑡屡潌慣屬牐杯慲獭停瑹潨屮祐桴湯ㄳ尲楌屢楳整瀭捡慫敧屳瑳牡敬瑴履業摤敬慷敲扜獡⹥祰Ⱒ氠湩⁥㠱ⰹ椠⁮彟慣汬彟਍††⁼††楷桴挠汯慬獰彥硥杣潲灵⡳㨩਍††⁼†楆敬∠㩃啜敳獲瑜捥慨䅜灰慄慴䱜捯污停潲牧浡屳祐桴湯停瑹潨㍮㈱䱜扩捜湯整瑸楬⹢祰Ⱒ氠湩⁥㔱ⰸ椠⁮彟硥瑩彟਍††⁼††敳晬朮湥琮牨睯瘨污敵ഩ †簠†䘠汩⁥䌢尺獕牥屳整档屡灁䑰瑡屡潌慣屬牐杯慲獭停瑹潨屮祐桴湯ㄳ尲楌屢楳整瀭捡慫敧屳瑳牡敬瑴履畟楴獬瀮≹‬楬敮㤠ⰳ椠⁮潣汬灡敳敟捸牧畯獰਍††⁼††慲獩⁥硥ൣ †簠†䘠汩⁥䌢尺獕牥屳整档屡灁䑰瑡屡潌慣屬牐杯慲獭停瑹潨屮祐桴湯ㄳ尲楌屢楳整瀭捡慫敧屳瑳牡敬瑴履業摤敬慷敲扜獡⹥祰Ⱒ氠湩⁥㤱ⰱ椠⁮彟慣汬彟਍††⁼††敲灳湯敳㴠愠慷瑩猠汥⹦楤灳瑡档晟湵⡣敲畱獥ⱴ挠污彬敮瑸ഩ †簠††††††††幞幞幞幞幞幞幞幞幞幞幞幞幞幞幞幞幞幞幞幞幞幞਍††⁼†楆敬∠㩃啜敳獲瑜捥慨作敮牄癩履敄歳潴屰慳敬⁳楡瀠慬晴潲屭慢正湥層灡屰業摤敬慷敲瑜湥湡彴湥潦捲浥湥⹴祰Ⱒ氠湩⁥㠵‬湩搠獩慰捴൨ †簠††爠瑥牵⁮睡楡⁴慣汬湟硥⡴敲畱獥⥴਍††⁼†††††帠幞幞幞幞幞幞幞幞幞幞幞൞ †簠†䘠汩⁥䌢尺獕牥屳整档屡灁䑰瑡屡潌慣屬牐杯慲獭停瑹潨屮祐桴湯ㄳ尲楌屢楳整瀭捡慫敧屳瑳牡敬瑴履業摤敬慷敲扜獡⹥祰Ⱒ氠湩⁥㘱ⰵ椠⁮慣汬湟硥൴ †簠††爠楡敳愠灰敟捸਍††⁼†楆敬∠㩃啜敳獲瑜捥慨䅜灰慄慴䱜捯污停潲牧浡屳祐桴湯停瑹潨㍮㈱䱜扩獜瑩ⵥ慰正条獥獜慴汲瑥整浜摩汤睥牡履慢敳瀮≹‬楬敮ㄠㄵ‬湩挠牯൯ †簠††愠慷瑩猠汥⹦灡⡰捳灯ⱥ爠捥楥敶潟彲楤捳湯敮瑣‬敳摮湟彯牥潲⥲਍††⁼†楆敬∠㩃啜敳獲瑜捥慨䅜灰慄慴䱜捯污停潲牧浡屳祐桴湯停瑹潨㍮㈱䱜扩獜瑩ⵥ慰正条獥獜慴汲瑥整浜摩汤睥牡履潣獲瀮≹‬楬敮㠠ⰵ椠⁮彟慣汬彟਍††⁼††睡楡⁴敳晬愮灰猨潣数‬敲散癩ⱥ猠湥⥤਍††⁼†楆敬∠㩃啜敳獲瑜捥慨䅜灰慄慴䱜捯污停潲牧浡屳祐桴湯停瑹潨㍮㈱䱜扩獜瑩ⵥ慰正条獥獜慴汲瑥整浜摩汤睥牡履硥散瑰潩獮瀮≹‬楬敮㘠ⰵ椠⁮彟慣汬彟਍††⁼††睡楡⁴牷灡慟灰桟湡汤湩彧硥散瑰潩獮猨汥⹦灡Ɒ挠湯⥮猨潣数‬敲散癩ⱥ猠湥⥤਍††⁼†楆敬∠㩃啜敳獲瑜捥慨䅜灰慄慴䱜捯污停潲牧浡屳祐桴湯停瑹潨㍮㈱䱜扩獜瑩ⵥ慰正条獥獜慴汲瑥整彜硥散瑰潩彮慨摮敬⹲祰Ⱒ氠湩⁥㐶‬湩眠慲灰摥慟灰਍††⁼††慲獩⁥硥ൣ †簠†䘠汩⁥䌢尺獕牥屳整档屡灁䑰瑡屡潌慣屬牐杯慲獭停瑹潨屮祐桴湯ㄳ尲楌屢楳整瀭捡慫敧屳瑳牡敬瑴履敟捸灥楴湯桟湡汤牥瀮≹‬楬敮㔠ⰳ椠⁮牷灡数彤灡൰ †簠††愠慷瑩愠灰猨潣数‬敲散癩ⱥ猠湥敤⥲਍††⁼†楆敬∠㩃啜敳獲瑜捥慨䅜灰慄慴䱜捯污停潲牧浡屳祐桴湯停瑹潨㍮㈱䱜扩獜瑩ⵥ慰正条獥獜慴汲瑥整牜畯楴杮瀮≹‬楬敮㜠㘵‬湩张损污彬ൟ †簠††愠慷瑩猠汥⹦業摤敬慷敲獟慴正猨潣数‬敲散癩ⱥ猠湥⥤਍††⁼†楆敬∠㩃啜敳獲瑜捥慨䅜灰慄慴䱜捯污停潲牧浡屳祐桴湯停瑹潨㍮㈱䱜扩獜瑩ⵥ慰正条獥獜慴汲瑥整牜畯楴杮瀮≹‬楬敮㜠㘷‬湩愠灰਍††⁼††睡楡⁴潲瑵⹥慨摮敬猨潣数‬敲散癩ⱥ猠湥⥤਍††⁼†楆敬∠㩃啜敳獲瑜捥慨䅜灰慄慴䱜捯污停潲牧浡屳祐桴湯停瑹潨㍮㈱䱜扩獜瑩ⵥ慰正条獥獜慴汲瑥整牜畯楴杮瀮≹‬楬敮㈠㜹‬湩栠湡汤൥ †簠††愠慷瑩猠汥⹦灡⡰捳灯ⱥ爠捥楥敶‬敳摮ഩ †簠†䘠汩⁥䌢尺獕牥屳整档屡灁䑰瑡屡潌慣屬牐杯慲獭停瑹潨屮祐桴湯ㄳ尲楌屢楳整瀭捡慫敧屳瑳牡敬瑴履潲瑵湩⹧祰Ⱒ氠湩⁥㜷‬湩愠灰਍††⁼††睡楡⁴牷灡慟灰桟湡汤湩彧硥散瑰潩獮愨灰‬敲畱獥⥴猨潣数‬敲散癩ⱥ猠湥⥤਍††⁼†楆敬∠㩃啜敳獲瑜捥慨䅜灰慄慴䱜捯污停潲牧浡屳祐桴湯停瑹潨㍮㈱䱜扩獜瑩ⵥ慰正条獥獜慴汲瑥整彜硥散瑰潩彮慨摮敬⹲祰Ⱒ氠湩⁥㐶‬湩眠慲灰摥慟灰਍††⁼††慲獩⁥硥ൣ †簠†䘠汩⁥䌢尺獕牥屳整档屡灁䑰瑡屡潌慣屬牐杯慲獭停瑹潨屮祐桴湯ㄳ尲楌屢楳整瀭捡慫敧屳瑳牡敬瑴履敟捸灥楴湯桟湡汤牥瀮≹‬楬敮㔠ⰳ椠⁮牷灡数彤灡൰ †簠††愠慷瑩愠灰猨潣数‬敲散癩ⱥ猠湥敤⥲਍††⁼†楆敬∠㩃啜敳獲瑜捥慨䅜灰慄慴䱜捯污停潲牧浡屳祐桴湯停瑹潨㍮㈱䱜扩獜瑩ⵥ慰正条獥獜慴汲瑥整牜畯楴杮瀮≹‬楬敮㜠ⰲ椠⁮灡൰ †簠††爠獥潰獮⁥‽睡楡⁴畦据爨煥敵瑳ഩ †簠††††††††幞幞幞幞幞幞幞幞幞൞ †簠†䘠汩⁥䌢尺獕牥屳整档屡灁䑰瑡屡潌慣屬牐杯慲獭停瑹潨屮祐桴湯ㄳ尲楌屢楳整瀭捡慫敧屳慦瑳灡屩潲瑵湩⹧祰Ⱒ氠湩⁥㜲ⰸ椠⁮灡൰ †簠††爠睡牟獥潰獮⁥‽睡楡⁴畲彮湥灤楯瑮晟湵瑣潩⡮਍††⁼†††††††††帠幞幞幞幞幞幞幞幞幞幞幞幞幞൞ †簠†䘠汩⁥䌢尺獕牥屳整档屡灁䑰瑡屡潌慣屬牐杯慲獭停瑹潨屮祐桴湯ㄳ尲楌屢楳整瀭捡慫敧屳慦瑳灡屩潲瑵湩⹧祰Ⱒ氠湩⁥㤱ⰱ椠⁮畲彮湥灤楯瑮晟湵瑣潩൮ †簠††爠瑥牵⁮睡楡⁴敤数摮湡⹴慣汬⨨瘪污敵⥳਍††⁼†††††帠幞幞幞幞幞幞幞幞幞幞幞幞幞幞൞ †簠†䘠汩⁥䌢尺獕牥屳整档屡湏䑥楲敶䑜獥瑫灯獜污獥愠⁩汰瑡牦浯扜捡敫摮慜灰牜畯整屳業獳湩彧潲瑵獥瀮≹‬楬敮ㄠ㈰ⰹ椠⁮楬瑳晟湩湡散扟摵敧獴਍††⁼††畢杤瑥⁳‽扤煟敵祲∨䕓䕌呃⨠䘠佒⁍畢杤瑥⁳䡗剅⁅潣灭湡役摩㴠㼠传䑒剅䈠⁙楦捳污祟慥⁲䕄䍓Ⱒ⠠潣灭湡役摩⤬ഩ †簠†††††††帠幞幞幞幞幞幞幞幞幞幞幞幞幞幞幞幞幞幞幞幞幞幞幞幞幞幞幞幞幞幞幞幞幞幞幞幞幞幞幞幞幞幞幞幞幞幞幞਍††⁼†楆敬∠㩃啜敳獲瑜捥慨作敮牄癩履敄歳潴屰慳敬⁳楡瀠慬晴潲屭慢正湥層灡屰潲瑵獥浜獩楳杮牟畯整⹳祰Ⱒ氠湩⁥㘷‬湩搠形畱牥൹ †簠††爠楡敳攠਍††⁼†楆敬∠㩃啜敳獲瑜捥慨作敮牄癩履敄歳潴屰慳敬⁳楡瀠慬晴潲屭慢正湥層灡屰潲瑵獥浜獩楳杮牟畯整⹳祰Ⱒ氠湩⁥㤶‬湩搠形畱牥൹ †簠††挠牵攮數畣整焨敵祲‬牡獧ഩ †簠猠汱瑩㍥伮数慲楴湯污牅潲㩲渠⁯畳档琠扡敬›畢杤瑥൳ †⬠ⴭⴭⴭⴭⴭⴭⴭⴭⴭⴭⴭⴭⴭⴭⴭⴭⴭⴭ਍਍畄楲杮栠湡汤湩⁧景琠敨愠潢敶攠捸灥楴湯‬湡瑯敨⁲硥散瑰潩⁮捯畣牲摥ഺഊ吊慲散慢正⠠潭瑳爠捥湥⁴慣汬氠獡⥴ഺ 䘠汩⁥䌢尺獕牥屳整档屡灁䑰瑡屡潌慣屬牐杯慲獭停瑹潨屮祐桴湯ㄳ尲楌屢楳整瀭捡慫敧屳瑳牡敬瑴履業摤敬慷敲敜牲牯⹳祰Ⱒ氠湩⁥㘱ⰴ椠⁮彟慣汬彟਍††睡楡⁴敳晬愮灰猨潣数‬敲散癩ⱥ张敳摮ഩ 䘠汩⁥䌢尺獕牥屳整档屡灁䑰瑡屡潌慣屬牐杯慲獭停瑹潨屮祐桴湯ㄳ尲楌屢楳整瀭捡慫敧屳瑳牡敬瑴履業摤敬慷敲扜獡⹥祰Ⱒ氠湩⁥㠱ⰹ椠⁮彟慣汬彟਍††楷桴挠汯慬獰彥硥杣潲灵⡳㨩਍†楆敬∠㩃啜敳獲瑜捥慨䅜灰慄慴䱜捯污停潲牧浡屳祐桴湯停瑹潨㍮㈱䱜扩捜湯整瑸楬⹢祰Ⱒ氠湩⁥㔱ⰸ椠⁮彟硥瑩彟਍††敳晬朮湥琮牨睯瘨污敵ഩ 䘠汩⁥䌢尺獕牥屳整档屡灁䑰瑡屡潌慣屬牐杯慲獭停瑹潨屮祐桴湯ㄳ尲楌屢楳整瀭捡慫敧屳瑳牡敬瑴履畟楴獬瀮≹‬楬敮㤠ⰳ椠⁮潣汬灡敳敟捸牧畯獰਍††慲獩⁥硥ൣ 䘠汩⁥䌢尺獕牥屳整档屡灁䑰瑡屡潌慣屬牐杯慲獭停瑹潨屮祐桴湯ㄳ尲楌屢楳整瀭捡慫敧屳瑳牡敬瑴履業摤敬慷敲扜獡⹥祰Ⱒ氠湩⁥㤱ⰱ椠⁮彟慣汬彟਍††敲灳湯敳㴠愠慷瑩猠汥⹦楤灳瑡档晟湵⡣敲畱獥ⱴ挠污彬敮瑸ഩ †††††††幞幞幞幞幞幞幞幞幞幞幞幞幞幞幞幞幞幞幞幞幞幞਍†楆敬∠㩃啜敳獲瑜捥慨作敮牄癩履敄歳潴屰慳敬⁳楡瀠慬晴潲屭慢正湥層灡屰業摤敬慷敲牜煥敵瑳损湯整瑸瀮≹‬楬敮㔠ⰶ椠⁮楤灳瑡档਍††慲獩⁥൥ 䘠汩⁥䌢尺獕牥屳整档屡湏䑥楲敶䑜獥瑫灯獜污獥愠⁩汰瑡牦浯扜捡敫摮慜灰浜摩汤睥牡履敲畱獥彴潣瑮硥⹴祰Ⱒ氠湩⁥〵‬湩搠獩慰捴൨ †爠獥潰獮⁥‽睡楡⁴慣汬湟硥⡴敲畱獥⥴਍†††††††帠幞幞幞幞幞幞幞幞幞幞幞൞ 䘠汩⁥䌢尺獕牥屳整档屡灁䑰瑡屡潌慣屬牐杯慲獭停瑹潨屮祐桴湯ㄳ尲楌屢楳整瀭捡慫敧屳瑳牡敬瑴履業摤敬慷敲扜獡⹥祰Ⱒ氠湩⁥㘱ⰵ椠⁮慣汬湟硥൴ †爠楡敳愠灰敟捸਍†楆敬∠㩃啜敳獲瑜捥慨䅜灰慄慴䱜捯污停潲牧浡屳祐桴湯停瑹潨㍮㈱䱜扩獜瑩ⵥ慰正条獥獜慴汲瑥整浜摩汤睥牡履慢敳瀮≹‬楬敮ㄠㄵ‬湩挠牯൯ †愠慷瑩猠汥⹦灡⡰捳灯ⱥ爠捥楥敶潟彲楤捳湯敮瑣‬敳摮湟彯牥潲⥲਍†楆敬∠㩃啜敳獲瑜捥慨䅜灰慄慴䱜捯污停潲牧浡屳祐桴湯停瑹潨㍮㈱䱜扩獜瑩ⵥ慰正条獥獜慴汲瑥整浜摩汤睥牡履慢敳瀮≹‬楬敮ㄠ㤸‬湩张损污彬ൟ †眠瑩⁨潣汬灡敳敟捸牧畯獰⤨ഺ 䘠汩⁥䌢尺獕牥屳整档屡灁䑰瑡屡潌慣屬牐杯慲獭停瑹潨屮祐桴湯ㄳ尲楌屢潣瑮硥汴扩瀮≹‬楬敮ㄠ㠵‬湩张敟楸彴ൟ †猠汥⹦敧⹮桴潲⡷慶畬⥥਍†楆敬∠㩃啜敳獲瑜捥慨䅜灰慄慴䱜捯污停潲牧浡屳祐桴湯停瑹潨㍮㈱䱜扩獜瑩ⵥ慰正条獥獜慴汲瑥整彜瑵汩⹳祰Ⱒ氠湩⁥㌹‬湩挠汯慬獰彥硥杣潲灵൳ †爠楡敳攠捸਍†楆敬∠㩃啜敳獲瑜捥慨䅜灰慄慴䱜捯污停潲牧浡屳祐桴湯停瑹潨㍮㈱䱜扩獜瑩ⵥ慰正条獥獜慴汲瑥整浜摩汤睥牡履慢敳瀮≹‬楬敮ㄠㄹ‬湩张损污彬ൟ †爠獥潰獮⁥‽睡楡⁴敳晬搮獩慰捴彨畦据爨煥敵瑳‬慣汬湟硥⥴਍†††††††帠幞幞幞幞幞幞幞幞幞幞幞幞幞幞幞幞幞幞幞幞幞൞ 䘠汩⁥䌢尺獕牥屳整档屡湏䑥楲敶䑜獥瑫灯獜污獥愠⁩汰瑡牦浯扜捡敫摮慜灰浜摩汤睥牡履敳畣楲祴瀮≹‬楬敮㈠㈳‬湩搠獩慰捴൨ †爠獥潰獮⁥‽睡楡⁴慣汬湟硥⡴敲畱獥⥴਍†††††††帠幞幞幞幞幞幞幞幞幞幞幞൞ 䘠汩⁥䌢尺獕牥屳整档屡灁䑰瑡屡潌慣屬牐杯慲獭停瑹潨屮祐桴湯ㄳ尲楌屢楳整瀭捡慫敧屳瑳牡敬瑴履業摤敬慷敲扜獡⹥祰Ⱒ氠湩⁥㘱ⰵ椠⁮慣汬湟硥൴ †爠楡敳愠灰敟捸਍†楆敬∠㩃啜敳獲瑜捥慨䅜灰慄慴䱜捯污停潲牧浡屳祐桴湯停瑹潨㍮㈱䱜扩獜瑩ⵥ慰正条獥獜慴汲瑥整浜摩汤睥牡履慢敳瀮≹‬楬敮ㄠㄵ‬湩挠牯൯ †愠慷瑩猠汥⹦灡⡰捳灯ⱥ爠捥楥敶潟彲楤捳湯敮瑣‬敳摮湟彯牥潲⥲਍†楆敬∠㩃啜敳獲瑜捥慨䅜灰慄慴䱜捯污停潲牧浡屳祐桴湯停瑹潨㍮㈱䱜扩獜瑩ⵥ慰正条獥獜慴汲瑥整浜摩汤睥牡履慢敳瀮≹‬楬敮ㄠ㤸‬湩张损污彬ൟ †眠瑩⁨潣汬灡敳敟捸牧畯獰⤨ഺ 䘠汩⁥䌢尺獕牥屳整档屡灁䑰瑡屡潌慣屬牐杯慲獭停瑹潨屮祐桴湯ㄳ尲楌屢潣瑮硥汴扩瀮≹‬楬敮ㄠ㠵‬湩张敟楸彴ൟ †猠汥⹦敧⹮桴潲⡷慶畬⥥਍†楆敬∠㩃啜敳獲瑜捥慨䅜灰慄慴䱜捯污停潲牧浡屳祐桴湯停瑹潨㍮㈱䱜扩獜瑩ⵥ慰正条獥獜慴汲瑥整彜瑵汩⹳祰Ⱒ氠湩⁥㌹‬湩挠汯慬獰彥硥杣潲灵൳ †爠楡敳攠捸਍†楆敬∠㩃啜敳獲瑜捥慨䅜灰慄慴䱜捯污停潲牧浡屳祐桴湯停瑹潨㍮㈱䱜扩獜瑩ⵥ慰正条獥獜慴汲瑥整浜摩汤睥牡履慢敳瀮≹‬楬敮ㄠㄹ‬湩张损污彬ൟ †爠獥潰獮⁥‽睡楡⁴敳晬搮獩慰捴彨畦据爨煥敵瑳‬慣汬湟硥⥴਍†††††††帠幞幞幞幞幞幞幞幞幞幞幞幞幞幞幞幞幞幞幞幞幞൞ 䘠汩⁥䌢尺獕牥屳整档屡湏䑥楲敶䑜獥瑫灯獜污獥愠⁩汰瑡牦浯扜捡敫摮慜灰浜摩汤睥牡履敳畣楲祴瀮≹‬楬敮㈠㜱‬湩搠獩慰捴൨ †爠獥潰獮⁥‽睡楡⁴慣汬湟硥⡴敲畱獥⥴਍†††††††帠幞幞幞幞幞幞幞幞幞幞幞൞ 䘠汩⁥䌢尺獕牥屳整档屡灁䑰瑡屡潌慣屬牐杯慲獭停瑹潨屮祐桴湯ㄳ尲楌屢楳整瀭捡慫敧屳瑳牡敬瑴履業摤敬慷敲扜獡⹥祰Ⱒ氠湩⁥㘱ⰵ椠⁮慣汬湟硥൴ †爠楡敳愠灰敟捸਍†楆敬∠㩃啜敳獲瑜捥慨䅜灰慄慴䱜捯污停潲牧浡屳祐桴湯停瑹潨㍮㈱䱜扩獜瑩ⵥ慰正条獥獜慴汲瑥整浜摩汤睥牡履慢敳瀮≹‬楬敮ㄠㄵ‬湩挠牯൯ †愠慷瑩猠汥⹦灡⡰捳灯ⱥ爠捥楥敶潟彲楤捳湯敮瑣‬敳摮湟彯牥潲⥲਍†楆敬∠㩃啜敳獲瑜捥慨䅜灰慄慴䱜捯污停潲牧浡屳祐桴湯停瑹潨㍮㈱䱜扩獜瑩ⵥ慰正条獥獜慴汲瑥整浜摩汤睥牡履慢敳瀮≹‬楬敮ㄠ㤸‬湩张损污彬ൟ †眠瑩⁨潣汬灡敳敟捸牧畯獰⤨ഺ 䘠汩⁥䌢尺獕牥屳整档屡灁䑰瑡屡潌慣屬牐杯慲獭停瑹潨屮祐桴湯ㄳ尲楌屢潣瑮硥汴扩瀮≹‬楬敮ㄠ㠵‬湩张敟楸彴ൟ †猠汥⹦敧⹮桴潲⡷慶畬⥥਍†楆敬∠㩃啜敳獲瑜捥慨䅜灰慄慴䱜捯污停潲牧浡屳祐桴湯停瑹潨㍮㈱䱜扩獜瑩ⵥ慰正条獥獜慴汲瑥整彜瑵汩⹳祰Ⱒ氠湩⁥㌹‬湩挠汯慬獰彥硥杣潲灵൳ †爠楡敳攠捸਍†楆敬∠㩃啜敳獲瑜捥慨䅜灰慄慴䱜捯污停潲牧浡屳祐桴湯停瑹潨㍮㈱䱜扩獜瑩ⵥ慰正条獥獜慴汲瑥整浜摩汤睥牡履慢敳瀮≹‬楬敮ㄠㄹ‬湩张损污彬ൟ †爠獥潰獮⁥‽睡楡⁴敳晬搮獩慰捴彨畦据爨煥敵瑳‬慣汬湟硥⥴਍†††††††帠幞幞幞幞幞幞幞幞幞幞幞幞幞幞幞幞幞幞幞幞幞൞ 䘠汩⁥䌢尺獕牥屳整档屡湏䑥楲敶䑜獥瑫灯獜污獥愠⁩汰瑡牦浯扜捡敫摮慜灰浜摩汤睥牡履整慮瑮敟普牯散敭瑮瀮≹‬楬敮㔠ⰸ椠⁮楤灳瑡档਍††敲畴湲愠慷瑩挠污彬敮瑸爨煥敵瑳ഩ †††††幞幞幞幞幞幞幞幞幞幞幞幞਍†楆敬∠㩃啜敳獲瑜捥慨䅜灰慄慴䱜捯污停潲牧浡屳祐桴湯停瑹潨㍮㈱䱜扩獜瑩ⵥ慰正条獥獜慴汲瑥整浜摩汤睥牡履慢敳瀮≹‬楬敮ㄠ㔶‬湩挠污彬敮瑸਍††慲獩⁥灡彰硥ൣ 䘠汩⁥䌢尺獕牥屳整档屡灁䑰瑡屡潌慣屬牐杯慲獭停瑹潨屮祐桴湯ㄳ尲楌屢楳整瀭捡慫敧屳瑳牡敬瑴履業摤敬慷敲扜獡⹥祰Ⱒ氠湩⁥㔱ⰱ椠⁮潣潲਍††睡楡⁴敳晬愮灰猨潣数‬敲散癩彥牯摟獩潣湮捥ⱴ猠湥彤潮敟牲牯ഩ 䘠汩⁥䌢尺獕牥屳整档屡灁䑰瑡屡潌慣屬牐杯慲獭停瑹潨屮祐桴湯ㄳ尲楌屢楳整瀭捡慫敧屳瑳牡敬瑴履業摤敬慷敲捜牯⹳祰Ⱒ氠湩⁥㔸‬湩张损污彬ൟ †愠慷瑩猠汥⹦灡⡰捳灯ⱥ爠捥楥敶‬敳摮ഩ 䘠汩⁥䌢尺獕牥屳整档屡灁䑰瑡屡潌慣屬牐杯慲獭停瑹潨屮祐桴湯ㄳ尲楌屢楳整瀭捡慫敧屳瑳牡敬瑴履業摤敬慷敲敜捸灥楴湯⹳祰Ⱒ氠湩⁥㔶‬湩张损污彬ൟ †愠慷瑩眠慲彰灡彰慨摮楬杮敟捸灥楴湯⡳敳晬愮灰‬潣湮⠩捳灯ⱥ爠捥楥敶‬敳摮ഩ 䘠汩⁥䌢尺獕牥屳整档屡灁䑰瑡屡潌慣屬牐杯慲獭停瑹潨屮祐桴湯ㄳ尲楌屢楳整瀭捡慫敧屳瑳牡敬瑴履敟捸灥楴湯桟湡汤牥瀮≹‬楬敮㘠ⰴ椠⁮牷灡数彤灡൰ †爠楡敳攠捸਍†楆敬∠㩃啜敳獲瑜捥慨䅜灰慄慴䱜捯污停潲牧浡屳祐桴湯停瑹潨㍮㈱䱜扩獜瑩ⵥ慰正条獥獜慴汲瑥整彜硥散瑰潩彮慨摮敬⹲祰Ⱒ氠湩⁥㌵‬湩眠慲灰摥慟灰਍††睡楡⁴灡⡰捳灯ⱥ爠捥楥敶‬敳摮牥ഩ 䘠汩⁥䌢尺獕牥屳整档屡灁䑰瑡屡潌慣屬牐杯慲獭停瑹潨屮祐桴湯ㄳ尲楌屢楳整瀭捡慫敧屳瑳牡敬瑴履潲瑵湩⹧祰Ⱒ氠湩⁥㔷ⰶ椠⁮彟慣汬彟਍††睡楡⁴敳晬洮摩汤睥牡彥瑳捡⡫捳灯ⱥ爠捥楥敶‬敳摮ഩ 䘠汩⁥䌢尺獕牥屳整档屡灁䑰瑡屡潌慣屬牐杯慲獭停瑹潨屮祐桴湯ㄳ尲楌屢楳整瀭捡慫敧屳瑳牡敬瑴履潲瑵湩⹧祰Ⱒ氠湩⁥㜷ⰶ椠⁮灡൰ †愠慷瑩爠畯整栮湡汤⡥捳灯ⱥ爠捥楥敶‬敳摮ഩ 䘠汩⁥䌢尺獕牥屳整档屡灁䑰瑡屡潌慣屬牐杯慲獭停瑹潨屮祐桴湯ㄳ尲楌屢楳整瀭捡慫敧屳瑳牡敬瑴履潲瑵湩⹧祰Ⱒ氠湩⁥㤲ⰷ椠⁮慨摮敬਍††睡楡⁴敳晬愮灰猨潣数‬敲散癩ⱥ猠湥⥤਍†楆敬∠㩃啜敳獲瑜捥慨䅜灰慄慴䱜捯污停潲牧浡屳祐桴湯停瑹潨㍮㈱䱜扩獜瑩ⵥ慰正条獥獜慴汲瑥整牜畯楴杮瀮≹‬楬敮㜠ⰷ椠⁮灡൰ †愠慷瑩眠慲彰灡彰慨摮楬杮敟捸灥楴湯⡳灡Ɒ爠煥敵瑳⠩捳灯ⱥ爠捥楥敶‬敳摮ഩ 䘠汩⁥䌢尺獕牥屳整档屡灁䑰瑡屡潌慣屬牐杯慲獭停瑹潨屮祐桴湯ㄳ尲楌屢楳整瀭捡慫敧屳瑳牡敬瑴履敟捸灥楴湯桟湡汤牥瀮≹‬楬敮㘠ⰴ椠⁮牷灡数彤灡൰ †爠楡敳攠捸਍†楆敬∠㩃啜敳獲瑜捥慨䅜灰慄慴䱜捯污停潲牧浡屳祐桴湯停瑹潨㍮㈱䱜扩獜瑩ⵥ慰正条獥獜慴汲瑥整彜硥散瑰潩彮慨摮敬⹲祰Ⱒ氠湩⁥㌵‬湩眠慲灰摥慟灰਍††睡楡⁴灡⡰捳灯ⱥ爠捥楥敶‬敳摮牥ഩ 䘠汩⁥䌢尺獕牥屳整档屡灁䑰瑡屡潌慣屬牐杯慲獭停瑹潨屮祐桴湯ㄳ尲楌屢楳整瀭捡慫敧屳瑳牡敬瑴履潲瑵湩⹧祰Ⱒ氠湩⁥㈷‬湩愠灰਍††敲灳湯敳㴠愠慷瑩映湵⡣敲畱獥⥴਍†††††††帠幞幞幞幞幞幞幞幞幞਍†楆敬∠㩃啜敳獲瑜捥慨䅜灰慄慴䱜捯污停潲牧浡屳祐桴湯停瑹潨㍮㈱䱜扩獜瑩ⵥ慰正条獥晜獡慴楰牜畯楴杮瀮≹‬楬敮㈠㠷‬湩愠灰਍††慲彷敲灳湯敳㴠愠慷瑩爠湵敟摮潰湩彴畦据楴湯ന †††††††††幞幞幞幞幞幞幞幞幞幞幞幞幞幞਍†楆敬∠㩃啜敳獲瑜捥慨䅜灰慄慴䱜捯污停潲牧浡屳祐桴湯停瑹潨㍮㈱䱜扩獜瑩ⵥ慰正条獥晜獡慴楰牜畯楴杮瀮≹‬楬敮ㄠㄹ‬湩爠湵敟摮潰湩彴畦据楴湯਍††敲畴湲愠慷瑩搠灥湥慤瑮挮污⡬⨪慶畬獥ഩ †††††幞幞幞幞幞幞幞幞幞幞幞幞幞幞幞਍†楆敬∠㩃啜敳獲瑜捥慨作敮牄癩履敄歳潴屰慳敬⁳楡瀠慬晴潲屭慢正湥層灡屰潲瑵獥浜獩楳杮牟畯整⹳祰Ⱒ氠湩⁥〱㤲‬湩氠獩彴楦慮据彥畢杤瑥൳ †戠摵敧獴㴠搠形畱牥⡹匢䱅䍅⁔‪剆䵏戠摵敧獴圠䕈䕒挠浯慰祮楟⁤‽‿剏䕄⁒奂映獩慣彬敹牡䐠卅≃‬挨浯慰祮楟Ɽ⤩਍†††††††幞幞幞幞幞幞幞幞幞幞幞幞幞幞幞幞幞幞幞幞幞幞幞幞幞幞幞幞幞幞幞幞幞幞幞幞幞幞幞幞幞幞幞幞幞幞幞൞ 䘠汩⁥䌢尺獕牥屳整档屡湏䑥楲敶䑜獥瑫灯獜污獥愠⁩汰瑡牦浯扜捡敫摮慜灰牜畯整屳業獳湩彧潲瑵獥瀮≹‬楬敮㜠ⰶ椠⁮扤煟敵祲਍††慲獩⁥൥ 䘠汩⁥䌢尺獕牥屳整档屡湏䑥楲敶䑜獥瑫灯獜污獥愠⁩汰瑡牦浯扜捡敫摮慜灰牜畯整屳業獳湩彧潲瑵獥瀮≹‬楬敮㘠ⰹ椠⁮扤煟敵祲਍††畣⹲硥捥瑵⡥畱牥ⱹ愠杲⥳਍煳楬整⸳灏牥瑡潩慮䕬牲牯›潮猠捵⁨慴汢㩥戠摵敧獴਍਍㉛㈰ⴶ㌰㈭‹ㄲㄺ㨴㠰㘮㔵㔷崷嬠䑉攺㈲慡㍦ⴴ㌶ㄴ㐭昰ⴵ晡愷㤭慢㘳㕣扢㙣嵡䔠剒›潗歲灳捡䕥杮湩⹥敧彴湩敶瑮牯役敨污桴⤨朠瑯愠⁮湵硥数瑣摥欠祥潷摲愠杲浵湥⁴挧浯慰祮楟❤਍†‫硅散瑰潩⁮片畯⁰牔捡扥捡⁫洨獯⁴敲散瑮挠污⁬慬瑳㨩਍†⁼†楆敬∠㩃啜敳獲瑜捥慨䅜灰慄慴䱜捯污停潲牧浡屳祐桴湯停瑹潨㍮㈱䱜扩獜瑩ⵥ慰正条獥獜慴汲瑥整彜瑵汩⹳祰Ⱒ氠湩⁥㜸‬湩挠汯慬獰彥硥杣潲灵൳ 簠††礠敩摬਍†⁼†楆敬∠㩃啜敳獲瑜捥慨䅜灰慄慴䱜捯污停潲牧浡屳祐桴湯停瑹潨㍮㈱䱜扩獜瑩ⵥ慰正条獥獜慴汲瑥整浜摩汤睥牡履慢敳瀮≹‬楬敮ㄠ〹‬湩张损污彬ൟ 簠††愠祳据眠瑩⁨湡楹⹯牣慥整瑟獡彫牧畯⡰ 獡琠獡彫牧畯㩰਍†⁼†楆敬∠㩃啜敳獲瑜捥慨䅜灰慄慴䱜捯污停潲牧浡屳祐桴湯停瑹潨㍮㈱䱜扩獜瑩ⵥ慰正条獥慜祮潩彜慢正湥獤彜獡湹楣⹯祰Ⱒ氠湩⁥㜶ⰸ椠⁮彟敡楸彴ൟ 簠††爠楡敳䈠獡䕥捸灥楴湯片畯⡰਍†⁼硅散瑰潩䝮潲灵›湵慨摮敬⁤牥潲獲椠⁮⁡慔歳片畯⁰ㄨ猠扵攭捸灥楴湯ഩ ⬠⬭ⴭⴭⴭⴭⴭⴭⴭⴭㄠⴠⴭⴭⴭⴭⴭⴭⴭഭ †簠吠慲散慢正⠠潭瑳爠捥湥⁴慣汬氠獡⥴ഺ †簠†䘠汩⁥䌢尺獕牥屳整档屡灁䑰瑡屡潌慣屬牐杯慲獭停瑹潨屮祐桴湯ㄳ尲楌屢楳整瀭捡慫敧屳瑳牡敬瑴履業摤敬慷敲敜牲牯⹳祰Ⱒ氠湩⁥㘱ⰴ椠⁮彟慣汬彟਍††⁼††睡楡⁴敳晬愮灰猨潣数‬敲散癩ⱥ张敳摮ഩ †簠†䘠汩⁥䌢尺獕牥屳整档屡灁䑰瑡屡潌慣屬牐杯慲獭停瑹潨屮祐桴湯ㄳ尲楌屢楳整瀭捡慫敧屳瑳牡敬瑴履業摤敬慷敲扜獡⹥祰Ⱒ氠湩⁥㠱ⰹ椠⁮彟慣汬彟਍††⁼††楷桴挠汯慬獰彥硥杣潲灵⡳㨩਍††⁼†楆敬∠㩃啜敳獲瑜捥慨䅜灰慄慴䱜捯污停潲牧浡屳祐桴湯停瑹潨㍮㈱䱜扩捜湯整瑸楬⹢祰Ⱒ氠湩⁥㔱ⰸ椠⁮彟硥瑩彟਍††⁼††敳晬朮湥琮牨睯瘨污敵ഩ †簠†䘠汩⁥䌢尺獕牥屳整档屡灁䑰瑡屡潌慣屬牐杯慲獭停瑹潨屮祐桴湯ㄳ尲楌屢楳整瀭捡慫敧屳瑳牡敬瑴履畟楴獬瀮≹‬楬敮㤠ⰳ椠⁮潣汬灡敳敟捸牧畯獰਍††⁼††慲獩⁥硥ൣ †簠†䘠汩⁥䌢尺獕牥屳整档屡灁䑰瑡屡潌慣屬牐杯慲獭停瑹潨屮祐桴湯ㄳ尲楌屢楳整瀭捡慫敧屳瑳牡敬瑴履業摤敬慷敲扜獡⹥祰Ⱒ氠湩⁥㤱ⰱ椠⁮彟慣汬彟਍††⁼††敲灳湯敳㴠愠慷瑩猠汥⹦楤灳瑡档晟湵⡣敲畱獥ⱴ挠污彬敮瑸ഩ †簠††††††††幞幞幞幞幞幞幞幞幞幞幞幞幞幞幞幞幞幞幞幞幞幞਍††⁼†楆敬∠㩃啜敳獲瑜捥慨作敮牄癩履敄歳潴屰慳敬⁳楡瀠慬晴潲屭慢正湥層灡屰業摤敬慷敲牜煥敵瑳损湯整瑸瀮≹‬楬敮㔠ⰶ椠⁮楤灳瑡档਍††⁼††慲獩⁥൥ †簠†䘠汩⁥䌢尺獕牥屳整档屡湏䑥楲敶䑜獥瑫灯獜污獥愠⁩汰瑡牦浯扜捡敫摮慜灰浜摩汤睥牡履敲畱獥彴潣瑮硥⹴祰Ⱒ氠湩⁥〵‬湩搠獩慰捴൨ †簠††爠獥潰獮⁥‽睡楡⁴慣汬湟硥⡴敲畱獥⥴਍††⁼†††††††帠幞幞幞幞幞幞幞幞幞幞幞൞ †簠†䘠汩⁥䌢尺獕牥屳整档屡灁䑰瑡屡潌慣屬牐杯慲獭停瑹潨屮祐桴湯ㄳ尲楌屢楳整瀭捡慫敧屳瑳牡敬瑴履業摤敬慷敲扜獡⹥祰Ⱒ氠湩⁥㘱ⰵ椠⁮慣汬湟硥൴ †簠††爠楡敳愠灰敟捸਍††⁼†楆敬∠㩃啜敳獲瑜捥慨䅜灰慄慴䱜捯污停潲牧浡屳祐桴湯停瑹潨㍮㈱䱜扩獜瑩ⵥ慰正条獥獜慴汲瑥整浜摩汤睥牡履慢敳瀮≹‬楬敮ㄠㄵ‬湩挠牯൯ †簠††愠慷瑩猠汥⹦灡⡰捳灯ⱥ爠捥楥敶潟彲楤捳湯敮瑣‬敳摮湟彯牥潲⥲਍††⁼†楆敬∠㩃啜敳獲瑜捥慨䅜灰慄慴䱜捯污停潲牧浡屳祐桴湯停瑹潨㍮㈱䱜扩獜瑩ⵥ慰正条獥獜慴汲瑥整浜摩汤睥牡履慢敳瀮≹‬楬敮ㄠ㤸‬湩张损污彬ൟ †簠††眠瑩⁨潣汬灡敳敟捸牧畯獰⤨ഺ †簠†䘠汩⁥䌢尺獕牥屳整档屡灁䑰瑡屡潌慣屬牐杯慲獭停瑹潨屮祐桴湯ㄳ尲楌屢潣瑮硥汴扩瀮≹‬楬敮ㄠ㠵‬湩张敟楸彴ൟ †簠††猠汥⹦敧⹮桴潲⡷慶畬⥥਍††⁼†楆敬∠㩃啜敳獲瑜捥慨䅜灰慄慴䱜捯污停潲牧浡屳祐桴湯停瑹潨㍮㈱䱜扩獜瑩ⵥ慰正条獥獜慴汲瑥整彜瑵汩⹳祰Ⱒ氠湩⁥㌹‬湩挠汯慬獰彥硥杣潲灵൳ †簠††爠楡敳攠捸਍††⁼†楆敬∠㩃啜敳獲瑜捥慨䅜灰慄慴䱜捯污停潲牧浡屳祐桴湯停瑹潨㍮㈱䱜扩獜瑩ⵥ慰正条獥獜慴汲瑥整浜摩汤睥牡履慢敳瀮≹‬楬敮ㄠㄹ‬湩张损污彬ൟ †簠††爠獥潰獮⁥‽睡楡⁴敳晬搮獩慰捴彨畦据爨煥敵瑳‬慣汬湟硥⥴਍††⁼†††††††帠幞幞幞幞幞幞幞幞幞幞幞幞幞幞幞幞幞幞幞幞幞൞ †簠†䘠汩⁥䌢尺獕牥屳整档屡湏䑥楲敶䑜獥瑫灯獜污獥愠⁩汰瑡牦浯扜捡敫摮慜灰浜摩汤睥牡履敳畣楲祴瀮≹‬楬敮㈠㌳‬湩搠獩慰捴൨ †簠††爠獥潰獮⁥‽睡楡⁴慣汬湟硥⡴敲畱獥⥴਍††⁼†††††††帠幞幞幞幞幞幞幞幞幞幞幞൞ †簠†䘠汩⁥䌢尺獕牥屳整档屡灁䑰瑡屡潌慣屬牐杯慲獭停瑹潨屮祐桴湯ㄳ尲楌屢楳整瀭捡慫敧屳瑳牡敬瑴履業摤敬慷敲扜獡⹥祰Ⱒ氠湩⁥㘱ⰵ椠⁮慣汬湟硥൴ †簠††爠楡敳愠灰敟捸਍††⁼†楆敬∠㩃啜敳獲瑜捥慨䅜灰慄慴䱜捯污停潲牧浡屳祐桴湯停瑹潨㍮㈱䱜扩獜瑩ⵥ慰正条獥獜慴汲瑥整浜摩汤睥牡履慢敳瀮≹‬楬敮ㄠㄵ‬湩挠牯൯ †簠††愠慷瑩猠汥⹦灡⡰捳灯ⱥ爠捥楥敶潟彲楤捳湯敮瑣‬敳摮湟彯牥潲⥲਍††⁼†楆敬∠㩃啜敳獲瑜捥慨䅜灰慄慴䱜捯污停潲牧浡屳祐桴湯停瑹潨㍮㈱䱜扩獜瑩ⵥ慰正条獥獜慴汲瑥整浜摩汤睥牡履慢敳瀮≹‬楬敮ㄠ㤸‬湩张损污彬ൟ †簠††眠瑩⁨潣汬灡敳敟捸牧畯獰⤨ഺ †簠†䘠汩⁥䌢尺獕牥屳整档屡灁䑰瑡屡潌慣屬牐杯慲獭停瑹潨屮祐桴湯ㄳ尲楌屢潣瑮硥汴扩瀮≹‬楬敮ㄠ㠵‬湩张敟楸彴ൟ †簠††猠汥⹦敧⹮桴潲⡷慶畬⥥਍††⁼†楆敬∠㩃啜敳獲瑜捥慨䅜灰慄慴䱜捯污停潲牧浡屳祐桴湯停瑹潨㍮㈱䱜扩獜瑩ⵥ慰正条獥獜慴汲瑥整彜瑵汩⹳祰Ⱒ氠湩⁥㌹‬湩挠汯慬獰彥硥杣潲灵൳ †簠††爠楡敳攠捸਍††⁼†楆敬∠㩃啜敳獲瑜捥慨䅜灰慄慴䱜捯污停潲牧浡屳祐桴湯停瑹潨㍮㈱䱜扩獜瑩ⵥ慰正条獥獜慴汲瑥整浜摩汤睥牡履慢敳瀮≹‬楬敮ㄠㄹ‬湩张损污彬ൟ †簠††爠獥潰獮⁥‽睡楡⁴敳晬搮獩慰捴彨畦据爨煥敵瑳‬慣汬湟硥⥴਍††⁼†††††††帠幞幞幞幞幞幞幞幞幞幞幞幞幞幞幞幞幞幞幞幞幞൞ †簠†䘠汩⁥䌢尺獕牥屳整档屡湏䑥楲敶䑜獥瑫灯獜污獥愠⁩汰瑡牦浯扜捡敫摮慜灰浜摩汤睥牡履敳畣楲祴瀮≹‬楬敮㈠㠱‬湩搠獩慰捴൨ †簠††爠獥潰獮⁥‽睡楡⁴慣汬湟硥⡴敲畱獥⥴਍††⁼†††††††帠幞幞幞幞幞幞幞幞幞幞幞൞ †簠†䘠汩⁥䌢尺獕牥屳整档屡灁䑰瑡屡潌慣屬牐杯慲獭停瑹潨屮祐桴湯ㄳ尲楌屢楳整瀭捡慫敧屳瑳牡敬瑴履業摤敬慷敲扜獡⹥祰Ⱒ氠湩⁥㘱ⰵ椠⁮慣汬湟硥൴ †簠††爠楡敳愠灰敟捸਍††⁼†楆敬∠㩃啜敳獲瑜捥慨䅜灰慄慴䱜捯污停潲牧浡屳祐桴湯停瑹潨㍮㈱䱜扩獜瑩ⵥ慰正条獥獜慴汲瑥整浜摩汤睥牡履慢敳瀮≹‬楬敮ㄠㄵ‬湩挠牯൯ †簠††愠慷瑩猠汥⹦灡⡰捳灯ⱥ爠捥楥敶潟彲楤捳湯敮瑣‬敳摮湟彯牥潲⥲਍††⁼†楆敬∠㩃啜敳獲瑜捥慨䅜灰慄慴䱜捯污停潲牧浡屳祐桴湯停瑹潨㍮㈱䱜扩獜瑩ⵥ慰正条獥獜慴汲瑥整浜摩汤睥牡履慢敳瀮≹‬楬敮ㄠ㤸‬湩张损污彬ൟ †簠††眠瑩⁨潣汬灡敳敟捸牧畯獰⤨ഺ †簠†䘠汩⁥䌢尺獕牥屳整档屡灁䑰瑡屡潌慣屬牐杯慲獭停瑹潨屮祐桴湯ㄳ尲楌屢潣瑮硥汴扩瀮≹‬楬敮ㄠ㠵‬湩张敟楸彴ൟ †簠††猠汥⹦敧⹮桴潲⡷慶畬⥥਍††⁼†楆敬∠㩃啜敳獲瑜捥慨䅜灰慄慴䱜捯污停潲牧浡屳祐桴湯停瑹潨㍮㈱䱜扩獜瑩ⵥ慰正条獥獜慴汲瑥整彜瑵汩⹳祰Ⱒ氠湩⁥㌹‬湩挠汯慬獰彥硥杣潲灵൳ †簠††爠楡敳攠捸਍††⁼†楆敬∠㩃啜敳獲瑜捥慨䅜灰慄慴䱜捯污停潲牧浡屳祐桴湯停瑹潨㍮㈱䱜扩獜瑩ⵥ慰正条獥獜慴汲瑥整浜摩汤睥牡履慢敳瀮≹‬楬敮ㄠㄹ‬湩张损污彬ൟ †簠††爠獥潰獮⁥‽睡楡⁴敳晬搮獩慰捴彨畦据爨煥敵瑳‬慣汬湟硥⥴਍††⁼†††††††帠幞幞幞幞幞幞幞幞幞幞幞幞幞幞幞幞幞幞幞幞幞൞ †簠†䘠汩⁥䌢尺獕牥屳整档屡湏䑥楲敶䑜獥瑫灯獜污獥愠⁩汰瑡牦浯扜捡敫摮慜灰浜摩汤睥牡履整慮瑮敟普牯散敭瑮瀮≹‬楬敮㔠ⰸ椠⁮楤灳瑡档਍††⁼††敲畴湲愠慷瑩挠污彬敮瑸爨煥敵瑳ഩ †簠††††††幞幞幞幞幞幞幞幞幞幞幞幞਍††⁼†楆敬∠㩃啜敳獲瑜捥慨䅜灰慄慴䱜捯污停潲牧浡屳祐桴湯停瑹潨㍮㈱䱜扩獜瑩ⵥ慰正条獥獜慴汲瑥整浜摩汤睥牡履慢敳瀮≹‬楬敮ㄠ㔶‬湩挠污彬敮瑸਍††⁼††慲獩⁥灡彰硥ൣ †簠†䘠汩⁥䌢尺獕牥屳整档屡灁䑰瑡屡潌慣屬牐杯慲獭停瑹潨屮祐桴湯ㄳ尲楌屢楳整瀭捡慫敧屳瑳牡敬瑴履業摤敬慷敲扜獡⹥祰Ⱒ氠湩⁥㔱ⰱ椠⁮潣潲਍††⁼††睡楡⁴敳晬愮灰猨潣数‬敲散癩彥牯摟獩潣湮捥ⱴ猠湥彤潮敟牲牯ഩ †簠†䘠汩⁥䌢尺獕牥屳整档屡灁䑰瑡屡潌慣屬牐杯慲獭停瑹潨屮祐桴湯ㄳ尲楌屢楳整瀭捡慫敧屳瑳牡敬瑴履業摤敬慷敲捜牯⹳祰Ⱒ氠湩⁥㔸‬湩张损污彬ൟ †簠††愠慷瑩猠汥⹦灡⡰捳灯ⱥ爠捥楥敶‬敳摮ഩ †簠†䘠汩⁥䌢尺獕牥屳整档屡灁䑰瑡屡潌慣屬牐杯慲獭停瑹潨屮祐桴湯ㄳ尲楌屢楳整瀭捡慫敧屳瑳牡敬瑴履業摤敬慷敲敜捸灥楴湯⹳祰Ⱒ氠湩⁥㔶‬湩张损污彬ൟ †簠††愠慷瑩眠慲彰灡彰慨摮楬杮敟捸灥楴湯⡳敳晬愮灰‬潣湮⠩捳灯ⱥ爠捥楥敶‬敳摮ഩ †簠†䘠汩⁥䌢尺獕牥屳整档屡灁䑰瑡屡潌慣屬牐杯慲獭停瑹潨屮祐桴湯ㄳ尲楌屢楳整瀭捡慫敧屳瑳牡敬瑴履敟捸灥楴湯桟湡汤牥瀮≹‬楬敮㘠ⰴ椠⁮牷灡数彤灡൰ †簠††爠楡敳攠捸਍††⁼†楆敬∠㩃啜敳獲瑜捥慨䅜灰慄慴䱜捯污停潲牧浡屳祐桴湯停瑹潨㍮㈱䱜扩獜瑩ⵥ慰正条獥獜慴汲瑥整彜硥散瑰潩彮慨摮敬⹲祰Ⱒ氠湩⁥㌵‬湩眠慲灰摥慟灰਍††⁼††睡楡⁴灡⡰捳灯ⱥ爠捥楥敶‬敳摮牥ഩ †簠†䘠汩⁥䌢尺獕牥屳整档屡灁䑰瑡屡潌慣屬牐杯慲獭停瑹潨屮祐桴湯ㄳ尲楌屢楳整瀭捡慫敧屳瑳牡敬瑴履潲瑵湩⹧祰Ⱒ氠湩⁥㔷ⰶ椠⁮彟慣汬彟਍††⁼††睡楡⁴敳晬洮摩汤睥牡彥瑳捡⡫捳灯ⱥ爠捥楥敶‬敳摮ഩ †簠†䘠汩⁥䌢尺獕牥屳整档屡灁䑰瑡屡潌慣屬牐杯慲獭停瑹潨屮祐桴湯ㄳ尲楌屢楳整瀭捡慫敧屳瑳牡敬瑴履潲瑵湩⹧祰Ⱒ氠湩⁥㜷ⰶ椠⁮灡൰ †簠††愠慷瑩爠畯整栮湡汤⡥捳灯ⱥ爠捥楥敶‬敳摮ഩ †簠†䘠汩⁥䌢尺獕牥屳整档屡灁䑰瑡屡潌慣屬牐杯慲獭停瑹潨屮祐桴湯ㄳ尲楌屢楳整瀭捡慫敧屳瑳牡敬瑴履潲瑵湩⹧祰Ⱒ氠湩⁥㤲ⰷ椠⁮慨摮敬਍††⁼††睡楡⁴敳晬愮灰猨潣数‬敲散癩ⱥ猠湥⥤਍††⁼†楆敬∠㩃啜敳獲瑜捥慨䅜灰慄慴䱜捯污停潲牧浡屳祐桴湯停瑹潨㍮㈱䱜扩獜瑩ⵥ慰正条獥獜慴汲瑥整牜畯楴杮瀮≹‬楬敮㜠ⰷ椠⁮灡൰ †簠††愠慷瑩眠慲彰灡彰慨摮楬杮敟捸灥楴湯⡳灡Ɒ爠煥敵瑳⠩捳灯ⱥ爠捥楥敶‬敳摮ഩ †簠†䘠汩⁥䌢尺獕牥屳整档屡灁䑰瑡屡潌慣屬牐杯慲獭停瑹潨屮祐桴湯ㄳ尲楌屢楳整瀭捡慫敧屳瑳牡敬瑴履敟捸灥楴湯桟湡汤牥瀮≹‬楬敮㘠ⰴ椠⁮牷灡数彤灡൰ †簠††爠楡敳攠捸਍††⁼†楆敬∠㩃啜敳獲瑜捥慨䅜灰慄慴䱜捯污停潲牧浡屳祐桴湯停瑹潨㍮㈱䱜扩獜瑩ⵥ慰正条獥獜慴汲瑥整彜硥散瑰潩彮慨摮敬⹲祰Ⱒ氠湩⁥㌵‬湩眠慲灰摥慟灰਍††⁼††睡楡⁴灡⡰捳灯ⱥ爠捥楥敶‬敳摮牥ഩ †簠†䘠汩⁥䌢尺獕牥屳整档屡灁䑰瑡屡潌慣屬牐杯慲獭停瑹潨屮祐桴湯ㄳ尲楌屢楳整瀭捡慫敧屳瑳牡敬瑴履潲瑵湩⹧祰Ⱒ氠湩⁥㈷‬湩愠灰਍††⁼††敲灳湯敳㴠愠慷瑩映湵⡣敲畱獥⥴਍††⁼†††††††帠幞幞幞幞幞幞幞幞幞਍††⁼†楆敬∠㩃啜敳獲瑜捥慨䅜灰慄慴䱜捯污停潲牧浡屳祐桴湯停瑹潨㍮㈱䱜扩獜瑩ⵥ慰正条獥晜獡慴楰牜畯楴杮瀮≹‬楬敮㈠㠷‬湩愠灰਍††⁼††慲彷敲灳湯敳㴠愠慷瑩爠湵敟摮潰湩彴畦据楴湯ന †簠††††††††††幞幞幞幞幞幞幞幞幞幞幞幞幞幞਍††⁼†楆敬∠㩃啜敳獲瑜捥慨䅜灰慄慴䱜捯污停潲牧浡屳祐桴湯停瑹潨㍮㈱䱜扩獜瑩ⵥ慰正条獥晜獡慴楰牜畯楴杮瀮≹‬楬敮ㄠㄹ‬湩爠湵敟摮潰湩彴畦据楴湯਍††⁼††敲畴湲愠慷瑩搠灥湥慤瑮挮污⡬⨪慶畬獥ഩ †簠††††††幞幞幞幞幞幞幞幞幞幞幞幞幞幞幞਍††⁼†楆敬∠㩃啜敳獲瑜捥慨作敮牄癩履敄歳潴屰慳敬⁳楡瀠慬晴潲屭慢正湥層灡屰灡屩ㅶ敜摮潰湩獴睜牯獫慰散瀮≹‬楬敮㌠㜴‬湩朠瑥楟癮湥潴祲桟慥瑬൨ †簠††爠瑥牵⁮潗歲灳捡䕥杮湩⹥敧彴湩敶瑮牯役敨污桴挨浯慰祮楟㵤潣灭湡役摩ഩ †簠††††††幞幞幞幞幞幞幞幞幞幞幞幞幞幞幞幞幞幞幞幞幞幞幞幞幞幞幞幞幞൞ †簠吠灹䕥牲牯›潗歲灳捡䕥杮湩⹥敧彴湩敶瑮牯役敨污桴⤨朠瑯愠⁮湵硥数瑣摥欠祥潷摲愠杲浵湥⁴挧浯慰祮楟❤਍††⴫ⴭⴭⴭⴭⴭⴭⴭⴭⴭⴭⴭⴭⴭⴭⴭⴭⴭഭഊ䐊牵湩⁧慨摮楬杮漠⁦桴⁥扡癯⁥硥散瑰潩Ɱ愠潮桴牥攠捸灥楴湯漠捣牵敲㩤਍਍牔捡扥捡⁫洨獯⁴敲散瑮挠污⁬慬瑳㨩਍†楆敬∠㩃啜敳獲瑜捥慨䅜灰慄慴䱜捯污停潲牧浡屳祐桴湯停瑹潨㍮㈱䱜扩獜瑩ⵥ慰正条獥獜慴汲瑥整浜摩汤睥牡履牥潲獲瀮≹‬楬敮ㄠ㐶‬湩张损污彬ൟ †愠慷瑩猠汥⹦灡⡰捳灯ⱥ爠捥楥敶‬獟湥⥤਍†楆敬∠㩃啜敳獲瑜捥慨䅜灰慄慴䱜捯污停潲牧浡屳祐桴湯停瑹潨㍮㈱䱜扩獜瑩ⵥ慰正条獥獜慴汲瑥整浜摩汤睥牡履慢敳瀮≹‬楬敮ㄠ㤸‬湩张损污彬ൟ †眠瑩⁨潣汬灡敳敟捸牧畯獰⤨ഺ 䘠汩⁥䌢尺獕牥屳整档屡灁䑰瑡屡潌慣屬牐杯慲獭停瑹潨屮祐桴湯ㄳ尲楌屢潣瑮硥汴扩瀮≹‬楬敮ㄠ㠵‬湩张敟楸彴ൟ †猠汥⹦敧⹮桴潲⡷慶畬⥥਍†楆敬∠㩃啜敳獲瑜捥慨䅜灰慄慴䱜捯污停潲牧浡屳祐桴湯停瑹潨㍮㈱䱜扩獜瑩ⵥ慰正条獥獜慴汲瑥整彜瑵汩⹳祰Ⱒ氠湩⁥㌹‬湩挠汯慬獰彥硥杣潲灵൳ †爠楡敳攠捸਍†楆敬∠㩃啜敳獲瑜捥慨䅜灰慄慴䱜捯污停潲牧浡屳祐桴湯停瑹潨㍮㈱䱜扩獜瑩ⵥ慰正条獥獜慴汲瑥整浜摩汤睥牡履慢敳瀮≹‬楬敮ㄠㄹ‬湩张损污彬ൟ †爠獥潰獮⁥‽睡楡⁴敳晬搮獩慰捴彨畦据爨煥敵瑳‬慣汬湟硥⥴਍†††††††帠幞幞幞幞幞幞幞幞幞幞幞幞幞幞幞幞幞幞幞幞幞൞ 䘠汩⁥䌢尺獕牥屳整档屡湏䑥楲敶䑜獥瑫灯獜污獥愠⁩汰瑡牦浯扜捡敫摮慜灰浜摩汤睥牡履敲畱獥彴潣瑮硥⹴祰Ⱒ氠湩⁥㘵‬湩搠獩慰捴൨ †爠楡敳攠਍†楆敬∠㩃啜敳獲瑜捥慨作敮牄癩履敄歳潴屰慳敬⁳楡瀠慬晴潲屭慢正湥層灡屰業摤敬慷敲牜煥敵瑳损湯整瑸瀮≹‬楬敮㔠ⰰ椠⁮楤灳瑡档਍††敲灳湯敳㴠愠慷瑩挠污彬敮瑸爨煥敵瑳ഩ †††††††幞幞幞幞幞幞幞幞幞幞幞幞਍†楆敬∠㩃啜敳獲瑜捥慨䅜灰慄慴䱜捯污停潲牧浡屳祐桴湯停瑹潨㍮㈱䱜扩獜瑩ⵥ慰正条獥獜慴汲瑥整浜摩汤睥牡履慢敳瀮≹‬楬敮ㄠ㔶‬湩挠污彬敮瑸਍††慲獩⁥灡彰硥ൣ 䘠汩⁥䌢尺獕牥屳整档屡灁䑰瑡屡潌慣屬牐杯慲獭停瑹潨屮祐桴湯ㄳ尲楌屢楳整瀭捡慫敧屳瑳牡敬瑴履業摤敬慷敲扜獡⹥祰Ⱒ氠湩⁥㔱ⰱ椠⁮潣潲਍††睡楡⁴敳晬愮灰猨潣数‬敲散癩彥牯摟獩潣湮捥ⱴ猠湥彤潮敟牲牯ഩ 䘠汩⁥䌢尺獕牥屳整档屡灁䑰瑡屡潌慣屬牐杯慲獭停瑹潨屮祐桴湯ㄳ尲楌屢楳整瀭捡慫敧屳瑳牡敬瑴履業摤敬慷敲扜獡⹥祰Ⱒ氠湩⁥㠱ⰹ椠⁮彟慣汬彟਍††楷桴挠汯慬獰彥硥杣潲灵⡳㨩਍†楆敬∠㩃啜敳獲瑜捥慨䅜灰慄慴䱜捯污停潲牧浡屳祐桴湯停瑹潨㍮㈱䱜扩捜湯整瑸楬⹢祰Ⱒ氠湩⁥㔱ⰸ椠⁮彟硥瑩彟਍††敳晬朮湥琮牨睯瘨污敵ഩ 䘠汩⁥䌢尺獕牥屳整档屡灁䑰瑡屡潌慣屬牐杯慲獭停瑹潨屮祐桴湯ㄳ尲楌屢楳整瀭捡慫敧屳瑳牡敬瑴履畟楴獬瀮≹‬楬敮㤠ⰳ椠⁮潣汬灡敳敟捸牧畯獰਍††慲獩⁥硥ൣ 䘠汩⁥䌢尺獕牥屳整档屡灁䑰瑡屡潌慣屬牐杯慲獭停瑹潨屮祐桴湯ㄳ尲楌屢楳整瀭捡慫敧屳瑳牡敬瑴履業摤敬慷敲扜獡⹥祰Ⱒ氠湩⁥㤱ⰱ椠⁮彟慣汬彟਍††敲灳湯敳㴠愠慷瑩猠汥⹦楤灳瑡档晟湵⡣敲畱獥ⱴ挠污彬敮瑸ഩ †††††††幞幞幞幞幞幞幞幞幞幞幞幞幞幞幞幞幞幞幞幞幞幞਍†楆敬∠㩃啜敳獲瑜捥慨作敮牄癩履敄歳潴屰慳敬⁳楡瀠慬晴潲屭慢正湥層灡屰業摤敬慷敲獜捥牵瑩⹹祰Ⱒ氠湩⁥㌲ⰳ椠⁮楤灳瑡档਍††敲灳湯敳㴠愠慷瑩挠污彬敮瑸爨煥敵瑳ഩ †††††††幞幞幞幞幞幞幞幞幞幞幞幞਍†楆敬∠㩃啜敳獲瑜捥慨䅜灰慄慴䱜捯污停潲牧浡屳祐桴湯停瑹潨㍮㈱䱜扩獜瑩ⵥ慰正条獥獜慴汲瑥整浜摩汤睥牡履慢敳瀮≹‬楬敮ㄠ㔶‬湩挠污彬敮瑸਍††慲獩⁥灡彰硥ൣ 䘠汩⁥䌢尺獕牥屳整档屡灁䑰瑡屡潌慣屬牐杯慲獭停瑹潨屮祐桴湯ㄳ尲楌屢楳整瀭捡慫敧屳瑳牡敬瑴履業摤敬慷敲扜獡⹥祰Ⱒ氠湩⁥㔱ⰱ椠⁮潣潲਍††睡楡⁴敳晬愮灰猨潣数‬敲散癩彥牯摟獩潣湮捥ⱴ猠湥彤潮敟牲牯ഩ 䘠汩⁥䌢尺獕牥屳整档屡灁䑰瑡屡潌慣屬牐杯慲獭停瑹潨屮祐桴湯ㄳ尲楌屢楳整瀭捡慫敧屳瑳牡敬瑴履業摤敬慷敲扜獡⹥祰Ⱒ氠湩⁥㠱ⰹ椠⁮彟慣汬彟਍††楷桴挠汯慬獰彥硥杣潲灵⡳㨩਍†楆敬∠㩃啜敳獲瑜捥慨䅜灰慄慴䱜捯污停潲牧浡屳祐桴湯停瑹潨㍮㈱䱜扩捜湯整瑸楬⹢祰Ⱒ氠湩⁥㔱ⰸ椠⁮彟硥瑩彟਍††敳晬朮湥琮牨睯瘨污敵ഩ 䘠汩⁥䌢尺獕牥屳整档屡灁䑰瑡屡潌慣屬牐杯慲獭停瑹潨屮祐桴湯ㄳ尲楌屢楳整瀭捡慫敧屳瑳牡敬瑴履畟楴獬瀮≹‬楬敮㤠ⰳ椠⁮潣汬灡敳敟捸牧畯獰਍††慲獩⁥硥ൣ 䘠汩⁥䌢尺獕牥屳整档屡灁䑰瑡屡潌慣屬牐杯慲獭停瑹潨屮祐桴湯ㄳ尲楌屢楳整瀭捡慫敧屳瑳牡敬瑴履業摤敬慷敲扜獡⹥祰Ⱒ氠湩⁥㤱ⰱ椠⁮彟慣汬彟਍††敲灳湯敳㴠愠慷瑩猠汥⹦楤灳瑡档晟湵⡣敲畱獥ⱴ挠污彬敮瑸ഩ †††††††幞幞幞幞幞幞幞幞幞幞幞幞幞幞幞幞幞幞幞幞幞幞਍†楆敬∠㩃啜敳獲瑜捥慨作敮牄癩履敄歳潴屰慳敬⁳楡瀠慬晴潲屭慢正湥層灡屰業摤敬慷敲獜捥牵瑩⹹祰Ⱒ氠湩⁥ㄲⰸ椠⁮楤灳瑡档਍††敲灳湯敳㴠愠慷瑩挠污彬敮瑸爨煥敵瑳ഩ †††††††幞幞幞幞幞幞幞幞幞幞幞幞਍†楆敬∠㩃啜敳獲瑜捥慨䅜灰慄慴䱜捯污停潲牧浡屳祐桴湯停瑹潨㍮㈱䱜扩獜瑩ⵥ慰正条獥獜慴汲瑥整浜摩汤睥牡履慢敳瀮≹‬楬敮ㄠ㔶‬湩挠污彬敮瑸਍††慲獩⁥灡彰硥ൣ 䘠汩⁥䌢尺獕牥屳整档屡灁䑰瑡屡潌慣屬牐杯慲獭停瑹潨屮祐桴湯ㄳ尲楌屢楳整瀭捡慫敧屳瑳牡敬瑴履業摤敬慷敲扜獡⹥祰Ⱒ氠湩⁥㔱ⰱ椠⁮潣潲਍††睡楡⁴敳晬愮灰猨潣数‬敲散癩彥牯摟獩潣湮捥ⱴ猠湥彤潮敟牲牯ഩ 䘠汩⁥䌢尺獕牥屳整档屡灁䑰瑡屡潌慣屬牐杯慲獭停瑹潨屮祐桴湯ㄳ尲楌屢楳整瀭捡慫敧屳瑳牡敬瑴履業摤敬慷敲扜獡⹥祰Ⱒ氠湩⁥㠱ⰹ椠⁮彟慣汬彟਍††楷桴挠汯慬獰彥硥杣潲灵⡳㨩਍†楆敬∠㩃啜敳獲瑜捥慨䅜灰慄慴䱜捯污停潲牧浡屳祐桴湯停瑹潨㍮㈱䱜扩捜湯整瑸楬⹢祰Ⱒ氠湩⁥㔱ⰸ椠⁮彟硥瑩彟਍††敳晬朮湥琮牨睯瘨污敵ഩ 䘠汩⁥䌢尺獕牥屳整档屡灁䑰瑡屡潌慣屬牐杯慲獭停瑹潨屮祐桴湯ㄳ尲楌屢楳整瀭捡慫敧屳瑳牡敬瑴履畟楴獬瀮≹‬楬敮㤠ⰳ椠⁮潣汬灡敳敟捸牧畯獰਍††慲獩⁥硥ൣ 䘠汩⁥䌢尺獕牥屳整档屡灁䑰瑡屡潌慣屬牐杯慲獭停瑹潨屮祐桴湯ㄳ尲楌屢楳整瀭捡慫敧屳瑳牡敬瑴履業摤敬慷敲扜獡⹥祰Ⱒ氠湩⁥㤱ⰱ椠⁮彟慣汬彟਍††敲灳湯敳㴠愠慷瑩猠汥⹦楤灳瑡档晟湵⡣敲畱獥ⱴ挠污彬敮瑸ഩ †††††††幞幞幞幞幞幞幞幞幞幞幞幞幞幞幞幞幞幞幞幞幞幞਍†楆敬∠㩃啜敳獲瑜捥慨作敮牄癩履敄歳潴屰慳敬⁳楡瀠慬晴潲屭慢正湥層灡屰業摤敬慷敲瑜湥湡彴湥潦捲浥湥⹴祰Ⱒ氠湩⁥㠵‬湩搠獩慰捴൨ †爠瑥牵⁮睡楡⁴慣汬湟硥⡴敲畱獥⥴਍†††††帠幞幞幞幞幞幞幞幞幞幞幞൞ 䘠汩⁥䌢尺獕牥屳整档屡灁䑰瑡屡潌慣屬牐杯慲獭停瑹潨屮祐桴湯ㄳ尲楌屢楳整瀭捡慫敧屳瑳牡敬瑴履業摤敬慷敲扜獡⹥祰Ⱒ氠湩⁥㘱ⰵ椠⁮慣汬湟硥൴ †爠楡敳愠灰敟捸਍†楆敬∠㩃啜敳獲瑜捥慨䅜灰慄慴䱜捯污停潲牧浡屳祐桴湯停瑹潨㍮㈱䱜扩獜瑩ⵥ慰正条獥獜慴汲瑥整浜摩汤睥牡履慢敳瀮≹‬楬敮ㄠㄵ‬湩挠牯൯ †愠慷瑩猠汥⹦灡⡰捳灯ⱥ爠捥楥敶潟彲楤捳湯敮瑣‬敳摮湟彯牥潲⥲਍†楆敬∠㩃啜敳獲瑜捥慨䅜灰慄慴䱜捯污停潲牧浡屳祐桴湯停瑹潨㍮㈱䱜扩獜瑩ⵥ慰正条獥獜慴汲瑥整浜摩汤睥牡履潣獲瀮≹‬楬敮㠠ⰵ椠⁮彟慣汬彟਍††睡楡⁴敳晬愮灰猨潣数‬敲散癩ⱥ猠湥⥤਍†楆敬∠㩃啜敳獲瑜捥慨䅜灰慄慴䱜捯污停潲牧浡屳祐桴湯停瑹潨㍮㈱䱜扩獜瑩ⵥ慰正条獥獜慴汲瑥整浜摩汤睥牡履硥散瑰潩獮瀮≹‬楬敮㘠ⰵ椠⁮彟慣汬彟਍††睡楡⁴牷灡慟灰桟湡汤湩彧硥散瑰潩獮猨汥⹦灡Ɒ挠湯⥮猨潣数‬敲散癩ⱥ猠湥⥤਍†楆敬∠㩃啜敳獲瑜捥慨䅜灰慄慴䱜捯污停潲牧浡屳祐桴湯停瑹潨㍮㈱䱜扩獜瑩ⵥ慰正条獥獜慴汲瑥整彜硥散瑰潩彮慨摮敬⹲祰Ⱒ氠湩⁥㐶‬湩眠慲灰摥慟灰਍††慲獩⁥硥ൣ 䘠汩⁥䌢尺獕牥屳整档屡灁䑰瑡屡潌慣屬牐杯慲獭停瑹潨屮祐桴湯ㄳ尲楌屢楳整瀭捡慫敧屳瑳牡敬瑴履敟捸灥楴湯桟湡汤牥瀮≹‬楬敮㔠ⰳ椠⁮牷灡数彤灡൰ †愠慷瑩愠灰猨潣数‬敲散癩ⱥ猠湥敤⥲਍†楆敬∠㩃啜敳獲瑜捥慨䅜灰慄慴䱜捯污停潲牧浡屳祐桴湯停瑹潨㍮㈱䱜扩獜瑩ⵥ慰正条獥獜慴汲瑥整牜畯楴杮瀮≹‬楬敮㜠㘵‬湩张损污彬ൟ †愠慷瑩猠汥⹦業摤敬慷敲獟慴正猨潣数‬敲散癩ⱥ猠湥⥤਍†楆敬∠㩃啜敳獲瑜捥慨䅜灰慄慴䱜捯污停潲牧浡屳祐桴湯停瑹潨㍮㈱䱜扩獜瑩ⵥ慰正条獥獜慴汲瑥整牜畯楴杮瀮≹‬楬敮㜠㘷‬湩愠灰਍††睡楡⁴潲瑵⹥慨摮敬猨潣数‬敲散癩ⱥ猠湥⥤਍†楆敬∠㩃啜敳獲瑜捥慨䅜灰慄慴䱜捯污停潲牧浡屳祐桴湯停瑹潨㍮㈱䱜扩獜瑩ⵥ慰正条獥獜慴汲瑥整牜畯楴杮瀮≹‬楬敮㈠㜹‬湩栠湡汤൥ †愠慷瑩猠汥⹦灡⡰捳灯ⱥ爠捥楥敶‬敳摮ഩ 䘠汩⁥䌢尺獕牥屳整档屡灁䑰瑡屡潌慣屬牐杯慲獭停瑹潨屮祐桴湯ㄳ尲楌屢楳整瀭捡慫敧屳瑳牡敬瑴履潲瑵湩⹧祰Ⱒ氠湩⁥㜷‬湩愠灰਍††睡楡⁴牷灡慟灰桟湡汤湩彧硥散瑰潩獮愨灰‬敲畱獥⥴猨潣数‬敲散癩ⱥ猠湥⥤਍†楆敬∠㩃啜敳獲瑜捥慨䅜灰慄慴䱜捯污停潲牧浡屳祐桴湯停瑹潨㍮㈱䱜扩獜瑩ⵥ慰正条獥獜慴汲瑥整彜硥散瑰潩彮慨摮敬⹲祰Ⱒ氠湩⁥㐶‬湩眠慲灰摥慟灰਍††慲獩⁥硥ൣ 䘠汩⁥䌢尺獕牥屳整档屡灁䑰瑡屡潌慣屬牐杯慲獭停瑹潨屮祐桴湯ㄳ尲楌屢楳整瀭捡慫敧屳瑳牡敬瑴履敟捸灥楴湯桟湡汤牥瀮≹‬楬敮㔠ⰳ椠⁮牷灡数彤灡൰ †愠慷瑩愠灰猨潣数‬敲散癩ⱥ猠湥敤⥲਍†楆敬∠㩃啜敳獲瑜捥慨䅜灰慄慴䱜捯污停潲牧浡屳祐桴湯停瑹潨㍮㈱䱜扩獜瑩ⵥ慰正条獥獜慴汲瑥整牜畯楴杮瀮≹‬楬敮㜠ⰲ椠⁮灡൰ †爠獥潰獮⁥‽睡楡⁴畦据爨煥敵瑳ഩ †††††††幞幞幞幞幞幞幞幞幞൞ 䘠汩⁥䌢尺獕牥屳整档屡灁䑰瑡屡潌慣屬牐杯慲獭停瑹潨屮祐桴湯ㄳ尲楌屢楳整瀭捡慫敧屳慦瑳灡屩潲瑵湩⹧祰Ⱒ氠湩⁥㜲ⰸ椠⁮灡൰ †爠睡牟獥潰獮⁥‽睡楡⁴畲彮湥灤楯瑮晟湵瑣潩⡮਍†††††††††帠幞幞幞幞幞幞幞幞幞幞幞幞幞൞ 䘠汩⁥䌢尺獕牥屳整档屡灁䑰瑡屡潌慣屬牐杯慲獭停瑹潨屮祐桴湯ㄳ尲楌屢楳整瀭捡慫敧屳慦瑳灡屩潲瑵湩⹧祰Ⱒ氠湩⁥㤱ⰱ椠⁮畲彮湥灤楯瑮晟湵瑣潩൮ †爠瑥牵⁮睡楡⁴敤数摮湡⹴慣汬⨨瘪污敵⥳਍†††††帠幞幞幞幞幞幞幞幞幞幞幞幞幞幞൞ 䘠汩⁥䌢尺獕牥屳整档屡湏䑥楲敶䑜獥瑫灯獜污獥愠⁩汰瑡牦浯扜捡敫摮慜灰慜楰癜就湥灤楯瑮屳潷歲灳捡⹥祰Ⱒ氠湩⁥㐳ⰷ椠⁮敧彴湩敶瑮牯役敨污桴਍††敲畴湲圠牯獫慰散湅楧敮朮瑥楟癮湥潴祲桟慥瑬⡨潣灭湡役摩挽浯慰祮楟⥤਍†††††帠幞幞幞幞幞幞幞幞幞幞幞幞幞幞幞幞幞幞幞幞幞幞幞幞幞幞幞幞幞਍祔数牅潲㩲圠牯獫慰散湅楧敮朮瑥楟癮湥潴祲桟慥瑬⡨ 潧⁴湡甠敮灸捥整⁤敫睹牯⁤牡畧敭瑮✠潣灭湡役摩ധഊ嬊〲㘲〭ⴳ㤲㈠㨱㐱〺⸸〷㠴㌱⁝䥛㩄摤扡㘰㌹㘭㤰ⴸ㠴摦愭㜲ⵤ慢戰㈹挸挰扦⁝剅㩒圠牯獫慰散湅楧敮朮瑥楟癮湥潴祲桟慥瑬⡨ 潧⁴湡甠敮灸捥整⁤敫睹牯⁤牡畧敭瑮✠潣灭湡役摩ധ ⬠䔠捸灥楴湯䜠潲灵吠慲散慢正⠠潭瑳爠捥湥⁴慣汬氠獡⥴ഺ 簠†䘠汩⁥䌢尺獕牥屳整档屡灁䑰瑡屡潌慣屬牐杯慲獭停瑹潨屮祐桴湯ㄳ尲楌屢楳整瀭捡慫敧屳瑳牡敬瑴履畟楴獬瀮≹‬楬敮㠠ⰷ椠⁮潣汬灡敳敟捸牧畯獰਍†⁼††楹汥൤ 簠†䘠汩⁥䌢尺獕牥屳整档屡灁䑰瑡屡潌慣屬牐杯慲獭停瑹潨屮祐桴湯ㄳ尲楌屢楳整瀭捡慫敧屳瑳牡敬瑴履業摤敬慷敲扜獡⹥祰Ⱒ氠湩⁥㤱ⰰ椠⁮彟慣汬彟਍†⁼††獡湹⁣楷桴愠祮潩挮敲瑡彥慴歳束潲灵⤨愠⁳慴歳束潲灵ഺ 簠†䘠汩⁥䌢尺獕牥屳整档屡灁䑰瑡屡潌慣屬牐杯慲獭停瑹潨屮祐桴湯ㄳ尲楌屢楳整瀭捡慫敧屳湡楹屯扟捡敫摮屳慟祳据潩瀮≹‬楬敮㘠㠷‬湩张慟硥瑩彟਍†⁼††慲獩⁥慂敳硅散瑰潩䝮潲灵ന 簠䔠捸灥楴湯片畯㩰甠桮湡汤摥攠牲牯⁳湩愠吠獡䝫潲灵⠠‱畳ⵢ硥散瑰潩⥮਍†⴫⴫ⴭⴭⴭⴭⴭⴭⴭ‭‱ⴭⴭⴭⴭⴭⴭⴭⴭ਍††⁼牔捡扥捡⁫洨獯⁴敲散瑮挠污⁬慬瑳㨩਍††⁼†楆敬∠㩃啜敳獲瑜捥慨䅜灰慄慴䱜捯污停潲牧浡屳祐桴湯停瑹潨㍮㈱䱜扩獜瑩ⵥ慰正条獥獜慴汲瑥整浜摩汤睥牡履牥潲獲瀮≹‬楬敮ㄠ㐶‬湩张损污彬ൟ †簠††愠慷瑩猠汥⹦灡⡰捳灯ⱥ爠捥楥敶‬獟湥⥤਍††⁼†楆敬∠㩃啜敳獲瑜捥慨䅜灰慄慴䱜捯污停潲牧浡屳祐桴湯停瑹潨㍮㈱䱜扩獜瑩ⵥ慰正条獥獜慴汲瑥整浜摩汤睥牡履慢敳瀮≹‬楬敮ㄠ㤸‬湩张损污彬ൟ †簠††眠瑩⁨潣汬灡敳敟捸牧畯獰⤨ഺ †簠†䘠汩⁥䌢尺獕牥屳整档屡灁䑰瑡屡潌慣屬牐杯慲獭停瑹潨屮祐桴湯ㄳ尲楌屢潣瑮硥汴扩瀮≹‬楬敮ㄠ㠵‬湩张敟楸彴ൟ †簠††猠汥⹦敧⹮桴潲⡷慶畬⥥਍††⁼†楆敬∠㩃啜敳獲瑜捥慨䅜灰慄慴䱜捯污停潲牧浡屳祐桴湯停瑹潨㍮㈱䱜扩獜瑩ⵥ慰正条獥獜慴汲瑥整彜瑵汩⹳祰Ⱒ氠湩⁥㌹‬湩挠汯慬獰彥硥杣潲灵൳ †簠††爠楡敳攠捸਍††⁼†楆敬∠㩃啜敳獲瑜捥慨䅜灰慄慴䱜捯污停潲牧浡屳祐桴湯停瑹潨㍮㈱䱜扩獜瑩ⵥ慰正条獥獜慴汲瑥整浜摩汤睥牡履慢敳瀮≹‬楬敮ㄠㄹ‬湩张损污彬ൟ †簠††爠獥潰獮⁥‽睡楡⁴敳晬搮獩慰捴彨畦据爨煥敵瑳‬慣汬湟硥⥴਍††⁼†††††††帠幞幞幞幞幞幞幞幞幞幞幞幞幞幞幞幞幞幞幞幞幞൞ †簠†䘠汩⁥䌢尺獕牥屳整档屡湏䑥楲敶䑜獥瑫灯獜污獥愠⁩汰瑡牦浯扜捡敫摮慜灰浜摩汤睥牡履敲畱獥彴潣瑮硥⹴祰Ⱒ氠湩⁥㘵‬湩搠獩慰捴൨ †簠††爠楡敳攠਍††⁼†楆敬∠㩃啜敳獲瑜捥慨作敮牄癩履敄歳潴屰慳敬⁳楡瀠慬晴潲屭慢正湥層灡屰業摤敬慷敲牜煥敵瑳损湯整瑸瀮≹‬楬敮㔠ⰰ椠⁮楤灳瑡档਍††⁼††敲灳湯敳㴠愠慷瑩挠污彬敮瑸爨煥敵瑳ഩ †簠††††††††幞幞幞幞幞幞幞幞幞幞幞幞਍††⁼†楆敬∠㩃啜敳獲瑜捥慨䅜灰慄慴䱜捯污停潲牧浡屳祐桴湯停瑹潨㍮㈱䱜扩獜瑩ⵥ慰正条獥獜慴汲瑥整浜摩汤睥牡履慢敳瀮≹‬楬敮ㄠ㔶‬湩挠污彬敮瑸਍††⁼††慲獩⁥灡彰硥ൣ †簠†䘠汩⁥䌢尺獕牥屳整档屡灁䑰瑡屡潌慣屬牐杯慲獭停瑹潨屮祐桴湯ㄳ尲楌屢楳整瀭捡慫敧屳瑳牡敬瑴履業摤敬慷敲扜獡⹥祰Ⱒ氠湩⁥㔱ⰱ椠⁮潣潲਍††⁼††睡楡⁴敳晬愮灰猨潣数‬敲散癩彥牯摟獩潣湮捥ⱴ猠湥彤潮敟牲牯ഩ †簠†䘠汩⁥䌢尺獕牥屳整档屡灁䑰瑡屡潌慣屬牐杯慲獭停瑹潨屮祐桴湯ㄳ尲楌屢楳整瀭捡慫敧屳瑳牡敬瑴履業摤敬慷敲扜獡⹥祰Ⱒ氠湩⁥㠱ⰹ椠⁮彟慣汬彟਍††⁼††楷桴挠汯慬獰彥硥杣潲灵⡳㨩਍††⁼†楆敬∠㩃啜敳獲瑜捥慨䅜灰慄慴䱜捯污停潲牧浡屳祐桴湯停瑹潨㍮㈱䱜扩捜湯整瑸楬⹢祰Ⱒ氠湩⁥㔱ⰸ椠⁮彟硥瑩彟਍††⁼††敳晬朮湥琮牨睯瘨污敵ഩ †簠†䘠汩⁥䌢尺獕牥屳整档屡灁䑰瑡屡潌慣屬牐杯慲獭停瑹潨屮祐桴湯ㄳ尲楌屢楳整瀭捡慫敧屳瑳牡敬瑴履畟楴獬瀮≹‬楬敮㤠ⰳ椠⁮潣汬灡敳敟捸牧畯獰਍††⁼††慲獩⁥硥ൣ †簠†䘠汩⁥䌢尺獕牥屳整档屡灁䑰瑡屡潌慣屬牐杯慲獭停瑹潨屮祐桴湯ㄳ尲楌屢楳整瀭捡慫敧屳瑳牡敬瑴履業摤敬慷敲扜獡⹥祰Ⱒ氠湩⁥㤱ⰱ椠⁮彟慣汬彟਍††⁼††敲灳湯敳㴠愠慷瑩猠汥⹦楤灳瑡档晟湵⡣敲畱獥ⱴ挠污彬敮瑸ഩ †簠††††††††幞幞幞幞幞幞幞幞幞幞幞幞幞幞幞幞幞幞幞幞幞幞਍††⁼†楆敬∠㩃啜敳獲瑜捥慨作敮牄癩履敄歳潴屰慳敬⁳楡瀠慬晴潲屭慢正湥層灡屰業摤敬慷敲獜捥牵瑩⹹祰Ⱒ氠湩⁥㌲ⰳ椠⁮楤灳瑡档਍††⁼††敲灳湯敳㴠愠慷瑩挠污彬敮瑸爨煥敵瑳ഩ †簠††††††††幞幞幞幞幞幞幞幞幞幞幞幞਍††⁼†楆敬∠㩃啜敳獲瑜捥慨䅜灰慄慴䱜捯污停潲牧浡屳祐桴湯停瑹潨㍮㈱䱜扩獜瑩ⵥ慰正条獥獜慴汲瑥整浜摩汤睥牡履慢敳瀮≹‬楬敮ㄠ㔶‬湩挠污彬敮瑸਍††⁼††慲獩⁥灡彰硥ൣ †簠†䘠汩⁥䌢尺獕牥屳整档屡灁䑰瑡屡潌慣屬牐杯慲獭停瑹潨屮祐桴湯ㄳ尲楌屢楳整瀭捡慫敧屳瑳牡敬瑴履業摤敬慷敲扜獡⹥祰Ⱒ氠湩⁥㔱ⰱ椠⁮潣潲਍††⁼††睡楡⁴敳晬愮灰猨潣数‬敲散癩彥牯摟獩潣湮捥ⱴ猠湥彤潮敟牲牯ഩ †簠†䘠汩⁥䌢尺獕牥屳整档屡灁䑰瑡屡潌慣屬牐杯慲獭停瑹潨屮祐桴湯ㄳ尲楌屢楳整瀭捡慫敧屳瑳牡敬瑴履業摤敬慷敲扜獡⹥祰Ⱒ氠湩⁥㠱ⰹ椠⁮彟慣汬彟਍††⁼††楷桴挠汯慬獰彥硥杣潲灵⡳㨩਍††⁼†楆敬∠㩃啜敳獲瑜捥慨䅜灰慄慴䱜捯污停潲牧浡屳祐桴湯停瑹潨㍮㈱䱜扩捜湯整瑸楬⹢祰Ⱒ氠湩⁥㔱ⰸ椠⁮彟硥瑩彟਍††⁼††敳晬朮湥琮牨睯瘨污敵ഩ †簠†䘠汩⁥䌢尺獕牥屳整档屡灁䑰瑡屡潌慣屬牐杯慲獭停瑹潨屮祐桴湯ㄳ尲楌屢楳整瀭捡慫敧屳瑳牡敬瑴履畟楴獬瀮≹‬楬敮㤠ⰳ椠⁮潣汬灡敳敟捸牧畯獰਍††⁼††慲獩⁥硥ൣ †簠†䘠汩⁥䌢尺獕牥屳整档屡灁䑰瑡屡潌慣屬牐杯慲獭停瑹潨屮祐桴湯ㄳ尲楌屢楳整瀭捡慫敧屳瑳牡敬瑴履業摤敬慷敲扜獡⹥祰Ⱒ氠湩⁥㤱ⰱ椠⁮彟慣汬彟਍††⁼††敲灳湯敳㴠愠慷瑩猠汥⹦楤灳瑡档晟湵⡣敲畱獥ⱴ挠污彬敮瑸ഩ †簠††††††††幞幞幞幞幞幞幞幞幞幞幞幞幞幞幞幞幞幞幞幞幞幞਍††⁼†楆敬∠㩃啜敳獲瑜捥慨作敮牄癩履敄歳潴屰慳敬⁳楡瀠慬晴潲屭慢正湥層灡屰業摤敬慷敲獜捥牵瑩⹹祰Ⱒ氠湩⁥ㄲⰸ椠⁮楤灳瑡档਍††⁼††敲灳湯敳㴠愠慷瑩挠污彬敮瑸爨煥敵瑳ഩ †簠††††††††幞幞幞幞幞幞幞幞幞幞幞幞਍††⁼†楆敬∠㩃啜敳獲瑜捥慨䅜灰慄慴䱜捯污停潲牧浡屳祐桴湯停瑹潨㍮㈱䱜扩獜瑩ⵥ慰正条獥獜慴汲瑥整浜摩汤睥牡履慢敳瀮≹‬楬敮ㄠ㔶‬湩挠污彬敮瑸਍††⁼††慲獩⁥灡彰硥ൣ †簠†䘠汩⁥䌢尺獕牥屳整档屡灁䑰瑡屡潌慣屬牐杯慲獭停瑹潨屮祐桴湯ㄳ尲楌屢楳整瀭捡慫敧屳瑳牡敬瑴履業摤敬慷敲扜獡⹥祰Ⱒ氠湩⁥㔱ⰱ椠⁮潣潲਍††⁼††睡楡⁴敳晬愮灰猨潣数‬敲散癩彥牯摟獩潣湮捥ⱴ猠湥彤潮敟牲牯ഩ †簠†䘠汩⁥䌢尺獕牥屳整档屡灁䑰瑡屡潌慣屬牐杯慲獭停瑹潨屮祐桴湯ㄳ尲楌屢楳整瀭捡慫敧屳瑳牡敬瑴履業摤敬慷敲扜獡⹥祰Ⱒ氠湩⁥㠱ⰹ椠⁮彟慣汬彟਍††⁼††楷桴挠汯慬獰彥硥杣潲灵⡳㨩਍††⁼†楆敬∠㩃啜敳獲瑜捥慨䅜灰慄慴䱜捯污停潲牧浡屳祐桴湯停瑹潨㍮㈱䱜扩捜湯整瑸楬⹢祰Ⱒ氠湩⁥㔱ⰸ椠⁮彟硥瑩彟਍††⁼††敳晬朮湥琮牨睯瘨污敵ഩ †簠†䘠汩⁥䌢尺獕牥屳整档屡灁䑰瑡屡潌慣屬牐杯慲獭停瑹潨屮祐桴湯ㄳ尲楌屢楳整瀭捡慫敧屳瑳牡敬瑴履畟楴獬瀮≹‬楬敮㤠ⰳ椠⁮潣汬灡敳敟捸牧畯獰਍††⁼††慲獩⁥硥ൣ †簠†䘠汩⁥䌢尺獕牥屳整档屡灁䑰瑡屡潌慣屬牐杯慲獭停瑹潨屮祐桴湯ㄳ尲楌屢楳整瀭捡慫敧屳瑳牡敬瑴履業摤敬慷敲扜獡⹥祰Ⱒ氠湩⁥㤱ⰱ椠⁮彟慣汬彟਍††⁼††敲灳湯敳㴠愠慷瑩猠汥⹦楤灳瑡档晟湵⡣敲畱獥ⱴ挠污彬敮瑸ഩ †簠††††††††幞幞幞幞幞幞幞幞幞幞幞幞幞幞幞幞幞幞幞幞幞幞਍††⁼†楆敬∠㩃啜敳獲瑜捥慨作敮牄癩履敄歳潴屰慳敬⁳楡瀠慬晴潲屭慢正湥層灡屰業摤敬慷敲瑜湥湡彴湥潦捲浥湥⹴祰Ⱒ氠湩⁥㠵‬湩搠獩慰捴൨ †簠††爠瑥牵⁮睡楡⁴慣汬湟硥⡴敲畱獥⥴਍††⁼†††††帠幞幞幞幞幞幞幞幞幞幞幞൞ †簠†䘠汩⁥䌢尺獕牥屳整档屡灁䑰瑡屡潌慣屬牐杯慲獭停瑹潨屮祐桴湯ㄳ尲楌屢楳整瀭捡慫敧屳瑳牡敬瑴履業摤敬慷敲扜獡⹥祰Ⱒ氠湩⁥㘱ⰵ椠⁮慣汬湟硥൴ †簠††爠楡敳愠灰敟捸਍††⁼†楆敬∠㩃啜敳獲瑜捥慨䅜灰慄慴䱜捯污停潲牧浡屳祐桴湯停瑹潨㍮㈱䱜扩獜瑩ⵥ慰正条獥獜慴汲瑥整浜摩汤睥牡履慢敳瀮≹‬楬敮ㄠㄵ‬湩挠牯൯ †簠††愠慷瑩猠汥⹦灡⡰捳灯ⱥ爠捥楥敶潟彲楤捳湯敮瑣‬敳摮湟彯牥潲⥲਍††⁼†楆敬∠㩃啜敳獲瑜捥慨䅜灰慄慴䱜捯污停潲牧浡屳祐桴湯停瑹潨㍮㈱䱜扩獜瑩ⵥ慰正条獥獜慴汲瑥整浜摩汤睥牡履潣獲瀮≹‬楬敮㠠ⰵ椠⁮彟慣汬彟਍††⁼††睡楡⁴敳晬愮灰猨潣数‬敲散癩ⱥ猠湥⥤਍††⁼†楆敬∠㩃啜敳獲瑜捥慨䅜灰慄慴䱜捯污停潲牧浡屳祐桴湯停瑹潨㍮㈱䱜扩獜瑩ⵥ慰正条獥獜慴汲瑥整浜摩汤睥牡履硥散瑰潩獮瀮≹‬楬敮㘠ⰵ椠⁮彟慣汬彟਍††⁼††睡楡⁴牷灡慟灰桟湡汤湩彧硥散瑰潩獮猨汥⹦灡Ɒ挠湯⥮猨潣数‬敲散癩ⱥ猠湥⥤਍††⁼†楆敬∠㩃啜敳獲瑜捥慨䅜灰慄慴䱜捯污停潲牧浡屳祐桴湯停瑹潨㍮㈱䱜扩獜瑩ⵥ慰正条獥獜慴汲瑥整彜硥散瑰潩彮慨摮敬⹲祰Ⱒ氠湩⁥㐶‬湩眠慲灰摥慟灰਍††⁼††慲獩⁥硥ൣ †簠†䘠汩⁥䌢尺獕牥屳整档屡灁䑰瑡屡潌慣屬牐杯慲獭停瑹潨屮祐桴湯ㄳ尲楌屢楳整瀭捡慫敧屳瑳牡敬瑴履敟捸灥楴湯桟湡汤牥瀮≹‬楬敮㔠ⰳ椠⁮牷灡数彤灡൰ †簠††愠慷瑩愠灰猨潣数‬敲散癩ⱥ猠湥敤⥲਍††⁼†楆敬∠㩃啜敳獲瑜捥慨䅜灰慄慴䱜捯污停潲牧浡屳祐桴湯停瑹潨㍮㈱䱜扩獜瑩ⵥ慰正条獥獜慴汲瑥整牜畯楴杮瀮≹‬楬敮㜠㘵‬湩张损污彬ൟ †簠††愠慷瑩猠汥⹦業摤敬慷敲獟慴正猨潣数‬敲散癩ⱥ猠湥⥤਍††⁼†楆敬∠㩃啜敳獲瑜捥慨䅜灰慄慴䱜捯污停潲牧浡屳祐桴湯停瑹潨㍮㈱䱜扩獜瑩ⵥ慰正条獥獜慴汲瑥整牜畯楴杮瀮≹‬楬敮㜠㘷‬湩愠灰਍††⁼††睡楡⁴潲瑵⹥慨摮敬猨潣数‬敲散癩ⱥ猠湥⥤਍††⁼†楆敬∠㩃啜敳獲瑜捥慨䅜灰慄慴䱜捯污停潲牧浡屳祐桴湯停瑹潨㍮㈱䱜扩獜瑩ⵥ慰正条獥獜慴汲瑥整牜畯楴杮瀮≹‬楬敮㈠㜹‬湩栠湡汤൥ †簠††愠慷瑩猠汥⹦灡⡰捳灯ⱥ爠捥楥敶‬敳摮ഩ †簠†䘠汩⁥䌢尺獕牥屳整档屡灁䑰瑡屡潌慣屬牐杯慲獭停瑹潨屮祐桴湯ㄳ尲楌屢楳整瀭捡慫敧屳瑳牡敬瑴履潲瑵湩⹧祰Ⱒ氠湩⁥㜷‬湩愠灰਍††⁼††睡楡⁴牷灡慟灰桟湡汤湩彧硥散瑰潩獮愨灰‬敲畱獥⥴猨潣数‬敲散癩ⱥ猠湥⥤਍††⁼†楆敬∠㩃啜敳獲瑜捥慨䅜灰慄慴䱜捯污停潲牧浡屳祐桴湯停瑹潨㍮㈱䱜扩獜瑩ⵥ慰正条獥獜慴汲瑥整彜硥散瑰潩彮慨摮敬⹲祰Ⱒ氠湩⁥㐶‬湩眠慲灰摥慟灰਍††⁼††慲獩⁥硥ൣ †簠†䘠汩⁥䌢尺獕牥屳整档屡灁䑰瑡屡潌慣屬牐杯慲獭停瑹潨屮祐桴湯ㄳ尲楌屢楳整瀭捡慫敧屳瑳牡敬瑴履敟捸灥楴湯桟湡汤牥瀮≹‬楬敮㔠ⰳ椠⁮牷灡数彤灡൰ †簠††愠慷瑩愠灰猨潣数‬敲散癩ⱥ猠湥敤⥲਍††⁼†楆敬∠㩃啜敳獲瑜捥慨䅜灰慄慴䱜捯污停潲牧浡屳祐桴湯停瑹潨㍮㈱䱜扩獜瑩ⵥ慰正条獥獜慴汲瑥整牜畯楴杮瀮≹‬楬敮㜠ⰲ椠⁮灡൰ †簠††爠獥潰獮⁥‽睡楡⁴畦据爨煥敵瑳ഩ †簠††††††††幞幞幞幞幞幞幞幞幞൞ †簠†䘠汩⁥䌢尺獕牥屳整档屡灁䑰瑡屡潌慣屬牐杯慲獭停瑹潨屮祐桴湯ㄳ尲楌屢楳整瀭捡慫敧屳慦瑳灡屩潲瑵湩⹧祰Ⱒ氠湩⁥㜲ⰸ椠⁮灡൰ †簠††爠睡牟獥潰獮⁥‽睡楡⁴畲彮湥灤楯瑮晟湵瑣潩⡮਍††⁼†††††††††帠幞幞幞幞幞幞幞幞幞幞幞幞幞൞ †簠†䘠汩⁥䌢尺獕牥屳整档屡灁䑰瑡屡潌慣屬牐杯慲獭停瑹潨屮祐桴湯ㄳ尲楌屢楳整瀭捡慫敧屳慦瑳灡屩潲瑵湩⹧祰Ⱒ氠湩⁥㤱ⰱ椠⁮畲彮湥灤楯瑮晟湵瑣潩൮ †簠††爠瑥牵⁮睡楡⁴敤数摮湡⹴慣汬⨨瘪污敵⥳਍††⁼†††††帠幞幞幞幞幞幞幞幞幞幞幞幞幞幞൞ †簠†䘠汩⁥䌢尺獕牥屳整档屡湏䑥楲敶䑜獥瑫灯獜污獥愠⁩汰瑡牦浯扜捡敫摮慜灰慜楰癜就湥灤楯瑮屳潷歲灳捡⹥祰Ⱒ氠湩⁥㐳ⰷ椠⁮敧彴湩敶瑮牯役敨污桴਍††⁼††敲畴湲圠牯獫慰散湅楧敮朮瑥楟癮湥潴祲桟慥瑬⡨潣灭湡役摩挽浯慰祮楟⥤਍††⁼†††††帠幞幞幞幞幞幞幞幞幞幞幞幞幞幞幞幞幞幞幞幞幞幞幞幞幞幞幞幞幞਍††⁼祔数牅潲㩲圠牯獫慰散湅楧敮朮瑥楟癮湥潴祲桟慥瑬⡨ 潧⁴湡甠敮灸捥整⁤敫睹牯⁤牡畧敭瑮✠潣灭湡役摩ധ †⬠ⴭⴭⴭⴭⴭⴭⴭⴭⴭⴭⴭⴭⴭⴭⴭⴭⴭⴭ਍਍畄楲杮栠湡汤湩⁧景琠敨愠潢敶攠捸灥楴湯‬湡瑯敨⁲硥散瑰潩⁮捯畣牲摥ഺഊ吊慲散慢正⠠潭瑳爠捥湥⁴慣汬氠獡⥴ഺ 䘠汩⁥䌢尺獕牥屳整档屡灁䑰瑡屡潌慣屬牐杯慲獭停瑹潨屮祐桴湯ㄳ尲楌屢楳整瀭捡慫敧屳瑳牡敬瑴履業摤敬慷敲敜牲牯⹳祰Ⱒ氠湩⁥㘱ⰴ椠⁮彟慣汬彟਍††睡楡⁴敳晬愮灰猨潣数‬敲散癩ⱥ张敳摮ഩ 䘠汩⁥䌢尺獕牥屳整档屡灁䑰瑡屡潌慣屬牐杯慲獭停瑹潨屮祐桴湯ㄳ尲楌屢楳整瀭捡慫敧屳瑳牡敬瑴履業摤敬慷敲扜獡⹥祰Ⱒ氠湩⁥㠱ⰹ椠⁮彟慣汬彟਍††楷桴挠汯慬獰彥硥杣潲灵⡳㨩਍†楆敬∠㩃啜敳獲瑜捥慨䅜灰慄慴䱜捯污停潲牧浡屳祐桴湯停瑹潨㍮㈱䱜扩捜湯整瑸楬⹢祰Ⱒ氠湩⁥㔱ⰸ椠⁮彟硥瑩彟਍††敳晬朮湥琮牨睯瘨污敵ഩ 䘠汩⁥䌢尺獕牥屳整档屡灁䑰瑡屡潌慣屬牐杯慲獭停瑹潨屮祐桴湯ㄳ尲楌屢楳整瀭捡慫敧屳瑳牡敬瑴履畟楴獬瀮≹‬楬敮㤠ⰳ椠⁮潣汬灡敳敟捸牧畯獰਍††慲獩⁥硥ൣ 䘠汩⁥䌢尺獕牥屳整档屡灁䑰瑡屡潌慣屬牐杯慲獭停瑹潨屮祐桴湯ㄳ尲楌屢楳整瀭捡慫敧屳瑳牡敬瑴履業摤敬慷敲扜獡⹥祰Ⱒ氠湩⁥㤱ⰱ椠⁮彟慣汬彟਍††敲灳湯敳㴠愠慷瑩猠汥⹦楤灳瑡档晟湵⡣敲畱獥ⱴ挠污彬敮瑸ഩ †††††††幞幞幞幞幞幞幞幞幞幞幞幞幞幞幞幞幞幞幞幞幞幞਍†楆敬∠㩃啜敳獲瑜捥慨作敮牄癩履敄歳潴屰慳敬⁳楡瀠慬晴潲屭慢正湥層灡屰業摤敬慷敲牜煥敵瑳损湯整瑸瀮≹‬楬敮㔠ⰶ椠⁮楤灳瑡档਍††慲獩⁥൥ 䘠汩⁥䌢尺獕牥屳整档屡湏䑥楲敶䑜獥瑫灯獜污獥愠⁩汰瑡牦浯扜捡敫摮慜灰浜摩汤睥牡履敲畱獥彴潣瑮硥⹴祰Ⱒ氠湩⁥〵‬湩搠獩慰捴൨ †爠獥潰獮⁥‽睡楡⁴慣汬湟硥⡴敲畱獥⥴਍†††††††帠幞幞幞幞幞幞幞幞幞幞幞൞ 䘠汩⁥䌢尺獕牥屳整档屡灁䑰瑡屡潌慣屬牐杯慲獭停瑹潨屮祐桴湯ㄳ尲楌屢楳整瀭捡慫敧屳瑳牡敬瑴履業摤敬慷敲扜獡⹥祰Ⱒ氠湩⁥㘱ⰵ椠⁮慣汬湟硥൴ †爠楡敳愠灰敟捸਍†楆敬∠㩃啜敳獲瑜捥慨䅜灰慄慴䱜捯污停潲牧浡屳祐桴湯停瑹潨㍮㈱䱜扩獜瑩ⵥ慰正条獥獜慴汲瑥整浜摩汤睥牡履慢敳瀮≹‬楬敮ㄠㄵ‬湩挠牯൯ †愠慷瑩猠汥⹦灡⡰捳灯ⱥ爠捥楥敶潟彲楤捳湯敮瑣‬敳摮湟彯牥潲⥲਍†楆敬∠㩃啜敳獲瑜捥慨䅜灰慄慴䱜捯污停潲牧浡屳祐桴湯停瑹潨㍮㈱䱜扩獜瑩ⵥ慰正条獥獜慴汲瑥整浜摩汤睥牡履慢敳瀮≹‬楬敮ㄠ㤸‬湩张损污彬ൟ †眠瑩⁨潣汬灡敳敟捸牧畯獰⤨ഺ 䘠汩⁥䌢尺獕牥屳整档屡灁䑰瑡屡潌慣屬牐杯慲獭停瑹潨屮祐桴湯ㄳ尲楌屢潣瑮硥汴扩瀮≹‬楬敮ㄠ㠵‬湩张敟楸彴ൟ †猠汥⹦敧⹮桴潲⡷慶畬⥥਍†楆敬∠㩃啜敳獲瑜捥慨䅜灰慄慴䱜捯污停潲牧浡屳祐桴湯停瑹潨㍮㈱䱜扩獜瑩ⵥ慰正条獥獜慴汲瑥整彜瑵汩⹳祰Ⱒ氠湩⁥㌹‬湩挠汯慬獰彥硥杣潲灵൳ †爠楡敳攠捸਍†楆敬∠㩃啜敳獲瑜捥慨䅜灰慄慴䱜捯污停潲牧浡屳祐桴湯停瑹潨㍮㈱䱜扩獜瑩ⵥ慰正条獥獜慴汲瑥整浜摩汤睥牡履慢敳瀮≹‬楬敮ㄠㄹ‬湩张损污彬ൟ †爠獥潰獮⁥‽睡楡⁴敳晬搮獩慰捴彨畦据爨煥敵瑳‬慣汬湟硥⥴਍†††††††帠幞幞幞幞幞幞幞幞幞幞幞幞幞幞幞幞幞幞幞幞幞൞ 䘠汩⁥䌢尺獕牥屳整档屡湏䑥楲敶䑜獥瑫灯獜污獥愠⁩汰瑡牦浯扜捡敫摮慜灰浜摩汤睥牡履敳畣楲祴瀮≹‬楬敮㈠㌳‬湩搠獩慰捴൨ †爠獥潰獮⁥‽睡楡⁴慣汬湟硥⡴敲畱獥⥴਍†††††††帠幞幞幞幞幞幞幞幞幞幞幞൞ 䘠汩⁥䌢尺獕牥屳整档屡灁䑰瑡屡潌慣屬牐杯慲獭停瑹潨屮祐桴湯ㄳ尲楌屢楳整瀭捡慫敧屳瑳牡敬瑴履業摤敬慷敲扜獡⹥祰Ⱒ氠湩⁥㘱ⰵ椠⁮慣汬湟硥൴ †爠楡敳愠灰敟捸਍†楆敬∠㩃啜敳獲瑜捥慨䅜灰慄慴䱜捯污停潲牧浡屳祐桴湯停瑹潨㍮㈱䱜扩獜瑩ⵥ慰正条獥獜慴汲瑥整浜摩汤睥牡履慢敳瀮≹‬楬敮ㄠㄵ‬湩挠牯൯ †愠慷瑩猠汥⹦灡⡰捳灯ⱥ爠捥楥敶潟彲楤捳湯敮瑣‬敳摮湟彯牥潲⥲਍†楆敬∠㩃啜敳獲瑜捥慨䅜灰慄慴䱜捯污停潲牧浡屳祐桴湯停瑹潨㍮㈱䱜扩獜瑩ⵥ慰正条獥獜慴汲瑥整浜摩汤睥牡履慢敳瀮≹‬楬敮ㄠ㤸‬湩张损污彬ൟ †眠瑩⁨潣汬灡敳敟捸牧畯獰⤨ഺ 䘠汩⁥䌢尺獕牥屳整档屡灁䑰瑡屡潌慣屬牐杯慲獭停瑹潨屮祐桴湯ㄳ尲楌屢潣瑮硥汴扩瀮≹‬楬敮ㄠ㠵‬湩张敟楸彴ൟ †猠汥⹦敧⹮桴潲⡷慶畬⥥਍†楆敬∠㩃啜敳獲瑜捥慨䅜灰慄慴䱜捯污停潲牧浡屳祐桴湯停瑹潨㍮㈱䱜扩獜瑩ⵥ慰正条獥獜慴汲瑥整彜瑵汩⹳祰Ⱒ氠湩⁥㌹‬湩挠汯慬獰彥硥杣潲灵൳ †爠楡敳攠捸਍†楆敬∠㩃啜敳獲瑜捥慨䅜灰慄慴䱜捯污停潲牧浡屳祐桴湯停瑹潨㍮㈱䱜扩獜瑩ⵥ慰正条獥獜慴汲瑥整浜摩汤睥牡履慢敳瀮≹‬楬敮ㄠㄹ‬湩张损污彬ൟ †爠獥潰獮⁥‽睡楡⁴敳晬搮獩慰捴彨畦据爨煥敵瑳‬慣汬湟硥⥴਍†††††††帠幞幞幞幞幞幞幞幞幞幞幞幞幞幞幞幞幞幞幞幞幞൞ 䘠汩⁥䌢尺獕牥屳整档屡湏䑥楲敶䑜獥瑫灯獜污獥愠⁩汰瑡牦浯扜捡敫摮慜灰浜摩汤睥牡履敳畣楲祴瀮≹‬楬敮㈠㠱‬湩搠獩慰捴൨ †爠獥潰獮⁥‽睡楡⁴慣汬湟硥⡴敲畱獥⥴਍†††††††帠幞幞幞幞幞幞幞幞幞幞幞൞ 䘠汩⁥䌢尺獕牥屳整档屡灁䑰瑡屡潌慣屬牐杯慲獭停瑹潨屮祐桴湯ㄳ尲楌屢楳整瀭捡慫敧屳瑳牡敬瑴履業摤敬慷敲扜獡⹥祰Ⱒ氠湩⁥㘱ⰵ椠⁮慣汬湟硥൴ †爠楡敳愠灰敟捸਍†楆敬∠㩃啜敳獲瑜捥慨䅜灰慄慴䱜捯污停潲牧浡屳祐桴湯停瑹潨㍮㈱䱜扩獜瑩ⵥ慰正条獥獜慴汲瑥整浜摩汤睥牡履慢敳瀮≹‬楬敮ㄠㄵ‬湩挠牯൯ †愠慷瑩猠汥⹦灡⡰捳灯ⱥ爠捥楥敶潟彲楤捳湯敮瑣‬敳摮湟彯牥潲⥲਍†楆敬∠㩃啜敳獲瑜捥慨䅜灰慄慴䱜捯污停潲牧浡屳祐桴湯停瑹潨㍮㈱䱜扩獜瑩ⵥ慰正条獥獜慴汲瑥整浜摩汤睥牡履慢敳瀮≹‬楬敮ㄠ㤸‬湩张损污彬ൟ †眠瑩⁨潣汬灡敳敟捸牧畯獰⤨ഺ 䘠汩⁥䌢尺獕牥屳整档屡灁䑰瑡屡潌慣屬牐杯慲獭停瑹潨屮祐桴湯ㄳ尲楌屢潣瑮硥汴扩瀮≹‬楬敮ㄠ㠵‬湩张敟楸彴ൟ †猠汥⹦敧⹮桴潲⡷慶畬⥥਍†楆敬∠㩃啜敳獲瑜捥慨䅜灰慄慴䱜捯污停潲牧浡屳祐桴湯停瑹潨㍮㈱䱜扩獜瑩ⵥ慰正条獥獜慴汲瑥整彜瑵汩⹳祰Ⱒ氠湩⁥㌹‬湩挠汯慬獰彥硥杣潲灵൳ †爠楡敳攠捸਍†楆敬∠㩃啜敳獲瑜捥慨䅜灰慄慴䱜捯污停潲牧浡屳祐桴湯停瑹潨㍮㈱䱜扩獜瑩ⵥ慰正条獥獜慴汲瑥整浜摩汤睥牡履慢敳瀮≹‬楬敮ㄠㄹ‬湩张损污彬ൟ †爠獥潰獮⁥‽睡楡⁴敳晬搮獩慰捴彨畦据爨煥敵瑳‬慣汬湟硥⥴਍†††††††帠幞幞幞幞幞幞幞幞幞幞幞幞幞幞幞幞幞幞幞幞幞൞ 䘠汩⁥䌢尺獕牥屳整档屡湏䑥楲敶䑜獥瑫灯獜污獥愠⁩汰瑡牦浯扜捡敫摮慜灰浜摩汤睥牡履整慮瑮敟普牯散敭瑮瀮≹‬楬敮㔠ⰸ椠⁮楤灳瑡档਍††敲畴湲愠慷瑩挠污彬敮瑸爨煥敵瑳ഩ †††††幞幞幞幞幞幞幞幞幞幞幞幞਍†楆敬∠㩃啜敳獲瑜捥慨䅜灰慄慴䱜捯污停潲牧浡屳祐桴湯停瑹潨㍮㈱䱜扩獜瑩ⵥ慰正条獥獜慴汲瑥整浜摩汤睥牡履慢敳瀮≹‬楬敮ㄠ㔶‬湩挠污彬敮瑸਍††慲獩⁥灡彰硥ൣ 䘠汩⁥䌢尺獕牥屳整档屡灁䑰瑡屡潌慣屬牐杯慲獭停瑹潨屮祐桴湯ㄳ尲楌屢楳整瀭捡慫敧屳瑳牡敬瑴履業摤敬慷敲扜獡⹥祰Ⱒ氠湩⁥㔱ⰱ椠⁮潣潲਍††睡楡⁴敳晬愮灰猨潣数‬敲散癩彥牯摟獩潣湮捥ⱴ猠湥彤潮敟牲牯ഩ 䘠汩⁥䌢尺獕牥屳整档屡灁䑰瑡屡潌慣屬牐杯慲獭停瑹潨屮祐桴湯ㄳ尲楌屢楳整瀭捡慫敧屳瑳牡敬瑴履業摤敬慷敲捜牯⹳祰Ⱒ氠湩⁥㔸‬湩张损污彬ൟ †愠慷瑩猠汥⹦灡⡰捳灯ⱥ爠捥楥敶‬敳摮ഩ 䘠汩⁥䌢尺獕牥屳整档屡灁䑰瑡屡潌慣屬牐杯慲獭停瑹潨屮祐桴湯ㄳ尲楌屢楳整瀭捡慫敧屳瑳牡敬瑴履業摤敬慷敲敜捸灥楴湯⹳祰Ⱒ氠湩⁥㔶‬湩张损污彬ൟ †愠慷瑩眠慲彰灡彰慨摮楬杮敟捸灥楴湯⡳敳晬愮灰‬潣湮⠩捳灯ⱥ爠捥楥敶‬敳摮ഩ 䘠汩⁥䌢尺獕牥屳整档屡灁䑰瑡屡潌慣屬牐杯慲獭停瑹潨屮祐桴湯ㄳ尲楌屢楳整瀭捡慫敧屳瑳牡敬瑴履敟捸灥楴湯桟湡汤牥瀮≹‬楬敮㘠ⰴ椠⁮牷灡数彤灡൰ †爠楡敳攠捸਍†楆敬∠㩃啜敳獲瑜捥慨䅜灰慄慴䱜捯污停潲牧浡屳祐桴湯停瑹潨㍮㈱䱜扩獜瑩ⵥ慰正条獥獜慴汲瑥整彜硥散瑰潩彮慨摮敬⹲祰Ⱒ氠湩⁥㌵‬湩眠慲灰摥慟灰਍††睡楡⁴灡⡰捳灯ⱥ爠捥楥敶‬敳摮牥ഩ 䘠汩⁥䌢尺獕牥屳整档屡灁䑰瑡屡潌慣屬牐杯慲獭停瑹潨屮祐桴湯ㄳ尲楌屢楳整瀭捡慫敧屳瑳牡敬瑴履潲瑵湩⹧祰Ⱒ氠湩⁥㔷ⰶ椠⁮彟慣汬彟਍††睡楡⁴敳晬洮摩汤睥牡彥瑳捡⡫捳灯ⱥ爠捥楥敶‬敳摮ഩ 䘠汩⁥䌢尺獕牥屳整档屡灁䑰瑡屡潌慣屬牐杯慲獭停瑹潨屮祐桴湯ㄳ尲楌屢楳整瀭捡慫敧屳瑳牡敬瑴履潲瑵湩⹧祰Ⱒ氠湩⁥㜷ⰶ椠⁮灡൰ †愠慷瑩爠畯整栮湡汤⡥捳灯ⱥ爠捥楥敶‬敳摮ഩ 䘠汩⁥䌢尺獕牥屳整档屡灁䑰瑡屡潌慣屬牐杯慲獭停瑹潨屮祐桴湯ㄳ尲楌屢楳整瀭捡慫敧屳瑳牡敬瑴履潲瑵湩⹧祰Ⱒ氠湩⁥㤲ⰷ椠⁮慨摮敬਍††睡楡⁴敳晬愮灰猨潣数‬敲散癩ⱥ猠湥⥤਍†楆敬∠㩃啜敳獲瑜捥慨䅜灰慄慴䱜捯污停潲牧浡屳祐桴湯停瑹潨㍮㈱䱜扩獜瑩ⵥ慰正条獥獜慴汲瑥整牜畯楴杮瀮≹‬楬敮㜠ⰷ椠⁮灡൰ †愠慷瑩眠慲彰灡彰慨摮楬杮敟捸灥楴湯⡳灡Ɒ爠煥敵瑳⠩捳灯ⱥ爠捥楥敶‬敳摮ഩ 䘠汩⁥䌢尺獕牥屳整档屡灁䑰瑡屡潌慣屬牐杯慲獭停瑹潨屮祐桴湯ㄳ尲楌屢楳整瀭捡慫敧屳瑳牡敬瑴履敟捸灥楴湯桟湡汤牥瀮≹‬楬敮㘠ⰴ椠⁮牷灡数彤灡൰ †爠楡敳攠捸਍†楆敬∠㩃啜敳獲瑜捥慨䅜灰慄慴䱜捯污停潲牧浡屳祐桴湯停瑹潨㍮㈱䱜扩獜瑩ⵥ慰正条獥獜慴汲瑥整彜硥散瑰潩彮慨摮敬⹲祰Ⱒ氠湩⁥㌵‬湩眠慲灰摥慟灰਍††睡楡⁴灡⡰捳灯ⱥ爠捥楥敶‬敳摮牥ഩ 䘠汩⁥䌢尺獕牥屳整档屡灁䑰瑡屡潌慣屬牐杯慲獭停瑹潨屮祐桴湯ㄳ尲楌屢楳整瀭捡慫敧屳瑳牡敬瑴履潲瑵湩⹧祰Ⱒ氠湩⁥㈷‬湩愠灰਍††敲灳湯敳㴠愠慷瑩映湵⡣敲畱獥⥴਍†††††††帠幞幞幞幞幞幞幞幞幞਍†楆敬∠㩃啜敳獲瑜捥慨䅜灰慄慴䱜捯污停潲牧浡屳祐桴湯停瑹潨㍮㈱䱜扩獜瑩ⵥ慰正条獥晜獡慴楰牜畯楴杮瀮≹‬楬敮㈠㠷‬湩愠灰਍††慲彷敲灳湯敳㴠愠慷瑩爠湵敟摮潰湩彴畦据楴湯ന †††††††††幞幞幞幞幞幞幞幞幞幞幞幞幞幞਍†楆敬∠㩃啜敳獲瑜捥慨䅜灰慄慴䱜捯污停潲牧浡屳祐桴湯停瑹潨㍮㈱䱜扩獜瑩ⵥ慰正条獥晜獡慴楰牜畯楴杮瀮≹‬楬敮ㄠㄹ‬湩爠湵敟摮潰湩彴畦据楴湯਍††敲畴湲愠慷瑩搠灥湥慤瑮挮污⡬⨪慶畬獥ഩ †††††幞幞幞幞幞幞幞幞幞幞幞幞幞幞幞਍†楆敬∠㩃啜敳獲瑜捥慨作敮牄癩履敄歳潴屰慳敬⁳楡瀠慬晴潲屭慢正湥層灡屰灡屩ㅶ敜摮潰湩獴睜牯獫慰散瀮≹‬楬敮㌠㜴‬湩朠瑥楟癮湥潴祲桟慥瑬൨ †爠瑥牵⁮潗歲灳捡䕥杮湩⹥敧彴湩敶瑮牯役敨污桴挨浯慰祮楟㵤潣灭湡役摩ഩ †††††幞幞幞幞幞幞幞幞幞幞幞幞幞幞幞幞幞幞幞幞幞幞幞幞幞幞幞幞幞൞吊灹䕥牲牯›潗歲灳捡䕥杮湩⹥敧彴湩敶瑮牯役敨污桴⤨朠瑯愠⁮湵硥数瑣摥欠祥潷摲愠杲浵湥⁴挧浯慰祮楟❤਍਍㉛㈰ⴶ㌰㈭‹ㄲㄺ㨷〳〮㜰㔹崴嬠䑉挺㍦愶㈸ⴵ昶㌱㐭㔰ⴹ敡㌳㘭戱㘴ㄶ㌳㠴嵦䔠剒›潗歲灳捡䕥杮湩⹥敧彴湩敶瑮牯役敨污桴⤨朠瑯愠⁮湵硥数瑣摥欠祥潷摲愠杲浵湥⁴挧浯慰祮楟❤਍†‫硅散瑰潩⁮片畯⁰牔捡扥捡⁫洨獯⁴敲散瑮挠污⁬慬瑳㨩਍†⁼†楆敬∠㩃啜敳獲瑜捥慨䅜灰慄慴䱜捯污停潲牧浡屳祐桴湯停瑹潨㍮㈱䱜扩獜瑩ⵥ慰正条獥獜慴汲瑥整彜瑵汩⹳祰Ⱒ氠湩⁥㜸‬湩挠汯慬獰彥硥杣潲灵൳ 簠††礠敩摬਍†⁼†楆敬∠㩃啜敳獲瑜捥慨䅜灰慄慴䱜捯污停潲牧浡屳祐桴湯停瑹潨㍮㈱䱜扩獜瑩ⵥ慰正条獥獜慴汲瑥整浜摩汤睥牡履慢敳瀮≹‬楬敮ㄠ〹‬湩张损污彬ൟ 簠††愠祳据眠瑩⁨湡楹⹯牣慥整瑟獡彫牧畯⡰ 獡琠獡彫牧畯㩰਍†⁼†楆敬∠㩃啜敳獲瑜捥慨䅜灰慄慴䱜捯污停潲牧浡屳祐桴湯停瑹潨㍮㈱䱜扩獜瑩ⵥ慰正条獥慜祮潩彜慢正湥獤彜獡湹楣⹯祰Ⱒ氠湩⁥㜶ⰸ椠⁮彟敡楸彴ൟ 簠††爠楡敳䈠獡䕥捸灥楴湯片畯⡰਍†⁼硅散瑰潩䝮潲灵›湵慨摮敬⁤牥潲獲椠⁮⁡慔歳片畯⁰ㄨ猠扵攭捸灥楴湯ഩ ⬠⬭ⴭⴭⴭⴭⴭⴭⴭⴭㄠⴠⴭⴭⴭⴭⴭⴭⴭഭ †簠吠慲散慢正⠠潭瑳爠捥湥⁴慣汬氠獡⥴ഺ †簠†䘠汩⁥䌢尺獕牥屳整档屡灁䑰瑡屡潌慣屬牐杯慲獭停瑹潨屮祐桴湯ㄳ尲楌屢楳整瀭捡慫敧屳瑳牡敬瑴履業摤敬慷敲敜牲牯⹳祰Ⱒ氠湩⁥㘱ⰴ椠⁮彟慣汬彟਍††⁼††睡楡⁴敳晬愮灰猨潣数‬敲散癩ⱥ张敳摮ഩ †簠†䘠汩⁥䌢尺獕牥屳整档屡灁䑰瑡屡潌慣屬牐杯慲獭停瑹潨屮祐桴湯ㄳ尲楌屢楳整瀭捡慫敧屳瑳牡敬瑴履業摤敬慷敲扜獡⹥祰Ⱒ氠湩⁥㠱ⰹ椠⁮彟慣汬彟਍††⁼††楷桴挠汯慬獰彥硥杣潲灵⡳㨩਍††⁼†楆敬∠㩃啜敳獲瑜捥慨䅜灰慄慴䱜捯污停潲牧浡屳祐桴湯停瑹潨㍮㈱䱜扩捜湯整瑸楬⹢祰Ⱒ氠湩⁥㔱ⰸ椠⁮彟硥瑩彟਍††⁼††敳晬朮湥琮牨睯瘨污敵ഩ †簠†䘠汩⁥䌢尺獕牥屳整档屡灁䑰瑡屡潌慣屬牐杯慲獭停瑹潨屮祐桴湯ㄳ尲楌屢楳整瀭捡慫敧屳瑳牡敬瑴履畟楴獬瀮≹‬楬敮㤠ⰳ椠⁮潣汬灡敳敟捸牧畯獰਍††⁼††慲獩⁥硥ൣ †簠†䘠汩⁥䌢尺獕牥屳整档屡灁䑰瑡屡潌慣屬牐杯慲獭停瑹潨屮祐桴湯ㄳ尲楌屢楳整瀭捡慫敧屳瑳牡敬瑴履業摤敬慷敲扜獡⹥祰Ⱒ氠湩⁥㤱ⰱ椠⁮彟慣汬彟਍††⁼††敲灳湯敳㴠愠慷瑩猠汥⹦楤灳瑡档晟湵⡣敲畱獥ⱴ挠污彬敮瑸ഩ †簠††††††††幞幞幞幞幞幞幞幞幞幞幞幞幞幞幞幞幞幞幞幞幞幞਍††⁼†楆敬∠㩃啜敳獲瑜捥慨作敮牄癩履敄歳潴屰慳敬⁳楡瀠慬晴潲屭慢正湥層灡屰業摤敬慷敲牜煥敵瑳损湯整瑸瀮≹‬楬敮㔠ⰶ椠⁮楤灳瑡档਍††⁼††慲獩⁥൥ †簠†䘠汩⁥䌢尺獕牥屳整档屡湏䑥楲敶䑜獥瑫灯獜污獥愠⁩汰瑡牦浯扜捡敫摮慜灰浜摩汤睥牡履敲畱獥彴潣瑮硥⹴祰Ⱒ氠湩⁥〵‬湩搠獩慰捴൨ †簠††爠獥潰獮⁥‽睡楡⁴慣汬湟硥⡴敲畱獥⥴਍††⁼†††††††帠幞幞幞幞幞幞幞幞幞幞幞൞ †簠†䘠汩⁥䌢尺獕牥屳整档屡灁䑰瑡屡潌慣屬牐杯慲獭停瑹潨屮祐桴湯ㄳ尲楌屢楳整瀭捡慫敧屳瑳牡敬瑴履業摤敬慷敲扜獡⹥祰Ⱒ氠湩⁥㘱ⰵ椠⁮慣汬湟硥൴ †簠††爠楡敳愠灰敟捸਍††⁼†楆敬∠㩃啜敳獲瑜捥慨䅜灰慄慴䱜捯污停潲牧浡屳祐桴湯停瑹潨㍮㈱䱜扩獜瑩ⵥ慰正条獥獜慴汲瑥整浜摩汤睥牡履慢敳瀮≹‬楬敮ㄠㄵ‬湩挠牯൯ †簠††愠慷瑩猠汥⹦灡⡰捳灯ⱥ爠捥楥敶潟彲楤捳湯敮瑣‬敳摮湟彯牥潲⥲਍††⁼†楆敬∠㩃啜敳獲瑜捥慨䅜灰慄慴䱜捯污停潲牧浡屳祐桴湯停瑹潨㍮㈱䱜扩獜瑩ⵥ慰正条獥獜慴汲瑥整浜摩汤睥牡履慢敳瀮≹‬楬敮ㄠ㤸‬湩张损污彬ൟ †簠††眠瑩⁨潣汬灡敳敟捸牧畯獰⤨ഺ †簠†䘠汩⁥䌢尺獕牥屳整档屡灁䑰瑡屡潌慣屬牐杯慲獭停瑹潨屮祐桴湯ㄳ尲楌屢潣瑮硥汴扩瀮≹‬楬敮ㄠ㠵‬湩张敟楸彴ൟ †簠††猠汥⹦敧⹮桴潲⡷慶畬⥥਍††⁼†楆敬∠㩃啜敳獲瑜捥慨䅜灰慄慴䱜捯污停潲牧浡屳祐桴湯停瑹潨㍮㈱䱜扩獜瑩ⵥ慰正条獥獜慴汲瑥整彜瑵汩⹳祰Ⱒ氠湩⁥㌹‬湩挠汯慬獰彥硥杣潲灵൳ †簠††爠楡敳攠捸਍††⁼†楆敬∠㩃啜敳獲瑜捥慨䅜灰慄慴䱜捯污停潲牧浡屳祐桴湯停瑹潨㍮㈱䱜扩獜瑩ⵥ慰正条獥獜慴汲瑥整浜摩汤睥牡履慢敳瀮≹‬楬敮ㄠㄹ‬湩张损污彬ൟ †簠††爠獥潰獮⁥‽睡楡⁴敳晬搮獩慰捴彨畦据爨煥敵瑳‬慣汬湟硥⥴਍††⁼†††††††帠幞幞幞幞幞幞幞幞幞幞幞幞幞幞幞幞幞幞幞幞幞൞ †簠†䘠汩⁥䌢尺獕牥屳整档屡湏䑥楲敶䑜獥瑫灯獜污獥愠⁩汰瑡牦浯扜捡敫摮慜灰浜摩汤睥牡履敳畣楲祴瀮≹‬楬敮㈠㌳‬湩搠獩慰捴൨ †簠††爠獥潰獮⁥‽睡楡⁴慣汬湟硥⡴敲畱獥⥴਍††⁼†††††††帠幞幞幞幞幞幞幞幞幞幞幞൞ †簠†䘠汩⁥䌢尺獕牥屳整档屡灁䑰瑡屡潌慣屬牐杯慲獭停瑹潨屮祐桴湯ㄳ尲楌屢楳整瀭捡慫敧屳瑳牡敬瑴履業摤敬慷敲扜獡⹥祰Ⱒ氠湩⁥㘱ⰵ椠⁮慣汬湟硥൴ †簠††爠楡敳愠灰敟捸਍††⁼†楆敬∠㩃啜敳獲瑜捥慨䅜灰慄慴䱜捯污停潲牧浡屳祐桴湯停瑹潨㍮㈱䱜扩獜瑩ⵥ慰正条獥獜慴汲瑥整浜摩汤睥牡履慢敳瀮≹‬楬敮ㄠㄵ‬湩挠牯൯ †簠††愠慷瑩猠汥⹦灡⡰捳灯ⱥ爠捥楥敶潟彲楤捳湯敮瑣‬敳摮湟彯牥潲⥲਍††⁼†楆敬∠㩃啜敳獲瑜捥慨䅜灰慄慴䱜捯污停潲牧浡屳祐桴湯停瑹潨㍮㈱䱜扩獜瑩ⵥ慰正条獥獜慴汲瑥整浜摩汤睥牡履慢敳瀮≹‬楬敮ㄠ㤸‬湩张损污彬ൟ †簠††眠瑩⁨潣汬灡敳敟捸牧畯獰⤨ഺ †簠†䘠汩⁥䌢尺獕牥屳整档屡灁䑰瑡屡潌慣屬牐杯慲獭停瑹潨屮祐桴湯ㄳ尲楌屢潣瑮硥汴扩瀮≹‬楬敮ㄠ㠵‬湩张敟楸彴ൟ †簠††猠汥⹦敧⹮桴潲⡷慶畬⥥਍††⁼†楆敬∠㩃啜敳獲瑜捥慨䅜灰慄慴䱜捯污停潲牧浡屳祐桴湯停瑹潨㍮㈱䱜扩獜瑩ⵥ慰正条獥獜慴汲瑥整彜瑵汩⹳祰Ⱒ氠湩⁥㌹‬湩挠汯慬獰彥硥杣潲灵൳ †簠††爠楡敳攠捸਍††⁼†楆敬∠㩃啜敳獲瑜捥慨䅜灰慄慴䱜捯污停潲牧浡屳祐桴湯停瑹潨㍮㈱䱜扩獜瑩ⵥ慰正条獥獜慴汲瑥整浜摩汤睥牡履慢敳瀮≹‬楬敮ㄠㄹ‬湩张损污彬ൟ †簠††爠獥潰獮⁥‽睡楡⁴敳晬搮獩慰捴彨畦据爨煥敵瑳‬慣汬湟硥⥴਍††⁼†††††††帠幞幞幞幞幞幞幞幞幞幞幞幞幞幞幞幞幞幞幞幞幞൞ †簠†䘠汩⁥䌢尺獕牥屳整档屡湏䑥楲敶䑜獥瑫灯獜污獥愠⁩汰瑡牦浯扜捡敫摮慜灰浜摩汤睥牡履敳畣楲祴瀮≹‬楬敮㈠㠱‬湩搠獩慰捴൨ †簠††爠獥潰獮⁥‽睡楡⁴慣汬湟硥⡴敲畱獥⥴਍††⁼†††††††帠幞幞幞幞幞幞幞幞幞幞幞൞ †簠†䘠汩⁥䌢尺獕牥屳整档屡灁䑰瑡屡潌慣屬牐杯慲獭停瑹潨屮祐桴湯ㄳ尲楌屢楳整瀭捡慫敧屳瑳牡敬瑴履業摤敬慷敲扜獡⹥祰Ⱒ氠湩⁥㘱ⰵ椠⁮慣汬湟硥൴ †簠††爠楡敳愠灰敟捸਍††⁼†楆敬∠㩃啜敳獲瑜捥慨䅜灰慄慴䱜捯污停潲牧浡屳祐桴湯停瑹潨㍮㈱䱜扩獜瑩ⵥ慰正条獥獜慴汲瑥整浜摩汤睥牡履慢敳瀮≹‬楬敮ㄠㄵ‬湩挠牯൯ †簠††愠慷瑩猠汥⹦灡⡰捳灯ⱥ爠捥楥敶潟彲楤捳湯敮瑣‬敳摮湟彯牥潲⥲਍††⁼†楆敬∠㩃啜敳獲瑜捥慨䅜灰慄慴䱜捯污停潲牧浡屳祐桴湯停瑹潨㍮㈱䱜扩獜瑩ⵥ慰正条獥獜慴汲瑥整浜摩汤睥牡履慢敳瀮≹‬楬敮ㄠ㤸‬湩张损污彬ൟ †簠††眠瑩⁨潣汬灡敳敟捸牧畯獰⤨ഺ †簠†䘠汩⁥䌢尺獕牥屳整档屡灁䑰瑡屡潌慣屬牐杯慲獭停瑹潨屮祐桴湯ㄳ尲楌屢潣瑮硥汴扩瀮≹‬楬敮ㄠ㠵‬湩张敟楸彴ൟ †簠††猠汥⹦敧⹮桴潲⡷慶畬⥥਍††⁼†楆敬∠㩃啜敳獲瑜捥慨䅜灰慄慴䱜捯污停潲牧浡屳祐桴湯停瑹潨㍮㈱䱜扩獜瑩ⵥ慰正条獥獜慴汲瑥整彜瑵汩⹳祰Ⱒ氠湩⁥㌹‬湩挠汯慬獰彥硥杣潲灵൳ †簠††爠楡敳攠捸਍††⁼†楆敬∠㩃啜敳獲瑜捥慨䅜灰慄慴䱜捯污停潲牧浡屳祐桴湯停瑹潨㍮㈱䱜扩獜瑩ⵥ慰正条獥獜慴汲瑥整浜摩汤睥牡履慢敳瀮≹‬楬敮ㄠㄹ‬湩张损污彬ൟ †簠††爠獥潰獮⁥‽睡楡⁴敳晬搮獩慰捴彨畦据爨煥敵瑳‬慣汬湟硥⥴਍††⁼†††††††帠幞幞幞幞幞幞幞幞幞幞幞幞幞幞幞幞幞幞幞幞幞൞ †簠†䘠汩⁥䌢尺獕牥屳整档屡湏䑥楲敶䑜獥瑫灯獜污獥愠⁩汰瑡牦浯扜捡敫摮慜灰浜摩汤睥牡履整慮瑮敟普牯散敭瑮瀮≹‬楬敮㔠ⰸ椠⁮楤灳瑡档਍††⁼††敲畴湲愠慷瑩挠污彬敮瑸爨煥敵瑳ഩ †簠††††††幞幞幞幞幞幞幞幞幞幞幞幞਍††⁼†楆敬∠㩃啜敳獲瑜捥慨䅜灰慄慴䱜捯污停潲牧浡屳祐桴湯停瑹潨㍮㈱䱜扩獜瑩ⵥ慰正条獥獜慴汲瑥整浜摩汤睥牡履慢敳瀮≹‬楬敮ㄠ㔶‬湩挠污彬敮瑸਍††⁼††慲獩⁥灡彰硥ൣ †簠†䘠汩⁥䌢尺獕牥屳整档屡灁䑰瑡屡潌慣屬牐杯慲獭停瑹潨屮祐桴湯ㄳ尲楌屢楳整瀭捡慫敧屳瑳牡敬瑴履業摤敬慷敲扜獡⹥祰Ⱒ氠湩⁥㔱ⰱ椠⁮潣潲਍††⁼††睡楡⁴敳晬愮灰猨潣数‬敲散癩彥牯摟獩潣湮捥ⱴ猠湥彤潮敟牲牯ഩ †簠†䘠汩⁥䌢尺獕牥屳整档屡灁䑰瑡屡潌慣屬牐杯慲獭停瑹潨屮祐桴湯ㄳ尲楌屢楳整瀭捡慫敧屳瑳牡敬瑴履業摤敬慷敲捜牯⹳祰Ⱒ氠湩⁥㔸‬湩张损污彬ൟ †簠††愠慷瑩猠汥⹦灡⡰捳灯ⱥ爠捥楥敶‬敳摮ഩ †簠†䘠汩⁥䌢尺獕牥屳整档屡灁䑰瑡屡潌慣屬牐杯慲獭停瑹潨屮祐桴湯ㄳ尲楌屢楳整瀭捡慫敧屳瑳牡敬瑴履業摤敬慷敲敜捸灥楴湯⹳祰Ⱒ氠湩⁥㔶‬湩张损污彬ൟ †簠††愠慷瑩眠慲彰灡彰慨摮楬杮敟捸灥楴湯⡳敳晬愮灰‬潣湮⠩捳灯ⱥ爠捥楥敶‬敳摮ഩ †簠†䘠汩⁥䌢尺獕牥屳整档屡灁䑰瑡屡潌慣屬牐杯慲獭停瑹潨屮祐桴湯ㄳ尲楌屢楳整瀭捡慫敧屳瑳牡敬瑴履敟捸灥楴湯桟湡汤牥瀮≹‬楬敮㘠ⰴ椠⁮牷灡数彤灡൰ †簠††爠楡敳攠捸਍††⁼†楆敬∠㩃啜敳獲瑜捥慨䅜灰慄慴䱜捯污停潲牧浡屳祐桴湯停瑹潨㍮㈱䱜扩獜瑩ⵥ慰正条獥獜慴汲瑥整彜硥散瑰潩彮慨摮敬⹲祰Ⱒ氠湩⁥㌵‬湩眠慲灰摥慟灰਍††⁼††睡楡⁴灡⡰捳灯ⱥ爠捥楥敶‬敳摮牥ഩ †簠†䘠汩⁥䌢尺獕牥屳整档屡灁䑰瑡屡潌慣屬牐杯慲獭停瑹潨屮祐桴湯ㄳ尲楌屢楳整瀭捡慫敧屳瑳牡敬瑴履潲瑵湩⹧祰Ⱒ氠湩⁥㔷ⰶ椠⁮彟慣汬彟਍††⁼††睡楡⁴敳晬洮摩汤睥牡彥瑳捡⡫捳灯ⱥ爠捥楥敶‬敳摮ഩ †簠†䘠汩⁥䌢尺獕牥屳整档屡灁䑰瑡屡潌慣屬牐杯慲獭停瑹潨屮祐桴湯ㄳ尲楌屢楳整瀭捡慫敧屳瑳牡敬瑴履潲瑵湩⹧祰Ⱒ氠湩⁥㜷ⰶ椠⁮灡൰ †簠††愠慷瑩爠畯整栮湡汤⡥捳灯ⱥ爠捥楥敶‬敳摮ഩ †簠†䘠汩⁥䌢尺獕牥屳整档屡灁䑰瑡屡潌慣屬牐杯慲獭停瑹潨屮祐桴湯ㄳ尲楌屢楳整瀭捡慫敧屳瑳牡敬瑴履潲瑵湩⹧祰Ⱒ氠湩⁥㤲ⰷ椠⁮慨摮敬਍††⁼††睡楡⁴敳晬愮灰猨潣数‬敲散癩ⱥ猠湥⥤਍††⁼†楆敬∠㩃啜敳獲瑜捥慨䅜灰慄慴䱜捯污停潲牧浡屳祐桴湯停瑹潨㍮㈱䱜扩獜瑩ⵥ慰正条獥獜慴汲瑥整牜畯楴杮瀮≹‬楬敮㜠ⰷ椠⁮灡൰ †簠††愠慷瑩眠慲彰灡彰慨摮楬杮敟捸灥楴湯⡳灡Ɒ爠煥敵瑳⠩捳灯ⱥ爠捥楥敶‬敳摮ഩ †簠†䘠汩⁥䌢尺獕牥屳整档屡灁䑰瑡屡潌慣屬牐杯慲獭停瑹潨屮祐桴湯ㄳ尲楌屢楳整瀭捡慫敧屳瑳牡敬瑴履敟捸灥楴湯桟湡汤牥瀮≹‬楬敮㘠ⰴ椠⁮牷灡数彤灡൰ †簠††爠楡敳攠捸਍††⁼†楆敬∠㩃啜敳獲瑜捥慨䅜灰慄慴䱜捯污停潲牧浡屳祐桴湯停瑹潨㍮㈱䱜扩獜瑩ⵥ慰正条獥獜慴汲瑥整彜硥散瑰潩彮慨摮敬⹲祰Ⱒ氠湩⁥㌵‬湩眠慲灰摥慟灰਍††⁼††睡楡⁴灡⡰捳灯ⱥ爠捥楥敶‬敳摮牥ഩ †簠†䘠汩⁥䌢尺獕牥屳整档屡灁䑰瑡屡潌慣屬牐杯慲獭停瑹潨屮祐桴湯ㄳ尲楌屢楳整瀭捡慫敧屳瑳牡敬瑴履潲瑵湩⹧祰Ⱒ氠湩⁥㈷‬湩愠灰਍††⁼††敲灳湯敳㴠愠慷瑩映湵⡣敲畱獥⥴਍††⁼†††††††帠幞幞幞幞幞幞幞幞幞਍††⁼†楆敬∠㩃啜敳獲瑜捥慨䅜灰慄慴䱜捯污停潲牧浡屳祐桴湯停瑹潨㍮㈱䱜扩獜瑩ⵥ慰正条獥晜獡慴楰牜畯楴杮瀮≹‬楬敮㈠㠷‬湩愠灰਍††⁼††慲彷敲灳湯敳㴠愠慷瑩爠湵敟摮潰湩彴畦据楴湯ന †簠††††††††††幞幞幞幞幞幞幞幞幞幞幞幞幞幞਍††⁼†楆敬∠㩃啜敳獲瑜捥慨䅜灰慄慴䱜捯污停潲牧浡屳祐桴湯停瑹潨㍮㈱䱜扩獜瑩ⵥ慰正条獥晜獡慴楰牜畯楴杮瀮≹‬楬敮ㄠㄹ‬湩爠湵敟摮潰湩彴畦据楴湯਍††⁼††敲畴湲愠慷瑩搠灥湥慤瑮挮污⡬⨪慶畬獥ഩ †簠††††††幞幞幞幞幞幞幞幞幞幞幞幞幞幞幞਍††⁼†楆敬∠㩃啜敳獲瑜捥慨作敮牄癩履敄歳潴屰慳敬⁳楡瀠慬晴潲屭慢正湥層灡屰灡屩ㅶ敜摮潰湩獴睜牯獫慰散瀮≹‬楬敮㌠㜴‬湩朠瑥楟癮湥潴祲桟慥瑬൨ †簠††爠瑥牵⁮潗歲灳捡䕥杮湩⹥敧彴湩敶瑮牯役敨污桴挨浯慰祮楟㵤潣灭湡役摩ഩ †簠††††††幞幞幞幞幞幞幞幞幞幞幞幞幞幞幞幞幞幞幞幞幞幞幞幞幞幞幞幞幞൞ †簠吠灹䕥牲牯›潗歲灳捡䕥杮湩⹥敧彴湩敶瑮牯役敨污桴⤨朠瑯愠⁮湵硥数瑣摥欠祥潷摲愠杲浵湥⁴挧浯慰祮楟❤਍††⴫ⴭⴭⴭⴭⴭⴭⴭⴭⴭⴭⴭⴭⴭⴭⴭⴭⴭഭഊ䐊牵湩⁧慨摮楬杮漠⁦桴⁥扡癯⁥硥散瑰潩Ɱ愠潮桴牥攠捸灥楴湯漠捣牵敲㩤਍਍牔捡扥捡⁫洨獯⁴敲散瑮挠污⁬慬瑳㨩਍†楆敬∠㩃啜敳獲瑜捥慨䅜灰慄慴䱜捯污停潲牧浡屳祐桴湯停瑹潨㍮㈱䱜扩獜瑩ⵥ慰正条獥獜慴汲瑥整浜摩汤睥牡履牥潲獲瀮≹‬楬敮ㄠ㐶‬湩张损污彬ൟ †愠慷瑩猠汥⹦灡⡰捳灯ⱥ爠捥楥敶‬獟湥⥤਍†楆敬∠㩃啜敳獲瑜捥慨䅜灰慄慴䱜捯污停潲牧浡屳祐桴湯停瑹潨㍮㈱䱜扩獜瑩ⵥ慰正条獥獜慴汲瑥整浜摩汤睥牡履慢敳瀮≹‬楬敮ㄠ㤸‬湩张损污彬ൟ †眠瑩⁨潣汬灡敳敟捸牧畯獰⤨ഺ 䘠汩⁥䌢尺獕牥屳整档屡灁䑰瑡屡潌慣屬牐杯慲獭停瑹潨屮祐桴湯ㄳ尲楌屢潣瑮硥汴扩瀮≹‬楬敮ㄠ㠵‬湩张敟楸彴ൟ †猠汥⹦敧⹮桴潲⡷慶畬⥥਍†楆敬∠㩃啜敳獲瑜捥慨䅜灰慄慴䱜捯污停潲牧浡屳祐桴湯停瑹潨㍮㈱䱜扩獜瑩ⵥ慰正条獥獜慴汲瑥整彜瑵汩⹳祰Ⱒ氠湩⁥㌹‬湩挠汯慬獰彥硥杣潲灵൳ †爠楡敳攠捸਍†楆敬∠㩃啜敳獲瑜捥慨䅜灰慄慴䱜捯污停潲牧浡屳祐桴湯停瑹潨㍮㈱䱜扩獜瑩ⵥ慰正条獥獜慴汲瑥整浜摩汤睥牡履慢敳瀮≹‬楬敮ㄠㄹ‬湩张损污彬ൟ †爠獥潰獮⁥‽睡楡⁴敳晬搮獩慰捴彨畦据爨煥敵瑳‬慣汬湟硥⥴਍†††††††帠幞幞幞幞幞幞幞幞幞幞幞幞幞幞幞幞幞幞幞幞幞൞ 䘠汩⁥䌢尺獕牥屳整档屡湏䑥楲敶䑜獥瑫灯獜污獥愠⁩汰瑡牦浯扜捡敫摮慜灰浜摩汤睥牡履敲畱獥彴潣瑮硥⹴祰Ⱒ氠湩⁥㘵‬湩搠獩慰捴൨ †爠楡敳攠਍†楆敬∠㩃啜敳獲瑜捥慨作敮牄癩履敄歳潴屰慳敬⁳楡瀠慬晴潲屭慢正湥層灡屰業摤敬慷敲牜煥敵瑳损湯整瑸瀮≹‬楬敮㔠ⰰ椠⁮楤灳瑡档਍††敲灳湯敳㴠愠慷瑩挠污彬敮瑸爨煥敵瑳ഩ †††††††幞幞幞幞幞幞幞幞幞幞幞幞਍†楆敬∠㩃啜敳獲瑜捥慨䅜灰慄慴䱜捯污停潲牧浡屳祐桴湯停瑹潨㍮㈱䱜扩獜瑩ⵥ慰正条獥獜慴汲瑥整浜摩汤睥牡履慢敳瀮≹‬楬敮ㄠ㔶‬湩挠污彬敮瑸਍††慲獩⁥灡彰硥ൣ 䘠汩⁥䌢尺獕牥屳整档屡灁䑰瑡屡潌慣屬牐杯慲獭停瑹潨屮祐桴湯ㄳ尲楌屢楳整瀭捡慫敧屳瑳牡敬瑴履業摤敬慷敲扜獡⹥祰Ⱒ氠湩⁥㔱ⰱ椠⁮潣潲਍††睡楡⁴敳晬愮灰猨潣数‬敲散癩彥牯摟獩潣湮捥ⱴ猠湥彤潮敟牲牯ഩ 䘠汩⁥䌢尺獕牥屳整档屡灁䑰瑡屡潌慣屬牐杯慲獭停瑹潨屮祐桴湯ㄳ尲楌屢楳整瀭捡慫敧屳瑳牡敬瑴履業摤敬慷敲扜獡⹥祰Ⱒ氠湩⁥㠱ⰹ椠⁮彟慣汬彟਍††楷桴挠汯慬獰彥硥杣潲灵⡳㨩਍†楆敬∠㩃啜敳獲瑜捥慨䅜灰慄慴䱜捯污停潲牧浡屳祐桴湯停瑹潨㍮㈱䱜扩捜湯整瑸楬⹢祰Ⱒ氠湩⁥㔱ⰸ椠⁮彟硥瑩彟਍††敳晬朮湥琮牨睯瘨污敵ഩ 䘠汩⁥䌢尺獕牥屳整档屡灁䑰瑡屡潌慣屬牐杯慲獭停瑹潨屮祐桴湯ㄳ尲楌屢楳整瀭捡慫敧屳瑳牡敬瑴履畟楴獬瀮≹‬楬敮㤠ⰳ椠⁮潣汬灡敳敟捸牧畯獰਍††慲獩⁥硥ൣ 䘠汩⁥䌢尺獕牥屳整档屡灁䑰瑡屡潌慣屬牐杯慲獭停瑹潨屮祐桴湯ㄳ尲楌屢楳整瀭捡慫敧屳瑳牡敬瑴履業摤敬慷敲扜獡⹥祰Ⱒ氠湩⁥㤱ⰱ椠⁮彟慣汬彟਍††敲灳湯敳㴠愠慷瑩猠汥⹦楤灳瑡档晟湵⡣敲畱獥ⱴ挠污彬敮瑸ഩ †††††††幞幞幞幞幞幞幞幞幞幞幞幞幞幞幞幞幞幞幞幞幞幞਍†楆敬∠㩃啜敳獲瑜捥慨作敮牄癩履敄歳潴屰慳敬⁳楡瀠慬晴潲屭慢正湥層灡屰業摤敬慷敲獜捥牵瑩⹹祰Ⱒ氠湩⁥㌲ⰳ椠⁮楤灳瑡档਍††敲灳湯敳㴠愠慷瑩挠污彬敮瑸爨煥敵瑳ഩ †††††††幞幞幞幞幞幞幞幞幞幞幞幞਍†楆敬∠㩃啜敳獲瑜捥慨䅜灰慄慴䱜捯污停潲牧浡屳祐桴湯停瑹潨㍮㈱䱜扩獜瑩ⵥ慰正条獥獜慴汲瑥整浜摩汤睥牡履慢敳瀮≹‬楬敮ㄠ㔶‬湩挠污彬敮瑸਍††慲獩⁥灡彰硥ൣ 䘠汩⁥䌢尺獕牥屳整档屡灁䑰瑡屡潌慣屬牐杯慲獭停瑹潨屮祐桴湯ㄳ尲楌屢楳整瀭捡慫敧屳瑳牡敬瑴履業摤敬慷敲扜獡⹥祰Ⱒ氠湩⁥㔱ⰱ椠⁮潣潲਍††睡楡⁴敳晬愮灰猨潣数‬敲散癩彥牯摟獩潣湮捥ⱴ猠湥彤潮敟牲牯ഩ 䘠汩⁥䌢尺獕牥屳整档屡灁䑰瑡屡潌慣屬牐杯慲獭停瑹潨屮祐桴湯ㄳ尲楌屢楳整瀭捡慫敧屳瑳牡敬瑴履業摤敬慷敲扜獡⹥祰Ⱒ氠湩⁥㠱ⰹ椠⁮彟慣汬彟਍††楷桴挠汯慬獰彥硥杣潲灵⡳㨩਍†楆敬∠㩃啜敳獲瑜捥慨䅜灰慄慴䱜捯污停潲牧浡屳祐桴湯停瑹潨㍮㈱䱜扩捜湯整瑸楬⹢祰Ⱒ氠湩⁥㔱ⰸ椠⁮彟硥瑩彟਍††敳晬朮湥琮牨睯瘨污敵ഩ 䘠汩⁥䌢尺獕牥屳整档屡灁䑰瑡屡潌慣屬牐杯慲獭停瑹潨屮祐桴湯ㄳ尲楌屢楳整瀭捡慫敧屳瑳牡敬瑴履畟楴獬瀮≹‬楬敮㤠ⰳ椠⁮潣汬灡敳敟捸牧畯獰਍††慲獩⁥硥ൣ 䘠汩⁥䌢尺獕牥屳整档屡灁䑰瑡屡潌慣屬牐杯慲獭停瑹潨屮祐桴湯ㄳ尲楌屢楳整瀭捡慫敧屳瑳牡敬瑴履業摤敬慷敲扜獡⹥祰Ⱒ氠湩⁥㤱ⰱ椠⁮彟慣汬彟਍††敲灳湯敳㴠愠慷瑩猠汥⹦楤灳瑡档晟湵⡣敲畱獥ⱴ挠污彬敮瑸ഩ †††††††幞幞幞幞幞幞幞幞幞幞幞幞幞幞幞幞幞幞幞幞幞幞਍†楆敬∠㩃啜敳獲瑜捥慨作敮牄癩履敄歳潴屰慳敬⁳楡瀠慬晴潲屭慢正湥層灡屰業摤敬慷敲獜捥牵瑩⹹祰Ⱒ氠湩⁥ㄲⰸ椠⁮楤灳瑡档਍††敲灳湯敳㴠愠慷瑩挠污彬敮瑸爨煥敵瑳ഩ †††††††幞幞幞幞幞幞幞幞幞幞幞幞਍†楆敬∠㩃啜敳獲瑜捥慨䅜灰慄慴䱜捯污停潲牧浡屳祐桴湯停瑹潨㍮㈱䱜扩獜瑩ⵥ慰正条獥獜慴汲瑥整浜摩汤睥牡履慢敳瀮≹‬楬敮ㄠ㔶‬湩挠污彬敮瑸਍††慲獩⁥灡彰硥ൣ 䘠汩⁥䌢尺獕牥屳整档屡灁䑰瑡屡潌慣屬牐杯慲獭停瑹潨屮祐桴湯ㄳ尲楌屢楳整瀭捡慫敧屳瑳牡敬瑴履業摤敬慷敲扜獡⹥祰Ⱒ氠湩⁥㔱ⰱ椠⁮潣潲਍††睡楡⁴敳晬愮灰猨潣数‬敲散癩彥牯摟獩潣湮捥ⱴ猠湥彤潮敟牲牯ഩ 䘠汩⁥䌢尺獕牥屳整档屡灁䑰瑡屡潌慣屬牐杯慲獭停瑹潨屮祐桴湯ㄳ尲楌屢楳整瀭捡慫敧屳瑳牡敬瑴履業摤敬慷敲扜獡⹥祰Ⱒ氠湩⁥㠱ⰹ椠⁮彟慣汬彟਍††楷桴挠汯慬獰彥硥杣潲灵⡳㨩਍†楆敬∠㩃啜敳獲瑜捥慨䅜灰慄慴䱜捯污停潲牧浡屳祐桴湯停瑹潨㍮㈱䱜扩捜湯整瑸楬⹢祰Ⱒ氠湩⁥㔱ⰸ椠⁮彟硥瑩彟਍††敳晬朮湥琮牨睯瘨污敵ഩ 䘠汩⁥䌢尺獕牥屳整档屡灁䑰瑡屡潌慣屬牐杯慲獭停瑹潨屮祐桴湯ㄳ尲楌屢楳整瀭捡慫敧屳瑳牡敬瑴履畟楴獬瀮≹‬楬敮㤠ⰳ椠⁮潣汬灡敳敟捸牧畯獰਍††慲獩⁥硥ൣ 䘠汩⁥䌢尺獕牥屳整档屡灁䑰瑡屡潌慣屬牐杯慲獭停瑹潨屮祐桴湯ㄳ尲楌屢楳整瀭捡慫敧屳瑳牡敬瑴履業摤敬慷敲扜獡⹥祰Ⱒ氠湩⁥㤱ⰱ椠⁮彟慣汬彟਍††敲灳湯敳㴠愠慷瑩猠汥⹦楤灳瑡档晟湵⡣敲畱獥ⱴ挠污彬敮瑸ഩ †††††††幞幞幞幞幞幞幞幞幞幞幞幞幞幞幞幞幞幞幞幞幞幞਍†楆敬∠㩃啜敳獲瑜捥慨作敮牄癩履敄歳潴屰慳敬⁳楡瀠慬晴潲屭慢正湥層灡屰業摤敬慷敲瑜湥湡彴湥潦捲浥湥⹴祰Ⱒ氠湩⁥㠵‬湩搠獩慰捴൨ †爠瑥牵⁮睡楡⁴慣汬湟硥⡴敲畱獥⥴਍†††††帠幞幞幞幞幞幞幞幞幞幞幞൞ 䘠汩⁥䌢尺獕牥屳整档屡灁䑰瑡屡潌慣屬牐杯慲獭停瑹潨屮祐桴湯ㄳ尲楌屢楳整瀭捡慫敧屳瑳牡敬瑴履業摤敬慷敲扜獡⹥祰Ⱒ氠湩⁥㘱ⰵ椠⁮慣汬湟硥൴ †爠楡敳愠灰敟捸਍†楆敬∠㩃啜敳獲瑜捥慨䅜灰慄慴䱜捯污停潲牧浡屳祐桴湯停瑹潨㍮㈱䱜扩獜瑩ⵥ慰正条獥獜慴汲瑥整浜摩汤睥牡履慢敳瀮≹‬楬敮ㄠㄵ‬湩挠牯൯ †愠慷瑩猠汥⹦灡⡰捳灯ⱥ爠捥楥敶潟彲楤捳湯敮瑣‬敳摮湟彯牥潲⥲਍†楆敬∠㩃啜敳獲瑜捥慨䅜灰慄慴䱜捯污停潲牧浡屳祐桴湯停瑹潨㍮㈱䱜扩獜瑩ⵥ慰正条獥獜慴汲瑥整浜摩汤睥牡履潣獲瀮≹‬楬敮㠠ⰵ椠⁮彟慣汬彟਍††睡楡⁴敳晬愮灰猨潣数‬敲散癩ⱥ猠湥⥤਍†楆敬∠㩃啜敳獲瑜捥慨䅜灰慄慴䱜捯污停潲牧浡屳祐桴湯停瑹潨㍮㈱䱜扩獜瑩ⵥ慰正条獥獜慴汲瑥整浜摩汤睥牡履硥散瑰潩獮瀮≹‬楬敮㘠ⰵ椠⁮彟慣汬彟਍††睡楡⁴牷灡慟灰桟湡汤湩彧硥散瑰潩獮猨汥⹦灡Ɒ挠湯⥮猨潣数‬敲散癩ⱥ猠湥⥤਍†楆敬∠㩃啜敳獲瑜捥慨䅜灰慄慴䱜捯污停潲牧浡屳祐桴湯停瑹潨㍮㈱䱜扩獜瑩ⵥ慰正条獥獜慴汲瑥整彜硥散瑰潩彮慨摮敬⹲祰Ⱒ氠湩⁥㐶‬湩眠慲灰摥慟灰਍††慲獩⁥硥ൣ 䘠汩⁥䌢尺獕牥屳整档屡灁䑰瑡屡潌慣屬牐杯慲獭停瑹潨屮祐桴湯ㄳ尲楌屢楳整瀭捡慫敧屳瑳牡敬瑴履敟捸灥楴湯桟湡汤牥瀮≹‬楬敮㔠ⰳ椠⁮牷灡数彤灡൰ †愠慷瑩愠灰猨潣数‬敲散癩ⱥ猠湥敤⥲਍†楆敬∠㩃啜敳獲瑜捥慨䅜灰慄慴䱜捯污停潲牧浡屳祐桴湯停瑹潨㍮㈱䱜扩獜瑩ⵥ慰正条獥獜慴汲瑥整牜畯楴杮瀮≹‬楬敮㜠㘵‬湩张损污彬ൟ †愠慷瑩猠汥⹦業摤敬慷敲獟慴正猨潣数‬敲散癩ⱥ猠湥⥤਍†楆敬∠㩃啜敳獲瑜捥慨䅜灰慄慴䱜捯污停潲牧浡屳祐桴湯停瑹潨㍮㈱䱜扩獜瑩ⵥ慰正条獥獜慴汲瑥整牜畯楴杮瀮≹‬楬敮㜠㘷‬湩愠灰਍††睡楡⁴潲瑵⹥慨摮敬猨潣数‬敲散癩ⱥ猠湥⥤਍†楆敬∠㩃啜敳獲瑜捥慨䅜灰慄慴䱜捯污停潲牧浡屳祐桴湯停瑹潨㍮㈱䱜扩獜瑩ⵥ慰正条獥獜慴汲瑥整牜畯楴杮瀮≹‬楬敮㈠㜹‬湩栠湡汤൥ †愠慷瑩猠汥⹦灡⡰捳灯ⱥ爠捥楥敶‬敳摮ഩ 䘠汩⁥䌢尺獕牥屳整档屡灁䑰瑡屡潌慣屬牐杯慲獭停瑹潨屮祐桴湯ㄳ尲楌屢楳整瀭捡慫敧屳瑳牡敬瑴履潲瑵湩⹧祰Ⱒ氠湩⁥㜷‬湩愠灰਍††睡楡⁴牷灡慟灰桟湡汤湩彧硥散瑰潩獮愨灰‬敲畱獥⥴猨潣数‬敲散癩ⱥ猠湥⥤਍†楆敬∠㩃啜敳獲瑜捥慨䅜灰慄慴䱜捯污停潲牧浡屳祐桴湯停瑹潨㍮㈱䱜扩獜瑩ⵥ慰正条獥獜慴汲瑥整彜硥散瑰潩彮慨摮敬⹲祰Ⱒ氠湩⁥㐶‬湩眠慲灰摥慟灰਍††慲獩⁥硥ൣ 䘠汩⁥䌢尺獕牥屳整档屡灁䑰瑡屡潌慣屬牐杯慲獭停瑹潨屮祐桴湯ㄳ尲楌屢楳整瀭捡慫敧屳瑳牡敬瑴履敟捸灥楴湯桟湡汤牥瀮≹‬楬敮㔠ⰳ椠⁮牷灡数彤灡൰ †愠慷瑩愠灰猨潣数‬敲散癩ⱥ猠湥敤⥲਍†楆敬∠㩃啜敳獲瑜捥慨䅜灰慄慴䱜捯污停潲牧浡屳祐桴湯停瑹潨㍮㈱䱜扩獜瑩ⵥ慰正条獥獜慴汲瑥整牜畯楴杮瀮≹‬楬敮㜠ⰲ椠⁮灡൰ †爠獥潰獮⁥‽睡楡⁴畦据爨煥敵瑳ഩ †††††††幞幞幞幞幞幞幞幞幞൞ 䘠汩⁥䌢尺獕牥屳整档屡灁䑰瑡屡潌慣屬牐杯慲獭停瑹潨屮祐桴湯ㄳ尲楌屢楳整瀭捡慫敧屳慦瑳灡屩潲瑵湩⹧祰Ⱒ氠湩⁥㜲ⰸ椠⁮灡൰ †爠睡牟獥潰獮⁥‽睡楡⁴畲彮湥灤楯瑮晟湵瑣潩⡮਍†††††††††帠幞幞幞幞幞幞幞幞幞幞幞幞幞൞ 䘠汩⁥䌢尺獕牥屳整档屡灁䑰瑡屡潌慣屬牐杯慲獭停瑹潨屮祐桴湯ㄳ尲楌屢楳整瀭捡慫敧屳慦瑳灡屩潲瑵湩⹧祰Ⱒ氠湩⁥㤱ⰱ椠⁮畲彮湥灤楯瑮晟湵瑣潩൮ †爠瑥牵⁮睡楡⁴敤数摮湡⹴慣汬⨨瘪污敵⥳਍†††††帠幞幞幞幞幞幞幞幞幞幞幞幞幞幞൞ 䘠汩⁥䌢尺獕牥屳整档屡湏䑥楲敶䑜獥瑫灯獜污獥愠⁩汰瑡牦浯扜捡敫摮慜灰慜楰癜就湥灤楯瑮屳潷歲灳捡⹥祰Ⱒ氠湩⁥㐳ⰷ椠⁮敧彴湩敶瑮牯役敨污桴਍††敲畴湲圠牯獫慰散湅楧敮朮瑥楟癮湥潴祲桟慥瑬⡨潣灭湡役摩挽浯慰祮楟⥤਍†††††帠幞幞幞幞幞幞幞幞幞幞幞幞幞幞幞幞幞幞幞幞幞幞幞幞幞幞幞幞幞਍祔数牅潲㩲圠牯獫慰散湅楧敮朮瑥楟癮湥潴祲桟慥瑬⡨ 潧⁴湡甠敮灸捥整⁤敫睹牯⁤牡畧敭瑮✠潣灭湡役摩ധഊ嬊〲㘲〭ⴳ㤲㈠㨱㜱㌺⸰㘱㌵〸⁝䥛㩄ㄲㄴ晤ㅡㄭ㥢ⵢ〴挹㤭㤳ⵦて㔹㕡搲㙢〴⁝剅㩒圠牯獫慰散湅楧敮朮瑥楟癮湥潴祲桟慥瑬⡨ 潧⁴湡甠敮灸捥整⁤敫睹牯⁤牡畧敭瑮✠潣灭湡役摩ധ ⬠䔠捸灥楴湯䜠潲灵吠慲散慢正⠠潭瑳爠捥湥⁴慣汬氠獡⥴ഺ 簠†䘠汩⁥䌢尺獕牥屳整档屡灁䑰瑡屡潌慣屬牐杯慲獭停瑹潨屮祐桴湯ㄳ尲楌屢楳整瀭捡慫敧屳瑳牡敬瑴履畟楴獬瀮≹‬楬敮㠠ⰷ椠⁮潣汬灡敳敟捸牧畯獰਍†⁼††楹汥൤ 簠†䘠汩⁥䌢尺獕牥屳整档屡灁䑰瑡屡潌慣屬牐杯慲獭停瑹潨屮祐桴湯ㄳ尲楌屢楳整瀭捡慫敧屳瑳牡敬瑴履業摤敬慷敲扜獡⹥祰Ⱒ氠湩⁥㤱ⰰ椠⁮彟慣汬彟਍†⁼††獡湹⁣楷桴愠祮潩挮敲瑡彥慴歳束潲灵⤨愠⁳慴歳束潲灵ഺ 簠†䘠汩⁥䌢尺獕牥屳整档屡灁䑰瑡屡潌慣屬牐杯慲獭停瑹潨屮祐桴湯ㄳ尲楌屢楳整瀭捡慫敧屳湡楹屯扟捡敫摮屳慟祳据潩瀮≹‬楬敮㘠㠷‬湩张慟硥瑩彟਍†⁼††慲獩⁥慂敳硅散瑰潩䝮潲灵ന 簠䔠捸灥楴湯片畯㩰甠桮湡汤摥攠牲牯⁳湩愠吠獡䝫潲灵⠠‱畳ⵢ硥散瑰潩⥮਍†⴫⴫ⴭⴭⴭⴭⴭⴭⴭ‭‱ⴭⴭⴭⴭⴭⴭⴭⴭ਍††⁼牔捡扥捡⁫洨獯⁴敲散瑮挠污⁬慬瑳㨩਍††⁼†楆敬∠㩃啜敳獲瑜捥慨䅜灰慄慴䱜捯污停潲牧浡屳祐桴湯停瑹潨㍮㈱䱜扩獜瑩ⵥ慰正条獥獜慴汲瑥整浜摩汤睥牡履牥潲獲瀮≹‬楬敮ㄠ㐶‬湩张损污彬ൟ †簠††愠慷瑩猠汥⹦灡⡰捳灯ⱥ爠捥楥敶‬獟湥⥤਍††⁼†楆敬∠㩃啜敳獲瑜捥慨䅜灰慄慴䱜捯污停潲牧浡屳祐桴湯停瑹潨㍮㈱䱜扩獜瑩ⵥ慰正条獥獜慴汲瑥整浜摩汤睥牡履慢敳瀮≹‬楬敮ㄠ㤸‬湩张损污彬ൟ †簠††眠瑩⁨潣汬灡敳敟捸牧畯獰⤨ഺ †簠†䘠汩⁥䌢尺獕牥屳整档屡灁䑰瑡屡潌慣屬牐杯慲獭停瑹潨屮祐桴湯ㄳ尲楌屢潣瑮硥汴扩瀮≹‬楬敮ㄠ㠵‬湩张敟楸彴ൟ †簠††猠汥⹦敧⹮桴潲⡷慶畬⥥਍††⁼†楆敬∠㩃啜敳獲瑜捥慨䅜灰慄慴䱜捯污停潲牧浡屳祐桴湯停瑹潨㍮㈱䱜扩獜瑩ⵥ慰正条獥獜慴汲瑥整彜瑵汩⹳祰Ⱒ氠湩⁥㌹‬湩挠汯慬獰彥硥杣潲灵൳ †簠††爠楡敳攠捸਍††⁼†楆敬∠㩃啜敳獲瑜捥慨䅜灰慄慴䱜捯污停潲牧浡屳祐桴湯停瑹潨㍮㈱䱜扩獜瑩ⵥ慰正条獥獜慴汲瑥整浜摩汤睥牡履慢敳瀮≹‬楬敮ㄠㄹ‬湩张损污彬ൟ †簠††爠獥潰獮⁥‽睡楡⁴敳晬搮獩慰捴彨畦据爨煥敵瑳‬慣汬湟硥⥴਍††⁼†††††††帠幞幞幞幞幞幞幞幞幞幞幞幞幞幞幞幞幞幞幞幞幞൞ †簠†䘠汩⁥䌢尺獕牥屳整档屡湏䑥楲敶䑜獥瑫灯獜污獥愠⁩汰瑡牦浯扜捡敫摮慜灰浜摩汤睥牡履敲畱獥彴潣瑮硥⹴祰Ⱒ氠湩⁥㘵‬湩搠獩慰捴൨ †簠††爠楡敳攠਍††⁼†楆敬∠㩃啜敳獲瑜捥慨作敮牄癩履敄歳潴屰慳敬⁳楡瀠慬晴潲屭慢正湥層灡屰業摤敬慷敲牜煥敵瑳损湯整瑸瀮≹‬楬敮㔠ⰰ椠⁮楤灳瑡档਍††⁼††敲灳湯敳㴠愠慷瑩挠污彬敮瑸爨煥敵瑳ഩ †簠††††††††幞幞幞幞幞幞幞幞幞幞幞幞਍††⁼†楆敬∠㩃啜敳獲瑜捥慨䅜灰慄慴䱜捯污停潲牧浡屳祐桴湯停瑹潨㍮㈱䱜扩獜瑩ⵥ慰正条獥獜慴汲瑥整浜摩汤睥牡履慢敳瀮≹‬楬敮ㄠ㔶‬湩挠污彬敮瑸਍††⁼††慲獩⁥灡彰硥ൣ †簠†䘠汩⁥䌢尺獕牥屳整档屡灁䑰瑡屡潌慣屬牐杯慲獭停瑹潨屮祐桴湯ㄳ尲楌屢楳整瀭捡慫敧屳瑳牡敬瑴履業摤敬慷敲扜獡⹥祰Ⱒ氠湩⁥㔱ⰱ椠⁮潣潲਍††⁼††睡楡⁴敳晬愮灰猨潣数‬敲散癩彥牯摟獩潣湮捥ⱴ猠湥彤潮敟牲牯ഩ †簠†䘠汩⁥䌢尺獕牥屳整档屡灁䑰瑡屡潌慣屬牐杯慲獭停瑹潨屮祐桴湯ㄳ尲楌屢楳整瀭捡慫敧屳瑳牡敬瑴履業摤敬慷敲扜獡⹥祰Ⱒ氠湩⁥㠱ⰹ椠⁮彟慣汬彟਍††⁼††楷桴挠汯慬獰彥硥杣潲灵⡳㨩਍††⁼†楆敬∠㩃啜敳獲瑜捥慨䅜灰慄慴䱜捯污停潲牧浡屳祐桴湯停瑹潨㍮㈱䱜扩捜湯整瑸楬⹢祰Ⱒ氠湩⁥㔱ⰸ椠⁮彟硥瑩彟਍††⁼††敳晬朮湥琮牨睯瘨污敵ഩ †簠†䘠汩⁥䌢尺獕牥屳整档屡灁䑰瑡屡潌慣屬牐杯慲獭停瑹潨屮祐桴湯ㄳ尲楌屢楳整瀭捡慫敧屳瑳牡敬瑴履畟楴獬瀮≹‬楬敮㤠ⰳ椠⁮潣汬灡敳敟捸牧畯獰਍††⁼††慲獩⁥硥ൣ †簠†䘠汩⁥䌢尺獕牥屳整档屡灁䑰瑡屡潌慣屬牐杯慲獭停瑹潨屮祐桴湯ㄳ尲楌屢楳整瀭捡慫敧屳瑳牡敬瑴履業摤敬慷敲扜獡⹥祰Ⱒ氠湩⁥㤱ⰱ椠⁮彟慣汬彟਍††⁼††敲灳湯敳㴠愠慷瑩猠汥⹦楤灳瑡档晟湵⡣敲畱獥ⱴ挠污彬敮瑸ഩ †簠††††††††幞幞幞幞幞幞幞幞幞幞幞幞幞幞幞幞幞幞幞幞幞幞਍††⁼†楆敬∠㩃啜敳獲瑜捥慨作敮牄癩履敄歳潴屰慳敬⁳楡瀠慬晴潲屭慢正湥層灡屰業摤敬慷敲獜捥牵瑩⹹祰Ⱒ氠湩⁥㌲ⰳ椠⁮楤灳瑡档਍††⁼††敲灳湯敳㴠愠慷瑩挠污彬敮瑸爨煥敵瑳ഩ †簠††††††††幞幞幞幞幞幞幞幞幞幞幞幞਍††⁼†楆敬∠㩃啜敳獲瑜捥慨䅜灰慄慴䱜捯污停潲牧浡屳祐桴湯停瑹潨㍮㈱䱜扩獜瑩ⵥ慰正条獥獜慴汲瑥整浜摩汤睥牡履慢敳瀮≹‬楬敮ㄠ㔶‬湩挠污彬敮瑸਍††⁼††慲獩⁥灡彰硥ൣ †簠†䘠汩⁥䌢尺獕牥屳整档屡灁䑰瑡屡潌慣屬牐杯慲獭停瑹潨屮祐桴湯ㄳ尲楌屢楳整瀭捡慫敧屳瑳牡敬瑴履業摤敬慷敲扜獡⹥祰Ⱒ氠湩⁥㔱ⰱ椠⁮潣潲਍††⁼††睡楡⁴敳晬愮灰猨潣数‬敲散癩彥牯摟獩潣湮捥ⱴ猠湥彤潮敟牲牯ഩ †簠†䘠汩⁥䌢尺獕牥屳整档屡灁䑰瑡屡潌慣屬牐杯慲獭停瑹潨屮祐桴湯ㄳ尲楌屢楳整瀭捡慫敧屳瑳牡敬瑴履業摤敬慷敲扜獡⹥祰Ⱒ氠湩⁥㠱ⰹ椠⁮彟慣汬彟਍††⁼††楷桴挠汯慬獰彥硥杣潲灵⡳㨩਍††⁼†楆敬∠㩃啜敳獲瑜捥慨䅜灰慄慴䱜捯污停潲牧浡屳祐桴湯停瑹潨㍮㈱䱜扩捜湯整瑸楬⹢祰Ⱒ氠湩⁥㔱ⰸ椠⁮彟硥瑩彟਍††⁼††敳晬朮湥琮牨睯瘨污敵ഩ †簠†䘠汩⁥䌢尺獕牥屳整档屡灁䑰瑡屡潌慣屬牐杯慲獭停瑹潨屮祐桴湯ㄳ尲楌屢楳整瀭捡慫敧屳瑳牡敬瑴履畟楴獬瀮≹‬楬敮㤠ⰳ椠⁮潣汬灡敳敟捸牧畯獰਍††⁼††慲獩⁥硥ൣ †簠†䘠汩⁥䌢尺獕牥屳整档屡灁䑰瑡屡潌慣屬牐杯慲獭停瑹潨屮祐桴湯ㄳ尲楌屢楳整瀭捡慫敧屳瑳牡敬瑴履業摤敬慷敲扜獡⹥祰Ⱒ氠湩⁥㤱ⰱ椠⁮彟慣汬彟਍††⁼††敲灳湯敳㴠愠慷瑩猠汥⹦楤灳瑡档晟湵⡣敲畱獥ⱴ挠污彬敮瑸ഩ †簠††††††††幞幞幞幞幞幞幞幞幞幞幞幞幞幞幞幞幞幞幞幞幞幞਍††⁼†楆敬∠㩃啜敳獲瑜捥慨作敮牄癩履敄歳潴屰慳敬⁳楡瀠慬晴潲屭慢正湥層灡屰業摤敬慷敲獜捥牵瑩⹹祰Ⱒ氠湩⁥ㄲⰸ椠⁮楤灳瑡档਍††⁼††敲灳湯敳㴠愠慷瑩挠污彬敮瑸爨煥敵瑳ഩ †簠††††††††幞幞幞幞幞幞幞幞幞幞幞幞਍††⁼†楆敬∠㩃啜敳獲瑜捥慨䅜灰慄慴䱜捯污停潲牧浡屳祐桴湯停瑹潨㍮㈱䱜扩獜瑩ⵥ慰正条獥獜慴汲瑥整浜摩汤睥牡履慢敳瀮≹‬楬敮ㄠ㔶‬湩挠污彬敮瑸਍††⁼††慲獩⁥灡彰硥ൣ †簠†䘠汩⁥䌢尺獕牥屳整档屡灁䑰瑡屡潌慣屬牐杯慲獭停瑹潨屮祐桴湯ㄳ尲楌屢楳整瀭捡慫敧屳瑳牡敬瑴履業摤敬慷敲扜獡⹥祰Ⱒ氠湩⁥㔱ⰱ椠⁮潣潲਍††⁼††睡楡⁴敳晬愮灰猨潣数‬敲散癩彥牯摟獩潣湮捥ⱴ猠湥彤潮敟牲牯ഩ †簠†䘠汩⁥䌢尺獕牥屳整档屡灁䑰瑡屡潌慣屬牐杯慲獭停瑹潨屮祐桴湯ㄳ尲楌屢楳整瀭捡慫敧屳瑳牡敬瑴履業摤敬慷敲扜獡⹥祰Ⱒ氠湩⁥㠱ⰹ椠⁮彟慣汬彟਍††⁼††楷桴挠汯慬獰彥硥杣潲灵⡳㨩਍††⁼†楆敬∠㩃啜敳獲瑜捥慨䅜灰慄慴䱜捯污停潲牧浡屳祐桴湯停瑹潨㍮㈱䱜扩捜湯整瑸楬⹢祰Ⱒ氠湩⁥㔱ⰸ椠⁮彟硥瑩彟਍††⁼††敳晬朮湥琮牨睯瘨污敵ഩ †簠†䘠汩⁥䌢尺獕牥屳整档屡灁䑰瑡屡潌慣屬牐杯慲獭停瑹潨屮祐桴湯ㄳ尲楌屢楳整瀭捡慫敧屳瑳牡敬瑴履畟楴獬瀮≹‬楬敮㤠ⰳ椠⁮潣汬灡敳敟捸牧畯獰਍††⁼††慲獩⁥硥ൣ †簠†䘠汩⁥䌢尺獕牥屳整档屡灁䑰瑡屡潌慣屬牐杯慲獭停瑹潨屮祐桴湯ㄳ尲楌屢楳整瀭捡慫敧屳瑳牡敬瑴履業摤敬慷敲扜獡⹥祰Ⱒ氠湩⁥㤱ⰱ椠⁮彟慣汬彟਍††⁼††敲灳湯敳㴠愠慷瑩猠汥⹦楤灳瑡档晟湵⡣敲畱獥ⱴ挠污彬敮瑸ഩ †簠††††††††幞幞幞幞幞幞幞幞幞幞幞幞幞幞幞幞幞幞幞幞幞幞਍††⁼†楆敬∠㩃啜敳獲瑜捥慨作敮牄癩履敄歳潴屰慳敬⁳楡瀠慬晴潲屭慢正湥層灡屰業摤敬慷敲瑜湥湡彴湥潦捲浥湥⹴祰Ⱒ氠湩⁥㠵‬湩搠獩慰捴൨ †簠††爠瑥牵⁮睡楡⁴慣汬湟硥⡴敲畱獥⥴਍††⁼†††††帠幞幞幞幞幞幞幞幞幞幞幞൞ †簠†䘠汩⁥䌢尺獕牥屳整档屡灁䑰瑡屡潌慣屬牐杯慲獭停瑹潨屮祐桴湯ㄳ尲楌屢楳整瀭捡慫敧屳瑳牡敬瑴履業摤敬慷敲扜獡⹥祰Ⱒ氠湩⁥㘱ⰵ椠⁮慣汬湟硥൴ †簠††爠楡敳愠灰敟捸਍††⁼†楆敬∠㩃啜敳獲瑜捥慨䅜灰慄慴䱜捯污停潲牧浡屳祐桴湯停瑹潨㍮㈱䱜扩獜瑩ⵥ慰正条獥獜慴汲瑥整浜摩汤睥牡履慢敳瀮≹‬楬敮ㄠㄵ‬湩挠牯൯ †簠††愠慷瑩猠汥⹦灡⡰捳灯ⱥ爠捥楥敶潟彲楤捳湯敮瑣‬敳摮湟彯牥潲⥲਍††⁼†楆敬∠㩃啜敳獲瑜捥慨䅜灰慄慴䱜捯污停潲牧浡屳祐桴湯停瑹潨㍮㈱䱜扩獜瑩ⵥ慰正条獥獜慴汲瑥整浜摩汤睥牡履潣獲瀮≹‬楬敮㠠ⰵ椠⁮彟慣汬彟਍††⁼††睡楡⁴敳晬愮灰猨潣数‬敲散癩ⱥ猠湥⥤਍††⁼†楆敬∠㩃啜敳獲瑜捥慨䅜灰慄慴䱜捯污停潲牧浡屳祐桴湯停瑹潨㍮㈱䱜扩獜瑩ⵥ慰正条獥獜慴汲瑥整浜摩汤睥牡履硥散瑰潩獮瀮≹‬楬敮㘠ⰵ椠⁮彟慣汬彟਍††⁼††睡楡⁴牷灡慟灰桟湡汤湩彧硥散瑰潩獮猨汥⹦灡Ɒ挠湯⥮猨潣数‬敲散癩ⱥ猠湥⥤਍††⁼†楆敬∠㩃啜敳獲瑜捥慨䅜灰慄慴䱜捯污停潲牧浡屳祐桴湯停瑹潨㍮㈱䱜扩獜瑩ⵥ慰正条獥獜慴汲瑥整彜硥散瑰潩彮慨摮敬⹲祰Ⱒ氠湩⁥㐶‬湩眠慲灰摥慟灰਍††⁼††慲獩⁥硥ൣ †簠†䘠汩⁥䌢尺獕牥屳整档屡灁䑰瑡屡潌慣屬牐杯慲獭停瑹潨屮祐桴湯ㄳ尲楌屢楳整瀭捡慫敧屳瑳牡敬瑴履敟捸灥楴湯桟湡汤牥瀮≹‬楬敮㔠ⰳ椠⁮牷灡数彤灡൰ †簠††愠慷瑩愠灰猨潣数‬敲散癩ⱥ猠湥敤⥲਍††⁼†楆敬∠㩃啜敳獲瑜捥慨䅜灰慄慴䱜捯污停潲牧浡屳祐桴湯停瑹潨㍮㈱䱜扩獜瑩ⵥ慰正条獥獜慴汲瑥整牜畯楴杮瀮≹‬楬敮㜠㘵‬湩张损污彬ൟ †簠††愠慷瑩猠汥⹦業摤敬慷敲獟慴正猨潣数‬敲散癩ⱥ猠湥⥤਍††⁼†楆敬∠㩃啜敳獲瑜捥慨䅜灰慄慴䱜捯污停潲牧浡屳祐桴湯停瑹潨㍮㈱䱜扩獜瑩ⵥ慰正条獥獜慴汲瑥整牜畯楴杮瀮≹‬楬敮㜠㘷‬湩愠灰਍††⁼††睡楡⁴潲瑵⹥慨摮敬猨潣数‬敲散癩ⱥ猠湥⥤਍††⁼†楆敬∠㩃啜敳獲瑜捥慨䅜灰慄慴䱜捯污停潲牧浡屳祐桴湯停瑹潨㍮㈱䱜扩獜瑩ⵥ慰正条獥獜慴汲瑥整牜畯楴杮瀮≹‬楬敮㈠㜹‬湩栠湡汤൥ †簠††愠慷瑩猠汥⹦灡⡰捳灯ⱥ爠捥楥敶‬敳摮ഩ †簠†䘠汩⁥䌢尺獕牥屳整档屡灁䑰瑡屡潌慣屬牐杯慲獭停瑹潨屮祐桴湯ㄳ尲楌屢楳整瀭捡慫敧屳瑳牡敬瑴履潲瑵湩⹧祰Ⱒ氠湩⁥㜷‬湩愠灰਍††⁼††睡楡⁴牷灡慟灰桟湡汤湩彧硥散瑰潩獮愨灰‬敲畱獥⥴猨潣数‬敲散癩ⱥ猠湥⥤਍††⁼†楆敬∠㩃啜敳獲瑜捥慨䅜灰慄慴䱜捯污停潲牧浡屳祐桴湯停瑹潨㍮㈱䱜扩獜瑩ⵥ慰正条獥獜慴汲瑥整彜硥散瑰潩彮慨摮敬⹲祰Ⱒ氠湩⁥㐶‬湩眠慲灰摥慟灰਍††⁼††慲獩⁥硥ൣ †簠†䘠汩⁥䌢尺獕牥屳整档屡灁䑰瑡屡潌慣屬牐杯慲獭停瑹潨屮祐桴湯ㄳ尲楌屢楳整瀭捡慫敧屳瑳牡敬瑴履敟捸灥楴湯桟湡汤牥瀮≹‬楬敮㔠ⰳ椠⁮牷灡数彤灡൰ †簠††愠慷瑩愠灰猨潣数‬敲散癩ⱥ猠湥敤⥲਍††⁼†楆敬∠㩃啜敳獲瑜捥慨䅜灰慄慴䱜捯污停潲牧浡屳祐桴湯停瑹潨㍮㈱䱜扩獜瑩ⵥ慰正条獥獜慴汲瑥整牜畯楴杮瀮≹‬楬敮㜠ⰲ椠⁮灡൰ †簠††爠獥潰獮⁥‽睡楡⁴畦据爨煥敵瑳ഩ †簠††††††††幞幞幞幞幞幞幞幞幞൞ †簠†䘠汩⁥䌢尺獕牥屳整档屡灁䑰瑡屡潌慣屬牐杯慲獭停瑹潨屮祐桴湯ㄳ尲楌屢楳整瀭捡慫敧屳慦瑳灡屩潲瑵湩⹧祰Ⱒ氠湩⁥㜲ⰸ椠⁮灡൰ †簠††爠睡牟獥潰獮⁥‽睡楡⁴畲彮湥灤楯瑮晟湵瑣潩⡮਍††⁼†††††††††帠幞幞幞幞幞幞幞幞幞幞幞幞幞൞ †簠†䘠汩⁥䌢尺獕牥屳整档屡灁䑰瑡屡潌慣屬牐杯慲獭停瑹潨屮祐桴湯ㄳ尲楌屢楳整瀭捡慫敧屳慦瑳灡屩潲瑵湩⹧祰Ⱒ氠湩⁥㤱ⰱ椠⁮畲彮湥灤楯瑮晟湵瑣潩൮ †簠††爠瑥牵⁮睡楡⁴敤数摮湡⹴慣汬⨨瘪污敵⥳਍††⁼†††††帠幞幞幞幞幞幞幞幞幞幞幞幞幞幞൞ †簠†䘠汩⁥䌢尺獕牥屳整档屡湏䑥楲敶䑜獥瑫灯獜污獥愠⁩汰瑡牦浯扜捡敫摮慜灰慜楰癜就湥灤楯瑮屳潷歲灳捡⹥祰Ⱒ氠湩⁥㐳ⰷ椠⁮敧彴湩敶瑮牯役敨污桴਍††⁼††敲畴湲圠牯獫慰散湅楧敮朮瑥楟癮湥潴祲桟慥瑬⡨潣灭湡役摩挽浯慰祮楟⥤਍††⁼†††††帠幞幞幞幞幞幞幞幞幞幞幞幞幞幞幞幞幞幞幞幞幞幞幞幞幞幞幞幞幞਍††⁼祔数牅潲㩲圠牯獫慰散湅楧敮朮瑥楟癮湥潴祲桟慥瑬⡨ 潧⁴湡甠敮灸捥整⁤敫睹牯⁤牡畧敭瑮✠潣灭湡役摩ധ †⬠ⴭⴭⴭⴭⴭⴭⴭⴭⴭⴭⴭⴭⴭⴭⴭⴭⴭⴭ਍਍畄楲杮栠湡汤湩⁧景琠敨愠潢敶攠捸灥楴湯‬湡瑯敨⁲硥散瑰潩⁮捯畣牲摥ഺഊ吊慲散慢正⠠潭瑳爠捥湥⁴慣汬氠獡⥴ഺ 䘠汩⁥䌢尺獕牥屳整档屡灁䑰瑡屡潌慣屬牐杯慲獭停瑹潨屮祐桴湯ㄳ尲楌屢楳整瀭捡慫敧屳瑳牡敬瑴履業摤敬慷敲敜牲牯⹳祰Ⱒ氠湩⁥㘱ⰴ椠⁮彟慣汬彟਍††睡楡⁴敳晬愮灰猨潣数‬敲散癩ⱥ张敳摮ഩ 䘠汩⁥䌢尺獕牥屳整档屡灁䑰瑡屡潌慣屬牐杯慲獭停瑹潨屮祐桴湯ㄳ尲楌屢楳整瀭捡慫敧屳瑳牡敬瑴履業摤敬慷敲扜獡⹥祰Ⱒ氠湩⁥㠱ⰹ椠⁮彟慣汬彟਍††楷桴挠汯慬獰彥硥杣潲灵⡳㨩਍†楆敬∠㩃啜敳獲瑜捥慨䅜灰慄慴䱜捯污停潲牧浡屳祐桴湯停瑹潨㍮㈱䱜扩捜湯整瑸楬⹢祰Ⱒ氠湩⁥㔱ⰸ椠⁮彟硥瑩彟਍††敳晬朮湥琮牨睯瘨污敵ഩ 䘠汩⁥䌢尺獕牥屳整档屡灁䑰瑡屡潌慣屬牐杯慲獭停瑹潨屮祐桴湯ㄳ尲楌屢楳整瀭捡慫敧屳瑳牡敬瑴履畟楴獬瀮≹‬楬敮㤠ⰳ椠⁮潣汬灡敳敟捸牧畯獰਍††慲獩⁥硥ൣ 䘠汩⁥䌢尺獕牥屳整档屡灁䑰瑡屡潌慣屬牐杯慲獭停瑹潨屮祐桴湯ㄳ尲楌屢楳整瀭捡慫敧屳瑳牡敬瑴履業摤敬慷敲扜獡⹥祰Ⱒ氠湩⁥㤱ⰱ椠⁮彟慣汬彟਍††敲灳湯敳㴠愠慷瑩猠汥⹦楤灳瑡档晟湵⡣敲畱獥ⱴ挠污彬敮瑸ഩ †††††††幞幞幞幞幞幞幞幞幞幞幞幞幞幞幞幞幞幞幞幞幞幞਍†楆敬∠㩃啜敳獲瑜捥慨作敮牄癩履敄歳潴屰慳敬⁳楡瀠慬晴潲屭慢正湥層灡屰業摤敬慷敲牜煥敵瑳损湯整瑸瀮≹‬楬敮㔠ⰶ椠⁮楤灳瑡档਍††慲獩⁥൥ 䘠汩⁥䌢尺獕牥屳整档屡湏䑥楲敶䑜獥瑫灯獜污獥愠⁩汰瑡牦浯扜捡敫摮慜灰浜摩汤睥牡履敲畱獥彴潣瑮硥⹴祰Ⱒ氠湩⁥〵‬湩搠獩慰捴൨ †爠獥潰獮⁥‽睡楡⁴慣汬湟硥⡴敲畱獥⥴਍†††††††帠幞幞幞幞幞幞幞幞幞幞幞൞ 䘠汩⁥䌢尺獕牥屳整档屡灁䑰瑡屡潌慣屬牐杯慲獭停瑹潨屮祐桴湯ㄳ尲楌屢楳整瀭捡慫敧屳瑳牡敬瑴履業摤敬慷敲扜獡⹥祰Ⱒ氠湩⁥㘱ⰵ椠⁮慣汬湟硥൴ †爠楡敳愠灰敟捸਍†楆敬∠㩃啜敳獲瑜捥慨䅜灰慄慴䱜捯污停潲牧浡屳祐桴湯停瑹潨㍮㈱䱜扩獜瑩ⵥ慰正条獥獜慴汲瑥整浜摩汤睥牡履慢敳瀮≹‬楬敮ㄠㄵ‬湩挠牯൯ †愠慷瑩猠汥⹦灡⡰捳灯ⱥ爠捥楥敶潟彲楤捳湯敮瑣‬敳摮湟彯牥潲⥲਍†楆敬∠㩃啜敳獲瑜捥慨䅜灰慄慴䱜捯污停潲牧浡屳祐桴湯停瑹潨㍮㈱䱜扩獜瑩ⵥ慰正条獥獜慴汲瑥整浜摩汤睥牡履慢敳瀮≹‬楬敮ㄠ㤸‬湩张损污彬ൟ †眠瑩⁨潣汬灡敳敟捸牧畯獰⤨ഺ 䘠汩⁥䌢尺獕牥屳整档屡灁䑰瑡屡潌慣屬牐杯慲獭停瑹潨屮祐桴湯ㄳ尲楌屢潣瑮硥汴扩瀮≹‬楬敮ㄠ㠵‬湩张敟楸彴ൟ †猠汥⹦敧⹮桴潲⡷慶畬⥥਍†楆敬∠㩃啜敳獲瑜捥慨䅜灰慄慴䱜捯污停潲牧浡屳祐桴湯停瑹潨㍮㈱䱜扩獜瑩ⵥ慰正条獥獜慴汲瑥整彜瑵汩⹳祰Ⱒ氠湩⁥㌹‬湩挠汯慬獰彥硥杣潲灵൳ †爠楡敳攠捸਍†楆敬∠㩃啜敳獲瑜捥慨䅜灰慄慴䱜捯污停潲牧浡屳祐桴湯停瑹潨㍮㈱䱜扩獜瑩ⵥ慰正条獥獜慴汲瑥整浜摩汤睥牡履慢敳瀮≹‬楬敮ㄠㄹ‬湩张损污彬ൟ †爠獥潰獮⁥‽睡楡⁴敳晬搮獩慰捴彨畦据爨煥敵瑳‬慣汬湟硥⥴਍†††††††帠幞幞幞幞幞幞幞幞幞幞幞幞幞幞幞幞幞幞幞幞幞൞ 䘠汩⁥䌢尺獕牥屳整档屡湏䑥楲敶䑜獥瑫灯獜污獥愠⁩汰瑡牦浯扜捡敫摮慜灰浜摩汤睥牡履敳畣楲祴瀮≹‬楬敮㈠㌳‬湩搠獩慰捴൨ †爠獥潰獮⁥‽睡楡⁴慣汬湟硥⡴敲畱獥⥴਍†††††††帠幞幞幞幞幞幞幞幞幞幞幞൞ 䘠汩⁥䌢尺獕牥屳整档屡灁䑰瑡屡潌慣屬牐杯慲獭停瑹潨屮祐桴湯ㄳ尲楌屢楳整瀭捡慫敧屳瑳牡敬瑴履業摤敬慷敲扜獡⹥祰Ⱒ氠湩⁥㘱ⰵ椠⁮慣汬湟硥൴ †爠楡敳愠灰敟捸਍†楆敬∠㩃啜敳獲瑜捥慨䅜灰慄慴䱜捯污停潲牧浡屳祐桴湯停瑹潨㍮㈱䱜扩獜瑩ⵥ慰正条獥獜慴汲瑥整浜摩汤睥牡履慢敳瀮≹‬楬敮ㄠㄵ‬湩挠牯൯ †愠慷瑩猠汥⹦灡⡰捳灯ⱥ爠捥楥敶潟彲楤捳湯敮瑣‬敳摮湟彯牥潲⥲਍†楆敬∠㩃啜敳獲瑜捥慨䅜灰慄慴䱜捯污停潲牧浡屳祐桴湯停瑹潨㍮㈱䱜扩獜瑩ⵥ慰正条獥獜慴汲瑥整浜摩汤睥牡履慢敳瀮≹‬楬敮ㄠ㤸‬湩张损污彬ൟ †眠瑩⁨潣汬灡敳敟捸牧畯獰⤨ഺ 䘠汩⁥䌢尺獕牥屳整档屡灁䑰瑡屡潌慣屬牐杯慲獭停瑹潨屮祐桴湯ㄳ尲楌屢潣瑮硥汴扩瀮≹‬楬敮ㄠ㠵‬湩张敟楸彴ൟ †猠汥⹦敧⹮桴潲⡷慶畬⥥਍†楆敬∠㩃啜敳獲瑜捥慨䅜灰慄慴䱜捯污停潲牧浡屳祐桴湯停瑹潨㍮㈱䱜扩獜瑩ⵥ慰正条獥獜慴汲瑥整彜瑵汩⹳祰Ⱒ氠湩⁥㌹‬湩挠汯慬獰彥硥杣潲灵൳ †爠楡敳攠捸਍†楆敬∠㩃啜敳獲瑜捥慨䅜灰慄慴䱜捯污停潲牧浡屳祐桴湯停瑹潨㍮㈱䱜扩獜瑩ⵥ慰正条獥獜慴汲瑥整浜摩汤睥牡履慢敳瀮≹‬楬敮ㄠㄹ‬湩张损污彬ൟ †爠獥潰獮⁥‽睡楡⁴敳晬搮獩慰捴彨畦据爨煥敵瑳‬慣汬湟硥⥴਍†††††††帠幞幞幞幞幞幞幞幞幞幞幞幞幞幞幞幞幞幞幞幞幞൞ 䘠汩⁥䌢尺獕牥屳整档屡湏䑥楲敶䑜獥瑫灯獜污獥愠⁩汰瑡牦浯扜捡敫摮慜灰浜摩汤睥牡履敳畣楲祴瀮≹‬楬敮㈠㠱‬湩搠獩慰捴൨ †爠獥潰獮⁥‽睡楡⁴慣汬湟硥⡴敲畱獥⥴਍†††††††帠幞幞幞幞幞幞幞幞幞幞幞൞ 䘠汩⁥䌢尺獕牥屳整档屡灁䑰瑡屡潌慣屬牐杯慲獭停瑹潨屮祐桴湯ㄳ尲楌屢楳整瀭捡慫敧屳瑳牡敬瑴履業摤敬慷敲扜獡⹥祰Ⱒ氠湩⁥㘱ⰵ椠⁮慣汬湟硥൴ †爠楡敳愠灰敟捸਍†楆敬∠㩃啜敳獲瑜捥慨䅜灰慄慴䱜捯污停潲牧浡屳祐桴湯停瑹潨㍮㈱䱜扩獜瑩ⵥ慰正条獥獜慴汲瑥整浜摩汤睥牡履慢敳瀮≹‬楬敮ㄠㄵ‬湩挠牯൯ †愠慷瑩猠汥⹦灡⡰捳灯ⱥ爠捥楥敶潟彲楤捳湯敮瑣‬敳摮湟彯牥潲⥲਍†楆敬∠㩃啜敳獲瑜捥慨䅜灰慄慴䱜捯污停潲牧浡屳祐桴湯停瑹潨㍮㈱䱜扩獜瑩ⵥ慰正条獥獜慴汲瑥整浜摩汤睥牡履慢敳瀮≹‬楬敮ㄠ㤸‬湩张损污彬ൟ †眠瑩⁨潣汬灡敳敟捸牧畯獰⤨ഺ 䘠汩⁥䌢尺獕牥屳整档屡灁䑰瑡屡潌慣屬牐杯慲獭停瑹潨屮祐桴湯ㄳ尲楌屢潣瑮硥汴扩瀮≹‬楬敮ㄠ㠵‬湩张敟楸彴ൟ †猠汥⹦敧⹮桴潲⡷慶畬⥥਍†楆敬∠㩃啜敳獲瑜捥慨䅜灰慄慴䱜捯污停潲牧浡屳祐桴湯停瑹潨㍮㈱䱜扩獜瑩ⵥ慰正条獥獜慴汲瑥整彜瑵汩⹳祰Ⱒ氠湩⁥㌹‬湩挠汯慬獰彥硥杣潲灵൳ †爠楡敳攠捸਍†楆敬∠㩃啜敳獲瑜捥慨䅜灰慄慴䱜捯污停潲牧浡屳祐桴湯停瑹潨㍮㈱䱜扩獜瑩ⵥ慰正条獥獜慴汲瑥整浜摩汤睥牡履慢敳瀮≹‬楬敮ㄠㄹ‬湩张损污彬ൟ †爠獥潰獮⁥‽睡楡⁴敳晬搮獩慰捴彨畦据爨煥敵瑳‬慣汬湟硥⥴਍†††††††帠幞幞幞幞幞幞幞幞幞幞幞幞幞幞幞幞幞幞幞幞幞൞ 䘠汩⁥䌢尺獕牥屳整档屡湏䑥楲敶䑜獥瑫灯獜污獥愠⁩汰瑡牦浯扜捡敫摮慜灰浜摩汤睥牡履整慮瑮敟普牯散敭瑮瀮≹‬楬敮㔠ⰸ椠⁮楤灳瑡档਍††敲畴湲愠慷瑩挠污彬敮瑸爨煥敵瑳ഩ †††††幞幞幞幞幞幞幞幞幞幞幞幞਍†楆敬∠㩃啜敳獲瑜捥慨䅜灰慄慴䱜捯污停潲牧浡屳祐桴湯停瑹潨㍮㈱䱜扩獜瑩ⵥ慰正条獥獜慴汲瑥整浜摩汤睥牡履慢敳瀮≹‬楬敮ㄠ㔶‬湩挠污彬敮瑸਍††慲獩⁥灡彰硥ൣ 䘠汩⁥䌢尺獕牥屳整档屡灁䑰瑡屡潌慣屬牐杯慲獭停瑹潨屮祐桴湯ㄳ尲楌屢楳整瀭捡慫敧屳瑳牡敬瑴履業摤敬慷敲扜獡⹥祰Ⱒ氠湩⁥㔱ⰱ椠⁮潣潲਍††睡楡⁴敳晬愮灰猨潣数‬敲散癩彥牯摟獩潣湮捥ⱴ猠湥彤潮敟牲牯ഩ 䘠汩⁥䌢尺獕牥屳整档屡灁䑰瑡屡潌慣屬牐杯慲獭停瑹潨屮祐桴湯ㄳ尲楌屢楳整瀭捡慫敧屳瑳牡敬瑴履業摤敬慷敲捜牯⹳祰Ⱒ氠湩⁥㔸‬湩张损污彬ൟ †愠慷瑩猠汥⹦灡⡰捳灯ⱥ爠捥楥敶‬敳摮ഩ 䘠汩⁥䌢尺獕牥屳整档屡灁䑰瑡屡潌慣屬牐杯慲獭停瑹潨屮祐桴湯ㄳ尲楌屢楳整瀭捡慫敧屳瑳牡敬瑴履業摤敬慷敲敜捸灥楴湯⹳祰Ⱒ氠湩⁥㔶‬湩张损污彬ൟ †愠慷瑩眠慲彰灡彰慨摮楬杮敟捸灥楴湯⡳敳晬愮灰‬潣湮⠩捳灯ⱥ爠捥楥敶‬敳摮ഩ 䘠汩⁥䌢尺獕牥屳整档屡灁䑰瑡屡潌慣屬牐杯慲獭停瑹潨屮祐桴湯ㄳ尲楌屢楳整瀭捡慫敧屳瑳牡敬瑴履敟捸灥楴湯桟湡汤牥瀮≹‬楬敮㘠ⰴ椠⁮牷灡数彤灡൰ †爠楡敳攠捸਍†楆敬∠㩃啜敳獲瑜捥慨䅜灰慄慴䱜捯污停潲牧浡屳祐桴湯停瑹潨㍮㈱䱜扩獜瑩ⵥ慰正条獥獜慴汲瑥整彜硥散瑰潩彮慨摮敬⹲祰Ⱒ氠湩⁥㌵‬湩眠慲灰摥慟灰਍††睡楡⁴灡⡰捳灯ⱥ爠捥楥敶‬敳摮牥ഩ 䘠汩⁥䌢尺獕牥屳整档屡灁䑰瑡屡潌慣屬牐杯慲獭停瑹潨屮祐桴湯ㄳ尲楌屢楳整瀭捡慫敧屳瑳牡敬瑴履潲瑵湩⹧祰Ⱒ氠湩⁥㔷ⰶ椠⁮彟慣汬彟਍††睡楡⁴敳晬洮摩汤睥牡彥瑳捡⡫捳灯ⱥ爠捥楥敶‬敳摮ഩ 䘠汩⁥䌢尺獕牥屳整档屡灁䑰瑡屡潌慣屬牐杯慲獭停瑹潨屮祐桴湯ㄳ尲楌屢楳整瀭捡慫敧屳瑳牡敬瑴履潲瑵湩⹧祰Ⱒ氠湩⁥㜷ⰶ椠⁮灡൰ †愠慷瑩爠畯整栮湡汤⡥捳灯ⱥ爠捥楥敶‬敳摮ഩ 䘠汩⁥䌢尺獕牥屳整档屡灁䑰瑡屡潌慣屬牐杯慲獭停瑹潨屮祐桴湯ㄳ尲楌屢楳整瀭捡慫敧屳瑳牡敬瑴履潲瑵湩⹧祰Ⱒ氠湩⁥㤲ⰷ椠⁮慨摮敬਍††睡楡⁴敳晬愮灰猨潣数‬敲散癩ⱥ猠湥⥤਍†楆敬∠㩃啜敳獲瑜捥慨䅜灰慄慴䱜捯污停潲牧浡屳祐桴湯停瑹潨㍮㈱䱜扩獜瑩ⵥ慰正条獥獜慴汲瑥整牜畯楴杮瀮≹‬楬敮㜠ⰷ椠⁮灡൰ †愠慷瑩眠慲彰灡彰慨摮楬杮敟捸灥楴湯⡳灡Ɒ爠煥敵瑳⠩捳灯ⱥ爠捥楥敶‬敳摮ഩ 䘠汩⁥䌢尺獕牥屳整档屡灁䑰瑡屡潌慣屬牐杯慲獭停瑹潨屮祐桴湯ㄳ尲楌屢楳整瀭捡慫敧屳瑳牡敬瑴履敟捸灥楴湯桟湡汤牥瀮≹‬楬敮㘠ⰴ椠⁮牷灡数彤灡൰ †爠楡敳攠捸਍†楆敬∠㩃啜敳獲瑜捥慨䅜灰慄慴䱜捯污停潲牧浡屳祐桴湯停瑹潨㍮㈱䱜扩獜瑩ⵥ慰正条獥獜慴汲瑥整彜硥散瑰潩彮慨摮敬⹲祰Ⱒ氠湩⁥㌵‬湩眠慲灰摥慟灰਍††睡楡⁴灡⡰捳灯ⱥ爠捥楥敶‬敳摮牥ഩ 䘠汩⁥䌢尺獕牥屳整档屡灁䑰瑡屡潌慣屬牐杯慲獭停瑹潨屮祐桴湯ㄳ尲楌屢楳整瀭捡慫敧屳瑳牡敬瑴履潲瑵湩⹧祰Ⱒ氠湩⁥㈷‬湩愠灰਍††敲灳湯敳㴠愠慷瑩映湵⡣敲畱獥⥴਍†††††††帠幞幞幞幞幞幞幞幞幞਍†楆敬∠㩃啜敳獲瑜捥慨䅜灰慄慴䱜捯污停潲牧浡屳祐桴湯停瑹潨㍮㈱䱜扩獜瑩ⵥ慰正条獥晜獡慴楰牜畯楴杮瀮≹‬楬敮㈠㠷‬湩愠灰਍††慲彷敲灳湯敳㴠愠慷瑩爠湵敟摮潰湩彴畦据楴湯ന †††††††††幞幞幞幞幞幞幞幞幞幞幞幞幞幞਍†楆敬∠㩃啜敳獲瑜捥慨䅜灰慄慴䱜捯污停潲牧浡屳祐桴湯停瑹潨㍮㈱䱜扩獜瑩ⵥ慰正条獥晜獡慴楰牜畯楴杮瀮≹‬楬敮ㄠㄹ‬湩爠湵敟摮潰湩彴畦据楴湯਍††敲畴湲愠慷瑩搠灥湥慤瑮挮污⡬⨪慶畬獥ഩ †††††幞幞幞幞幞幞幞幞幞幞幞幞幞幞幞਍†楆敬∠㩃啜敳獲瑜捥慨作敮牄癩履敄歳潴屰慳敬⁳楡瀠慬晴潲屭慢正湥層灡屰灡屩ㅶ敜摮潰湩獴睜牯獫慰散瀮≹‬楬敮㌠㜴‬湩朠瑥楟癮湥潴祲桟慥瑬൨ †爠瑥牵⁮潗歲灳捡䕥杮湩⹥敧彴湩敶瑮牯役敨污桴挨浯慰祮楟㵤潣灭湡役摩ഩ †††††幞幞幞幞幞幞幞幞幞幞幞幞幞幞幞幞幞幞幞幞幞幞幞幞幞幞幞幞幞൞吊灹䕥牲牯›潗歲灳捡䕥杮湩⹥敧彴湩敶瑮牯役敨污桴⤨朠瑯愠⁮湵硥数瑣摥欠祥潷摲愠杲浵湥⁴挧浯慰祮楟❤਍਍㉛㈰ⴶ㌰㈭‹ㄲㄺ㨸㔲㌮㠳㤳崴嬠䑉㈺攱㘶捤ⴵㄶ戶㐭摤ⴰ挸摦㠭换㠹㍡㜰㔳嵤䔠剒›潮猠捵⁨慴汢㩥猠散慮楲獯਍†‫硅散瑰潩⁮片畯⁰牔捡扥捡⁫洨獯⁴敲散瑮挠污⁬慬瑳㨩਍†⁼†楆敬∠㩃啜敳獲瑜捥慨䅜灰慄慴䱜捯污停潲牧浡屳祐桴湯停瑹潨㍮㈱䱜扩獜瑩ⵥ慰正条獥獜慴汲瑥整彜瑵汩⹳祰Ⱒ氠湩⁥㜸‬湩挠汯慬獰彥硥杣潲灵൳ 簠††礠敩摬਍†⁼†楆敬∠㩃啜敳獲瑜捥慨䅜灰慄慴䱜捯污停潲牧浡屳祐桴湯停瑹潨㍮㈱䱜扩獜瑩ⵥ慰正条獥獜慴汲瑥整浜摩汤睥牡履慢敳瀮≹‬楬敮ㄠ〹‬湩张损污彬ൟ 簠††愠祳据眠瑩⁨湡楹⹯牣慥整瑟獡彫牧畯⡰ 獡琠獡彫牧畯㩰਍†⁼†楆敬∠㩃啜敳獲瑜捥慨䅜灰慄慴䱜捯污停潲牧浡屳祐桴湯停瑹潨㍮㈱䱜扩獜瑩ⵥ慰正条獥慜祮潩彜慢正湥獤彜獡湹楣⹯祰Ⱒ氠湩⁥㜶ⰸ椠⁮彟敡楸彴ൟ 簠††爠楡敳䈠獡䕥捸灥楴湯片畯⡰਍†⁼硅散瑰潩䝮潲灵›湵慨摮敬⁤牥潲獲椠⁮⁡慔歳片畯⁰ㄨ猠扵攭捸灥楴湯ഩ ⬠⬭ⴭⴭⴭⴭⴭⴭⴭⴭㄠⴠⴭⴭⴭⴭⴭⴭⴭഭ †簠吠慲散慢正⠠潭瑳爠捥湥⁴慣汬氠獡⥴ഺ †簠†䘠汩⁥䌢尺獕牥屳整档屡灁䑰瑡屡潌慣屬牐杯慲獭停瑹潨屮祐桴湯ㄳ尲楌屢楳整瀭捡慫敧屳瑳牡敬瑴履業摤敬慷敲敜牲牯⹳祰Ⱒ氠湩⁥㘱ⰴ椠⁮彟慣汬彟਍††⁼††睡楡⁴敳晬愮灰猨潣数‬敲散癩ⱥ张敳摮ഩ †簠†䘠汩⁥䌢尺獕牥屳整档屡灁䑰瑡屡潌慣屬牐杯慲獭停瑹潨屮祐桴湯ㄳ尲楌屢楳整瀭捡慫敧屳瑳牡敬瑴履業摤敬慷敲扜獡⹥祰Ⱒ氠湩⁥㠱ⰹ椠⁮彟慣汬彟਍††⁼††楷桴挠汯慬獰彥硥杣潲灵⡳㨩਍††⁼†楆敬∠㩃啜敳獲瑜捥慨䅜灰慄慴䱜捯污停潲牧浡屳祐桴湯停瑹潨㍮㈱䱜扩捜湯整瑸楬⹢祰Ⱒ氠湩⁥㔱ⰸ椠⁮彟硥瑩彟਍††⁼††敳晬朮湥琮牨睯瘨污敵ഩ †簠†䘠汩⁥䌢尺獕牥屳整档屡灁䑰瑡屡潌慣屬牐杯慲獭停瑹潨屮祐桴湯ㄳ尲楌屢楳整瀭捡慫敧屳瑳牡敬瑴履畟楴獬瀮≹‬楬敮㤠ⰳ椠⁮潣汬灡敳敟捸牧畯獰਍††⁼††慲獩⁥硥ൣ †簠†䘠汩⁥䌢尺獕牥屳整档屡灁䑰瑡屡潌慣屬牐杯慲獭停瑹潨屮祐桴湯ㄳ尲楌屢楳整瀭捡慫敧屳瑳牡敬瑴履業摤敬慷敲扜獡⹥祰Ⱒ氠湩⁥㤱ⰱ椠⁮彟慣汬彟਍††⁼††敲灳湯敳㴠愠慷瑩猠汥⹦楤灳瑡档晟湵⡣敲畱獥ⱴ挠污彬敮瑸ഩ †簠††††††††幞幞幞幞幞幞幞幞幞幞幞幞幞幞幞幞幞幞幞幞幞幞਍††⁼†楆敬∠㩃啜敳獲瑜捥慨作敮牄癩履敄歳潴屰慳敬⁳楡瀠慬晴潲屭慢正湥層灡屰業摤敬慷敲牜煥敵瑳损湯整瑸瀮≹‬楬敮㔠ⰶ椠⁮楤灳瑡档਍††⁼††慲獩⁥൥ †簠†䘠汩⁥䌢尺獕牥屳整档屡湏䑥楲敶䑜獥瑫灯獜污獥愠⁩汰瑡牦浯扜捡敫摮慜灰浜摩汤睥牡履敲畱獥彴潣瑮硥⹴祰Ⱒ氠湩⁥〵‬湩搠獩慰捴൨ †簠††爠獥潰獮⁥‽睡楡⁴慣汬湟硥⡴敲畱獥⥴਍††⁼†††††††帠幞幞幞幞幞幞幞幞幞幞幞൞ †簠†䘠汩⁥䌢尺獕牥屳整档屡灁䑰瑡屡潌慣屬牐杯慲獭停瑹潨屮祐桴湯ㄳ尲楌屢楳整瀭捡慫敧屳瑳牡敬瑴履業摤敬慷敲扜獡⹥祰Ⱒ氠湩⁥㘱ⰵ椠⁮慣汬湟硥൴ †簠††爠楡敳愠灰敟捸਍††⁼†楆敬∠㩃啜敳獲瑜捥慨䅜灰慄慴䱜捯污停潲牧浡屳祐桴湯停瑹潨㍮㈱䱜扩獜瑩ⵥ慰正条獥獜慴汲瑥整浜摩汤睥牡履慢敳瀮≹‬楬敮ㄠㄵ‬湩挠牯൯ †簠††愠慷瑩猠汥⹦灡⡰捳灯ⱥ爠捥楥敶潟彲楤捳湯敮瑣‬敳摮湟彯牥潲⥲਍††⁼†楆敬∠㩃啜敳獲瑜捥慨䅜灰慄慴䱜捯污停潲牧浡屳祐桴湯停瑹潨㍮㈱䱜扩獜瑩ⵥ慰正条獥獜慴汲瑥整浜摩汤睥牡履慢敳瀮≹‬楬敮ㄠ㤸‬湩张损污彬ൟ †簠††眠瑩⁨潣汬灡敳敟捸牧畯獰⤨ഺ †簠†䘠汩⁥䌢尺獕牥屳整档屡灁䑰瑡屡潌慣屬牐杯慲獭停瑹潨屮祐桴湯ㄳ尲楌屢潣瑮硥汴扩瀮≹‬楬敮ㄠ㠵‬湩张敟楸彴ൟ †簠††猠汥⹦敧⹮桴潲⡷慶畬⥥਍††⁼†楆敬∠㩃啜敳獲瑜捥慨䅜灰慄慴䱜捯污停潲牧浡屳祐桴湯停瑹潨㍮㈱䱜扩獜瑩ⵥ慰正条獥獜慴汲瑥整彜瑵汩⹳祰Ⱒ氠湩⁥㌹‬湩挠汯慬獰彥硥杣潲灵൳ †簠††爠楡敳攠捸਍††⁼†楆敬∠㩃啜敳獲瑜捥慨䅜灰慄慴䱜捯污停潲牧浡屳祐桴湯停瑹潨㍮㈱䱜扩獜瑩ⵥ慰正条獥獜慴汲瑥整浜摩汤睥牡履慢敳瀮≹‬楬敮ㄠㄹ‬湩张损污彬ൟ †簠††爠獥潰獮⁥‽睡楡⁴敳晬搮獩慰捴彨畦据爨煥敵瑳‬慣汬湟硥⥴਍††⁼†††††††帠幞幞幞幞幞幞幞幞幞幞幞幞幞幞幞幞幞幞幞幞幞൞ †簠†䘠汩⁥䌢尺獕牥屳整档屡湏䑥楲敶䑜獥瑫灯獜污獥愠⁩汰瑡牦浯扜捡敫摮慜灰浜摩汤睥牡履敳畣楲祴瀮≹‬楬敮㈠㌳‬湩搠獩慰捴൨ †簠††爠獥潰獮⁥‽睡楡⁴慣汬湟硥⡴敲畱獥⥴਍††⁼†††††††帠幞幞幞幞幞幞幞幞幞幞幞൞ †簠†䘠汩⁥䌢尺獕牥屳整档屡灁䑰瑡屡潌慣屬牐杯慲獭停瑹潨屮祐桴湯ㄳ尲楌屢楳整瀭捡慫敧屳瑳牡敬瑴履業摤敬慷敲扜獡⹥祰Ⱒ氠湩⁥㘱ⰵ椠⁮慣汬湟硥൴ †簠††爠楡敳愠灰敟捸਍††⁼†楆敬∠㩃啜敳獲瑜捥慨䅜灰慄慴䱜捯污停潲牧浡屳祐桴湯停瑹潨㍮㈱䱜扩獜瑩ⵥ慰正条獥獜慴汲瑥整浜摩汤睥牡履慢敳瀮≹‬楬敮ㄠㄵ‬湩挠牯൯ †簠††愠慷瑩猠汥⹦灡⡰捳灯ⱥ爠捥楥敶潟彲楤捳湯敮瑣‬敳摮湟彯牥潲⥲਍††⁼†楆敬∠㩃啜敳獲瑜捥慨䅜灰慄慴䱜捯污停潲牧浡屳祐桴湯停瑹潨㍮㈱䱜扩獜瑩ⵥ慰正条獥獜慴汲瑥整浜摩汤睥牡履慢敳瀮≹‬楬敮ㄠ㤸‬湩张损污彬ൟ †簠††眠瑩⁨潣汬灡敳敟捸牧畯獰⤨ഺ †簠†䘠汩⁥䌢尺獕牥屳整档屡灁䑰瑡屡潌慣屬牐杯慲獭停瑹潨屮祐桴湯ㄳ尲楌屢潣瑮硥汴扩瀮≹‬楬敮ㄠ㠵‬湩张敟楸彴ൟ †簠††猠汥⹦敧⹮桴潲⡷慶畬⥥਍††⁼†楆敬∠㩃啜敳獲瑜捥慨䅜灰慄慴䱜捯污停潲牧浡屳祐桴湯停瑹潨㍮㈱䱜扩獜瑩ⵥ慰正条獥獜慴汲瑥整彜瑵汩⹳祰Ⱒ氠湩⁥㌹‬湩挠汯慬獰彥硥杣潲灵൳ †簠††爠楡敳攠捸਍††⁼†楆敬∠㩃啜敳獲瑜捥慨䅜灰慄慴䱜捯污停潲牧浡屳祐桴湯停瑹潨㍮㈱䱜扩獜瑩ⵥ慰正条獥獜慴汲瑥整浜摩汤睥牡履慢敳瀮≹‬楬敮ㄠㄹ‬湩张损污彬ൟ †簠††爠獥潰獮⁥‽睡楡⁴敳晬搮獩慰捴彨畦据爨煥敵瑳‬慣汬湟硥⥴਍††⁼†††††††帠幞幞幞幞幞幞幞幞幞幞幞幞幞幞幞幞幞幞幞幞幞൞ †簠†䘠汩⁥䌢尺獕牥屳整档屡湏䑥楲敶䑜獥瑫灯獜污獥愠⁩汰瑡牦浯扜捡敫摮慜灰浜摩汤睥牡履敳畣楲祴瀮≹‬楬敮㈠㠱‬湩搠獩慰捴൨ †簠††爠獥潰獮⁥‽睡楡⁴慣汬湟硥⡴敲畱獥⥴਍††⁼†††††††帠幞幞幞幞幞幞幞幞幞幞幞൞ †簠†䘠汩⁥䌢尺獕牥屳整档屡灁䑰瑡屡潌慣屬牐杯慲獭停瑹潨屮祐桴湯ㄳ尲楌屢楳整瀭捡慫敧屳瑳牡敬瑴履業摤敬慷敲扜獡⹥祰Ⱒ氠湩⁥㘱ⰵ椠⁮慣汬湟硥൴ †簠††爠楡敳愠灰敟捸਍††⁼†楆敬∠㩃啜敳獲瑜捥慨䅜灰慄慴䱜捯污停潲牧浡屳祐桴湯停瑹潨㍮㈱䱜扩獜瑩ⵥ慰正条獥獜慴汲瑥整浜摩汤睥牡履慢敳瀮≹‬楬敮ㄠㄵ‬湩挠牯൯ †簠††愠慷瑩猠汥⹦灡⡰捳灯ⱥ爠捥楥敶潟彲楤捳湯敮瑣‬敳摮湟彯牥潲⥲਍††⁼†楆敬∠㩃啜敳獲瑜捥慨䅜灰慄慴䱜捯污停潲牧浡屳祐桴湯停瑹潨㍮㈱䱜扩獜瑩ⵥ慰正条獥獜慴汲瑥整浜摩汤睥牡履慢敳瀮≹‬楬敮ㄠ㤸‬湩张损污彬ൟ †簠††眠瑩⁨潣汬灡敳敟捸牧畯獰⤨ഺ †簠†䘠汩⁥䌢尺獕牥屳整档屡灁䑰瑡屡潌慣屬牐杯慲獭停瑹潨屮祐桴湯ㄳ尲楌屢潣瑮硥汴扩瀮≹‬楬敮ㄠ㠵‬湩张敟楸彴ൟ †簠††猠汥⹦敧⹮桴潲⡷慶畬⥥਍††⁼†楆敬∠㩃啜敳獲瑜捥慨䅜灰慄慴䱜捯污停潲牧浡屳祐桴湯停瑹潨㍮㈱䱜扩獜瑩ⵥ慰正条獥獜慴汲瑥整彜瑵汩⹳祰Ⱒ氠湩⁥㌹‬湩挠汯慬獰彥硥杣潲灵൳ †簠††爠楡敳攠捸਍††⁼†楆敬∠㩃啜敳獲瑜捥慨䅜灰慄慴䱜捯污停潲牧浡屳祐桴湯停瑹潨㍮㈱䱜扩獜瑩ⵥ慰正条獥獜慴汲瑥整浜摩汤睥牡履慢敳瀮≹‬楬敮ㄠㄹ‬湩张损污彬ൟ †簠††爠獥潰獮⁥‽睡楡⁴敳晬搮獩慰捴彨畦据爨煥敵瑳‬慣汬湟硥⥴਍††⁼†††††††帠幞幞幞幞幞幞幞幞幞幞幞幞幞幞幞幞幞幞幞幞幞൞ †簠†䘠汩⁥䌢尺獕牥屳整档屡湏䑥楲敶䑜獥瑫灯獜污獥愠⁩汰瑡牦浯扜捡敫摮慜灰浜摩汤睥牡履整慮瑮敟普牯散敭瑮瀮≹‬楬敮㔠ⰸ椠⁮楤灳瑡档਍††⁼††敲畴湲愠慷瑩挠污彬敮瑸爨煥敵瑳ഩ †簠††††††幞幞幞幞幞幞幞幞幞幞幞幞਍††⁼†楆敬∠㩃啜敳獲瑜捥慨䅜灰慄慴䱜捯污停潲牧浡屳祐桴湯停瑹潨㍮㈱䱜扩獜瑩ⵥ慰正条獥獜慴汲瑥整浜摩汤睥牡履慢敳瀮≹‬楬敮ㄠ㔶‬湩挠污彬敮瑸਍††⁼††慲獩⁥灡彰硥ൣ †簠†䘠汩⁥䌢尺獕牥屳整档屡灁䑰瑡屡潌慣屬牐杯慲獭停瑹潨屮祐桴湯ㄳ尲楌屢楳整瀭捡慫敧屳瑳牡敬瑴履業摤敬慷敲扜獡⹥祰Ⱒ氠湩⁥㔱ⰱ椠⁮潣潲਍††⁼††睡楡⁴敳晬愮灰猨潣数‬敲散癩彥牯摟獩潣湮捥ⱴ猠湥彤潮敟牲牯ഩ †簠†䘠汩⁥䌢尺獕牥屳整档屡灁䑰瑡屡潌慣屬牐杯慲獭停瑹潨屮祐桴湯ㄳ尲楌屢楳整瀭捡慫敧屳瑳牡敬瑴履業摤敬慷敲捜牯⹳祰Ⱒ氠湩⁥㔸‬湩张损污彬ൟ †簠††愠慷瑩猠汥⹦灡⡰捳灯ⱥ爠捥楥敶‬敳摮ഩ †簠†䘠汩⁥䌢尺獕牥屳整档屡灁䑰瑡屡潌慣屬牐杯慲獭停瑹潨屮祐桴湯ㄳ尲楌屢楳整瀭捡慫敧屳瑳牡敬瑴履業摤敬慷敲敜捸灥楴湯⹳祰Ⱒ氠湩⁥㔶‬湩张损污彬ൟ †簠††愠慷瑩眠慲彰灡彰慨摮楬杮敟捸灥楴湯⡳敳晬愮灰‬潣湮⠩捳灯ⱥ爠捥楥敶‬敳摮ഩ †簠†䘠汩⁥䌢尺獕牥屳整档屡灁䑰瑡屡潌慣屬牐杯慲獭停瑹潨屮祐桴湯ㄳ尲楌屢楳整瀭捡慫敧屳瑳牡敬瑴履敟捸灥楴湯桟湡汤牥瀮≹‬楬敮㘠ⰴ椠⁮牷灡数彤灡൰ †簠††爠楡敳攠捸਍††⁼†楆敬∠㩃啜敳獲瑜捥慨䅜灰慄慴䱜捯污停潲牧浡屳祐桴湯停瑹潨㍮㈱䱜扩獜瑩ⵥ慰正条獥獜慴汲瑥整彜硥散瑰潩彮慨摮敬⹲祰Ⱒ氠湩⁥㌵‬湩眠慲灰摥慟灰਍††⁼††睡楡⁴灡⡰捳灯ⱥ爠捥楥敶‬敳摮牥ഩ †簠†䘠汩⁥䌢尺獕牥屳整档屡灁䑰瑡屡潌慣屬牐杯慲獭停瑹潨屮祐桴湯ㄳ尲楌屢楳整瀭捡慫敧屳瑳牡敬瑴履潲瑵湩⹧祰Ⱒ氠湩⁥㔷ⰶ椠⁮彟慣汬彟਍††⁼††睡楡⁴敳晬洮摩汤睥牡彥瑳捡⡫捳灯ⱥ爠捥楥敶‬敳摮ഩ †簠†䘠汩⁥䌢尺獕牥屳整档屡灁䑰瑡屡潌慣屬牐杯慲獭停瑹潨屮祐桴湯ㄳ尲楌屢楳整瀭捡慫敧屳瑳牡敬瑴履潲瑵湩⹧祰Ⱒ氠湩⁥㜷ⰶ椠⁮灡൰ †簠††愠慷瑩爠畯整栮湡汤⡥捳灯ⱥ爠捥楥敶‬敳摮ഩ †簠†䘠汩⁥䌢尺獕牥屳整档屡灁䑰瑡屡潌慣屬牐杯慲獭停瑹潨屮祐桴湯ㄳ尲楌屢楳整瀭捡慫敧屳瑳牡敬瑴履潲瑵湩⹧祰Ⱒ氠湩⁥㤲ⰷ椠⁮慨摮敬਍††⁼††睡楡⁴敳晬愮灰猨潣数‬敲散癩ⱥ猠湥⥤਍††⁼†楆敬∠㩃啜敳獲瑜捥慨䅜灰慄慴䱜捯污停潲牧浡屳祐桴湯停瑹潨㍮㈱䱜扩獜瑩ⵥ慰正条獥獜慴汲瑥整牜畯楴杮瀮≹‬楬敮㜠ⰷ椠⁮灡൰ †簠††愠慷瑩眠慲彰灡彰慨摮楬杮敟捸灥楴湯⡳灡Ɒ爠煥敵瑳⠩捳灯ⱥ爠捥楥敶‬敳摮ഩ †簠†䘠汩⁥䌢尺獕牥屳整档屡灁䑰瑡屡潌慣屬牐杯慲獭停瑹潨屮祐桴湯ㄳ尲楌屢楳整瀭捡慫敧屳瑳牡敬瑴履敟捸灥楴湯桟湡汤牥瀮≹‬楬敮㘠ⰴ椠⁮牷灡数彤灡൰ †簠††爠楡敳攠捸਍††⁼†楆敬∠㩃啜敳獲瑜捥慨䅜灰慄慴䱜捯污停潲牧浡屳祐桴湯停瑹潨㍮㈱䱜扩獜瑩ⵥ慰正条獥獜慴汲瑥整彜硥散瑰潩彮慨摮敬⹲祰Ⱒ氠湩⁥㌵‬湩眠慲灰摥慟灰਍††⁼††睡楡⁴灡⡰捳灯ⱥ爠捥楥敶‬敳摮牥ഩ †簠†䘠汩⁥䌢尺獕牥屳整档屡灁䑰瑡屡潌慣屬牐杯慲獭停瑹潨屮祐桴湯ㄳ尲楌屢楳整瀭捡慫敧屳瑳牡敬瑴履潲瑵湩⹧祰Ⱒ氠湩⁥㈷‬湩愠灰਍††⁼††敲灳湯敳㴠愠慷瑩映湵⡣敲畱獥⥴਍††⁼†††††††帠幞幞幞幞幞幞幞幞幞਍††⁼†楆敬∠㩃啜敳獲瑜捥慨䅜灰慄慴䱜捯污停潲牧浡屳祐桴湯停瑹潨㍮㈱䱜扩獜瑩ⵥ慰正条獥晜獡慴楰牜畯楴杮瀮≹‬楬敮㈠㠷‬湩愠灰਍††⁼††慲彷敲灳湯敳㴠愠慷瑩爠湵敟摮潰湩彴畦据楴湯ന †簠††††††††††幞幞幞幞幞幞幞幞幞幞幞幞幞幞਍††⁼†楆敬∠㩃啜敳獲瑜捥慨䅜灰慄慴䱜捯污停潲牧浡屳祐桴湯停瑹潨㍮㈱䱜扩獜瑩ⵥ慰正条獥晜獡慴楰牜畯楴杮瀮≹‬楬敮ㄠㄹ‬湩爠湵敟摮潰湩彴畦据楴湯਍††⁼††敲畴湲愠慷瑩搠灥湥慤瑮挮污⡬⨪慶畬獥ഩ †簠††††††幞幞幞幞幞幞幞幞幞幞幞幞幞幞幞਍††⁼†楆敬∠㩃啜敳獲瑜捥慨作敮牄癩履敄歳潴屰慳敬⁳楡瀠慬晴潲屭慢正湥層灡屰潲瑵獥浜獩楳杮牟畯整⹳祰Ⱒ氠湩⁥ㄱ㈳‬湩氠獩彴捳湥牡潩൳ †簠††猠散慮楲獯㴠搠形畱牥⡹匢䱅䍅⁔‪剆䵏猠散慮楲獯圠䕈䕒挠浯慰祮楟⁤‽‿剏䕄⁒奂挠敲瑡摥慟⁴䕄䍓Ⱒ⠠潣灭湡役摩⤬ഩ †簠††††††††帠幞幞幞幞幞幞幞幞幞幞幞幞幞幞幞幞幞幞幞幞幞幞幞幞幞幞幞幞幞幞幞幞幞幞幞幞幞幞幞幞幞幞幞幞幞幞幞൞ †簠†䘠汩⁥䌢尺獕牥屳整档屡湏䑥楲敶䑜獥瑫灯獜污獥愠⁩汰瑡牦浯扜捡敫摮慜灰牜畯整屳業獳湩彧潲瑵獥瀮≹‬楬敮㜠ⰶ椠⁮扤煟敵祲਍††⁼††慲獩⁥൥ †簠†䘠汩⁥䌢尺獕牥屳整档屡湏䑥楲敶䑜獥瑫灯獜污獥愠⁩汰瑡牦浯扜捡敫摮慜灰牜畯整屳業獳湩彧潲瑵獥瀮≹‬楬敮㘠ⰹ椠⁮扤煟敵祲਍††⁼††畣⹲硥捥瑵⡥畱牥ⱹ愠杲⥳਍††⁼煳楬整⸳灏牥瑡潩慮䕬牲牯›潮猠捵⁨慴汢㩥猠散慮楲獯਍††⴫ⴭⴭⴭⴭⴭⴭⴭⴭⴭⴭⴭⴭⴭⴭⴭⴭⴭഭഊ䐊牵湩⁧慨摮楬杮漠⁦桴⁥扡癯⁥硥散瑰潩Ɱ愠潮桴牥攠捸灥楴湯漠捣牵敲㩤਍਍牔捡扥捡⁫洨獯⁴敲散瑮挠污⁬慬瑳㨩਍†楆敬∠㩃啜敳獲瑜捥慨䅜灰慄慴䱜捯污停潲牧浡屳祐桴湯停瑹潨㍮㈱䱜扩獜瑩ⵥ慰正条獥獜慴汲瑥整浜摩汤睥牡履牥潲獲瀮≹‬楬敮ㄠ㐶‬湩张损污彬ൟ †愠慷瑩猠汥⹦灡⡰捳灯ⱥ爠捥楥敶‬獟湥⥤਍†楆敬∠㩃啜敳獲瑜捥慨䅜灰慄慴䱜捯污停潲牧浡屳祐桴湯停瑹潨㍮㈱䱜扩獜瑩ⵥ慰正条獥獜慴汲瑥整浜摩汤睥牡履慢敳瀮≹‬楬敮ㄠ㤸‬湩张损污彬ൟ †眠瑩⁨潣汬灡敳敟捸牧畯獰⤨ഺ 䘠汩⁥䌢尺獕牥屳整档屡灁䑰瑡屡潌慣屬牐杯慲獭停瑹潨屮祐桴湯ㄳ尲楌屢潣瑮硥汴扩瀮≹‬楬敮ㄠ㠵‬湩张敟楸彴ൟ †猠汥⹦敧⹮桴潲⡷慶畬⥥਍†楆敬∠㩃啜敳獲瑜捥慨䅜灰慄慴䱜捯污停潲牧浡屳祐桴湯停瑹潨㍮㈱䱜扩獜瑩ⵥ慰正条獥獜慴汲瑥整彜瑵汩⹳祰Ⱒ氠湩⁥㌹‬湩挠汯慬獰彥硥杣潲灵൳ †爠楡敳攠捸਍†楆敬∠㩃啜敳獲瑜捥慨䅜灰慄慴䱜捯污停潲牧浡屳祐桴湯停瑹潨㍮㈱䱜扩獜瑩ⵥ慰正条獥獜慴汲瑥整浜摩汤睥牡履慢敳瀮≹‬楬敮ㄠㄹ‬湩张损污彬ൟ †爠獥潰獮⁥‽睡楡⁴敳晬搮獩慰捴彨畦据爨煥敵瑳‬慣汬湟硥⥴਍†††††††帠幞幞幞幞幞幞幞幞幞幞幞幞幞幞幞幞幞幞幞幞幞൞ 䘠汩⁥䌢尺獕牥屳整档屡湏䑥楲敶䑜獥瑫灯獜污獥愠⁩汰瑡牦浯扜捡敫摮慜灰浜摩汤睥牡履敲畱獥彴潣瑮硥⹴祰Ⱒ氠湩⁥㘵‬湩搠獩慰捴൨ †爠楡敳攠਍†楆敬∠㩃啜敳獲瑜捥慨作敮牄癩履敄歳潴屰慳敬⁳楡瀠慬晴潲屭慢正湥層灡屰業摤敬慷敲牜煥敵瑳损湯整瑸瀮≹‬楬敮㔠ⰰ椠⁮楤灳瑡档਍††敲灳湯敳㴠愠慷瑩挠污彬敮瑸爨煥敵瑳ഩ †††††††幞幞幞幞幞幞幞幞幞幞幞幞਍†楆敬∠㩃啜敳獲瑜捥慨䅜灰慄慴䱜捯污停潲牧浡屳祐桴湯停瑹潨㍮㈱䱜扩獜瑩ⵥ慰正条獥獜慴汲瑥整浜摩汤睥牡履慢敳瀮≹‬楬敮ㄠ㔶‬湩挠污彬敮瑸਍††慲獩⁥灡彰硥ൣ 䘠汩⁥䌢尺獕牥屳整档屡灁䑰瑡屡潌慣屬牐杯慲獭停瑹潨屮祐桴湯ㄳ尲楌屢楳整瀭捡慫敧屳瑳牡敬瑴履業摤敬慷敲扜獡⹥祰Ⱒ氠湩⁥㔱ⰱ椠⁮潣潲਍††睡楡⁴敳晬愮灰猨潣数‬敲散癩彥牯摟獩潣湮捥ⱴ猠湥彤潮敟牲牯ഩ 䘠汩⁥䌢尺獕牥屳整档屡灁䑰瑡屡潌慣屬牐杯慲獭停瑹潨屮祐桴湯ㄳ尲楌屢楳整瀭捡慫敧屳瑳牡敬瑴履業摤敬慷敲扜獡⹥祰Ⱒ氠湩⁥㠱ⰹ椠⁮彟慣汬彟਍††楷桴挠汯慬獰彥硥杣潲灵⡳㨩਍†楆敬∠㩃啜敳獲瑜捥慨䅜灰慄慴䱜捯污停潲牧浡屳祐桴湯停瑹潨㍮㈱䱜扩捜湯整瑸楬⹢祰Ⱒ氠湩⁥㔱ⰸ椠⁮彟硥瑩彟਍††敳晬朮湥琮牨睯瘨污敵ഩ 䘠汩⁥䌢尺獕牥屳整档屡灁䑰瑡屡潌慣屬牐杯慲獭停瑹潨屮祐桴湯ㄳ尲楌屢楳整瀭捡慫敧屳瑳牡敬瑴履畟楴獬瀮≹‬楬敮㤠ⰳ椠⁮潣汬灡敳敟捸牧畯獰਍††慲獩⁥硥ൣ 䘠汩⁥䌢尺獕牥屳整档屡灁䑰瑡屡潌慣屬牐杯慲獭停瑹潨屮祐桴湯ㄳ尲楌屢楳整瀭捡慫敧屳瑳牡敬瑴履業摤敬慷敲扜獡⹥祰Ⱒ氠湩⁥㤱ⰱ椠⁮彟慣汬彟਍††敲灳湯敳㴠愠慷瑩猠汥⹦楤灳瑡档晟湵⡣敲畱獥ⱴ挠污彬敮瑸ഩ †††††††幞幞幞幞幞幞幞幞幞幞幞幞幞幞幞幞幞幞幞幞幞幞਍†楆敬∠㩃啜敳獲瑜捥慨作敮牄癩履敄歳潴屰慳敬⁳楡瀠慬晴潲屭慢正湥層灡屰業摤敬慷敲獜捥牵瑩⹹祰Ⱒ氠湩⁥㌲ⰳ椠⁮楤灳瑡档਍††敲灳湯敳㴠愠慷瑩挠污彬敮瑸爨煥敵瑳ഩ †††††††幞幞幞幞幞幞幞幞幞幞幞幞਍†楆敬∠㩃啜敳獲瑜捥慨䅜灰慄慴䱜捯污停潲牧浡屳祐桴湯停瑹潨㍮㈱䱜扩獜瑩ⵥ慰正条獥獜慴汲瑥整浜摩汤睥牡履慢敳瀮≹‬楬敮ㄠ㔶‬湩挠污彬敮瑸਍††慲獩⁥灡彰硥ൣ 䘠汩⁥䌢尺獕牥屳整档屡灁䑰瑡屡潌慣屬牐杯慲獭停瑹潨屮祐桴湯ㄳ尲楌屢楳整瀭捡慫敧屳瑳牡敬瑴履業摤敬慷敲扜獡⹥祰Ⱒ氠湩⁥㔱ⰱ椠⁮潣潲਍††睡楡⁴敳晬愮灰猨潣数‬敲散癩彥牯摟獩潣湮捥ⱴ猠湥彤潮敟牲牯ഩ 䘠汩⁥䌢尺獕牥屳整档屡灁䑰瑡屡潌慣屬牐杯慲獭停瑹潨屮祐桴湯ㄳ尲楌屢楳整瀭捡慫敧屳瑳牡敬瑴履業摤敬慷敲扜獡⹥祰Ⱒ氠湩⁥㠱ⰹ椠⁮彟慣汬彟਍††楷桴挠汯慬獰彥硥杣潲灵⡳㨩਍†楆敬∠㩃啜敳獲瑜捥慨䅜灰慄慴䱜捯污停潲牧浡屳祐桴湯停瑹潨㍮㈱䱜扩捜湯整瑸楬⹢祰Ⱒ氠湩⁥㔱ⰸ椠⁮彟硥瑩彟਍††敳晬朮湥琮牨睯瘨污敵ഩ 䘠汩⁥䌢尺獕牥屳整档屡灁䑰瑡屡潌慣屬牐杯慲獭停瑹潨屮祐桴湯ㄳ尲楌屢楳整瀭捡慫敧屳瑳牡敬瑴履畟楴獬瀮≹‬楬敮㤠ⰳ椠⁮潣汬灡敳敟捸牧畯獰਍††慲獩⁥硥ൣ 䘠汩⁥䌢尺獕牥屳整档屡灁䑰瑡屡潌慣屬牐杯慲獭停瑹潨屮祐桴湯ㄳ尲楌屢楳整瀭捡慫敧屳瑳牡敬瑴履業摤敬慷敲扜獡⹥祰Ⱒ氠湩⁥㤱ⰱ椠⁮彟慣汬彟਍††敲灳湯敳㴠愠慷瑩猠汥⹦楤灳瑡档晟湵⡣敲畱獥ⱴ挠污彬敮瑸ഩ †††††††幞幞幞幞幞幞幞幞幞幞幞幞幞幞幞幞幞幞幞幞幞幞਍†楆敬∠㩃啜敳獲瑜捥慨作敮牄癩履敄歳潴屰慳敬⁳楡瀠慬晴潲屭慢正湥層灡屰業摤敬慷敲獜捥牵瑩⹹祰Ⱒ氠湩⁥ㄲⰸ椠⁮楤灳瑡档਍††敲灳湯敳㴠愠慷瑩挠污彬敮瑸爨煥敵瑳ഩ †††††††幞幞幞幞幞幞幞幞幞幞幞幞਍†楆敬∠㩃啜敳獲瑜捥慨䅜灰慄慴䱜捯污停潲牧浡屳祐桴湯停瑹潨㍮㈱䱜扩獜瑩ⵥ慰正条獥獜慴汲瑥整浜摩汤睥牡履慢敳瀮≹‬楬敮ㄠ㔶‬湩挠污彬敮瑸਍††慲獩⁥灡彰硥ൣ 䘠汩⁥䌢尺獕牥屳整档屡灁䑰瑡屡潌慣屬牐杯慲獭停瑹潨屮祐桴湯ㄳ尲楌屢楳整瀭捡慫敧屳瑳牡敬瑴履業摤敬慷敲扜獡⹥祰Ⱒ氠湩⁥㔱ⰱ椠⁮潣潲਍††睡楡⁴敳晬愮灰猨潣数‬敲散癩彥牯摟獩潣湮捥ⱴ猠湥彤潮敟牲牯ഩ 䘠汩⁥䌢尺獕牥屳整档屡灁䑰瑡屡潌慣屬牐杯慲獭停瑹潨屮祐桴湯ㄳ尲楌屢楳整瀭捡慫敧屳瑳牡敬瑴履業摤敬慷敲扜獡⹥祰Ⱒ氠湩⁥㠱ⰹ椠⁮彟慣汬彟਍††楷桴挠汯慬獰彥硥杣潲灵⡳㨩਍†楆敬∠㩃啜敳獲瑜捥慨䅜灰慄慴䱜捯污停潲牧浡屳祐桴湯停瑹潨㍮㈱䱜扩捜湯整瑸楬⹢祰Ⱒ氠湩⁥㔱ⰸ椠⁮彟硥瑩彟਍††敳晬朮湥琮牨睯瘨污敵ഩ 䘠汩⁥䌢尺獕牥屳整档屡灁䑰瑡屡潌慣屬牐杯慲獭停瑹潨屮祐桴湯ㄳ尲楌屢楳整瀭捡慫敧屳瑳牡敬瑴履畟楴獬瀮≹‬楬敮㤠ⰳ椠⁮潣汬灡敳敟捸牧畯獰਍††慲獩⁥硥ൣ 䘠汩⁥䌢尺獕牥屳整档屡灁䑰瑡屡潌慣屬牐杯慲獭停瑹潨屮祐桴湯ㄳ尲楌屢楳整瀭捡慫敧屳瑳牡敬瑴履業摤敬慷敲扜獡⹥祰Ⱒ氠湩⁥㤱ⰱ椠⁮彟慣汬彟਍††敲灳湯敳㴠愠慷瑩猠汥⹦楤灳瑡档晟湵⡣敲畱獥ⱴ挠污彬敮瑸ഩ †††††††幞幞幞幞幞幞幞幞幞幞幞幞幞幞幞幞幞幞幞幞幞幞਍†楆敬∠㩃啜敳獲瑜捥慨作敮牄癩履敄歳潴屰慳敬⁳楡瀠慬晴潲屭慢正湥層灡屰業摤敬慷敲瑜湥湡彴湥潦捲浥湥⹴祰Ⱒ氠湩⁥㠵‬湩搠獩慰捴൨ †爠瑥牵⁮睡楡⁴慣汬湟硥⡴敲畱獥⥴਍†††††帠幞幞幞幞幞幞幞幞幞幞幞൞ 䘠汩⁥䌢尺獕牥屳整档屡灁䑰瑡屡潌慣屬牐杯慲獭停瑹潨屮祐桴湯ㄳ尲楌屢楳整瀭捡慫敧屳瑳牡敬瑴履業摤敬慷敲扜獡⹥祰Ⱒ氠湩⁥㘱ⰵ椠⁮慣汬湟硥൴ †爠楡敳愠灰敟捸਍†楆敬∠㩃啜敳獲瑜捥慨䅜灰慄慴䱜捯污停潲牧浡屳祐桴湯停瑹潨㍮㈱䱜扩獜瑩ⵥ慰正条獥獜慴汲瑥整浜摩汤睥牡履慢敳瀮≹‬楬敮ㄠㄵ‬湩挠牯൯ †愠慷瑩猠汥⹦灡⡰捳灯ⱥ爠捥楥敶潟彲楤捳湯敮瑣‬敳摮湟彯牥潲⥲਍†楆敬∠㩃啜敳獲瑜捥慨䅜灰慄慴䱜捯污停潲牧浡屳祐桴湯停瑹潨㍮㈱䱜扩獜瑩ⵥ慰正条獥獜慴汲瑥整浜摩汤睥牡履潣獲瀮≹‬楬敮㠠ⰵ椠⁮彟慣汬彟਍††睡楡⁴敳晬愮灰猨潣数‬敲散癩ⱥ猠湥⥤਍†楆敬∠㩃啜敳獲瑜捥慨䅜灰慄慴䱜捯污停潲牧浡屳祐桴湯停瑹潨㍮㈱䱜扩獜瑩ⵥ慰正条獥獜慴汲瑥整浜摩汤睥牡履硥散瑰潩獮瀮≹‬楬敮㘠ⰵ椠⁮彟慣汬彟਍††睡楡⁴牷灡慟灰桟湡汤湩彧硥散瑰潩獮猨汥⹦灡Ɒ挠湯⥮猨潣数‬敲散癩ⱥ猠湥⥤਍†楆敬∠㩃啜敳獲瑜捥慨䅜灰慄慴䱜捯污停潲牧浡屳祐桴湯停瑹潨㍮㈱䱜扩獜瑩ⵥ慰正条獥獜慴汲瑥整彜硥散瑰潩彮慨摮敬⹲祰Ⱒ氠湩⁥㐶‬湩眠慲灰摥慟灰਍††慲獩⁥硥ൣ 䘠汩⁥䌢尺獕牥屳整档屡灁䑰瑡屡潌慣屬牐杯慲獭停瑹潨屮祐桴湯ㄳ尲楌屢楳整瀭捡慫敧屳瑳牡敬瑴履敟捸灥楴湯桟湡汤牥瀮≹‬楬敮㔠ⰳ椠⁮牷灡数彤灡൰ †愠慷瑩愠灰猨潣数‬敲散癩ⱥ猠湥敤⥲਍†楆敬∠㩃啜敳獲瑜捥慨䅜灰慄慴䱜捯污停潲牧浡屳祐桴湯停瑹潨㍮㈱䱜扩獜瑩ⵥ慰正条獥獜慴汲瑥整牜畯楴杮瀮≹‬楬敮㜠㘵‬湩张损污彬ൟ †愠慷瑩猠汥⹦業摤敬慷敲獟慴正猨潣数‬敲散癩ⱥ猠湥⥤਍†楆敬∠㩃啜敳獲瑜捥慨䅜灰慄慴䱜捯污停潲牧浡屳祐桴湯停瑹潨㍮㈱䱜扩獜瑩ⵥ慰正条獥獜慴汲瑥整牜畯楴杮瀮≹‬楬敮㜠㘷‬湩愠灰਍††睡楡⁴潲瑵⹥慨摮敬猨潣数‬敲散癩ⱥ猠湥⥤਍†楆敬∠㩃啜敳獲瑜捥慨䅜灰慄慴䱜捯污停潲牧浡屳祐桴湯停瑹潨㍮㈱䱜扩獜瑩ⵥ慰正条獥獜慴汲瑥整牜畯楴杮瀮≹‬楬敮㈠㜹‬湩栠湡汤൥ †愠慷瑩猠汥⹦灡⡰捳灯ⱥ爠捥楥敶‬敳摮ഩ 䘠汩⁥䌢尺獕牥屳整档屡灁䑰瑡屡潌慣屬牐杯慲獭停瑹潨屮祐桴湯ㄳ尲楌屢楳整瀭捡慫敧屳瑳牡敬瑴履潲瑵湩⹧祰Ⱒ氠湩⁥㜷‬湩愠灰਍††睡楡⁴牷灡慟灰桟湡汤湩彧硥散瑰潩獮愨灰‬敲畱獥⥴猨潣数‬敲散癩ⱥ猠湥⥤਍†楆敬∠㩃啜敳獲瑜捥慨䅜灰慄慴䱜捯污停潲牧浡屳祐桴湯停瑹潨㍮㈱䱜扩獜瑩ⵥ慰正条獥獜慴汲瑥整彜硥散瑰潩彮慨摮敬⹲祰Ⱒ氠湩⁥㐶‬湩眠慲灰摥慟灰਍††慲獩⁥硥ൣ 䘠汩⁥䌢尺獕牥屳整档屡灁䑰瑡屡潌慣屬牐杯慲獭停瑹潨屮祐桴湯ㄳ尲楌屢楳整瀭捡慫敧屳瑳牡敬瑴履敟捸灥楴湯桟湡汤牥瀮≹‬楬敮㔠ⰳ椠⁮牷灡数彤灡൰ †愠慷瑩愠灰猨潣数‬敲散癩ⱥ猠湥敤⥲਍†楆敬∠㩃啜敳獲瑜捥慨䅜灰慄慴䱜捯污停潲牧浡屳祐桴湯停瑹潨㍮㈱䱜扩獜瑩ⵥ慰正条獥獜慴汲瑥整牜畯楴杮瀮≹‬楬敮㜠ⰲ椠⁮灡൰ †爠獥潰獮⁥‽睡楡⁴畦据爨煥敵瑳ഩ †††††††幞幞幞幞幞幞幞幞幞൞ 䘠汩⁥䌢尺獕牥屳整档屡灁䑰瑡屡潌慣屬牐杯慲獭停瑹潨屮祐桴湯ㄳ尲楌屢楳整瀭捡慫敧屳慦瑳灡屩潲瑵湩⹧祰Ⱒ氠湩⁥㜲ⰸ椠⁮灡൰ †爠睡牟獥潰獮⁥‽睡楡⁴畲彮湥灤楯瑮晟湵瑣潩⡮਍†††††††††帠幞幞幞幞幞幞幞幞幞幞幞幞幞൞ 䘠汩⁥䌢尺獕牥屳整档屡灁䑰瑡屡潌慣屬牐杯慲獭停瑹潨屮祐桴湯ㄳ尲楌屢楳整瀭捡慫敧屳慦瑳灡屩潲瑵湩⹧祰Ⱒ氠湩⁥㤱ⰱ椠⁮畲彮湥灤楯瑮晟湵瑣潩൮ †爠瑥牵⁮睡楡⁴敤数摮湡⹴慣汬⨨瘪污敵⥳਍†††††帠幞幞幞幞幞幞幞幞幞幞幞幞幞幞൞ 䘠汩⁥䌢尺獕牥屳整档屡湏䑥楲敶䑜獥瑫灯獜污獥愠⁩汰瑡牦浯扜捡敫摮慜灰牜畯整屳業獳湩彧潲瑵獥瀮≹‬楬敮ㄠ㌱ⰲ椠⁮楬瑳獟散慮楲獯਍††捳湥牡潩⁳‽扤煟敵祲∨䕓䕌呃⨠䘠佒⁍捳湥牡潩⁳䡗剅⁅潣灭湡役摩㴠㼠传䑒剅䈠⁙牣慥整彤瑡䐠卅≃‬挨浯慰祮楟Ɽ⤩਍††††††††幞幞幞幞幞幞幞幞幞幞幞幞幞幞幞幞幞幞幞幞幞幞幞幞幞幞幞幞幞幞幞幞幞幞幞幞幞幞幞幞幞幞幞幞幞幞幞幞਍†楆敬∠㩃啜敳獲瑜捥慨作敮牄癩履敄歳潴屰慳敬⁳楡瀠慬晴潲屭慢正湥層灡屰潲瑵獥浜獩楳杮牟畯整⹳祰Ⱒ氠湩⁥㘷‬湩搠形畱牥൹ †爠楡敳攠਍†楆敬∠㩃啜敳獲瑜捥慨作敮牄癩履敄歳潴屰慳敬⁳楡瀠慬晴潲屭慢正湥層灡屰潲瑵獥浜獩楳杮牟畯整⹳祰Ⱒ氠湩⁥㤶‬湩搠形畱牥൹ †挠牵攮數畣整焨敵祲‬牡獧ഩ猊汱瑩㍥伮数慲楴湯污牅潲㩲渠⁯畳档琠扡敬›捳湥牡潩൳ഊ嬊〲㘲〭ⴳ㤲㈠㨱㠱㈺⸸㌸㔷㌱⁝䥛㩄㈶ㅡ㡥ㅤ挭㉡ⵡ㐴挳愭㐹ⴹ㘸慢搱つ戲搰⁝剅㩒渠⁯畳档琠扡敬›捳湥牡潩൳ ⬠䔠捸灥楴湯䜠潲灵吠慲散慢正⠠潭瑳爠捥湥⁴慣汬氠獡⥴ഺ 簠†䘠汩⁥䌢尺獕牥屳整档屡灁䑰瑡屡潌慣屬牐杯慲獭停瑹潨屮祐桴湯ㄳ尲楌屢楳整瀭捡慫敧屳瑳牡敬瑴履畟楴獬瀮≹‬楬敮㠠ⰷ椠⁮潣汬灡敳敟捸牧畯獰਍†⁼††楹汥൤ 簠†䘠汩⁥䌢尺獕牥屳整档屡灁䑰瑡屡潌慣屬牐杯慲獭停瑹潨屮祐桴湯ㄳ尲楌屢楳整瀭捡慫敧屳瑳牡敬瑴履業摤敬慷敲扜獡⹥祰Ⱒ氠湩⁥㤱ⰰ椠⁮彟慣汬彟਍†⁼††獡湹⁣楷桴愠祮潩挮敲瑡彥慴歳束潲灵⤨愠⁳慴歳束潲灵ഺ 簠†䘠汩⁥䌢尺獕牥屳整档屡灁䑰瑡屡潌慣屬牐杯慲獭停瑹潨屮祐桴湯ㄳ尲楌屢楳整瀭捡慫敧屳湡楹屯扟捡敫摮屳慟祳据潩瀮≹‬楬敮㘠㠷‬湩张慟硥瑩彟਍†⁼††慲獩⁥慂敳硅散瑰潩䝮潲灵ന 簠䔠捸灥楴湯片畯㩰甠桮湡汤摥攠牲牯⁳湩愠吠獡䝫潲灵⠠‱畳ⵢ硥散瑰潩⥮਍†⴫⴫ⴭⴭⴭⴭⴭⴭⴭ‭‱ⴭⴭⴭⴭⴭⴭⴭⴭ਍††⁼牔捡扥捡⁫洨獯⁴敲散瑮挠污⁬慬瑳㨩਍††⁼†楆敬∠㩃啜敳獲瑜捥慨䅜灰慄慴䱜捯污停潲牧浡屳祐桴湯停瑹潨㍮㈱䱜扩獜瑩ⵥ慰正条獥獜慴汲瑥整浜摩汤睥牡履牥潲獲瀮≹‬楬敮ㄠ㐶‬湩张损污彬ൟ †簠††愠慷瑩猠汥⹦灡⡰捳灯ⱥ爠捥楥敶‬獟湥⥤਍††⁼†楆敬∠㩃啜敳獲瑜捥慨䅜灰慄慴䱜捯污停潲牧浡屳祐桴湯停瑹潨㍮㈱䱜扩獜瑩ⵥ慰正条獥獜慴汲瑥整浜摩汤睥牡履慢敳瀮≹‬楬敮ㄠ㤸‬湩张损污彬ൟ †簠††眠瑩⁨潣汬灡敳敟捸牧畯獰⤨ഺ †簠†䘠汩⁥䌢尺獕牥屳整档屡灁䑰瑡屡潌慣屬牐杯慲獭停瑹潨屮祐桴湯ㄳ尲楌屢潣瑮硥汴扩瀮≹‬楬敮ㄠ㠵‬湩张敟楸彴ൟ †簠††猠汥⹦敧⹮桴潲⡷慶畬⥥਍††⁼†楆敬∠㩃啜敳獲瑜捥慨䅜灰慄慴䱜捯污停潲牧浡屳祐桴湯停瑹潨㍮㈱䱜扩獜瑩ⵥ慰正条獥獜慴汲瑥整彜瑵汩⹳祰Ⱒ氠湩⁥㌹‬湩挠汯慬獰彥硥杣潲灵൳ †簠††爠楡敳攠捸਍††⁼†楆敬∠㩃啜敳獲瑜捥慨䅜灰慄慴䱜捯污停潲牧浡屳祐桴湯停瑹潨㍮㈱䱜扩獜瑩ⵥ慰正条獥獜慴汲瑥整浜摩汤睥牡履慢敳瀮≹‬楬敮ㄠㄹ‬湩张损污彬ൟ †簠††爠獥潰獮⁥‽睡楡⁴敳晬搮獩慰捴彨畦据爨煥敵瑳‬慣汬湟硥⥴਍††⁼†††††††帠幞幞幞幞幞幞幞幞幞幞幞幞幞幞幞幞幞幞幞幞幞൞ †簠†䘠汩⁥䌢尺獕牥屳整档屡湏䑥楲敶䑜獥瑫灯獜污獥愠⁩汰瑡牦浯扜捡敫摮慜灰浜摩汤睥牡履敲畱獥彴潣瑮硥⹴祰Ⱒ氠湩⁥㘵‬湩搠獩慰捴൨ †簠††爠楡敳攠਍††⁼†楆敬∠㩃啜敳獲瑜捥慨作敮牄癩履敄歳潴屰慳敬⁳楡瀠慬晴潲屭慢正湥層灡屰業摤敬慷敲牜煥敵瑳损湯整瑸瀮≹‬楬敮㔠ⰰ椠⁮楤灳瑡档਍††⁼††敲灳湯敳㴠愠慷瑩挠污彬敮瑸爨煥敵瑳ഩ †簠††††††††幞幞幞幞幞幞幞幞幞幞幞幞਍††⁼†楆敬∠㩃啜敳獲瑜捥慨䅜灰慄慴䱜捯污停潲牧浡屳祐桴湯停瑹潨㍮㈱䱜扩獜瑩ⵥ慰正条獥獜慴汲瑥整浜摩汤睥牡履慢敳瀮≹‬楬敮ㄠ㔶‬湩挠污彬敮瑸਍††⁼††慲獩⁥灡彰硥ൣ †簠†䘠汩⁥䌢尺獕牥屳整档屡灁䑰瑡屡潌慣屬牐杯慲獭停瑹潨屮祐桴湯ㄳ尲楌屢楳整瀭捡慫敧屳瑳牡敬瑴履業摤敬慷敲扜獡⹥祰Ⱒ氠湩⁥㔱ⰱ椠⁮潣潲਍††⁼††睡楡⁴敳晬愮灰猨潣数‬敲散癩彥牯摟獩潣湮捥ⱴ猠湥彤潮敟牲牯ഩ †簠†䘠汩⁥䌢尺獕牥屳整档屡灁䑰瑡屡潌慣屬牐杯慲獭停瑹潨屮祐桴湯ㄳ尲楌屢楳整瀭捡慫敧屳瑳牡敬瑴履業摤敬慷敲扜獡⹥祰Ⱒ氠湩⁥㠱ⰹ椠⁮彟慣汬彟਍††⁼††楷桴挠汯慬獰彥硥杣潲灵⡳㨩਍††⁼†楆敬∠㩃啜敳獲瑜捥慨䅜灰慄慴䱜捯污停潲牧浡屳祐桴湯停瑹潨㍮㈱䱜扩捜湯整瑸楬⹢祰Ⱒ氠湩⁥㔱ⰸ椠⁮彟硥瑩彟਍††⁼††敳晬朮湥琮牨睯瘨污敵ഩ †簠†䘠汩⁥䌢尺獕牥屳整档屡灁䑰瑡屡潌慣屬牐杯慲獭停瑹潨屮祐桴湯ㄳ尲楌屢楳整瀭捡慫敧屳瑳牡敬瑴履畟楴獬瀮≹‬楬敮㤠ⰳ椠⁮潣汬灡敳敟捸牧畯獰਍††⁼††慲獩⁥硥ൣ †簠†䘠汩⁥䌢尺獕牥屳整档屡灁䑰瑡屡潌慣屬牐杯慲獭停瑹潨屮祐桴湯ㄳ尲楌屢楳整瀭捡慫敧屳瑳牡敬瑴履業摤敬慷敲扜獡⹥祰Ⱒ氠湩⁥㤱ⰱ椠⁮彟慣汬彟਍††⁼††敲灳湯敳㴠愠慷瑩猠汥⹦楤灳瑡档晟湵⡣敲畱獥ⱴ挠污彬敮瑸ഩ †簠††††††††幞幞幞幞幞幞幞幞幞幞幞幞幞幞幞幞幞幞幞幞幞幞਍††⁼†楆敬∠㩃啜敳獲瑜捥慨作敮牄癩履敄歳潴屰慳敬⁳楡瀠慬晴潲屭慢正湥層灡屰業摤敬慷敲獜捥牵瑩⹹祰Ⱒ氠湩⁥㌲ⰳ椠⁮楤灳瑡档਍††⁼††敲灳湯敳㴠愠慷瑩挠污彬敮瑸爨煥敵瑳ഩ †簠††††††††幞幞幞幞幞幞幞幞幞幞幞幞਍††⁼†楆敬∠㩃啜敳獲瑜捥慨䅜灰慄慴䱜捯污停潲牧浡屳祐桴湯停瑹潨㍮㈱䱜扩獜瑩ⵥ慰正条獥獜慴汲瑥整浜摩汤睥牡履慢敳瀮≹‬楬敮ㄠ㔶‬湩挠污彬敮瑸਍††⁼††慲獩⁥灡彰硥ൣ †簠†䘠汩⁥䌢尺獕牥屳整档屡灁䑰瑡屡潌慣屬牐杯慲獭停瑹潨屮祐桴湯ㄳ尲楌屢楳整瀭捡慫敧屳瑳牡敬瑴履業摤敬慷敲扜獡⹥祰Ⱒ氠湩⁥㔱ⰱ椠⁮潣潲਍††⁼††睡楡⁴敳晬愮灰猨潣数‬敲散癩彥牯摟獩潣湮捥ⱴ猠湥彤潮敟牲牯ഩ †簠†䘠汩⁥䌢尺獕牥屳整档屡灁䑰瑡屡潌慣屬牐杯慲獭停瑹潨屮祐桴湯ㄳ尲楌屢楳整瀭捡慫敧屳瑳牡敬瑴履業摤敬慷敲扜獡⹥祰Ⱒ氠湩⁥㠱ⰹ椠⁮彟慣汬彟਍††⁼††楷桴挠汯慬獰彥硥杣潲灵⡳㨩਍††⁼†楆敬∠㩃啜敳獲瑜捥慨䅜灰慄慴䱜捯污停潲牧浡屳祐桴湯停瑹潨㍮㈱䱜扩捜湯整瑸楬⹢祰Ⱒ氠湩⁥㔱ⰸ椠⁮彟硥瑩彟਍††⁼††敳晬朮湥琮牨睯瘨污敵ഩ †簠†䘠汩⁥䌢尺獕牥屳整档屡灁䑰瑡屡潌慣屬牐杯慲獭停瑹潨屮祐桴湯ㄳ尲楌屢楳整瀭捡慫敧屳瑳牡敬瑴履畟楴獬瀮≹‬楬敮㤠ⰳ椠⁮潣汬灡敳敟捸牧畯獰਍††⁼††慲獩⁥硥ൣ †簠†䘠汩⁥䌢尺獕牥屳整档屡灁䑰瑡屡潌慣屬牐杯慲獭停瑹潨屮祐桴湯ㄳ尲楌屢楳整瀭捡慫敧屳瑳牡敬瑴履業摤敬慷敲扜獡⹥祰Ⱒ氠湩⁥㤱ⰱ椠⁮彟慣汬彟਍††⁼††敲灳湯敳㴠愠慷瑩猠汥⹦楤灳瑡档晟湵⡣敲畱獥ⱴ挠污彬敮瑸ഩ †簠††††††††幞幞幞幞幞幞幞幞幞幞幞幞幞幞幞幞幞幞幞幞幞幞਍††⁼†楆敬∠㩃啜敳獲瑜捥慨作敮牄癩履敄歳潴屰慳敬⁳楡瀠慬晴潲屭慢正湥層灡屰業摤敬慷敲獜捥牵瑩⹹祰Ⱒ氠湩⁥ㄲⰸ椠⁮楤灳瑡档਍††⁼††敲灳湯敳㴠愠慷瑩挠污彬敮瑸爨煥敵瑳ഩ †簠††††††††幞幞幞幞幞幞幞幞幞幞幞幞਍††⁼†楆敬∠㩃啜敳獲瑜捥慨䅜灰慄慴䱜捯污停潲牧浡屳祐桴湯停瑹潨㍮㈱䱜扩獜瑩ⵥ慰正条獥獜慴汲瑥整浜摩汤睥牡履慢敳瀮≹‬楬敮ㄠ㔶‬湩挠污彬敮瑸਍††⁼††慲獩⁥灡彰硥ൣ †簠†䘠汩⁥䌢尺獕牥屳整档屡灁䑰瑡屡潌慣屬牐杯慲獭停瑹潨屮祐桴湯ㄳ尲楌屢楳整瀭捡慫敧屳瑳牡敬瑴履業摤敬慷敲扜獡⹥祰Ⱒ氠湩⁥㔱ⰱ椠⁮潣潲਍††⁼††睡楡⁴敳晬愮灰猨潣数‬敲散癩彥牯摟獩潣湮捥ⱴ猠湥彤潮敟牲牯ഩ †簠†䘠汩⁥䌢尺獕牥屳整档屡灁䑰瑡屡潌慣屬牐杯慲獭停瑹潨屮祐桴湯ㄳ尲楌屢楳整瀭捡慫敧屳瑳牡敬瑴履業摤敬慷敲扜獡⹥祰Ⱒ氠湩⁥㠱ⰹ椠⁮彟慣汬彟਍††⁼††楷桴挠汯慬獰彥硥杣潲灵⡳㨩਍††⁼†楆敬∠㩃啜敳獲瑜捥慨䅜灰慄慴䱜捯污停潲牧浡屳祐桴湯停瑹潨㍮㈱䱜扩捜湯整瑸楬⹢祰Ⱒ氠湩⁥㔱ⰸ椠⁮彟硥瑩彟਍††⁼††敳晬朮湥琮牨睯瘨污敵ഩ †簠†䘠汩⁥䌢尺獕牥屳整档屡灁䑰瑡屡潌慣屬牐杯慲獭停瑹潨屮祐桴湯ㄳ尲楌屢楳整瀭捡慫敧屳瑳牡敬瑴履畟楴獬瀮≹‬楬敮㤠ⰳ椠⁮潣汬灡敳敟捸牧畯獰਍††⁼††慲獩⁥硥ൣ †簠†䘠汩⁥䌢尺獕牥屳整档屡灁䑰瑡屡潌慣屬牐杯慲獭停瑹潨屮祐桴湯ㄳ尲楌屢楳整瀭捡慫敧屳瑳牡敬瑴履業摤敬慷敲扜獡⹥祰Ⱒ氠湩⁥㤱ⰱ椠⁮彟慣汬彟਍††⁼††敲灳湯敳㴠愠慷瑩猠汥⹦楤灳瑡档晟湵⡣敲畱獥ⱴ挠污彬敮瑸ഩ †簠††††††††幞幞幞幞幞幞幞幞幞幞幞幞幞幞幞幞幞幞幞幞幞幞਍††⁼†楆敬∠㩃啜敳獲瑜捥慨作敮牄癩履敄歳潴屰慳敬⁳楡瀠慬晴潲屭慢正湥層灡屰業摤敬慷敲瑜湥湡彴湥潦捲浥湥⹴祰Ⱒ氠湩⁥㠵‬湩搠獩慰捴൨ †簠††爠瑥牵⁮睡楡⁴慣汬湟硥⡴敲畱獥⥴਍††⁼†††††帠幞幞幞幞幞幞幞幞幞幞幞൞ †簠†䘠汩⁥䌢尺獕牥屳整档屡灁䑰瑡屡潌慣屬牐杯慲獭停瑹潨屮祐桴湯ㄳ尲楌屢楳整瀭捡慫敧屳瑳牡敬瑴履業摤敬慷敲扜獡⹥祰Ⱒ氠湩⁥㘱ⰵ椠⁮慣汬湟硥൴ †簠††爠楡敳愠灰敟捸਍††⁼†楆敬∠㩃啜敳獲瑜捥慨䅜灰慄慴䱜捯污停潲牧浡屳祐桴湯停瑹潨㍮㈱䱜扩獜瑩ⵥ慰正条獥獜慴汲瑥整浜摩汤睥牡履慢敳瀮≹‬楬敮ㄠㄵ‬湩挠牯൯ †簠††愠慷瑩猠汥⹦灡⡰捳灯ⱥ爠捥楥敶潟彲楤捳湯敮瑣‬敳摮湟彯牥潲⥲਍††⁼†楆敬∠㩃啜敳獲瑜捥慨䅜灰慄慴䱜捯污停潲牧浡屳祐桴湯停瑹潨㍮㈱䱜扩獜瑩ⵥ慰正条獥獜慴汲瑥整浜摩汤睥牡履潣獲瀮≹‬楬敮㠠ⰵ椠⁮彟慣汬彟਍††⁼††睡楡⁴敳晬愮灰猨潣数‬敲散癩ⱥ猠湥⥤਍††⁼†楆敬∠㩃啜敳獲瑜捥慨䅜灰慄慴䱜捯污停潲牧浡屳祐桴湯停瑹潨㍮㈱䱜扩獜瑩ⵥ慰正条獥獜慴汲瑥整浜摩汤睥牡履硥散瑰潩獮瀮≹‬楬敮㘠ⰵ椠⁮彟慣汬彟਍††⁼††睡楡⁴牷灡慟灰桟湡汤湩彧硥散瑰潩獮猨汥⹦灡Ɒ挠湯⥮猨潣数‬敲散癩ⱥ猠湥⥤਍††⁼†楆敬∠㩃啜敳獲瑜捥慨䅜灰慄慴䱜捯污停潲牧浡屳祐桴湯停瑹潨㍮㈱䱜扩獜瑩ⵥ慰正条獥獜慴汲瑥整彜硥散瑰潩彮慨摮敬⹲祰Ⱒ氠湩⁥㐶‬湩眠慲灰摥慟灰਍††⁼††慲獩⁥硥ൣ †簠†䘠汩⁥䌢尺獕牥屳整档屡灁䑰瑡屡潌慣屬牐杯慲獭停瑹潨屮祐桴湯ㄳ尲楌屢楳整瀭捡慫敧屳瑳牡敬瑴履敟捸灥楴湯桟湡汤牥瀮≹‬楬敮㔠ⰳ椠⁮牷灡数彤灡൰ †簠††愠慷瑩愠灰猨潣数‬敲散癩ⱥ猠湥敤⥲਍††⁼†楆敬∠㩃啜敳獲瑜捥慨䅜灰慄慴䱜捯污停潲牧浡屳祐桴湯停瑹潨㍮㈱䱜扩獜瑩ⵥ慰正条獥獜慴汲瑥整牜畯楴杮瀮≹‬楬敮㜠㘵‬湩张损污彬ൟ †簠††愠慷瑩猠汥⹦業摤敬慷敲獟慴正猨潣数‬敲散癩ⱥ猠湥⥤਍††⁼†楆敬∠㩃啜敳獲瑜捥慨䅜灰慄慴䱜捯污停潲牧浡屳祐桴湯停瑹潨㍮㈱䱜扩獜瑩ⵥ慰正条獥獜慴汲瑥整牜畯楴杮瀮≹‬楬敮㜠㘷‬湩愠灰਍††⁼††睡楡⁴潲瑵⹥慨摮敬猨潣数‬敲散癩ⱥ猠湥⥤਍††⁼†楆敬∠㩃啜敳獲瑜捥慨䅜灰慄慴䱜捯污停潲牧浡屳祐桴湯停瑹潨㍮㈱䱜扩獜瑩ⵥ慰正条獥獜慴汲瑥整牜畯楴杮瀮≹‬楬敮㈠㜹‬湩栠湡汤൥ †簠††愠慷瑩猠汥⹦灡⡰捳灯ⱥ爠捥楥敶‬敳摮ഩ †簠†䘠汩⁥䌢尺獕牥屳整档屡灁䑰瑡屡潌慣屬牐杯慲獭停瑹潨屮祐桴湯ㄳ尲楌屢楳整瀭捡慫敧屳瑳牡敬瑴履潲瑵湩⹧祰Ⱒ氠湩⁥㜷‬湩愠灰਍††⁼††睡楡⁴牷灡慟灰桟湡汤湩彧硥散瑰潩獮愨灰‬敲畱獥⥴猨潣数‬敲散癩ⱥ猠湥⥤਍††⁼†楆敬∠㩃啜敳獲瑜捥慨䅜灰慄慴䱜捯污停潲牧浡屳祐桴湯停瑹潨㍮㈱䱜扩獜瑩ⵥ慰正条獥獜慴汲瑥整彜硥散瑰潩彮慨摮敬⹲祰Ⱒ氠湩⁥㐶‬湩眠慲灰摥慟灰਍††⁼††慲獩⁥硥ൣ †簠†䘠汩⁥䌢尺獕牥屳整档屡灁䑰瑡屡潌慣屬牐杯慲獭停瑹潨屮祐桴湯ㄳ尲楌屢楳整瀭捡慫敧屳瑳牡敬瑴履敟捸灥楴湯桟湡汤牥瀮≹‬楬敮㔠ⰳ椠⁮牷灡数彤灡൰ †簠††愠慷瑩愠灰猨潣数‬敲散癩ⱥ猠湥敤⥲਍††⁼†楆敬∠㩃啜敳獲瑜捥慨䅜灰慄慴䱜捯污停潲牧浡屳祐桴湯停瑹潨㍮㈱䱜扩獜瑩ⵥ慰正条獥獜慴汲瑥整牜畯楴杮瀮≹‬楬敮㜠ⰲ椠⁮灡൰ †簠††爠獥潰獮⁥‽睡楡⁴畦据爨煥敵瑳ഩ †簠††††††††幞幞幞幞幞幞幞幞幞൞ †簠†䘠汩⁥䌢尺獕牥屳整档屡灁䑰瑡屡潌慣屬牐杯慲獭停瑹潨屮祐桴湯ㄳ尲楌屢楳整瀭捡慫敧屳慦瑳灡屩潲瑵湩⹧祰Ⱒ氠湩⁥㜲ⰸ椠⁮灡൰ †簠††爠睡牟獥潰獮⁥‽睡楡⁴畲彮湥灤楯瑮晟湵瑣潩⡮਍††⁼†††††††††帠幞幞幞幞幞幞幞幞幞幞幞幞幞൞ †簠†䘠汩⁥䌢尺獕牥屳整档屡灁䑰瑡屡潌慣屬牐杯慲獭停瑹潨屮祐桴湯ㄳ尲楌屢楳整瀭捡慫敧屳慦瑳灡屩潲瑵湩⹧祰Ⱒ氠湩⁥㤱ⰱ椠⁮畲彮湥灤楯瑮晟湵瑣潩൮ †簠††爠瑥牵⁮睡楡⁴敤数摮湡⹴慣汬⨨瘪污敵⥳਍††⁼†††††帠幞幞幞幞幞幞幞幞幞幞幞幞幞幞൞ †簠†䘠汩⁥䌢尺獕牥屳整档屡湏䑥楲敶䑜獥瑫灯獜污獥愠⁩汰瑡牦浯扜捡敫摮慜灰牜畯整屳業獳湩彧潲瑵獥瀮≹‬楬敮ㄠ㌱ⰲ椠⁮楬瑳獟散慮楲獯਍††⁼††捳湥牡潩⁳‽扤煟敵祲∨䕓䕌呃⨠䘠佒⁍捳湥牡潩⁳䡗剅⁅潣灭湡役摩㴠㼠传䑒剅䈠⁙牣慥整彤瑡䐠卅≃‬挨浯慰祮楟Ɽ⤩਍††⁼††††††††幞幞幞幞幞幞幞幞幞幞幞幞幞幞幞幞幞幞幞幞幞幞幞幞幞幞幞幞幞幞幞幞幞幞幞幞幞幞幞幞幞幞幞幞幞幞幞幞਍††⁼†楆敬∠㩃啜敳獲瑜捥慨作敮牄癩履敄歳潴屰慳敬⁳楡瀠慬晴潲屭慢正湥層灡屰潲瑵獥浜獩楳杮牟畯整⹳祰Ⱒ氠湩⁥㘷‬湩搠形畱牥൹ †簠††爠楡敳攠਍††⁼†楆敬∠㩃啜敳獲瑜捥慨作敮牄癩履敄歳潴屰慳敬⁳楡瀠慬晴潲屭慢正湥層灡屰潲瑵獥浜獩楳杮牟畯整⹳祰Ⱒ氠湩⁥㤶‬湩搠形畱牥൹ †簠††挠牵攮數畣整焨敵祲‬牡獧ഩ †簠猠汱瑩㍥伮数慲楴湯污牅潲㩲渠⁯畳档琠扡敬›捳湥牡潩൳ †⬠ⴭⴭⴭⴭⴭⴭⴭⴭⴭⴭⴭⴭⴭⴭⴭⴭⴭⴭ਍਍畄楲杮栠湡汤湩⁧景琠敨愠潢敶攠捸灥楴湯‬湡瑯敨⁲硥散瑰潩⁮捯畣牲摥ഺഊ吊慲散慢正⠠潭瑳爠捥湥⁴慣汬氠獡⥴ഺ 䘠汩⁥䌢尺獕牥屳整档屡灁䑰瑡屡潌慣屬牐杯慲獭停瑹潨屮祐桴湯ㄳ尲楌屢楳整瀭捡慫敧屳瑳牡敬瑴履業摤敬慷敲敜牲牯⹳祰Ⱒ氠湩⁥㘱ⰴ椠⁮彟慣汬彟਍††睡楡⁴敳晬愮灰猨潣数‬敲散癩ⱥ张敳摮ഩ 䘠汩⁥䌢尺獕牥屳整档屡灁䑰瑡屡潌慣屬牐杯慲獭停瑹潨屮祐桴湯ㄳ尲楌屢楳整瀭捡慫敧屳瑳牡敬瑴履業摤敬慷敲扜獡⹥祰Ⱒ氠湩⁥㠱ⰹ椠⁮彟慣汬彟਍††楷桴挠汯慬獰彥硥杣潲灵⡳㨩਍†楆敬∠㩃啜敳獲瑜捥慨䅜灰慄慴䱜捯污停潲牧浡屳祐桴湯停瑹潨㍮㈱䱜扩捜湯整瑸楬⹢祰Ⱒ氠湩⁥㔱ⰸ椠⁮彟硥瑩彟਍††敳晬朮湥琮牨睯瘨污敵ഩ 䘠汩⁥䌢尺獕牥屳整档屡灁䑰瑡屡潌慣屬牐杯慲獭停瑹潨屮祐桴湯ㄳ尲楌屢楳整瀭捡慫敧屳瑳牡敬瑴履畟楴獬瀮≹‬楬敮㤠ⰳ椠⁮潣汬灡敳敟捸牧畯獰਍††慲獩⁥硥ൣ 䘠汩⁥䌢尺獕牥屳整档屡灁䑰瑡屡潌慣屬牐杯慲獭停瑹潨屮祐桴湯ㄳ尲楌屢楳整瀭捡慫敧屳瑳牡敬瑴履業摤敬慷敲扜獡⹥祰Ⱒ氠湩⁥㤱ⰱ椠⁮彟慣汬彟਍††敲灳湯敳㴠愠慷瑩猠汥⹦楤灳瑡档晟湵⡣敲畱獥ⱴ挠污彬敮瑸ഩ †††††††幞幞幞幞幞幞幞幞幞幞幞幞幞幞幞幞幞幞幞幞幞幞਍†楆敬∠㩃啜敳獲瑜捥慨作敮牄癩履敄歳潴屰慳敬⁳楡瀠慬晴潲屭慢正湥層灡屰業摤敬慷敲牜煥敵瑳损湯整瑸瀮≹‬楬敮㔠ⰶ椠⁮楤灳瑡档਍††慲獩⁥൥ 䘠汩⁥䌢尺獕牥屳整档屡湏䑥楲敶䑜獥瑫灯獜污獥愠⁩汰瑡牦浯扜捡敫摮慜灰浜摩汤睥牡履敲畱獥彴潣瑮硥⹴祰Ⱒ氠湩⁥〵‬湩搠獩慰捴൨ †爠獥潰獮⁥‽睡楡⁴慣汬湟硥⡴敲畱獥⥴਍†††††††帠幞幞幞幞幞幞幞幞幞幞幞൞ 䘠汩⁥䌢尺獕牥屳整档屡灁䑰瑡屡潌慣屬牐杯慲獭停瑹潨屮祐桴湯ㄳ尲楌屢楳整瀭捡慫敧屳瑳牡敬瑴履業摤敬慷敲扜獡⹥祰Ⱒ氠湩⁥㘱ⰵ椠⁮慣汬湟硥൴ †爠楡敳愠灰敟捸਍†楆敬∠㩃啜敳獲瑜捥慨䅜灰慄慴䱜捯污停潲牧浡屳祐桴湯停瑹潨㍮㈱䱜扩獜瑩ⵥ慰正条獥獜慴汲瑥整浜摩汤睥牡履慢敳瀮≹‬楬敮ㄠㄵ‬湩挠牯൯ †愠慷瑩猠汥⹦灡⡰捳灯ⱥ爠捥楥敶潟彲楤捳湯敮瑣‬敳摮湟彯牥潲⥲਍†楆敬∠㩃啜敳獲瑜捥慨䅜灰慄慴䱜捯污停潲牧浡屳祐桴湯停瑹潨㍮㈱䱜扩獜瑩ⵥ慰正条獥獜慴汲瑥整浜摩汤睥牡履慢敳瀮≹‬楬敮ㄠ㤸‬湩张损污彬ൟ †眠瑩⁨潣汬灡敳敟捸牧畯獰⤨ഺ 䘠汩⁥䌢尺獕牥屳整档屡灁䑰瑡屡潌慣屬牐杯慲獭停瑹潨屮祐桴湯ㄳ尲楌屢潣瑮硥汴扩瀮≹‬楬敮ㄠ㠵‬湩张敟楸彴ൟ †猠汥⹦敧⹮桴潲⡷慶畬⥥਍†楆敬∠㩃啜敳獲瑜捥慨䅜灰慄慴䱜捯污停潲牧浡屳祐桴湯停瑹潨㍮㈱䱜扩獜瑩ⵥ慰正条獥獜慴汲瑥整彜瑵汩⹳祰Ⱒ氠湩⁥㌹‬湩挠汯慬獰彥硥杣潲灵൳ †爠楡敳攠捸਍†楆敬∠㩃啜敳獲瑜捥慨䅜灰慄慴䱜捯污停潲牧浡屳祐桴湯停瑹潨㍮㈱䱜扩獜瑩ⵥ慰正条獥獜慴汲瑥整浜摩汤睥牡履慢敳瀮≹‬楬敮ㄠㄹ‬湩张损污彬ൟ †爠獥潰獮⁥‽睡楡⁴敳晬搮獩慰捴彨畦据爨煥敵瑳‬慣汬湟硥⥴਍†††††††帠幞幞幞幞幞幞幞幞幞幞幞幞幞幞幞幞幞幞幞幞幞൞ 䘠汩⁥䌢尺獕牥屳整档屡湏䑥楲敶䑜獥瑫灯獜污獥愠⁩汰瑡牦浯扜捡敫摮慜灰浜摩汤睥牡履敳畣楲祴瀮≹‬楬敮㈠㌳‬湩搠獩慰捴൨ †爠獥潰獮⁥‽睡楡⁴慣汬湟硥⡴敲畱獥⥴਍†††††††帠幞幞幞幞幞幞幞幞幞幞幞൞ 䘠汩⁥䌢尺獕牥屳整档屡灁䑰瑡屡潌慣屬牐杯慲獭停瑹潨屮祐桴湯ㄳ尲楌屢楳整瀭捡慫敧屳瑳牡敬瑴履業摤敬慷敲扜獡⹥祰Ⱒ氠湩⁥㘱ⰵ椠⁮慣汬湟硥൴ †爠楡敳愠灰敟捸਍†楆敬∠㩃啜敳獲瑜捥慨䅜灰慄慴䱜捯污停潲牧浡屳祐桴湯停瑹潨㍮㈱䱜扩獜瑩ⵥ慰正条獥獜慴汲瑥整浜摩汤睥牡履慢敳瀮≹‬楬敮ㄠㄵ‬湩挠牯൯ †愠慷瑩猠汥⹦灡⡰捳灯ⱥ爠捥楥敶潟彲楤捳湯敮瑣‬敳摮湟彯牥潲⥲਍†楆敬∠㩃啜敳獲瑜捥慨䅜灰慄慴䱜捯污停潲牧浡屳祐桴湯停瑹潨㍮㈱䱜扩獜瑩ⵥ慰正条獥獜慴汲瑥整浜摩汤睥牡履慢敳瀮≹‬楬敮ㄠ㤸‬湩张损污彬ൟ †眠瑩⁨潣汬灡敳敟捸牧畯獰⤨ഺ 䘠汩⁥䌢尺獕牥屳整档屡灁䑰瑡屡潌慣屬牐杯慲獭停瑹潨屮祐桴湯ㄳ尲楌屢潣瑮硥汴扩瀮≹‬楬敮ㄠ㠵‬湩张敟楸彴ൟ †猠汥⹦敧⹮桴潲⡷慶畬⥥਍†楆敬∠㩃啜敳獲瑜捥慨䅜灰慄慴䱜捯污停潲牧浡屳祐桴湯停瑹潨㍮㈱䱜扩獜瑩ⵥ慰正条獥獜慴汲瑥整彜瑵汩⹳祰Ⱒ氠湩⁥㌹‬湩挠汯慬獰彥硥杣潲灵൳ †爠楡敳攠捸਍†楆敬∠㩃啜敳獲瑜捥慨䅜灰慄慴䱜捯污停潲牧浡屳祐桴湯停瑹潨㍮㈱䱜扩獜瑩ⵥ慰正条獥獜慴汲瑥整浜摩汤睥牡履慢敳瀮≹‬楬敮ㄠㄹ‬湩张损污彬ൟ †爠獥潰獮⁥‽睡楡⁴敳晬搮獩慰捴彨畦据爨煥敵瑳‬慣汬湟硥⥴਍†††††††帠幞幞幞幞幞幞幞幞幞幞幞幞幞幞幞幞幞幞幞幞幞൞ 䘠汩⁥䌢尺獕牥屳整档屡湏䑥楲敶䑜獥瑫灯獜污獥愠⁩汰瑡牦浯扜捡敫摮慜灰浜摩汤睥牡履敳畣楲祴瀮≹‬楬敮㈠㠱‬湩搠獩慰捴൨ †爠獥潰獮⁥‽睡楡⁴慣汬湟硥⡴敲畱獥⥴਍†††††††帠幞幞幞幞幞幞幞幞幞幞幞൞ 䘠汩⁥䌢尺獕牥屳整档屡灁䑰瑡屡潌慣屬牐杯慲獭停瑹潨屮祐桴湯ㄳ尲楌屢楳整瀭捡慫敧屳瑳牡敬瑴履業摤敬慷敲扜獡⹥祰Ⱒ氠湩⁥㘱ⰵ椠⁮慣汬湟硥൴ †爠楡敳愠灰敟捸਍†楆敬∠㩃啜敳獲瑜捥慨䅜灰慄慴䱜捯污停潲牧浡屳祐桴湯停瑹潨㍮㈱䱜扩獜瑩ⵥ慰正条獥獜慴汲瑥整浜摩汤睥牡履慢敳瀮≹‬楬敮ㄠㄵ‬湩挠牯൯ †愠慷瑩猠汥⹦灡⡰捳灯ⱥ爠捥楥敶潟彲楤捳湯敮瑣‬敳摮湟彯牥潲⥲਍†楆敬∠㩃啜敳獲瑜捥慨䅜灰慄慴䱜捯污停潲牧浡屳祐桴湯停瑹潨㍮㈱䱜扩獜瑩ⵥ慰正条獥獜慴汲瑥整浜摩汤睥牡履慢敳瀮≹‬楬敮ㄠ㤸‬湩张损污彬ൟ †眠瑩⁨潣汬灡敳敟捸牧畯獰⤨ഺ 䘠汩⁥䌢尺獕牥屳整档屡灁䑰瑡屡潌慣屬牐杯慲獭停瑹潨屮祐桴湯ㄳ尲楌屢潣瑮硥汴扩瀮≹‬楬敮ㄠ㠵‬湩张敟楸彴ൟ †猠汥⹦敧⹮桴潲⡷慶畬⥥਍†楆敬∠㩃啜敳獲瑜捥慨䅜灰慄慴䱜捯污停潲牧浡屳祐桴湯停瑹潨㍮㈱䱜扩獜瑩ⵥ慰正条獥獜慴汲瑥整彜瑵汩⹳祰Ⱒ氠湩⁥㌹‬湩挠汯慬獰彥硥杣潲灵൳ †爠楡敳攠捸਍†楆敬∠㩃啜敳獲瑜捥慨䅜灰慄慴䱜捯污停潲牧浡屳祐桴湯停瑹潨㍮㈱䱜扩獜瑩ⵥ慰正条獥獜慴汲瑥整浜摩汤睥牡履慢敳瀮≹‬楬敮ㄠㄹ‬湩张损污彬ൟ †爠獥潰獮⁥‽睡楡⁴敳晬搮獩慰捴彨畦据爨煥敵瑳‬慣汬湟硥⥴਍†††††††帠幞幞幞幞幞幞幞幞幞幞幞幞幞幞幞幞幞幞幞幞幞൞ 䘠汩⁥䌢尺獕牥屳整档屡湏䑥楲敶䑜獥瑫灯獜污獥愠⁩汰瑡牦浯扜捡敫摮慜灰浜摩汤睥牡履整慮瑮敟普牯散敭瑮瀮≹‬楬敮㔠ⰸ椠⁮楤灳瑡档਍††敲畴湲愠慷瑩挠污彬敮瑸爨煥敵瑳ഩ †††††幞幞幞幞幞幞幞幞幞幞幞幞਍†楆敬∠㩃啜敳獲瑜捥慨䅜灰慄慴䱜捯污停潲牧浡屳祐桴湯停瑹潨㍮㈱䱜扩獜瑩ⵥ慰正条獥獜慴汲瑥整浜摩汤睥牡履慢敳瀮≹‬楬敮ㄠ㔶‬湩挠污彬敮瑸਍††慲獩⁥灡彰硥ൣ 䘠汩⁥䌢尺獕牥屳整档屡灁䑰瑡屡潌慣屬牐杯慲獭停瑹潨屮祐桴湯ㄳ尲楌屢楳整瀭捡慫敧屳瑳牡敬瑴履業摤敬慷敲扜獡⹥祰Ⱒ氠湩⁥㔱ⰱ椠⁮潣潲਍††睡楡⁴敳晬愮灰猨潣数‬敲散癩彥牯摟獩潣湮捥ⱴ猠湥彤潮敟牲牯ഩ 䘠汩⁥䌢尺獕牥屳整档屡灁䑰瑡屡潌慣屬牐杯慲獭停瑹潨屮祐桴湯ㄳ尲楌屢楳整瀭捡慫敧屳瑳牡敬瑴履業摤敬慷敲捜牯⹳祰Ⱒ氠湩⁥㔸‬湩张损污彬ൟ †愠慷瑩猠汥⹦灡⡰捳灯ⱥ爠捥楥敶‬敳摮ഩ 䘠汩⁥䌢尺獕牥屳整档屡灁䑰瑡屡潌慣屬牐杯慲獭停瑹潨屮祐桴湯ㄳ尲楌屢楳整瀭捡慫敧屳瑳牡敬瑴履業摤敬慷敲敜捸灥楴湯⹳祰Ⱒ氠湩⁥㔶‬湩张损污彬ൟ †愠慷瑩眠慲彰灡彰慨摮楬杮敟捸灥楴湯⡳敳晬愮灰‬潣湮⠩捳灯ⱥ爠捥楥敶‬敳摮ഩ 䘠汩⁥䌢尺獕牥屳整档屡灁䑰瑡屡潌慣屬牐杯慲獭停瑹潨屮祐桴湯ㄳ尲楌屢楳整瀭捡慫敧屳瑳牡敬瑴履敟捸灥楴湯桟湡汤牥瀮≹‬楬敮㘠ⰴ椠⁮牷灡数彤灡൰ †爠楡敳攠捸਍†楆敬∠㩃啜敳獲瑜捥慨䅜灰慄慴䱜捯污停潲牧浡屳祐桴湯停瑹潨㍮㈱䱜扩獜瑩ⵥ慰正条獥獜慴汲瑥整彜硥散瑰潩彮慨摮敬⹲祰Ⱒ氠湩⁥㌵‬湩眠慲灰摥慟灰਍††睡楡⁴灡⡰捳灯ⱥ爠捥楥敶‬敳摮牥ഩ 䘠汩⁥䌢尺獕牥屳整档屡灁䑰瑡屡潌慣屬牐杯慲獭停瑹潨屮祐桴湯ㄳ尲楌屢楳整瀭捡慫敧屳瑳牡敬瑴履潲瑵湩⹧祰Ⱒ氠湩⁥㔷ⰶ椠⁮彟慣汬彟਍††睡楡⁴敳晬洮摩汤睥牡彥瑳捡⡫捳灯ⱥ爠捥楥敶‬敳摮ഩ 䘠汩⁥䌢尺獕牥屳整档屡灁䑰瑡屡潌慣屬牐杯慲獭停瑹潨屮祐桴湯ㄳ尲楌屢楳整瀭捡慫敧屳瑳牡敬瑴履潲瑵湩⹧祰Ⱒ氠湩⁥㜷ⰶ椠⁮灡൰ †愠慷瑩爠畯整栮湡汤⡥捳灯ⱥ爠捥楥敶‬敳摮ഩ 䘠汩⁥䌢尺獕牥屳整档屡灁䑰瑡屡潌慣屬牐杯慲獭停瑹潨屮祐桴湯ㄳ尲楌屢楳整瀭捡慫敧屳瑳牡敬瑴履潲瑵湩⹧祰Ⱒ氠湩⁥㤲ⰷ椠⁮慨摮敬਍††睡楡⁴敳晬愮灰猨潣数‬敲散癩ⱥ猠湥⥤਍†楆敬∠㩃啜敳獲瑜捥慨䅜灰慄慴䱜捯污停潲牧浡屳祐桴湯停瑹潨㍮㈱䱜扩獜瑩ⵥ慰正条獥獜慴汲瑥整牜畯楴杮瀮≹‬楬敮㜠ⰷ椠⁮灡൰ †愠慷瑩眠慲彰灡彰慨摮楬杮敟捸灥楴湯⡳灡Ɒ爠煥敵瑳⠩捳灯ⱥ爠捥楥敶‬敳摮ഩ 䘠汩⁥䌢尺獕牥屳整档屡灁䑰瑡屡潌慣屬牐杯慲獭停瑹潨屮祐桴湯ㄳ尲楌屢楳整瀭捡慫敧屳瑳牡敬瑴履敟捸灥楴湯桟湡汤牥瀮≹‬楬敮㘠ⰴ椠⁮牷灡数彤灡൰ †爠楡敳攠捸਍†楆敬∠㩃啜敳獲瑜捥慨䅜灰慄慴䱜捯污停潲牧浡屳祐桴湯停瑹潨㍮㈱䱜扩獜瑩ⵥ慰正条獥獜慴汲瑥整彜硥散瑰潩彮慨摮敬⹲祰Ⱒ氠湩⁥㌵‬湩眠慲灰摥慟灰਍††睡楡⁴灡⡰捳灯ⱥ爠捥楥敶‬敳摮牥ഩ 䘠汩⁥䌢尺獕牥屳整档屡灁䑰瑡屡潌慣屬牐杯慲獭停瑹潨屮祐桴湯ㄳ尲楌屢楳整瀭捡慫敧屳瑳牡敬瑴履潲瑵湩⹧祰Ⱒ氠湩⁥㈷‬湩愠灰਍††敲灳湯敳㴠愠慷瑩映湵⡣敲畱獥⥴਍†††††††帠幞幞幞幞幞幞幞幞幞਍†楆敬∠㩃啜敳獲瑜捥慨䅜灰慄慴䱜捯污停潲牧浡屳祐桴湯停瑹潨㍮㈱䱜扩獜瑩ⵥ慰正条獥晜獡慴楰牜畯楴杮瀮≹‬楬敮㈠㠷‬湩愠灰਍††慲彷敲灳湯敳㴠愠慷瑩爠湵敟摮潰湩彴畦据楴湯ന †††††††††幞幞幞幞幞幞幞幞幞幞幞幞幞幞਍†楆敬∠㩃啜敳獲瑜捥慨䅜灰慄慴䱜捯污停潲牧浡屳祐桴湯停瑹潨㍮㈱䱜扩獜瑩ⵥ慰正条獥晜獡慴楰牜畯楴杮瀮≹‬楬敮ㄠㄹ‬湩爠湵敟摮潰湩彴畦据楴湯਍††敲畴湲愠慷瑩搠灥湥慤瑮挮污⡬⨪慶畬獥ഩ †††††幞幞幞幞幞幞幞幞幞幞幞幞幞幞幞਍†楆敬∠㩃啜敳獲瑜捥慨作敮牄癩履敄歳潴屰慳敬⁳楡瀠慬晴潲屭慢正湥層灡屰潲瑵獥浜獩楳杮牟畯整⹳祰Ⱒ氠湩⁥ㄱ㈳‬湩氠獩彴捳湥牡潩൳ †猠散慮楲獯㴠搠形畱牥⡹匢䱅䍅⁔‪剆䵏猠散慮楲獯圠䕈䕒挠浯慰祮楟⁤‽‿剏䕄⁒奂挠敲瑡摥慟⁴䕄䍓Ⱒ⠠潣灭湡役摩⤬ഩ †††††††帠幞幞幞幞幞幞幞幞幞幞幞幞幞幞幞幞幞幞幞幞幞幞幞幞幞幞幞幞幞幞幞幞幞幞幞幞幞幞幞幞幞幞幞幞幞幞幞൞ 䘠汩⁥䌢尺獕牥屳整档屡湏䑥楲敶䑜獥瑫灯獜污獥愠⁩汰瑡牦浯扜捡敫摮慜灰牜畯整屳業獳湩彧潲瑵獥瀮≹‬楬敮㜠ⰶ椠⁮扤煟敵祲਍††慲獩⁥൥ 䘠汩⁥䌢尺獕牥屳整档屡湏䑥楲敶䑜獥瑫灯獜污獥愠⁩汰瑡牦浯扜捡敫摮慜灰牜畯整屳業獳湩彧潲瑵獥瀮≹‬楬敮㘠ⰹ椠⁮扤煟敵祲਍††畣⹲硥捥瑵⡥畱牥ⱹ愠杲⥳਍煳楬整⸳灏牥瑡潩慮䕬牲牯›潮猠捵⁨慴汢㩥猠散慮楲獯਍਍㉛㈰ⴶ㌰㈭‹ㄲ㈺㨰㤴㌮㜱〰崵嬠䑉挺愵挶搰ⵥ㝢㔰㐭㐳ⴸ挹㌴㜭戸捥㉤㐰ㄳ崷䔠剒›潗歲灳捡䕥杮湩⹥敧彴湩敶瑮牯役敨污桴⤨朠瑯愠⁮湵硥数瑣摥欠祥潷摲愠杲浵湥⁴挧浯慰祮楟❤਍†‫硅散瑰潩⁮片畯⁰牔捡扥捡⁫洨獯⁴敲散瑮挠污⁬慬瑳㨩਍†⁼†楆敬∠㩃啜敳獲瑜捥慨䅜灰慄慴䱜捯污停潲牧浡屳祐桴湯停瑹潨㍮㈱䱜扩獜瑩ⵥ慰正条獥獜慴汲瑥整彜瑵汩⹳祰Ⱒ氠湩⁥㜸‬湩挠汯慬獰彥硥杣潲灵൳ 簠††礠敩摬਍†⁼†楆敬∠㩃啜敳獲瑜捥慨䅜灰慄慴䱜捯污停潲牧浡屳祐桴湯停瑹潨㍮㈱䱜扩獜瑩ⵥ慰正条獥獜慴汲瑥整浜摩汤睥牡履慢敳瀮≹‬楬敮ㄠ〹‬湩张损污彬ൟ 簠††愠祳据眠瑩⁨湡楹⹯牣慥整瑟獡彫牧畯⡰ 獡琠獡彫牧畯㩰਍†⁼†楆敬∠㩃啜敳獲瑜捥慨䅜灰慄慴䱜捯污停潲牧浡屳祐桴湯停瑹潨㍮㈱䱜扩獜瑩ⵥ慰正条獥慜祮潩彜慢正湥獤彜獡湹楣⹯祰Ⱒ氠湩⁥㜶ⰸ椠⁮彟敡楸彴ൟ 簠††爠楡敳䈠獡䕥捸灥楴湯片畯⡰਍†⁼硅散瑰潩䝮潲灵›湵慨摮敬⁤牥潲獲椠⁮⁡慔歳片畯⁰ㄨ猠扵攭捸灥楴湯ഩ ⬠⬭ⴭⴭⴭⴭⴭⴭⴭⴭㄠⴠⴭⴭⴭⴭⴭⴭⴭഭ †簠吠慲散慢正⠠潭瑳爠捥湥⁴慣汬氠獡⥴ഺ †簠†䘠汩⁥䌢尺獕牥屳整档屡灁䑰瑡屡潌慣屬牐杯慲獭停瑹潨屮祐桴湯ㄳ尲楌屢楳整瀭捡慫敧屳瑳牡敬瑴履業摤敬慷敲敜牲牯⹳祰Ⱒ氠湩⁥㘱ⰴ椠⁮彟慣汬彟਍††⁼††睡楡⁴敳晬愮灰猨潣数‬敲散癩ⱥ张敳摮ഩ †簠†䘠汩⁥䌢尺獕牥屳整档屡灁䑰瑡屡潌慣屬牐杯慲獭停瑹潨屮祐桴湯ㄳ尲楌屢楳整瀭捡慫敧屳瑳牡敬瑴履業摤敬慷敲扜獡⹥祰Ⱒ氠湩⁥㠱ⰹ椠⁮彟慣汬彟਍††⁼††楷桴挠汯慬獰彥硥杣潲灵⡳㨩਍††⁼†楆敬∠㩃啜敳獲瑜捥慨䅜灰慄慴䱜捯污停潲牧浡屳祐桴湯停瑹潨㍮㈱䱜扩捜湯整瑸楬⹢祰Ⱒ氠湩⁥㔱ⰸ椠⁮彟硥瑩彟਍††⁼††敳晬朮湥琮牨睯瘨污敵ഩ †簠†䘠汩⁥䌢尺獕牥屳整档屡灁䑰瑡屡潌慣屬牐杯慲獭停瑹潨屮祐桴湯ㄳ尲楌屢楳整瀭捡慫敧屳瑳牡敬瑴履畟楴獬瀮≹‬楬敮㤠ⰳ椠⁮潣汬灡敳敟捸牧畯獰਍††⁼††慲獩⁥硥ൣ †簠†䘠汩⁥䌢尺獕牥屳整档屡灁䑰瑡屡潌慣屬牐杯慲獭停瑹潨屮祐桴湯ㄳ尲楌屢楳整瀭捡慫敧屳瑳牡敬瑴履業摤敬慷敲扜獡⹥祰Ⱒ氠湩⁥㤱ⰱ椠⁮彟慣汬彟਍††⁼††敲灳湯敳㴠愠慷瑩猠汥⹦楤灳瑡档晟湵⡣敲畱獥ⱴ挠污彬敮瑸ഩ †簠††††††††幞幞幞幞幞幞幞幞幞幞幞幞幞幞幞幞幞幞幞幞幞幞਍††⁼†楆敬∠㩃啜敳獲瑜捥慨作敮牄癩履敄歳潴屰慳敬⁳楡瀠慬晴潲屭慢正湥層灡屰業摤敬慷敲牜煥敵瑳损湯整瑸瀮≹‬楬敮㔠ⰶ椠⁮楤灳瑡档਍††⁼††慲獩⁥൥ †簠†䘠汩⁥䌢尺獕牥屳整档屡湏䑥楲敶䑜獥瑫灯獜污獥愠⁩汰瑡牦浯扜捡敫摮慜灰浜摩汤睥牡履敲畱獥彴潣瑮硥⹴祰Ⱒ氠湩⁥〵‬湩搠獩慰捴൨ †簠††爠獥潰獮⁥‽睡楡⁴慣汬湟硥⡴敲畱獥⥴਍††⁼†††††††帠幞幞幞幞幞幞幞幞幞幞幞൞ †簠†䘠汩⁥䌢尺獕牥屳整档屡灁䑰瑡屡潌慣屬牐杯慲獭停瑹潨屮祐桴湯ㄳ尲楌屢楳整瀭捡慫敧屳瑳牡敬瑴履業摤敬慷敲扜獡⹥祰Ⱒ氠湩⁥㘱ⰵ椠⁮慣汬湟硥൴ †簠††爠楡敳愠灰敟捸਍††⁼†楆敬∠㩃啜敳獲瑜捥慨䅜灰慄慴䱜捯污停潲牧浡屳祐桴湯停瑹潨㍮㈱䱜扩獜瑩ⵥ慰正条獥獜慴汲瑥整浜摩汤睥牡履慢敳瀮≹‬楬敮ㄠㄵ‬湩挠牯൯ †簠††愠慷瑩猠汥⹦灡⡰捳灯ⱥ爠捥楥敶潟彲楤捳湯敮瑣‬敳摮湟彯牥潲⥲਍††⁼†楆敬∠㩃啜敳獲瑜捥慨䅜灰慄慴䱜捯污停潲牧浡屳祐桴湯停瑹潨㍮㈱䱜扩獜瑩ⵥ慰正条獥獜慴汲瑥整浜摩汤睥牡履慢敳瀮≹‬楬敮ㄠ㤸‬湩张损污彬ൟ †簠††眠瑩⁨潣汬灡敳敟捸牧畯獰⤨ഺ †簠†䘠汩⁥䌢尺獕牥屳整档屡灁䑰瑡屡潌慣屬牐杯慲獭停瑹潨屮祐桴湯ㄳ尲楌屢潣瑮硥汴扩瀮≹‬楬敮ㄠ㠵‬湩张敟楸彴ൟ †簠††猠汥⹦敧⹮桴潲⡷慶畬⥥਍††⁼†楆敬∠㩃啜敳獲瑜捥慨䅜灰慄慴䱜捯污停潲牧浡屳祐桴湯停瑹潨㍮㈱䱜扩獜瑩ⵥ慰正条獥獜慴汲瑥整彜瑵汩⹳祰Ⱒ氠湩⁥㌹‬湩挠汯慬獰彥硥杣潲灵൳ †簠††爠楡敳攠捸਍††⁼†楆敬∠㩃啜敳獲瑜捥慨䅜灰慄慴䱜捯污停潲牧浡屳祐桴湯停瑹潨㍮㈱䱜扩獜瑩ⵥ慰正条獥獜慴汲瑥整浜摩汤睥牡履慢敳瀮≹‬楬敮ㄠㄹ‬湩张损污彬ൟ †簠††爠獥潰獮⁥‽睡楡⁴敳晬搮獩慰捴彨畦据爨煥敵瑳‬慣汬湟硥⥴਍††⁼†††††††帠幞幞幞幞幞幞幞幞幞幞幞幞幞幞幞幞幞幞幞幞幞൞ †簠†䘠汩⁥䌢尺獕牥屳整档屡湏䑥楲敶䑜獥瑫灯獜污獥愠⁩汰瑡牦浯扜捡敫摮慜灰浜摩汤睥牡履敳畣楲祴瀮≹‬楬敮㈠㌳‬湩搠獩慰捴൨ †簠††爠獥潰獮⁥‽睡楡⁴慣汬湟硥⡴敲畱獥⥴਍††⁼†††††††帠幞幞幞幞幞幞幞幞幞幞幞൞ †簠†䘠汩⁥䌢尺獕牥屳整档屡灁䑰瑡屡潌慣屬牐杯慲獭停瑹潨屮祐桴湯ㄳ尲楌屢楳整瀭捡慫敧屳瑳牡敬瑴履業摤敬慷敲扜獡⹥祰Ⱒ氠湩⁥㘱ⰵ椠⁮慣汬湟硥൴ †簠††爠楡敳愠灰敟捸਍††⁼†楆敬∠㩃啜敳獲瑜捥慨䅜灰慄慴䱜捯污停潲牧浡屳祐桴湯停瑹潨㍮㈱䱜扩獜瑩ⵥ慰正条獥獜慴汲瑥整浜摩汤睥牡履慢敳瀮≹‬楬敮ㄠㄵ‬湩挠牯൯ †簠††愠慷瑩猠汥⹦灡⡰捳灯ⱥ爠捥楥敶潟彲楤捳湯敮瑣‬敳摮湟彯牥潲⥲਍††⁼†楆敬∠㩃啜敳獲瑜捥慨䅜灰慄慴䱜捯污停潲牧浡屳祐桴湯停瑹潨㍮㈱䱜扩獜瑩ⵥ慰正条獥獜慴汲瑥整浜摩汤睥牡履慢敳瀮≹‬楬敮ㄠ㤸‬湩张损污彬ൟ †簠††眠瑩⁨潣汬灡敳敟捸牧畯獰⤨ഺ †簠†䘠汩⁥䌢尺獕牥屳整档屡灁䑰瑡屡潌慣屬牐杯慲獭停瑹潨屮祐桴湯ㄳ尲楌屢潣瑮硥汴扩瀮≹‬楬敮ㄠ㠵‬湩张敟楸彴ൟ †簠††猠汥⹦敧⹮桴潲⡷慶畬⥥਍††⁼†楆敬∠㩃啜敳獲瑜捥慨䅜灰慄慴䱜捯污停潲牧浡屳祐桴湯停瑹潨㍮㈱䱜扩獜瑩ⵥ慰正条獥獜慴汲瑥整彜瑵汩⹳祰Ⱒ氠湩⁥㌹‬湩挠汯慬獰彥硥杣潲灵൳ †簠††爠楡敳攠捸਍††⁼†楆敬∠㩃啜敳獲瑜捥慨䅜灰慄慴䱜捯污停潲牧浡屳祐桴湯停瑹潨㍮㈱䱜扩獜瑩ⵥ慰正条獥獜慴汲瑥整浜摩汤睥牡履慢敳瀮≹‬楬敮ㄠㄹ‬湩张损污彬ൟ †簠††爠獥潰獮⁥‽睡楡⁴敳晬搮獩慰捴彨畦据爨煥敵瑳‬慣汬湟硥⥴਍††⁼†††††††帠幞幞幞幞幞幞幞幞幞幞幞幞幞幞幞幞幞幞幞幞幞൞ †簠†䘠汩⁥䌢尺獕牥屳整档屡湏䑥楲敶䑜獥瑫灯獜污獥愠⁩汰瑡牦浯扜捡敫摮慜灰浜摩汤睥牡履敳畣楲祴瀮≹‬楬敮㈠㠱‬湩搠獩慰捴൨ †簠††爠獥潰獮⁥‽睡楡⁴慣汬湟硥⡴敲畱獥⥴਍††⁼†††††††帠幞幞幞幞幞幞幞幞幞幞幞൞ †簠†䘠汩⁥䌢尺獕牥屳整档屡灁䑰瑡屡潌慣屬牐杯慲獭停瑹潨屮祐桴湯ㄳ尲楌屢楳整瀭捡慫敧屳瑳牡敬瑴履業摤敬慷敲扜獡⹥祰Ⱒ氠湩⁥㘱ⰵ椠⁮慣汬湟硥൴ †簠††爠楡敳愠灰敟捸਍††⁼†楆敬∠㩃啜敳獲瑜捥慨䅜灰慄慴䱜捯污停潲牧浡屳祐桴湯停瑹潨㍮㈱䱜扩獜瑩ⵥ慰正条獥獜慴汲瑥整浜摩汤睥牡履慢敳瀮≹‬楬敮ㄠㄵ‬湩挠牯൯ †簠††愠慷瑩猠汥⹦灡⡰捳灯ⱥ爠捥楥敶潟彲楤捳湯敮瑣‬敳摮湟彯牥潲⥲਍††⁼†楆敬∠㩃啜敳獲瑜捥慨䅜灰慄慴䱜捯污停潲牧浡屳祐桴湯停瑹潨㍮㈱䱜扩獜瑩ⵥ慰正条獥獜慴汲瑥整浜摩汤睥牡履慢敳瀮≹‬楬敮ㄠ㤸‬湩张损污彬ൟ †簠††眠瑩⁨潣汬灡敳敟捸牧畯獰⤨ഺ †簠†䘠汩⁥䌢尺獕牥屳整档屡灁䑰瑡屡潌慣屬牐杯慲獭停瑹潨屮祐桴湯ㄳ尲楌屢潣瑮硥汴扩瀮≹‬楬敮ㄠ㠵‬湩张敟楸彴ൟ †簠††猠汥⹦敧⹮桴潲⡷慶畬⥥਍††⁼†楆敬∠㩃啜敳獲瑜捥慨䅜灰慄慴䱜捯污停潲牧浡屳祐桴湯停瑹潨㍮㈱䱜扩獜瑩ⵥ慰正条獥獜慴汲瑥整彜瑵汩⹳祰Ⱒ氠湩⁥㌹‬湩挠汯慬獰彥硥杣潲灵൳ †簠††爠楡敳攠捸਍††⁼†楆敬∠㩃啜敳獲瑜捥慨䅜灰慄慴䱜捯污停潲牧浡屳祐桴湯停瑹潨㍮㈱䱜扩獜瑩ⵥ慰正条獥獜慴汲瑥整浜摩汤睥牡履慢敳瀮≹‬楬敮ㄠㄹ‬湩张损污彬ൟ †簠††爠獥潰獮⁥‽睡楡⁴敳晬搮獩慰捴彨畦据爨煥敵瑳‬慣汬湟硥⥴਍††⁼†††††††帠幞幞幞幞幞幞幞幞幞幞幞幞幞幞幞幞幞幞幞幞幞൞ †簠†䘠汩⁥䌢尺獕牥屳整档屡湏䑥楲敶䑜獥瑫灯獜污獥愠⁩汰瑡牦浯扜捡敫摮慜灰浜摩汤睥牡履整慮瑮敟普牯散敭瑮瀮≹‬楬敮㔠ⰸ椠⁮楤灳瑡档਍††⁼††敲畴湲愠慷瑩挠污彬敮瑸爨煥敵瑳ഩ †簠††††††幞幞幞幞幞幞幞幞幞幞幞幞਍††⁼†楆敬∠㩃啜敳獲瑜捥慨䅜灰慄慴䱜捯污停潲牧浡屳祐桴湯停瑹潨㍮㈱䱜扩獜瑩ⵥ慰正条獥獜慴汲瑥整浜摩汤睥牡履慢敳瀮≹‬楬敮ㄠ㔶‬湩挠污彬敮瑸਍††⁼††慲獩⁥灡彰硥ൣ †簠†䘠汩⁥䌢尺獕牥屳整档屡灁䑰瑡屡潌慣屬牐杯慲獭停瑹潨屮祐桴湯ㄳ尲楌屢楳整瀭捡慫敧屳瑳牡敬瑴履業摤敬慷敲扜獡⹥祰Ⱒ氠湩⁥㔱ⰱ椠⁮潣潲਍††⁼††睡楡⁴敳晬愮灰猨潣数‬敲散癩彥牯摟獩潣湮捥ⱴ猠湥彤潮敟牲牯ഩ †簠†䘠汩⁥䌢尺獕牥屳整档屡灁䑰瑡屡潌慣屬牐杯慲獭停瑹潨屮祐桴湯ㄳ尲楌屢楳整瀭捡慫敧屳瑳牡敬瑴履業摤敬慷敲捜牯⹳祰Ⱒ氠湩⁥㔸‬湩张损污彬ൟ †簠††愠慷瑩猠汥⹦灡⡰捳灯ⱥ爠捥楥敶‬敳摮ഩ †簠†䘠汩⁥䌢尺獕牥屳整档屡灁䑰瑡屡潌慣屬牐杯慲獭停瑹潨屮祐桴湯ㄳ尲楌屢楳整瀭捡慫敧屳瑳牡敬瑴履業摤敬慷敲敜捸灥楴湯⹳祰Ⱒ氠湩⁥㔶‬湩张损污彬ൟ †簠††愠慷瑩眠慲彰灡彰慨摮楬杮敟捸灥楴湯⡳敳晬愮灰‬潣湮⠩捳灯ⱥ爠捥楥敶‬敳摮ഩ †簠†䘠汩⁥䌢尺獕牥屳整档屡灁䑰瑡屡潌慣屬牐杯慲獭停瑹潨屮祐桴湯ㄳ尲楌屢楳整瀭捡慫敧屳瑳牡敬瑴履敟捸灥楴湯桟湡汤牥瀮≹‬楬敮㘠ⰴ椠⁮牷灡数彤灡൰ †簠††爠楡敳攠捸਍††⁼†楆敬∠㩃啜敳獲瑜捥慨䅜灰慄慴䱜捯污停潲牧浡屳祐桴湯停瑹潨㍮㈱䱜扩獜瑩ⵥ慰正条獥獜慴汲瑥整彜硥散瑰潩彮慨摮敬⹲祰Ⱒ氠湩⁥㌵‬湩眠慲灰摥慟灰਍††⁼††睡楡⁴灡⡰捳灯ⱥ爠捥楥敶‬敳摮牥ഩ †簠†䘠汩⁥䌢尺獕牥屳整档屡灁䑰瑡屡潌慣屬牐杯慲獭停瑹潨屮祐桴湯ㄳ尲楌屢楳整瀭捡慫敧屳瑳牡敬瑴履潲瑵湩⹧祰Ⱒ氠湩⁥㔷ⰶ椠⁮彟慣汬彟਍††⁼††睡楡⁴敳晬洮摩汤睥牡彥瑳捡⡫捳灯ⱥ爠捥楥敶‬敳摮ഩ †簠†䘠汩⁥䌢尺獕牥屳整档屡灁䑰瑡屡潌慣屬牐杯慲獭停瑹潨屮祐桴湯ㄳ尲楌屢楳整瀭捡慫敧屳瑳牡敬瑴履潲瑵湩⹧祰Ⱒ氠湩⁥㜷ⰶ椠⁮灡൰ †簠††愠慷瑩爠畯整栮湡汤⡥捳灯ⱥ爠捥楥敶‬敳摮ഩ †簠†䘠汩⁥䌢尺獕牥屳整档屡灁䑰瑡屡潌慣屬牐杯慲獭停瑹潨屮祐桴湯ㄳ尲楌屢楳整瀭捡慫敧屳瑳牡敬瑴履潲瑵湩⹧祰Ⱒ氠湩⁥㤲ⰷ椠⁮慨摮敬਍††⁼††睡楡⁴敳晬愮灰猨潣数‬敲散癩ⱥ猠湥⥤਍††⁼†楆敬∠㩃啜敳獲瑜捥慨䅜灰慄慴䱜捯污停潲牧浡屳祐桴湯停瑹潨㍮㈱䱜扩獜瑩ⵥ慰正条獥獜慴汲瑥整牜畯楴杮瀮≹‬楬敮㜠ⰷ椠⁮灡൰ †簠††愠慷瑩眠慲彰灡彰慨摮楬杮敟捸灥楴湯⡳灡Ɒ爠煥敵瑳⠩捳灯ⱥ爠捥楥敶‬敳摮ഩ †簠†䘠汩⁥䌢尺獕牥屳整档屡灁䑰瑡屡潌慣屬牐杯慲獭停瑹潨屮祐桴湯ㄳ尲楌屢楳整瀭捡慫敧屳瑳牡敬瑴履敟捸灥楴湯桟湡汤牥瀮≹‬楬敮㘠ⰴ椠⁮牷灡数彤灡൰ †簠††爠楡敳攠捸਍††⁼†楆敬∠㩃啜敳獲瑜捥慨䅜灰慄慴䱜捯污停潲牧浡屳祐桴湯停瑹潨㍮㈱䱜扩獜瑩ⵥ慰正条獥獜慴汲瑥整彜硥散瑰潩彮慨摮敬⹲祰Ⱒ氠湩⁥㌵‬湩眠慲灰摥慟灰਍††⁼††睡楡⁴灡⡰捳灯ⱥ爠捥楥敶‬敳摮牥ഩ †簠†䘠汩⁥䌢尺獕牥屳整档屡灁䑰瑡屡潌慣屬牐杯慲獭停瑹潨屮祐桴湯ㄳ尲楌屢楳整瀭捡慫敧屳瑳牡敬瑴履潲瑵湩⹧祰Ⱒ氠湩⁥㈷‬湩愠灰਍††⁼††敲灳湯敳㴠愠慷瑩映湵⡣敲畱獥⥴਍††⁼†††††††帠幞幞幞幞幞幞幞幞幞਍††⁼†楆敬∠㩃啜敳獲瑜捥慨䅜灰慄慴䱜捯污停潲牧浡屳祐桴湯停瑹潨㍮㈱䱜扩獜瑩ⵥ慰正条獥晜獡慴楰牜畯楴杮瀮≹‬楬敮㈠㠷‬湩愠灰਍††⁼††慲彷敲灳湯敳㴠愠慷瑩爠湵敟摮潰湩彴畦据楴湯ന †簠††††††††††幞幞幞幞幞幞幞幞幞幞幞幞幞幞਍††⁼†楆敬∠㩃啜敳獲瑜捥慨䅜灰慄慴䱜捯污停潲牧浡屳祐桴湯停瑹潨㍮㈱䱜扩獜瑩ⵥ慰正条獥晜獡慴楰牜畯楴杮瀮≹‬楬敮ㄠㄹ‬湩爠湵敟摮潰湩彴畦据楴湯਍††⁼††敲畴湲愠慷瑩搠灥湥慤瑮挮污⡬⨪慶畬獥ഩ †簠††††††幞幞幞幞幞幞幞幞幞幞幞幞幞幞幞਍††⁼†楆敬∠㩃啜敳獲瑜捥慨作敮牄癩履敄歳潴屰慳敬⁳楡瀠慬晴潲屭慢正湥層灡屰灡屩ㅶ敜摮潰湩獴睜牯獫慰散瀮≹‬楬敮㌠㜴‬湩朠瑥楟癮湥潴祲桟慥瑬൨ †簠††爠瑥牵⁮潗歲灳捡䕥杮湩⹥敧彴湩敶瑮牯役敨污桴挨浯慰祮楟㵤潣灭湡役摩ഩ †簠††††††幞幞幞幞幞幞幞幞幞幞幞幞幞幞幞幞幞幞幞幞幞幞幞幞幞幞幞幞幞൞ †簠吠灹䕥牲牯›潗歲灳捡䕥杮湩⹥敧彴湩敶瑮牯役敨污桴⤨朠瑯愠⁮湵硥数瑣摥欠祥潷摲愠杲浵湥⁴挧浯慰祮楟❤਍††⴫ⴭⴭⴭⴭⴭⴭⴭⴭⴭⴭⴭⴭⴭⴭⴭⴭⴭഭഊ䐊牵湩⁧慨摮楬杮漠⁦桴⁥扡癯⁥硥散瑰潩Ɱ愠潮桴牥攠捸灥楴湯漠捣牵敲㩤਍਍牔捡扥捡⁫洨獯⁴敲散瑮挠污⁬慬瑳㨩਍†楆敬∠㩃啜敳獲瑜捥慨䅜灰慄慴䱜捯污停潲牧浡屳祐桴湯停瑹潨㍮㈱䱜扩獜瑩ⵥ慰正条獥獜慴汲瑥整浜摩汤睥牡履牥潲獲瀮≹‬楬敮ㄠ㐶‬湩张损污彬ൟ †愠慷瑩猠汥⹦灡⡰捳灯ⱥ爠捥楥敶‬獟湥⥤਍†楆敬∠㩃啜敳獲瑜捥慨䅜灰慄慴䱜捯污停潲牧浡屳祐桴湯停瑹潨㍮㈱䱜扩獜瑩ⵥ慰正条獥獜慴汲瑥整浜摩汤睥牡履慢敳瀮≹‬楬敮ㄠ㤸‬湩张损污彬ൟ †眠瑩⁨潣汬灡敳敟捸牧畯獰⤨ഺ 䘠汩⁥䌢尺獕牥屳整档屡灁䑰瑡屡潌慣屬牐杯慲獭停瑹潨屮祐桴湯ㄳ尲楌屢潣瑮硥汴扩瀮≹‬楬敮ㄠ㠵‬湩张敟楸彴ൟ †猠汥⹦敧⹮桴潲⡷慶畬⥥਍†楆敬∠㩃啜敳獲瑜捥慨䅜灰慄慴䱜捯污停潲牧浡屳祐桴湯停瑹潨㍮㈱䱜扩獜瑩ⵥ慰正条獥獜慴汲瑥整彜瑵汩⹳祰Ⱒ氠湩⁥㌹‬湩挠汯慬獰彥硥杣潲灵൳ †爠楡敳攠捸਍†楆敬∠㩃啜敳獲瑜捥慨䅜灰慄慴䱜捯污停潲牧浡屳祐桴湯停瑹潨㍮㈱䱜扩獜瑩ⵥ慰正条獥獜慴汲瑥整浜摩汤睥牡履慢敳瀮≹‬楬敮ㄠㄹ‬湩张损污彬ൟ †爠獥潰獮⁥‽睡楡⁴敳晬搮獩慰捴彨畦据爨煥敵瑳‬慣汬湟硥⥴਍†††††††帠幞幞幞幞幞幞幞幞幞幞幞幞幞幞幞幞幞幞幞幞幞൞ 䘠汩⁥䌢尺獕牥屳整档屡湏䑥楲敶䑜獥瑫灯獜污獥愠⁩汰瑡牦浯扜捡敫摮慜灰浜摩汤睥牡履敲畱獥彴潣瑮硥⹴祰Ⱒ氠湩⁥㘵‬湩搠獩慰捴൨ †爠楡敳攠਍†楆敬∠㩃啜敳獲瑜捥慨作敮牄癩履敄歳潴屰慳敬⁳楡瀠慬晴潲屭慢正湥層灡屰業摤敬慷敲牜煥敵瑳损湯整瑸瀮≹‬楬敮㔠ⰰ椠⁮楤灳瑡档਍††敲灳湯敳㴠愠慷瑩挠污彬敮瑸爨煥敵瑳ഩ †††††††幞幞幞幞幞幞幞幞幞幞幞幞਍†楆敬∠㩃啜敳獲瑜捥慨䅜灰慄慴䱜捯污停潲牧浡屳祐桴湯停瑹潨㍮㈱䱜扩獜瑩ⵥ慰正条獥獜慴汲瑥整浜摩汤睥牡履慢敳瀮≹‬楬敮ㄠ㔶‬湩挠污彬敮瑸਍††慲獩⁥灡彰硥ൣ 䘠汩⁥䌢尺獕牥屳整档屡灁䑰瑡屡潌慣屬牐杯慲獭停瑹潨屮祐桴湯ㄳ尲楌屢楳整瀭捡慫敧屳瑳牡敬瑴履業摤敬慷敲扜獡⹥祰Ⱒ氠湩⁥㔱ⰱ椠⁮潣潲਍††睡楡⁴敳晬愮灰猨潣数‬敲散癩彥牯摟獩潣湮捥ⱴ猠湥彤潮敟牲牯ഩ 䘠汩⁥䌢尺獕牥屳整档屡灁䑰瑡屡潌慣屬牐杯慲獭停瑹潨屮祐桴湯ㄳ尲楌屢楳整瀭捡慫敧屳瑳牡敬瑴履業摤敬慷敲扜獡⹥祰Ⱒ氠湩⁥㠱ⰹ椠⁮彟慣汬彟਍††楷桴挠汯慬獰彥硥杣潲灵⡳㨩਍†楆敬∠㩃啜敳獲瑜捥慨䅜灰慄慴䱜捯污停潲牧浡屳祐桴湯停瑹潨㍮㈱䱜扩捜湯整瑸楬⹢祰Ⱒ氠湩⁥㔱ⰸ椠⁮彟硥瑩彟਍††敳晬朮湥琮牨睯瘨污敵ഩ 䘠汩⁥䌢尺獕牥屳整档屡灁䑰瑡屡潌慣屬牐杯慲獭停瑹潨屮祐桴湯ㄳ尲楌屢楳整瀭捡慫敧屳瑳牡敬瑴履畟楴獬瀮≹‬楬敮㤠ⰳ椠⁮潣汬灡敳敟捸牧畯獰਍††慲獩⁥硥ൣ 䘠汩⁥䌢尺獕牥屳整档屡灁䑰瑡屡潌慣屬牐杯慲獭停瑹潨屮祐桴湯ㄳ尲楌屢楳整瀭捡慫敧屳瑳牡敬瑴履業摤敬慷敲扜獡⹥祰Ⱒ氠湩⁥㤱ⰱ椠⁮彟慣汬彟਍††敲灳湯敳㴠愠慷瑩猠汥⹦楤灳瑡档晟湵⡣敲畱獥ⱴ挠污彬敮瑸ഩ †††††††幞幞幞幞幞幞幞幞幞幞幞幞幞幞幞幞幞幞幞幞幞幞਍†楆敬∠㩃啜敳獲瑜捥慨作敮牄癩履敄歳潴屰慳敬⁳楡瀠慬晴潲屭慢正湥層灡屰業摤敬慷敲獜捥牵瑩⹹祰Ⱒ氠湩⁥㌲ⰳ椠⁮楤灳瑡档਍††敲灳湯敳㴠愠慷瑩挠污彬敮瑸爨煥敵瑳ഩ †††††††幞幞幞幞幞幞幞幞幞幞幞幞਍†楆敬∠㩃啜敳獲瑜捥慨䅜灰慄慴䱜捯污停潲牧浡屳祐桴湯停瑹潨㍮㈱䱜扩獜瑩ⵥ慰正条獥獜慴汲瑥整浜摩汤睥牡履慢敳瀮≹‬楬敮ㄠ㔶‬湩挠污彬敮瑸਍††慲獩⁥灡彰硥ൣ 䘠汩⁥䌢尺獕牥屳整档屡灁䑰瑡屡潌慣屬牐杯慲獭停瑹潨屮祐桴湯ㄳ尲楌屢楳整瀭捡慫敧屳瑳牡敬瑴履業摤敬慷敲扜獡⹥祰Ⱒ氠湩⁥㔱ⰱ椠⁮潣潲਍††睡楡⁴敳晬愮灰猨潣数‬敲散癩彥牯摟獩潣湮捥ⱴ猠湥彤潮敟牲牯ഩ 䘠汩⁥䌢尺獕牥屳整档屡灁䑰瑡屡潌慣屬牐杯慲獭停瑹潨屮祐桴湯ㄳ尲楌屢楳整瀭捡慫敧屳瑳牡敬瑴履業摤敬慷敲扜獡⹥祰Ⱒ氠湩⁥㠱ⰹ椠⁮彟慣汬彟਍††楷桴挠汯慬獰彥硥杣潲灵⡳㨩਍†楆敬∠㩃啜敳獲瑜捥慨䅜灰慄慴䱜捯污停潲牧浡屳祐桴湯停瑹潨㍮㈱䱜扩捜湯整瑸楬⹢祰Ⱒ氠湩⁥㔱ⰸ椠⁮彟硥瑩彟਍††敳晬朮湥琮牨睯瘨污敵ഩ 䘠汩⁥䌢尺獕牥屳整档屡灁䑰瑡屡潌慣屬牐杯慲獭停瑹潨屮祐桴湯ㄳ尲楌屢楳整瀭捡慫敧屳瑳牡敬瑴履畟楴獬瀮≹‬楬敮㤠ⰳ椠⁮潣汬灡敳敟捸牧畯獰਍††慲獩⁥硥ൣ 䘠汩⁥䌢尺獕牥屳整档屡灁䑰瑡屡潌慣屬牐杯慲獭停瑹潨屮祐桴湯ㄳ尲楌屢楳整瀭捡慫敧屳瑳牡敬瑴履業摤敬慷敲扜獡⹥祰Ⱒ氠湩⁥㤱ⰱ椠⁮彟慣汬彟਍††敲灳湯敳㴠愠慷瑩猠汥⹦楤灳瑡档晟湵⡣敲畱獥ⱴ挠污彬敮瑸ഩ †††††††幞幞幞幞幞幞幞幞幞幞幞幞幞幞幞幞幞幞幞幞幞幞਍†楆敬∠㩃啜敳獲瑜捥慨作敮牄癩履敄歳潴屰慳敬⁳楡瀠慬晴潲屭慢正湥層灡屰業摤敬慷敲獜捥牵瑩⹹祰Ⱒ氠湩⁥ㄲⰸ椠⁮楤灳瑡档਍††敲灳湯敳㴠愠慷瑩挠污彬敮瑸爨煥敵瑳ഩ †††††††幞幞幞幞幞幞幞幞幞幞幞幞਍†楆敬∠㩃啜敳獲瑜捥慨䅜灰慄慴䱜捯污停潲牧浡屳祐桴湯停瑹潨㍮㈱䱜扩獜瑩ⵥ慰正条獥獜慴汲瑥整浜摩汤睥牡履慢敳瀮≹‬楬敮ㄠ㔶‬湩挠污彬敮瑸਍††慲獩⁥灡彰硥ൣ 䘠汩⁥䌢尺獕牥屳整档屡灁䑰瑡屡潌慣屬牐杯慲獭停瑹潨屮祐桴湯ㄳ尲楌屢楳整瀭捡慫敧屳瑳牡敬瑴履業摤敬慷敲扜獡⹥祰Ⱒ氠湩⁥㔱ⰱ椠⁮潣潲਍††睡楡⁴敳晬愮灰猨潣数‬敲散癩彥牯摟獩潣湮捥ⱴ猠湥彤潮敟牲牯ഩ 䘠汩⁥䌢尺獕牥屳整档屡灁䑰瑡屡潌慣屬牐杯慲獭停瑹潨屮祐桴湯ㄳ尲楌屢楳整瀭捡慫敧屳瑳牡敬瑴履業摤敬慷敲扜獡⹥祰Ⱒ氠湩⁥㠱ⰹ椠⁮彟慣汬彟਍††楷桴挠汯慬獰彥硥杣潲灵⡳㨩਍†楆敬∠㩃啜敳獲瑜捥慨䅜灰慄慴䱜捯污停潲牧浡屳祐桴湯停瑹潨㍮㈱䱜扩捜湯整瑸楬⹢祰Ⱒ氠湩⁥㔱ⰸ椠⁮彟硥瑩彟਍††敳晬朮湥琮牨睯瘨污敵ഩ 䘠汩⁥䌢尺獕牥屳整档屡灁䑰瑡屡潌慣屬牐杯慲獭停瑹潨屮祐桴湯ㄳ尲楌屢楳整瀭捡慫敧屳瑳牡敬瑴履畟楴獬瀮≹‬楬敮㤠ⰳ椠⁮潣汬灡敳敟捸牧畯獰਍††慲獩⁥硥ൣ 䘠汩⁥䌢尺獕牥屳整档屡灁䑰瑡屡潌慣屬牐杯慲獭停瑹潨屮祐桴湯ㄳ尲楌屢楳整瀭捡慫敧屳瑳牡敬瑴履業摤敬慷敲扜獡⹥祰Ⱒ氠湩⁥㤱ⰱ椠⁮彟慣汬彟਍††敲灳湯敳㴠愠慷瑩猠汥⹦楤灳瑡档晟湵⡣敲畱獥ⱴ挠污彬敮瑸ഩ †††††††幞幞幞幞幞幞幞幞幞幞幞幞幞幞幞幞幞幞幞幞幞幞਍†楆敬∠㩃啜敳獲瑜捥慨作敮牄癩履敄歳潴屰慳敬⁳楡瀠慬晴潲屭慢正湥層灡屰業摤敬慷敲瑜湥湡彴湥潦捲浥湥⹴祰Ⱒ氠湩⁥㠵‬湩搠獩慰捴൨ †爠瑥牵⁮睡楡⁴慣汬湟硥⡴敲畱獥⥴਍†††††帠幞幞幞幞幞幞幞幞幞幞幞൞ 䘠汩⁥䌢尺獕牥屳整档屡灁䑰瑡屡潌慣屬牐杯慲獭停瑹潨屮祐桴湯ㄳ尲楌屢楳整瀭捡慫敧屳瑳牡敬瑴履業摤敬慷敲扜獡⹥祰Ⱒ氠湩⁥㘱ⰵ椠⁮慣汬湟硥൴ †爠楡敳愠灰敟捸਍†楆敬∠㩃啜敳獲瑜捥慨䅜灰慄慴䱜捯污停潲牧浡屳祐桴湯停瑹潨㍮㈱䱜扩獜瑩ⵥ慰正条獥獜慴汲瑥整浜摩汤睥牡履慢敳瀮≹‬楬敮ㄠㄵ‬湩挠牯൯ †愠慷瑩猠汥⹦灡⡰捳灯ⱥ爠捥楥敶潟彲楤捳湯敮瑣‬敳摮湟彯牥潲⥲਍†楆敬∠㩃啜敳獲瑜捥慨䅜灰慄慴䱜捯污停潲牧浡屳祐桴湯停瑹潨㍮㈱䱜扩獜瑩ⵥ慰正条獥獜慴汲瑥整浜摩汤睥牡履潣獲瀮≹‬楬敮㠠ⰵ椠⁮彟慣汬彟਍††睡楡⁴敳晬愮灰猨潣数‬敲散癩ⱥ猠湥⥤਍†楆敬∠㩃啜敳獲瑜捥慨䅜灰慄慴䱜捯污停潲牧浡屳祐桴湯停瑹潨㍮㈱䱜扩獜瑩ⵥ慰正条獥獜慴汲瑥整浜摩汤睥牡履硥散瑰潩獮瀮≹‬楬敮㘠ⰵ椠⁮彟慣汬彟਍††睡楡⁴牷灡慟灰桟湡汤湩彧硥散瑰潩獮猨汥⹦灡Ɒ挠湯⥮猨潣数‬敲散癩ⱥ猠湥⥤਍†楆敬∠㩃啜敳獲瑜捥慨䅜灰慄慴䱜捯污停潲牧浡屳祐桴湯停瑹潨㍮㈱䱜扩獜瑩ⵥ慰正条獥獜慴汲瑥整彜硥散瑰潩彮慨摮敬⹲祰Ⱒ氠湩⁥㐶‬湩眠慲灰摥慟灰਍††慲獩⁥硥ൣ 䘠汩⁥䌢尺獕牥屳整档屡灁䑰瑡屡潌慣屬牐杯慲獭停瑹潨屮祐桴湯ㄳ尲楌屢楳整瀭捡慫敧屳瑳牡敬瑴履敟捸灥楴湯桟湡汤牥瀮≹‬楬敮㔠ⰳ椠⁮牷灡数彤灡൰ †愠慷瑩愠灰猨潣数‬敲散癩ⱥ猠湥敤⥲਍†楆敬∠㩃啜敳獲瑜捥慨䅜灰慄慴䱜捯污停潲牧浡屳祐桴湯停瑹潨㍮㈱䱜扩獜瑩ⵥ慰正条獥獜慴汲瑥整牜畯楴杮瀮≹‬楬敮㜠㘵‬湩张损污彬ൟ †愠慷瑩猠汥⹦業摤敬慷敲獟慴正猨潣数‬敲散癩ⱥ猠湥⥤਍†楆敬∠㩃啜敳獲瑜捥慨䅜灰慄慴䱜捯污停潲牧浡屳祐桴湯停瑹潨㍮㈱䱜扩獜瑩ⵥ慰正条獥獜慴汲瑥整牜畯楴杮瀮≹‬楬敮㜠㘷‬湩愠灰਍††睡楡⁴潲瑵⹥慨摮敬猨潣数‬敲散癩ⱥ猠湥⥤਍†楆敬∠㩃啜敳獲瑜捥慨䅜灰慄慴䱜捯污停潲牧浡屳祐桴湯停瑹潨㍮㈱䱜扩獜瑩ⵥ慰正条獥獜慴汲瑥整牜畯楴杮瀮≹‬楬敮㈠㜹‬湩栠湡汤൥ †愠慷瑩猠汥⹦灡⡰捳灯ⱥ爠捥楥敶‬敳摮ഩ 䘠汩⁥䌢尺獕牥屳整档屡灁䑰瑡屡潌慣屬牐杯慲獭停瑹潨屮祐桴湯ㄳ尲楌屢楳整瀭捡慫敧屳瑳牡敬瑴履潲瑵湩⹧祰Ⱒ氠湩⁥㜷‬湩愠灰਍††睡楡⁴牷灡慟灰桟湡汤湩彧硥散瑰潩獮愨灰‬敲畱獥⥴猨潣数‬敲散癩ⱥ猠湥⥤਍†楆敬∠㩃啜敳獲瑜捥慨䅜灰慄慴䱜捯污停潲牧浡屳祐桴湯停瑹潨㍮㈱䱜扩獜瑩ⵥ慰正条獥獜慴汲瑥整彜硥散瑰潩彮慨摮敬⹲祰Ⱒ氠湩⁥㐶‬湩眠慲灰摥慟灰਍††慲獩⁥硥ൣ 䘠汩⁥䌢尺獕牥屳整档屡灁䑰瑡屡潌慣屬牐杯慲獭停瑹潨屮祐桴湯ㄳ尲楌屢楳整瀭捡慫敧屳瑳牡敬瑴履敟捸灥楴湯桟湡汤牥瀮≹‬楬敮㔠ⰳ椠⁮牷灡数彤灡൰ †愠慷瑩愠灰猨潣数‬敲散癩ⱥ猠湥敤⥲਍†楆敬∠㩃啜敳獲瑜捥慨䅜灰慄慴䱜捯污停潲牧浡屳祐桴湯停瑹潨㍮㈱䱜扩獜瑩ⵥ慰正条獥獜慴汲瑥整牜畯楴杮瀮≹‬楬敮㜠ⰲ椠⁮灡൰ †爠獥潰獮⁥‽睡楡⁴畦据爨煥敵瑳ഩ †††††††幞幞幞幞幞幞幞幞幞൞ 䘠汩⁥䌢尺獕牥屳整档屡灁䑰瑡屡潌慣屬牐杯慲獭停瑹潨屮祐桴湯ㄳ尲楌屢楳整瀭捡慫敧屳慦瑳灡屩潲瑵湩⹧祰Ⱒ氠湩⁥㜲ⰸ椠⁮灡൰ †爠睡牟獥潰獮⁥‽睡楡⁴畲彮湥灤楯瑮晟湵瑣潩⡮਍†††††††††帠幞幞幞幞幞幞幞幞幞幞幞幞幞൞ 䘠汩⁥䌢尺獕牥屳整档屡灁䑰瑡屡潌慣屬牐杯慲獭停瑹潨屮祐桴湯ㄳ尲楌屢楳整瀭捡慫敧屳慦瑳灡屩潲瑵湩⹧祰Ⱒ氠湩⁥㤱ⰱ椠⁮畲彮湥灤楯瑮晟湵瑣潩൮ †爠瑥牵⁮睡楡⁴敤数摮湡⹴慣汬⨨瘪污敵⥳਍†††††帠幞幞幞幞幞幞幞幞幞幞幞幞幞幞൞ 䘠汩⁥䌢尺獕牥屳整档屡湏䑥楲敶䑜獥瑫灯獜污獥愠⁩汰瑡牦浯扜捡敫摮慜灰慜楰癜就湥灤楯瑮屳潷歲灳捡⹥祰Ⱒ氠湩⁥㐳ⰷ椠⁮敧彴湩敶瑮牯役敨污桴਍††敲畴湲圠牯獫慰散湅楧敮朮瑥楟癮湥潴祲桟慥瑬⡨潣灭湡役摩挽浯慰祮楟⥤਍†††††帠幞幞幞幞幞幞幞幞幞幞幞幞幞幞幞幞幞幞幞幞幞幞幞幞幞幞幞幞幞਍祔数牅潲㩲圠牯獫慰散湅楧敮朮瑥楟癮湥潴祲桟慥瑬⡨ 潧⁴湡甠敮灸捥整⁤敫睹牯⁤牡畧敭瑮✠潣灭湡役摩ധഊ嬊〲㘲〭ⴳ㤲㈠㨱㈲㌺⸰㐱㜶㜷⁝䥛㩄慦攱㔴慣〭㑦ⴰ㌴㤳戭搵ⴸ㍤ㅤ㥣㜸㈲㡣⁝剅㩒渠⁯畳档琠扡敬›浥汰祯敥൳ ⬠䔠捸灥楴湯䜠潲灵吠慲散慢正⠠潭瑳爠捥湥⁴慣汬氠獡⥴ഺ 簠†䘠汩⁥䌢尺獕牥屳整档屡灁䑰瑡屡潌慣屬牐杯慲獭停瑹潨屮祐桴湯ㄳ尲楌屢楳整瀭捡慫敧屳瑳牡敬瑴履畟楴獬瀮≹‬楬敮㠠ⰷ椠⁮潣汬灡敳敟捸牧畯獰਍†⁼††楹汥൤ 簠†䘠汩⁥䌢尺獕牥屳整档屡灁䑰瑡屡潌慣屬牐杯慲獭停瑹潨屮祐桴湯ㄳ尲楌屢楳整瀭捡慫敧屳瑳牡敬瑴履業摤敬慷敲扜獡⹥祰Ⱒ氠湩⁥㤱ⰰ椠⁮彟慣汬彟਍†⁼††獡湹⁣楷桴愠祮潩挮敲瑡彥慴歳束潲灵⤨愠⁳慴歳束潲灵ഺ 簠†䘠汩⁥䌢尺獕牥屳整档屡灁䑰瑡屡潌慣屬牐杯慲獭停瑹潨屮祐桴湯ㄳ尲楌屢楳整瀭捡慫敧屳湡楹屯扟捡敫摮屳慟祳据潩瀮≹‬楬敮㘠㠷‬湩张慟硥瑩彟਍†⁼††慲獩⁥慂敳硅散瑰潩䝮潲灵ന 簠䔠捸灥楴湯片畯㩰甠桮湡汤摥攠牲牯⁳湩愠吠獡䝫潲灵⠠‱畳ⵢ硥散瑰潩⥮਍†⴫⴫ⴭⴭⴭⴭⴭⴭⴭ‭‱ⴭⴭⴭⴭⴭⴭⴭⴭ਍††⁼牔捡扥捡⁫洨獯⁴敲散瑮挠污⁬慬瑳㨩਍††⁼†楆敬∠㩃啜敳獲瑜捥慨䅜灰慄慴䱜捯污停潲牧浡屳祐桴湯停瑹潨㍮㈱䱜扩獜瑩ⵥ慰正条獥獜慴汲瑥整浜摩汤睥牡履牥潲獲瀮≹‬楬敮ㄠ㐶‬湩张损污彬ൟ †簠††愠慷瑩猠汥⹦灡⡰捳灯ⱥ爠捥楥敶‬獟湥⥤਍††⁼†楆敬∠㩃啜敳獲瑜捥慨䅜灰慄慴䱜捯污停潲牧浡屳祐桴湯停瑹潨㍮㈱䱜扩獜瑩ⵥ慰正条獥獜慴汲瑥整浜摩汤睥牡履慢敳瀮≹‬楬敮ㄠ㤸‬湩张损污彬ൟ †簠††眠瑩⁨潣汬灡敳敟捸牧畯獰⤨ഺ †簠†䘠汩⁥䌢尺獕牥屳整档屡灁䑰瑡屡潌慣屬牐杯慲獭停瑹潨屮祐桴湯ㄳ尲楌屢潣瑮硥汴扩瀮≹‬楬敮ㄠ㠵‬湩张敟楸彴ൟ †簠††猠汥⹦敧⹮桴潲⡷慶畬⥥਍††⁼†楆敬∠㩃啜敳獲瑜捥慨䅜灰慄慴䱜捯污停潲牧浡屳祐桴湯停瑹潨㍮㈱䱜扩獜瑩ⵥ慰正条獥獜慴汲瑥整彜瑵汩⹳祰Ⱒ氠湩⁥㌹‬湩挠汯慬獰彥硥杣潲灵൳ †簠††爠楡敳攠捸਍††⁼†楆敬∠㩃啜敳獲瑜捥慨䅜灰慄慴䱜捯污停潲牧浡屳祐桴湯停瑹潨㍮㈱䱜扩獜瑩ⵥ慰正条獥獜慴汲瑥整浜摩汤睥牡履慢敳瀮≹‬楬敮ㄠㄹ‬湩张损污彬ൟ †簠††爠獥潰獮⁥‽睡楡⁴敳晬搮獩慰捴彨畦据爨煥敵瑳‬慣汬湟硥⥴਍††⁼†††††††帠幞幞幞幞幞幞幞幞幞幞幞幞幞幞幞幞幞幞幞幞幞൞ †簠†䘠汩⁥䌢尺獕牥屳整档屡湏䑥楲敶䑜獥瑫灯獜污獥愠⁩汰瑡牦浯扜捡敫摮慜灰浜摩汤睥牡履敲畱獥彴潣瑮硥⹴祰Ⱒ氠湩⁥㘵‬湩搠獩慰捴൨ †簠††爠楡敳攠਍††⁼†楆敬∠㩃啜敳獲瑜捥慨作敮牄癩履敄歳潴屰慳敬⁳楡瀠慬晴潲屭慢正湥層灡屰業摤敬慷敲牜煥敵瑳损湯整瑸瀮≹‬楬敮㔠ⰰ椠⁮楤灳瑡档਍††⁼††敲灳湯敳㴠愠慷瑩挠污彬敮瑸爨煥敵瑳ഩ †簠††††††††幞幞幞幞幞幞幞幞幞幞幞幞਍††⁼†楆敬∠㩃啜敳獲瑜捥慨䅜灰慄慴䱜捯污停潲牧浡屳祐桴湯停瑹潨㍮㈱䱜扩獜瑩ⵥ慰正条獥獜慴汲瑥整浜摩汤睥牡履慢敳瀮≹‬楬敮ㄠ㔶‬湩挠污彬敮瑸਍††⁼††慲獩⁥灡彰硥ൣ †簠†䘠汩⁥䌢尺獕牥屳整档屡灁䑰瑡屡潌慣屬牐杯慲獭停瑹潨屮祐桴湯ㄳ尲楌屢楳整瀭捡慫敧屳瑳牡敬瑴履業摤敬慷敲扜獡⹥祰Ⱒ氠湩⁥㔱ⰱ椠⁮潣潲਍††⁼††睡楡⁴敳晬愮灰猨潣数‬敲散癩彥牯摟獩潣湮捥ⱴ猠湥彤潮敟牲牯ഩ †簠†䘠汩⁥䌢尺獕牥屳整档屡灁䑰瑡屡潌慣屬牐杯慲獭停瑹潨屮祐桴湯ㄳ尲楌屢楳整瀭捡慫敧屳瑳牡敬瑴履業摤敬慷敲扜獡⹥祰Ⱒ氠湩⁥㠱ⰹ椠⁮彟慣汬彟਍††⁼††楷桴挠汯慬獰彥硥杣潲灵⡳㨩਍††⁼†楆敬∠㩃啜敳獲瑜捥慨䅜灰慄慴䱜捯污停潲牧浡屳祐桴湯停瑹潨㍮㈱䱜扩捜湯整瑸楬⹢祰Ⱒ氠湩⁥㔱ⰸ椠⁮彟硥瑩彟਍††⁼††敳晬朮湥琮牨睯瘨污敵ഩ †簠†䘠汩⁥䌢尺獕牥屳整档屡灁䑰瑡屡潌慣屬牐杯慲獭停瑹潨屮祐桴湯ㄳ尲楌屢楳整瀭捡慫敧屳瑳牡敬瑴履畟楴獬瀮≹‬楬敮㤠ⰳ椠⁮潣汬灡敳敟捸牧畯獰਍††⁼††慲獩⁥硥ൣ †簠†䘠汩⁥䌢尺獕牥屳整档屡灁䑰瑡屡潌慣屬牐杯慲獭停瑹潨屮祐桴湯ㄳ尲楌屢楳整瀭捡慫敧屳瑳牡敬瑴履業摤敬慷敲扜獡⹥祰Ⱒ氠湩⁥㤱ⰱ椠⁮彟慣汬彟਍††⁼††敲灳湯敳㴠愠慷瑩猠汥⹦楤灳瑡档晟湵⡣敲畱獥ⱴ挠污彬敮瑸ഩ †簠††††††††幞幞幞幞幞幞幞幞幞幞幞幞幞幞幞幞幞幞幞幞幞幞਍††⁼†楆敬∠㩃啜敳獲瑜捥慨作敮牄癩履敄歳潴屰慳敬⁳楡瀠慬晴潲屭慢正湥層灡屰業摤敬慷敲獜捥牵瑩⹹祰Ⱒ氠湩⁥㌲ⰳ椠⁮楤灳瑡档਍††⁼††敲灳湯敳㴠愠慷瑩挠污彬敮瑸爨煥敵瑳ഩ †簠††††††††幞幞幞幞幞幞幞幞幞幞幞幞਍††⁼†楆敬∠㩃啜敳獲瑜捥慨䅜灰慄慴䱜捯污停潲牧浡屳祐桴湯停瑹潨㍮㈱䱜扩獜瑩ⵥ慰正条獥獜慴汲瑥整浜摩汤睥牡履慢敳瀮≹‬楬敮ㄠ㔶‬湩挠污彬敮瑸਍††⁼††慲獩⁥灡彰硥ൣ †簠†䘠汩⁥䌢尺獕牥屳整档屡灁䑰瑡屡潌慣屬牐杯慲獭停瑹潨屮祐桴湯ㄳ尲楌屢楳整瀭捡慫敧屳瑳牡敬瑴履業摤敬慷敲扜獡⹥祰Ⱒ氠湩⁥㔱ⰱ椠⁮潣潲਍††⁼††睡楡⁴敳晬愮灰猨潣数‬敲散癩彥牯摟獩潣湮捥ⱴ猠湥彤潮敟牲牯ഩ †簠†䘠汩⁥䌢尺獕牥屳整档屡灁䑰瑡屡潌慣屬牐杯慲獭停瑹潨屮祐桴湯ㄳ尲楌屢楳整瀭捡慫敧屳瑳牡敬瑴履業摤敬慷敲扜獡⹥祰Ⱒ氠湩⁥㠱ⰹ椠⁮彟慣汬彟਍††⁼††楷桴挠汯慬獰彥硥杣潲灵⡳㨩਍††⁼†楆敬∠㩃啜敳獲瑜捥慨䅜灰慄慴䱜捯污停潲牧浡屳祐桴湯停瑹潨㍮㈱䱜扩捜湯整瑸楬⹢祰Ⱒ氠湩⁥㔱ⰸ椠⁮彟硥瑩彟਍††⁼††敳晬朮湥琮牨睯瘨污敵ഩ †簠†䘠汩⁥䌢尺獕牥屳整档屡灁䑰瑡屡潌慣屬牐杯慲獭停瑹潨屮祐桴湯ㄳ尲楌屢楳整瀭捡慫敧屳瑳牡敬瑴履畟楴獬瀮≹‬楬敮㤠ⰳ椠⁮潣汬灡敳敟捸牧畯獰਍††⁼††慲獩⁥硥ൣ †簠†䘠汩⁥䌢尺獕牥屳整档屡灁䑰瑡屡潌慣屬牐杯慲獭停瑹潨屮祐桴湯ㄳ尲楌屢楳整瀭捡慫敧屳瑳牡敬瑴履業摤敬慷敲扜獡⹥祰Ⱒ氠湩⁥㤱ⰱ椠⁮彟慣汬彟਍††⁼††敲灳湯敳㴠愠慷瑩猠汥⹦楤灳瑡档晟湵⡣敲畱獥ⱴ挠污彬敮瑸ഩ †簠††††††††幞幞幞幞幞幞幞幞幞幞幞幞幞幞幞幞幞幞幞幞幞幞਍††⁼†楆敬∠㩃啜敳獲瑜捥慨作敮牄癩履敄歳潴屰慳敬⁳楡瀠慬晴潲屭慢正湥層灡屰業摤敬慷敲獜捥牵瑩⹹祰Ⱒ氠湩⁥ㄲⰸ椠⁮楤灳瑡档਍††⁼††敲灳湯敳㴠愠慷瑩挠污彬敮瑸爨煥敵瑳ഩ †簠††††††††幞幞幞幞幞幞幞幞幞幞幞幞਍††⁼†楆敬∠㩃啜敳獲瑜捥慨䅜灰慄慴䱜捯污停潲牧浡屳祐桴湯停瑹潨㍮㈱䱜扩獜瑩ⵥ慰正条獥獜慴汲瑥整浜摩汤睥牡履慢敳瀮≹‬楬敮ㄠ㔶‬湩挠污彬敮瑸਍††⁼††慲獩⁥灡彰硥ൣ †簠†䘠汩⁥䌢尺獕牥屳整档屡灁䑰瑡屡潌慣屬牐杯慲獭停瑹潨屮祐桴湯ㄳ尲楌屢楳整瀭捡慫敧屳瑳牡敬瑴履業摤敬慷敲扜獡⹥祰Ⱒ氠湩⁥㔱ⰱ椠⁮潣潲਍††⁼††睡楡⁴敳晬愮灰猨潣数‬敲散癩彥牯摟獩潣湮捥ⱴ猠湥彤潮敟牲牯ഩ †簠†䘠汩⁥䌢尺獕牥屳整档屡灁䑰瑡屡潌慣屬牐杯慲獭停瑹潨屮祐桴湯ㄳ尲楌屢楳整瀭捡慫敧屳瑳牡敬瑴履業摤敬慷敲扜獡⹥祰Ⱒ氠湩⁥㠱ⰹ椠⁮彟慣汬彟਍††⁼††楷桴挠汯慬獰彥硥杣潲灵⡳㨩਍††⁼†楆敬∠㩃啜敳獲瑜捥慨䅜灰慄慴䱜捯污停潲牧浡屳祐桴湯停瑹潨㍮㈱䱜扩捜湯整瑸楬⹢祰Ⱒ氠湩⁥㔱ⰸ椠⁮彟硥瑩彟਍††⁼††敳晬朮湥琮牨睯瘨污敵ഩ †簠†䘠汩⁥䌢尺獕牥屳整档屡灁䑰瑡屡潌慣屬牐杯慲獭停瑹潨屮祐桴湯ㄳ尲楌屢楳整瀭捡慫敧屳瑳牡敬瑴履畟楴獬瀮≹‬楬敮㤠ⰳ椠⁮潣汬灡敳敟捸牧畯獰਍††⁼††慲獩⁥硥ൣ †簠†䘠汩⁥䌢尺獕牥屳整档屡灁䑰瑡屡潌慣屬牐杯慲獭停瑹潨屮祐桴湯ㄳ尲楌屢楳整瀭捡慫敧屳瑳牡敬瑴履業摤敬慷敲扜獡⹥祰Ⱒ氠湩⁥㤱ⰱ椠⁮彟慣汬彟਍††⁼††敲灳湯敳㴠愠慷瑩猠汥⹦楤灳瑡档晟湵⡣敲畱獥ⱴ挠污彬敮瑸ഩ †簠††††††††幞幞幞幞幞幞幞幞幞幞幞幞幞幞幞幞幞幞幞幞幞幞਍††⁼†楆敬∠㩃啜敳獲瑜捥慨作敮牄癩履敄歳潴屰慳敬⁳楡瀠慬晴潲屭慢正湥層灡屰業摤敬慷敲瑜湥湡彴湥潦捲浥湥⹴祰Ⱒ氠湩⁥㠵‬湩搠獩慰捴൨ †簠††爠瑥牵⁮睡楡⁴慣汬湟硥⡴敲畱獥⥴਍††⁼†††††帠幞幞幞幞幞幞幞幞幞幞幞൞ †簠†䘠汩⁥䌢尺獕牥屳整档屡灁䑰瑡屡潌慣屬牐杯慲獭停瑹潨屮祐桴湯ㄳ尲楌屢楳整瀭捡慫敧屳瑳牡敬瑴履業摤敬慷敲扜獡⹥祰Ⱒ氠湩⁥㘱ⰵ椠⁮慣汬湟硥൴ †簠††爠楡敳愠灰敟捸਍††⁼†楆敬∠㩃啜敳獲瑜捥慨䅜灰慄慴䱜捯污停潲牧浡屳祐桴湯停瑹潨㍮㈱䱜扩獜瑩ⵥ慰正条獥獜慴汲瑥整浜摩汤睥牡履慢敳瀮≹‬楬敮ㄠㄵ‬湩挠牯൯ †簠††愠慷瑩猠汥⹦灡⡰捳灯ⱥ爠捥楥敶潟彲楤捳湯敮瑣‬敳摮湟彯牥潲⥲਍††⁼†楆敬∠㩃啜敳獲瑜捥慨䅜灰慄慴䱜捯污停潲牧浡屳祐桴湯停瑹潨㍮㈱䱜扩獜瑩ⵥ慰正条獥獜慴汲瑥整浜摩汤睥牡履潣獲瀮≹‬楬敮㠠ⰵ椠⁮彟慣汬彟਍††⁼††睡楡⁴敳晬愮灰猨潣数‬敲散癩ⱥ猠湥⥤਍††⁼†楆敬∠㩃啜敳獲瑜捥慨䅜灰慄慴䱜捯污停潲牧浡屳祐桴湯停瑹潨㍮㈱䱜扩獜瑩ⵥ慰正条獥獜慴汲瑥整浜摩汤睥牡履硥散瑰潩獮瀮≹‬楬敮㘠ⰵ椠⁮彟慣汬彟਍††⁼††睡楡⁴牷灡慟灰桟湡汤湩彧硥散瑰潩獮猨汥⹦灡Ɒ挠湯⥮猨潣数‬敲散癩ⱥ猠湥⥤਍††⁼†楆敬∠㩃啜敳獲瑜捥慨䅜灰慄慴䱜捯污停潲牧浡屳祐桴湯停瑹潨㍮㈱䱜扩獜瑩ⵥ慰正条獥獜慴汲瑥整彜硥散瑰潩彮慨摮敬⹲祰Ⱒ氠湩⁥㐶‬湩眠慲灰摥慟灰਍††⁼††慲獩⁥硥ൣ †簠†䘠汩⁥䌢尺獕牥屳整档屡灁䑰瑡屡潌慣屬牐杯慲獭停瑹潨屮祐桴湯ㄳ尲楌屢楳整瀭捡慫敧屳瑳牡敬瑴履敟捸灥楴湯桟湡汤牥瀮≹‬楬敮㔠ⰳ椠⁮牷灡数彤灡൰ †簠††愠慷瑩愠灰猨潣数‬敲散癩ⱥ猠湥敤⥲਍††⁼†楆敬∠㩃啜敳獲瑜捥慨䅜灰慄慴䱜捯污停潲牧浡屳祐桴湯停瑹潨㍮㈱䱜扩獜瑩ⵥ慰正条獥獜慴汲瑥整牜畯楴杮瀮≹‬楬敮㜠㘵‬湩张损污彬ൟ †簠††愠慷瑩猠汥⹦業摤敬慷敲獟慴正猨潣数‬敲散癩ⱥ猠湥⥤਍††⁼†楆敬∠㩃啜敳獲瑜捥慨䅜灰慄慴䱜捯污停潲牧浡屳祐桴湯停瑹潨㍮㈱䱜扩獜瑩ⵥ慰正条獥獜慴汲瑥整牜畯楴杮瀮≹‬楬敮㜠㘷‬湩愠灰਍††⁼††睡楡⁴潲瑵⹥慨摮敬猨潣数‬敲散癩ⱥ猠湥⥤਍††⁼†楆敬∠㩃啜敳獲瑜捥慨䅜灰慄慴䱜捯污停潲牧浡屳祐桴湯停瑹潨㍮㈱䱜扩獜瑩ⵥ慰正条獥獜慴汲瑥整牜畯楴杮瀮≹‬楬敮㈠㜹‬湩栠湡汤൥ †簠††愠慷瑩猠汥⹦灡⡰捳灯ⱥ爠捥楥敶‬敳摮ഩ †簠†䘠汩⁥䌢尺獕牥屳整档屡灁䑰瑡屡潌慣屬牐杯慲獭停瑹潨屮祐桴湯ㄳ尲楌屢楳整瀭捡慫敧屳瑳牡敬瑴履潲瑵湩⹧祰Ⱒ氠湩⁥㜷‬湩愠灰਍††⁼††睡楡⁴牷灡慟灰桟湡汤湩彧硥散瑰潩獮愨灰‬敲畱獥⥴猨潣数‬敲散癩ⱥ猠湥⥤਍††⁼†楆敬∠㩃啜敳獲瑜捥慨䅜灰慄慴䱜捯污停潲牧浡屳祐桴湯停瑹潨㍮㈱䱜扩獜瑩ⵥ慰正条獥獜慴汲瑥整彜硥散瑰潩彮慨摮敬⹲祰Ⱒ氠湩⁥㐶‬湩眠慲灰摥慟灰਍††⁼††慲獩⁥硥ൣ †簠†䘠汩⁥䌢尺獕牥屳整档屡灁䑰瑡屡潌慣屬牐杯慲獭停瑹潨屮祐桴湯ㄳ尲楌屢楳整瀭捡慫敧屳瑳牡敬瑴履敟捸灥楴湯桟湡汤牥瀮≹‬楬敮㔠ⰳ椠⁮牷灡数彤灡൰ †簠††愠慷瑩愠灰猨潣数‬敲散癩ⱥ猠湥敤⥲਍††⁼†楆敬∠㩃啜敳獲瑜捥慨䅜灰慄慴䱜捯污停潲牧浡屳祐桴湯停瑹潨㍮㈱䱜扩獜瑩ⵥ慰正条獥獜慴汲瑥整牜畯楴杮瀮≹‬楬敮㜠ⰲ椠⁮灡൰ †簠††爠獥潰獮⁥‽睡楡⁴畦据爨煥敵瑳ഩ †簠††††††††幞幞幞幞幞幞幞幞幞൞ †簠†䘠汩⁥䌢尺獕牥屳整档屡灁䑰瑡屡潌慣屬牐杯慲獭停瑹潨屮祐桴湯ㄳ尲楌屢楳整瀭捡慫敧屳慦瑳灡屩潲瑵湩⹧祰Ⱒ氠湩⁥㜲ⰸ椠⁮灡൰ †簠††爠睡牟獥潰獮⁥‽睡楡⁴畲彮湥灤楯瑮晟湵瑣潩⡮਍††⁼†††††††††帠幞幞幞幞幞幞幞幞幞幞幞幞幞൞ †簠†䘠汩⁥䌢尺獕牥屳整档屡灁䑰瑡屡潌慣屬牐杯慲獭停瑹潨屮祐桴湯ㄳ尲楌屢楳整瀭捡慫敧屳慦瑳灡屩潲瑵湩⹧祰Ⱒ氠湩⁥㤱ⰱ椠⁮畲彮湥灤楯瑮晟湵瑣潩൮ †簠††爠瑥牵⁮睡楡⁴敤数摮湡⹴慣汬⨨瘪污敵⥳਍††⁼†††††帠幞幞幞幞幞幞幞幞幞幞幞幞幞幞൞ †簠†䘠汩⁥䌢尺獕牥屳整档屡湏䑥楲敶䑜獥瑫灯獜污獥愠⁩汰瑡牦浯扜捡敫摮慜灰牜畯整屳業獳湩彧潲瑵獥瀮≹‬楬敮ㄠ㄰ⰲ椠⁮牣慥整桟彲浥汰祯敥਍††⁼††扤煟敵祲ന †簠†䘠汩⁥䌢尺獕牥屳整档屡湏䑥楲敶䑜獥瑫灯獜污獥愠⁩汰瑡牦浯扜捡敫摮慜灰牜畯整屳業獳湩彧潲瑵獥瀮≹‬楬敮㜠ⰷ椠⁮扤煟敵祲਍††⁼††慲獩⁥൥ †簠†䘠汩⁥䌢尺獕牥屳整档屡湏䑥楲敶䑜獥瑫灯獜污獥愠⁩汰瑡牦浯扜捡敫摮慜灰牜畯整屳業獳湩彧潲瑵獥瀮≹‬楬敮㜠ⰰ椠⁮扤煟敵祲਍††⁼††畣⹲硥捥瑵⡥畱牥ⱹ愠杲⥳਍††⁼煳楬整⸳灏牥瑡潩慮䕬牲牯›潮猠捵⁨慴汢㩥攠灭潬敹獥਍††⴫ⴭⴭⴭⴭⴭⴭⴭⴭⴭⴭⴭⴭⴭⴭⴭⴭⴭഭഊ䐊牵湩⁧慨摮楬杮漠⁦桴⁥扡癯⁥硥散瑰潩Ɱ愠潮桴牥攠捸灥楴湯漠捣牵敲㩤਍਍牔捡扥捡⁫洨獯⁴敲散瑮挠污⁬慬瑳㨩਍†楆敬∠㩃啜敳獲瑜捥慨䅜灰慄慴䱜捯污停潲牧浡屳祐桴湯停瑹潨㍮㈱䱜扩獜瑩ⵥ慰正条獥獜慴汲瑥整浜摩汤睥牡履牥潲獲瀮≹‬楬敮ㄠ㐶‬湩张损污彬ൟ †愠慷瑩猠汥⹦灡⡰捳灯ⱥ爠捥楥敶‬獟湥⥤਍†楆敬∠㩃啜敳獲瑜捥慨䅜灰慄慴䱜捯污停潲牧浡屳祐桴湯停瑹潨㍮㈱䱜扩獜瑩ⵥ慰正条獥獜慴汲瑥整浜摩汤睥牡履慢敳瀮≹‬楬敮ㄠ㤸‬湩张损污彬ൟ †眠瑩⁨潣汬灡敳敟捸牧畯獰⤨ഺ 䘠汩⁥䌢尺獕牥屳整档屡灁䑰瑡屡潌慣屬牐杯慲獭停瑹潨屮祐桴湯ㄳ尲楌屢潣瑮硥汴扩瀮≹‬楬敮ㄠ㠵‬湩张敟楸彴ൟ †猠汥⹦敧⹮桴潲⡷慶畬⥥਍†楆敬∠㩃啜敳獲瑜捥慨䅜灰慄慴䱜捯污停潲牧浡屳祐桴湯停瑹潨㍮㈱䱜扩獜瑩ⵥ慰正条獥獜慴汲瑥整彜瑵汩⹳祰Ⱒ氠湩⁥㌹‬湩挠汯慬獰彥硥杣潲灵൳ †爠楡敳攠捸਍†楆敬∠㩃啜敳獲瑜捥慨䅜灰慄慴䱜捯污停潲牧浡屳祐桴湯停瑹潨㍮㈱䱜扩獜瑩ⵥ慰正条獥獜慴汲瑥整浜摩汤睥牡履慢敳瀮≹‬楬敮ㄠㄹ‬湩张损污彬ൟ †爠獥潰獮⁥‽睡楡⁴敳晬搮獩慰捴彨畦据爨煥敵瑳‬慣汬湟硥⥴਍†††††††帠幞幞幞幞幞幞幞幞幞幞幞幞幞幞幞幞幞幞幞幞幞൞ 䘠汩⁥䌢尺獕牥屳整档屡湏䑥楲敶䑜獥瑫灯獜污獥愠⁩汰瑡牦浯扜捡敫摮慜灰浜摩汤睥牡履敲畱獥彴潣瑮硥⹴祰Ⱒ氠湩⁥㘵‬湩搠獩慰捴൨ †爠楡敳攠਍†楆敬∠㩃啜敳獲瑜捥慨作敮牄癩履敄歳潴屰慳敬⁳楡瀠慬晴潲屭慢正湥層灡屰業摤敬慷敲牜煥敵瑳损湯整瑸瀮≹‬楬敮㔠ⰰ椠⁮楤灳瑡档਍††敲灳湯敳㴠愠慷瑩挠污彬敮瑸爨煥敵瑳ഩ †††††††幞幞幞幞幞幞幞幞幞幞幞幞਍†楆敬∠㩃啜敳獲瑜捥慨䅜灰慄慴䱜捯污停潲牧浡屳祐桴湯停瑹潨㍮㈱䱜扩獜瑩ⵥ慰正条獥獜慴汲瑥整浜摩汤睥牡履慢敳瀮≹‬楬敮ㄠ㔶‬湩挠污彬敮瑸਍††慲獩⁥灡彰硥ൣ 䘠汩⁥䌢尺獕牥屳整档屡灁䑰瑡屡潌慣屬牐杯慲獭停瑹潨屮祐桴湯ㄳ尲楌屢楳整瀭捡慫敧屳瑳牡敬瑴履業摤敬慷敲扜獡⹥祰Ⱒ氠湩⁥㔱ⰱ椠⁮潣潲਍††睡楡⁴敳晬愮灰猨潣数‬敲散癩彥牯摟獩潣湮捥ⱴ猠湥彤潮敟牲牯ഩ 䘠汩⁥䌢尺獕牥屳整档屡灁䑰瑡屡潌慣屬牐杯慲獭停瑹潨屮祐桴湯ㄳ尲楌屢楳整瀭捡慫敧屳瑳牡敬瑴履業摤敬慷敲扜獡⹥祰Ⱒ氠湩⁥㠱ⰹ椠⁮彟慣汬彟਍††楷桴挠汯慬獰彥硥杣潲灵⡳㨩਍†楆敬∠㩃啜敳獲瑜捥慨䅜灰慄慴䱜捯污停潲牧浡屳祐桴湯停瑹潨㍮㈱䱜扩捜湯整瑸楬⹢祰Ⱒ氠湩⁥㔱ⰸ椠⁮彟硥瑩彟਍††敳晬朮湥琮牨睯瘨污敵ഩ 䘠汩⁥䌢尺獕牥屳整档屡灁䑰瑡屡潌慣屬牐杯慲獭停瑹潨屮祐桴湯ㄳ尲楌屢楳整瀭捡慫敧屳瑳牡敬瑴履畟楴獬瀮≹‬楬敮㤠ⰳ椠⁮潣汬灡敳敟捸牧畯獰਍††慲獩⁥硥ൣ 䘠汩⁥䌢尺獕牥屳整档屡灁䑰瑡屡潌慣屬牐杯慲獭停瑹潨屮祐桴湯ㄳ尲楌屢楳整瀭捡慫敧屳瑳牡敬瑴履業摤敬慷敲扜獡⹥祰Ⱒ氠湩⁥㤱ⰱ椠⁮彟慣汬彟਍††敲灳湯敳㴠愠慷瑩猠汥⹦楤灳瑡档晟湵⡣敲畱獥ⱴ挠污彬敮瑸ഩ †††††††幞幞幞幞幞幞幞幞幞幞幞幞幞幞幞幞幞幞幞幞幞幞਍†楆敬∠㩃啜敳獲瑜捥慨作敮牄癩履敄歳潴屰慳敬⁳楡瀠慬晴潲屭慢正湥層灡屰業摤敬慷敲獜捥牵瑩⹹祰Ⱒ氠湩⁥㌲ⰳ椠⁮楤灳瑡档਍††敲灳湯敳㴠愠慷瑩挠污彬敮瑸爨煥敵瑳ഩ †††††††幞幞幞幞幞幞幞幞幞幞幞幞਍†楆敬∠㩃啜敳獲瑜捥慨䅜灰慄慴䱜捯污停潲牧浡屳祐桴湯停瑹潨㍮㈱䱜扩獜瑩ⵥ慰正条獥獜慴汲瑥整浜摩汤睥牡履慢敳瀮≹‬楬敮ㄠ㔶‬湩挠污彬敮瑸਍††慲獩⁥灡彰硥ൣ 䘠汩⁥䌢尺獕牥屳整档屡灁䑰瑡屡潌慣屬牐杯慲獭停瑹潨屮祐桴湯ㄳ尲楌屢楳整瀭捡慫敧屳瑳牡敬瑴履業摤敬慷敲扜獡⹥祰Ⱒ氠湩⁥㔱ⰱ椠⁮潣潲਍††睡楡⁴敳晬愮灰猨潣数‬敲散癩彥牯摟獩潣湮捥ⱴ猠湥彤潮敟牲牯ഩ 䘠汩⁥䌢尺獕牥屳整档屡灁䑰瑡屡潌慣屬牐杯慲獭停瑹潨屮祐桴湯ㄳ尲楌屢楳整瀭捡慫敧屳瑳牡敬瑴履業摤敬慷敲扜獡⹥祰Ⱒ氠湩⁥㠱ⰹ椠⁮彟慣汬彟਍††楷桴挠汯慬獰彥硥杣潲灵⡳㨩਍†楆敬∠㩃啜敳獲瑜捥慨䅜灰慄慴䱜捯污停潲牧浡屳祐桴湯停瑹潨㍮㈱䱜扩捜湯整瑸楬⹢祰Ⱒ氠湩⁥㔱ⰸ椠⁮彟硥瑩彟਍††敳晬朮湥琮牨睯瘨污敵ഩ 䘠汩⁥䌢尺獕牥屳整档屡灁䑰瑡屡潌慣屬牐杯慲獭停瑹潨屮祐桴湯ㄳ尲楌屢楳整瀭捡慫敧屳瑳牡敬瑴履畟楴獬瀮≹‬楬敮㤠ⰳ椠⁮潣汬灡敳敟捸牧畯獰਍††慲獩⁥硥ൣ 䘠汩⁥䌢尺獕牥屳整档屡灁䑰瑡屡潌慣屬牐杯慲獭停瑹潨屮祐桴湯ㄳ尲楌屢楳整瀭捡慫敧屳瑳牡敬瑴履業摤敬慷敲扜獡⹥祰Ⱒ氠湩⁥㤱ⰱ椠⁮彟慣汬彟਍††敲灳湯敳㴠愠慷瑩猠汥⹦楤灳瑡档晟湵⡣敲畱獥ⱴ挠污彬敮瑸ഩ †††††††幞幞幞幞幞幞幞幞幞幞幞幞幞幞幞幞幞幞幞幞幞幞਍†楆敬∠㩃啜敳獲瑜捥慨作敮牄癩履敄歳潴屰慳敬⁳楡瀠慬晴潲屭慢正湥層灡屰業摤敬慷敲獜捥牵瑩⹹祰Ⱒ氠湩⁥ㄲⰸ椠⁮楤灳瑡档਍††敲灳湯敳㴠愠慷瑩挠污彬敮瑸爨煥敵瑳ഩ †††††††幞幞幞幞幞幞幞幞幞幞幞幞਍†楆敬∠㩃啜敳獲瑜捥慨䅜灰慄慴䱜捯污停潲牧浡屳祐桴湯停瑹潨㍮㈱䱜扩獜瑩ⵥ慰正条獥獜慴汲瑥整浜摩汤睥牡履慢敳瀮≹‬楬敮ㄠ㔶‬湩挠污彬敮瑸਍††慲獩⁥灡彰硥ൣ 䘠汩⁥䌢尺獕牥屳整档屡灁䑰瑡屡潌慣屬牐杯慲獭停瑹潨屮祐桴湯ㄳ尲楌屢楳整瀭捡慫敧屳瑳牡敬瑴履業摤敬慷敲扜獡⹥祰Ⱒ氠湩⁥㔱ⰱ椠⁮潣潲਍††睡楡⁴敳晬愮灰猨潣数‬敲散癩彥牯摟獩潣湮捥ⱴ猠湥彤潮敟牲牯ഩ 䘠汩⁥䌢尺獕牥屳整档屡灁䑰瑡屡潌慣屬牐杯慲獭停瑹潨屮祐桴湯ㄳ尲楌屢楳整瀭捡慫敧屳瑳牡敬瑴履業摤敬慷敲扜獡⹥祰Ⱒ氠湩⁥㠱ⰹ椠⁮彟慣汬彟਍††楷桴挠汯慬獰彥硥杣潲灵⡳㨩਍†楆敬∠㩃啜敳獲瑜捥慨䅜灰慄慴䱜捯污停潲牧浡屳祐桴湯停瑹潨㍮㈱䱜扩捜湯整瑸楬⹢祰Ⱒ氠湩⁥㔱ⰸ椠⁮彟硥瑩彟਍††敳晬朮湥琮牨睯瘨污敵ഩ 䘠汩⁥䌢尺獕牥屳整档屡灁䑰瑡屡潌慣屬牐杯慲獭停瑹潨屮祐桴湯ㄳ尲楌屢楳整瀭捡慫敧屳瑳牡敬瑴履畟楴獬瀮≹‬楬敮㤠ⰳ椠⁮潣汬灡敳敟捸牧畯獰਍††慲獩⁥硥ൣ 䘠汩⁥䌢尺獕牥屳整档屡灁䑰瑡屡潌慣屬牐杯慲獭停瑹潨屮祐桴湯ㄳ尲楌屢楳整瀭捡慫敧屳瑳牡敬瑴履業摤敬慷敲扜獡⹥祰Ⱒ氠湩⁥㤱ⰱ椠⁮彟慣汬彟਍††敲灳湯敳㴠愠慷瑩猠汥⹦楤灳瑡档晟湵⡣敲畱獥ⱴ挠污彬敮瑸ഩ †††††††幞幞幞幞幞幞幞幞幞幞幞幞幞幞幞幞幞幞幞幞幞幞਍†楆敬∠㩃啜敳獲瑜捥慨作敮牄癩履敄歳潴屰慳敬⁳楡瀠慬晴潲屭慢正湥層灡屰業摤敬慷敲瑜湥湡彴湥潦捲浥湥⹴祰Ⱒ氠湩⁥㠵‬湩搠獩慰捴൨ †爠瑥牵⁮睡楡⁴慣汬湟硥⡴敲畱獥⥴਍†††††帠幞幞幞幞幞幞幞幞幞幞幞൞ 䘠汩⁥䌢尺獕牥屳整档屡灁䑰瑡屡潌慣屬牐杯慲獭停瑹潨屮祐桴湯ㄳ尲楌屢楳整瀭捡慫敧屳瑳牡敬瑴履業摤敬慷敲扜獡⹥祰Ⱒ氠湩⁥㘱ⰵ椠⁮慣汬湟硥൴ †爠楡敳愠灰敟捸਍†楆敬∠㩃啜敳獲瑜捥慨䅜灰慄慴䱜捯污停潲牧浡屳祐桴湯停瑹潨㍮㈱䱜扩獜瑩ⵥ慰正条獥獜慴汲瑥整浜摩汤睥牡履慢敳瀮≹‬楬敮ㄠㄵ‬湩挠牯൯ †愠慷瑩猠汥⹦灡⡰捳灯ⱥ爠捥楥敶潟彲楤捳湯敮瑣‬敳摮湟彯牥潲⥲਍†楆敬∠㩃啜敳獲瑜捥慨䅜灰慄慴䱜捯污停潲牧浡屳祐桴湯停瑹潨㍮㈱䱜扩獜瑩ⵥ慰正条獥獜慴汲瑥整浜摩汤睥牡履潣獲瀮≹‬楬敮㠠ⰵ椠⁮彟慣汬彟਍††睡楡⁴敳晬愮灰猨潣数‬敲散癩ⱥ猠湥⥤਍†楆敬∠㩃啜敳獲瑜捥慨䅜灰慄慴䱜捯污停潲牧浡屳祐桴湯停瑹潨㍮㈱䱜扩獜瑩ⵥ慰正条獥獜慴汲瑥整浜摩汤睥牡履硥散瑰潩獮瀮≹‬楬敮㘠ⰵ椠⁮彟慣汬彟਍††睡楡⁴牷灡慟灰桟湡汤湩彧硥散瑰潩獮猨汥⹦灡Ɒ挠湯⥮猨潣数‬敲散癩ⱥ猠湥⥤਍†楆敬∠㩃啜敳獲瑜捥慨䅜灰慄慴䱜捯污停潲牧浡屳祐桴湯停瑹潨㍮㈱䱜扩獜瑩ⵥ慰正条獥獜慴汲瑥整彜硥散瑰潩彮慨摮敬⹲祰Ⱒ氠湩⁥㐶‬湩眠慲灰摥慟灰਍††慲獩⁥硥ൣ 䘠汩⁥䌢尺獕牥屳整档屡灁䑰瑡屡潌慣屬牐杯慲獭停瑹潨屮祐桴湯ㄳ尲楌屢楳整瀭捡慫敧屳瑳牡敬瑴履敟捸灥楴湯桟湡汤牥瀮≹‬楬敮㔠ⰳ椠⁮牷灡数彤灡൰ †愠慷瑩愠灰猨潣数‬敲散癩ⱥ猠湥敤⥲਍†楆敬∠㩃啜敳獲瑜捥慨䅜灰慄慴䱜捯污停潲牧浡屳祐桴湯停瑹潨㍮㈱䱜扩獜瑩ⵥ慰正条獥獜慴汲瑥整牜畯楴杮瀮≹‬楬敮㜠㘵‬湩张损污彬ൟ †愠慷瑩猠汥⹦業摤敬慷敲獟慴正猨潣数‬敲散癩ⱥ猠湥⥤਍†楆敬∠㩃啜敳獲瑜捥慨䅜灰慄慴䱜捯污停潲牧浡屳祐桴湯停瑹潨㍮㈱䱜扩獜瑩ⵥ慰正条獥獜慴汲瑥整牜畯楴杮瀮≹‬楬敮㜠㘷‬湩愠灰਍††睡楡⁴潲瑵⹥慨摮敬猨潣数‬敲散癩ⱥ猠湥⥤਍†楆敬∠㩃啜敳獲瑜捥慨䅜灰慄慴䱜捯污停潲牧浡屳祐桴湯停瑹潨㍮㈱䱜扩獜瑩ⵥ慰正条獥獜慴汲瑥整牜畯楴杮瀮≹‬楬敮㈠㜹‬湩栠湡汤൥ †愠慷瑩猠汥⹦灡⡰捳灯ⱥ爠捥楥敶‬敳摮ഩ 䘠汩⁥䌢尺獕牥屳整档屡灁䑰瑡屡潌慣屬牐杯慲獭停瑹潨屮祐桴湯ㄳ尲楌屢楳整瀭捡慫敧屳瑳牡敬瑴履潲瑵湩⹧祰Ⱒ氠湩⁥㜷‬湩愠灰਍††睡楡⁴牷灡慟灰桟湡汤湩彧硥散瑰潩獮愨灰‬敲畱獥⥴猨潣数‬敲散癩ⱥ猠湥⥤਍†楆敬∠㩃啜敳獲瑜捥慨䅜灰慄慴䱜捯污停潲牧浡屳祐桴湯停瑹潨㍮㈱䱜扩獜瑩ⵥ慰正条獥獜慴汲瑥整彜硥散瑰潩彮慨摮敬⹲祰Ⱒ氠湩⁥㐶‬湩眠慲灰摥慟灰਍††慲獩⁥硥ൣ 䘠汩⁥䌢尺獕牥屳整档屡灁䑰瑡屡潌慣屬牐杯慲獭停瑹潨屮祐桴湯ㄳ尲楌屢楳整瀭捡慫敧屳瑳牡敬瑴履敟捸灥楴湯桟湡汤牥瀮≹‬楬敮㔠ⰳ椠⁮牷灡数彤灡൰ †愠慷瑩愠灰猨潣数‬敲散癩ⱥ猠湥敤⥲਍†楆敬∠㩃啜敳獲瑜捥慨䅜灰慄慴䱜捯污停潲牧浡屳祐桴湯停瑹潨㍮㈱䱜扩獜瑩ⵥ慰正条獥獜慴汲瑥整牜畯楴杮瀮≹‬楬敮㜠ⰲ椠⁮灡൰ †爠獥潰獮⁥‽睡楡⁴畦据爨煥敵瑳ഩ †††††††幞幞幞幞幞幞幞幞幞൞ 䘠汩⁥䌢尺獕牥屳整档屡灁䑰瑡屡潌慣屬牐杯慲獭停瑹潨屮祐桴湯ㄳ尲楌屢楳整瀭捡慫敧屳慦瑳灡屩潲瑵湩⹧祰Ⱒ氠湩⁥㜲ⰸ椠⁮灡൰ †爠睡牟獥潰獮⁥‽睡楡⁴畲彮湥灤楯瑮晟湵瑣潩⡮਍†††††††††帠幞幞幞幞幞幞幞幞幞幞幞幞幞൞ 䘠汩⁥䌢尺獕牥屳整档屡灁䑰瑡屡潌慣屬牐杯慲獭停瑹潨屮祐桴湯ㄳ尲楌屢楳整瀭捡慫敧屳慦瑳灡屩潲瑵湩⹧祰Ⱒ氠湩⁥㤱ⰱ椠⁮畲彮湥灤楯瑮晟湵瑣潩൮ †爠瑥牵⁮睡楡⁴敤数摮湡⹴慣汬⨨瘪污敵⥳਍†††††帠幞幞幞幞幞幞幞幞幞幞幞幞幞幞൞ 䘠汩⁥䌢尺獕牥屳整档屡湏䑥楲敶䑜獥瑫灯獜污獥愠⁩汰瑡牦浯扜捡敫摮慜灰牜畯整屳業獳湩彧潲瑵獥瀮≹‬楬敮ㄠ㄰ⰲ椠⁮牣慥整桟彲浥汰祯敥਍††扤煟敵祲ന 䘠汩⁥䌢尺獕牥屳整档屡湏䑥楲敶䑜獥瑫灯獜污獥愠⁩汰瑡牦浯扜捡敫摮慜灰牜畯整屳業獳湩彧潲瑵獥瀮≹‬楬敮㜠ⰷ椠⁮扤煟敵祲਍††慲獩⁥൥ 䘠汩⁥䌢尺獕牥屳整档屡湏䑥楲敶䑜獥瑫灯獜污獥愠⁩汰瑡牦浯扜捡敫摮慜灰牜畯整屳業獳湩彧潲瑵獥瀮≹‬楬敮㜠ⰰ椠⁮扤煟敵祲਍††畣⹲硥捥瑵⡥畱牥ⱹ愠杲⥳਍煳楬整⸳灏牥瑡潩慮䕬牲牯›潮猠捵⁨慴汢㩥攠灭潬敹獥਍਍